2026-05-11 06:15:54,362 [Trainer] :: Training run initialized at /ceph/home/student.aau.dk/qd36zu/fuzzy-p10/tbd/masking/outputs/runs/rgb_real_msi_segformer_b1_fuzzy_halo_seed44_20260511T041553Z
2026-05-11 06:15:54,362 [Trainer] :: Loaded config from /ceph/home/student.aau.dk/qd36zu/fuzzy-p10/tbd/masking/configs/fuzzy/rgb_real_msi_segformer_b1.yaml
2026-05-11 06:15:54,362 [Trainer] :: Using seed=44 and device=None
2026-05-11 06:15:54,363 [Trainer] :: Using model architecture=Segformer encoder=mit_b1 encoder_weights=imagenet
2026-05-11 06:15:54,727 [Trainer] :: Resolved runtime device to cuda
2026-05-11 06:15:54,727 [Trainer] :: Prepared normalization from source=train_split_patch_stats
2026-05-11 06:16:21,328 [Trainer] :: Built dataloaders with batch_size=16, num_workers=0
2026-05-11 06:16:21,335 [Trainer] :: Starting epoch 1
2026-05-11 06:35:45,842 [Trainer] :: Completed epoch 1: train_loss=0.333890 train_iou=0.718828 val_loss=0.329853 val_iou=0.583479 lr=0.00010000
2026-05-11 06:35:48,643 [Trainer] :: Updated latest checkpoint at epoch 1
2026-05-11 06:35:49,088 [Trainer] :: New best checkpoint saved with val_iou=0.583479
2026-05-11 06:35:49,089 [Trainer] :: Starting epoch 2
2026-05-11 06:51:06,387 [Trainer] :: Completed epoch 2: train_loss=0.262677 train_iou=0.781954 val_loss=0.488935 val_iou=0.497448 lr=0.00009999
2026-05-11 06:51:07,245 [Trainer] :: Updated latest checkpoint at epoch 2
2026-05-11 06:51:07,245 [Trainer] :: No validation IoU improvement for 1 epoch(s)
2026-05-11 06:51:07,245 [Trainer] :: Starting epoch 3
2026-05-11 07:07:31,792 [Trainer] :: Completed epoch 3: train_loss=0.250246 train_iou=0.792335 val_loss=0.320314 val_iou=0.634502 lr=0.00009998
2026-05-11 07:07:32,184 [Trainer] :: Updated latest checkpoint at epoch 3
2026-05-11 07:07:32,578 [Trainer] :: New best checkpoint saved with val_iou=0.634502
2026-05-11 07:07:32,578 [Trainer] :: Starting epoch 4
2026-05-11 07:15:37,454 [Trainer] :: Completed epoch 4: train_loss=0.237309 train_iou=0.802874 val_loss=0.289385 val_iou=0.660398 lr=0.00009996
2026-05-11 07:15:39,209 [Trainer] :: Updated latest checkpoint at epoch 4
2026-05-11 07:15:39,583 [Trainer] :: New best checkpoint saved with val_iou=0.660398
2026-05-11 07:15:39,583 [Trainer] :: Starting epoch 5
2026-05-11 07:22:29,049 [Trainer] :: Completed epoch 5: train_loss=0.226449 train_iou=0.813607 val_loss=0.267406 val_iou=0.673433 lr=0.00009993
2026-05-11 07:22:29,327 [Trainer] :: Updated latest checkpoint at epoch 5
2026-05-11 07:22:29,759 [Trainer] :: New best checkpoint saved with val_iou=0.673433
2026-05-11 07:22:29,759 [Trainer] :: Starting epoch 6
2026-05-11 07:29:23,984 [Trainer] :: Completed epoch 6: train_loss=0.215440 train_iou=0.822214 val_loss=0.275188 val_iou=0.626361 lr=0.00009990
2026-05-11 07:29:24,267 [Trainer] :: Updated latest checkpoint at epoch 6
2026-05-11 07:29:24,267 [Trainer] :: No validation IoU improvement for 1 epoch(s)
2026-05-11 07:29:24,267 [Trainer] :: Starting epoch 7
2026-05-11 07:37:27,015 [Trainer] :: Completed epoch 7: train_loss=0.210597 train_iou=0.824671 val_loss=0.269407 val_iou=0.667875 lr=0.00009987
2026-05-11 07:37:27,256 [Trainer] :: Updated latest checkpoint at epoch 7
2026-05-11 07:37:27,257 [Trainer] :: No validation IoU improvement for 2 epoch(s)
2026-05-11 07:37:27,257 [Trainer] :: Starting epoch 8
2026-05-11 07:44:57,115 [Trainer] :: Completed epoch 8: train_loss=0.204451 train_iou=0.831146 val_loss=0.275535 val_iou=0.601961 lr=0.00009983
2026-05-11 07:44:57,355 [Trainer] :: Updated latest checkpoint at epoch 8
2026-05-11 07:44:57,355 [Trainer] :: No validation IoU improvement for 3 epoch(s)
2026-05-11 07:44:57,355 [Trainer] :: Starting epoch 9
2026-05-11 07:52:19,763 [Trainer] :: Completed epoch 9: train_loss=0.198551 train_iou=0.834302 val_loss=0.307696 val_iou=0.576702 lr=0.00009978
2026-05-11 07:52:20,009 [Trainer] :: Updated latest checkpoint at epoch 9
2026-05-11 07:52:20,009 [Trainer] :: No validation IoU improvement for 4 epoch(s)
2026-05-11 07:52:20,009 [Trainer] :: Starting epoch 10
2026-05-11 08:00:07,499 [Trainer] :: Completed epoch 10: train_loss=0.196233 train_iou=0.836962 val_loss=0.268492 val_iou=0.619634 lr=0.00009973
2026-05-11 08:00:07,714 [Trainer] :: Updated latest checkpoint at epoch 10
2026-05-11 08:00:07,715 [Trainer] :: No validation IoU improvement for 5 epoch(s)
2026-05-11 08:00:07,715 [Trainer] :: Starting epoch 11
2026-05-11 08:07:00,726 [Trainer] :: Completed epoch 11: train_loss=0.190540 train_iou=0.837584 val_loss=0.274839 val_iou=0.665514 lr=0.00009967
2026-05-11 08:07:01,088 [Trainer] :: Updated latest checkpoint at epoch 11
2026-05-11 08:07:01,088 [Trainer] :: No validation IoU improvement for 6 epoch(s)
2026-05-11 08:07:01,089 [Trainer] :: Starting epoch 12
2026-05-11 08:14:44,581 [Trainer] :: Completed epoch 12: train_loss=0.179021 train_iou=0.843963 val_loss=0.302810 val_iou=0.622262 lr=0.00009961
2026-05-11 08:14:44,810 [Trainer] :: Updated latest checkpoint at epoch 12
2026-05-11 08:14:44,810 [Trainer] :: No validation IoU improvement for 7 epoch(s)
2026-05-11 08:14:44,810 [Trainer] :: Starting epoch 13
2026-05-11 08:21:34,415 [Trainer] :: Completed epoch 13: train_loss=0.174554 train_iou=0.844237 val_loss=0.273067 val_iou=0.666336 lr=0.00009954
2026-05-11 08:21:34,631 [Trainer] :: Updated latest checkpoint at epoch 13
2026-05-11 08:21:34,631 [Trainer] :: No validation IoU improvement for 8 epoch(s)
2026-05-11 08:21:34,631 [Trainer] :: Starting epoch 14
2026-05-11 08:29:33,649 [Trainer] :: Completed epoch 14: train_loss=0.178781 train_iou=0.841404 val_loss=0.285774 val_iou=0.591754 lr=0.00009947
2026-05-11 08:29:33,878 [Trainer] :: Updated latest checkpoint at epoch 14
2026-05-11 08:29:33,878 [Trainer] :: No validation IoU improvement for 9 epoch(s)
2026-05-11 08:29:33,878 [Trainer] :: Starting epoch 15
2026-05-11 08:36:55,094 [Trainer] :: Completed epoch 15: train_loss=0.168788 train_iou=0.846465 val_loss=0.270729 val_iou=0.643058 lr=0.00009939
2026-05-11 08:36:55,377 [Trainer] :: Updated latest checkpoint at epoch 15
2026-05-11 08:36:55,378 [Trainer] :: No validation IoU improvement for 10 epoch(s)
2026-05-11 08:36:55,378 [Trainer] :: Starting epoch 16
2026-05-11 08:45:19,615 [Trainer] :: Completed epoch 16: train_loss=0.161638 train_iou=0.852480 val_loss=0.272341 val_iou=0.647575 lr=0.00009931
2026-05-11 08:45:19,864 [Trainer] :: Updated latest checkpoint at epoch 16
2026-05-11 08:45:19,864 [Trainer] :: No validation IoU improvement for 11 epoch(s)
2026-05-11 08:45:19,864 [Trainer] :: Starting epoch 17
2026-05-11 08:53:00,069 [Trainer] :: Completed epoch 17: train_loss=0.159850 train_iou=0.856550 val_loss=0.280881 val_iou=0.664387 lr=0.00009922
2026-05-11 08:53:00,306 [Trainer] :: Updated latest checkpoint at epoch 17
2026-05-11 08:53:00,306 [Trainer] :: No validation IoU improvement for 12 epoch(s)
2026-05-11 08:53:00,306 [Trainer] :: Starting epoch 18
2026-05-11 09:00:26,082 [Trainer] :: Completed epoch 18: train_loss=0.157533 train_iou=0.855099 val_loss=0.266295 val_iou=0.655005 lr=0.00009912
2026-05-11 09:00:26,343 [Trainer] :: Updated latest checkpoint at epoch 18
2026-05-11 09:00:26,343 [Trainer] :: No validation IoU improvement for 13 epoch(s)
2026-05-11 09:00:26,343 [Trainer] :: Starting epoch 19
2026-05-11 09:07:50,850 [Trainer] :: Completed epoch 19: train_loss=0.150910 train_iou=0.859798 val_loss=0.257648 val_iou=0.681868 lr=0.00009902
2026-05-11 09:07:51,370 [Trainer] :: Updated latest checkpoint at epoch 19
2026-05-11 09:07:51,680 [Trainer] :: New best checkpoint saved with val_iou=0.681868
2026-05-11 09:07:51,680 [Trainer] :: Starting epoch 20
2026-05-11 09:15:33,390 [Trainer] :: Completed epoch 20: train_loss=0.151453 train_iou=0.859837 val_loss=0.271854 val_iou=0.669420 lr=0.00009892
2026-05-11 09:15:33,633 [Trainer] :: Updated latest checkpoint at epoch 20
2026-05-11 09:15:33,634 [Trainer] :: No validation IoU improvement for 1 epoch(s)
2026-05-11 09:15:33,634 [Trainer] :: Starting epoch 21
2026-05-11 09:23:41,315 [Trainer] :: Completed epoch 21: train_loss=0.150760 train_iou=0.861478 val_loss=0.257707 val_iou=0.685218 lr=0.00009881
2026-05-11 09:23:41,569 [Trainer] :: Updated latest checkpoint at epoch 21
2026-05-11 09:23:41,890 [Trainer] :: New best checkpoint saved with val_iou=0.685218
2026-05-11 09:23:41,890 [Trainer] :: Starting epoch 22
2026-05-11 09:32:29,676 [Trainer] :: Completed epoch 22: train_loss=0.147918 train_iou=0.866134 val_loss=0.282256 val_iou=0.642185 lr=0.00009869
2026-05-11 09:32:29,994 [Trainer] :: Updated latest checkpoint at epoch 22
2026-05-11 09:32:29,994 [Trainer] :: No validation IoU improvement for 1 epoch(s)
2026-05-11 09:32:29,994 [Trainer] :: Starting epoch 23
2026-05-11 09:43:05,032 [Trainer] :: Completed epoch 23: train_loss=0.142711 train_iou=0.863132 val_loss=0.270071 val_iou=0.671047 lr=0.00009857
2026-05-11 09:43:05,258 [Trainer] :: Updated latest checkpoint at epoch 23
2026-05-11 09:43:05,258 [Trainer] :: No validation IoU improvement for 2 epoch(s)
2026-05-11 09:43:05,258 [Trainer] :: Starting epoch 24
2026-05-11 09:53:17,675 [Trainer] :: Completed epoch 24: train_loss=0.140368 train_iou=0.869947 val_loss=0.258304 val_iou=0.664574 lr=0.00009844
2026-05-11 09:53:18,031 [Trainer] :: Updated latest checkpoint at epoch 24
2026-05-11 09:53:18,031 [Trainer] :: No validation IoU improvement for 3 epoch(s)
2026-05-11 09:53:18,032 [Trainer] :: Starting epoch 25
2026-05-11 10:00:59,406 [Trainer] :: Completed epoch 25: train_loss=0.136779 train_iou=0.872992 val_loss=0.290538 val_iou=0.669994 lr=0.00009831
2026-05-11 10:00:59,646 [Trainer] :: Updated latest checkpoint at epoch 25
2026-05-11 10:00:59,646 [Trainer] :: No validation IoU improvement for 4 epoch(s)
2026-05-11 10:00:59,646 [Trainer] :: Starting epoch 26
2026-05-11 10:10:40,506 [Trainer] :: Completed epoch 26: train_loss=0.132906 train_iou=0.876587 val_loss=0.284759 val_iou=0.621674 lr=0.00009818
2026-05-11 10:10:40,822 [Trainer] :: Updated latest checkpoint at epoch 26
2026-05-11 10:10:40,822 [Trainer] :: No validation IoU improvement for 5 epoch(s)
2026-05-11 10:10:40,822 [Trainer] :: Starting epoch 27
2026-05-11 10:18:09,320 [Trainer] :: Completed epoch 27: train_loss=0.138355 train_iou=0.870808 val_loss=0.315887 val_iou=0.573754 lr=0.00009803
2026-05-11 10:18:09,564 [Trainer] :: Updated latest checkpoint at epoch 27
2026-05-11 10:18:09,564 [Trainer] :: No validation IoU improvement for 6 epoch(s)
2026-05-11 10:18:09,564 [Trainer] :: Starting epoch 28
2026-05-11 10:25:52,280 [Trainer] :: Completed epoch 28: train_loss=0.130746 train_iou=0.874422 val_loss=0.280417 val_iou=0.620096 lr=0.00009789
2026-05-11 10:25:52,699 [Trainer] :: Updated latest checkpoint at epoch 28
2026-05-11 10:25:52,700 [Trainer] :: No validation IoU improvement for 7 epoch(s)
2026-05-11 10:25:52,700 [Trainer] :: Starting epoch 29
2026-05-11 10:33:46,967 [Trainer] :: Completed epoch 29: train_loss=0.125959 train_iou=0.879457 val_loss=0.277338 val_iou=0.633629 lr=0.00009773
2026-05-11 10:33:47,184 [Trainer] :: Updated latest checkpoint at epoch 29
2026-05-11 10:33:47,184 [Trainer] :: No validation IoU improvement for 8 epoch(s)
2026-05-11 10:33:47,184 [Trainer] :: Starting epoch 30
2026-05-11 10:42:37,157 [Trainer] :: Completed epoch 30: train_loss=0.128407 train_iou=0.879272 val_loss=0.268119 val_iou=0.659819 lr=0.00009758
2026-05-11 10:42:37,420 [Trainer] :: Updated latest checkpoint at epoch 30
2026-05-11 10:42:37,420 [Trainer] :: No validation IoU improvement for 9 epoch(s)
2026-05-11 10:42:37,420 [Trainer] :: Starting epoch 31
2026-05-11 10:52:38,856 [Trainer] :: Completed epoch 31: train_loss=0.125311 train_iou=0.881519 val_loss=0.279988 val_iou=0.652499 lr=0.00009741
2026-05-11 10:52:39,284 [Trainer] :: Updated latest checkpoint at epoch 31
2026-05-11 10:52:39,284 [Trainer] :: No validation IoU improvement for 10 epoch(s)
2026-05-11 10:52:39,284 [Trainer] :: Starting epoch 32
2026-05-11 11:02:14,965 [Trainer] :: Completed epoch 32: train_loss=0.120924 train_iou=0.885238 val_loss=0.284409 val_iou=0.658688 lr=0.00009725
2026-05-11 11:02:15,281 [Trainer] :: Updated latest checkpoint at epoch 32
2026-05-11 11:02:15,281 [Trainer] :: No validation IoU improvement for 11 epoch(s)
2026-05-11 11:02:15,281 [Trainer] :: Starting epoch 33
2026-05-11 11:09:17,573 [Trainer] :: Completed epoch 33: train_loss=0.121406 train_iou=0.884788 val_loss=0.279009 val_iou=0.646430 lr=0.00009707
2026-05-11 11:09:17,781 [Trainer] :: Updated latest checkpoint at epoch 33
2026-05-11 11:09:17,781 [Trainer] :: No validation IoU improvement for 12 epoch(s)
2026-05-11 11:09:17,781 [Trainer] :: Starting epoch 34
2026-05-11 11:16:31,286 [Trainer] :: Completed epoch 34: train_loss=0.118787 train_iou=0.886046 val_loss=0.280664 val_iou=0.659906 lr=0.00009690
2026-05-11 11:16:32,235 [Trainer] :: Updated latest checkpoint at epoch 34
2026-05-11 11:16:32,236 [Trainer] :: No validation IoU improvement for 13 epoch(s)
2026-05-11 11:16:32,236 [Trainer] :: Starting epoch 35
2026-05-11 11:24:15,212 [Trainer] :: Completed epoch 35: train_loss=0.115847 train_iou=0.890695 val_loss=0.285450 val_iou=0.656300 lr=0.00009671
2026-05-11 11:24:15,465 [Trainer] :: Updated latest checkpoint at epoch 35
2026-05-11 11:24:15,465 [Trainer] :: No validation IoU improvement for 14 epoch(s)
2026-05-11 11:24:15,465 [Trainer] :: Starting epoch 36
2026-05-11 11:30:50,595 [Trainer] :: Completed epoch 36: train_loss=0.114710 train_iou=0.890758 val_loss=0.286551 val_iou=0.651774 lr=0.00009652
2026-05-11 11:30:50,823 [Trainer] :: Updated latest checkpoint at epoch 36
2026-05-11 11:30:50,823 [Trainer] :: No validation IoU improvement for 15 epoch(s)
2026-05-11 11:30:50,823 [Trainer] :: Starting epoch 37
2026-05-11 11:38:14,535 [Trainer] :: Completed epoch 37: train_loss=0.111921 train_iou=0.891876 val_loss=0.290172 val_iou=0.633577 lr=0.00009633
2026-05-11 11:38:14,965 [Trainer] :: Updated latest checkpoint at epoch 37
2026-05-11 11:38:14,965 [Trainer] :: No validation IoU improvement for 16 epoch(s)
2026-05-11 11:38:14,966 [Trainer] :: Starting epoch 38
2026-05-11 11:45:15,317 [Trainer] :: Completed epoch 38: train_loss=0.111695 train_iou=0.894278 val_loss=0.305886 val_iou=0.611428 lr=0.00009613
2026-05-11 11:45:15,547 [Trainer] :: Updated latest checkpoint at epoch 38
2026-05-11 11:45:15,547 [Trainer] :: No validation IoU improvement for 17 epoch(s)
2026-05-11 11:45:15,547 [Trainer] :: Starting epoch 39
2026-05-11 11:56:24,426 [Trainer] :: Completed epoch 39: train_loss=0.111361 train_iou=0.893747 val_loss=0.283100 val_iou=0.656067 lr=0.00009593
2026-05-11 11:56:24,707 [Trainer] :: Updated latest checkpoint at epoch 39
2026-05-11 11:56:24,708 [Trainer] :: No validation IoU improvement for 18 epoch(s)
2026-05-11 11:56:24,708 [Trainer] :: Starting epoch 40
2026-05-11 12:05:55,131 [Trainer] :: Completed epoch 40: train_loss=0.109777 train_iou=0.893632 val_loss=0.298949 val_iou=0.636834 lr=0.00009572
2026-05-11 12:05:55,370 [Trainer] :: Updated latest checkpoint at epoch 40
2026-05-11 12:05:55,370 [Trainer] :: No validation IoU improvement for 19 epoch(s)
2026-05-11 12:05:55,370 [Trainer] :: Starting epoch 41
2026-05-11 12:14:15,654 [Trainer] :: Completed epoch 41: train_loss=0.106310 train_iou=0.897378 val_loss=0.288566 val_iou=0.642509 lr=0.00009551
2026-05-11 12:14:15,889 [Trainer] :: Updated latest checkpoint at epoch 41
2026-05-11 12:14:15,889 [Trainer] :: No validation IoU improvement for 20 epoch(s)
2026-05-11 12:14:15,889 [Trainer] :: Starting epoch 42
2026-05-11 12:21:24,950 [Trainer] :: Completed epoch 42: train_loss=0.107293 train_iou=0.896864 val_loss=0.292336 val_iou=0.640012 lr=0.00009529
2026-05-11 12:21:25,353 [Trainer] :: Updated latest checkpoint at epoch 42
2026-05-11 12:21:25,353 [Trainer] :: No validation IoU improvement for 21 epoch(s)
2026-05-11 12:21:25,353 [Trainer] :: Starting epoch 43
2026-05-11 12:28:32,098 [Trainer] :: Completed epoch 43: train_loss=0.105558 train_iou=0.900155 val_loss=0.306552 val_iou=0.619983 lr=0.00009507
2026-05-11 12:28:32,587 [Trainer] :: Updated latest checkpoint at epoch 43
2026-05-11 12:28:32,587 [Trainer] :: No validation IoU improvement for 22 epoch(s)
2026-05-11 12:28:32,587 [Trainer] :: Starting epoch 44
2026-05-11 12:36:42,861 [Trainer] :: Completed epoch 44: train_loss=0.106826 train_iou=0.898806 val_loss=0.307222 val_iou=0.631012 lr=0.00009484
2026-05-11 12:36:43,076 [Trainer] :: Updated latest checkpoint at epoch 44
2026-05-11 12:36:43,076 [Trainer] :: No validation IoU improvement for 23 epoch(s)
2026-05-11 12:36:43,076 [Trainer] :: Starting epoch 45
2026-05-11 12:43:40,659 [Trainer] :: Completed epoch 45: train_loss=0.105172 train_iou=0.898626 val_loss=0.286185 val_iou=0.670255 lr=0.00009460
2026-05-11 12:43:40,897 [Trainer] :: Updated latest checkpoint at epoch 45
2026-05-11 12:43:40,897 [Trainer] :: No validation IoU improvement for 24 epoch(s)
2026-05-11 12:43:40,897 [Trainer] :: Starting epoch 46
2026-05-11 12:50:51,417 [Trainer] :: Completed epoch 46: train_loss=0.105808 train_iou=0.899901 val_loss=0.326254 val_iou=0.620947 lr=0.00009437
2026-05-11 12:50:51,642 [Trainer] :: Updated latest checkpoint at epoch 46
2026-05-11 12:50:51,642 [Trainer] :: No validation IoU improvement for 25 epoch(s)
2026-05-11 12:50:51,642 [Trainer] :: Starting epoch 47
2026-05-11 12:58:45,293 [Trainer] :: Completed epoch 47: train_loss=0.102226 train_iou=0.901113 val_loss=0.298526 val_iou=0.644114 lr=0.00009412
2026-05-11 12:58:45,641 [Trainer] :: Updated latest checkpoint at epoch 47
2026-05-11 12:58:45,642 [Trainer] :: No validation IoU improvement for 26 epoch(s)
2026-05-11 12:58:45,642 [Trainer] :: Starting epoch 48
2026-05-11 13:05:47,787 [Trainer] :: Completed epoch 48: train_loss=0.101384 train_iou=0.901689 val_loss=0.286906 val_iou=0.657005 lr=0.00009388
2026-05-11 13:05:48,044 [Trainer] :: Updated latest checkpoint at epoch 48
2026-05-11 13:05:48,044 [Trainer] :: No validation IoU improvement for 27 epoch(s)
2026-05-11 13:05:48,044 [Trainer] :: Starting epoch 49
2026-05-11 13:12:02,306 [Trainer] :: Completed epoch 49: train_loss=0.099540 train_iou=0.905687 val_loss=0.322549 val_iou=0.611540 lr=0.00009363
2026-05-11 13:12:02,571 [Trainer] :: Updated latest checkpoint at epoch 49
2026-05-11 13:12:02,571 [Trainer] :: No validation IoU improvement for 28 epoch(s)
2026-05-11 13:12:02,571 [Trainer] :: Starting epoch 50
2026-05-11 13:18:52,197 [Trainer] :: Completed epoch 50: train_loss=0.098755 train_iou=0.906124 val_loss=0.317023 val_iou=0.626562 lr=0.00009337
2026-05-11 13:18:53,075 [Trainer] :: Updated latest checkpoint at epoch 50
2026-05-11 13:18:53,075 [Trainer] :: No validation IoU improvement for 29 epoch(s)
2026-05-11 13:18:53,075 [Trainer] :: Starting epoch 51
2026-05-11 13:25:58,724 [Trainer] :: Completed epoch 51: train_loss=0.099458 train_iou=0.904590 val_loss=0.294532 val_iou=0.654481 lr=0.00009311
2026-05-11 13:25:58,946 [Trainer] :: Updated latest checkpoint at epoch 51
2026-05-11 13:25:58,947 [Trainer] :: No validation IoU improvement for 30 epoch(s)
2026-05-11 13:25:58,947 [Trainer] :: Starting epoch 52
2026-05-11 13:32:34,145 [Trainer] :: Completed epoch 52: train_loss=0.097988 train_iou=0.907539 val_loss=0.298838 val_iou=0.663946 lr=0.00009284
2026-05-11 13:32:34,376 [Trainer] :: Updated latest checkpoint at epoch 52
2026-05-11 13:32:34,376 [Trainer] :: No validation IoU improvement for 31 epoch(s)
2026-05-11 13:32:34,376 [Trainer] :: Starting epoch 53
2026-05-11 13:39:34,107 [Trainer] :: Completed epoch 53: train_loss=0.095790 train_iou=0.908969 val_loss=0.325038 val_iou=0.612067 lr=0.00009257
2026-05-11 13:39:34,329 [Trainer] :: Updated latest checkpoint at epoch 53
2026-05-11 13:39:34,329 [Trainer] :: No validation IoU improvement for 32 epoch(s)
2026-05-11 13:39:34,329 [Trainer] :: Starting epoch 54
2026-05-11 13:46:43,819 [Trainer] :: Completed epoch 54: train_loss=0.094984 train_iou=0.908493 val_loss=0.295488 val_iou=0.653331 lr=0.00009229
2026-05-11 13:46:44,062 [Trainer] :: Updated latest checkpoint at epoch 54
2026-05-11 13:46:44,062 [Trainer] :: No validation IoU improvement for 33 epoch(s)
2026-05-11 13:46:44,062 [Trainer] :: Starting epoch 55
2026-05-11 13:53:28,560 [Trainer] :: Completed epoch 55: train_loss=0.094782 train_iou=0.908288 val_loss=0.296917 val_iou=0.644643 lr=0.00009201
2026-05-11 13:53:28,812 [Trainer] :: Updated latest checkpoint at epoch 55
2026-05-11 13:53:28,812 [Trainer] :: No validation IoU improvement for 34 epoch(s)
2026-05-11 13:53:28,812 [Trainer] :: Starting epoch 56
2026-05-11 13:59:42,603 [Trainer] :: Completed epoch 56: train_loss=0.093978 train_iou=0.910526 val_loss=0.346000 val_iou=0.603364 lr=0.00009173
2026-05-11 13:59:42,823 [Trainer] :: Updated latest checkpoint at epoch 56
2026-05-11 13:59:42,823 [Trainer] :: No validation IoU improvement for 35 epoch(s)
2026-05-11 13:59:42,823 [Trainer] :: Starting epoch 57
2026-05-11 14:06:25,220 [Trainer] :: Completed epoch 57: train_loss=0.094349 train_iou=0.910281 val_loss=0.316701 val_iou=0.626550 lr=0.00009144
2026-05-11 14:06:25,448 [Trainer] :: Updated latest checkpoint at epoch 57
2026-05-11 14:06:25,448 [Trainer] :: No validation IoU improvement for 36 epoch(s)
2026-05-11 14:06:25,448 [Trainer] :: Starting epoch 58
2026-05-11 14:13:20,228 [Trainer] :: Completed epoch 58: train_loss=0.090824 train_iou=0.912592 val_loss=0.338891 val_iou=0.601245 lr=0.00009115
2026-05-11 14:13:20,543 [Trainer] :: Updated latest checkpoint at epoch 58
2026-05-11 14:13:20,543 [Trainer] :: No validation IoU improvement for 37 epoch(s)
2026-05-11 14:13:20,543 [Trainer] :: Starting epoch 59
2026-05-11 14:19:37,095 [Trainer] :: Completed epoch 59: train_loss=0.091473 train_iou=0.911593 val_loss=0.343106 val_iou=0.595259 lr=0.00009085
2026-05-11 14:19:37,304 [Trainer] :: Updated latest checkpoint at epoch 59
2026-05-11 14:19:37,304 [Trainer] :: No validation IoU improvement for 38 epoch(s)
2026-05-11 14:19:37,304 [Trainer] :: Starting epoch 60
2026-05-11 14:26:39,175 [Trainer] :: Completed epoch 60: train_loss=0.093075 train_iou=0.909545 val_loss=0.288113 val_iou=0.665659 lr=0.00009055
2026-05-11 14:26:39,406 [Trainer] :: Updated latest checkpoint at epoch 60
2026-05-11 14:26:39,406 [Trainer] :: No validation IoU improvement for 39 epoch(s)
2026-05-11 14:26:39,406 [Trainer] :: Starting epoch 61
2026-05-11 14:33:43,109 [Trainer] :: Completed epoch 61: train_loss=0.089710 train_iou=0.914003 val_loss=0.331866 val_iou=0.626606 lr=0.00009024
2026-05-11 14:33:43,424 [Trainer] :: Updated latest checkpoint at epoch 61
2026-05-11 14:33:43,424 [Trainer] :: No validation IoU improvement for 40 epoch(s)
2026-05-11 14:33:43,424 [Trainer] :: Starting epoch 62
2026-05-11 14:39:59,793 [Trainer] :: Completed epoch 62: train_loss=0.088954 train_iou=0.914366 val_loss=0.353208 val_iou=0.588803 lr=0.00008993
2026-05-11 14:40:00,734 [Trainer] :: Updated latest checkpoint at epoch 62
2026-05-11 14:40:00,734 [Trainer] :: No validation IoU improvement for 41 epoch(s)
2026-05-11 14:40:00,735 [Trainer] :: Starting epoch 63
2026-05-11 14:46:18,051 [Trainer] :: Completed epoch 63: train_loss=0.087326 train_iou=0.915296 val_loss=0.309763 val_iou=0.658393 lr=0.00008961
2026-05-11 14:46:18,313 [Trainer] :: Updated latest checkpoint at epoch 63
2026-05-11 14:46:18,314 [Trainer] :: No validation IoU improvement for 42 epoch(s)
2026-05-11 14:46:18,314 [Trainer] :: Starting epoch 64
2026-05-11 14:53:21,207 [Trainer] :: Completed epoch 64: train_loss=0.088637 train_iou=0.914303 val_loss=0.308898 val_iou=0.652208 lr=0.00008929
2026-05-11 14:53:21,424 [Trainer] :: Updated latest checkpoint at epoch 64
2026-05-11 14:53:21,449 [Trainer] :: No validation IoU improvement for 43 epoch(s)
2026-05-11 14:53:21,449 [Trainer] :: Starting epoch 65
2026-05-11 15:00:08,190 [Trainer] :: Completed epoch 65: train_loss=0.086208 train_iou=0.916796 val_loss=0.374386 val_iou=0.583204 lr=0.00008897
2026-05-11 15:00:08,477 [Trainer] :: Updated latest checkpoint at epoch 65
2026-05-11 15:00:08,477 [Trainer] :: No validation IoU improvement for 44 epoch(s)
2026-05-11 15:00:08,477 [Trainer] :: Starting epoch 66
2026-05-11 15:06:57,862 [Trainer] :: Completed epoch 66: train_loss=0.090847 train_iou=0.912928 val_loss=0.299355 val_iou=0.659430 lr=0.00008864
2026-05-11 15:06:58,171 [Trainer] :: Updated latest checkpoint at epoch 66
2026-05-11 15:06:58,171 [Trainer] :: No validation IoU improvement for 45 epoch(s)
2026-05-11 15:06:58,171 [Trainer] :: Starting epoch 67
2026-05-11 15:13:43,093 [Trainer] :: Completed epoch 67: train_loss=0.086703 train_iou=0.914820 val_loss=0.310830 val_iou=0.635158 lr=0.00008831
2026-05-11 15:13:43,328 [Trainer] :: Updated latest checkpoint at epoch 67
2026-05-11 15:13:43,328 [Trainer] :: No validation IoU improvement for 46 epoch(s)
2026-05-11 15:13:43,328 [Trainer] :: Starting epoch 68
2026-05-11 15:20:17,271 [Trainer] :: Completed epoch 68: train_loss=0.087208 train_iou=0.915109 val_loss=0.310184 val_iou=0.650663 lr=0.00008797
2026-05-11 15:20:17,521 [Trainer] :: Updated latest checkpoint at epoch 68
2026-05-11 15:20:17,521 [Trainer] :: No validation IoU improvement for 47 epoch(s)
2026-05-11 15:20:17,521 [Trainer] :: Starting epoch 69
2026-05-11 15:26:42,642 [Trainer] :: Completed epoch 69: train_loss=0.086773 train_iou=0.916805 val_loss=0.345363 val_iou=0.624035 lr=0.00008763
2026-05-11 15:26:43,483 [Trainer] :: Updated latest checkpoint at epoch 69
2026-05-11 15:26:43,483 [Trainer] :: No validation IoU improvement for 48 epoch(s)
2026-05-11 15:26:43,483 [Trainer] :: Starting epoch 70
2026-05-11 15:33:08,128 [Trainer] :: Completed epoch 70: train_loss=0.083034 train_iou=0.918034 val_loss=0.303902 val_iou=0.654554 lr=0.00008729
2026-05-11 15:33:08,560 [Trainer] :: Updated latest checkpoint at epoch 70
2026-05-11 15:33:08,560 [Trainer] :: No validation IoU improvement for 49 epoch(s)
2026-05-11 15:33:08,560 [Trainer] :: Starting epoch 71
2026-05-11 15:39:28,034 [Trainer] :: Completed epoch 71: train_loss=0.083341 train_iou=0.920191 val_loss=0.307251 val_iou=0.647790 lr=0.00008694
2026-05-11 15:39:28,501 [Trainer] :: Updated latest checkpoint at epoch 71
2026-05-11 15:39:28,501 [Trainer] :: No validation IoU improvement for 50 epoch(s)
2026-05-11 15:39:28,501 [Trainer] :: Starting epoch 72
2026-05-11 15:45:41,235 [Trainer] :: Completed epoch 72: train_loss=0.084793 train_iou=0.918131 val_loss=0.305886 val_iou=0.647267 lr=0.00008658
2026-05-11 15:45:41,462 [Trainer] :: Updated latest checkpoint at epoch 72
2026-05-11 15:45:41,462 [Trainer] :: No validation IoU improvement for 51 epoch(s)
2026-05-11 15:45:41,462 [Trainer] :: Starting epoch 73
2026-05-11 15:52:07,779 [Trainer] :: Completed epoch 73: train_loss=0.083565 train_iou=0.920112 val_loss=0.317780 val_iou=0.642019 lr=0.00008623
2026-05-11 15:52:08,028 [Trainer] :: Updated latest checkpoint at epoch 73
2026-05-11 15:52:08,029 [Trainer] :: No validation IoU improvement for 52 epoch(s)
2026-05-11 15:52:08,029 [Trainer] :: Starting epoch 74
2026-05-11 15:58:27,036 [Trainer] :: Completed epoch 74: train_loss=0.081989 train_iou=0.920185 val_loss=0.313805 val_iou=0.648746 lr=0.00008587
2026-05-11 15:58:27,323 [Trainer] :: Updated latest checkpoint at epoch 74
2026-05-11 15:58:27,323 [Trainer] :: No validation IoU improvement for 53 epoch(s)
2026-05-11 15:58:27,323 [Trainer] :: Starting epoch 75
2026-05-11 16:04:48,485 [Trainer] :: Completed epoch 75: train_loss=0.083077 train_iou=0.918823 val_loss=0.313405 val_iou=0.641538 lr=0.00008550
2026-05-11 16:04:48,779 [Trainer] :: Updated latest checkpoint at epoch 75
2026-05-11 16:04:48,779 [Trainer] :: No validation IoU improvement for 54 epoch(s)
2026-05-11 16:04:48,779 [Trainer] :: Starting epoch 76
2026-05-11 16:11:08,419 [Trainer] :: Completed epoch 76: train_loss=0.084119 train_iou=0.918261 val_loss=0.329157 val_iou=0.616280 lr=0.00008513
2026-05-11 16:11:08,854 [Trainer] :: Updated latest checkpoint at epoch 76
2026-05-11 16:11:08,855 [Trainer] :: No validation IoU improvement for 55 epoch(s)
2026-05-11 16:11:08,855 [Trainer] :: Starting epoch 77
2026-05-11 16:17:27,415 [Trainer] :: Completed epoch 77: train_loss=0.080811 train_iou=0.921176 val_loss=0.315590 val_iou=0.650157 lr=0.00008476
2026-05-11 16:17:27,669 [Trainer] :: Updated latest checkpoint at epoch 77
2026-05-11 16:17:27,669 [Trainer] :: No validation IoU improvement for 56 epoch(s)
2026-05-11 16:17:27,669 [Trainer] :: Starting epoch 78
2026-05-11 16:23:41,181 [Trainer] :: Completed epoch 78: train_loss=0.081387 train_iou=0.921833 val_loss=0.314094 val_iou=0.655075 lr=0.00008439
2026-05-11 16:23:41,437 [Trainer] :: Updated latest checkpoint at epoch 78
2026-05-11 16:23:41,437 [Trainer] :: No validation IoU improvement for 57 epoch(s)
2026-05-11 16:23:41,437 [Trainer] :: Starting epoch 79
2026-05-11 16:29:49,769 [Trainer] :: Completed epoch 79: train_loss=0.079561 train_iou=0.922538 val_loss=0.315990 val_iou=0.652945 lr=0.00008401
2026-05-11 16:29:50,341 [Trainer] :: Updated latest checkpoint at epoch 79
2026-05-11 16:29:50,341 [Trainer] :: No validation IoU improvement for 58 epoch(s)
2026-05-11 16:29:50,341 [Trainer] :: Starting epoch 80
2026-05-11 16:36:15,080 [Trainer] :: Completed epoch 80: train_loss=0.080177 train_iou=0.922720 val_loss=0.330814 val_iou=0.622588 lr=0.00008362
2026-05-11 16:36:15,560 [Trainer] :: Updated latest checkpoint at epoch 80
2026-05-11 16:36:15,560 [Trainer] :: No validation IoU improvement for 59 epoch(s)
2026-05-11 16:36:15,560 [Trainer] :: Starting epoch 81
2026-05-11 16:42:17,736 [Trainer] :: Completed epoch 81: train_loss=0.078140 train_iou=0.923683 val_loss=0.340657 val_iou=0.604974 lr=0.00008323
2026-05-11 16:42:17,958 [Trainer] :: Updated latest checkpoint at epoch 81
2026-05-11 16:42:17,958 [Trainer] :: No validation IoU improvement for 60 epoch(s)
2026-05-11 16:42:17,958 [Trainer] :: Early stopping triggered after 60 epoch(s) without improvement
2026-05-11 16:48:33,890 [Trainer] :: Wrote training history to outputs/runs/rgb_real_msi_segformer_b1_fuzzy_halo_seed44_20260511T041553Z/metrics/history.json
2026-05-11 16:48:33,891 [Trainer] :: Wrote test summary to outputs/runs/rgb_real_msi_segformer_b1_fuzzy_halo_seed44_20260511T041553Z/metrics/test_summary.json
2026-05-11 16:48:33,891 [Trainer] :: Training completed
