2026-05-02 10:01:29,978 [Trainer] :: Training run initialized at /ceph/home/student.aau.dk/qd36zu/fuzzy-p10/tbd/masking/outputs/runs/real_msi_segformer_b1_seed48_20260502T080129Z
2026-05-02 10:01:29,978 [Trainer] :: Loaded config from /ceph/home/student.aau.dk/qd36zu/fuzzy-p10/tbd/masking/configs/binary/real_msi_segformer_b1.yaml
2026-05-02 10:01:29,978 [Trainer] :: Using seed=48 and device=None
2026-05-02 10:01:29,978 [Trainer] :: Using model architecture=Segformer encoder=mit_b1 encoder_weights=imagenet
2026-05-02 10:01:30,298 [Trainer] :: Resolved runtime device to cuda
2026-05-02 10:01:30,298 [Trainer] :: Prepared normalization from source=train_split_patch_stats
2026-05-02 10:01:35,122 [Trainer] :: Built dataloaders with batch_size=16, num_workers=0
2026-05-02 10:01:35,124 [Trainer] :: Starting epoch 1
2026-05-02 10:03:41,046 [Trainer] :: Completed epoch 1: train_loss=0.377059 train_iou=0.665373 val_loss=0.367953 val_iou=0.539133 lr=0.00010000
2026-05-02 10:03:41,249 [Trainer] :: Updated latest checkpoint at epoch 1
2026-05-02 10:03:41,453 [Trainer] :: New best checkpoint saved with val_iou=0.539133
2026-05-02 10:03:41,453 [Trainer] :: Starting epoch 2
2026-05-02 10:05:40,800 [Trainer] :: Completed epoch 2: train_loss=0.289367 train_iou=0.739548 val_loss=0.324138 val_iou=0.538202 lr=0.00009999
2026-05-02 10:05:41,109 [Trainer] :: Updated latest checkpoint at epoch 2
2026-05-02 10:05:41,109 [Trainer] :: No validation IoU improvement for 1 epoch(s)
2026-05-02 10:05:41,109 [Trainer] :: Starting epoch 3
2026-05-02 10:07:39,131 [Trainer] :: Completed epoch 3: train_loss=0.258346 train_iou=0.766096 val_loss=0.323955 val_iou=0.566126 lr=0.00009998
2026-05-02 10:07:39,465 [Trainer] :: Updated latest checkpoint at epoch 3
2026-05-02 10:07:39,743 [Trainer] :: New best checkpoint saved with val_iou=0.566126
2026-05-02 10:07:39,744 [Trainer] :: Starting epoch 4
2026-05-02 10:09:42,810 [Trainer] :: Completed epoch 4: train_loss=0.261527 train_iou=0.762887 val_loss=0.281469 val_iou=0.604145 lr=0.00009996
2026-05-02 10:09:43,009 [Trainer] :: Updated latest checkpoint at epoch 4
2026-05-02 10:09:43,346 [Trainer] :: New best checkpoint saved with val_iou=0.604145
2026-05-02 10:09:43,347 [Trainer] :: Starting epoch 5
2026-05-02 10:11:41,700 [Trainer] :: Completed epoch 5: train_loss=0.237217 train_iou=0.786783 val_loss=0.271824 val_iou=0.614580 lr=0.00009993
2026-05-02 10:11:41,901 [Trainer] :: Updated latest checkpoint at epoch 5
2026-05-02 10:11:42,137 [Trainer] :: New best checkpoint saved with val_iou=0.614580
2026-05-02 10:11:42,137 [Trainer] :: Starting epoch 6
2026-05-02 10:13:41,353 [Trainer] :: Completed epoch 6: train_loss=0.229639 train_iou=0.792454 val_loss=0.276113 val_iou=0.605606 lr=0.00009990
2026-05-02 10:13:41,577 [Trainer] :: Updated latest checkpoint at epoch 6
2026-05-02 10:13:41,577 [Trainer] :: No validation IoU improvement for 1 epoch(s)
2026-05-02 10:13:41,577 [Trainer] :: Starting epoch 7
2026-05-02 10:15:39,832 [Trainer] :: Completed epoch 7: train_loss=0.219268 train_iou=0.800339 val_loss=0.271406 val_iou=0.613276 lr=0.00009987
2026-05-02 10:15:40,081 [Trainer] :: Updated latest checkpoint at epoch 7
2026-05-02 10:15:40,082 [Trainer] :: No validation IoU improvement for 2 epoch(s)
2026-05-02 10:15:40,082 [Trainer] :: Starting epoch 8
2026-05-02 10:17:36,433 [Trainer] :: Completed epoch 8: train_loss=0.212611 train_iou=0.807393 val_loss=0.301810 val_iou=0.562384 lr=0.00009983
2026-05-02 10:17:36,638 [Trainer] :: Updated latest checkpoint at epoch 8
2026-05-02 10:17:36,638 [Trainer] :: No validation IoU improvement for 3 epoch(s)
2026-05-02 10:17:36,638 [Trainer] :: Starting epoch 9
2026-05-02 10:19:32,565 [Trainer] :: Completed epoch 9: train_loss=0.210521 train_iou=0.808682 val_loss=0.275765 val_iou=0.594428 lr=0.00009978
2026-05-02 10:19:32,760 [Trainer] :: Updated latest checkpoint at epoch 9
2026-05-02 10:19:32,760 [Trainer] :: No validation IoU improvement for 4 epoch(s)
2026-05-02 10:19:32,760 [Trainer] :: Starting epoch 10
2026-05-02 10:21:31,091 [Trainer] :: Completed epoch 10: train_loss=0.201788 train_iou=0.814275 val_loss=0.260095 val_iou=0.629321 lr=0.00009973
2026-05-02 10:21:31,382 [Trainer] :: Updated latest checkpoint at epoch 10
2026-05-02 10:21:31,787 [Trainer] :: New best checkpoint saved with val_iou=0.629321
2026-05-02 10:21:31,788 [Trainer] :: Starting epoch 11
2026-05-02 10:23:33,504 [Trainer] :: Completed epoch 11: train_loss=0.193370 train_iou=0.816670 val_loss=0.274672 val_iou=0.621700 lr=0.00009967
2026-05-02 10:23:33,745 [Trainer] :: Updated latest checkpoint at epoch 11
2026-05-02 10:23:33,745 [Trainer] :: No validation IoU improvement for 1 epoch(s)
2026-05-02 10:23:33,745 [Trainer] :: Starting epoch 12
2026-05-02 10:25:34,329 [Trainer] :: Completed epoch 12: train_loss=0.188282 train_iou=0.819125 val_loss=0.283752 val_iou=0.605970 lr=0.00009961
2026-05-02 10:25:34,541 [Trainer] :: Updated latest checkpoint at epoch 12
2026-05-02 10:25:34,541 [Trainer] :: No validation IoU improvement for 2 epoch(s)
2026-05-02 10:25:34,541 [Trainer] :: Starting epoch 13
2026-05-02 10:27:36,327 [Trainer] :: Completed epoch 13: train_loss=0.180499 train_iou=0.827061 val_loss=0.275911 val_iou=0.595025 lr=0.00009954
2026-05-02 10:27:36,698 [Trainer] :: Updated latest checkpoint at epoch 13
2026-05-02 10:27:36,699 [Trainer] :: No validation IoU improvement for 3 epoch(s)
2026-05-02 10:27:36,699 [Trainer] :: Starting epoch 14
2026-05-02 10:29:39,378 [Trainer] :: Completed epoch 14: train_loss=0.179027 train_iou=0.824784 val_loss=0.266150 val_iou=0.616302 lr=0.00009947
2026-05-02 10:29:39,619 [Trainer] :: Updated latest checkpoint at epoch 14
2026-05-02 10:29:39,620 [Trainer] :: No validation IoU improvement for 4 epoch(s)
2026-05-02 10:29:39,620 [Trainer] :: Starting epoch 15
2026-05-02 10:31:36,382 [Trainer] :: Completed epoch 15: train_loss=0.172348 train_iou=0.831725 val_loss=0.263805 val_iou=0.635253 lr=0.00009939
2026-05-02 10:31:36,644 [Trainer] :: Updated latest checkpoint at epoch 15
2026-05-02 10:31:36,874 [Trainer] :: New best checkpoint saved with val_iou=0.635253
2026-05-02 10:31:36,874 [Trainer] :: Starting epoch 16
2026-05-02 10:33:38,336 [Trainer] :: Completed epoch 16: train_loss=0.170509 train_iou=0.832944 val_loss=0.279448 val_iou=0.607210 lr=0.00009931
2026-05-02 10:33:38,598 [Trainer] :: Updated latest checkpoint at epoch 16
2026-05-02 10:33:38,598 [Trainer] :: No validation IoU improvement for 1 epoch(s)
2026-05-02 10:33:38,598 [Trainer] :: Starting epoch 17
2026-05-02 10:35:39,825 [Trainer] :: Completed epoch 17: train_loss=0.168631 train_iou=0.829950 val_loss=0.299423 val_iou=0.588959 lr=0.00009922
2026-05-02 10:35:40,080 [Trainer] :: Updated latest checkpoint at epoch 17
2026-05-02 10:35:40,080 [Trainer] :: No validation IoU improvement for 2 epoch(s)
2026-05-02 10:35:40,080 [Trainer] :: Starting epoch 18
2026-05-02 10:37:40,874 [Trainer] :: Completed epoch 18: train_loss=0.164686 train_iou=0.836430 val_loss=0.285272 val_iou=0.610762 lr=0.00009912
2026-05-02 10:37:41,306 [Trainer] :: Updated latest checkpoint at epoch 18
2026-05-02 10:37:41,306 [Trainer] :: No validation IoU improvement for 3 epoch(s)
2026-05-02 10:37:41,306 [Trainer] :: Starting epoch 19
2026-05-02 10:39:38,123 [Trainer] :: Completed epoch 19: train_loss=0.163485 train_iou=0.839727 val_loss=0.267275 val_iou=0.625820 lr=0.00009902
2026-05-02 10:39:38,374 [Trainer] :: Updated latest checkpoint at epoch 19
2026-05-02 10:39:38,374 [Trainer] :: No validation IoU improvement for 4 epoch(s)
2026-05-02 10:39:38,374 [Trainer] :: Starting epoch 20
2026-05-02 10:41:41,888 [Trainer] :: Completed epoch 20: train_loss=0.156296 train_iou=0.845003 val_loss=0.270178 val_iou=0.616092 lr=0.00009892
2026-05-02 10:41:42,098 [Trainer] :: Updated latest checkpoint at epoch 20
2026-05-02 10:41:42,098 [Trainer] :: No validation IoU improvement for 5 epoch(s)
2026-05-02 10:41:42,098 [Trainer] :: Starting epoch 21
2026-05-02 10:43:44,996 [Trainer] :: Completed epoch 21: train_loss=0.155884 train_iou=0.842511 val_loss=0.257347 val_iou=0.632833 lr=0.00009881
2026-05-02 10:43:45,301 [Trainer] :: Updated latest checkpoint at epoch 21
2026-05-02 10:43:45,301 [Trainer] :: No validation IoU improvement for 6 epoch(s)
2026-05-02 10:43:45,301 [Trainer] :: Starting epoch 22
2026-05-02 10:45:42,637 [Trainer] :: Completed epoch 22: train_loss=0.146401 train_iou=0.851601 val_loss=0.278590 val_iou=0.604234 lr=0.00009869
2026-05-02 10:45:42,847 [Trainer] :: Updated latest checkpoint at epoch 22
2026-05-02 10:45:42,847 [Trainer] :: No validation IoU improvement for 7 epoch(s)
2026-05-02 10:45:42,847 [Trainer] :: Starting epoch 23
2026-05-02 10:47:44,083 [Trainer] :: Completed epoch 23: train_loss=0.148300 train_iou=0.851203 val_loss=0.362426 val_iou=0.542727 lr=0.00009857
2026-05-02 10:47:44,318 [Trainer] :: Updated latest checkpoint at epoch 23
2026-05-02 10:47:44,318 [Trainer] :: No validation IoU improvement for 8 epoch(s)
2026-05-02 10:47:44,318 [Trainer] :: Starting epoch 24
2026-05-02 10:49:47,445 [Trainer] :: Completed epoch 24: train_loss=0.149223 train_iou=0.847161 val_loss=0.270061 val_iou=0.621859 lr=0.00009844
2026-05-02 10:49:47,740 [Trainer] :: Updated latest checkpoint at epoch 24
2026-05-02 10:49:47,740 [Trainer] :: No validation IoU improvement for 9 epoch(s)
2026-05-02 10:49:47,741 [Trainer] :: Starting epoch 25
2026-05-02 10:51:48,436 [Trainer] :: Completed epoch 25: train_loss=0.153128 train_iou=0.845151 val_loss=0.266752 val_iou=0.635324 lr=0.00009831
2026-05-02 10:51:48,657 [Trainer] :: Updated latest checkpoint at epoch 25
2026-05-02 10:51:48,889 [Trainer] :: New best checkpoint saved with val_iou=0.635324
2026-05-02 10:51:48,890 [Trainer] :: Starting epoch 26
2026-05-02 10:53:47,915 [Trainer] :: Completed epoch 26: train_loss=0.141782 train_iou=0.853851 val_loss=0.275154 val_iou=0.619101 lr=0.00009818
2026-05-02 10:53:48,337 [Trainer] :: Updated latest checkpoint at epoch 26
2026-05-02 10:53:48,337 [Trainer] :: No validation IoU improvement for 1 epoch(s)
2026-05-02 10:53:48,337 [Trainer] :: Starting epoch 27
2026-05-02 10:55:48,134 [Trainer] :: Completed epoch 27: train_loss=0.137289 train_iou=0.860031 val_loss=0.283303 val_iou=0.617013 lr=0.00009803
2026-05-02 10:55:48,380 [Trainer] :: Updated latest checkpoint at epoch 27
2026-05-02 10:55:48,380 [Trainer] :: No validation IoU improvement for 2 epoch(s)
2026-05-02 10:55:48,380 [Trainer] :: Starting epoch 28
2026-05-02 10:57:48,381 [Trainer] :: Completed epoch 28: train_loss=0.140154 train_iou=0.857505 val_loss=0.257025 val_iou=0.639904 lr=0.00009789
2026-05-02 10:57:48,604 [Trainer] :: Updated latest checkpoint at epoch 28
2026-05-02 10:57:49,371 [Trainer] :: New best checkpoint saved with val_iou=0.639904
2026-05-02 10:57:49,371 [Trainer] :: Starting epoch 29
2026-05-02 10:59:46,410 [Trainer] :: Completed epoch 29: train_loss=0.135332 train_iou=0.860419 val_loss=0.266038 val_iou=0.629599 lr=0.00009773
2026-05-02 10:59:46,776 [Trainer] :: Updated latest checkpoint at epoch 29
2026-05-02 10:59:46,776 [Trainer] :: No validation IoU improvement for 1 epoch(s)
2026-05-02 10:59:46,776 [Trainer] :: Starting epoch 30
2026-05-02 11:01:47,712 [Trainer] :: Completed epoch 30: train_loss=0.130209 train_iou=0.866350 val_loss=0.280188 val_iou=0.622937 lr=0.00009758
2026-05-02 11:01:48,306 [Trainer] :: Updated latest checkpoint at epoch 30
2026-05-02 11:01:48,306 [Trainer] :: No validation IoU improvement for 2 epoch(s)
2026-05-02 11:01:48,306 [Trainer] :: Starting epoch 31
2026-05-02 11:03:51,480 [Trainer] :: Completed epoch 31: train_loss=0.130428 train_iou=0.864086 val_loss=0.279394 val_iou=0.622009 lr=0.00009741
2026-05-02 11:03:51,702 [Trainer] :: Updated latest checkpoint at epoch 31
2026-05-02 11:03:51,703 [Trainer] :: No validation IoU improvement for 3 epoch(s)
2026-05-02 11:03:51,703 [Trainer] :: Starting epoch 32
2026-05-02 11:05:56,440 [Trainer] :: Completed epoch 32: train_loss=0.128434 train_iou=0.866964 val_loss=0.285588 val_iou=0.617613 lr=0.00009725
2026-05-02 11:05:56,708 [Trainer] :: Updated latest checkpoint at epoch 32
2026-05-02 11:05:56,708 [Trainer] :: No validation IoU improvement for 4 epoch(s)
2026-05-02 11:05:56,708 [Trainer] :: Starting epoch 33
2026-05-02 11:08:02,001 [Trainer] :: Completed epoch 33: train_loss=0.121794 train_iou=0.872385 val_loss=0.281129 val_iou=0.611931 lr=0.00009707
2026-05-02 11:08:02,293 [Trainer] :: Updated latest checkpoint at epoch 33
2026-05-02 11:08:02,293 [Trainer] :: No validation IoU improvement for 5 epoch(s)
2026-05-02 11:08:02,293 [Trainer] :: Starting epoch 34
2026-05-02 11:10:01,640 [Trainer] :: Completed epoch 34: train_loss=0.119930 train_iou=0.875954 val_loss=0.323453 val_iou=0.599208 lr=0.00009690
2026-05-02 11:10:02,006 [Trainer] :: Updated latest checkpoint at epoch 34
2026-05-02 11:10:02,006 [Trainer] :: No validation IoU improvement for 6 epoch(s)
2026-05-02 11:10:02,006 [Trainer] :: Starting epoch 35
2026-05-02 11:12:01,517 [Trainer] :: Completed epoch 35: train_loss=0.121106 train_iou=0.873542 val_loss=0.274216 val_iou=0.624364 lr=0.00009671
2026-05-02 11:12:01,738 [Trainer] :: Updated latest checkpoint at epoch 35
2026-05-02 11:12:01,739 [Trainer] :: No validation IoU improvement for 7 epoch(s)
2026-05-02 11:12:01,739 [Trainer] :: Starting epoch 36
2026-05-02 11:14:03,370 [Trainer] :: Completed epoch 36: train_loss=0.119563 train_iou=0.876059 val_loss=0.277004 val_iou=0.622898 lr=0.00009652
2026-05-02 11:14:03,675 [Trainer] :: Updated latest checkpoint at epoch 36
2026-05-02 11:14:03,675 [Trainer] :: No validation IoU improvement for 8 epoch(s)
2026-05-02 11:14:03,675 [Trainer] :: Starting epoch 37
2026-05-02 11:16:04,169 [Trainer] :: Completed epoch 37: train_loss=0.115949 train_iou=0.878969 val_loss=0.268097 val_iou=0.641213 lr=0.00009633
2026-05-02 11:16:04,389 [Trainer] :: Updated latest checkpoint at epoch 37
2026-05-02 11:16:04,651 [Trainer] :: New best checkpoint saved with val_iou=0.641213
2026-05-02 11:16:04,651 [Trainer] :: Starting epoch 38
2026-05-02 11:18:06,353 [Trainer] :: Completed epoch 38: train_loss=0.112883 train_iou=0.882390 val_loss=0.267913 val_iou=0.638484 lr=0.00009613
2026-05-02 11:18:06,599 [Trainer] :: Updated latest checkpoint at epoch 38
2026-05-02 11:18:06,599 [Trainer] :: No validation IoU improvement for 1 epoch(s)
2026-05-02 11:18:06,599 [Trainer] :: Starting epoch 39
2026-05-02 11:20:05,443 [Trainer] :: Completed epoch 39: train_loss=0.113077 train_iou=0.879934 val_loss=0.284117 val_iou=0.628033 lr=0.00009593
2026-05-02 11:20:05,750 [Trainer] :: Updated latest checkpoint at epoch 39
2026-05-02 11:20:05,751 [Trainer] :: No validation IoU improvement for 2 epoch(s)
2026-05-02 11:20:05,751 [Trainer] :: Starting epoch 40
2026-05-02 11:22:05,363 [Trainer] :: Completed epoch 40: train_loss=0.109339 train_iou=0.886028 val_loss=0.291038 val_iou=0.617124 lr=0.00009572
2026-05-02 11:22:05,595 [Trainer] :: Updated latest checkpoint at epoch 40
2026-05-02 11:22:05,595 [Trainer] :: No validation IoU improvement for 3 epoch(s)
2026-05-02 11:22:05,595 [Trainer] :: Starting epoch 41
2026-05-02 11:24:04,136 [Trainer] :: Completed epoch 41: train_loss=0.108062 train_iou=0.886326 val_loss=0.307943 val_iou=0.607349 lr=0.00009551
2026-05-02 11:24:04,398 [Trainer] :: Updated latest checkpoint at epoch 41
2026-05-02 11:24:04,398 [Trainer] :: No validation IoU improvement for 4 epoch(s)
2026-05-02 11:24:04,398 [Trainer] :: Starting epoch 42
2026-05-02 11:26:06,043 [Trainer] :: Completed epoch 42: train_loss=0.107885 train_iou=0.884593 val_loss=0.308681 val_iou=0.617665 lr=0.00009529
2026-05-02 11:26:06,284 [Trainer] :: Updated latest checkpoint at epoch 42
2026-05-02 11:26:06,284 [Trainer] :: No validation IoU improvement for 5 epoch(s)
2026-05-02 11:26:06,284 [Trainer] :: Starting epoch 43
2026-05-02 11:28:06,993 [Trainer] :: Completed epoch 43: train_loss=0.105424 train_iou=0.889991 val_loss=0.313121 val_iou=0.588200 lr=0.00009507
2026-05-02 11:28:07,221 [Trainer] :: Updated latest checkpoint at epoch 43
2026-05-02 11:28:07,222 [Trainer] :: No validation IoU improvement for 6 epoch(s)
2026-05-02 11:28:07,222 [Trainer] :: Starting epoch 44
2026-05-02 11:30:14,254 [Trainer] :: Completed epoch 44: train_loss=0.105519 train_iou=0.887913 val_loss=0.311998 val_iou=0.591985 lr=0.00009484
2026-05-02 11:30:14,461 [Trainer] :: Updated latest checkpoint at epoch 44
2026-05-02 11:30:14,461 [Trainer] :: No validation IoU improvement for 7 epoch(s)
2026-05-02 11:30:14,461 [Trainer] :: Starting epoch 45
2026-05-02 11:32:17,150 [Trainer] :: Completed epoch 45: train_loss=0.103482 train_iou=0.891073 val_loss=0.286728 val_iou=0.620543 lr=0.00009460
2026-05-02 11:32:17,395 [Trainer] :: Updated latest checkpoint at epoch 45
2026-05-02 11:32:17,396 [Trainer] :: No validation IoU improvement for 8 epoch(s)
2026-05-02 11:32:17,396 [Trainer] :: Starting epoch 46
2026-05-02 11:34:19,140 [Trainer] :: Completed epoch 46: train_loss=0.100536 train_iou=0.894348 val_loss=0.280030 val_iou=0.634014 lr=0.00009437
2026-05-02 11:34:19,515 [Trainer] :: Updated latest checkpoint at epoch 46
2026-05-02 11:34:19,515 [Trainer] :: No validation IoU improvement for 9 epoch(s)
2026-05-02 11:34:19,515 [Trainer] :: Starting epoch 47
2026-05-02 11:36:27,139 [Trainer] :: Completed epoch 47: train_loss=0.102996 train_iou=0.890236 val_loss=0.308378 val_iou=0.608861 lr=0.00009412
2026-05-02 11:36:27,380 [Trainer] :: Updated latest checkpoint at epoch 47
2026-05-02 11:36:27,380 [Trainer] :: No validation IoU improvement for 10 epoch(s)
2026-05-02 11:36:27,380 [Trainer] :: Starting epoch 48
2026-05-02 11:38:29,421 [Trainer] :: Completed epoch 48: train_loss=0.097328 train_iou=0.896099 val_loss=0.300082 val_iou=0.615816 lr=0.00009388
2026-05-02 11:38:29,820 [Trainer] :: Updated latest checkpoint at epoch 48
2026-05-02 11:38:29,820 [Trainer] :: No validation IoU improvement for 11 epoch(s)
2026-05-02 11:38:29,820 [Trainer] :: Starting epoch 49
2026-05-02 11:40:31,989 [Trainer] :: Completed epoch 49: train_loss=0.095681 train_iou=0.897492 val_loss=0.294514 val_iou=0.623468 lr=0.00009363
2026-05-02 11:40:32,280 [Trainer] :: Updated latest checkpoint at epoch 49
2026-05-02 11:40:32,281 [Trainer] :: No validation IoU improvement for 12 epoch(s)
2026-05-02 11:40:32,281 [Trainer] :: Starting epoch 50
2026-05-02 11:42:35,137 [Trainer] :: Completed epoch 50: train_loss=0.096349 train_iou=0.898898 val_loss=0.296625 val_iou=0.614784 lr=0.00009337
2026-05-02 11:42:35,451 [Trainer] :: Updated latest checkpoint at epoch 50
2026-05-02 11:42:35,451 [Trainer] :: No validation IoU improvement for 13 epoch(s)
2026-05-02 11:42:35,451 [Trainer] :: Starting epoch 51
2026-05-02 11:44:36,305 [Trainer] :: Completed epoch 51: train_loss=0.093668 train_iou=0.900194 val_loss=0.286488 val_iou=0.630785 lr=0.00009311
2026-05-02 11:44:36,535 [Trainer] :: Updated latest checkpoint at epoch 51
2026-05-02 11:44:36,535 [Trainer] :: No validation IoU improvement for 14 epoch(s)
2026-05-02 11:44:36,535 [Trainer] :: Starting epoch 52
2026-05-02 11:46:40,383 [Trainer] :: Completed epoch 52: train_loss=0.091291 train_iou=0.902299 val_loss=0.282369 val_iou=0.632498 lr=0.00009284
2026-05-02 11:46:40,605 [Trainer] :: Updated latest checkpoint at epoch 52
2026-05-02 11:46:40,605 [Trainer] :: No validation IoU improvement for 15 epoch(s)
2026-05-02 11:46:40,605 [Trainer] :: Starting epoch 53
2026-05-02 11:48:38,063 [Trainer] :: Completed epoch 53: train_loss=0.096573 train_iou=0.898832 val_loss=0.299312 val_iou=0.622773 lr=0.00009257
2026-05-02 11:48:38,335 [Trainer] :: Updated latest checkpoint at epoch 53
2026-05-02 11:48:38,335 [Trainer] :: No validation IoU improvement for 16 epoch(s)
2026-05-02 11:48:38,335 [Trainer] :: Starting epoch 54
2026-05-02 11:50:38,548 [Trainer] :: Completed epoch 54: train_loss=0.090800 train_iou=0.902600 val_loss=0.302011 val_iou=0.619624 lr=0.00009229
2026-05-02 11:50:38,887 [Trainer] :: Updated latest checkpoint at epoch 54
2026-05-02 11:50:38,887 [Trainer] :: No validation IoU improvement for 17 epoch(s)
2026-05-02 11:50:38,887 [Trainer] :: Starting epoch 55
2026-05-02 11:52:42,326 [Trainer] :: Completed epoch 55: train_loss=0.088798 train_iou=0.904686 val_loss=0.308504 val_iou=0.608184 lr=0.00009201
2026-05-02 11:52:42,731 [Trainer] :: Updated latest checkpoint at epoch 55
2026-05-02 11:52:42,731 [Trainer] :: No validation IoU improvement for 18 epoch(s)
2026-05-02 11:52:42,731 [Trainer] :: Starting epoch 56
2026-05-02 11:54:42,874 [Trainer] :: Completed epoch 56: train_loss=0.088032 train_iou=0.907123 val_loss=0.311715 val_iou=0.612163 lr=0.00009173
2026-05-02 11:54:43,134 [Trainer] :: Updated latest checkpoint at epoch 56
2026-05-02 11:54:43,134 [Trainer] :: No validation IoU improvement for 19 epoch(s)
2026-05-02 11:54:43,134 [Trainer] :: Starting epoch 57
2026-05-02 11:56:40,890 [Trainer] :: Completed epoch 57: train_loss=0.088554 train_iou=0.904356 val_loss=0.301251 val_iou=0.624071 lr=0.00009144
2026-05-02 11:56:41,111 [Trainer] :: Updated latest checkpoint at epoch 57
2026-05-02 11:56:41,111 [Trainer] :: No validation IoU improvement for 20 epoch(s)
2026-05-02 11:56:41,111 [Trainer] :: Starting epoch 58
2026-05-02 11:58:38,194 [Trainer] :: Completed epoch 58: train_loss=0.086372 train_iou=0.907323 val_loss=0.306986 val_iou=0.617081 lr=0.00009115
2026-05-02 11:58:38,442 [Trainer] :: Updated latest checkpoint at epoch 58
2026-05-02 11:58:38,442 [Trainer] :: No validation IoU improvement for 21 epoch(s)
2026-05-02 11:58:38,442 [Trainer] :: Starting epoch 59
2026-05-02 12:00:38,515 [Trainer] :: Completed epoch 59: train_loss=0.085597 train_iou=0.908114 val_loss=0.296551 val_iou=0.622989 lr=0.00009085
2026-05-02 12:00:38,769 [Trainer] :: Updated latest checkpoint at epoch 59
2026-05-02 12:00:38,769 [Trainer] :: No validation IoU improvement for 22 epoch(s)
2026-05-02 12:00:38,769 [Trainer] :: Starting epoch 60
2026-05-02 12:02:38,457 [Trainer] :: Completed epoch 60: train_loss=0.086146 train_iou=0.910188 val_loss=0.302223 val_iou=0.625191 lr=0.00009055
2026-05-02 12:02:38,701 [Trainer] :: Updated latest checkpoint at epoch 60
2026-05-02 12:02:38,701 [Trainer] :: No validation IoU improvement for 23 epoch(s)
2026-05-02 12:02:38,701 [Trainer] :: Starting epoch 61
2026-05-02 12:04:38,244 [Trainer] :: Completed epoch 61: train_loss=0.083388 train_iou=0.910951 val_loss=0.302323 val_iou=0.622267 lr=0.00009024
2026-05-02 12:04:38,504 [Trainer] :: Updated latest checkpoint at epoch 61
2026-05-02 12:04:38,504 [Trainer] :: No validation IoU improvement for 24 epoch(s)
2026-05-02 12:04:38,504 [Trainer] :: Starting epoch 62
2026-05-02 12:06:36,781 [Trainer] :: Completed epoch 62: train_loss=0.084070 train_iou=0.910452 val_loss=0.300674 val_iou=0.628379 lr=0.00008993
2026-05-02 12:06:37,022 [Trainer] :: Updated latest checkpoint at epoch 62
2026-05-02 12:06:37,022 [Trainer] :: No validation IoU improvement for 25 epoch(s)
2026-05-02 12:06:37,022 [Trainer] :: Starting epoch 63
2026-05-02 12:08:36,323 [Trainer] :: Completed epoch 63: train_loss=0.081626 train_iou=0.912035 val_loss=0.304790 val_iou=0.622649 lr=0.00008961
2026-05-02 12:08:36,525 [Trainer] :: Updated latest checkpoint at epoch 63
2026-05-02 12:08:36,525 [Trainer] :: No validation IoU improvement for 26 epoch(s)
2026-05-02 12:08:36,525 [Trainer] :: Starting epoch 64
2026-05-02 12:10:37,003 [Trainer] :: Completed epoch 64: train_loss=0.084781 train_iou=0.907903 val_loss=0.307211 val_iou=0.619681 lr=0.00008929
2026-05-02 12:10:37,267 [Trainer] :: Updated latest checkpoint at epoch 64
2026-05-02 12:10:37,268 [Trainer] :: No validation IoU improvement for 27 epoch(s)
2026-05-02 12:10:37,268 [Trainer] :: Starting epoch 65
2026-05-02 12:12:39,367 [Trainer] :: Completed epoch 65: train_loss=0.084462 train_iou=0.909600 val_loss=0.309430 val_iou=0.619355 lr=0.00008897
2026-05-02 12:12:39,746 [Trainer] :: Updated latest checkpoint at epoch 65
2026-05-02 12:12:39,746 [Trainer] :: No validation IoU improvement for 28 epoch(s)
2026-05-02 12:12:39,746 [Trainer] :: Starting epoch 66
2026-05-02 12:14:42,616 [Trainer] :: Completed epoch 66: train_loss=0.079042 train_iou=0.915342 val_loss=0.294598 val_iou=0.628730 lr=0.00008864
2026-05-02 12:14:42,890 [Trainer] :: Updated latest checkpoint at epoch 66
2026-05-02 12:14:42,891 [Trainer] :: No validation IoU improvement for 29 epoch(s)
2026-05-02 12:14:42,891 [Trainer] :: Starting epoch 67
2026-05-02 12:16:45,597 [Trainer] :: Completed epoch 67: train_loss=0.079907 train_iou=0.914490 val_loss=0.326265 val_iou=0.606824 lr=0.00008831
2026-05-02 12:16:45,850 [Trainer] :: Updated latest checkpoint at epoch 67
2026-05-02 12:16:45,850 [Trainer] :: No validation IoU improvement for 30 epoch(s)
2026-05-02 12:16:45,850 [Trainer] :: Starting epoch 68
2026-05-02 12:18:46,766 [Trainer] :: Completed epoch 68: train_loss=0.079401 train_iou=0.916322 val_loss=0.304729 val_iou=0.623032 lr=0.00008797
2026-05-02 12:18:47,177 [Trainer] :: Updated latest checkpoint at epoch 68
2026-05-02 12:18:47,178 [Trainer] :: No validation IoU improvement for 31 epoch(s)
2026-05-02 12:18:47,178 [Trainer] :: Starting epoch 69
2026-05-02 12:20:48,711 [Trainer] :: Completed epoch 69: train_loss=0.077788 train_iou=0.916772 val_loss=0.315832 val_iou=0.613027 lr=0.00008763
2026-05-02 12:20:49,007 [Trainer] :: Updated latest checkpoint at epoch 69
2026-05-02 12:20:49,008 [Trainer] :: No validation IoU improvement for 32 epoch(s)
2026-05-02 12:20:49,008 [Trainer] :: Starting epoch 70
2026-05-02 12:22:54,435 [Trainer] :: Completed epoch 70: train_loss=0.078337 train_iou=0.915436 val_loss=0.301658 val_iou=0.621857 lr=0.00008729
2026-05-02 12:22:54,782 [Trainer] :: Updated latest checkpoint at epoch 70
2026-05-02 12:22:54,782 [Trainer] :: No validation IoU improvement for 33 epoch(s)
2026-05-02 12:22:54,783 [Trainer] :: Starting epoch 71
2026-05-02 12:24:56,624 [Trainer] :: Completed epoch 71: train_loss=0.076841 train_iou=0.916974 val_loss=0.317921 val_iou=0.613017 lr=0.00008694
2026-05-02 12:24:56,883 [Trainer] :: Updated latest checkpoint at epoch 71
2026-05-02 12:24:56,884 [Trainer] :: No validation IoU improvement for 34 epoch(s)
2026-05-02 12:24:56,884 [Trainer] :: Starting epoch 72
2026-05-02 12:27:01,582 [Trainer] :: Completed epoch 72: train_loss=0.075202 train_iou=0.918863 val_loss=0.320696 val_iou=0.618763 lr=0.00008658
2026-05-02 12:27:01,872 [Trainer] :: Updated latest checkpoint at epoch 72
2026-05-02 12:27:01,872 [Trainer] :: No validation IoU improvement for 35 epoch(s)
2026-05-02 12:27:01,872 [Trainer] :: Starting epoch 73
2026-05-02 12:29:02,851 [Trainer] :: Completed epoch 73: train_loss=0.075434 train_iou=0.919686 val_loss=0.303947 val_iou=0.628181 lr=0.00008623
2026-05-02 12:29:03,113 [Trainer] :: Updated latest checkpoint at epoch 73
2026-05-02 12:29:03,114 [Trainer] :: No validation IoU improvement for 36 epoch(s)
2026-05-02 12:29:03,114 [Trainer] :: Starting epoch 74
2026-05-02 12:30:58,930 [Trainer] :: Completed epoch 74: train_loss=0.075100 train_iou=0.919770 val_loss=0.302174 val_iou=0.632500 lr=0.00008587
2026-05-02 12:30:59,146 [Trainer] :: Updated latest checkpoint at epoch 74
2026-05-02 12:30:59,146 [Trainer] :: No validation IoU improvement for 37 epoch(s)
2026-05-02 12:30:59,146 [Trainer] :: Starting epoch 75
2026-05-02 12:32:58,308 [Trainer] :: Completed epoch 75: train_loss=0.073835 train_iou=0.922321 val_loss=0.312223 val_iou=0.618139 lr=0.00008550
2026-05-02 12:32:58,513 [Trainer] :: Updated latest checkpoint at epoch 75
2026-05-02 12:32:58,513 [Trainer] :: No validation IoU improvement for 38 epoch(s)
2026-05-02 12:32:58,513 [Trainer] :: Starting epoch 76
2026-05-02 12:34:56,856 [Trainer] :: Completed epoch 76: train_loss=0.074181 train_iou=0.920506 val_loss=0.314231 val_iou=0.617495 lr=0.00008513
2026-05-02 12:34:57,117 [Trainer] :: Updated latest checkpoint at epoch 76
2026-05-02 12:34:57,117 [Trainer] :: No validation IoU improvement for 39 epoch(s)
2026-05-02 12:34:57,117 [Trainer] :: Starting epoch 77
2026-05-02 12:36:57,757 [Trainer] :: Completed epoch 77: train_loss=0.072967 train_iou=0.922386 val_loss=0.306957 val_iou=0.623859 lr=0.00008476
2026-05-02 12:36:58,000 [Trainer] :: Updated latest checkpoint at epoch 77
2026-05-02 12:36:58,000 [Trainer] :: No validation IoU improvement for 40 epoch(s)
2026-05-02 12:36:58,000 [Trainer] :: Starting epoch 78
2026-05-02 12:38:56,613 [Trainer] :: Completed epoch 78: train_loss=0.071900 train_iou=0.923358 val_loss=0.329715 val_iou=0.599991 lr=0.00008439
2026-05-02 12:38:56,852 [Trainer] :: Updated latest checkpoint at epoch 78
2026-05-02 12:38:56,852 [Trainer] :: No validation IoU improvement for 41 epoch(s)
2026-05-02 12:38:56,852 [Trainer] :: Starting epoch 79
2026-05-02 12:41:04,608 [Trainer] :: Completed epoch 79: train_loss=0.072003 train_iou=0.923250 val_loss=0.307786 val_iou=0.626595 lr=0.00008401
2026-05-02 12:41:04,869 [Trainer] :: Updated latest checkpoint at epoch 79
2026-05-02 12:41:04,870 [Trainer] :: No validation IoU improvement for 42 epoch(s)
2026-05-02 12:41:04,870 [Trainer] :: Starting epoch 80
2026-05-02 12:43:11,799 [Trainer] :: Completed epoch 80: train_loss=0.070994 train_iou=0.923603 val_loss=0.309659 val_iou=0.626987 lr=0.00008362
2026-05-02 12:43:12,012 [Trainer] :: Updated latest checkpoint at epoch 80
2026-05-02 12:43:12,012 [Trainer] :: No validation IoU improvement for 43 epoch(s)
2026-05-02 12:43:12,012 [Trainer] :: Starting epoch 81
2026-05-02 12:45:19,202 [Trainer] :: Completed epoch 81: train_loss=0.072420 train_iou=0.921012 val_loss=0.322369 val_iou=0.622007 lr=0.00008323
2026-05-02 12:45:19,530 [Trainer] :: Updated latest checkpoint at epoch 81
2026-05-02 12:45:19,530 [Trainer] :: No validation IoU improvement for 44 epoch(s)
2026-05-02 12:45:19,530 [Trainer] :: Starting epoch 82
2026-05-02 12:47:26,449 [Trainer] :: Completed epoch 82: train_loss=0.070354 train_iou=0.924307 val_loss=0.322149 val_iou=0.611893 lr=0.00008284
2026-05-02 12:47:26,667 [Trainer] :: Updated latest checkpoint at epoch 82
2026-05-02 12:47:26,667 [Trainer] :: No validation IoU improvement for 45 epoch(s)
2026-05-02 12:47:26,667 [Trainer] :: Starting epoch 83
2026-05-02 12:49:30,445 [Trainer] :: Completed epoch 83: train_loss=0.070068 train_iou=0.925130 val_loss=0.311008 val_iou=0.632200 lr=0.00008245
2026-05-02 12:49:30,675 [Trainer] :: Updated latest checkpoint at epoch 83
2026-05-02 12:49:30,675 [Trainer] :: No validation IoU improvement for 46 epoch(s)
2026-05-02 12:49:30,675 [Trainer] :: Starting epoch 84
2026-05-02 12:51:40,591 [Trainer] :: Completed epoch 84: train_loss=0.070537 train_iou=0.924146 val_loss=0.334724 val_iou=0.614540 lr=0.00008205
2026-05-02 12:51:40,894 [Trainer] :: Updated latest checkpoint at epoch 84
2026-05-02 12:51:40,894 [Trainer] :: No validation IoU improvement for 47 epoch(s)
2026-05-02 12:51:40,894 [Trainer] :: Starting epoch 85
2026-05-02 12:53:47,775 [Trainer] :: Completed epoch 85: train_loss=0.068687 train_iou=0.925589 val_loss=0.329355 val_iou=0.612386 lr=0.00008165
2026-05-02 12:53:48,100 [Trainer] :: Updated latest checkpoint at epoch 85
2026-05-02 12:53:48,101 [Trainer] :: No validation IoU improvement for 48 epoch(s)
2026-05-02 12:53:48,101 [Trainer] :: Starting epoch 86
2026-05-02 12:55:52,350 [Trainer] :: Completed epoch 86: train_loss=0.067918 train_iou=0.926419 val_loss=0.335806 val_iou=0.609905 lr=0.00008125
2026-05-02 12:55:52,636 [Trainer] :: Updated latest checkpoint at epoch 86
2026-05-02 12:55:52,636 [Trainer] :: No validation IoU improvement for 49 epoch(s)
2026-05-02 12:55:52,636 [Trainer] :: Starting epoch 87
2026-05-02 12:57:59,325 [Trainer] :: Completed epoch 87: train_loss=0.068156 train_iou=0.926374 val_loss=0.321277 val_iou=0.623514 lr=0.00008084
2026-05-02 12:57:59,570 [Trainer] :: Updated latest checkpoint at epoch 87
2026-05-02 12:57:59,570 [Trainer] :: No validation IoU improvement for 50 epoch(s)
2026-05-02 12:57:59,570 [Trainer] :: Starting epoch 88
2026-05-02 13:00:05,002 [Trainer] :: Completed epoch 88: train_loss=0.066042 train_iou=0.928480 val_loss=0.355713 val_iou=0.596897 lr=0.00008043
2026-05-02 13:00:05,257 [Trainer] :: Updated latest checkpoint at epoch 88
2026-05-02 13:00:05,258 [Trainer] :: No validation IoU improvement for 51 epoch(s)
2026-05-02 13:00:05,258 [Trainer] :: Starting epoch 89
2026-05-02 13:02:16,062 [Trainer] :: Completed epoch 89: train_loss=0.066873 train_iou=0.928460 val_loss=0.331125 val_iou=0.610021 lr=0.00008001
2026-05-02 13:02:16,399 [Trainer] :: Updated latest checkpoint at epoch 89
2026-05-02 13:02:16,399 [Trainer] :: No validation IoU improvement for 52 epoch(s)
2026-05-02 13:02:16,399 [Trainer] :: Starting epoch 90
2026-05-02 13:04:25,665 [Trainer] :: Completed epoch 90: train_loss=0.066500 train_iou=0.929039 val_loss=0.325424 val_iou=0.622487 lr=0.00007960
2026-05-02 13:04:25,896 [Trainer] :: Updated latest checkpoint at epoch 90
2026-05-02 13:04:25,896 [Trainer] :: No validation IoU improvement for 53 epoch(s)
2026-05-02 13:04:25,896 [Trainer] :: Starting epoch 91
2026-05-02 13:06:35,599 [Trainer] :: Completed epoch 91: train_loss=0.065190 train_iou=0.928922 val_loss=0.319959 val_iou=0.626027 lr=0.00007917
2026-05-02 13:06:35,815 [Trainer] :: Updated latest checkpoint at epoch 91
2026-05-02 13:06:35,815 [Trainer] :: No validation IoU improvement for 54 epoch(s)
2026-05-02 13:06:35,815 [Trainer] :: Starting epoch 92
2026-05-02 13:08:42,656 [Trainer] :: Completed epoch 92: train_loss=0.064286 train_iou=0.931791 val_loss=0.331869 val_iou=0.616206 lr=0.00007875
2026-05-02 13:08:42,891 [Trainer] :: Updated latest checkpoint at epoch 92
2026-05-02 13:08:42,891 [Trainer] :: No validation IoU improvement for 55 epoch(s)
2026-05-02 13:08:42,891 [Trainer] :: Starting epoch 93
2026-05-02 13:10:49,570 [Trainer] :: Completed epoch 93: train_loss=0.064950 train_iou=0.930348 val_loss=0.329642 val_iou=0.617170 lr=0.00007832
2026-05-02 13:10:49,812 [Trainer] :: Updated latest checkpoint at epoch 93
2026-05-02 13:10:49,812 [Trainer] :: No validation IoU improvement for 56 epoch(s)
2026-05-02 13:10:49,812 [Trainer] :: Starting epoch 94
2026-05-02 13:12:57,189 [Trainer] :: Completed epoch 94: train_loss=0.064203 train_iou=0.929901 val_loss=0.341714 val_iou=0.610983 lr=0.00007789
2026-05-02 13:12:57,587 [Trainer] :: Updated latest checkpoint at epoch 94
2026-05-02 13:12:57,587 [Trainer] :: No validation IoU improvement for 57 epoch(s)
2026-05-02 13:12:57,587 [Trainer] :: Starting epoch 95
2026-05-02 13:15:04,837 [Trainer] :: Completed epoch 95: train_loss=0.064318 train_iou=0.930711 val_loss=0.321916 val_iou=0.625131 lr=0.00007746
2026-05-02 13:15:05,203 [Trainer] :: Updated latest checkpoint at epoch 95
2026-05-02 13:15:05,203 [Trainer] :: No validation IoU improvement for 58 epoch(s)
2026-05-02 13:15:05,203 [Trainer] :: Starting epoch 96
2026-05-02 13:17:09,512 [Trainer] :: Completed epoch 96: train_loss=0.063668 train_iou=0.931384 val_loss=0.327359 val_iou=0.625564 lr=0.00007702
2026-05-02 13:17:09,790 [Trainer] :: Updated latest checkpoint at epoch 96
2026-05-02 13:17:09,790 [Trainer] :: No validation IoU improvement for 59 epoch(s)
2026-05-02 13:17:09,790 [Trainer] :: Starting epoch 97
2026-05-02 13:19:15,964 [Trainer] :: Completed epoch 97: train_loss=0.064525 train_iou=0.930514 val_loss=0.339794 val_iou=0.621547 lr=0.00007658
2026-05-02 13:19:16,195 [Trainer] :: Updated latest checkpoint at epoch 97
2026-05-02 13:19:16,195 [Trainer] :: No validation IoU improvement for 60 epoch(s)
2026-05-02 13:19:16,195 [Trainer] :: Early stopping triggered after 60 epoch(s) without improvement
2026-05-02 13:22:12,041 [Trainer] :: Wrote training history to outputs/runs/real_msi_segformer_b1_seed48_20260502T080129Z/metrics/history.json
2026-05-02 13:22:12,049 [Trainer] :: Wrote test summary to outputs/runs/real_msi_segformer_b1_seed48_20260502T080129Z/metrics/test_summary.json
2026-05-02 13:22:12,050 [Trainer] :: Training completed
