2026-04-30 21:28:22,269 [Trainer] :: Training run initialized at /ceph/home/student.aau.dk/qd36zu/fuzzy-p10/tbd/masking/outputs/runs/rgb_unetplusplus_resnet34_seed43_20260430T192822Z
2026-04-30 21:28:22,269 [Trainer] :: Loaded config from /ceph/home/student.aau.dk/qd36zu/fuzzy-p10/tbd/masking/configs/binary/rgb_unetpp_resnet34.yaml
2026-04-30 21:28:22,270 [Trainer] :: Using seed=43 and device=None
2026-04-30 21:28:22,270 [Trainer] :: Using model architecture=UnetPlusPlus encoder=resnet34 encoder_weights=imagenet
2026-04-30 21:28:22,703 [Trainer] :: Resolved runtime device to cuda
2026-04-30 21:28:22,703 [Trainer] :: Prepared normalization from source=imagenet
2026-04-30 21:28:27,197 [Trainer] :: Built dataloaders with batch_size=16, num_workers=0
2026-04-30 21:28:27,198 [Trainer] :: Starting epoch 1
2026-04-30 21:31:24,625 [Trainer] :: Completed epoch 1: train_loss=0.467225 train_iou=0.604845 val_loss=0.424913 val_iou=0.518919 lr=0.00010000
2026-04-30 21:31:25,070 [Trainer] :: Updated latest checkpoint at epoch 1
2026-04-30 21:31:25,499 [Trainer] :: New best checkpoint saved with val_iou=0.518919
2026-04-30 21:31:25,499 [Trainer] :: Starting epoch 2
2026-04-30 21:34:15,538 [Trainer] :: Completed epoch 2: train_loss=0.354501 train_iou=0.723017 val_loss=0.385597 val_iou=0.570475 lr=0.00009999
2026-04-30 21:34:15,926 [Trainer] :: Updated latest checkpoint at epoch 2
2026-04-30 21:34:16,397 [Trainer] :: New best checkpoint saved with val_iou=0.570475
2026-04-30 21:34:16,397 [Trainer] :: Starting epoch 3
2026-04-30 21:37:16,859 [Trainer] :: Completed epoch 3: train_loss=0.319688 train_iou=0.747264 val_loss=0.362192 val_iou=0.575684 lr=0.00009998
2026-04-30 21:37:17,269 [Trainer] :: Updated latest checkpoint at epoch 3
2026-04-30 21:37:17,674 [Trainer] :: New best checkpoint saved with val_iou=0.575684
2026-04-30 21:37:17,674 [Trainer] :: Starting epoch 4
2026-04-30 21:40:11,050 [Trainer] :: Completed epoch 4: train_loss=0.301668 train_iou=0.756789 val_loss=0.332521 val_iou=0.583263 lr=0.00009996
2026-04-30 21:40:11,445 [Trainer] :: Updated latest checkpoint at epoch 4
2026-04-30 21:40:11,810 [Trainer] :: New best checkpoint saved with val_iou=0.583263
2026-04-30 21:40:11,810 [Trainer] :: Starting epoch 5
2026-04-30 21:43:01,597 [Trainer] :: Completed epoch 5: train_loss=0.277649 train_iou=0.776282 val_loss=0.327957 val_iou=0.580576 lr=0.00009993
2026-04-30 21:43:01,995 [Trainer] :: Updated latest checkpoint at epoch 5
2026-04-30 21:43:01,995 [Trainer] :: No validation IoU improvement for 1 epoch(s)
2026-04-30 21:43:01,995 [Trainer] :: Starting epoch 6
2026-04-30 21:45:58,766 [Trainer] :: Completed epoch 6: train_loss=0.263136 train_iou=0.782101 val_loss=0.335422 val_iou=0.571316 lr=0.00009990
2026-04-30 21:45:59,160 [Trainer] :: Updated latest checkpoint at epoch 6
2026-04-30 21:45:59,160 [Trainer] :: No validation IoU improvement for 2 epoch(s)
2026-04-30 21:45:59,160 [Trainer] :: Starting epoch 7
2026-04-30 21:48:58,659 [Trainer] :: Completed epoch 7: train_loss=0.245624 train_iou=0.797944 val_loss=0.298512 val_iou=0.599664 lr=0.00009987
2026-04-30 21:48:59,009 [Trainer] :: Updated latest checkpoint at epoch 7
2026-04-30 21:48:59,389 [Trainer] :: New best checkpoint saved with val_iou=0.599664
2026-04-30 21:48:59,390 [Trainer] :: Starting epoch 8
2026-04-30 21:51:57,847 [Trainer] :: Completed epoch 8: train_loss=0.235436 train_iou=0.803677 val_loss=0.326260 val_iou=0.553358 lr=0.00009983
2026-04-30 21:51:58,237 [Trainer] :: Updated latest checkpoint at epoch 8
2026-04-30 21:51:58,237 [Trainer] :: No validation IoU improvement for 1 epoch(s)
2026-04-30 21:51:58,237 [Trainer] :: Starting epoch 9
2026-04-30 21:54:59,928 [Trainer] :: Completed epoch 9: train_loss=0.223794 train_iou=0.813627 val_loss=0.280106 val_iou=0.621877 lr=0.00009978
2026-04-30 21:55:00,277 [Trainer] :: Updated latest checkpoint at epoch 9
2026-04-30 21:55:00,629 [Trainer] :: New best checkpoint saved with val_iou=0.621877
2026-04-30 21:55:00,629 [Trainer] :: Starting epoch 10
2026-04-30 21:57:55,560 [Trainer] :: Completed epoch 10: train_loss=0.210862 train_iou=0.826474 val_loss=0.316324 val_iou=0.579163 lr=0.00009973
2026-04-30 21:57:55,998 [Trainer] :: Updated latest checkpoint at epoch 10
2026-04-30 21:57:55,998 [Trainer] :: No validation IoU improvement for 1 epoch(s)
2026-04-30 21:57:55,998 [Trainer] :: Starting epoch 11
2026-04-30 22:00:54,383 [Trainer] :: Completed epoch 11: train_loss=0.211455 train_iou=0.819487 val_loss=0.303059 val_iou=0.569566 lr=0.00009967
2026-04-30 22:00:55,395 [Trainer] :: Updated latest checkpoint at epoch 11
2026-04-30 22:00:55,396 [Trainer] :: No validation IoU improvement for 2 epoch(s)
2026-04-30 22:00:55,396 [Trainer] :: Starting epoch 12
2026-04-30 22:03:55,110 [Trainer] :: Completed epoch 12: train_loss=0.198896 train_iou=0.831990 val_loss=0.306125 val_iou=0.562186 lr=0.00009961
2026-04-30 22:03:55,580 [Trainer] :: Updated latest checkpoint at epoch 12
2026-04-30 22:03:55,580 [Trainer] :: No validation IoU improvement for 3 epoch(s)
2026-04-30 22:03:55,580 [Trainer] :: Starting epoch 13
2026-04-30 22:06:55,300 [Trainer] :: Completed epoch 13: train_loss=0.190583 train_iou=0.839794 val_loss=0.293549 val_iou=0.584232 lr=0.00009954
2026-04-30 22:06:55,798 [Trainer] :: Updated latest checkpoint at epoch 13
2026-04-30 22:06:55,798 [Trainer] :: No validation IoU improvement for 4 epoch(s)
2026-04-30 22:06:55,798 [Trainer] :: Starting epoch 14
2026-04-30 22:09:50,669 [Trainer] :: Completed epoch 14: train_loss=0.182642 train_iou=0.845680 val_loss=0.322220 val_iou=0.539334 lr=0.00009947
2026-04-30 22:09:51,076 [Trainer] :: Updated latest checkpoint at epoch 14
2026-04-30 22:09:51,076 [Trainer] :: No validation IoU improvement for 5 epoch(s)
2026-04-30 22:09:51,076 [Trainer] :: Starting epoch 15
2026-04-30 22:12:51,153 [Trainer] :: Completed epoch 15: train_loss=0.183284 train_iou=0.840754 val_loss=0.292737 val_iou=0.577609 lr=0.00009939
2026-04-30 22:12:51,560 [Trainer] :: Updated latest checkpoint at epoch 15
2026-04-30 22:12:51,560 [Trainer] :: No validation IoU improvement for 6 epoch(s)
2026-04-30 22:12:51,560 [Trainer] :: Starting epoch 16
2026-04-30 22:15:56,186 [Trainer] :: Completed epoch 16: train_loss=0.180456 train_iou=0.847666 val_loss=0.278508 val_iou=0.617571 lr=0.00009931
2026-04-30 22:15:56,767 [Trainer] :: Updated latest checkpoint at epoch 16
2026-04-30 22:15:56,767 [Trainer] :: No validation IoU improvement for 7 epoch(s)
2026-04-30 22:15:56,767 [Trainer] :: Starting epoch 17
2026-04-30 22:18:55,435 [Trainer] :: Completed epoch 17: train_loss=0.171983 train_iou=0.854004 val_loss=0.273282 val_iou=0.619574 lr=0.00009922
2026-04-30 22:18:55,787 [Trainer] :: Updated latest checkpoint at epoch 17
2026-04-30 22:18:55,787 [Trainer] :: No validation IoU improvement for 8 epoch(s)
2026-04-30 22:18:55,787 [Trainer] :: Starting epoch 18
2026-04-30 22:22:01,771 [Trainer] :: Completed epoch 18: train_loss=0.168586 train_iou=0.856762 val_loss=0.287677 val_iou=0.591036 lr=0.00009912
2026-04-30 22:22:02,397 [Trainer] :: Updated latest checkpoint at epoch 18
2026-04-30 22:22:02,397 [Trainer] :: No validation IoU improvement for 9 epoch(s)
2026-04-30 22:22:02,397 [Trainer] :: Starting epoch 19
2026-04-30 22:25:00,622 [Trainer] :: Completed epoch 19: train_loss=0.160643 train_iou=0.864041 val_loss=0.304708 val_iou=0.562919 lr=0.00009902
2026-04-30 22:25:00,985 [Trainer] :: Updated latest checkpoint at epoch 19
2026-04-30 22:25:00,986 [Trainer] :: No validation IoU improvement for 10 epoch(s)
2026-04-30 22:25:00,986 [Trainer] :: Starting epoch 20
2026-04-30 22:28:07,456 [Trainer] :: Completed epoch 20: train_loss=0.164914 train_iou=0.858993 val_loss=0.277278 val_iou=0.604280 lr=0.00009892
2026-04-30 22:28:08,623 [Trainer] :: Updated latest checkpoint at epoch 20
2026-04-30 22:28:08,623 [Trainer] :: No validation IoU improvement for 11 epoch(s)
2026-04-30 22:28:08,623 [Trainer] :: Starting epoch 21
2026-04-30 22:31:03,678 [Trainer] :: Completed epoch 21: train_loss=0.156856 train_iou=0.867916 val_loss=0.280513 val_iou=0.607324 lr=0.00009881
2026-04-30 22:31:04,056 [Trainer] :: Updated latest checkpoint at epoch 21
2026-04-30 22:31:04,056 [Trainer] :: No validation IoU improvement for 12 epoch(s)
2026-04-30 22:31:04,056 [Trainer] :: Starting epoch 22
2026-04-30 22:34:01,079 [Trainer] :: Completed epoch 22: train_loss=0.154525 train_iou=0.867781 val_loss=0.305996 val_iou=0.571790 lr=0.00009869
2026-04-30 22:34:01,473 [Trainer] :: Updated latest checkpoint at epoch 22
2026-04-30 22:34:01,473 [Trainer] :: No validation IoU improvement for 13 epoch(s)
2026-04-30 22:34:01,473 [Trainer] :: Starting epoch 23
2026-04-30 22:36:57,040 [Trainer] :: Completed epoch 23: train_loss=0.146275 train_iou=0.875164 val_loss=0.288315 val_iou=0.595557 lr=0.00009857
2026-04-30 22:36:57,488 [Trainer] :: Updated latest checkpoint at epoch 23
2026-04-30 22:36:57,488 [Trainer] :: No validation IoU improvement for 14 epoch(s)
2026-04-30 22:36:57,488 [Trainer] :: Starting epoch 24
2026-04-30 22:39:52,753 [Trainer] :: Completed epoch 24: train_loss=0.149694 train_iou=0.872629 val_loss=0.287537 val_iou=0.602900 lr=0.00009844
2026-04-30 22:39:53,151 [Trainer] :: Updated latest checkpoint at epoch 24
2026-04-30 22:39:53,151 [Trainer] :: No validation IoU improvement for 15 epoch(s)
2026-04-30 22:39:53,151 [Trainer] :: Starting epoch 25
2026-04-30 22:42:45,371 [Trainer] :: Completed epoch 25: train_loss=0.144566 train_iou=0.877591 val_loss=0.282409 val_iou=0.614509 lr=0.00009831
2026-04-30 22:42:45,761 [Trainer] :: Updated latest checkpoint at epoch 25
2026-04-30 22:42:45,761 [Trainer] :: No validation IoU improvement for 16 epoch(s)
2026-04-30 22:42:45,761 [Trainer] :: Starting epoch 26
2026-04-30 22:45:41,938 [Trainer] :: Completed epoch 26: train_loss=0.143102 train_iou=0.879236 val_loss=0.293022 val_iou=0.587567 lr=0.00009818
2026-04-30 22:45:42,391 [Trainer] :: Updated latest checkpoint at epoch 26
2026-04-30 22:45:42,391 [Trainer] :: No validation IoU improvement for 17 epoch(s)
2026-04-30 22:45:42,391 [Trainer] :: Starting epoch 27
2026-04-30 22:48:40,959 [Trainer] :: Completed epoch 27: train_loss=0.135870 train_iou=0.885466 val_loss=0.381479 val_iou=0.488299 lr=0.00009803
2026-04-30 22:48:41,641 [Trainer] :: Updated latest checkpoint at epoch 27
2026-04-30 22:48:41,641 [Trainer] :: No validation IoU improvement for 18 epoch(s)
2026-04-30 22:48:41,641 [Trainer] :: Starting epoch 28
2026-04-30 22:51:34,126 [Trainer] :: Completed epoch 28: train_loss=0.134298 train_iou=0.887255 val_loss=0.280484 val_iou=0.598328 lr=0.00009789
2026-04-30 22:51:34,520 [Trainer] :: Updated latest checkpoint at epoch 28
2026-04-30 22:51:34,520 [Trainer] :: No validation IoU improvement for 19 epoch(s)
2026-04-30 22:51:34,520 [Trainer] :: Starting epoch 29
2026-04-30 22:54:27,042 [Trainer] :: Completed epoch 29: train_loss=0.129537 train_iou=0.890499 val_loss=0.302151 val_iou=0.565692 lr=0.00009773
2026-04-30 22:54:27,452 [Trainer] :: Updated latest checkpoint at epoch 29
2026-04-30 22:54:27,452 [Trainer] :: No validation IoU improvement for 20 epoch(s)
2026-04-30 22:54:27,452 [Trainer] :: Starting epoch 30
2026-04-30 22:57:18,481 [Trainer] :: Completed epoch 30: train_loss=0.127946 train_iou=0.891879 val_loss=0.288981 val_iou=0.605701 lr=0.00009758
2026-04-30 22:57:18,882 [Trainer] :: Updated latest checkpoint at epoch 30
2026-04-30 22:57:18,882 [Trainer] :: No validation IoU improvement for 21 epoch(s)
2026-04-30 22:57:18,882 [Trainer] :: Starting epoch 31
2026-04-30 23:00:21,912 [Trainer] :: Completed epoch 31: train_loss=0.124755 train_iou=0.894992 val_loss=0.284737 val_iou=0.605283 lr=0.00009741
2026-04-30 23:00:22,374 [Trainer] :: Updated latest checkpoint at epoch 31
2026-04-30 23:00:22,374 [Trainer] :: No validation IoU improvement for 22 epoch(s)
2026-04-30 23:00:22,374 [Trainer] :: Starting epoch 32
2026-04-30 23:03:24,898 [Trainer] :: Completed epoch 32: train_loss=0.124381 train_iou=0.890604 val_loss=0.291997 val_iou=0.604939 lr=0.00009725
2026-04-30 23:03:25,411 [Trainer] :: Updated latest checkpoint at epoch 32
2026-04-30 23:03:25,412 [Trainer] :: No validation IoU improvement for 23 epoch(s)
2026-04-30 23:03:25,412 [Trainer] :: Starting epoch 33
2026-04-30 23:06:48,331 [Trainer] :: Completed epoch 33: train_loss=0.124824 train_iou=0.888909 val_loss=0.274681 val_iou=0.621653 lr=0.00009707
2026-04-30 23:06:49,115 [Trainer] :: Updated latest checkpoint at epoch 33
2026-04-30 23:06:49,115 [Trainer] :: No validation IoU improvement for 24 epoch(s)
2026-04-30 23:06:49,115 [Trainer] :: Starting epoch 34
2026-04-30 23:09:43,557 [Trainer] :: Completed epoch 34: train_loss=0.117346 train_iou=0.894883 val_loss=0.303007 val_iou=0.582233 lr=0.00009690
2026-04-30 23:09:43,930 [Trainer] :: Updated latest checkpoint at epoch 34
2026-04-30 23:09:43,930 [Trainer] :: No validation IoU improvement for 25 epoch(s)
2026-04-30 23:09:43,930 [Trainer] :: Starting epoch 35
2026-04-30 23:12:42,745 [Trainer] :: Completed epoch 35: train_loss=0.115446 train_iou=0.898137 val_loss=0.312939 val_iou=0.587437 lr=0.00009671
2026-04-30 23:12:43,219 [Trainer] :: Updated latest checkpoint at epoch 35
2026-04-30 23:12:43,219 [Trainer] :: No validation IoU improvement for 26 epoch(s)
2026-04-30 23:12:43,220 [Trainer] :: Starting epoch 36
2026-04-30 23:15:46,420 [Trainer] :: Completed epoch 36: train_loss=0.109795 train_iou=0.900262 val_loss=0.286484 val_iou=0.611720 lr=0.00009652
2026-04-30 23:15:46,814 [Trainer] :: Updated latest checkpoint at epoch 36
2026-04-30 23:15:46,814 [Trainer] :: No validation IoU improvement for 27 epoch(s)
2026-04-30 23:15:46,814 [Trainer] :: Starting epoch 37
2026-04-30 23:18:47,344 [Trainer] :: Completed epoch 37: train_loss=0.106749 train_iou=0.902199 val_loss=0.330951 val_iou=0.545122 lr=0.00009633
2026-04-30 23:18:47,712 [Trainer] :: Updated latest checkpoint at epoch 37
2026-04-30 23:18:47,712 [Trainer] :: No validation IoU improvement for 28 epoch(s)
2026-04-30 23:18:47,712 [Trainer] :: Starting epoch 38
2026-04-30 23:21:44,268 [Trainer] :: Completed epoch 38: train_loss=0.108330 train_iou=0.899852 val_loss=0.307267 val_iou=0.574741 lr=0.00009613
2026-04-30 23:21:44,718 [Trainer] :: Updated latest checkpoint at epoch 38
2026-04-30 23:21:44,718 [Trainer] :: No validation IoU improvement for 29 epoch(s)
2026-04-30 23:21:44,718 [Trainer] :: Starting epoch 39
2026-04-30 23:24:43,016 [Trainer] :: Completed epoch 39: train_loss=0.103855 train_iou=0.901006 val_loss=0.290413 val_iou=0.608831 lr=0.00009593
2026-04-30 23:24:43,418 [Trainer] :: Updated latest checkpoint at epoch 39
2026-04-30 23:24:43,418 [Trainer] :: No validation IoU improvement for 30 epoch(s)
2026-04-30 23:24:43,418 [Trainer] :: Starting epoch 40
2026-04-30 23:27:43,167 [Trainer] :: Completed epoch 40: train_loss=0.102300 train_iou=0.902238 val_loss=0.290714 val_iou=0.611677 lr=0.00009572
2026-04-30 23:27:43,566 [Trainer] :: Updated latest checkpoint at epoch 40
2026-04-30 23:27:43,566 [Trainer] :: No validation IoU improvement for 31 epoch(s)
2026-04-30 23:27:43,567 [Trainer] :: Starting epoch 41
2026-04-30 23:30:51,618 [Trainer] :: Completed epoch 41: train_loss=0.101669 train_iou=0.904144 val_loss=0.322650 val_iou=0.578235 lr=0.00009551
2026-04-30 23:30:51,995 [Trainer] :: Updated latest checkpoint at epoch 41
2026-04-30 23:30:51,995 [Trainer] :: No validation IoU improvement for 32 epoch(s)
2026-04-30 23:30:51,995 [Trainer] :: Starting epoch 42
2026-04-30 23:33:44,186 [Trainer] :: Completed epoch 42: train_loss=0.101104 train_iou=0.901704 val_loss=0.308353 val_iou=0.580962 lr=0.00009529
2026-04-30 23:33:44,671 [Trainer] :: Updated latest checkpoint at epoch 42
2026-04-30 23:33:44,671 [Trainer] :: No validation IoU improvement for 33 epoch(s)
2026-04-30 23:33:44,671 [Trainer] :: Starting epoch 43
2026-04-30 23:36:31,442 [Trainer] :: Completed epoch 43: train_loss=0.094199 train_iou=0.906428 val_loss=0.313157 val_iou=0.576183 lr=0.00009507
2026-04-30 23:36:32,003 [Trainer] :: Updated latest checkpoint at epoch 43
2026-04-30 23:36:32,003 [Trainer] :: No validation IoU improvement for 34 epoch(s)
2026-04-30 23:36:32,003 [Trainer] :: Starting epoch 44
2026-04-30 23:39:22,149 [Trainer] :: Completed epoch 44: train_loss=0.095516 train_iou=0.905989 val_loss=0.322038 val_iou=0.564698 lr=0.00009484
2026-04-30 23:39:22,519 [Trainer] :: Updated latest checkpoint at epoch 44
2026-04-30 23:39:22,519 [Trainer] :: No validation IoU improvement for 35 epoch(s)
2026-04-30 23:39:22,519 [Trainer] :: Starting epoch 45
2026-04-30 23:42:08,149 [Trainer] :: Completed epoch 45: train_loss=0.090703 train_iou=0.909710 val_loss=0.308915 val_iou=0.606458 lr=0.00009460
2026-04-30 23:42:08,511 [Trainer] :: Updated latest checkpoint at epoch 45
2026-04-30 23:42:08,511 [Trainer] :: No validation IoU improvement for 36 epoch(s)
2026-04-30 23:42:08,511 [Trainer] :: Starting epoch 46
2026-04-30 23:45:02,554 [Trainer] :: Completed epoch 46: train_loss=0.089173 train_iou=0.910639 val_loss=0.309337 val_iou=0.571165 lr=0.00009437
2026-04-30 23:45:02,928 [Trainer] :: Updated latest checkpoint at epoch 46
2026-04-30 23:45:02,928 [Trainer] :: No validation IoU improvement for 37 epoch(s)
2026-04-30 23:45:02,928 [Trainer] :: Starting epoch 47
2026-04-30 23:47:53,189 [Trainer] :: Completed epoch 47: train_loss=0.086351 train_iou=0.912671 val_loss=0.319506 val_iou=0.562647 lr=0.00009412
2026-04-30 23:47:53,549 [Trainer] :: Updated latest checkpoint at epoch 47
2026-04-30 23:47:53,549 [Trainer] :: No validation IoU improvement for 38 epoch(s)
2026-04-30 23:47:53,550 [Trainer] :: Starting epoch 48
2026-04-30 23:51:02,524 [Trainer] :: Completed epoch 48: train_loss=0.084904 train_iou=0.913658 val_loss=0.335453 val_iou=0.551075 lr=0.00009388
2026-04-30 23:51:03,144 [Trainer] :: Updated latest checkpoint at epoch 48
2026-04-30 23:51:03,144 [Trainer] :: No validation IoU improvement for 39 epoch(s)
2026-04-30 23:51:03,144 [Trainer] :: Starting epoch 49
2026-04-30 23:53:51,633 [Trainer] :: Completed epoch 49: train_loss=0.090390 train_iou=0.908454 val_loss=0.311163 val_iou=0.600831 lr=0.00009363
2026-04-30 23:53:52,001 [Trainer] :: Updated latest checkpoint at epoch 49
2026-04-30 23:53:52,001 [Trainer] :: No validation IoU improvement for 40 epoch(s)
2026-04-30 23:53:52,001 [Trainer] :: Starting epoch 50
2026-04-30 23:56:52,816 [Trainer] :: Completed epoch 50: train_loss=0.083788 train_iou=0.913995 val_loss=0.299265 val_iou=0.612012 lr=0.00009337
2026-04-30 23:56:53,174 [Trainer] :: Updated latest checkpoint at epoch 50
2026-04-30 23:56:53,174 [Trainer] :: No validation IoU improvement for 41 epoch(s)
2026-04-30 23:56:53,174 [Trainer] :: Starting epoch 51
2026-04-30 23:59:46,698 [Trainer] :: Completed epoch 51: train_loss=0.082853 train_iou=0.915069 val_loss=0.320360 val_iou=0.596164 lr=0.00009311
2026-04-30 23:59:47,333 [Trainer] :: Updated latest checkpoint at epoch 51
2026-04-30 23:59:47,333 [Trainer] :: No validation IoU improvement for 42 epoch(s)
2026-04-30 23:59:47,333 [Trainer] :: Starting epoch 52
2026-05-01 00:02:41,783 [Trainer] :: Completed epoch 52: train_loss=0.081895 train_iou=0.915653 val_loss=0.330620 val_iou=0.579036 lr=0.00009284
2026-05-01 00:02:42,174 [Trainer] :: Updated latest checkpoint at epoch 52
2026-05-01 00:02:42,174 [Trainer] :: No validation IoU improvement for 43 epoch(s)
2026-05-01 00:02:42,174 [Trainer] :: Starting epoch 53
2026-05-01 00:05:35,286 [Trainer] :: Completed epoch 53: train_loss=0.082135 train_iou=0.914996 val_loss=0.320532 val_iou=0.591167 lr=0.00009257
2026-05-01 00:05:35,664 [Trainer] :: Updated latest checkpoint at epoch 53
2026-05-01 00:05:35,664 [Trainer] :: No validation IoU improvement for 44 epoch(s)
2026-05-01 00:05:35,664 [Trainer] :: Starting epoch 54
2026-05-01 00:08:32,493 [Trainer] :: Completed epoch 54: train_loss=0.079002 train_iou=0.917782 val_loss=0.317247 val_iou=0.585125 lr=0.00009229
2026-05-01 00:08:32,989 [Trainer] :: Updated latest checkpoint at epoch 54
2026-05-01 00:08:32,989 [Trainer] :: No validation IoU improvement for 45 epoch(s)
2026-05-01 00:08:32,989 [Trainer] :: Starting epoch 55
2026-05-01 00:11:29,416 [Trainer] :: Completed epoch 55: train_loss=0.076706 train_iou=0.920491 val_loss=0.322076 val_iou=0.585522 lr=0.00009201
2026-05-01 00:11:29,815 [Trainer] :: Updated latest checkpoint at epoch 55
2026-05-01 00:11:29,815 [Trainer] :: No validation IoU improvement for 46 epoch(s)
2026-05-01 00:11:29,815 [Trainer] :: Starting epoch 56
2026-05-01 00:14:19,936 [Trainer] :: Completed epoch 56: train_loss=0.075163 train_iou=0.922075 val_loss=0.328753 val_iou=0.576616 lr=0.00009173
2026-05-01 00:14:20,372 [Trainer] :: Updated latest checkpoint at epoch 56
2026-05-01 00:14:20,372 [Trainer] :: No validation IoU improvement for 47 epoch(s)
2026-05-01 00:14:20,372 [Trainer] :: Starting epoch 57
2026-05-01 00:17:38,180 [Trainer] :: Completed epoch 57: train_loss=0.078043 train_iou=0.918869 val_loss=0.299986 val_iou=0.605234 lr=0.00009144
2026-05-01 00:17:38,542 [Trainer] :: Updated latest checkpoint at epoch 57
2026-05-01 00:17:38,542 [Trainer] :: No validation IoU improvement for 48 epoch(s)
2026-05-01 00:17:38,542 [Trainer] :: Starting epoch 58
2026-05-01 00:20:25,978 [Trainer] :: Completed epoch 58: train_loss=0.074950 train_iou=0.921489 val_loss=0.345476 val_iou=0.554383 lr=0.00009115
2026-05-01 00:20:26,723 [Trainer] :: Updated latest checkpoint at epoch 58
2026-05-01 00:20:26,724 [Trainer] :: No validation IoU improvement for 49 epoch(s)
2026-05-01 00:20:26,724 [Trainer] :: Starting epoch 59
2026-05-01 00:23:34,086 [Trainer] :: Completed epoch 59: train_loss=0.075014 train_iou=0.922436 val_loss=0.325295 val_iou=0.595471 lr=0.00009085
2026-05-01 00:23:34,531 [Trainer] :: Updated latest checkpoint at epoch 59
2026-05-01 00:23:34,532 [Trainer] :: No validation IoU improvement for 50 epoch(s)
2026-05-01 00:23:34,532 [Trainer] :: Starting epoch 60
2026-05-01 00:26:31,567 [Trainer] :: Completed epoch 60: train_loss=0.074000 train_iou=0.922378 val_loss=0.323174 val_iou=0.590101 lr=0.00009055
2026-05-01 00:26:31,954 [Trainer] :: Updated latest checkpoint at epoch 60
2026-05-01 00:26:31,954 [Trainer] :: No validation IoU improvement for 51 epoch(s)
2026-05-01 00:26:31,954 [Trainer] :: Starting epoch 61
2026-05-01 00:29:36,365 [Trainer] :: Completed epoch 61: train_loss=0.071746 train_iou=0.924186 val_loss=0.340824 val_iou=0.580615 lr=0.00009024
2026-05-01 00:29:36,750 [Trainer] :: Updated latest checkpoint at epoch 61
2026-05-01 00:29:36,751 [Trainer] :: No validation IoU improvement for 52 epoch(s)
2026-05-01 00:29:36,751 [Trainer] :: Starting epoch 62
2026-05-01 00:32:23,070 [Trainer] :: Completed epoch 62: train_loss=0.070889 train_iou=0.926321 val_loss=0.339605 val_iou=0.572392 lr=0.00008993
2026-05-01 00:32:23,549 [Trainer] :: Updated latest checkpoint at epoch 62
2026-05-01 00:32:23,549 [Trainer] :: No validation IoU improvement for 53 epoch(s)
2026-05-01 00:32:23,549 [Trainer] :: Starting epoch 63
2026-05-01 00:35:08,782 [Trainer] :: Completed epoch 63: train_loss=0.074382 train_iou=0.922704 val_loss=0.353715 val_iou=0.570427 lr=0.00008961
2026-05-01 00:35:09,160 [Trainer] :: Updated latest checkpoint at epoch 63
2026-05-01 00:35:09,160 [Trainer] :: No validation IoU improvement for 54 epoch(s)
2026-05-01 00:35:09,160 [Trainer] :: Starting epoch 64
2026-05-01 00:37:53,763 [Trainer] :: Completed epoch 64: train_loss=0.068909 train_iou=0.926766 val_loss=0.329944 val_iou=0.577664 lr=0.00008929
2026-05-01 00:37:54,154 [Trainer] :: Updated latest checkpoint at epoch 64
2026-05-01 00:37:54,155 [Trainer] :: No validation IoU improvement for 55 epoch(s)
2026-05-01 00:37:54,155 [Trainer] :: Starting epoch 65
2026-05-01 00:40:40,672 [Trainer] :: Completed epoch 65: train_loss=0.066335 train_iou=0.929253 val_loss=0.311000 val_iou=0.596792 lr=0.00008897
2026-05-01 00:40:41,343 [Trainer] :: Updated latest checkpoint at epoch 65
2026-05-01 00:40:41,343 [Trainer] :: No validation IoU improvement for 56 epoch(s)
2026-05-01 00:40:41,343 [Trainer] :: Starting epoch 66
2026-05-01 00:43:29,263 [Trainer] :: Completed epoch 66: train_loss=0.068223 train_iou=0.928158 val_loss=0.320603 val_iou=0.602436 lr=0.00008864
2026-05-01 00:43:29,633 [Trainer] :: Updated latest checkpoint at epoch 66
2026-05-01 00:43:29,633 [Trainer] :: No validation IoU improvement for 57 epoch(s)
2026-05-01 00:43:29,633 [Trainer] :: Starting epoch 67
2026-05-01 00:46:16,529 [Trainer] :: Completed epoch 67: train_loss=0.066092 train_iou=0.930145 val_loss=0.321151 val_iou=0.592360 lr=0.00008831
2026-05-01 00:46:16,906 [Trainer] :: Updated latest checkpoint at epoch 67
2026-05-01 00:46:16,906 [Trainer] :: No validation IoU improvement for 58 epoch(s)
2026-05-01 00:46:16,906 [Trainer] :: Starting epoch 68
2026-05-01 00:49:48,670 [Trainer] :: Completed epoch 68: train_loss=0.066614 train_iou=0.930423 val_loss=0.340474 val_iou=0.582990 lr=0.00008797
2026-05-01 00:49:49,112 [Trainer] :: Updated latest checkpoint at epoch 68
2026-05-01 00:49:49,112 [Trainer] :: No validation IoU improvement for 59 epoch(s)
2026-05-01 00:49:49,112 [Trainer] :: Starting epoch 69
2026-05-01 00:52:47,192 [Trainer] :: Completed epoch 69: train_loss=0.064869 train_iou=0.930385 val_loss=0.301884 val_iou=0.605074 lr=0.00008763
2026-05-01 00:52:47,581 [Trainer] :: Updated latest checkpoint at epoch 69
2026-05-01 00:52:47,581 [Trainer] :: No validation IoU improvement for 60 epoch(s)
2026-05-01 00:52:47,581 [Trainer] :: Early stopping triggered after 60 epoch(s) without improvement
2026-05-01 00:56:00,818 [Trainer] :: Wrote training history to outputs/runs/rgb_unetplusplus_resnet34_seed43_20260430T192822Z/metrics/history.json
2026-05-01 00:56:00,941 [Trainer] :: Wrote test summary to outputs/runs/rgb_unetplusplus_resnet34_seed43_20260430T192822Z/metrics/test_summary.json
2026-05-01 00:56:00,941 [Trainer] :: Training completed
