2026-05-10 14:56:06,134 [Trainer] :: Training run initialized at /ceph/home/student.aau.dk/qd36zu/fuzzy-p10/tbd/masking/outputs/runs/rgb_real_msi_unetplusplus_resnet50_fuzzy_halo_seed51_20260510T125605Z
2026-05-10 14:56:06,135 [Trainer] :: Loaded config from /ceph/home/student.aau.dk/qd36zu/fuzzy-p10/tbd/masking/configs/fuzzy/rgb_real_msi_unetpp_resnet50.yaml
2026-05-10 14:56:06,135 [Trainer] :: Using seed=51 and device=None
2026-05-10 14:56:06,135 [Trainer] :: Using model architecture=UnetPlusPlus encoder=resnet50 encoder_weights=imagenet
2026-05-10 14:56:06,442 [Trainer] :: Resolved runtime device to cuda
2026-05-10 14:56:06,443 [Trainer] :: Prepared normalization from source=train_split_patch_stats
2026-05-10 14:56:11,755 [Trainer] :: Built dataloaders with batch_size=16, num_workers=0
2026-05-10 14:56:11,756 [Trainer] :: Starting epoch 1
2026-05-10 15:04:26,970 [Trainer] :: Completed epoch 1: train_loss=0.399250 train_iou=0.694496 val_loss=0.393943 val_iou=0.550645 lr=0.00010000
2026-05-10 15:04:27,563 [Trainer] :: Updated latest checkpoint at epoch 1
2026-05-10 15:04:28,081 [Trainer] :: New best checkpoint saved with val_iou=0.550645
2026-05-10 15:04:28,081 [Trainer] :: Starting epoch 2
2026-05-10 15:12:44,075 [Trainer] :: Completed epoch 2: train_loss=0.318717 train_iou=0.761457 val_loss=0.385260 val_iou=0.544967 lr=0.00009999
2026-05-10 15:12:44,788 [Trainer] :: Updated latest checkpoint at epoch 2
2026-05-10 15:12:44,788 [Trainer] :: No validation IoU improvement for 1 epoch(s)
2026-05-10 15:12:44,788 [Trainer] :: Starting epoch 3
2026-05-10 15:20:52,238 [Trainer] :: Completed epoch 3: train_loss=0.294527 train_iou=0.771301 val_loss=0.367706 val_iou=0.463202 lr=0.00009998
2026-05-10 15:20:53,886 [Trainer] :: Updated latest checkpoint at epoch 3
2026-05-10 15:20:53,886 [Trainer] :: No validation IoU improvement for 2 epoch(s)
2026-05-10 15:20:53,886 [Trainer] :: Starting epoch 4
2026-05-10 15:28:44,813 [Trainer] :: Completed epoch 4: train_loss=0.271778 train_iou=0.789411 val_loss=0.346349 val_iou=0.539853 lr=0.00009996
2026-05-10 15:28:45,455 [Trainer] :: Updated latest checkpoint at epoch 4
2026-05-10 15:28:45,455 [Trainer] :: No validation IoU improvement for 3 epoch(s)
2026-05-10 15:28:45,455 [Trainer] :: Starting epoch 5
2026-05-10 15:37:29,644 [Trainer] :: Completed epoch 5: train_loss=0.253312 train_iou=0.801124 val_loss=0.330247 val_iou=0.571483 lr=0.00009993
2026-05-10 15:37:30,386 [Trainer] :: Updated latest checkpoint at epoch 5
2026-05-10 15:37:30,998 [Trainer] :: New best checkpoint saved with val_iou=0.571483
2026-05-10 15:37:30,998 [Trainer] :: Starting epoch 6
2026-05-10 15:46:30,188 [Trainer] :: Completed epoch 6: train_loss=0.240681 train_iou=0.812433 val_loss=0.382008 val_iou=0.451507 lr=0.00009990
2026-05-10 15:46:30,782 [Trainer] :: Updated latest checkpoint at epoch 6
2026-05-10 15:46:30,782 [Trainer] :: No validation IoU improvement for 1 epoch(s)
2026-05-10 15:46:30,783 [Trainer] :: Starting epoch 7
2026-05-10 15:55:36,950 [Trainer] :: Completed epoch 7: train_loss=0.234275 train_iou=0.812847 val_loss=0.309238 val_iou=0.588919 lr=0.00009987
2026-05-10 15:55:37,664 [Trainer] :: Updated latest checkpoint at epoch 7
2026-05-10 15:55:38,241 [Trainer] :: New best checkpoint saved with val_iou=0.588919
2026-05-10 15:55:38,241 [Trainer] :: Starting epoch 8
2026-05-10 16:04:40,813 [Trainer] :: Completed epoch 8: train_loss=0.218713 train_iou=0.823314 val_loss=0.317652 val_iou=0.544539 lr=0.00009983
2026-05-10 16:04:41,420 [Trainer] :: Updated latest checkpoint at epoch 8
2026-05-10 16:04:41,420 [Trainer] :: No validation IoU improvement for 1 epoch(s)
2026-05-10 16:04:41,420 [Trainer] :: Starting epoch 9
2026-05-10 16:13:44,637 [Trainer] :: Completed epoch 9: train_loss=0.209198 train_iou=0.832072 val_loss=0.311942 val_iou=0.589071 lr=0.00009978
2026-05-10 16:13:45,335 [Trainer] :: Updated latest checkpoint at epoch 9
2026-05-10 16:13:45,946 [Trainer] :: New best checkpoint saved with val_iou=0.589071
2026-05-10 16:13:45,946 [Trainer] :: Starting epoch 10
2026-05-10 16:22:50,681 [Trainer] :: Completed epoch 10: train_loss=0.199985 train_iou=0.841756 val_loss=0.289213 val_iou=0.645094 lr=0.00009973
2026-05-10 16:22:51,461 [Trainer] :: Updated latest checkpoint at epoch 10
2026-05-10 16:22:52,131 [Trainer] :: New best checkpoint saved with val_iou=0.645094
2026-05-10 16:22:52,132 [Trainer] :: Starting epoch 11
2026-05-10 16:31:54,517 [Trainer] :: Completed epoch 11: train_loss=0.199977 train_iou=0.837761 val_loss=0.319832 val_iou=0.588700 lr=0.00009967
2026-05-10 16:31:55,179 [Trainer] :: Updated latest checkpoint at epoch 11
2026-05-10 16:31:55,179 [Trainer] :: No validation IoU improvement for 1 epoch(s)
2026-05-10 16:31:55,179 [Trainer] :: Starting epoch 12
2026-05-10 16:40:54,281 [Trainer] :: Completed epoch 12: train_loss=0.195473 train_iou=0.841751 val_loss=0.306576 val_iou=0.612039 lr=0.00009961
2026-05-10 16:40:54,947 [Trainer] :: Updated latest checkpoint at epoch 12
2026-05-10 16:40:54,947 [Trainer] :: No validation IoU improvement for 2 epoch(s)
2026-05-10 16:40:54,947 [Trainer] :: Starting epoch 13
2026-05-10 16:49:55,995 [Trainer] :: Completed epoch 13: train_loss=0.190003 train_iou=0.845952 val_loss=0.282287 val_iou=0.644485 lr=0.00009954
2026-05-10 16:49:56,651 [Trainer] :: Updated latest checkpoint at epoch 13
2026-05-10 16:49:56,652 [Trainer] :: No validation IoU improvement for 3 epoch(s)
2026-05-10 16:49:56,652 [Trainer] :: Starting epoch 14
2026-05-10 16:58:57,155 [Trainer] :: Completed epoch 14: train_loss=0.183775 train_iou=0.851660 val_loss=0.351048 val_iou=0.540090 lr=0.00009947
2026-05-10 16:58:57,834 [Trainer] :: Updated latest checkpoint at epoch 14
2026-05-10 16:58:57,834 [Trainer] :: No validation IoU improvement for 4 epoch(s)
2026-05-10 16:58:57,834 [Trainer] :: Starting epoch 15
2026-05-10 17:08:00,075 [Trainer] :: Completed epoch 15: train_loss=0.173635 train_iou=0.860321 val_loss=0.299654 val_iou=0.608167 lr=0.00009939
2026-05-10 17:08:00,792 [Trainer] :: Updated latest checkpoint at epoch 15
2026-05-10 17:08:00,792 [Trainer] :: No validation IoU improvement for 5 epoch(s)
2026-05-10 17:08:00,792 [Trainer] :: Starting epoch 16
2026-05-10 17:17:01,506 [Trainer] :: Completed epoch 16: train_loss=0.172011 train_iou=0.862628 val_loss=0.297154 val_iou=0.593762 lr=0.00009931
2026-05-10 17:17:02,217 [Trainer] :: Updated latest checkpoint at epoch 16
2026-05-10 17:17:02,217 [Trainer] :: No validation IoU improvement for 6 epoch(s)
2026-05-10 17:17:02,217 [Trainer] :: Starting epoch 17
2026-05-10 17:26:02,634 [Trainer] :: Completed epoch 17: train_loss=0.166838 train_iou=0.868143 val_loss=0.315178 val_iou=0.626111 lr=0.00009922
2026-05-10 17:26:03,366 [Trainer] :: Updated latest checkpoint at epoch 17
2026-05-10 17:26:03,366 [Trainer] :: No validation IoU improvement for 7 epoch(s)
2026-05-10 17:26:03,366 [Trainer] :: Starting epoch 18
2026-05-10 17:35:05,370 [Trainer] :: Completed epoch 18: train_loss=0.162385 train_iou=0.872130 val_loss=0.392688 val_iou=0.481223 lr=0.00009912
2026-05-10 17:35:06,166 [Trainer] :: Updated latest checkpoint at epoch 18
2026-05-10 17:35:06,166 [Trainer] :: No validation IoU improvement for 8 epoch(s)
2026-05-10 17:35:06,166 [Trainer] :: Starting epoch 19
2026-05-10 17:44:07,180 [Trainer] :: Completed epoch 19: train_loss=0.158781 train_iou=0.874588 val_loss=0.326708 val_iou=0.563982 lr=0.00009902
2026-05-10 17:44:08,386 [Trainer] :: Updated latest checkpoint at epoch 19
2026-05-10 17:44:08,387 [Trainer] :: No validation IoU improvement for 9 epoch(s)
2026-05-10 17:44:08,387 [Trainer] :: Starting epoch 20
2026-05-10 17:53:10,744 [Trainer] :: Completed epoch 20: train_loss=0.155936 train_iou=0.877474 val_loss=0.293521 val_iou=0.627471 lr=0.00009892
2026-05-10 17:53:11,501 [Trainer] :: Updated latest checkpoint at epoch 20
2026-05-10 17:53:11,501 [Trainer] :: No validation IoU improvement for 10 epoch(s)
2026-05-10 17:53:11,501 [Trainer] :: Starting epoch 21
2026-05-10 18:02:18,336 [Trainer] :: Completed epoch 21: train_loss=0.152389 train_iou=0.879459 val_loss=0.325353 val_iou=0.572417 lr=0.00009881
2026-05-10 18:02:19,138 [Trainer] :: Updated latest checkpoint at epoch 21
2026-05-10 18:02:19,138 [Trainer] :: No validation IoU improvement for 11 epoch(s)
2026-05-10 18:02:19,138 [Trainer] :: Starting epoch 22
2026-05-10 18:11:21,617 [Trainer] :: Completed epoch 22: train_loss=0.149868 train_iou=0.882297 val_loss=0.332348 val_iou=0.583076 lr=0.00009869
2026-05-10 18:11:22,375 [Trainer] :: Updated latest checkpoint at epoch 22
2026-05-10 18:11:22,375 [Trainer] :: No validation IoU improvement for 12 epoch(s)
2026-05-10 18:11:22,375 [Trainer] :: Starting epoch 23
2026-05-10 18:20:25,954 [Trainer] :: Completed epoch 23: train_loss=0.144735 train_iou=0.887089 val_loss=0.319345 val_iou=0.590742 lr=0.00009857
2026-05-10 18:20:26,726 [Trainer] :: Updated latest checkpoint at epoch 23
2026-05-10 18:20:26,726 [Trainer] :: No validation IoU improvement for 13 epoch(s)
2026-05-10 18:20:26,726 [Trainer] :: Starting epoch 24
2026-05-10 18:29:29,431 [Trainer] :: Completed epoch 24: train_loss=0.140923 train_iou=0.890841 val_loss=0.315140 val_iou=0.609505 lr=0.00009844
2026-05-10 18:29:30,178 [Trainer] :: Updated latest checkpoint at epoch 24
2026-05-10 18:29:30,178 [Trainer] :: No validation IoU improvement for 14 epoch(s)
2026-05-10 18:29:30,178 [Trainer] :: Starting epoch 25
2026-05-10 18:38:38,514 [Trainer] :: Completed epoch 25: train_loss=0.140944 train_iou=0.890625 val_loss=0.314107 val_iou=0.596332 lr=0.00009831
2026-05-10 18:38:39,276 [Trainer] :: Updated latest checkpoint at epoch 25
2026-05-10 18:38:39,276 [Trainer] :: No validation IoU improvement for 15 epoch(s)
2026-05-10 18:38:39,276 [Trainer] :: Starting epoch 26
2026-05-10 18:47:46,717 [Trainer] :: Completed epoch 26: train_loss=0.140914 train_iou=0.889971 val_loss=0.301667 val_iou=0.628083 lr=0.00009818
2026-05-10 18:47:47,429 [Trainer] :: Updated latest checkpoint at epoch 26
2026-05-10 18:47:47,429 [Trainer] :: No validation IoU improvement for 16 epoch(s)
2026-05-10 18:47:47,429 [Trainer] :: Starting epoch 27
2026-05-10 18:56:51,568 [Trainer] :: Completed epoch 27: train_loss=0.140284 train_iou=0.889330 val_loss=0.347985 val_iou=0.555774 lr=0.00009803
2026-05-10 18:56:52,400 [Trainer] :: Updated latest checkpoint at epoch 27
2026-05-10 18:56:52,400 [Trainer] :: No validation IoU improvement for 17 epoch(s)
2026-05-10 18:56:52,400 [Trainer] :: Starting epoch 28
2026-05-10 19:05:55,084 [Trainer] :: Completed epoch 28: train_loss=0.129796 train_iou=0.898900 val_loss=0.312327 val_iou=0.602876 lr=0.00009789
2026-05-10 19:05:56,007 [Trainer] :: Updated latest checkpoint at epoch 28
2026-05-10 19:05:56,007 [Trainer] :: No validation IoU improvement for 18 epoch(s)
2026-05-10 19:05:56,007 [Trainer] :: Starting epoch 29
2026-05-10 19:14:59,691 [Trainer] :: Completed epoch 29: train_loss=0.131370 train_iou=0.896656 val_loss=0.307832 val_iou=0.605497 lr=0.00009773
2026-05-10 19:15:00,430 [Trainer] :: Updated latest checkpoint at epoch 29
2026-05-10 19:15:00,431 [Trainer] :: No validation IoU improvement for 19 epoch(s)
2026-05-10 19:15:00,431 [Trainer] :: Starting epoch 30
2026-05-10 19:24:07,562 [Trainer] :: Completed epoch 30: train_loss=0.123796 train_iou=0.901499 val_loss=0.303580 val_iou=0.609855 lr=0.00009758
2026-05-10 19:24:08,374 [Trainer] :: Updated latest checkpoint at epoch 30
2026-05-10 19:24:08,374 [Trainer] :: No validation IoU improvement for 20 epoch(s)
2026-05-10 19:24:08,374 [Trainer] :: Starting epoch 31
2026-05-10 19:33:10,556 [Trainer] :: Completed epoch 31: train_loss=0.128485 train_iou=0.894235 val_loss=0.311064 val_iou=0.617939 lr=0.00009741
2026-05-10 19:33:11,328 [Trainer] :: Updated latest checkpoint at epoch 31
2026-05-10 19:33:11,328 [Trainer] :: No validation IoU improvement for 21 epoch(s)
2026-05-10 19:33:11,328 [Trainer] :: Starting epoch 32
2026-05-10 19:42:22,044 [Trainer] :: Completed epoch 32: train_loss=0.119647 train_iou=0.903590 val_loss=0.339369 val_iou=0.586667 lr=0.00009725
2026-05-10 19:42:22,824 [Trainer] :: Updated latest checkpoint at epoch 32
2026-05-10 19:42:22,824 [Trainer] :: No validation IoU improvement for 22 epoch(s)
2026-05-10 19:42:22,824 [Trainer] :: Starting epoch 33
2026-05-10 19:51:28,584 [Trainer] :: Completed epoch 33: train_loss=0.118506 train_iou=0.899707 val_loss=0.304800 val_iou=0.641296 lr=0.00009707
2026-05-10 19:51:29,319 [Trainer] :: Updated latest checkpoint at epoch 33
2026-05-10 19:51:29,319 [Trainer] :: No validation IoU improvement for 23 epoch(s)
2026-05-10 19:51:29,319 [Trainer] :: Starting epoch 34
2026-05-10 20:00:35,956 [Trainer] :: Completed epoch 34: train_loss=0.110034 train_iou=0.906050 val_loss=0.321584 val_iou=0.594707 lr=0.00009690
2026-05-10 20:00:36,695 [Trainer] :: Updated latest checkpoint at epoch 34
2026-05-10 20:00:36,695 [Trainer] :: No validation IoU improvement for 24 epoch(s)
2026-05-10 20:00:36,695 [Trainer] :: Starting epoch 35
2026-05-10 20:09:41,021 [Trainer] :: Completed epoch 35: train_loss=0.108539 train_iou=0.906536 val_loss=0.318210 val_iou=0.628758 lr=0.00009671
2026-05-10 20:09:41,763 [Trainer] :: Updated latest checkpoint at epoch 35
2026-05-10 20:09:41,763 [Trainer] :: No validation IoU improvement for 25 epoch(s)
2026-05-10 20:09:41,763 [Trainer] :: Starting epoch 36
2026-05-10 20:18:47,565 [Trainer] :: Completed epoch 36: train_loss=0.109600 train_iou=0.904282 val_loss=0.309954 val_iou=0.639788 lr=0.00009652
2026-05-10 20:18:48,271 [Trainer] :: Updated latest checkpoint at epoch 36
2026-05-10 20:18:48,271 [Trainer] :: No validation IoU improvement for 26 epoch(s)
2026-05-10 20:18:48,271 [Trainer] :: Starting epoch 37
2026-05-10 20:27:55,294 [Trainer] :: Completed epoch 37: train_loss=0.113153 train_iou=0.901769 val_loss=0.357945 val_iou=0.551692 lr=0.00009633
2026-05-10 20:27:56,038 [Trainer] :: Updated latest checkpoint at epoch 37
2026-05-10 20:27:56,038 [Trainer] :: No validation IoU improvement for 27 epoch(s)
2026-05-10 20:27:56,038 [Trainer] :: Starting epoch 38
2026-05-10 20:37:00,600 [Trainer] :: Completed epoch 38: train_loss=0.105565 train_iou=0.908284 val_loss=0.340602 val_iou=0.587218 lr=0.00009613
2026-05-10 20:37:01,581 [Trainer] :: Updated latest checkpoint at epoch 38
2026-05-10 20:37:01,581 [Trainer] :: No validation IoU improvement for 28 epoch(s)
2026-05-10 20:37:01,581 [Trainer] :: Starting epoch 39
2026-05-10 20:46:03,681 [Trainer] :: Completed epoch 39: train_loss=0.100579 train_iou=0.910352 val_loss=0.310217 val_iou=0.637504 lr=0.00009593
2026-05-10 20:46:04,414 [Trainer] :: Updated latest checkpoint at epoch 39
2026-05-10 20:46:04,414 [Trainer] :: No validation IoU improvement for 29 epoch(s)
2026-05-10 20:46:04,414 [Trainer] :: Starting epoch 40
2026-05-10 20:55:05,442 [Trainer] :: Completed epoch 40: train_loss=0.093784 train_iou=0.915320 val_loss=0.332701 val_iou=0.616924 lr=0.00009572
2026-05-10 20:55:06,222 [Trainer] :: Updated latest checkpoint at epoch 40
2026-05-10 20:55:06,222 [Trainer] :: No validation IoU improvement for 30 epoch(s)
2026-05-10 20:55:06,222 [Trainer] :: Starting epoch 41
2026-05-10 21:04:11,360 [Trainer] :: Completed epoch 41: train_loss=0.097451 train_iou=0.914208 val_loss=0.333792 val_iou=0.618177 lr=0.00009551
2026-05-10 21:04:12,097 [Trainer] :: Updated latest checkpoint at epoch 41
2026-05-10 21:04:12,097 [Trainer] :: No validation IoU improvement for 31 epoch(s)
2026-05-10 21:04:12,097 [Trainer] :: Starting epoch 42
2026-05-10 21:13:17,460 [Trainer] :: Completed epoch 42: train_loss=0.098946 train_iou=0.908949 val_loss=0.333076 val_iou=0.625255 lr=0.00009529
2026-05-10 21:13:18,292 [Trainer] :: Updated latest checkpoint at epoch 42
2026-05-10 21:13:18,292 [Trainer] :: No validation IoU improvement for 32 epoch(s)
2026-05-10 21:13:18,292 [Trainer] :: Starting epoch 43
2026-05-10 21:22:29,438 [Trainer] :: Completed epoch 43: train_loss=0.104399 train_iou=0.908142 val_loss=0.342869 val_iou=0.603932 lr=0.00009507
2026-05-10 21:22:30,196 [Trainer] :: Updated latest checkpoint at epoch 43
2026-05-10 21:22:30,196 [Trainer] :: No validation IoU improvement for 33 epoch(s)
2026-05-10 21:22:30,196 [Trainer] :: Starting epoch 44
2026-05-10 21:31:38,648 [Trainer] :: Completed epoch 44: train_loss=0.095916 train_iou=0.912742 val_loss=0.337448 val_iou=0.606249 lr=0.00009484
2026-05-10 21:31:39,410 [Trainer] :: Updated latest checkpoint at epoch 44
2026-05-10 21:31:39,410 [Trainer] :: No validation IoU improvement for 34 epoch(s)
2026-05-10 21:31:39,410 [Trainer] :: Starting epoch 45
2026-05-10 21:40:45,830 [Trainer] :: Completed epoch 45: train_loss=0.094990 train_iou=0.913454 val_loss=0.339438 val_iou=0.595597 lr=0.00009460
2026-05-10 21:40:46,584 [Trainer] :: Updated latest checkpoint at epoch 45
2026-05-10 21:40:46,584 [Trainer] :: No validation IoU improvement for 35 epoch(s)
2026-05-10 21:40:46,584 [Trainer] :: Starting epoch 46
2026-05-10 21:49:51,329 [Trainer] :: Completed epoch 46: train_loss=0.094985 train_iou=0.915384 val_loss=0.330020 val_iou=0.611683 lr=0.00009437
2026-05-10 21:49:52,125 [Trainer] :: Updated latest checkpoint at epoch 46
2026-05-10 21:49:52,125 [Trainer] :: No validation IoU improvement for 36 epoch(s)
2026-05-10 21:49:52,125 [Trainer] :: Starting epoch 47
2026-05-10 21:58:57,561 [Trainer] :: Completed epoch 47: train_loss=0.090250 train_iou=0.918684 val_loss=0.342719 val_iou=0.600552 lr=0.00009412
2026-05-10 21:58:58,366 [Trainer] :: Updated latest checkpoint at epoch 47
2026-05-10 21:58:58,366 [Trainer] :: No validation IoU improvement for 37 epoch(s)
2026-05-10 21:58:58,366 [Trainer] :: Starting epoch 48
2026-05-10 22:08:03,742 [Trainer] :: Completed epoch 48: train_loss=0.088157 train_iou=0.920379 val_loss=0.363994 val_iou=0.573992 lr=0.00009388
2026-05-10 22:08:04,484 [Trainer] :: Updated latest checkpoint at epoch 48
2026-05-10 22:08:04,484 [Trainer] :: No validation IoU improvement for 38 epoch(s)
2026-05-10 22:08:04,484 [Trainer] :: Starting epoch 49
2026-05-10 22:17:17,472 [Trainer] :: Completed epoch 49: train_loss=0.087137 train_iou=0.920448 val_loss=0.336998 val_iou=0.598573 lr=0.00009363
2026-05-10 22:17:18,282 [Trainer] :: Updated latest checkpoint at epoch 49
2026-05-10 22:17:18,282 [Trainer] :: No validation IoU improvement for 39 epoch(s)
2026-05-10 22:17:18,282 [Trainer] :: Starting epoch 50
2026-05-10 22:26:27,785 [Trainer] :: Completed epoch 50: train_loss=0.086229 train_iou=0.921251 val_loss=0.355388 val_iou=0.603258 lr=0.00009337
2026-05-10 22:26:28,537 [Trainer] :: Updated latest checkpoint at epoch 50
2026-05-10 22:26:28,537 [Trainer] :: No validation IoU improvement for 40 epoch(s)
2026-05-10 22:26:28,537 [Trainer] :: Starting epoch 51
2026-05-10 22:35:34,408 [Trainer] :: Completed epoch 51: train_loss=0.086703 train_iou=0.920935 val_loss=0.346686 val_iou=0.606237 lr=0.00009311
2026-05-10 22:35:35,167 [Trainer] :: Updated latest checkpoint at epoch 51
2026-05-10 22:35:35,167 [Trainer] :: No validation IoU improvement for 41 epoch(s)
2026-05-10 22:35:35,167 [Trainer] :: Starting epoch 52
2026-05-10 22:44:40,867 [Trainer] :: Completed epoch 52: train_loss=0.083300 train_iou=0.923520 val_loss=0.357462 val_iou=0.620500 lr=0.00009284
2026-05-10 22:44:41,605 [Trainer] :: Updated latest checkpoint at epoch 52
2026-05-10 22:44:41,605 [Trainer] :: No validation IoU improvement for 42 epoch(s)
2026-05-10 22:44:41,605 [Trainer] :: Starting epoch 53
2026-05-10 22:53:45,716 [Trainer] :: Completed epoch 53: train_loss=0.083495 train_iou=0.924184 val_loss=0.357420 val_iou=0.603969 lr=0.00009257
2026-05-10 22:53:46,467 [Trainer] :: Updated latest checkpoint at epoch 53
2026-05-10 22:53:46,538 [Trainer] :: No validation IoU improvement for 43 epoch(s)
2026-05-10 22:53:46,538 [Trainer] :: Starting epoch 54
2026-05-10 23:02:54,716 [Trainer] :: Completed epoch 54: train_loss=0.084129 train_iou=0.921392 val_loss=0.365556 val_iou=0.601341 lr=0.00009229
2026-05-10 23:02:55,453 [Trainer] :: Updated latest checkpoint at epoch 54
2026-05-10 23:02:55,454 [Trainer] :: No validation IoU improvement for 44 epoch(s)
2026-05-10 23:02:55,454 [Trainer] :: Starting epoch 55
2026-05-10 23:12:02,223 [Trainer] :: Completed epoch 55: train_loss=0.083690 train_iou=0.922013 val_loss=0.366509 val_iou=0.613346 lr=0.00009201
2026-05-10 23:12:02,973 [Trainer] :: Updated latest checkpoint at epoch 55
2026-05-10 23:12:02,973 [Trainer] :: No validation IoU improvement for 45 epoch(s)
2026-05-10 23:12:02,973 [Trainer] :: Starting epoch 56
2026-05-10 23:21:16,569 [Trainer] :: Completed epoch 56: train_loss=0.082085 train_iou=0.925465 val_loss=0.383482 val_iou=0.594752 lr=0.00009173
2026-05-10 23:21:17,321 [Trainer] :: Updated latest checkpoint at epoch 56
2026-05-10 23:21:17,321 [Trainer] :: No validation IoU improvement for 46 epoch(s)
2026-05-10 23:21:17,321 [Trainer] :: Starting epoch 57
2026-05-10 23:30:50,417 [Trainer] :: Completed epoch 57: train_loss=0.080884 train_iou=0.926114 val_loss=0.363403 val_iou=0.608031 lr=0.00009144
2026-05-10 23:30:51,099 [Trainer] :: Updated latest checkpoint at epoch 57
2026-05-10 23:30:51,099 [Trainer] :: No validation IoU improvement for 47 epoch(s)
2026-05-10 23:30:51,099 [Trainer] :: Starting epoch 58
2026-05-10 23:40:24,914 [Trainer] :: Completed epoch 58: train_loss=0.080940 train_iou=0.925866 val_loss=0.336472 val_iou=0.623478 lr=0.00009115
2026-05-10 23:40:25,622 [Trainer] :: Updated latest checkpoint at epoch 58
2026-05-10 23:40:25,623 [Trainer] :: No validation IoU improvement for 48 epoch(s)
2026-05-10 23:40:25,623 [Trainer] :: Starting epoch 59
2026-05-10 23:49:42,694 [Trainer] :: Completed epoch 59: train_loss=0.079387 train_iou=0.928044 val_loss=0.360609 val_iou=0.594406 lr=0.00009085
2026-05-10 23:49:43,397 [Trainer] :: Updated latest checkpoint at epoch 59
2026-05-10 23:49:43,397 [Trainer] :: No validation IoU improvement for 49 epoch(s)
2026-05-10 23:49:43,397 [Trainer] :: Starting epoch 60
2026-05-10 23:59:20,100 [Trainer] :: Completed epoch 60: train_loss=0.077645 train_iou=0.927254 val_loss=0.372964 val_iou=0.587558 lr=0.00009055
2026-05-10 23:59:20,939 [Trainer] :: Updated latest checkpoint at epoch 60
2026-05-10 23:59:20,939 [Trainer] :: No validation IoU improvement for 50 epoch(s)
2026-05-10 23:59:20,939 [Trainer] :: Starting epoch 61
2026-05-11 00:08:52,584 [Trainer] :: Completed epoch 61: train_loss=0.077240 train_iou=0.928620 val_loss=0.369081 val_iou=0.597404 lr=0.00009024
2026-05-11 00:08:53,605 [Trainer] :: Updated latest checkpoint at epoch 61
2026-05-11 00:08:53,614 [Trainer] :: No validation IoU improvement for 51 epoch(s)
2026-05-11 00:08:53,614 [Trainer] :: Starting epoch 62
2026-05-11 00:18:03,718 [Trainer] :: Completed epoch 62: train_loss=0.077831 train_iou=0.926652 val_loss=0.377600 val_iou=0.591939 lr=0.00008993
2026-05-11 00:18:04,395 [Trainer] :: Updated latest checkpoint at epoch 62
2026-05-11 00:18:04,395 [Trainer] :: No validation IoU improvement for 52 epoch(s)
2026-05-11 00:18:04,395 [Trainer] :: Starting epoch 63
2026-05-11 00:27:16,582 [Trainer] :: Completed epoch 63: train_loss=0.078367 train_iou=0.927713 val_loss=0.378666 val_iou=0.608262 lr=0.00008961
2026-05-11 00:27:17,372 [Trainer] :: Updated latest checkpoint at epoch 63
2026-05-11 00:27:17,372 [Trainer] :: No validation IoU improvement for 53 epoch(s)
2026-05-11 00:27:17,372 [Trainer] :: Starting epoch 64
2026-05-11 00:36:29,527 [Trainer] :: Completed epoch 64: train_loss=0.076983 train_iou=0.928928 val_loss=0.370192 val_iou=0.599704 lr=0.00008929
2026-05-11 00:36:30,327 [Trainer] :: Updated latest checkpoint at epoch 64
2026-05-11 00:36:30,327 [Trainer] :: No validation IoU improvement for 54 epoch(s)
2026-05-11 00:36:30,327 [Trainer] :: Starting epoch 65
2026-05-11 00:45:48,981 [Trainer] :: Completed epoch 65: train_loss=0.076520 train_iou=0.929873 val_loss=0.366453 val_iou=0.622886 lr=0.00008897
2026-05-11 00:45:49,702 [Trainer] :: Updated latest checkpoint at epoch 65
2026-05-11 00:45:49,703 [Trainer] :: No validation IoU improvement for 55 epoch(s)
2026-05-11 00:45:49,703 [Trainer] :: Starting epoch 66
2026-05-11 00:55:10,078 [Trainer] :: Completed epoch 66: train_loss=0.077886 train_iou=0.926476 val_loss=0.342690 val_iou=0.636029 lr=0.00008864
2026-05-11 00:55:10,951 [Trainer] :: Updated latest checkpoint at epoch 66
2026-05-11 00:55:10,951 [Trainer] :: No validation IoU improvement for 56 epoch(s)
2026-05-11 00:55:10,951 [Trainer] :: Starting epoch 67
2026-05-11 01:04:22,994 [Trainer] :: Completed epoch 67: train_loss=0.075409 train_iou=0.930105 val_loss=0.368120 val_iou=0.622832 lr=0.00008831
2026-05-11 01:04:23,702 [Trainer] :: Updated latest checkpoint at epoch 67
2026-05-11 01:04:23,702 [Trainer] :: No validation IoU improvement for 57 epoch(s)
2026-05-11 01:04:23,702 [Trainer] :: Starting epoch 68
2026-05-11 01:13:34,786 [Trainer] :: Completed epoch 68: train_loss=0.075016 train_iou=0.930059 val_loss=0.376044 val_iou=0.618721 lr=0.00008797
2026-05-11 01:13:35,529 [Trainer] :: Updated latest checkpoint at epoch 68
2026-05-11 01:13:35,530 [Trainer] :: No validation IoU improvement for 58 epoch(s)
2026-05-11 01:13:35,530 [Trainer] :: Starting epoch 69
2026-05-11 01:22:52,550 [Trainer] :: Completed epoch 69: train_loss=0.072774 train_iou=0.932316 val_loss=0.378461 val_iou=0.590204 lr=0.00008763
2026-05-11 01:22:53,250 [Trainer] :: Updated latest checkpoint at epoch 69
2026-05-11 01:22:53,250 [Trainer] :: No validation IoU improvement for 59 epoch(s)
2026-05-11 01:22:53,251 [Trainer] :: Starting epoch 70
2026-05-11 01:32:08,111 [Trainer] :: Completed epoch 70: train_loss=0.071407 train_iou=0.932872 val_loss=0.381537 val_iou=0.585170 lr=0.00008729
2026-05-11 01:32:08,852 [Trainer] :: Updated latest checkpoint at epoch 70
2026-05-11 01:32:08,852 [Trainer] :: No validation IoU improvement for 60 epoch(s)
2026-05-11 01:32:08,852 [Trainer] :: Early stopping triggered after 60 epoch(s) without improvement
2026-05-11 01:37:19,718 [Trainer] :: Wrote training history to outputs/runs/rgb_real_msi_unetplusplus_resnet50_fuzzy_halo_seed51_20260510T125605Z/metrics/history.json
2026-05-11 01:37:19,774 [Trainer] :: Wrote test summary to outputs/runs/rgb_real_msi_unetplusplus_resnet50_fuzzy_halo_seed51_20260510T125605Z/metrics/test_summary.json
2026-05-11 01:37:19,774 [Trainer] :: Training completed
