2026-05-11 13:43:35,258 [Trainer] :: Training run initialized at /ceph/home/student.aau.dk/qd36zu/fuzzy-p10/tbd/masking/outputs/runs/rgb_real_msi_segformer_b0_fuzzy_halo_seed49_20260511T114334Z
2026-05-11 13:43:35,258 [Trainer] :: Loaded config from /ceph/home/student.aau.dk/qd36zu/fuzzy-p10/tbd/masking/configs/fuzzy/rgb_real_msi_segformer_b0.yaml
2026-05-11 13:43:35,258 [Trainer] :: Using seed=49 and device=None
2026-05-11 13:43:35,258 [Trainer] :: Using model architecture=Segformer encoder=mit_b0 encoder_weights=imagenet
2026-05-11 13:43:35,952 [Trainer] :: Resolved runtime device to cuda
2026-05-11 13:43:35,953 [Trainer] :: Prepared normalization from source=train_split_patch_stats
2026-05-11 13:43:55,394 [Trainer] :: Built dataloaders with batch_size=16, num_workers=0
2026-05-11 13:43:55,395 [Trainer] :: Starting epoch 1
2026-05-11 13:52:43,189 [Trainer] :: Completed epoch 1: train_loss=0.326693 train_iou=0.724471 val_loss=0.347259 val_iou=0.553756 lr=0.00010000
2026-05-11 13:52:43,603 [Trainer] :: Updated latest checkpoint at epoch 1
2026-05-11 13:52:43,786 [Trainer] :: New best checkpoint saved with val_iou=0.553756
2026-05-11 13:52:43,786 [Trainer] :: Starting epoch 2
2026-05-11 13:59:51,957 [Trainer] :: Completed epoch 2: train_loss=0.280599 train_iou=0.766328 val_loss=0.318119 val_iou=0.541481 lr=0.00009999
2026-05-11 13:59:52,132 [Trainer] :: Updated latest checkpoint at epoch 2
2026-05-11 13:59:52,132 [Trainer] :: No validation IoU improvement for 1 epoch(s)
2026-05-11 13:59:52,132 [Trainer] :: Starting epoch 3
2026-05-11 14:06:50,376 [Trainer] :: Completed epoch 3: train_loss=0.255419 train_iou=0.783909 val_loss=0.292953 val_iou=0.647366 lr=0.00009998
2026-05-11 14:06:50,739 [Trainer] :: Updated latest checkpoint at epoch 3
2026-05-11 14:06:50,852 [Trainer] :: New best checkpoint saved with val_iou=0.647366
2026-05-11 14:06:50,852 [Trainer] :: Starting epoch 4
2026-05-11 14:12:20,166 [Trainer] :: Completed epoch 4: train_loss=0.249466 train_iou=0.791838 val_loss=0.327292 val_iou=0.623534 lr=0.00009996
2026-05-11 14:12:20,280 [Trainer] :: Updated latest checkpoint at epoch 4
2026-05-11 14:12:20,280 [Trainer] :: No validation IoU improvement for 1 epoch(s)
2026-05-11 14:12:20,280 [Trainer] :: Starting epoch 5
2026-05-11 14:17:47,982 [Trainer] :: Completed epoch 5: train_loss=0.236099 train_iou=0.803357 val_loss=0.269126 val_iou=0.660564 lr=0.00009993
2026-05-11 14:17:48,077 [Trainer] :: Updated latest checkpoint at epoch 5
2026-05-11 14:17:48,167 [Trainer] :: New best checkpoint saved with val_iou=0.660564
2026-05-11 14:17:48,167 [Trainer] :: Starting epoch 6
2026-05-11 14:24:23,477 [Trainer] :: Completed epoch 6: train_loss=0.228909 train_iou=0.809721 val_loss=0.319769 val_iou=0.636529 lr=0.00009990
2026-05-11 14:24:23,586 [Trainer] :: Updated latest checkpoint at epoch 6
2026-05-11 14:24:23,586 [Trainer] :: No validation IoU improvement for 1 epoch(s)
2026-05-11 14:24:23,586 [Trainer] :: Starting epoch 7
2026-05-11 14:30:42,013 [Trainer] :: Completed epoch 7: train_loss=0.222770 train_iou=0.811375 val_loss=0.299686 val_iou=0.649861 lr=0.00009987
2026-05-11 14:30:42,166 [Trainer] :: Updated latest checkpoint at epoch 7
2026-05-11 14:30:42,166 [Trainer] :: No validation IoU improvement for 2 epoch(s)
2026-05-11 14:30:42,166 [Trainer] :: Starting epoch 8
2026-05-11 14:37:08,813 [Trainer] :: Completed epoch 8: train_loss=0.226660 train_iou=0.809958 val_loss=0.278528 val_iou=0.606351 lr=0.00009983
2026-05-11 14:37:08,960 [Trainer] :: Updated latest checkpoint at epoch 8
2026-05-11 14:37:08,960 [Trainer] :: No validation IoU improvement for 3 epoch(s)
2026-05-11 14:37:08,960 [Trainer] :: Starting epoch 9
2026-05-11 14:43:40,291 [Trainer] :: Completed epoch 9: train_loss=0.217720 train_iou=0.817315 val_loss=0.262955 val_iou=0.664588 lr=0.00009978
2026-05-11 14:43:40,384 [Trainer] :: Updated latest checkpoint at epoch 9
2026-05-11 14:43:40,462 [Trainer] :: New best checkpoint saved with val_iou=0.664588
2026-05-11 14:43:40,462 [Trainer] :: Starting epoch 10
2026-05-11 14:50:51,341 [Trainer] :: Completed epoch 10: train_loss=0.212882 train_iou=0.823434 val_loss=0.350921 val_iou=0.508497 lr=0.00009973
2026-05-11 14:50:51,440 [Trainer] :: Updated latest checkpoint at epoch 10
2026-05-11 14:50:51,440 [Trainer] :: No validation IoU improvement for 1 epoch(s)
2026-05-11 14:50:51,440 [Trainer] :: Starting epoch 11
2026-05-11 14:58:58,747 [Trainer] :: Completed epoch 11: train_loss=0.210444 train_iou=0.819069 val_loss=0.309394 val_iou=0.596164 lr=0.00009967
2026-05-11 14:58:58,859 [Trainer] :: Updated latest checkpoint at epoch 11
2026-05-11 14:58:58,859 [Trainer] :: No validation IoU improvement for 2 epoch(s)
2026-05-11 14:58:58,859 [Trainer] :: Starting epoch 12
2026-05-11 15:07:48,383 [Trainer] :: Completed epoch 12: train_loss=0.196789 train_iou=0.826942 val_loss=0.278461 val_iou=0.624551 lr=0.00009961
2026-05-11 15:07:48,637 [Trainer] :: Updated latest checkpoint at epoch 12
2026-05-11 15:07:48,637 [Trainer] :: No validation IoU improvement for 3 epoch(s)
2026-05-11 15:07:48,637 [Trainer] :: Starting epoch 13
2026-05-11 15:17:19,382 [Trainer] :: Completed epoch 13: train_loss=0.196412 train_iou=0.829261 val_loss=0.273579 val_iou=0.655782 lr=0.00009954
2026-05-11 15:17:19,535 [Trainer] :: Updated latest checkpoint at epoch 13
2026-05-11 15:17:19,535 [Trainer] :: No validation IoU improvement for 4 epoch(s)
2026-05-11 15:17:19,535 [Trainer] :: Starting epoch 14
2026-05-11 15:25:05,485 [Trainer] :: Completed epoch 14: train_loss=0.193448 train_iou=0.830151 val_loss=0.306509 val_iou=0.647283 lr=0.00009947
2026-05-11 15:25:05,595 [Trainer] :: Updated latest checkpoint at epoch 14
2026-05-11 15:25:05,595 [Trainer] :: No validation IoU improvement for 5 epoch(s)
2026-05-11 15:25:05,595 [Trainer] :: Starting epoch 15
2026-05-11 15:33:33,007 [Trainer] :: Completed epoch 15: train_loss=0.193164 train_iou=0.825728 val_loss=0.286777 val_iou=0.618357 lr=0.00009939
2026-05-11 15:33:33,110 [Trainer] :: Updated latest checkpoint at epoch 15
2026-05-11 15:33:33,110 [Trainer] :: No validation IoU improvement for 6 epoch(s)
2026-05-11 15:33:33,110 [Trainer] :: Starting epoch 16
2026-05-11 15:41:44,887 [Trainer] :: Completed epoch 16: train_loss=0.184995 train_iou=0.836796 val_loss=0.277252 val_iou=0.656513 lr=0.00009931
2026-05-11 15:41:45,364 [Trainer] :: Updated latest checkpoint at epoch 16
2026-05-11 15:41:45,364 [Trainer] :: No validation IoU improvement for 7 epoch(s)
2026-05-11 15:41:45,364 [Trainer] :: Starting epoch 17
2026-05-11 15:50:54,047 [Trainer] :: Completed epoch 17: train_loss=0.181831 train_iou=0.834748 val_loss=0.264091 val_iou=0.665401 lr=0.00009922
2026-05-11 15:50:54,191 [Trainer] :: Updated latest checkpoint at epoch 17
2026-05-11 15:50:54,316 [Trainer] :: New best checkpoint saved with val_iou=0.665401
2026-05-11 15:50:54,316 [Trainer] :: Starting epoch 18
2026-05-11 15:58:32,764 [Trainer] :: Completed epoch 18: train_loss=0.178696 train_iou=0.840535 val_loss=0.279347 val_iou=0.598012 lr=0.00009912
2026-05-11 15:58:32,872 [Trainer] :: Updated latest checkpoint at epoch 18
2026-05-11 15:58:32,872 [Trainer] :: No validation IoU improvement for 1 epoch(s)
2026-05-11 15:58:32,872 [Trainer] :: Starting epoch 19
2026-05-11 16:05:24,071 [Trainer] :: Completed epoch 19: train_loss=0.177197 train_iou=0.839987 val_loss=0.264646 val_iou=0.676859 lr=0.00009902
2026-05-11 16:05:24,162 [Trainer] :: Updated latest checkpoint at epoch 19
2026-05-11 16:05:24,247 [Trainer] :: New best checkpoint saved with val_iou=0.676859
2026-05-11 16:05:24,247 [Trainer] :: Starting epoch 20
2026-05-11 16:11:54,342 [Trainer] :: Completed epoch 20: train_loss=0.174470 train_iou=0.836775 val_loss=0.266695 val_iou=0.678934 lr=0.00009892
2026-05-11 16:11:55,202 [Trainer] :: Updated latest checkpoint at epoch 20
2026-05-11 16:11:55,350 [Trainer] :: New best checkpoint saved with val_iou=0.678934
2026-05-11 16:11:55,350 [Trainer] :: Starting epoch 21
2026-05-11 16:18:34,483 [Trainer] :: Completed epoch 21: train_loss=0.167776 train_iou=0.844504 val_loss=0.276054 val_iou=0.650693 lr=0.00009881
2026-05-11 16:18:34,577 [Trainer] :: Updated latest checkpoint at epoch 21
2026-05-11 16:18:34,577 [Trainer] :: No validation IoU improvement for 1 epoch(s)
2026-05-11 16:18:34,577 [Trainer] :: Starting epoch 22
2026-05-11 16:26:05,258 [Trainer] :: Completed epoch 22: train_loss=0.165800 train_iou=0.849082 val_loss=0.278728 val_iou=0.673219 lr=0.00009869
2026-05-11 16:26:05,448 [Trainer] :: Updated latest checkpoint at epoch 22
2026-05-11 16:26:05,448 [Trainer] :: No validation IoU improvement for 2 epoch(s)
2026-05-11 16:26:05,448 [Trainer] :: Starting epoch 23
2026-05-11 16:32:55,473 [Trainer] :: Completed epoch 23: train_loss=0.162948 train_iou=0.850188 val_loss=0.287561 val_iou=0.657336 lr=0.00009857
2026-05-11 16:32:55,599 [Trainer] :: Updated latest checkpoint at epoch 23
2026-05-11 16:32:55,599 [Trainer] :: No validation IoU improvement for 3 epoch(s)
2026-05-11 16:32:55,599 [Trainer] :: Starting epoch 24
2026-05-11 16:39:23,715 [Trainer] :: Completed epoch 24: train_loss=0.172405 train_iou=0.840861 val_loss=0.340344 val_iou=0.631748 lr=0.00009844
2026-05-11 16:39:23,819 [Trainer] :: Updated latest checkpoint at epoch 24
2026-05-11 16:39:23,819 [Trainer] :: No validation IoU improvement for 4 epoch(s)
2026-05-11 16:39:23,819 [Trainer] :: Starting epoch 25
2026-05-11 16:46:33,442 [Trainer] :: Completed epoch 25: train_loss=0.159077 train_iou=0.851548 val_loss=0.294398 val_iou=0.671770 lr=0.00009831
2026-05-11 16:46:33,532 [Trainer] :: Updated latest checkpoint at epoch 25
2026-05-11 16:46:33,532 [Trainer] :: No validation IoU improvement for 5 epoch(s)
2026-05-11 16:46:33,532 [Trainer] :: Starting epoch 26
2026-05-11 16:52:45,633 [Trainer] :: Completed epoch 26: train_loss=0.160628 train_iou=0.851704 val_loss=0.281152 val_iou=0.630220 lr=0.00009818
2026-05-11 16:52:45,719 [Trainer] :: Updated latest checkpoint at epoch 26
2026-05-11 16:52:45,720 [Trainer] :: No validation IoU improvement for 6 epoch(s)
2026-05-11 16:52:45,720 [Trainer] :: Starting epoch 27
2026-05-11 16:58:58,735 [Trainer] :: Completed epoch 27: train_loss=0.152628 train_iou=0.857660 val_loss=0.261220 val_iou=0.663708 lr=0.00009803
2026-05-11 16:58:58,821 [Trainer] :: Updated latest checkpoint at epoch 27
2026-05-11 16:58:58,821 [Trainer] :: No validation IoU improvement for 7 epoch(s)
2026-05-11 16:58:58,821 [Trainer] :: Starting epoch 28
2026-05-11 17:05:28,998 [Trainer] :: Completed epoch 28: train_loss=0.150602 train_iou=0.858604 val_loss=0.279924 val_iou=0.665707 lr=0.00009789
2026-05-11 17:05:29,770 [Trainer] :: Updated latest checkpoint at epoch 28
2026-05-11 17:05:29,770 [Trainer] :: No validation IoU improvement for 8 epoch(s)
2026-05-11 17:05:29,770 [Trainer] :: Starting epoch 29
2026-05-11 17:12:19,636 [Trainer] :: Completed epoch 29: train_loss=0.156252 train_iou=0.854818 val_loss=0.270662 val_iou=0.650078 lr=0.00009773
2026-05-11 17:12:19,785 [Trainer] :: Updated latest checkpoint at epoch 29
2026-05-11 17:12:19,785 [Trainer] :: No validation IoU improvement for 9 epoch(s)
2026-05-11 17:12:19,785 [Trainer] :: Starting epoch 30
2026-05-11 17:18:26,754 [Trainer] :: Completed epoch 30: train_loss=0.151042 train_iou=0.856631 val_loss=0.262024 val_iou=0.651713 lr=0.00009758
2026-05-11 17:18:26,904 [Trainer] :: Updated latest checkpoint at epoch 30
2026-05-11 17:18:26,905 [Trainer] :: No validation IoU improvement for 10 epoch(s)
2026-05-11 17:18:26,905 [Trainer] :: Starting epoch 31
2026-05-11 17:24:31,291 [Trainer] :: Completed epoch 31: train_loss=0.146731 train_iou=0.862230 val_loss=0.283320 val_iou=0.625902 lr=0.00009741
2026-05-11 17:24:31,382 [Trainer] :: Updated latest checkpoint at epoch 31
2026-05-11 17:24:31,383 [Trainer] :: No validation IoU improvement for 11 epoch(s)
2026-05-11 17:24:31,383 [Trainer] :: Starting epoch 32
2026-05-11 17:30:46,052 [Trainer] :: Completed epoch 32: train_loss=0.144725 train_iou=0.865599 val_loss=0.270933 val_iou=0.655803 lr=0.00009725
2026-05-11 17:30:46,136 [Trainer] :: Updated latest checkpoint at epoch 32
2026-05-11 17:30:46,136 [Trainer] :: No validation IoU improvement for 12 epoch(s)
2026-05-11 17:30:46,136 [Trainer] :: Starting epoch 33
2026-05-11 17:36:51,618 [Trainer] :: Completed epoch 33: train_loss=0.147745 train_iou=0.861840 val_loss=0.264417 val_iou=0.671370 lr=0.00009707
2026-05-11 17:36:51,705 [Trainer] :: Updated latest checkpoint at epoch 33
2026-05-11 17:36:51,705 [Trainer] :: No validation IoU improvement for 13 epoch(s)
2026-05-11 17:36:51,705 [Trainer] :: Starting epoch 34
2026-05-11 17:43:02,775 [Trainer] :: Completed epoch 34: train_loss=0.142942 train_iou=0.865213 val_loss=0.273041 val_iou=0.644862 lr=0.00009690
2026-05-11 17:43:02,864 [Trainer] :: Updated latest checkpoint at epoch 34
2026-05-11 17:43:02,864 [Trainer] :: No validation IoU improvement for 14 epoch(s)
2026-05-11 17:43:02,864 [Trainer] :: Starting epoch 35
2026-05-11 17:49:13,860 [Trainer] :: Completed epoch 35: train_loss=0.142423 train_iou=0.864053 val_loss=0.284898 val_iou=0.626434 lr=0.00009671
2026-05-11 17:49:14,091 [Trainer] :: Updated latest checkpoint at epoch 35
2026-05-11 17:49:14,091 [Trainer] :: No validation IoU improvement for 15 epoch(s)
2026-05-11 17:49:14,091 [Trainer] :: Starting epoch 36
2026-05-11 18:03:17,822 [Trainer] :: Completed epoch 36: train_loss=0.138721 train_iou=0.869272 val_loss=0.283247 val_iou=0.646466 lr=0.00009652
2026-05-11 18:03:17,913 [Trainer] :: Updated latest checkpoint at epoch 36
2026-05-11 18:03:17,913 [Trainer] :: No validation IoU improvement for 16 epoch(s)
2026-05-11 18:03:17,913 [Trainer] :: Starting epoch 37
2026-05-11 18:09:53,318 [Trainer] :: Completed epoch 37: train_loss=0.139763 train_iou=0.869650 val_loss=0.308278 val_iou=0.598379 lr=0.00009633
2026-05-11 18:09:53,404 [Trainer] :: Updated latest checkpoint at epoch 37
2026-05-11 18:09:53,404 [Trainer] :: No validation IoU improvement for 17 epoch(s)
2026-05-11 18:09:53,404 [Trainer] :: Starting epoch 38
2026-05-11 18:17:50,114 [Trainer] :: Completed epoch 38: train_loss=0.137597 train_iou=0.869853 val_loss=0.291120 val_iou=0.641755 lr=0.00009613
2026-05-11 18:17:50,208 [Trainer] :: Updated latest checkpoint at epoch 38
2026-05-11 18:17:50,208 [Trainer] :: No validation IoU improvement for 18 epoch(s)
2026-05-11 18:17:50,208 [Trainer] :: Starting epoch 39
2026-05-11 18:27:14,750 [Trainer] :: Completed epoch 39: train_loss=0.137313 train_iou=0.869390 val_loss=0.283016 val_iou=0.676296 lr=0.00009593
2026-05-11 18:27:14,846 [Trainer] :: Updated latest checkpoint at epoch 39
2026-05-11 18:27:14,846 [Trainer] :: No validation IoU improvement for 19 epoch(s)
2026-05-11 18:27:14,846 [Trainer] :: Starting epoch 40
2026-05-11 18:36:12,560 [Trainer] :: Completed epoch 40: train_loss=0.132636 train_iou=0.872330 val_loss=0.269939 val_iou=0.659831 lr=0.00009572
2026-05-11 18:36:12,679 [Trainer] :: Updated latest checkpoint at epoch 40
2026-05-11 18:36:12,680 [Trainer] :: No validation IoU improvement for 20 epoch(s)
2026-05-11 18:36:12,680 [Trainer] :: Starting epoch 41
2026-05-11 18:46:22,761 [Trainer] :: Completed epoch 41: train_loss=0.134453 train_iou=0.873034 val_loss=0.303099 val_iou=0.610116 lr=0.00009551
2026-05-11 18:46:22,902 [Trainer] :: Updated latest checkpoint at epoch 41
2026-05-11 18:46:22,902 [Trainer] :: No validation IoU improvement for 21 epoch(s)
2026-05-11 18:46:22,902 [Trainer] :: Starting epoch 42
2026-05-11 18:53:03,725 [Trainer] :: Completed epoch 42: train_loss=0.130370 train_iou=0.874129 val_loss=0.266866 val_iou=0.667332 lr=0.00009529
2026-05-11 18:53:03,963 [Trainer] :: Updated latest checkpoint at epoch 42
2026-05-11 18:53:03,963 [Trainer] :: No validation IoU improvement for 22 epoch(s)
2026-05-11 18:53:03,963 [Trainer] :: Starting epoch 43
2026-05-11 19:00:15,629 [Trainer] :: Completed epoch 43: train_loss=0.132961 train_iou=0.870869 val_loss=0.284691 val_iou=0.645137 lr=0.00009507
2026-05-11 19:00:15,743 [Trainer] :: Updated latest checkpoint at epoch 43
2026-05-11 19:00:15,743 [Trainer] :: No validation IoU improvement for 23 epoch(s)
2026-05-11 19:00:15,743 [Trainer] :: Starting epoch 44
2026-05-11 19:07:16,689 [Trainer] :: Completed epoch 44: train_loss=0.127125 train_iou=0.878092 val_loss=0.288852 val_iou=0.643796 lr=0.00009484
2026-05-11 19:07:16,947 [Trainer] :: Updated latest checkpoint at epoch 44
2026-05-11 19:07:16,947 [Trainer] :: No validation IoU improvement for 24 epoch(s)
2026-05-11 19:07:16,947 [Trainer] :: Starting epoch 45
2026-05-11 19:13:19,853 [Trainer] :: Completed epoch 45: train_loss=0.127139 train_iou=0.879625 val_loss=0.281830 val_iou=0.658627 lr=0.00009460
2026-05-11 19:13:19,954 [Trainer] :: Updated latest checkpoint at epoch 45
2026-05-11 19:13:19,955 [Trainer] :: No validation IoU improvement for 25 epoch(s)
2026-05-11 19:13:19,955 [Trainer] :: Starting epoch 46
2026-05-11 19:19:22,410 [Trainer] :: Completed epoch 46: train_loss=0.129829 train_iou=0.874522 val_loss=0.283756 val_iou=0.670929 lr=0.00009437
2026-05-11 19:19:23,345 [Trainer] :: Updated latest checkpoint at epoch 46
2026-05-11 19:19:23,346 [Trainer] :: No validation IoU improvement for 26 epoch(s)
2026-05-11 19:19:23,346 [Trainer] :: Starting epoch 47
2026-05-11 19:25:13,587 [Trainer] :: Completed epoch 47: train_loss=0.127462 train_iou=0.878600 val_loss=0.282616 val_iou=0.660348 lr=0.00009412
2026-05-11 19:25:13,684 [Trainer] :: Updated latest checkpoint at epoch 47
2026-05-11 19:25:13,684 [Trainer] :: No validation IoU improvement for 27 epoch(s)
2026-05-11 19:25:13,684 [Trainer] :: Starting epoch 48
2026-05-11 19:30:49,535 [Trainer] :: Completed epoch 48: train_loss=0.126496 train_iou=0.879176 val_loss=0.284380 val_iou=0.663333 lr=0.00009388
2026-05-11 19:30:49,702 [Trainer] :: Updated latest checkpoint at epoch 48
2026-05-11 19:30:49,702 [Trainer] :: No validation IoU improvement for 28 epoch(s)
2026-05-11 19:30:49,702 [Trainer] :: Starting epoch 49
2026-05-11 19:39:06,743 [Trainer] :: Completed epoch 49: train_loss=0.124441 train_iou=0.880662 val_loss=0.285038 val_iou=0.654125 lr=0.00009363
2026-05-11 19:39:06,895 [Trainer] :: Updated latest checkpoint at epoch 49
2026-05-11 19:39:06,895 [Trainer] :: No validation IoU improvement for 29 epoch(s)
2026-05-11 19:39:06,895 [Trainer] :: Starting epoch 50
2026-05-11 19:46:14,646 [Trainer] :: Completed epoch 50: train_loss=0.120904 train_iou=0.883449 val_loss=0.281637 val_iou=0.679441 lr=0.00009337
2026-05-11 19:46:14,930 [Trainer] :: Updated latest checkpoint at epoch 50
2026-05-11 19:46:15,037 [Trainer] :: New best checkpoint saved with val_iou=0.679441
2026-05-11 19:46:15,038 [Trainer] :: Starting epoch 51
2026-05-11 19:53:25,568 [Trainer] :: Completed epoch 51: train_loss=0.122584 train_iou=0.884684 val_loss=0.280717 val_iou=0.668227 lr=0.00009311
2026-05-11 19:53:25,653 [Trainer] :: Updated latest checkpoint at epoch 51
2026-05-11 19:53:25,653 [Trainer] :: No validation IoU improvement for 1 epoch(s)
2026-05-11 19:53:25,653 [Trainer] :: Starting epoch 52
2026-05-11 19:59:24,172 [Trainer] :: Completed epoch 52: train_loss=0.122976 train_iou=0.884059 val_loss=0.303848 val_iou=0.616600 lr=0.00009284
2026-05-11 19:59:24,260 [Trainer] :: Updated latest checkpoint at epoch 52
2026-05-11 19:59:24,260 [Trainer] :: No validation IoU improvement for 2 epoch(s)
2026-05-11 19:59:24,260 [Trainer] :: Starting epoch 53
2026-05-11 20:05:29,731 [Trainer] :: Completed epoch 53: train_loss=0.119560 train_iou=0.884416 val_loss=0.290146 val_iou=0.649231 lr=0.00009257
2026-05-11 20:05:29,883 [Trainer] :: Updated latest checkpoint at epoch 53
2026-05-11 20:05:29,883 [Trainer] :: No validation IoU improvement for 3 epoch(s)
2026-05-11 20:05:29,883 [Trainer] :: Starting epoch 54
2026-05-11 20:11:27,129 [Trainer] :: Completed epoch 54: train_loss=0.117924 train_iou=0.887647 val_loss=0.296458 val_iou=0.632827 lr=0.00009229
2026-05-11 20:11:27,231 [Trainer] :: Updated latest checkpoint at epoch 54
2026-05-11 20:11:27,231 [Trainer] :: No validation IoU improvement for 4 epoch(s)
2026-05-11 20:11:27,231 [Trainer] :: Starting epoch 55
2026-05-11 20:17:08,808 [Trainer] :: Completed epoch 55: train_loss=0.120375 train_iou=0.885730 val_loss=0.289679 val_iou=0.650692 lr=0.00009201
2026-05-11 20:17:08,912 [Trainer] :: Updated latest checkpoint at epoch 55
2026-05-11 20:17:08,912 [Trainer] :: No validation IoU improvement for 5 epoch(s)
2026-05-11 20:17:08,912 [Trainer] :: Starting epoch 56
2026-05-11 20:23:01,013 [Trainer] :: Completed epoch 56: train_loss=0.118065 train_iou=0.886042 val_loss=0.288763 val_iou=0.657701 lr=0.00009173
2026-05-11 20:23:01,104 [Trainer] :: Updated latest checkpoint at epoch 56
2026-05-11 20:23:01,104 [Trainer] :: No validation IoU improvement for 6 epoch(s)
2026-05-11 20:23:01,104 [Trainer] :: Starting epoch 57
2026-05-11 20:28:37,413 [Trainer] :: Completed epoch 57: train_loss=0.114507 train_iou=0.890748 val_loss=0.313600 val_iou=0.621749 lr=0.00009144
2026-05-11 20:28:37,504 [Trainer] :: Updated latest checkpoint at epoch 57
2026-05-11 20:28:37,504 [Trainer] :: No validation IoU improvement for 7 epoch(s)
2026-05-11 20:28:37,504 [Trainer] :: Starting epoch 58
2026-05-11 20:34:49,166 [Trainer] :: Completed epoch 58: train_loss=0.115667 train_iou=0.888618 val_loss=0.294120 val_iou=0.638312 lr=0.00009115
2026-05-11 20:34:49,258 [Trainer] :: Updated latest checkpoint at epoch 58
2026-05-11 20:34:49,258 [Trainer] :: No validation IoU improvement for 8 epoch(s)
2026-05-11 20:34:49,258 [Trainer] :: Starting epoch 59
2026-05-11 20:45:53,052 [Trainer] :: Completed epoch 59: train_loss=0.116633 train_iou=0.888520 val_loss=0.292694 val_iou=0.652409 lr=0.00009085
2026-05-11 20:45:53,166 [Trainer] :: Updated latest checkpoint at epoch 59
2026-05-11 20:45:53,166 [Trainer] :: No validation IoU improvement for 9 epoch(s)
2026-05-11 20:45:53,166 [Trainer] :: Starting epoch 60
2026-05-11 20:51:31,499 [Trainer] :: Completed epoch 60: train_loss=0.114039 train_iou=0.890333 val_loss=0.296253 val_iou=0.623794 lr=0.00009055
2026-05-11 20:51:31,599 [Trainer] :: Updated latest checkpoint at epoch 60
2026-05-11 20:51:31,599 [Trainer] :: No validation IoU improvement for 10 epoch(s)
2026-05-11 20:51:31,599 [Trainer] :: Starting epoch 61
2026-05-11 20:57:12,097 [Trainer] :: Completed epoch 61: train_loss=0.113402 train_iou=0.891847 val_loss=0.326704 val_iou=0.603251 lr=0.00009024
2026-05-11 20:57:12,191 [Trainer] :: Updated latest checkpoint at epoch 61
2026-05-11 20:57:12,191 [Trainer] :: No validation IoU improvement for 11 epoch(s)
2026-05-11 20:57:12,191 [Trainer] :: Starting epoch 62
2026-05-11 21:02:53,048 [Trainer] :: Completed epoch 62: train_loss=0.112826 train_iou=0.891820 val_loss=0.284548 val_iou=0.674399 lr=0.00008993
2026-05-11 21:02:53,137 [Trainer] :: Updated latest checkpoint at epoch 62
2026-05-11 21:02:53,137 [Trainer] :: No validation IoU improvement for 12 epoch(s)
2026-05-11 21:02:53,137 [Trainer] :: Starting epoch 63
2026-05-11 21:08:32,157 [Trainer] :: Completed epoch 63: train_loss=0.112163 train_iou=0.892070 val_loss=0.290681 val_iou=0.647426 lr=0.00008961
2026-05-11 21:08:32,248 [Trainer] :: Updated latest checkpoint at epoch 63
2026-05-11 21:08:32,248 [Trainer] :: No validation IoU improvement for 13 epoch(s)
2026-05-11 21:08:32,248 [Trainer] :: Starting epoch 64
2026-05-11 21:14:12,285 [Trainer] :: Completed epoch 64: train_loss=0.110496 train_iou=0.893713 val_loss=0.309053 val_iou=0.618307 lr=0.00008929
2026-05-11 21:14:12,381 [Trainer] :: Updated latest checkpoint at epoch 64
2026-05-11 21:14:12,381 [Trainer] :: No validation IoU improvement for 14 epoch(s)
2026-05-11 21:14:12,381 [Trainer] :: Starting epoch 65
2026-05-11 21:20:10,684 [Trainer] :: Completed epoch 65: train_loss=0.110321 train_iou=0.895095 val_loss=0.290939 val_iou=0.656487 lr=0.00008897
2026-05-11 21:20:10,778 [Trainer] :: Updated latest checkpoint at epoch 65
2026-05-11 21:20:10,779 [Trainer] :: No validation IoU improvement for 15 epoch(s)
2026-05-11 21:20:10,779 [Trainer] :: Starting epoch 66
2026-05-11 21:26:05,275 [Trainer] :: Completed epoch 66: train_loss=0.112044 train_iou=0.892738 val_loss=0.284614 val_iou=0.665809 lr=0.00008864
2026-05-11 21:26:05,396 [Trainer] :: Updated latest checkpoint at epoch 66
2026-05-11 21:26:05,397 [Trainer] :: No validation IoU improvement for 16 epoch(s)
2026-05-11 21:26:05,397 [Trainer] :: Starting epoch 67
2026-05-11 22:35:02,836 [Trainer] :: Completed epoch 67: train_loss=0.107489 train_iou=0.896519 val_loss=0.296203 val_iou=0.655725 lr=0.00008831
2026-05-11 22:35:02,925 [Trainer] :: Updated latest checkpoint at epoch 67
2026-05-11 22:35:02,925 [Trainer] :: No validation IoU improvement for 17 epoch(s)
2026-05-11 22:35:02,925 [Trainer] :: Starting epoch 68
2026-05-11 22:41:06,778 [Trainer] :: Completed epoch 68: train_loss=0.107312 train_iou=0.896100 val_loss=0.306024 val_iou=0.634857 lr=0.00008797
2026-05-11 22:41:06,903 [Trainer] :: Updated latest checkpoint at epoch 68
2026-05-11 22:41:06,903 [Trainer] :: No validation IoU improvement for 18 epoch(s)
2026-05-11 22:41:06,903 [Trainer] :: Starting epoch 69
2026-05-11 22:49:26,402 [Trainer] :: Completed epoch 69: train_loss=0.106262 train_iou=0.898810 val_loss=0.310360 val_iou=0.643452 lr=0.00008763
2026-05-11 22:49:26,518 [Trainer] :: Updated latest checkpoint at epoch 69
2026-05-11 22:49:26,518 [Trainer] :: No validation IoU improvement for 19 epoch(s)
2026-05-11 22:49:26,518 [Trainer] :: Starting epoch 70
2026-05-11 22:54:55,006 [Trainer] :: Completed epoch 70: train_loss=0.107070 train_iou=0.897036 val_loss=0.294331 val_iou=0.647660 lr=0.00008729
2026-05-11 22:54:55,097 [Trainer] :: Updated latest checkpoint at epoch 70
2026-05-11 22:54:55,097 [Trainer] :: No validation IoU improvement for 20 epoch(s)
2026-05-11 22:54:55,098 [Trainer] :: Starting epoch 71
2026-05-11 23:00:40,485 [Trainer] :: Completed epoch 71: train_loss=0.105169 train_iou=0.897804 val_loss=0.298895 val_iou=0.666985 lr=0.00008694
2026-05-11 23:00:40,976 [Trainer] :: Updated latest checkpoint at epoch 71
2026-05-11 23:00:40,977 [Trainer] :: No validation IoU improvement for 21 epoch(s)
2026-05-11 23:00:40,977 [Trainer] :: Starting epoch 72
2026-05-11 23:15:14,681 [Trainer] :: Completed epoch 72: train_loss=0.106112 train_iou=0.898842 val_loss=0.285860 val_iou=0.665238 lr=0.00008658
2026-05-11 23:15:15,428 [Trainer] :: Updated latest checkpoint at epoch 72
2026-05-11 23:15:15,429 [Trainer] :: No validation IoU improvement for 22 epoch(s)
2026-05-11 23:15:15,429 [Trainer] :: Starting epoch 73
2026-05-11 23:21:57,116 [Trainer] :: Completed epoch 73: train_loss=0.103109 train_iou=0.900160 val_loss=0.303745 val_iou=0.654280 lr=0.00008623
2026-05-11 23:21:57,212 [Trainer] :: Updated latest checkpoint at epoch 73
2026-05-11 23:21:57,212 [Trainer] :: No validation IoU improvement for 23 epoch(s)
2026-05-11 23:21:57,212 [Trainer] :: Starting epoch 74
2026-05-11 23:32:42,848 [Trainer] :: Completed epoch 74: train_loss=0.106369 train_iou=0.897378 val_loss=0.317755 val_iou=0.620144 lr=0.00008587
2026-05-11 23:32:43,078 [Trainer] :: Updated latest checkpoint at epoch 74
2026-05-11 23:32:43,078 [Trainer] :: No validation IoU improvement for 24 epoch(s)
2026-05-11 23:32:43,078 [Trainer] :: Starting epoch 75
2026-05-11 23:43:41,580 [Trainer] :: Completed epoch 75: train_loss=0.101712 train_iou=0.902110 val_loss=0.306705 val_iou=0.635406 lr=0.00008550
2026-05-11 23:43:41,741 [Trainer] :: Updated latest checkpoint at epoch 75
2026-05-11 23:43:41,742 [Trainer] :: No validation IoU improvement for 25 epoch(s)
2026-05-11 23:43:41,742 [Trainer] :: Starting epoch 76
2026-05-12 00:03:22,941 [Trainer] :: Completed epoch 76: train_loss=0.103290 train_iou=0.900387 val_loss=0.305071 val_iou=0.656113 lr=0.00008513
2026-05-12 00:03:23,565 [Trainer] :: Updated latest checkpoint at epoch 76
2026-05-12 00:03:23,565 [Trainer] :: No validation IoU improvement for 26 epoch(s)
2026-05-12 00:03:23,565 [Trainer] :: Starting epoch 77
2026-05-12 00:33:09,277 [Trainer] :: Completed epoch 77: train_loss=0.101056 train_iou=0.902171 val_loss=0.297943 val_iou=0.658463 lr=0.00008476
2026-05-12 00:33:09,568 [Trainer] :: Updated latest checkpoint at epoch 77
2026-05-12 00:33:09,569 [Trainer] :: No validation IoU improvement for 27 epoch(s)
2026-05-12 00:33:09,569 [Trainer] :: Starting epoch 78
2026-05-12 00:40:08,858 [Trainer] :: Completed epoch 78: train_loss=0.101356 train_iou=0.901943 val_loss=0.306713 val_iou=0.667830 lr=0.00008439
2026-05-12 00:40:09,428 [Trainer] :: Updated latest checkpoint at epoch 78
2026-05-12 00:40:09,428 [Trainer] :: No validation IoU improvement for 28 epoch(s)
2026-05-12 00:40:09,428 [Trainer] :: Starting epoch 79
2026-05-12 00:46:13,747 [Trainer] :: Completed epoch 79: train_loss=0.102526 train_iou=0.901766 val_loss=0.300910 val_iou=0.651831 lr=0.00008401
2026-05-12 00:46:13,839 [Trainer] :: Updated latest checkpoint at epoch 79
2026-05-12 00:46:13,840 [Trainer] :: No validation IoU improvement for 29 epoch(s)
2026-05-12 00:46:13,840 [Trainer] :: Starting epoch 80
2026-05-12 00:52:30,056 [Trainer] :: Completed epoch 80: train_loss=0.100053 train_iou=0.903240 val_loss=0.296332 val_iou=0.643356 lr=0.00008362
2026-05-12 00:52:30,146 [Trainer] :: Updated latest checkpoint at epoch 80
2026-05-12 00:52:30,146 [Trainer] :: No validation IoU improvement for 30 epoch(s)
2026-05-12 00:52:30,146 [Trainer] :: Starting epoch 81
2026-05-12 01:00:11,279 [Trainer] :: Completed epoch 81: train_loss=0.099423 train_iou=0.903522 val_loss=0.296077 val_iou=0.654571 lr=0.00008323
2026-05-12 01:00:11,593 [Trainer] :: Updated latest checkpoint at epoch 81
2026-05-12 01:00:11,593 [Trainer] :: No validation IoU improvement for 31 epoch(s)
2026-05-12 01:00:11,593 [Trainer] :: Starting epoch 82
2026-05-12 01:08:05,378 [Trainer] :: Completed epoch 82: train_loss=0.099288 train_iou=0.903828 val_loss=0.300222 val_iou=0.652247 lr=0.00008284
2026-05-12 01:08:05,516 [Trainer] :: Updated latest checkpoint at epoch 82
2026-05-12 01:08:05,516 [Trainer] :: No validation IoU improvement for 32 epoch(s)
2026-05-12 01:08:05,516 [Trainer] :: Starting epoch 83
2026-05-12 01:21:46,603 [Trainer] :: Completed epoch 83: train_loss=0.099372 train_iou=0.903218 val_loss=0.310186 val_iou=0.651451 lr=0.00008245
2026-05-12 01:21:46,785 [Trainer] :: Updated latest checkpoint at epoch 83
2026-05-12 01:21:46,785 [Trainer] :: No validation IoU improvement for 33 epoch(s)
2026-05-12 01:21:46,785 [Trainer] :: Starting epoch 84
