2026-05-03 21:49:26,962 [Trainer] :: Training run initialized at /ceph/home/student.aau.dk/qd36zu/fuzzy-p10/tbd/masking/outputs/runs/rgb_real_msi_deeplabv3plus_resnet50_seed49_20260503T194926Z
2026-05-03 21:49:26,962 [Trainer] :: Loaded config from /ceph/home/student.aau.dk/qd36zu/fuzzy-p10/tbd/masking/configs/binary/rgb_real_msi_deeplabv3plus_resnet50.yaml
2026-05-03 21:49:26,962 [Trainer] :: Using seed=49 and device=None
2026-05-03 21:49:26,962 [Trainer] :: Using model architecture=DeepLabV3Plus encoder=resnet50 encoder_weights=imagenet
2026-05-03 21:49:27,317 [Trainer] :: Resolved runtime device to cuda
2026-05-03 21:49:27,319 [Trainer] :: Prepared normalization from source=train_split_patch_stats
2026-05-03 21:49:43,301 [Trainer] :: Built dataloaders with batch_size=16, num_workers=0
2026-05-03 21:49:43,302 [Trainer] :: Starting epoch 1
2026-05-03 21:55:23,743 [Trainer] :: Completed epoch 1: train_loss=0.400342 train_iou=0.665195 val_loss=0.412486 val_iou=0.488446 lr=0.00010000
2026-05-03 21:55:24,089 [Trainer] :: Updated latest checkpoint at epoch 1
2026-05-03 21:55:24,441 [Trainer] :: New best checkpoint saved with val_iou=0.488446
2026-05-03 21:55:24,441 [Trainer] :: Starting epoch 2
2026-05-03 22:00:19,562 [Trainer] :: Completed epoch 2: train_loss=0.289925 train_iou=0.752786 val_loss=0.323995 val_iou=0.576211 lr=0.00009999
2026-05-03 22:00:20,277 [Trainer] :: Updated latest checkpoint at epoch 2
2026-05-03 22:00:20,815 [Trainer] :: New best checkpoint saved with val_iou=0.576211
2026-05-03 22:00:20,816 [Trainer] :: Starting epoch 3
2026-05-03 22:04:43,467 [Trainer] :: Completed epoch 3: train_loss=0.272481 train_iou=0.761575 val_loss=0.291678 val_iou=0.605139 lr=0.00009998
2026-05-03 22:04:44,007 [Trainer] :: Updated latest checkpoint at epoch 3
2026-05-03 22:04:44,369 [Trainer] :: New best checkpoint saved with val_iou=0.605139
2026-05-03 22:04:44,369 [Trainer] :: Starting epoch 4
2026-05-03 22:09:32,146 [Trainer] :: Completed epoch 4: train_loss=0.247831 train_iou=0.785395 val_loss=0.302175 val_iou=0.583216 lr=0.00009996
2026-05-03 22:09:32,577 [Trainer] :: Updated latest checkpoint at epoch 4
2026-05-03 22:09:32,577 [Trainer] :: No validation IoU improvement for 1 epoch(s)
2026-05-03 22:09:32,577 [Trainer] :: Starting epoch 5
2026-05-03 22:13:41,030 [Trainer] :: Completed epoch 5: train_loss=0.244253 train_iou=0.785791 val_loss=0.298661 val_iou=0.594309 lr=0.00009993
2026-05-03 22:13:41,422 [Trainer] :: Updated latest checkpoint at epoch 5
2026-05-03 22:13:41,422 [Trainer] :: No validation IoU improvement for 2 epoch(s)
2026-05-03 22:13:41,422 [Trainer] :: Starting epoch 6
2026-05-03 22:17:51,981 [Trainer] :: Completed epoch 6: train_loss=0.227428 train_iou=0.800225 val_loss=0.282547 val_iou=0.608196 lr=0.00009990
2026-05-03 22:17:52,436 [Trainer] :: Updated latest checkpoint at epoch 6
2026-05-03 22:17:52,807 [Trainer] :: New best checkpoint saved with val_iou=0.608196
2026-05-03 22:17:52,807 [Trainer] :: Starting epoch 7
2026-05-03 22:23:55,821 [Trainer] :: Completed epoch 7: train_loss=0.208832 train_iou=0.816346 val_loss=0.272683 val_iou=0.617042 lr=0.00009987
2026-05-03 22:23:56,424 [Trainer] :: Updated latest checkpoint at epoch 7
2026-05-03 22:23:56,995 [Trainer] :: New best checkpoint saved with val_iou=0.617042
2026-05-03 22:23:56,995 [Trainer] :: Starting epoch 8
2026-05-03 22:28:43,444 [Trainer] :: Completed epoch 8: train_loss=0.200530 train_iou=0.825352 val_loss=0.317340 val_iou=0.571615 lr=0.00009983
2026-05-03 22:28:44,017 [Trainer] :: Updated latest checkpoint at epoch 8
2026-05-03 22:28:44,017 [Trainer] :: No validation IoU improvement for 1 epoch(s)
2026-05-03 22:28:44,017 [Trainer] :: Starting epoch 9
2026-05-03 22:33:08,545 [Trainer] :: Completed epoch 9: train_loss=0.202012 train_iou=0.821299 val_loss=0.271007 val_iou=0.623799 lr=0.00009978
2026-05-03 22:33:09,368 [Trainer] :: Updated latest checkpoint at epoch 9
2026-05-03 22:33:10,005 [Trainer] :: New best checkpoint saved with val_iou=0.623799
2026-05-03 22:33:10,005 [Trainer] :: Starting epoch 10
2026-05-03 22:38:09,526 [Trainer] :: Completed epoch 10: train_loss=0.194905 train_iou=0.825596 val_loss=0.279872 val_iou=0.625292 lr=0.00009973
2026-05-03 22:38:09,982 [Trainer] :: Updated latest checkpoint at epoch 10
2026-05-03 22:38:10,376 [Trainer] :: New best checkpoint saved with val_iou=0.625292
2026-05-03 22:38:10,376 [Trainer] :: Starting epoch 11
2026-05-03 22:43:23,043 [Trainer] :: Completed epoch 11: train_loss=0.189954 train_iou=0.830893 val_loss=0.274641 val_iou=0.623384 lr=0.00009967
2026-05-03 22:43:23,480 [Trainer] :: Updated latest checkpoint at epoch 11
2026-05-03 22:43:23,480 [Trainer] :: No validation IoU improvement for 1 epoch(s)
2026-05-03 22:43:23,480 [Trainer] :: Starting epoch 12
2026-05-03 22:48:35,343 [Trainer] :: Completed epoch 12: train_loss=0.185384 train_iou=0.834339 val_loss=0.286512 val_iou=0.597318 lr=0.00009961
2026-05-03 22:48:35,904 [Trainer] :: Updated latest checkpoint at epoch 12
2026-05-03 22:48:35,904 [Trainer] :: No validation IoU improvement for 2 epoch(s)
2026-05-03 22:48:35,904 [Trainer] :: Starting epoch 13
2026-05-03 22:53:14,034 [Trainer] :: Completed epoch 13: train_loss=0.175074 train_iou=0.841116 val_loss=0.296695 val_iou=0.598339 lr=0.00009954
2026-05-03 22:53:14,585 [Trainer] :: Updated latest checkpoint at epoch 13
2026-05-03 22:53:14,585 [Trainer] :: No validation IoU improvement for 3 epoch(s)
2026-05-03 22:53:14,585 [Trainer] :: Starting epoch 14
2026-05-03 22:58:17,917 [Trainer] :: Completed epoch 14: train_loss=0.171011 train_iou=0.845875 val_loss=0.290619 val_iou=0.591670 lr=0.00009947
2026-05-03 22:58:18,336 [Trainer] :: Updated latest checkpoint at epoch 14
2026-05-03 22:58:18,336 [Trainer] :: No validation IoU improvement for 4 epoch(s)
2026-05-03 22:58:18,336 [Trainer] :: Starting epoch 15
2026-05-03 23:03:19,623 [Trainer] :: Completed epoch 15: train_loss=0.169535 train_iou=0.838955 val_loss=0.297880 val_iou=0.593906 lr=0.00009939
2026-05-03 23:03:20,059 [Trainer] :: Updated latest checkpoint at epoch 15
2026-05-03 23:03:20,059 [Trainer] :: No validation IoU improvement for 5 epoch(s)
2026-05-03 23:03:20,059 [Trainer] :: Starting epoch 16
2026-05-03 23:08:20,116 [Trainer] :: Completed epoch 16: train_loss=0.157658 train_iou=0.849378 val_loss=0.298733 val_iou=0.584415 lr=0.00009931
2026-05-03 23:08:20,678 [Trainer] :: Updated latest checkpoint at epoch 16
2026-05-03 23:08:20,678 [Trainer] :: No validation IoU improvement for 6 epoch(s)
2026-05-03 23:08:20,678 [Trainer] :: Starting epoch 17
2026-05-03 23:13:16,602 [Trainer] :: Completed epoch 17: train_loss=0.155068 train_iou=0.851053 val_loss=0.287872 val_iou=0.597250 lr=0.00009922
2026-05-03 23:13:17,238 [Trainer] :: Updated latest checkpoint at epoch 17
2026-05-03 23:13:17,238 [Trainer] :: No validation IoU improvement for 7 epoch(s)
2026-05-03 23:13:17,238 [Trainer] :: Starting epoch 18
2026-05-03 23:18:29,246 [Trainer] :: Completed epoch 18: train_loss=0.152128 train_iou=0.853312 val_loss=0.292346 val_iou=0.609697 lr=0.00009912
2026-05-03 23:18:29,686 [Trainer] :: Updated latest checkpoint at epoch 18
2026-05-03 23:18:29,686 [Trainer] :: No validation IoU improvement for 8 epoch(s)
2026-05-03 23:18:29,686 [Trainer] :: Starting epoch 19
2026-05-03 23:23:47,720 [Trainer] :: Completed epoch 19: train_loss=0.143415 train_iou=0.859500 val_loss=0.335478 val_iou=0.550395 lr=0.00009902
2026-05-03 23:23:48,104 [Trainer] :: Updated latest checkpoint at epoch 19
2026-05-03 23:23:48,104 [Trainer] :: No validation IoU improvement for 9 epoch(s)
2026-05-03 23:23:48,104 [Trainer] :: Starting epoch 20
2026-05-03 23:28:40,109 [Trainer] :: Completed epoch 20: train_loss=0.139401 train_iou=0.863924 val_loss=0.290582 val_iou=0.595359 lr=0.00009892
2026-05-03 23:28:40,626 [Trainer] :: Updated latest checkpoint at epoch 20
2026-05-03 23:28:40,626 [Trainer] :: No validation IoU improvement for 10 epoch(s)
2026-05-03 23:28:40,626 [Trainer] :: Starting epoch 21
2026-05-03 23:33:55,838 [Trainer] :: Completed epoch 21: train_loss=0.149202 train_iou=0.858795 val_loss=0.277993 val_iou=0.609028 lr=0.00009881
2026-05-03 23:33:56,238 [Trainer] :: Updated latest checkpoint at epoch 21
2026-05-03 23:33:56,238 [Trainer] :: No validation IoU improvement for 11 epoch(s)
2026-05-03 23:33:56,238 [Trainer] :: Starting epoch 22
2026-05-03 23:38:22,188 [Trainer] :: Completed epoch 22: train_loss=0.138116 train_iou=0.862410 val_loss=0.270718 val_iou=0.630593 lr=0.00009869
2026-05-03 23:38:22,952 [Trainer] :: Updated latest checkpoint at epoch 22
2026-05-03 23:38:23,299 [Trainer] :: New best checkpoint saved with val_iou=0.630593
2026-05-03 23:38:23,299 [Trainer] :: Starting epoch 23
2026-05-03 23:43:32,218 [Trainer] :: Completed epoch 23: train_loss=0.132082 train_iou=0.868842 val_loss=0.279331 val_iou=0.611230 lr=0.00009857
2026-05-03 23:43:32,876 [Trainer] :: Updated latest checkpoint at epoch 23
2026-05-03 23:43:32,876 [Trainer] :: No validation IoU improvement for 1 epoch(s)
2026-05-03 23:43:32,876 [Trainer] :: Starting epoch 24
2026-05-03 23:48:28,316 [Trainer] :: Completed epoch 24: train_loss=0.123941 train_iou=0.874170 val_loss=0.301549 val_iou=0.579701 lr=0.00009844
2026-05-03 23:48:28,798 [Trainer] :: Updated latest checkpoint at epoch 24
2026-05-03 23:48:28,798 [Trainer] :: No validation IoU improvement for 2 epoch(s)
2026-05-03 23:48:28,798 [Trainer] :: Starting epoch 25
2026-05-03 23:53:37,431 [Trainer] :: Completed epoch 25: train_loss=0.121246 train_iou=0.878151 val_loss=0.296027 val_iou=0.608270 lr=0.00009831
2026-05-03 23:53:37,951 [Trainer] :: Updated latest checkpoint at epoch 25
2026-05-03 23:53:37,951 [Trainer] :: No validation IoU improvement for 3 epoch(s)
2026-05-03 23:53:37,951 [Trainer] :: Starting epoch 26
2026-05-03 23:58:02,863 [Trainer] :: Completed epoch 26: train_loss=0.117506 train_iou=0.879372 val_loss=0.288528 val_iou=0.610110 lr=0.00009818
2026-05-03 23:58:03,497 [Trainer] :: Updated latest checkpoint at epoch 26
2026-05-03 23:58:03,497 [Trainer] :: No validation IoU improvement for 4 epoch(s)
2026-05-03 23:58:03,497 [Trainer] :: Starting epoch 27
2026-05-04 00:03:19,267 [Trainer] :: Completed epoch 27: train_loss=0.112900 train_iou=0.884132 val_loss=0.334678 val_iou=0.568543 lr=0.00009803
2026-05-04 00:03:19,818 [Trainer] :: Updated latest checkpoint at epoch 27
2026-05-04 00:03:19,818 [Trainer] :: No validation IoU improvement for 5 epoch(s)
2026-05-04 00:03:19,818 [Trainer] :: Starting epoch 28
2026-05-04 00:08:06,609 [Trainer] :: Completed epoch 28: train_loss=0.110768 train_iou=0.886922 val_loss=0.309092 val_iou=0.601984 lr=0.00009789
2026-05-04 00:08:07,205 [Trainer] :: Updated latest checkpoint at epoch 28
2026-05-04 00:08:07,205 [Trainer] :: No validation IoU improvement for 6 epoch(s)
2026-05-04 00:08:07,205 [Trainer] :: Starting epoch 29
2026-05-04 00:12:45,496 [Trainer] :: Completed epoch 29: train_loss=0.109224 train_iou=0.885544 val_loss=0.303567 val_iou=0.602777 lr=0.00009773
2026-05-04 00:12:45,971 [Trainer] :: Updated latest checkpoint at epoch 29
2026-05-04 00:12:45,971 [Trainer] :: No validation IoU improvement for 7 epoch(s)
2026-05-04 00:12:45,971 [Trainer] :: Starting epoch 30
2026-05-04 00:17:14,576 [Trainer] :: Completed epoch 30: train_loss=0.108215 train_iou=0.885901 val_loss=0.278171 val_iou=0.618432 lr=0.00009758
2026-05-04 00:17:15,093 [Trainer] :: Updated latest checkpoint at epoch 30
2026-05-04 00:17:15,093 [Trainer] :: No validation IoU improvement for 8 epoch(s)
2026-05-04 00:17:15,093 [Trainer] :: Starting epoch 31
2026-05-04 00:22:08,553 [Trainer] :: Completed epoch 31: train_loss=0.099737 train_iou=0.897508 val_loss=0.314136 val_iou=0.597344 lr=0.00009741
2026-05-04 00:22:09,066 [Trainer] :: Updated latest checkpoint at epoch 31
2026-05-04 00:22:09,066 [Trainer] :: No validation IoU improvement for 9 epoch(s)
2026-05-04 00:22:09,067 [Trainer] :: Starting epoch 32
2026-05-04 00:27:41,181 [Trainer] :: Completed epoch 32: train_loss=0.103371 train_iou=0.893071 val_loss=0.331517 val_iou=0.576203 lr=0.00009725
2026-05-04 00:27:41,668 [Trainer] :: Updated latest checkpoint at epoch 32
2026-05-04 00:27:41,668 [Trainer] :: No validation IoU improvement for 10 epoch(s)
2026-05-04 00:27:41,668 [Trainer] :: Starting epoch 33
2026-05-04 00:32:45,596 [Trainer] :: Completed epoch 33: train_loss=0.100816 train_iou=0.895478 val_loss=0.287312 val_iou=0.612668 lr=0.00009707
2026-05-04 00:32:46,179 [Trainer] :: Updated latest checkpoint at epoch 33
2026-05-04 00:32:46,179 [Trainer] :: No validation IoU improvement for 11 epoch(s)
2026-05-04 00:32:46,180 [Trainer] :: Starting epoch 34
2026-05-04 00:37:32,337 [Trainer] :: Completed epoch 34: train_loss=0.096658 train_iou=0.900176 val_loss=0.287164 val_iou=0.619919 lr=0.00009690
2026-05-04 00:37:32,925 [Trainer] :: Updated latest checkpoint at epoch 34
2026-05-04 00:37:32,926 [Trainer] :: No validation IoU improvement for 12 epoch(s)
2026-05-04 00:37:32,926 [Trainer] :: Starting epoch 35
2026-05-04 00:42:38,962 [Trainer] :: Completed epoch 35: train_loss=0.098562 train_iou=0.896443 val_loss=0.305018 val_iou=0.590517 lr=0.00009671
2026-05-04 00:42:39,516 [Trainer] :: Updated latest checkpoint at epoch 35
2026-05-04 00:42:39,516 [Trainer] :: No validation IoU improvement for 13 epoch(s)
2026-05-04 00:42:39,516 [Trainer] :: Starting epoch 36
2026-05-04 00:47:38,650 [Trainer] :: Completed epoch 36: train_loss=0.099349 train_iou=0.894300 val_loss=0.333024 val_iou=0.575691 lr=0.00009652
2026-05-04 00:47:39,102 [Trainer] :: Updated latest checkpoint at epoch 36
2026-05-04 00:47:39,102 [Trainer] :: No validation IoU improvement for 14 epoch(s)
2026-05-04 00:47:39,102 [Trainer] :: Starting epoch 37
2026-05-04 00:52:28,892 [Trainer] :: Completed epoch 37: train_loss=0.097969 train_iou=0.896024 val_loss=0.302244 val_iou=0.602989 lr=0.00009633
2026-05-04 00:52:29,402 [Trainer] :: Updated latest checkpoint at epoch 37
2026-05-04 00:52:29,402 [Trainer] :: No validation IoU improvement for 15 epoch(s)
2026-05-04 00:52:29,402 [Trainer] :: Starting epoch 38
2026-05-04 00:56:56,795 [Trainer] :: Completed epoch 38: train_loss=0.091276 train_iou=0.903055 val_loss=0.308113 val_iou=0.603672 lr=0.00009613
2026-05-04 00:56:57,286 [Trainer] :: Updated latest checkpoint at epoch 38
2026-05-04 00:56:57,286 [Trainer] :: No validation IoU improvement for 16 epoch(s)
2026-05-04 00:56:57,286 [Trainer] :: Starting epoch 39
2026-05-04 01:01:54,966 [Trainer] :: Completed epoch 39: train_loss=0.089305 train_iou=0.903570 val_loss=0.318535 val_iou=0.597594 lr=0.00009593
2026-05-04 01:01:55,465 [Trainer] :: Updated latest checkpoint at epoch 39
2026-05-04 01:01:55,465 [Trainer] :: No validation IoU improvement for 17 epoch(s)
2026-05-04 01:01:55,465 [Trainer] :: Starting epoch 40
2026-05-04 01:06:59,809 [Trainer] :: Completed epoch 40: train_loss=0.084877 train_iou=0.909060 val_loss=0.327892 val_iou=0.600223 lr=0.00009572
2026-05-04 01:07:00,325 [Trainer] :: Updated latest checkpoint at epoch 40
2026-05-04 01:07:00,325 [Trainer] :: No validation IoU improvement for 18 epoch(s)
2026-05-04 01:07:00,325 [Trainer] :: Starting epoch 41
2026-05-04 01:11:50,032 [Trainer] :: Completed epoch 41: train_loss=0.085595 train_iou=0.909298 val_loss=0.314108 val_iou=0.612644 lr=0.00009551
2026-05-04 01:11:50,486 [Trainer] :: Updated latest checkpoint at epoch 41
2026-05-04 01:11:50,486 [Trainer] :: No validation IoU improvement for 19 epoch(s)
2026-05-04 01:11:50,486 [Trainer] :: Starting epoch 42
2026-05-04 01:17:12,960 [Trainer] :: Completed epoch 42: train_loss=0.081614 train_iou=0.912895 val_loss=0.309136 val_iou=0.613775 lr=0.00009529
2026-05-04 01:17:13,423 [Trainer] :: Updated latest checkpoint at epoch 42
2026-05-04 01:17:13,424 [Trainer] :: No validation IoU improvement for 20 epoch(s)
2026-05-04 01:17:13,424 [Trainer] :: Starting epoch 43
2026-05-04 01:22:57,382 [Trainer] :: Completed epoch 43: train_loss=0.081478 train_iou=0.913123 val_loss=0.343584 val_iou=0.550419 lr=0.00009507
2026-05-04 01:22:57,869 [Trainer] :: Updated latest checkpoint at epoch 43
2026-05-04 01:22:57,869 [Trainer] :: No validation IoU improvement for 21 epoch(s)
2026-05-04 01:22:57,870 [Trainer] :: Starting epoch 44
2026-05-04 01:27:59,428 [Trainer] :: Completed epoch 44: train_loss=0.083006 train_iou=0.911317 val_loss=0.304163 val_iou=0.628237 lr=0.00009484
2026-05-04 01:27:59,889 [Trainer] :: Updated latest checkpoint at epoch 44
2026-05-04 01:27:59,889 [Trainer] :: No validation IoU improvement for 22 epoch(s)
2026-05-04 01:27:59,890 [Trainer] :: Starting epoch 45
2026-05-04 01:33:43,923 [Trainer] :: Completed epoch 45: train_loss=0.078153 train_iou=0.916058 val_loss=0.311129 val_iou=0.606959 lr=0.00009460
2026-05-04 01:33:44,906 [Trainer] :: Updated latest checkpoint at epoch 45
2026-05-04 01:33:44,907 [Trainer] :: No validation IoU improvement for 23 epoch(s)
2026-05-04 01:33:44,907 [Trainer] :: Starting epoch 46
2026-05-04 01:39:02,214 [Trainer] :: Completed epoch 46: train_loss=0.079311 train_iou=0.914996 val_loss=0.318930 val_iou=0.587080 lr=0.00009437
2026-05-04 01:39:02,710 [Trainer] :: Updated latest checkpoint at epoch 46
2026-05-04 01:39:02,710 [Trainer] :: No validation IoU improvement for 24 epoch(s)
2026-05-04 01:39:02,710 [Trainer] :: Starting epoch 47
2026-05-04 01:44:13,212 [Trainer] :: Completed epoch 47: train_loss=0.079855 train_iou=0.912422 val_loss=0.345267 val_iou=0.565988 lr=0.00009412
2026-05-04 01:44:13,677 [Trainer] :: Updated latest checkpoint at epoch 47
2026-05-04 01:44:13,678 [Trainer] :: No validation IoU improvement for 25 epoch(s)
2026-05-04 01:44:13,678 [Trainer] :: Starting epoch 48
2026-05-04 01:49:44,834 [Trainer] :: Completed epoch 48: train_loss=0.080117 train_iou=0.913488 val_loss=0.325579 val_iou=0.597839 lr=0.00009388
2026-05-04 01:49:45,301 [Trainer] :: Updated latest checkpoint at epoch 48
2026-05-04 01:49:45,301 [Trainer] :: No validation IoU improvement for 26 epoch(s)
2026-05-04 01:49:45,301 [Trainer] :: Starting epoch 49
2026-05-04 01:56:50,004 [Trainer] :: Completed epoch 49: train_loss=0.077797 train_iou=0.915152 val_loss=0.322663 val_iou=0.593288 lr=0.00009363
2026-05-04 01:56:50,530 [Trainer] :: Updated latest checkpoint at epoch 49
2026-05-04 01:56:50,530 [Trainer] :: No validation IoU improvement for 27 epoch(s)
2026-05-04 01:56:50,530 [Trainer] :: Starting epoch 50
2026-05-04 02:02:07,111 [Trainer] :: Completed epoch 50: train_loss=0.074411 train_iou=0.919594 val_loss=0.301287 val_iou=0.612716 lr=0.00009337
2026-05-04 02:02:07,584 [Trainer] :: Updated latest checkpoint at epoch 50
2026-05-04 02:02:07,584 [Trainer] :: No validation IoU improvement for 28 epoch(s)
2026-05-04 02:02:07,584 [Trainer] :: Starting epoch 51
2026-05-04 02:07:35,524 [Trainer] :: Completed epoch 51: train_loss=0.072982 train_iou=0.922038 val_loss=0.311791 val_iou=0.597855 lr=0.00009311
2026-05-04 02:07:35,969 [Trainer] :: Updated latest checkpoint at epoch 51
2026-05-04 02:07:35,970 [Trainer] :: No validation IoU improvement for 29 epoch(s)
2026-05-04 02:07:35,970 [Trainer] :: Starting epoch 52
2026-05-04 02:15:01,514 [Trainer] :: Completed epoch 52: train_loss=0.072542 train_iou=0.921547 val_loss=0.305000 val_iou=0.623830 lr=0.00009284
2026-05-04 02:15:01,979 [Trainer] :: Updated latest checkpoint at epoch 52
2026-05-04 02:15:01,980 [Trainer] :: No validation IoU improvement for 30 epoch(s)
2026-05-04 02:15:01,980 [Trainer] :: Starting epoch 53
2026-05-04 02:20:53,797 [Trainer] :: Completed epoch 53: train_loss=0.071397 train_iou=0.922681 val_loss=0.312076 val_iou=0.602155 lr=0.00009257
2026-05-04 02:20:54,214 [Trainer] :: Updated latest checkpoint at epoch 53
2026-05-04 02:20:54,214 [Trainer] :: No validation IoU improvement for 31 epoch(s)
2026-05-04 02:20:54,214 [Trainer] :: Starting epoch 54
2026-05-04 02:26:32,607 [Trainer] :: Completed epoch 54: train_loss=0.069341 train_iou=0.925132 val_loss=0.305005 val_iou=0.618178 lr=0.00009229
2026-05-04 02:26:33,016 [Trainer] :: Updated latest checkpoint at epoch 54
2026-05-04 02:26:33,016 [Trainer] :: No validation IoU improvement for 32 epoch(s)
2026-05-04 02:26:33,017 [Trainer] :: Starting epoch 55
2026-05-04 02:31:48,044 [Trainer] :: Completed epoch 55: train_loss=0.070673 train_iou=0.924019 val_loss=0.323563 val_iou=0.596515 lr=0.00009201
2026-05-04 02:31:48,453 [Trainer] :: Updated latest checkpoint at epoch 55
2026-05-04 02:31:48,453 [Trainer] :: No validation IoU improvement for 33 epoch(s)
2026-05-04 02:31:48,453 [Trainer] :: Starting epoch 56
2026-05-04 02:37:12,965 [Trainer] :: Completed epoch 56: train_loss=0.068100 train_iou=0.927257 val_loss=0.326825 val_iou=0.607420 lr=0.00009173
2026-05-04 02:37:13,401 [Trainer] :: Updated latest checkpoint at epoch 56
2026-05-04 02:37:13,401 [Trainer] :: No validation IoU improvement for 34 epoch(s)
2026-05-04 02:37:13,401 [Trainer] :: Starting epoch 57
2026-05-04 02:42:26,172 [Trainer] :: Completed epoch 57: train_loss=0.066246 train_iou=0.928628 val_loss=0.325479 val_iou=0.589050 lr=0.00009144
2026-05-04 02:42:26,573 [Trainer] :: Updated latest checkpoint at epoch 57
2026-05-04 02:42:26,573 [Trainer] :: No validation IoU improvement for 35 epoch(s)
2026-05-04 02:42:26,573 [Trainer] :: Starting epoch 58
2026-05-04 02:48:09,485 [Trainer] :: Completed epoch 58: train_loss=0.064763 train_iou=0.929339 val_loss=0.316978 val_iou=0.604245 lr=0.00009115
2026-05-04 02:48:09,905 [Trainer] :: Updated latest checkpoint at epoch 58
2026-05-04 02:48:09,905 [Trainer] :: No validation IoU improvement for 36 epoch(s)
2026-05-04 02:48:09,905 [Trainer] :: Starting epoch 59
2026-05-04 02:53:32,579 [Trainer] :: Completed epoch 59: train_loss=0.066041 train_iou=0.928485 val_loss=0.324068 val_iou=0.601848 lr=0.00009085
2026-05-04 02:53:33,291 [Trainer] :: Updated latest checkpoint at epoch 59
2026-05-04 02:53:33,291 [Trainer] :: No validation IoU improvement for 37 epoch(s)
2026-05-04 02:53:33,291 [Trainer] :: Starting epoch 60
2026-05-04 02:58:49,779 [Trainer] :: Completed epoch 60: train_loss=0.062948 train_iou=0.931289 val_loss=0.308941 val_iou=0.614574 lr=0.00009055
2026-05-04 02:58:50,295 [Trainer] :: Updated latest checkpoint at epoch 60
2026-05-04 02:58:50,295 [Trainer] :: No validation IoU improvement for 38 epoch(s)
2026-05-04 02:58:50,295 [Trainer] :: Starting epoch 61
2026-05-04 03:03:55,082 [Trainer] :: Completed epoch 61: train_loss=0.061936 train_iou=0.932809 val_loss=0.318568 val_iou=0.604798 lr=0.00009024
2026-05-04 03:03:55,773 [Trainer] :: Updated latest checkpoint at epoch 61
2026-05-04 03:03:55,774 [Trainer] :: No validation IoU improvement for 39 epoch(s)
2026-05-04 03:03:55,774 [Trainer] :: Starting epoch 62
2026-05-04 03:09:02,052 [Trainer] :: Completed epoch 62: train_loss=0.062486 train_iou=0.932550 val_loss=0.311181 val_iou=0.608422 lr=0.00008993
2026-05-04 03:09:02,452 [Trainer] :: Updated latest checkpoint at epoch 62
2026-05-04 03:09:02,452 [Trainer] :: No validation IoU improvement for 40 epoch(s)
2026-05-04 03:09:02,452 [Trainer] :: Starting epoch 63
2026-05-04 03:14:04,540 [Trainer] :: Completed epoch 63: train_loss=0.064358 train_iou=0.930611 val_loss=0.312571 val_iou=0.617026 lr=0.00008961
2026-05-04 03:14:04,931 [Trainer] :: Updated latest checkpoint at epoch 63
2026-05-04 03:14:04,931 [Trainer] :: No validation IoU improvement for 41 epoch(s)
2026-05-04 03:14:04,931 [Trainer] :: Starting epoch 64
2026-05-04 03:19:26,015 [Trainer] :: Completed epoch 64: train_loss=0.063164 train_iou=0.931552 val_loss=0.328124 val_iou=0.608948 lr=0.00008929
2026-05-04 03:19:26,632 [Trainer] :: Updated latest checkpoint at epoch 64
2026-05-04 03:19:26,632 [Trainer] :: No validation IoU improvement for 42 epoch(s)
2026-05-04 03:19:26,632 [Trainer] :: Starting epoch 65
2026-05-04 03:27:03,380 [Trainer] :: Completed epoch 65: train_loss=0.059279 train_iou=0.935910 val_loss=0.325317 val_iou=0.603598 lr=0.00008897
2026-05-04 03:27:03,817 [Trainer] :: Updated latest checkpoint at epoch 65
2026-05-04 03:27:03,817 [Trainer] :: No validation IoU improvement for 43 epoch(s)
2026-05-04 03:27:03,817 [Trainer] :: Starting epoch 66
2026-05-04 03:32:26,646 [Trainer] :: Completed epoch 66: train_loss=0.061111 train_iou=0.935551 val_loss=0.322233 val_iou=0.617545 lr=0.00008864
2026-05-04 03:32:27,094 [Trainer] :: Updated latest checkpoint at epoch 66
2026-05-04 03:32:27,094 [Trainer] :: No validation IoU improvement for 44 epoch(s)
2026-05-04 03:32:27,094 [Trainer] :: Starting epoch 67
2026-05-04 03:36:47,403 [Trainer] :: Completed epoch 67: train_loss=0.058683 train_iou=0.936150 val_loss=0.324012 val_iou=0.614440 lr=0.00008831
2026-05-04 03:36:47,807 [Trainer] :: Updated latest checkpoint at epoch 67
2026-05-04 03:36:47,807 [Trainer] :: No validation IoU improvement for 45 epoch(s)
2026-05-04 03:36:47,807 [Trainer] :: Starting epoch 68
2026-05-04 03:41:25,297 [Trainer] :: Completed epoch 68: train_loss=0.058896 train_iou=0.936180 val_loss=0.309829 val_iou=0.618626 lr=0.00008797
2026-05-04 03:41:25,740 [Trainer] :: Updated latest checkpoint at epoch 68
2026-05-04 03:41:25,740 [Trainer] :: No validation IoU improvement for 46 epoch(s)
2026-05-04 03:41:25,740 [Trainer] :: Starting epoch 69
2026-05-04 03:45:45,568 [Trainer] :: Completed epoch 69: train_loss=0.059837 train_iou=0.934948 val_loss=0.348029 val_iou=0.595287 lr=0.00008763
2026-05-04 03:45:45,989 [Trainer] :: Updated latest checkpoint at epoch 69
2026-05-04 03:45:45,989 [Trainer] :: No validation IoU improvement for 47 epoch(s)
2026-05-04 03:45:45,989 [Trainer] :: Starting epoch 70
2026-05-04 03:52:09,517 [Trainer] :: Completed epoch 70: train_loss=0.057352 train_iou=0.938068 val_loss=0.319716 val_iou=0.624984 lr=0.00008729
2026-05-04 03:52:09,951 [Trainer] :: Updated latest checkpoint at epoch 70
2026-05-04 03:52:09,951 [Trainer] :: No validation IoU improvement for 48 epoch(s)
2026-05-04 03:52:09,951 [Trainer] :: Starting epoch 71
2026-05-04 03:58:08,439 [Trainer] :: Completed epoch 71: train_loss=0.057879 train_iou=0.936498 val_loss=0.322381 val_iou=0.604189 lr=0.00008694
2026-05-04 03:58:08,841 [Trainer] :: Updated latest checkpoint at epoch 71
2026-05-04 03:58:08,841 [Trainer] :: No validation IoU improvement for 49 epoch(s)
2026-05-04 03:58:08,841 [Trainer] :: Starting epoch 72
2026-05-04 04:05:09,682 [Trainer] :: Completed epoch 72: train_loss=0.056000 train_iou=0.939230 val_loss=0.335398 val_iou=0.604379 lr=0.00008658
2026-05-04 04:05:10,229 [Trainer] :: Updated latest checkpoint at epoch 72
2026-05-04 04:05:10,229 [Trainer] :: No validation IoU improvement for 50 epoch(s)
2026-05-04 04:05:10,229 [Trainer] :: Starting epoch 73
2026-05-04 04:11:32,186 [Trainer] :: Completed epoch 73: train_loss=0.054716 train_iou=0.939980 val_loss=0.328747 val_iou=0.615088 lr=0.00008623
2026-05-04 04:11:32,718 [Trainer] :: Updated latest checkpoint at epoch 73
2026-05-04 04:11:32,719 [Trainer] :: No validation IoU improvement for 51 epoch(s)
2026-05-04 04:11:32,719 [Trainer] :: Starting epoch 74
2026-05-04 04:16:59,025 [Trainer] :: Completed epoch 74: train_loss=0.054201 train_iou=0.940873 val_loss=0.350798 val_iou=0.593060 lr=0.00008587
2026-05-04 04:16:59,437 [Trainer] :: Updated latest checkpoint at epoch 74
2026-05-04 04:16:59,437 [Trainer] :: No validation IoU improvement for 52 epoch(s)
2026-05-04 04:16:59,437 [Trainer] :: Starting epoch 75
2026-05-04 04:22:44,852 [Trainer] :: Completed epoch 75: train_loss=0.053294 train_iou=0.941668 val_loss=0.327565 val_iou=0.610916 lr=0.00008550
2026-05-04 04:22:45,769 [Trainer] :: Updated latest checkpoint at epoch 75
2026-05-04 04:22:45,770 [Trainer] :: No validation IoU improvement for 53 epoch(s)
2026-05-04 04:22:45,770 [Trainer] :: Starting epoch 76
2026-05-04 04:29:25,079 [Trainer] :: Completed epoch 76: train_loss=0.056299 train_iou=0.938986 val_loss=0.329151 val_iou=0.598073 lr=0.00008513
2026-05-04 04:29:25,499 [Trainer] :: Updated latest checkpoint at epoch 76
2026-05-04 04:29:25,499 [Trainer] :: No validation IoU improvement for 54 epoch(s)
2026-05-04 04:29:25,499 [Trainer] :: Starting epoch 77
2026-05-04 04:36:14,428 [Trainer] :: Completed epoch 77: train_loss=0.068015 train_iou=0.938938 val_loss=0.357753 val_iou=0.591738 lr=0.00008476
2026-05-04 04:36:15,014 [Trainer] :: Updated latest checkpoint at epoch 77
2026-05-04 04:36:15,014 [Trainer] :: No validation IoU improvement for 55 epoch(s)
2026-05-04 04:36:15,014 [Trainer] :: Starting epoch 78
2026-05-04 04:43:20,100 [Trainer] :: Completed epoch 78: train_loss=0.052622 train_iou=0.942900 val_loss=0.338530 val_iou=0.603235 lr=0.00008439
2026-05-04 04:43:20,630 [Trainer] :: Updated latest checkpoint at epoch 78
2026-05-04 04:43:20,631 [Trainer] :: No validation IoU improvement for 56 epoch(s)
2026-05-04 04:43:20,631 [Trainer] :: Starting epoch 79
2026-05-04 04:48:36,732 [Trainer] :: Completed epoch 79: train_loss=0.051153 train_iou=0.944005 val_loss=0.330721 val_iou=0.598291 lr=0.00008401
2026-05-04 04:48:37,410 [Trainer] :: Updated latest checkpoint at epoch 79
2026-05-04 04:48:37,410 [Trainer] :: No validation IoU improvement for 57 epoch(s)
2026-05-04 04:48:37,410 [Trainer] :: Starting epoch 80
2026-05-04 04:53:32,532 [Trainer] :: Completed epoch 80: train_loss=0.050703 train_iou=0.945033 val_loss=0.328797 val_iou=0.604407 lr=0.00008362
2026-05-04 04:53:32,971 [Trainer] :: Updated latest checkpoint at epoch 80
2026-05-04 04:53:32,971 [Trainer] :: No validation IoU improvement for 58 epoch(s)
2026-05-04 04:53:32,971 [Trainer] :: Starting epoch 81
2026-05-04 04:58:42,219 [Trainer] :: Completed epoch 81: train_loss=0.050997 train_iou=0.944987 val_loss=0.336755 val_iou=0.602894 lr=0.00008323
2026-05-04 04:58:42,598 [Trainer] :: Updated latest checkpoint at epoch 81
2026-05-04 04:58:42,598 [Trainer] :: No validation IoU improvement for 59 epoch(s)
2026-05-04 04:58:42,598 [Trainer] :: Starting epoch 82
2026-05-04 05:04:11,373 [Trainer] :: Completed epoch 82: train_loss=0.049145 train_iou=0.946503 val_loss=0.328532 val_iou=0.608490 lr=0.00008284
2026-05-04 05:04:11,775 [Trainer] :: Updated latest checkpoint at epoch 82
2026-05-04 05:04:11,776 [Trainer] :: No validation IoU improvement for 60 epoch(s)
2026-05-04 05:04:11,776 [Trainer] :: Early stopping triggered after 60 epoch(s) without improvement
2026-05-04 05:11:16,936 [Trainer] :: Wrote training history to outputs/runs/rgb_real_msi_deeplabv3plus_resnet50_seed49_20260503T194926Z/metrics/history.json
2026-05-04 05:11:16,944 [Trainer] :: Wrote test summary to outputs/runs/rgb_real_msi_deeplabv3plus_resnet50_seed49_20260503T194926Z/metrics/test_summary.json
2026-05-04 05:11:16,944 [Trainer] :: Training completed
