2026-05-07 14:12:16,848 [Trainer] :: Training run initialized at /ceph/home/student.aau.dk/qd36zu/fuzzy-p10/tbd/masking/outputs/runs/real_msi_unetplusplus_resnet34_fuzzy_halo_seed51_20260507T121216Z
2026-05-07 14:12:16,848 [Trainer] :: Loaded config from /ceph/home/student.aau.dk/qd36zu/fuzzy-p10/tbd/masking/configs/fuzzy/real_msi_unetpp_resnet34.yaml
2026-05-07 14:12:16,849 [Trainer] :: Using seed=51 and device=None
2026-05-07 14:12:16,849 [Trainer] :: Using model architecture=UnetPlusPlus encoder=resnet34 encoder_weights=imagenet
2026-05-07 14:12:17,685 [Trainer] :: Resolved runtime device to cuda
2026-05-07 14:12:17,716 [Trainer] :: Prepared normalization from source=train_split_patch_stats
2026-05-07 14:12:49,816 [Trainer] :: Built dataloaders with batch_size=16, num_workers=0
2026-05-07 14:12:49,850 [Trainer] :: Starting epoch 1
2026-05-07 14:42:53,110 [Trainer] :: Completed epoch 1: train_loss=0.450210 train_iou=0.628832 val_loss=0.526120 val_iou=0.441259 lr=0.00010000
2026-05-07 14:42:54,606 [Trainer] :: Updated latest checkpoint at epoch 1
2026-05-07 14:42:57,056 [Trainer] :: New best checkpoint saved with val_iou=0.441259
2026-05-07 14:42:57,057 [Trainer] :: Starting epoch 2
2026-05-07 15:17:02,578 [Trainer] :: Completed epoch 2: train_loss=0.339881 train_iou=0.749954 val_loss=0.398608 val_iou=0.455864 lr=0.00009999
2026-05-07 15:17:05,068 [Trainer] :: Updated latest checkpoint at epoch 2
2026-05-07 15:17:07,055 [Trainer] :: New best checkpoint saved with val_iou=0.455864
2026-05-07 15:17:07,055 [Trainer] :: Starting epoch 3
2026-05-07 15:50:37,885 [Trainer] :: Completed epoch 3: train_loss=0.296639 train_iou=0.772722 val_loss=0.356933 val_iou=0.566781 lr=0.00009998
2026-05-07 15:50:39,731 [Trainer] :: Updated latest checkpoint at epoch 3
2026-05-07 15:50:42,606 [Trainer] :: New best checkpoint saved with val_iou=0.566781
2026-05-07 15:50:42,606 [Trainer] :: Starting epoch 4
2026-05-07 16:21:49,157 [Trainer] :: Completed epoch 4: train_loss=0.280681 train_iou=0.776456 val_loss=0.358548 val_iou=0.512624 lr=0.00009996
2026-05-07 16:21:50,875 [Trainer] :: Updated latest checkpoint at epoch 4
2026-05-07 16:21:50,875 [Trainer] :: No validation IoU improvement for 1 epoch(s)
2026-05-07 16:21:50,875 [Trainer] :: Starting epoch 5
2026-05-07 16:53:18,066 [Trainer] :: Completed epoch 5: train_loss=0.262914 train_iou=0.789570 val_loss=0.344102 val_iou=0.610088 lr=0.00009993
2026-05-07 16:53:20,299 [Trainer] :: Updated latest checkpoint at epoch 5
2026-05-07 16:53:22,154 [Trainer] :: New best checkpoint saved with val_iou=0.610088
2026-05-07 16:53:22,154 [Trainer] :: Starting epoch 6
2026-05-07 17:23:17,898 [Trainer] :: Completed epoch 6: train_loss=0.253911 train_iou=0.792534 val_loss=0.315335 val_iou=0.605750 lr=0.00009990
2026-05-07 17:23:19,991 [Trainer] :: Updated latest checkpoint at epoch 6
2026-05-07 17:23:19,991 [Trainer] :: No validation IoU improvement for 1 epoch(s)
2026-05-07 17:23:19,991 [Trainer] :: Starting epoch 7
2026-05-07 17:53:34,309 [Trainer] :: Completed epoch 7: train_loss=0.239012 train_iou=0.805714 val_loss=0.309325 val_iou=0.587436 lr=0.00009987
2026-05-07 17:53:36,179 [Trainer] :: Updated latest checkpoint at epoch 7
2026-05-07 17:53:36,179 [Trainer] :: No validation IoU improvement for 2 epoch(s)
2026-05-07 17:53:36,179 [Trainer] :: Starting epoch 8
2026-05-07 18:23:55,767 [Trainer] :: Completed epoch 8: train_loss=0.229395 train_iou=0.813772 val_loss=0.327205 val_iou=0.584475 lr=0.00009983
2026-05-07 18:23:57,736 [Trainer] :: Updated latest checkpoint at epoch 8
2026-05-07 18:23:57,736 [Trainer] :: No validation IoU improvement for 3 epoch(s)
2026-05-07 18:23:57,736 [Trainer] :: Starting epoch 9
2026-05-07 18:53:56,587 [Trainer] :: Completed epoch 9: train_loss=0.218244 train_iou=0.822794 val_loss=0.311015 val_iou=0.585974 lr=0.00009978
2026-05-07 18:53:59,144 [Trainer] :: Updated latest checkpoint at epoch 9
2026-05-07 18:53:59,144 [Trainer] :: No validation IoU improvement for 4 epoch(s)
2026-05-07 18:53:59,144 [Trainer] :: Starting epoch 10
2026-05-07 19:26:55,419 [Trainer] :: Completed epoch 10: train_loss=0.209905 train_iou=0.828416 val_loss=0.311107 val_iou=0.590429 lr=0.00009973
2026-05-07 19:26:57,369 [Trainer] :: Updated latest checkpoint at epoch 10
2026-05-07 19:26:57,369 [Trainer] :: No validation IoU improvement for 5 epoch(s)
2026-05-07 19:26:57,369 [Trainer] :: Starting epoch 11
2026-05-07 19:51:30,494 [Trainer] :: Completed epoch 11: train_loss=0.202212 train_iou=0.836168 val_loss=0.328946 val_iou=0.571067 lr=0.00009967
2026-05-07 19:51:31,752 [Trainer] :: Updated latest checkpoint at epoch 11
2026-05-07 19:51:31,752 [Trainer] :: No validation IoU improvement for 6 epoch(s)
2026-05-07 19:51:31,752 [Trainer] :: Starting epoch 12
2026-05-07 20:11:39,723 [Trainer] :: Completed epoch 12: train_loss=0.204744 train_iou=0.838384 val_loss=0.337012 val_iou=0.607296 lr=0.00009961
2026-05-07 20:11:41,376 [Trainer] :: Updated latest checkpoint at epoch 12
2026-05-07 20:11:41,376 [Trainer] :: No validation IoU improvement for 7 epoch(s)
2026-05-07 20:11:41,376 [Trainer] :: Starting epoch 13
2026-05-07 20:33:07,743 [Trainer] :: Completed epoch 13: train_loss=0.194687 train_iou=0.841767 val_loss=0.312366 val_iou=0.583985 lr=0.00009954
2026-05-07 20:33:08,728 [Trainer] :: Updated latest checkpoint at epoch 13
2026-05-07 20:33:08,728 [Trainer] :: No validation IoU improvement for 8 epoch(s)
2026-05-07 20:33:08,728 [Trainer] :: Starting epoch 14
2026-05-07 20:40:12,885 [Trainer] :: Completed epoch 14: train_loss=0.192743 train_iou=0.841983 val_loss=0.305384 val_iou=0.608657 lr=0.00009947
2026-05-07 20:40:13,387 [Trainer] :: Updated latest checkpoint at epoch 14
2026-05-07 20:40:13,387 [Trainer] :: No validation IoU improvement for 9 epoch(s)
2026-05-07 20:40:13,387 [Trainer] :: Starting epoch 15
2026-05-07 20:45:45,306 [Trainer] :: Completed epoch 15: train_loss=0.184896 train_iou=0.849949 val_loss=0.312227 val_iou=0.584663 lr=0.00009939
2026-05-07 20:45:45,774 [Trainer] :: Updated latest checkpoint at epoch 15
2026-05-07 20:45:45,775 [Trainer] :: No validation IoU improvement for 10 epoch(s)
2026-05-07 20:45:45,775 [Trainer] :: Starting epoch 16
2026-05-07 20:51:14,758 [Trainer] :: Completed epoch 16: train_loss=0.177342 train_iou=0.855755 val_loss=0.316255 val_iou=0.588961 lr=0.00009931
2026-05-07 20:51:15,102 [Trainer] :: Updated latest checkpoint at epoch 16
2026-05-07 20:51:15,102 [Trainer] :: No validation IoU improvement for 11 epoch(s)
2026-05-07 20:51:15,102 [Trainer] :: Starting epoch 17
2026-05-07 20:56:41,269 [Trainer] :: Completed epoch 17: train_loss=0.172453 train_iou=0.860668 val_loss=0.324057 val_iou=0.574842 lr=0.00009922
2026-05-07 20:56:41,646 [Trainer] :: Updated latest checkpoint at epoch 17
2026-05-07 20:56:41,646 [Trainer] :: No validation IoU improvement for 12 epoch(s)
2026-05-07 20:56:41,646 [Trainer] :: Starting epoch 18
2026-05-07 21:02:15,225 [Trainer] :: Completed epoch 18: train_loss=0.171926 train_iou=0.863325 val_loss=0.334853 val_iou=0.554885 lr=0.00009912
2026-05-07 21:02:15,662 [Trainer] :: Updated latest checkpoint at epoch 18
2026-05-07 21:02:15,662 [Trainer] :: No validation IoU improvement for 13 epoch(s)
2026-05-07 21:02:15,662 [Trainer] :: Starting epoch 19
2026-05-07 21:07:54,170 [Trainer] :: Completed epoch 19: train_loss=0.169298 train_iou=0.864091 val_loss=0.329634 val_iou=0.562014 lr=0.00009902
2026-05-07 21:07:54,557 [Trainer] :: Updated latest checkpoint at epoch 19
2026-05-07 21:07:54,557 [Trainer] :: No validation IoU improvement for 14 epoch(s)
2026-05-07 21:07:54,557 [Trainer] :: Starting epoch 20
2026-05-07 21:13:24,001 [Trainer] :: Completed epoch 20: train_loss=0.163557 train_iou=0.869022 val_loss=0.331834 val_iou=0.558723 lr=0.00009892
2026-05-07 21:13:24,423 [Trainer] :: Updated latest checkpoint at epoch 20
2026-05-07 21:13:24,424 [Trainer] :: No validation IoU improvement for 15 epoch(s)
2026-05-07 21:13:24,424 [Trainer] :: Starting epoch 21
2026-05-07 21:18:56,751 [Trainer] :: Completed epoch 21: train_loss=0.163641 train_iou=0.868025 val_loss=0.319472 val_iou=0.596947 lr=0.00009881
2026-05-07 21:18:57,408 [Trainer] :: Updated latest checkpoint at epoch 21
2026-05-07 21:18:57,408 [Trainer] :: No validation IoU improvement for 16 epoch(s)
2026-05-07 21:18:57,408 [Trainer] :: Starting epoch 22
2026-05-07 21:24:26,447 [Trainer] :: Completed epoch 22: train_loss=0.156285 train_iou=0.873528 val_loss=0.336932 val_iou=0.592933 lr=0.00009869
2026-05-07 21:24:26,831 [Trainer] :: Updated latest checkpoint at epoch 22
2026-05-07 21:24:26,831 [Trainer] :: No validation IoU improvement for 17 epoch(s)
2026-05-07 21:24:26,831 [Trainer] :: Starting epoch 23
2026-05-07 21:30:00,038 [Trainer] :: Completed epoch 23: train_loss=0.152885 train_iou=0.874677 val_loss=0.327901 val_iou=0.582868 lr=0.00009857
2026-05-07 21:30:00,435 [Trainer] :: Updated latest checkpoint at epoch 23
2026-05-07 21:30:00,435 [Trainer] :: No validation IoU improvement for 18 epoch(s)
2026-05-07 21:30:00,435 [Trainer] :: Starting epoch 24
2026-05-07 21:35:34,440 [Trainer] :: Completed epoch 24: train_loss=0.152134 train_iou=0.873116 val_loss=0.310932 val_iou=0.610310 lr=0.00009844
2026-05-07 21:35:34,840 [Trainer] :: Updated latest checkpoint at epoch 24
2026-05-07 21:35:35,238 [Trainer] :: New best checkpoint saved with val_iou=0.610310
2026-05-07 21:35:35,238 [Trainer] :: Starting epoch 25
2026-05-07 21:40:50,566 [Trainer] :: Completed epoch 25: train_loss=0.143678 train_iou=0.879277 val_loss=0.329894 val_iou=0.573753 lr=0.00009831
2026-05-07 21:40:50,914 [Trainer] :: Updated latest checkpoint at epoch 25
2026-05-07 21:40:50,915 [Trainer] :: No validation IoU improvement for 1 epoch(s)
2026-05-07 21:40:50,915 [Trainer] :: Starting epoch 26
2026-05-07 21:45:36,547 [Trainer] :: Completed epoch 26: train_loss=0.135784 train_iou=0.885961 val_loss=0.330646 val_iou=0.606432 lr=0.00009818
2026-05-07 21:45:36,892 [Trainer] :: Updated latest checkpoint at epoch 26
2026-05-07 21:45:36,892 [Trainer] :: No validation IoU improvement for 2 epoch(s)
2026-05-07 21:45:36,892 [Trainer] :: Starting epoch 27
2026-05-07 21:50:09,250 [Trainer] :: Completed epoch 27: train_loss=0.136413 train_iou=0.880151 val_loss=0.313685 val_iou=0.601766 lr=0.00009803
2026-05-07 21:50:09,584 [Trainer] :: Updated latest checkpoint at epoch 27
2026-05-07 21:50:09,584 [Trainer] :: No validation IoU improvement for 3 epoch(s)
2026-05-07 21:50:09,584 [Trainer] :: Starting epoch 28
2026-05-07 21:54:40,513 [Trainer] :: Completed epoch 28: train_loss=0.130795 train_iou=0.886562 val_loss=0.332528 val_iou=0.592976 lr=0.00009789
2026-05-07 21:54:40,856 [Trainer] :: Updated latest checkpoint at epoch 28
2026-05-07 21:54:40,856 [Trainer] :: No validation IoU improvement for 4 epoch(s)
2026-05-07 21:54:40,856 [Trainer] :: Starting epoch 29
2026-05-07 21:59:13,368 [Trainer] :: Completed epoch 29: train_loss=0.126825 train_iou=0.889284 val_loss=0.412630 val_iou=0.518643 lr=0.00009773
2026-05-07 21:59:13,983 [Trainer] :: Updated latest checkpoint at epoch 29
2026-05-07 21:59:13,983 [Trainer] :: No validation IoU improvement for 5 epoch(s)
2026-05-07 21:59:13,983 [Trainer] :: Starting epoch 30
2026-05-07 22:03:49,815 [Trainer] :: Completed epoch 30: train_loss=0.125346 train_iou=0.889193 val_loss=0.324298 val_iou=0.613867 lr=0.00009758
2026-05-07 22:03:50,153 [Trainer] :: Updated latest checkpoint at epoch 30
2026-05-07 22:03:50,527 [Trainer] :: New best checkpoint saved with val_iou=0.613867
2026-05-07 22:03:50,527 [Trainer] :: Starting epoch 31
2026-05-07 22:08:25,494 [Trainer] :: Completed epoch 31: train_loss=0.120540 train_iou=0.892241 val_loss=0.364542 val_iou=0.540106 lr=0.00009741
2026-05-07 22:08:25,837 [Trainer] :: Updated latest checkpoint at epoch 31
2026-05-07 22:08:25,837 [Trainer] :: No validation IoU improvement for 1 epoch(s)
2026-05-07 22:08:25,837 [Trainer] :: Starting epoch 32
2026-05-07 22:13:01,490 [Trainer] :: Completed epoch 32: train_loss=0.119167 train_iou=0.893873 val_loss=0.337215 val_iou=0.616532 lr=0.00009725
2026-05-07 22:13:01,888 [Trainer] :: Updated latest checkpoint at epoch 32
2026-05-07 22:13:02,210 [Trainer] :: New best checkpoint saved with val_iou=0.616532
2026-05-07 22:13:02,210 [Trainer] :: Starting epoch 33
2026-05-07 22:17:39,183 [Trainer] :: Completed epoch 33: train_loss=0.115852 train_iou=0.895332 val_loss=0.407554 val_iou=0.514680 lr=0.00009707
2026-05-07 22:17:39,548 [Trainer] :: Updated latest checkpoint at epoch 33
2026-05-07 22:17:39,548 [Trainer] :: No validation IoU improvement for 1 epoch(s)
2026-05-07 22:17:39,548 [Trainer] :: Starting epoch 34
2026-05-07 22:22:13,433 [Trainer] :: Completed epoch 34: train_loss=0.115150 train_iou=0.895343 val_loss=0.374865 val_iou=0.541994 lr=0.00009690
2026-05-07 22:22:13,776 [Trainer] :: Updated latest checkpoint at epoch 34
2026-05-07 22:22:13,777 [Trainer] :: No validation IoU improvement for 2 epoch(s)
2026-05-07 22:22:13,777 [Trainer] :: Starting epoch 35
2026-05-07 22:26:52,785 [Trainer] :: Completed epoch 35: train_loss=0.116666 train_iou=0.894927 val_loss=0.353718 val_iou=0.559564 lr=0.00009671
2026-05-07 22:26:53,166 [Trainer] :: Updated latest checkpoint at epoch 35
2026-05-07 22:26:53,167 [Trainer] :: No validation IoU improvement for 3 epoch(s)
2026-05-07 22:26:53,167 [Trainer] :: Starting epoch 36
2026-05-07 22:31:29,449 [Trainer] :: Completed epoch 36: train_loss=0.110703 train_iou=0.898876 val_loss=0.373389 val_iou=0.561498 lr=0.00009652
2026-05-07 22:31:29,794 [Trainer] :: Updated latest checkpoint at epoch 36
2026-05-07 22:31:29,794 [Trainer] :: No validation IoU improvement for 4 epoch(s)
2026-05-07 22:31:29,794 [Trainer] :: Starting epoch 37
2026-05-07 22:36:06,169 [Trainer] :: Completed epoch 37: train_loss=0.108072 train_iou=0.900414 val_loss=0.338613 val_iou=0.592450 lr=0.00009633
2026-05-07 22:36:06,937 [Trainer] :: Updated latest checkpoint at epoch 37
2026-05-07 22:36:06,937 [Trainer] :: No validation IoU improvement for 5 epoch(s)
2026-05-07 22:36:06,937 [Trainer] :: Starting epoch 38
2026-05-07 22:40:44,323 [Trainer] :: Completed epoch 38: train_loss=0.109148 train_iou=0.901533 val_loss=0.357209 val_iou=0.590968 lr=0.00009613
2026-05-07 22:40:44,668 [Trainer] :: Updated latest checkpoint at epoch 38
2026-05-07 22:40:44,668 [Trainer] :: No validation IoU improvement for 6 epoch(s)
2026-05-07 22:40:44,668 [Trainer] :: Starting epoch 39
2026-05-07 22:45:20,072 [Trainer] :: Completed epoch 39: train_loss=0.108921 train_iou=0.901987 val_loss=0.346901 val_iou=0.589126 lr=0.00009593
2026-05-07 22:45:20,436 [Trainer] :: Updated latest checkpoint at epoch 39
2026-05-07 22:45:20,436 [Trainer] :: No validation IoU improvement for 7 epoch(s)
2026-05-07 22:45:20,436 [Trainer] :: Starting epoch 40
2026-05-07 22:49:51,687 [Trainer] :: Completed epoch 40: train_loss=0.105568 train_iou=0.902962 val_loss=0.358121 val_iou=0.558395 lr=0.00009572
2026-05-07 22:49:52,712 [Trainer] :: Updated latest checkpoint at epoch 40
2026-05-07 22:49:52,712 [Trainer] :: No validation IoU improvement for 8 epoch(s)
2026-05-07 22:49:52,712 [Trainer] :: Starting epoch 41
2026-05-07 22:54:31,540 [Trainer] :: Completed epoch 41: train_loss=0.101973 train_iou=0.907197 val_loss=0.429828 val_iou=0.517715 lr=0.00009551
2026-05-07 22:54:32,271 [Trainer] :: Updated latest checkpoint at epoch 41
2026-05-07 22:54:32,271 [Trainer] :: No validation IoU improvement for 9 epoch(s)
2026-05-07 22:54:32,271 [Trainer] :: Starting epoch 42
2026-05-07 22:59:11,340 [Trainer] :: Completed epoch 42: train_loss=0.104383 train_iou=0.904857 val_loss=0.358969 val_iou=0.580689 lr=0.00009529
2026-05-07 22:59:11,952 [Trainer] :: Updated latest checkpoint at epoch 42
2026-05-07 22:59:11,952 [Trainer] :: No validation IoU improvement for 10 epoch(s)
2026-05-07 22:59:11,952 [Trainer] :: Starting epoch 43
2026-05-07 23:03:48,622 [Trainer] :: Completed epoch 43: train_loss=0.099987 train_iou=0.909293 val_loss=0.371635 val_iou=0.558065 lr=0.00009507
2026-05-07 23:03:49,167 [Trainer] :: Updated latest checkpoint at epoch 43
2026-05-07 23:03:49,167 [Trainer] :: No validation IoU improvement for 11 epoch(s)
2026-05-07 23:03:49,167 [Trainer] :: Starting epoch 44
2026-05-07 23:08:27,021 [Trainer] :: Completed epoch 44: train_loss=0.097472 train_iou=0.908328 val_loss=0.369060 val_iou=0.593761 lr=0.00009484
2026-05-07 23:08:27,372 [Trainer] :: Updated latest checkpoint at epoch 44
2026-05-07 23:08:27,372 [Trainer] :: No validation IoU improvement for 12 epoch(s)
2026-05-07 23:08:27,372 [Trainer] :: Starting epoch 45
2026-05-07 23:13:06,539 [Trainer] :: Completed epoch 45: train_loss=0.096352 train_iou=0.910193 val_loss=0.350015 val_iou=0.596174 lr=0.00009460
2026-05-07 23:13:07,238 [Trainer] :: Updated latest checkpoint at epoch 45
2026-05-07 23:13:07,238 [Trainer] :: No validation IoU improvement for 13 epoch(s)
2026-05-07 23:13:07,238 [Trainer] :: Starting epoch 46
2026-05-07 23:17:41,606 [Trainer] :: Completed epoch 46: train_loss=0.093375 train_iou=0.913243 val_loss=0.382265 val_iou=0.585079 lr=0.00009437
2026-05-07 23:17:42,005 [Trainer] :: Updated latest checkpoint at epoch 46
2026-05-07 23:17:42,005 [Trainer] :: No validation IoU improvement for 14 epoch(s)
2026-05-07 23:17:42,005 [Trainer] :: Starting epoch 47
2026-05-07 23:22:15,736 [Trainer] :: Completed epoch 47: train_loss=0.095976 train_iou=0.913415 val_loss=0.345423 val_iou=0.604804 lr=0.00009412
2026-05-07 23:22:16,158 [Trainer] :: Updated latest checkpoint at epoch 47
2026-05-07 23:22:16,158 [Trainer] :: No validation IoU improvement for 15 epoch(s)
2026-05-07 23:22:16,158 [Trainer] :: Starting epoch 48
2026-05-07 23:26:50,299 [Trainer] :: Completed epoch 48: train_loss=0.093176 train_iou=0.913014 val_loss=0.370398 val_iou=0.572654 lr=0.00009388
2026-05-07 23:26:50,942 [Trainer] :: Updated latest checkpoint at epoch 48
2026-05-07 23:26:50,943 [Trainer] :: No validation IoU improvement for 16 epoch(s)
2026-05-07 23:26:50,943 [Trainer] :: Starting epoch 49
2026-05-07 23:31:28,685 [Trainer] :: Completed epoch 49: train_loss=0.093635 train_iou=0.911621 val_loss=0.371046 val_iou=0.570380 lr=0.00009363
2026-05-07 23:31:29,048 [Trainer] :: Updated latest checkpoint at epoch 49
2026-05-07 23:31:29,049 [Trainer] :: No validation IoU improvement for 17 epoch(s)
2026-05-07 23:31:29,049 [Trainer] :: Starting epoch 50
2026-05-07 23:36:01,794 [Trainer] :: Completed epoch 50: train_loss=0.090910 train_iou=0.916145 val_loss=0.352060 val_iou=0.576888 lr=0.00009337
2026-05-07 23:36:02,199 [Trainer] :: Updated latest checkpoint at epoch 50
2026-05-07 23:36:02,199 [Trainer] :: No validation IoU improvement for 18 epoch(s)
2026-05-07 23:36:02,199 [Trainer] :: Starting epoch 51
2026-05-07 23:40:36,433 [Trainer] :: Completed epoch 51: train_loss=0.088666 train_iou=0.917242 val_loss=0.351599 val_iou=0.587741 lr=0.00009311
2026-05-07 23:40:37,157 [Trainer] :: Updated latest checkpoint at epoch 51
2026-05-07 23:40:37,157 [Trainer] :: No validation IoU improvement for 19 epoch(s)
2026-05-07 23:40:37,157 [Trainer] :: Starting epoch 52
2026-05-07 23:45:05,901 [Trainer] :: Completed epoch 52: train_loss=0.090289 train_iou=0.916399 val_loss=0.365340 val_iou=0.560639 lr=0.00009284
2026-05-07 23:45:06,271 [Trainer] :: Updated latest checkpoint at epoch 52
2026-05-07 23:45:06,271 [Trainer] :: No validation IoU improvement for 20 epoch(s)
2026-05-07 23:45:06,271 [Trainer] :: Starting epoch 53
2026-05-07 23:49:33,514 [Trainer] :: Completed epoch 53: train_loss=0.088269 train_iou=0.917368 val_loss=0.365765 val_iou=0.594321 lr=0.00009257
2026-05-07 23:49:33,856 [Trainer] :: Updated latest checkpoint at epoch 53
2026-05-07 23:49:33,856 [Trainer] :: No validation IoU improvement for 21 epoch(s)
2026-05-07 23:49:33,856 [Trainer] :: Starting epoch 54
2026-05-07 23:54:08,182 [Trainer] :: Completed epoch 54: train_loss=0.086478 train_iou=0.919872 val_loss=0.376580 val_iou=0.579780 lr=0.00009229
2026-05-07 23:54:08,591 [Trainer] :: Updated latest checkpoint at epoch 54
2026-05-07 23:54:08,591 [Trainer] :: No validation IoU improvement for 22 epoch(s)
2026-05-07 23:54:08,591 [Trainer] :: Starting epoch 55
2026-05-07 23:58:39,874 [Trainer] :: Completed epoch 55: train_loss=0.084416 train_iou=0.920943 val_loss=0.376963 val_iou=0.582325 lr=0.00009201
2026-05-07 23:58:40,823 [Trainer] :: Updated latest checkpoint at epoch 55
2026-05-07 23:58:40,823 [Trainer] :: No validation IoU improvement for 23 epoch(s)
2026-05-07 23:58:40,823 [Trainer] :: Starting epoch 56
2026-05-08 00:03:12,164 [Trainer] :: Completed epoch 56: train_loss=0.086092 train_iou=0.919698 val_loss=0.359049 val_iou=0.592629 lr=0.00009173
2026-05-08 00:03:12,744 [Trainer] :: Updated latest checkpoint at epoch 56
2026-05-08 00:03:12,744 [Trainer] :: No validation IoU improvement for 24 epoch(s)
2026-05-08 00:03:12,745 [Trainer] :: Starting epoch 57
2026-05-08 00:07:50,893 [Trainer] :: Completed epoch 57: train_loss=0.084805 train_iou=0.920438 val_loss=0.372981 val_iou=0.596154 lr=0.00009144
2026-05-08 00:07:51,299 [Trainer] :: Updated latest checkpoint at epoch 57
2026-05-08 00:07:51,299 [Trainer] :: No validation IoU improvement for 25 epoch(s)
2026-05-08 00:07:51,300 [Trainer] :: Starting epoch 58
2026-05-08 00:12:20,430 [Trainer] :: Completed epoch 58: train_loss=0.086823 train_iou=0.917951 val_loss=0.366983 val_iou=0.584440 lr=0.00009115
2026-05-08 00:12:20,774 [Trainer] :: Updated latest checkpoint at epoch 58
2026-05-08 00:12:20,774 [Trainer] :: No validation IoU improvement for 26 epoch(s)
2026-05-08 00:12:20,774 [Trainer] :: Starting epoch 59
2026-05-08 00:16:49,754 [Trainer] :: Completed epoch 59: train_loss=0.086323 train_iou=0.920019 val_loss=0.356646 val_iou=0.601160 lr=0.00009085
2026-05-08 00:16:50,576 [Trainer] :: Updated latest checkpoint at epoch 59
2026-05-08 00:16:50,576 [Trainer] :: No validation IoU improvement for 27 epoch(s)
2026-05-08 00:16:50,576 [Trainer] :: Starting epoch 60
2026-05-08 00:21:22,563 [Trainer] :: Completed epoch 60: train_loss=0.080826 train_iou=0.923322 val_loss=0.370881 val_iou=0.594659 lr=0.00009055
2026-05-08 00:21:22,934 [Trainer] :: Updated latest checkpoint at epoch 60
2026-05-08 00:21:22,934 [Trainer] :: No validation IoU improvement for 28 epoch(s)
2026-05-08 00:21:22,934 [Trainer] :: Starting epoch 61
2026-05-08 00:25:59,603 [Trainer] :: Completed epoch 61: train_loss=0.079922 train_iou=0.925076 val_loss=0.363675 val_iou=0.586698 lr=0.00009024
2026-05-08 00:25:59,980 [Trainer] :: Updated latest checkpoint at epoch 61
2026-05-08 00:25:59,980 [Trainer] :: No validation IoU improvement for 29 epoch(s)
2026-05-08 00:25:59,980 [Trainer] :: Starting epoch 62
2026-05-08 00:30:32,180 [Trainer] :: Completed epoch 62: train_loss=0.078792 train_iou=0.925681 val_loss=0.373205 val_iou=0.588044 lr=0.00008993
2026-05-08 00:30:32,718 [Trainer] :: Updated latest checkpoint at epoch 62
2026-05-08 00:30:32,718 [Trainer] :: No validation IoU improvement for 30 epoch(s)
2026-05-08 00:30:32,718 [Trainer] :: Starting epoch 63
2026-05-08 00:34:59,635 [Trainer] :: Completed epoch 63: train_loss=0.080028 train_iou=0.925498 val_loss=0.373792 val_iou=0.579531 lr=0.00008961
2026-05-08 00:35:00,054 [Trainer] :: Updated latest checkpoint at epoch 63
2026-05-08 00:35:00,054 [Trainer] :: No validation IoU improvement for 31 epoch(s)
2026-05-08 00:35:00,054 [Trainer] :: Starting epoch 64
2026-05-08 00:39:32,711 [Trainer] :: Completed epoch 64: train_loss=0.077848 train_iou=0.926500 val_loss=0.381794 val_iou=0.582467 lr=0.00008929
2026-05-08 00:39:33,240 [Trainer] :: Updated latest checkpoint at epoch 64
2026-05-08 00:39:33,240 [Trainer] :: No validation IoU improvement for 32 epoch(s)
2026-05-08 00:39:33,240 [Trainer] :: Starting epoch 65
2026-05-08 00:43:59,296 [Trainer] :: Completed epoch 65: train_loss=0.076526 train_iou=0.928007 val_loss=0.378214 val_iou=0.586136 lr=0.00008897
2026-05-08 00:43:59,658 [Trainer] :: Updated latest checkpoint at epoch 65
2026-05-08 00:43:59,658 [Trainer] :: No validation IoU improvement for 33 epoch(s)
2026-05-08 00:43:59,658 [Trainer] :: Starting epoch 66
2026-05-08 00:48:25,423 [Trainer] :: Completed epoch 66: train_loss=0.077205 train_iou=0.927489 val_loss=0.400881 val_iou=0.571310 lr=0.00008864
2026-05-08 00:48:26,052 [Trainer] :: Updated latest checkpoint at epoch 66
2026-05-08 00:48:26,052 [Trainer] :: No validation IoU improvement for 34 epoch(s)
2026-05-08 00:48:26,052 [Trainer] :: Starting epoch 67
2026-05-08 00:53:01,739 [Trainer] :: Completed epoch 67: train_loss=0.076101 train_iou=0.928253 val_loss=0.398214 val_iou=0.578604 lr=0.00008831
2026-05-08 00:53:02,524 [Trainer] :: Updated latest checkpoint at epoch 67
2026-05-08 00:53:02,525 [Trainer] :: No validation IoU improvement for 35 epoch(s)
2026-05-08 00:53:02,525 [Trainer] :: Starting epoch 68
2026-05-08 00:57:34,278 [Trainer] :: Completed epoch 68: train_loss=0.076304 train_iou=0.928948 val_loss=0.390262 val_iou=0.575087 lr=0.00008797
2026-05-08 00:57:34,939 [Trainer] :: Updated latest checkpoint at epoch 68
2026-05-08 00:57:34,939 [Trainer] :: No validation IoU improvement for 36 epoch(s)
2026-05-08 00:57:34,939 [Trainer] :: Starting epoch 69
2026-05-08 01:02:09,227 [Trainer] :: Completed epoch 69: train_loss=0.076296 train_iou=0.929813 val_loss=0.363558 val_iou=0.607887 lr=0.00008763
2026-05-08 01:02:09,621 [Trainer] :: Updated latest checkpoint at epoch 69
2026-05-08 01:02:09,621 [Trainer] :: No validation IoU improvement for 37 epoch(s)
2026-05-08 01:02:09,621 [Trainer] :: Starting epoch 70
2026-05-08 01:06:35,068 [Trainer] :: Completed epoch 70: train_loss=0.074804 train_iou=0.929102 val_loss=0.367616 val_iou=0.592065 lr=0.00008729
2026-05-08 01:06:35,427 [Trainer] :: Updated latest checkpoint at epoch 70
2026-05-08 01:06:35,427 [Trainer] :: No validation IoU improvement for 38 epoch(s)
2026-05-08 01:06:35,427 [Trainer] :: Starting epoch 71
2026-05-08 01:11:01,936 [Trainer] :: Completed epoch 71: train_loss=0.074147 train_iou=0.930251 val_loss=0.405033 val_iou=0.571313 lr=0.00008694
2026-05-08 01:11:02,273 [Trainer] :: Updated latest checkpoint at epoch 71
2026-05-08 01:11:02,274 [Trainer] :: No validation IoU improvement for 39 epoch(s)
2026-05-08 01:11:02,274 [Trainer] :: Starting epoch 72
2026-05-08 01:15:26,164 [Trainer] :: Completed epoch 72: train_loss=0.074410 train_iou=0.929888 val_loss=0.392390 val_iou=0.575893 lr=0.00008658
2026-05-08 01:15:26,793 [Trainer] :: Updated latest checkpoint at epoch 72
2026-05-08 01:15:26,794 [Trainer] :: No validation IoU improvement for 40 epoch(s)
2026-05-08 01:15:26,794 [Trainer] :: Starting epoch 73
2026-05-08 01:19:53,537 [Trainer] :: Completed epoch 73: train_loss=0.074159 train_iou=0.929994 val_loss=0.370058 val_iou=0.591461 lr=0.00008623
2026-05-08 01:19:53,907 [Trainer] :: Updated latest checkpoint at epoch 73
2026-05-08 01:19:53,907 [Trainer] :: No validation IoU improvement for 41 epoch(s)
2026-05-08 01:19:53,907 [Trainer] :: Starting epoch 74
2026-05-08 01:24:17,987 [Trainer] :: Completed epoch 74: train_loss=0.073653 train_iou=0.929887 val_loss=0.416583 val_iou=0.569614 lr=0.00008587
2026-05-08 01:24:18,621 [Trainer] :: Updated latest checkpoint at epoch 74
2026-05-08 01:24:18,621 [Trainer] :: No validation IoU improvement for 42 epoch(s)
2026-05-08 01:24:18,621 [Trainer] :: Starting epoch 75
2026-05-08 01:28:44,366 [Trainer] :: Completed epoch 75: train_loss=0.074324 train_iou=0.930666 val_loss=0.402443 val_iou=0.557011 lr=0.00008550
2026-05-08 01:28:44,699 [Trainer] :: Updated latest checkpoint at epoch 75
2026-05-08 01:28:44,699 [Trainer] :: No validation IoU improvement for 43 epoch(s)
2026-05-08 01:28:44,699 [Trainer] :: Starting epoch 76
2026-05-08 01:33:09,416 [Trainer] :: Completed epoch 76: train_loss=0.076628 train_iou=0.930032 val_loss=0.382529 val_iou=0.587808 lr=0.00008513
2026-05-08 01:33:09,760 [Trainer] :: Updated latest checkpoint at epoch 76
2026-05-08 01:33:09,760 [Trainer] :: No validation IoU improvement for 44 epoch(s)
2026-05-08 01:33:09,760 [Trainer] :: Starting epoch 77
2026-05-08 01:37:34,458 [Trainer] :: Completed epoch 77: train_loss=0.075628 train_iou=0.927437 val_loss=0.396707 val_iou=0.596333 lr=0.00008476
2026-05-08 01:37:34,799 [Trainer] :: Updated latest checkpoint at epoch 77
2026-05-08 01:37:34,800 [Trainer] :: No validation IoU improvement for 45 epoch(s)
2026-05-08 01:37:34,800 [Trainer] :: Starting epoch 78
2026-05-08 01:41:59,908 [Trainer] :: Completed epoch 78: train_loss=0.074283 train_iou=0.929762 val_loss=0.384659 val_iou=0.597757 lr=0.00008439
2026-05-08 01:42:00,284 [Trainer] :: Updated latest checkpoint at epoch 78
2026-05-08 01:42:00,284 [Trainer] :: No validation IoU improvement for 46 epoch(s)
2026-05-08 01:42:00,284 [Trainer] :: Starting epoch 79
2026-05-08 01:46:25,713 [Trainer] :: Completed epoch 79: train_loss=0.074158 train_iou=0.930305 val_loss=0.410782 val_iou=0.583133 lr=0.00008401
2026-05-08 01:46:26,260 [Trainer] :: Updated latest checkpoint at epoch 79
2026-05-08 01:46:26,260 [Trainer] :: No validation IoU improvement for 47 epoch(s)
2026-05-08 01:46:26,260 [Trainer] :: Starting epoch 80
2026-05-08 01:50:55,029 [Trainer] :: Completed epoch 80: train_loss=0.073760 train_iou=0.930680 val_loss=0.371084 val_iou=0.589643 lr=0.00008362
2026-05-08 01:50:55,429 [Trainer] :: Updated latest checkpoint at epoch 80
2026-05-08 01:50:55,429 [Trainer] :: No validation IoU improvement for 48 epoch(s)
2026-05-08 01:50:55,429 [Trainer] :: Starting epoch 81
2026-05-08 01:55:22,837 [Trainer] :: Completed epoch 81: train_loss=0.073170 train_iou=0.930521 val_loss=0.409197 val_iou=0.584022 lr=0.00008323
2026-05-08 01:55:23,176 [Trainer] :: Updated latest checkpoint at epoch 81
2026-05-08 01:55:23,176 [Trainer] :: No validation IoU improvement for 49 epoch(s)
2026-05-08 01:55:23,176 [Trainer] :: Starting epoch 82
2026-05-08 01:59:48,700 [Trainer] :: Completed epoch 82: train_loss=0.072988 train_iou=0.930630 val_loss=0.380212 val_iou=0.600445 lr=0.00008284
2026-05-08 01:59:49,103 [Trainer] :: Updated latest checkpoint at epoch 82
2026-05-08 01:59:49,103 [Trainer] :: No validation IoU improvement for 50 epoch(s)
2026-05-08 01:59:49,103 [Trainer] :: Starting epoch 83
2026-05-08 02:04:14,543 [Trainer] :: Completed epoch 83: train_loss=0.071874 train_iou=0.931853 val_loss=0.396949 val_iou=0.577716 lr=0.00008245
2026-05-08 02:04:14,882 [Trainer] :: Updated latest checkpoint at epoch 83
2026-05-08 02:04:14,882 [Trainer] :: No validation IoU improvement for 51 epoch(s)
2026-05-08 02:04:14,883 [Trainer] :: Starting epoch 84
2026-05-08 02:08:46,157 [Trainer] :: Completed epoch 84: train_loss=0.071112 train_iou=0.932345 val_loss=0.460133 val_iou=0.540343 lr=0.00008205
2026-05-08 02:08:46,501 [Trainer] :: Updated latest checkpoint at epoch 84
2026-05-08 02:08:46,501 [Trainer] :: No validation IoU improvement for 52 epoch(s)
2026-05-08 02:08:46,501 [Trainer] :: Starting epoch 85
