2026-05-07 07:47:36,685 [Trainer] :: Training run initialized at /ceph/home/student.aau.dk/qd36zu/fuzzy-p10/tbd/masking/outputs/runs/real_msi_unetplusplus_resnet34_fuzzy_halo_seed47_20260507T054736Z
2026-05-07 07:47:36,685 [Trainer] :: Loaded config from /ceph/home/student.aau.dk/qd36zu/fuzzy-p10/tbd/masking/configs/fuzzy/real_msi_unetpp_resnet34.yaml
2026-05-07 07:47:36,685 [Trainer] :: Using seed=47 and device=None
2026-05-07 07:47:36,685 [Trainer] :: Using model architecture=UnetPlusPlus encoder=resnet34 encoder_weights=imagenet
2026-05-07 07:47:36,961 [Trainer] :: Resolved runtime device to cuda
2026-05-07 07:47:36,961 [Trainer] :: Prepared normalization from source=train_split_patch_stats
2026-05-07 07:47:40,654 [Trainer] :: Built dataloaders with batch_size=16, num_workers=0
2026-05-07 07:47:40,655 [Trainer] :: Starting epoch 1
2026-05-07 07:53:11,462 [Trainer] :: Completed epoch 1: train_loss=0.491323 train_iou=0.622166 val_loss=0.501154 val_iou=0.494209 lr=0.00010000
2026-05-07 07:53:11,892 [Trainer] :: Updated latest checkpoint at epoch 1
2026-05-07 07:53:12,287 [Trainer] :: New best checkpoint saved with val_iou=0.494209
2026-05-07 07:53:12,287 [Trainer] :: Starting epoch 2
2026-05-07 07:58:40,157 [Trainer] :: Completed epoch 2: train_loss=0.376377 train_iou=0.744918 val_loss=0.468236 val_iou=0.548465 lr=0.00009999
2026-05-07 07:58:40,656 [Trainer] :: Updated latest checkpoint at epoch 2
2026-05-07 07:58:41,098 [Trainer] :: New best checkpoint saved with val_iou=0.548465
2026-05-07 07:58:41,098 [Trainer] :: Starting epoch 3
2026-05-07 08:04:05,646 [Trainer] :: Completed epoch 3: train_loss=0.331452 train_iou=0.767949 val_loss=0.383248 val_iou=0.573556 lr=0.00009998
2026-05-07 08:04:06,068 [Trainer] :: Updated latest checkpoint at epoch 3
2026-05-07 08:04:06,450 [Trainer] :: New best checkpoint saved with val_iou=0.573556
2026-05-07 08:04:06,450 [Trainer] :: Starting epoch 4
2026-05-07 08:09:13,577 [Trainer] :: Completed epoch 4: train_loss=0.294979 train_iou=0.791977 val_loss=0.412047 val_iou=0.589142 lr=0.00009996
2026-05-07 08:09:14,027 [Trainer] :: Updated latest checkpoint at epoch 4
2026-05-07 08:09:14,387 [Trainer] :: New best checkpoint saved with val_iou=0.589142
2026-05-07 08:09:14,387 [Trainer] :: Starting epoch 5
2026-05-07 08:14:26,133 [Trainer] :: Completed epoch 5: train_loss=0.277797 train_iou=0.797517 val_loss=0.366539 val_iou=0.573268 lr=0.00009993
2026-05-07 08:14:26,590 [Trainer] :: Updated latest checkpoint at epoch 5
2026-05-07 08:14:26,590 [Trainer] :: No validation IoU improvement for 1 epoch(s)
2026-05-07 08:14:26,590 [Trainer] :: Starting epoch 6
2026-05-07 08:19:28,470 [Trainer] :: Completed epoch 6: train_loss=0.261601 train_iou=0.805807 val_loss=0.337387 val_iou=0.592162 lr=0.00009990
2026-05-07 08:19:28,838 [Trainer] :: Updated latest checkpoint at epoch 6
2026-05-07 08:19:29,226 [Trainer] :: New best checkpoint saved with val_iou=0.592162
2026-05-07 08:19:29,226 [Trainer] :: Starting epoch 7
2026-05-07 08:24:28,327 [Trainer] :: Completed epoch 7: train_loss=0.241552 train_iou=0.818768 val_loss=0.343520 val_iou=0.547227 lr=0.00009987
2026-05-07 08:24:29,004 [Trainer] :: Updated latest checkpoint at epoch 7
2026-05-07 08:24:29,004 [Trainer] :: No validation IoU improvement for 1 epoch(s)
2026-05-07 08:24:29,004 [Trainer] :: Starting epoch 8
2026-05-07 08:29:23,835 [Trainer] :: Completed epoch 8: train_loss=0.237518 train_iou=0.818760 val_loss=0.381912 val_iou=0.472373 lr=0.00009983
2026-05-07 08:29:24,491 [Trainer] :: Updated latest checkpoint at epoch 8
2026-05-07 08:29:24,491 [Trainer] :: No validation IoU improvement for 2 epoch(s)
2026-05-07 08:29:24,491 [Trainer] :: Starting epoch 9
2026-05-07 08:33:57,473 [Trainer] :: Completed epoch 9: train_loss=0.224487 train_iou=0.828845 val_loss=0.320059 val_iou=0.580633 lr=0.00009978
2026-05-07 08:33:57,928 [Trainer] :: Updated latest checkpoint at epoch 9
2026-05-07 08:33:57,928 [Trainer] :: No validation IoU improvement for 3 epoch(s)
2026-05-07 08:33:57,928 [Trainer] :: Starting epoch 10
2026-05-07 08:38:43,724 [Trainer] :: Completed epoch 10: train_loss=0.216468 train_iou=0.832390 val_loss=0.333739 val_iou=0.545011 lr=0.00009973
2026-05-07 08:38:44,108 [Trainer] :: Updated latest checkpoint at epoch 10
2026-05-07 08:38:44,109 [Trainer] :: No validation IoU improvement for 4 epoch(s)
2026-05-07 08:38:44,109 [Trainer] :: Starting epoch 11
2026-05-07 08:44:02,032 [Trainer] :: Completed epoch 11: train_loss=0.205063 train_iou=0.841584 val_loss=0.329573 val_iou=0.569166 lr=0.00009967
2026-05-07 08:44:02,407 [Trainer] :: Updated latest checkpoint at epoch 11
2026-05-07 08:44:02,407 [Trainer] :: No validation IoU improvement for 5 epoch(s)
2026-05-07 08:44:02,407 [Trainer] :: Starting epoch 12
2026-05-07 08:49:30,736 [Trainer] :: Completed epoch 12: train_loss=0.205431 train_iou=0.837399 val_loss=0.334857 val_iou=0.538537 lr=0.00009961
2026-05-07 08:49:31,267 [Trainer] :: Updated latest checkpoint at epoch 12
2026-05-07 08:49:31,267 [Trainer] :: No validation IoU improvement for 6 epoch(s)
2026-05-07 08:49:31,267 [Trainer] :: Starting epoch 13
2026-05-07 08:54:15,741 [Trainer] :: Completed epoch 13: train_loss=0.202373 train_iou=0.840711 val_loss=0.340182 val_iou=0.569110 lr=0.00009954
2026-05-07 08:54:16,441 [Trainer] :: Updated latest checkpoint at epoch 13
2026-05-07 08:54:16,441 [Trainer] :: No validation IoU improvement for 7 epoch(s)
2026-05-07 08:54:16,441 [Trainer] :: Starting epoch 14
2026-05-07 08:59:09,902 [Trainer] :: Completed epoch 14: train_loss=0.189180 train_iou=0.852679 val_loss=0.345610 val_iou=0.528705 lr=0.00009947
2026-05-07 08:59:10,545 [Trainer] :: Updated latest checkpoint at epoch 14
2026-05-07 08:59:10,545 [Trainer] :: No validation IoU improvement for 8 epoch(s)
2026-05-07 08:59:10,545 [Trainer] :: Starting epoch 15
2026-05-07 09:04:10,836 [Trainer] :: Completed epoch 15: train_loss=0.185936 train_iou=0.853537 val_loss=0.314185 val_iou=0.590605 lr=0.00009939
2026-05-07 09:04:11,453 [Trainer] :: Updated latest checkpoint at epoch 15
2026-05-07 09:04:11,453 [Trainer] :: No validation IoU improvement for 9 epoch(s)
2026-05-07 09:04:11,453 [Trainer] :: Starting epoch 16
2026-05-07 09:09:38,341 [Trainer] :: Completed epoch 16: train_loss=0.181917 train_iou=0.858495 val_loss=0.307797 val_iou=0.622406 lr=0.00009931
2026-05-07 09:09:38,942 [Trainer] :: Updated latest checkpoint at epoch 16
2026-05-07 09:09:39,286 [Trainer] :: New best checkpoint saved with val_iou=0.622406
2026-05-07 09:09:39,286 [Trainer] :: Starting epoch 17
2026-05-07 09:14:49,423 [Trainer] :: Completed epoch 17: train_loss=0.173071 train_iou=0.864638 val_loss=0.320595 val_iou=0.579344 lr=0.00009922
2026-05-07 09:14:49,996 [Trainer] :: Updated latest checkpoint at epoch 17
2026-05-07 09:14:49,997 [Trainer] :: No validation IoU improvement for 1 epoch(s)
2026-05-07 09:14:49,997 [Trainer] :: Starting epoch 18
2026-05-07 09:20:18,768 [Trainer] :: Completed epoch 18: train_loss=0.173426 train_iou=0.861611 val_loss=0.336677 val_iou=0.560421 lr=0.00009912
2026-05-07 09:20:20,174 [Trainer] :: Updated latest checkpoint at epoch 18
2026-05-07 09:20:20,174 [Trainer] :: No validation IoU improvement for 2 epoch(s)
2026-05-07 09:20:20,175 [Trainer] :: Starting epoch 19
2026-05-07 09:25:16,129 [Trainer] :: Completed epoch 19: train_loss=0.163231 train_iou=0.873346 val_loss=0.343758 val_iou=0.555722 lr=0.00009902
2026-05-07 09:25:16,757 [Trainer] :: Updated latest checkpoint at epoch 19
2026-05-07 09:25:16,757 [Trainer] :: No validation IoU improvement for 3 epoch(s)
2026-05-07 09:25:16,757 [Trainer] :: Starting epoch 20
2026-05-07 09:30:38,450 [Trainer] :: Completed epoch 20: train_loss=0.162185 train_iou=0.874366 val_loss=0.320747 val_iou=0.576115 lr=0.00009892
2026-05-07 09:30:38,933 [Trainer] :: Updated latest checkpoint at epoch 20
2026-05-07 09:30:38,933 [Trainer] :: No validation IoU improvement for 4 epoch(s)
2026-05-07 09:30:38,933 [Trainer] :: Starting epoch 21
2026-05-07 09:36:07,969 [Trainer] :: Completed epoch 21: train_loss=0.161615 train_iou=0.875002 val_loss=0.326838 val_iou=0.590486 lr=0.00009881
2026-05-07 09:36:08,593 [Trainer] :: Updated latest checkpoint at epoch 21
2026-05-07 09:36:08,593 [Trainer] :: No validation IoU improvement for 5 epoch(s)
2026-05-07 09:36:08,593 [Trainer] :: Starting epoch 22
2026-05-07 09:41:19,745 [Trainer] :: Completed epoch 22: train_loss=0.156622 train_iou=0.878480 val_loss=0.328937 val_iou=0.580392 lr=0.00009869
2026-05-07 09:41:20,100 [Trainer] :: Updated latest checkpoint at epoch 22
2026-05-07 09:41:20,101 [Trainer] :: No validation IoU improvement for 6 epoch(s)
2026-05-07 09:41:20,101 [Trainer] :: Starting epoch 23
2026-05-07 09:46:46,732 [Trainer] :: Completed epoch 23: train_loss=0.156210 train_iou=0.881432 val_loss=0.325730 val_iou=0.597030 lr=0.00009857
2026-05-07 09:46:47,112 [Trainer] :: Updated latest checkpoint at epoch 23
2026-05-07 09:46:47,112 [Trainer] :: No validation IoU improvement for 7 epoch(s)
2026-05-07 09:46:47,112 [Trainer] :: Starting epoch 24
2026-05-07 09:51:46,304 [Trainer] :: Completed epoch 24: train_loss=0.148650 train_iou=0.886612 val_loss=0.319241 val_iou=0.611504 lr=0.00009844
2026-05-07 09:51:47,130 [Trainer] :: Updated latest checkpoint at epoch 24
2026-05-07 09:51:47,130 [Trainer] :: No validation IoU improvement for 8 epoch(s)
2026-05-07 09:51:47,131 [Trainer] :: Starting epoch 25
2026-05-07 09:57:00,081 [Trainer] :: Completed epoch 25: train_loss=0.152811 train_iou=0.881726 val_loss=0.316043 val_iou=0.607379 lr=0.00009831
2026-05-07 09:57:00,584 [Trainer] :: Updated latest checkpoint at epoch 25
2026-05-07 09:57:00,584 [Trainer] :: No validation IoU improvement for 9 epoch(s)
2026-05-07 09:57:00,584 [Trainer] :: Starting epoch 26
2026-05-07 10:02:11,593 [Trainer] :: Completed epoch 26: train_loss=0.141074 train_iou=0.891336 val_loss=0.313710 val_iou=0.608015 lr=0.00009818
2026-05-07 10:02:12,390 [Trainer] :: Updated latest checkpoint at epoch 26
2026-05-07 10:02:12,390 [Trainer] :: No validation IoU improvement for 10 epoch(s)
2026-05-07 10:02:12,390 [Trainer] :: Starting epoch 27
2026-05-07 10:07:09,539 [Trainer] :: Completed epoch 27: train_loss=0.142332 train_iou=0.891327 val_loss=0.324504 val_iou=0.601800 lr=0.00009803
2026-05-07 10:07:09,962 [Trainer] :: Updated latest checkpoint at epoch 27
2026-05-07 10:07:09,962 [Trainer] :: No validation IoU improvement for 11 epoch(s)
2026-05-07 10:07:09,962 [Trainer] :: Starting epoch 28
2026-05-07 10:12:22,013 [Trainer] :: Completed epoch 28: train_loss=0.138699 train_iou=0.894817 val_loss=0.369189 val_iou=0.530162 lr=0.00009789
2026-05-07 10:12:22,378 [Trainer] :: Updated latest checkpoint at epoch 28
2026-05-07 10:12:22,378 [Trainer] :: No validation IoU improvement for 12 epoch(s)
2026-05-07 10:12:22,378 [Trainer] :: Starting epoch 29
2026-05-07 10:17:42,880 [Trainer] :: Completed epoch 29: train_loss=0.136709 train_iou=0.895963 val_loss=0.324505 val_iou=0.602757 lr=0.00009773
2026-05-07 10:17:43,582 [Trainer] :: Updated latest checkpoint at epoch 29
2026-05-07 10:17:43,583 [Trainer] :: No validation IoU improvement for 13 epoch(s)
2026-05-07 10:17:43,583 [Trainer] :: Starting epoch 30
2026-05-07 10:23:19,057 [Trainer] :: Completed epoch 30: train_loss=0.139408 train_iou=0.894273 val_loss=0.320424 val_iou=0.618820 lr=0.00009758
2026-05-07 10:23:19,419 [Trainer] :: Updated latest checkpoint at epoch 30
2026-05-07 10:23:19,419 [Trainer] :: No validation IoU improvement for 14 epoch(s)
2026-05-07 10:23:19,419 [Trainer] :: Starting epoch 31
2026-05-07 10:28:09,236 [Trainer] :: Completed epoch 31: train_loss=0.129617 train_iou=0.901029 val_loss=0.331215 val_iou=0.579399 lr=0.00009741
2026-05-07 10:28:09,629 [Trainer] :: Updated latest checkpoint at epoch 31
2026-05-07 10:28:09,629 [Trainer] :: No validation IoU improvement for 15 epoch(s)
2026-05-07 10:28:09,629 [Trainer] :: Starting epoch 32
2026-05-07 10:33:17,783 [Trainer] :: Completed epoch 32: train_loss=0.129686 train_iou=0.901609 val_loss=0.315221 val_iou=0.607410 lr=0.00009725
2026-05-07 10:33:18,533 [Trainer] :: Updated latest checkpoint at epoch 32
2026-05-07 10:33:18,533 [Trainer] :: No validation IoU improvement for 16 epoch(s)
2026-05-07 10:33:18,533 [Trainer] :: Starting epoch 33
2026-05-07 10:38:26,026 [Trainer] :: Completed epoch 33: train_loss=0.127605 train_iou=0.900679 val_loss=0.331613 val_iou=0.578464 lr=0.00009707
2026-05-07 10:38:26,452 [Trainer] :: Updated latest checkpoint at epoch 33
2026-05-07 10:38:26,453 [Trainer] :: No validation IoU improvement for 17 epoch(s)
2026-05-07 10:38:26,453 [Trainer] :: Starting epoch 34
2026-05-07 10:43:36,263 [Trainer] :: Completed epoch 34: train_loss=0.124132 train_iou=0.902010 val_loss=0.335735 val_iou=0.587193 lr=0.00009690
2026-05-07 10:43:36,688 [Trainer] :: Updated latest checkpoint at epoch 34
2026-05-07 10:43:36,689 [Trainer] :: No validation IoU improvement for 18 epoch(s)
2026-05-07 10:43:36,689 [Trainer] :: Starting epoch 35
2026-05-07 10:48:31,336 [Trainer] :: Completed epoch 35: train_loss=0.124172 train_iou=0.901814 val_loss=0.346391 val_iou=0.573063 lr=0.00009671
2026-05-07 10:48:32,237 [Trainer] :: Updated latest checkpoint at epoch 35
2026-05-07 10:48:32,237 [Trainer] :: No validation IoU improvement for 19 epoch(s)
2026-05-07 10:48:32,237 [Trainer] :: Starting epoch 36
2026-05-07 10:53:33,107 [Trainer] :: Completed epoch 36: train_loss=0.122318 train_iou=0.899852 val_loss=0.345949 val_iou=0.582053 lr=0.00009652
2026-05-07 10:53:33,589 [Trainer] :: Updated latest checkpoint at epoch 36
2026-05-07 10:53:33,590 [Trainer] :: No validation IoU improvement for 20 epoch(s)
2026-05-07 10:53:33,590 [Trainer] :: Starting epoch 37
2026-05-07 10:58:50,124 [Trainer] :: Completed epoch 37: train_loss=0.119611 train_iou=0.902742 val_loss=0.352715 val_iou=0.577133 lr=0.00009633
2026-05-07 10:58:50,888 [Trainer] :: Updated latest checkpoint at epoch 37
2026-05-07 10:58:50,888 [Trainer] :: No validation IoU improvement for 21 epoch(s)
2026-05-07 10:58:50,888 [Trainer] :: Starting epoch 38
2026-05-07 11:04:10,481 [Trainer] :: Completed epoch 38: train_loss=0.113004 train_iou=0.906612 val_loss=0.336199 val_iou=0.605799 lr=0.00009613
2026-05-07 11:04:10,860 [Trainer] :: Updated latest checkpoint at epoch 38
2026-05-07 11:04:10,860 [Trainer] :: No validation IoU improvement for 22 epoch(s)
2026-05-07 11:04:10,860 [Trainer] :: Starting epoch 39
2026-05-07 11:09:12,447 [Trainer] :: Completed epoch 39: train_loss=0.113728 train_iou=0.902455 val_loss=0.373911 val_iou=0.572260 lr=0.00009593
2026-05-07 11:09:13,153 [Trainer] :: Updated latest checkpoint at epoch 39
2026-05-07 11:09:13,153 [Trainer] :: No validation IoU improvement for 23 epoch(s)
2026-05-07 11:09:13,153 [Trainer] :: Starting epoch 40
2026-05-07 11:14:11,350 [Trainer] :: Completed epoch 40: train_loss=0.107691 train_iou=0.905485 val_loss=0.344453 val_iou=0.577345 lr=0.00009572
2026-05-07 11:14:12,135 [Trainer] :: Updated latest checkpoint at epoch 40
2026-05-07 11:14:12,135 [Trainer] :: No validation IoU improvement for 24 epoch(s)
2026-05-07 11:14:12,135 [Trainer] :: Starting epoch 41
2026-05-07 11:19:54,509 [Trainer] :: Completed epoch 41: train_loss=0.108648 train_iou=0.904639 val_loss=0.346059 val_iou=0.586833 lr=0.00009551
2026-05-07 11:19:55,234 [Trainer] :: Updated latest checkpoint at epoch 41
2026-05-07 11:19:55,235 [Trainer] :: No validation IoU improvement for 25 epoch(s)
2026-05-07 11:19:55,235 [Trainer] :: Starting epoch 42
2026-05-07 11:25:30,059 [Trainer] :: Completed epoch 42: train_loss=0.105492 train_iou=0.908259 val_loss=0.345241 val_iou=0.595478 lr=0.00009529
2026-05-07 11:25:30,472 [Trainer] :: Updated latest checkpoint at epoch 42
2026-05-07 11:25:30,472 [Trainer] :: No validation IoU improvement for 26 epoch(s)
2026-05-07 11:25:30,472 [Trainer] :: Starting epoch 43
2026-05-07 11:30:50,406 [Trainer] :: Completed epoch 43: train_loss=0.100787 train_iou=0.909010 val_loss=0.449829 val_iou=0.491199 lr=0.00009507
2026-05-07 11:30:50,811 [Trainer] :: Updated latest checkpoint at epoch 43
2026-05-07 11:30:50,812 [Trainer] :: No validation IoU improvement for 27 epoch(s)
2026-05-07 11:30:50,812 [Trainer] :: Starting epoch 44
2026-05-07 11:36:03,889 [Trainer] :: Completed epoch 44: train_loss=0.102309 train_iou=0.910522 val_loss=0.329371 val_iou=0.601990 lr=0.00009484
2026-05-07 11:36:04,315 [Trainer] :: Updated latest checkpoint at epoch 44
2026-05-07 11:36:04,315 [Trainer] :: No validation IoU improvement for 28 epoch(s)
2026-05-07 11:36:04,315 [Trainer] :: Starting epoch 45
2026-05-07 11:41:10,899 [Trainer] :: Completed epoch 45: train_loss=0.098035 train_iou=0.910961 val_loss=0.351589 val_iou=0.589660 lr=0.00009460
2026-05-07 11:41:11,485 [Trainer] :: Updated latest checkpoint at epoch 45
2026-05-07 11:41:11,485 [Trainer] :: No validation IoU improvement for 29 epoch(s)
2026-05-07 11:41:11,485 [Trainer] :: Starting epoch 46
2026-05-07 11:46:36,342 [Trainer] :: Completed epoch 46: train_loss=0.097708 train_iou=0.911461 val_loss=0.376776 val_iou=0.551367 lr=0.00009437
2026-05-07 11:46:37,432 [Trainer] :: Updated latest checkpoint at epoch 46
2026-05-07 11:46:37,432 [Trainer] :: No validation IoU improvement for 30 epoch(s)
2026-05-07 11:46:37,432 [Trainer] :: Starting epoch 47
2026-05-07 11:51:52,579 [Trainer] :: Completed epoch 47: train_loss=0.099013 train_iou=0.910771 val_loss=0.366807 val_iou=0.574995 lr=0.00009412
2026-05-07 11:51:53,116 [Trainer] :: Updated latest checkpoint at epoch 47
2026-05-07 11:51:53,117 [Trainer] :: No validation IoU improvement for 31 epoch(s)
2026-05-07 11:51:53,117 [Trainer] :: Starting epoch 48
2026-05-07 11:57:01,526 [Trainer] :: Completed epoch 48: train_loss=0.097419 train_iou=0.913217 val_loss=0.346577 val_iou=0.583838 lr=0.00009388
2026-05-07 11:57:02,192 [Trainer] :: Updated latest checkpoint at epoch 48
2026-05-07 11:57:02,192 [Trainer] :: No validation IoU improvement for 32 epoch(s)
2026-05-07 11:57:02,192 [Trainer] :: Starting epoch 49
2026-05-07 12:02:24,417 [Trainer] :: Completed epoch 49: train_loss=0.092938 train_iou=0.913916 val_loss=0.345011 val_iou=0.600036 lr=0.00009363
2026-05-07 12:02:24,891 [Trainer] :: Updated latest checkpoint at epoch 49
2026-05-07 12:02:24,891 [Trainer] :: No validation IoU improvement for 33 epoch(s)
2026-05-07 12:02:24,891 [Trainer] :: Starting epoch 50
2026-05-07 12:07:42,307 [Trainer] :: Completed epoch 50: train_loss=0.092183 train_iou=0.916413 val_loss=0.368646 val_iou=0.576986 lr=0.00009337
2026-05-07 12:07:42,671 [Trainer] :: Updated latest checkpoint at epoch 50
2026-05-07 12:07:42,671 [Trainer] :: No validation IoU improvement for 34 epoch(s)
2026-05-07 12:07:42,671 [Trainer] :: Starting epoch 51
2026-05-07 12:13:04,844 [Trainer] :: Completed epoch 51: train_loss=0.088152 train_iou=0.917901 val_loss=0.349959 val_iou=0.595569 lr=0.00009311
2026-05-07 12:13:05,703 [Trainer] :: Updated latest checkpoint at epoch 51
2026-05-07 12:13:05,704 [Trainer] :: No validation IoU improvement for 35 epoch(s)
2026-05-07 12:13:05,704 [Trainer] :: Starting epoch 52
2026-05-07 12:18:19,995 [Trainer] :: Completed epoch 52: train_loss=0.088634 train_iou=0.917228 val_loss=0.395632 val_iou=0.569108 lr=0.00009284
2026-05-07 12:18:21,575 [Trainer] :: Updated latest checkpoint at epoch 52
2026-05-07 12:18:21,575 [Trainer] :: No validation IoU improvement for 36 epoch(s)
2026-05-07 12:18:21,575 [Trainer] :: Starting epoch 53
2026-05-07 12:25:48,056 [Trainer] :: Completed epoch 53: train_loss=0.088630 train_iou=0.919170 val_loss=0.340859 val_iou=0.617329 lr=0.00009257
2026-05-07 12:25:48,434 [Trainer] :: Updated latest checkpoint at epoch 53
2026-05-07 12:25:48,434 [Trainer] :: No validation IoU improvement for 37 epoch(s)
2026-05-07 12:25:48,434 [Trainer] :: Starting epoch 54
2026-05-07 12:32:20,139 [Trainer] :: Completed epoch 54: train_loss=0.089042 train_iou=0.917865 val_loss=0.356071 val_iou=0.606119 lr=0.00009229
2026-05-07 12:32:20,773 [Trainer] :: Updated latest checkpoint at epoch 54
2026-05-07 12:32:20,774 [Trainer] :: No validation IoU improvement for 38 epoch(s)
2026-05-07 12:32:20,774 [Trainer] :: Starting epoch 55
2026-05-07 12:37:39,066 [Trainer] :: Completed epoch 55: train_loss=0.086208 train_iou=0.920062 val_loss=0.364378 val_iou=0.599083 lr=0.00009201
2026-05-07 12:37:39,989 [Trainer] :: Updated latest checkpoint at epoch 55
2026-05-07 12:37:39,989 [Trainer] :: No validation IoU improvement for 39 epoch(s)
2026-05-07 12:37:39,989 [Trainer] :: Starting epoch 56
2026-05-07 12:43:11,775 [Trainer] :: Completed epoch 56: train_loss=0.087619 train_iou=0.919679 val_loss=0.343085 val_iou=0.599002 lr=0.00009173
2026-05-07 12:43:12,137 [Trainer] :: Updated latest checkpoint at epoch 56
2026-05-07 12:43:12,137 [Trainer] :: No validation IoU improvement for 40 epoch(s)
2026-05-07 12:43:12,137 [Trainer] :: Starting epoch 57
2026-05-07 12:48:13,570 [Trainer] :: Completed epoch 57: train_loss=0.085542 train_iou=0.921931 val_loss=0.355717 val_iou=0.584321 lr=0.00009144
2026-05-07 12:48:14,028 [Trainer] :: Updated latest checkpoint at epoch 57
2026-05-07 12:48:14,028 [Trainer] :: No validation IoU improvement for 41 epoch(s)
2026-05-07 12:48:14,028 [Trainer] :: Starting epoch 58
2026-05-07 12:53:26,853 [Trainer] :: Completed epoch 58: train_loss=0.085070 train_iou=0.919921 val_loss=0.368506 val_iou=0.581817 lr=0.00009115
2026-05-07 12:53:27,376 [Trainer] :: Updated latest checkpoint at epoch 58
2026-05-07 12:53:27,376 [Trainer] :: No validation IoU improvement for 42 epoch(s)
2026-05-07 12:53:27,376 [Trainer] :: Starting epoch 59
2026-05-07 12:58:56,143 [Trainer] :: Completed epoch 59: train_loss=0.085399 train_iou=0.920349 val_loss=0.389287 val_iou=0.562459 lr=0.00009085
2026-05-07 12:58:56,913 [Trainer] :: Updated latest checkpoint at epoch 59
2026-05-07 12:58:56,913 [Trainer] :: No validation IoU improvement for 43 epoch(s)
2026-05-07 12:58:56,913 [Trainer] :: Starting epoch 60
2026-05-07 13:04:10,350 [Trainer] :: Completed epoch 60: train_loss=0.082734 train_iou=0.923204 val_loss=0.351765 val_iou=0.598593 lr=0.00009055
2026-05-07 13:04:10,954 [Trainer] :: Updated latest checkpoint at epoch 60
2026-05-07 13:04:10,954 [Trainer] :: No validation IoU improvement for 44 epoch(s)
2026-05-07 13:04:10,954 [Trainer] :: Starting epoch 61
2026-05-07 13:09:31,429 [Trainer] :: Completed epoch 61: train_loss=0.081545 train_iou=0.923632 val_loss=0.349735 val_iou=0.595970 lr=0.00009024
2026-05-07 13:09:32,069 [Trainer] :: Updated latest checkpoint at epoch 61
2026-05-07 13:09:32,069 [Trainer] :: No validation IoU improvement for 45 epoch(s)
2026-05-07 13:09:32,069 [Trainer] :: Starting epoch 62
2026-05-07 13:14:44,274 [Trainer] :: Completed epoch 62: train_loss=0.081416 train_iou=0.924150 val_loss=0.349763 val_iou=0.581329 lr=0.00008993
2026-05-07 13:14:44,730 [Trainer] :: Updated latest checkpoint at epoch 62
2026-05-07 13:14:44,730 [Trainer] :: No validation IoU improvement for 46 epoch(s)
2026-05-07 13:14:44,730 [Trainer] :: Starting epoch 63
2026-05-07 13:20:23,765 [Trainer] :: Completed epoch 63: train_loss=0.079311 train_iou=0.925956 val_loss=0.425807 val_iou=0.533229 lr=0.00008961
2026-05-07 13:20:24,158 [Trainer] :: Updated latest checkpoint at epoch 63
2026-05-07 13:20:24,158 [Trainer] :: No validation IoU improvement for 47 epoch(s)
2026-05-07 13:20:24,158 [Trainer] :: Starting epoch 64
2026-05-07 13:26:13,327 [Trainer] :: Completed epoch 64: train_loss=0.079080 train_iou=0.925962 val_loss=0.377996 val_iou=0.577762 lr=0.00008929
2026-05-07 13:26:13,941 [Trainer] :: Updated latest checkpoint at epoch 64
2026-05-07 13:26:13,941 [Trainer] :: No validation IoU improvement for 48 epoch(s)
2026-05-07 13:26:13,941 [Trainer] :: Starting epoch 65
2026-05-07 13:31:39,963 [Trainer] :: Completed epoch 65: train_loss=0.078521 train_iou=0.927674 val_loss=0.400561 val_iou=0.572102 lr=0.00008897
2026-05-07 13:31:40,389 [Trainer] :: Updated latest checkpoint at epoch 65
2026-05-07 13:31:40,390 [Trainer] :: No validation IoU improvement for 49 epoch(s)
2026-05-07 13:31:40,390 [Trainer] :: Starting epoch 66
2026-05-07 13:37:36,139 [Trainer] :: Completed epoch 66: train_loss=0.077535 train_iou=0.926775 val_loss=0.434041 val_iou=0.562829 lr=0.00008864
2026-05-07 13:37:36,590 [Trainer] :: Updated latest checkpoint at epoch 66
2026-05-07 13:37:36,590 [Trainer] :: No validation IoU improvement for 50 epoch(s)
2026-05-07 13:37:36,590 [Trainer] :: Starting epoch 67
2026-05-07 13:43:04,233 [Trainer] :: Completed epoch 67: train_loss=0.076539 train_iou=0.928903 val_loss=0.392224 val_iou=0.571372 lr=0.00008831
2026-05-07 13:43:04,626 [Trainer] :: Updated latest checkpoint at epoch 67
2026-05-07 13:43:04,626 [Trainer] :: No validation IoU improvement for 51 epoch(s)
2026-05-07 13:43:04,626 [Trainer] :: Starting epoch 68
2026-05-07 13:48:29,691 [Trainer] :: Completed epoch 68: train_loss=0.074453 train_iou=0.930480 val_loss=0.360752 val_iou=0.614564 lr=0.00008797
2026-05-07 13:48:30,489 [Trainer] :: Updated latest checkpoint at epoch 68
2026-05-07 13:48:30,489 [Trainer] :: No validation IoU improvement for 52 epoch(s)
2026-05-07 13:48:30,489 [Trainer] :: Starting epoch 69
2026-05-07 13:54:45,237 [Trainer] :: Completed epoch 69: train_loss=0.075142 train_iou=0.930061 val_loss=0.385213 val_iou=0.588445 lr=0.00008763
2026-05-07 13:54:46,237 [Trainer] :: Updated latest checkpoint at epoch 69
2026-05-07 13:54:46,237 [Trainer] :: No validation IoU improvement for 53 epoch(s)
2026-05-07 13:54:46,237 [Trainer] :: Starting epoch 70
2026-05-07 14:00:45,381 [Trainer] :: Completed epoch 70: train_loss=0.077019 train_iou=0.927368 val_loss=0.421364 val_iou=0.586179 lr=0.00008729
2026-05-07 14:00:46,920 [Trainer] :: Updated latest checkpoint at epoch 70
2026-05-07 14:00:46,920 [Trainer] :: No validation IoU improvement for 54 epoch(s)
2026-05-07 14:00:46,921 [Trainer] :: Starting epoch 71
2026-05-07 14:06:41,442 [Trainer] :: Completed epoch 71: train_loss=0.076589 train_iou=0.927585 val_loss=0.412892 val_iou=0.588240 lr=0.00008694
2026-05-07 14:06:42,008 [Trainer] :: Updated latest checkpoint at epoch 71
2026-05-07 14:06:42,008 [Trainer] :: No validation IoU improvement for 55 epoch(s)
2026-05-07 14:06:42,008 [Trainer] :: Starting epoch 72
2026-05-07 14:12:50,702 [Trainer] :: Completed epoch 72: train_loss=0.078491 train_iou=0.926892 val_loss=0.393921 val_iou=0.581940 lr=0.00008658
2026-05-07 14:12:51,182 [Trainer] :: Updated latest checkpoint at epoch 72
2026-05-07 14:12:51,182 [Trainer] :: No validation IoU improvement for 56 epoch(s)
2026-05-07 14:12:51,182 [Trainer] :: Starting epoch 73
2026-05-07 14:18:43,423 [Trainer] :: Completed epoch 73: train_loss=0.076399 train_iou=0.928549 val_loss=0.367801 val_iou=0.595378 lr=0.00008623
2026-05-07 14:18:43,827 [Trainer] :: Updated latest checkpoint at epoch 73
2026-05-07 14:18:43,828 [Trainer] :: No validation IoU improvement for 57 epoch(s)
2026-05-07 14:18:43,828 [Trainer] :: Starting epoch 74
2026-05-07 14:23:40,548 [Trainer] :: Completed epoch 74: train_loss=0.076684 train_iou=0.928553 val_loss=0.375266 val_iou=0.584107 lr=0.00008587
2026-05-07 14:23:41,113 [Trainer] :: Updated latest checkpoint at epoch 74
2026-05-07 14:23:41,113 [Trainer] :: No validation IoU improvement for 58 epoch(s)
2026-05-07 14:23:41,113 [Trainer] :: Starting epoch 75
2026-05-07 14:28:55,144 [Trainer] :: Completed epoch 75: train_loss=0.075394 train_iou=0.929232 val_loss=0.384236 val_iou=0.604325 lr=0.00008550
2026-05-07 14:28:55,538 [Trainer] :: Updated latest checkpoint at epoch 75
2026-05-07 14:28:55,538 [Trainer] :: No validation IoU improvement for 59 epoch(s)
2026-05-07 14:28:55,538 [Trainer] :: Starting epoch 76
2026-05-07 14:33:52,469 [Trainer] :: Completed epoch 76: train_loss=0.075727 train_iou=0.929352 val_loss=0.420088 val_iou=0.574237 lr=0.00008513
2026-05-07 14:33:53,211 [Trainer] :: Updated latest checkpoint at epoch 76
2026-05-07 14:33:53,211 [Trainer] :: No validation IoU improvement for 60 epoch(s)
2026-05-07 14:33:53,211 [Trainer] :: Early stopping triggered after 60 epoch(s) without improvement
2026-05-07 14:37:42,684 [Trainer] :: Wrote training history to outputs/runs/real_msi_unetplusplus_resnet34_fuzzy_halo_seed47_20260507T054736Z/metrics/history.json
2026-05-07 14:37:42,684 [Trainer] :: Wrote test summary to outputs/runs/real_msi_unetplusplus_resnet34_fuzzy_halo_seed47_20260507T054736Z/metrics/test_summary.json
2026-05-07 14:37:42,684 [Trainer] :: Training completed
