2026-05-07 02:14:35,604 [Trainer] :: Training run initialized at /ceph/home/student.aau.dk/qd36zu/fuzzy-p10/tbd/masking/outputs/runs/real_msi_unetplusplus_resnet34_fuzzy_halo_seed42_20260507T001435Z
2026-05-07 02:14:35,605 [Trainer] :: Loaded config from /ceph/home/student.aau.dk/qd36zu/fuzzy-p10/tbd/masking/configs/fuzzy/real_msi_unetpp_resnet34.yaml
2026-05-07 02:14:35,605 [Trainer] :: Using seed=42 and device=None
2026-05-07 02:14:35,605 [Trainer] :: Using model architecture=UnetPlusPlus encoder=resnet34 encoder_weights=imagenet
2026-05-07 02:14:35,775 [Trainer] :: Resolved runtime device to cpu
2026-05-07 02:14:35,775 [Trainer] :: Prepared normalization from source=train_split_patch_stats
2026-05-07 02:15:08,277 [Trainer] :: Built dataloaders with batch_size=16, num_workers=0
2026-05-07 02:15:08,312 [Trainer] :: Starting epoch 1
2026-05-07 05:52:26,022 [Trainer] :: Completed epoch 1: train_loss=0.414816 train_iou=0.652257 val_loss=0.501949 val_iou=0.421807 lr=0.00010000
2026-05-07 05:52:27,308 [Trainer] :: Updated latest checkpoint at epoch 1
2026-05-07 05:52:28,384 [Trainer] :: New best checkpoint saved with val_iou=0.421807
2026-05-07 05:52:28,384 [Trainer] :: Starting epoch 2
2026-05-07 08:11:09,816 [Trainer] :: Completed epoch 2: train_loss=0.321243 train_iou=0.751646 val_loss=0.378704 val_iou=0.528933 lr=0.00009999
2026-05-07 08:11:10,803 [Trainer] :: Updated latest checkpoint at epoch 2
2026-05-07 08:11:11,751 [Trainer] :: New best checkpoint saved with val_iou=0.528933
2026-05-07 08:11:11,751 [Trainer] :: Starting epoch 3
2026-05-07 13:26:57,142 [Trainer] :: Completed epoch 3: train_loss=0.290339 train_iou=0.772960 val_loss=0.359716 val_iou=0.571013 lr=0.00009998
2026-05-07 13:26:59,593 [Trainer] :: Updated latest checkpoint at epoch 3
2026-05-07 13:27:01,042 [Trainer] :: New best checkpoint saved with val_iou=0.571013
2026-05-07 13:27:01,043 [Trainer] :: Starting epoch 4
