2026-05-01 10:21:06,817 [Trainer] :: Training run initialized at /ceph/home/student.aau.dk/qd36zu/fuzzy-p10/tbd/masking/outputs/runs/rgb_deeplabv3plus_resnet34_seed45_20260501T082106Z
2026-05-01 10:21:06,817 [Trainer] :: Loaded config from /ceph/home/student.aau.dk/qd36zu/fuzzy-p10/tbd/masking/configs/binary/rgb_deeplabv3plus_resnet34.yaml
2026-05-01 10:21:06,818 [Trainer] :: Using seed=45 and device=None
2026-05-01 10:21:06,818 [Trainer] :: Using model architecture=DeepLabV3Plus encoder=resnet34 encoder_weights=imagenet
2026-05-01 10:21:07,281 [Trainer] :: Resolved runtime device to cuda
2026-05-01 10:21:07,282 [Trainer] :: Prepared normalization from source=imagenet
2026-05-01 10:21:13,252 [Trainer] :: Built dataloaders with batch_size=16, num_workers=0
2026-05-01 10:21:13,253 [Trainer] :: Starting epoch 1
2026-05-01 10:23:09,459 [Trainer] :: Completed epoch 1: train_loss=0.417247 train_iou=0.641840 val_loss=0.352549 val_iou=0.539956 lr=0.00010000
2026-05-01 10:23:10,491 [Trainer] :: Updated latest checkpoint at epoch 1
2026-05-01 10:23:12,127 [Trainer] :: New best checkpoint saved with val_iou=0.539956
2026-05-01 10:23:12,127 [Trainer] :: Starting epoch 2
2026-05-01 10:24:58,386 [Trainer] :: Completed epoch 2: train_loss=0.302244 train_iou=0.737847 val_loss=0.318873 val_iou=0.543486 lr=0.00009999
2026-05-01 10:24:58,660 [Trainer] :: Updated latest checkpoint at epoch 2
2026-05-01 10:25:00,030 [Trainer] :: New best checkpoint saved with val_iou=0.543486
2026-05-01 10:25:00,030 [Trainer] :: Starting epoch 3
2026-05-01 10:26:47,509 [Trainer] :: Completed epoch 3: train_loss=0.271658 train_iou=0.765740 val_loss=0.331374 val_iou=0.556020 lr=0.00009998
2026-05-01 10:26:47,855 [Trainer] :: Updated latest checkpoint at epoch 3
2026-05-01 10:26:48,612 [Trainer] :: New best checkpoint saved with val_iou=0.556020
2026-05-01 10:26:48,612 [Trainer] :: Starting epoch 4
2026-05-01 10:28:35,781 [Trainer] :: Completed epoch 4: train_loss=0.257514 train_iou=0.775331 val_loss=0.345747 val_iou=0.507545 lr=0.00009996
2026-05-01 10:28:36,078 [Trainer] :: Updated latest checkpoint at epoch 4
2026-05-01 10:28:36,078 [Trainer] :: No validation IoU improvement for 1 epoch(s)
2026-05-01 10:28:36,078 [Trainer] :: Starting epoch 5
2026-05-01 10:30:23,253 [Trainer] :: Completed epoch 5: train_loss=0.237572 train_iou=0.790871 val_loss=0.291227 val_iou=0.600081 lr=0.00009993
2026-05-01 10:30:23,588 [Trainer] :: Updated latest checkpoint at epoch 5
2026-05-01 10:30:23,836 [Trainer] :: New best checkpoint saved with val_iou=0.600081
2026-05-01 10:30:23,836 [Trainer] :: Starting epoch 6
2026-05-01 10:32:09,035 [Trainer] :: Completed epoch 6: train_loss=0.224202 train_iou=0.802443 val_loss=0.281085 val_iou=0.602046 lr=0.00009990
2026-05-01 10:32:09,332 [Trainer] :: Updated latest checkpoint at epoch 6
2026-05-01 10:32:09,642 [Trainer] :: New best checkpoint saved with val_iou=0.602046
2026-05-01 10:32:09,642 [Trainer] :: Starting epoch 7
2026-05-01 10:33:57,089 [Trainer] :: Completed epoch 7: train_loss=0.224457 train_iou=0.801758 val_loss=0.308761 val_iou=0.556998 lr=0.00009987
2026-05-01 10:33:57,357 [Trainer] :: Updated latest checkpoint at epoch 7
2026-05-01 10:33:57,357 [Trainer] :: No validation IoU improvement for 1 epoch(s)
2026-05-01 10:33:57,357 [Trainer] :: Starting epoch 8
2026-05-01 10:35:45,793 [Trainer] :: Completed epoch 8: train_loss=0.210102 train_iou=0.813664 val_loss=0.288409 val_iou=0.588805 lr=0.00009983
2026-05-01 10:35:47,327 [Trainer] :: Updated latest checkpoint at epoch 8
2026-05-01 10:35:47,327 [Trainer] :: No validation IoU improvement for 2 epoch(s)
2026-05-01 10:35:47,327 [Trainer] :: Starting epoch 9
2026-05-01 10:37:36,349 [Trainer] :: Completed epoch 9: train_loss=0.202959 train_iou=0.819874 val_loss=0.271215 val_iou=0.616817 lr=0.00009978
2026-05-01 10:37:36,637 [Trainer] :: Updated latest checkpoint at epoch 9
2026-05-01 10:37:36,958 [Trainer] :: New best checkpoint saved with val_iou=0.616817
2026-05-01 10:37:36,959 [Trainer] :: Starting epoch 10
2026-05-01 10:39:26,630 [Trainer] :: Completed epoch 10: train_loss=0.209632 train_iou=0.811399 val_loss=0.270624 val_iou=0.612120 lr=0.00009973
2026-05-01 10:39:29,178 [Trainer] :: Updated latest checkpoint at epoch 10
2026-05-01 10:39:29,178 [Trainer] :: No validation IoU improvement for 1 epoch(s)
2026-05-01 10:39:29,178 [Trainer] :: Starting epoch 11
2026-05-01 10:41:15,840 [Trainer] :: Completed epoch 11: train_loss=0.190140 train_iou=0.830996 val_loss=0.286654 val_iou=0.594634 lr=0.00009967
2026-05-01 10:41:16,126 [Trainer] :: Updated latest checkpoint at epoch 11
2026-05-01 10:41:16,126 [Trainer] :: No validation IoU improvement for 2 epoch(s)
2026-05-01 10:41:16,126 [Trainer] :: Starting epoch 12
2026-05-01 10:43:03,241 [Trainer] :: Completed epoch 12: train_loss=0.182880 train_iou=0.833333 val_loss=0.266762 val_iou=0.632775 lr=0.00009961
2026-05-01 10:43:04,274 [Trainer] :: Updated latest checkpoint at epoch 12
2026-05-01 10:43:04,822 [Trainer] :: New best checkpoint saved with val_iou=0.632775
2026-05-01 10:43:04,823 [Trainer] :: Starting epoch 13
2026-05-01 10:44:56,010 [Trainer] :: Completed epoch 13: train_loss=0.177753 train_iou=0.836102 val_loss=0.284680 val_iou=0.602973 lr=0.00009954
2026-05-01 10:44:56,482 [Trainer] :: Updated latest checkpoint at epoch 13
2026-05-01 10:44:56,482 [Trainer] :: No validation IoU improvement for 1 epoch(s)
2026-05-01 10:44:56,482 [Trainer] :: Starting epoch 14
2026-05-01 10:46:52,565 [Trainer] :: Completed epoch 14: train_loss=0.175002 train_iou=0.837717 val_loss=0.269826 val_iou=0.620865 lr=0.00009947
2026-05-01 10:46:53,179 [Trainer] :: Updated latest checkpoint at epoch 14
2026-05-01 10:46:53,179 [Trainer] :: No validation IoU improvement for 2 epoch(s)
2026-05-01 10:46:53,180 [Trainer] :: Starting epoch 15
2026-05-01 10:48:46,137 [Trainer] :: Completed epoch 15: train_loss=0.170525 train_iou=0.840940 val_loss=0.267399 val_iou=0.639283 lr=0.00009939
2026-05-01 10:48:46,526 [Trainer] :: Updated latest checkpoint at epoch 15
2026-05-01 10:48:46,878 [Trainer] :: New best checkpoint saved with val_iou=0.639283
2026-05-01 10:48:46,878 [Trainer] :: Starting epoch 16
2026-05-01 10:50:46,611 [Trainer] :: Completed epoch 16: train_loss=0.169484 train_iou=0.842673 val_loss=0.278713 val_iou=0.607014 lr=0.00009931
2026-05-01 10:50:46,922 [Trainer] :: Updated latest checkpoint at epoch 16
2026-05-01 10:50:46,922 [Trainer] :: No validation IoU improvement for 1 epoch(s)
2026-05-01 10:50:46,922 [Trainer] :: Starting epoch 17
2026-05-01 10:52:46,292 [Trainer] :: Completed epoch 17: train_loss=0.159784 train_iou=0.845188 val_loss=0.280368 val_iou=0.614564 lr=0.00009922
2026-05-01 10:52:46,610 [Trainer] :: Updated latest checkpoint at epoch 17
2026-05-01 10:52:46,610 [Trainer] :: No validation IoU improvement for 2 epoch(s)
2026-05-01 10:52:46,610 [Trainer] :: Starting epoch 18
2026-05-01 10:54:43,053 [Trainer] :: Completed epoch 18: train_loss=0.156153 train_iou=0.846388 val_loss=0.279759 val_iou=0.607152 lr=0.00009912
2026-05-01 10:54:43,369 [Trainer] :: Updated latest checkpoint at epoch 18
2026-05-01 10:54:43,369 [Trainer] :: No validation IoU improvement for 3 epoch(s)
2026-05-01 10:54:43,369 [Trainer] :: Starting epoch 19
2026-05-01 10:56:41,203 [Trainer] :: Completed epoch 19: train_loss=0.154396 train_iou=0.850160 val_loss=0.284364 val_iou=0.613262 lr=0.00009902
2026-05-01 10:56:41,534 [Trainer] :: Updated latest checkpoint at epoch 19
2026-05-01 10:56:41,534 [Trainer] :: No validation IoU improvement for 4 epoch(s)
2026-05-01 10:56:41,534 [Trainer] :: Starting epoch 20
2026-05-01 10:58:38,934 [Trainer] :: Completed epoch 20: train_loss=0.142624 train_iou=0.860123 val_loss=0.321344 val_iou=0.581789 lr=0.00009892
2026-05-01 10:58:39,232 [Trainer] :: Updated latest checkpoint at epoch 20
2026-05-01 10:58:39,232 [Trainer] :: No validation IoU improvement for 5 epoch(s)
2026-05-01 10:58:39,232 [Trainer] :: Starting epoch 21
2026-05-01 11:00:34,585 [Trainer] :: Completed epoch 21: train_loss=0.142714 train_iou=0.861900 val_loss=0.347400 val_iou=0.556227 lr=0.00009881
2026-05-01 11:00:34,895 [Trainer] :: Updated latest checkpoint at epoch 21
2026-05-01 11:00:34,895 [Trainer] :: No validation IoU improvement for 6 epoch(s)
2026-05-01 11:00:34,895 [Trainer] :: Starting epoch 22
2026-05-01 11:02:25,584 [Trainer] :: Completed epoch 22: train_loss=0.139185 train_iou=0.861064 val_loss=0.279463 val_iou=0.622066 lr=0.00009869
2026-05-01 11:02:25,911 [Trainer] :: Updated latest checkpoint at epoch 22
2026-05-01 11:02:25,911 [Trainer] :: No validation IoU improvement for 7 epoch(s)
2026-05-01 11:02:25,911 [Trainer] :: Starting epoch 23
2026-05-01 11:04:16,919 [Trainer] :: Completed epoch 23: train_loss=0.136447 train_iou=0.861331 val_loss=0.308062 val_iou=0.596735 lr=0.00009857
2026-05-01 11:04:17,210 [Trainer] :: Updated latest checkpoint at epoch 23
2026-05-01 11:04:17,210 [Trainer] :: No validation IoU improvement for 8 epoch(s)
2026-05-01 11:04:17,210 [Trainer] :: Starting epoch 24
2026-05-01 11:06:10,218 [Trainer] :: Completed epoch 24: train_loss=0.138582 train_iou=0.860317 val_loss=0.296866 val_iou=0.598352 lr=0.00009844
2026-05-01 11:06:10,564 [Trainer] :: Updated latest checkpoint at epoch 24
2026-05-01 11:06:10,564 [Trainer] :: No validation IoU improvement for 9 epoch(s)
2026-05-01 11:06:10,564 [Trainer] :: Starting epoch 25
2026-05-01 11:08:02,461 [Trainer] :: Completed epoch 25: train_loss=0.133159 train_iou=0.865228 val_loss=0.272540 val_iou=0.632197 lr=0.00009831
2026-05-01 11:08:02,764 [Trainer] :: Updated latest checkpoint at epoch 25
2026-05-01 11:08:02,764 [Trainer] :: No validation IoU improvement for 10 epoch(s)
2026-05-01 11:08:02,764 [Trainer] :: Starting epoch 26
2026-05-01 11:09:54,112 [Trainer] :: Completed epoch 26: train_loss=0.121293 train_iou=0.875037 val_loss=0.269940 val_iou=0.628016 lr=0.00009818
2026-05-01 11:09:54,435 [Trainer] :: Updated latest checkpoint at epoch 26
2026-05-01 11:09:54,435 [Trainer] :: No validation IoU improvement for 11 epoch(s)
2026-05-01 11:09:54,435 [Trainer] :: Starting epoch 27
2026-05-01 11:11:45,410 [Trainer] :: Completed epoch 27: train_loss=0.120123 train_iou=0.876977 val_loss=0.284043 val_iou=0.609733 lr=0.00009803
2026-05-01 11:11:45,700 [Trainer] :: Updated latest checkpoint at epoch 27
2026-05-01 11:11:45,701 [Trainer] :: No validation IoU improvement for 12 epoch(s)
2026-05-01 11:11:45,701 [Trainer] :: Starting epoch 28
2026-05-01 11:13:36,547 [Trainer] :: Completed epoch 28: train_loss=0.119995 train_iou=0.878092 val_loss=0.284572 val_iou=0.609452 lr=0.00009789
2026-05-01 11:13:36,913 [Trainer] :: Updated latest checkpoint at epoch 28
2026-05-01 11:13:36,914 [Trainer] :: No validation IoU improvement for 13 epoch(s)
2026-05-01 11:13:36,914 [Trainer] :: Starting epoch 29
2026-05-01 11:15:28,307 [Trainer] :: Completed epoch 29: train_loss=0.114354 train_iou=0.883062 val_loss=0.314333 val_iou=0.581367 lr=0.00009773
2026-05-01 11:15:28,837 [Trainer] :: Updated latest checkpoint at epoch 29
2026-05-01 11:15:28,837 [Trainer] :: No validation IoU improvement for 14 epoch(s)
2026-05-01 11:15:28,837 [Trainer] :: Starting epoch 30
2026-05-01 11:17:21,478 [Trainer] :: Completed epoch 30: train_loss=0.114126 train_iou=0.883487 val_loss=0.303968 val_iou=0.602453 lr=0.00009758
2026-05-01 11:17:21,808 [Trainer] :: Updated latest checkpoint at epoch 30
2026-05-01 11:17:21,808 [Trainer] :: No validation IoU improvement for 15 epoch(s)
2026-05-01 11:17:21,808 [Trainer] :: Starting epoch 31
2026-05-01 11:19:12,796 [Trainer] :: Completed epoch 31: train_loss=0.111845 train_iou=0.885953 val_loss=0.282000 val_iou=0.618409 lr=0.00009741
2026-05-01 11:19:13,097 [Trainer] :: Updated latest checkpoint at epoch 31
2026-05-01 11:19:13,097 [Trainer] :: No validation IoU improvement for 16 epoch(s)
2026-05-01 11:19:13,097 [Trainer] :: Starting epoch 32
2026-05-01 11:21:07,665 [Trainer] :: Completed epoch 32: train_loss=0.112418 train_iou=0.886205 val_loss=0.385999 val_iou=0.534223 lr=0.00009725
2026-05-01 11:21:07,986 [Trainer] :: Updated latest checkpoint at epoch 32
2026-05-01 11:21:07,987 [Trainer] :: No validation IoU improvement for 17 epoch(s)
2026-05-01 11:21:07,987 [Trainer] :: Starting epoch 33
2026-05-01 11:22:58,911 [Trainer] :: Completed epoch 33: train_loss=0.110700 train_iou=0.886912 val_loss=0.298052 val_iou=0.598966 lr=0.00009707
2026-05-01 11:22:59,255 [Trainer] :: Updated latest checkpoint at epoch 33
2026-05-01 11:22:59,255 [Trainer] :: No validation IoU improvement for 18 epoch(s)
2026-05-01 11:22:59,255 [Trainer] :: Starting epoch 34
2026-05-01 11:24:48,772 [Trainer] :: Completed epoch 34: train_loss=0.105059 train_iou=0.892679 val_loss=0.284951 val_iou=0.608049 lr=0.00009690
2026-05-01 11:24:49,087 [Trainer] :: Updated latest checkpoint at epoch 34
2026-05-01 11:24:49,087 [Trainer] :: No validation IoU improvement for 19 epoch(s)
2026-05-01 11:24:49,087 [Trainer] :: Starting epoch 35
2026-05-01 11:26:38,284 [Trainer] :: Completed epoch 35: train_loss=0.105450 train_iou=0.891773 val_loss=0.276588 val_iou=0.623700 lr=0.00009671
2026-05-01 11:26:38,732 [Trainer] :: Updated latest checkpoint at epoch 35
2026-05-01 11:26:38,732 [Trainer] :: No validation IoU improvement for 20 epoch(s)
2026-05-01 11:26:38,732 [Trainer] :: Starting epoch 36
2026-05-01 11:28:29,388 [Trainer] :: Completed epoch 36: train_loss=0.106099 train_iou=0.888889 val_loss=0.280255 val_iou=0.621768 lr=0.00009652
2026-05-01 11:28:29,681 [Trainer] :: Updated latest checkpoint at epoch 36
2026-05-01 11:28:29,681 [Trainer] :: No validation IoU improvement for 21 epoch(s)
2026-05-01 11:28:29,681 [Trainer] :: Starting epoch 37
2026-05-01 11:30:20,886 [Trainer] :: Completed epoch 37: train_loss=0.104663 train_iou=0.890322 val_loss=0.295289 val_iou=0.591000 lr=0.00009633
2026-05-01 11:30:21,188 [Trainer] :: Updated latest checkpoint at epoch 37
2026-05-01 11:30:21,188 [Trainer] :: No validation IoU improvement for 22 epoch(s)
2026-05-01 11:30:21,188 [Trainer] :: Starting epoch 38
2026-05-01 11:32:12,731 [Trainer] :: Completed epoch 38: train_loss=0.097291 train_iou=0.897214 val_loss=0.293845 val_iou=0.622663 lr=0.00009613
2026-05-01 11:32:13,260 [Trainer] :: Updated latest checkpoint at epoch 38
2026-05-01 11:32:13,261 [Trainer] :: No validation IoU improvement for 23 epoch(s)
2026-05-01 11:32:13,261 [Trainer] :: Starting epoch 39
2026-05-01 11:34:08,696 [Trainer] :: Completed epoch 39: train_loss=0.094959 train_iou=0.900974 val_loss=0.311501 val_iou=0.613759 lr=0.00009593
2026-05-01 11:34:09,010 [Trainer] :: Updated latest checkpoint at epoch 39
2026-05-01 11:34:09,010 [Trainer] :: No validation IoU improvement for 24 epoch(s)
2026-05-01 11:34:09,010 [Trainer] :: Starting epoch 40
2026-05-01 11:36:03,117 [Trainer] :: Completed epoch 40: train_loss=0.096083 train_iou=0.899947 val_loss=0.309992 val_iou=0.591397 lr=0.00009572
2026-05-01 11:36:03,417 [Trainer] :: Updated latest checkpoint at epoch 40
2026-05-01 11:36:03,417 [Trainer] :: No validation IoU improvement for 25 epoch(s)
2026-05-01 11:36:03,417 [Trainer] :: Starting epoch 41
2026-05-01 11:37:57,160 [Trainer] :: Completed epoch 41: train_loss=0.092366 train_iou=0.902147 val_loss=0.299622 val_iou=0.610053 lr=0.00009551
2026-05-01 11:37:57,456 [Trainer] :: Updated latest checkpoint at epoch 41
2026-05-01 11:37:57,456 [Trainer] :: No validation IoU improvement for 26 epoch(s)
2026-05-01 11:37:57,456 [Trainer] :: Starting epoch 42
2026-05-01 11:39:50,029 [Trainer] :: Completed epoch 42: train_loss=0.092448 train_iou=0.902601 val_loss=0.331892 val_iou=0.586889 lr=0.00009529
2026-05-01 11:39:50,326 [Trainer] :: Updated latest checkpoint at epoch 42
2026-05-01 11:39:50,327 [Trainer] :: No validation IoU improvement for 27 epoch(s)
2026-05-01 11:39:50,327 [Trainer] :: Starting epoch 43
2026-05-01 11:41:43,024 [Trainer] :: Completed epoch 43: train_loss=0.091424 train_iou=0.903816 val_loss=0.302845 val_iou=0.609527 lr=0.00009507
2026-05-01 11:41:43,369 [Trainer] :: Updated latest checkpoint at epoch 43
2026-05-01 11:41:43,369 [Trainer] :: No validation IoU improvement for 28 epoch(s)
2026-05-01 11:41:43,369 [Trainer] :: Starting epoch 44
2026-05-01 11:43:35,830 [Trainer] :: Completed epoch 44: train_loss=0.091485 train_iou=0.904458 val_loss=0.329183 val_iou=0.602438 lr=0.00009484
2026-05-01 11:43:36,231 [Trainer] :: Updated latest checkpoint at epoch 44
2026-05-01 11:43:36,231 [Trainer] :: No validation IoU improvement for 29 epoch(s)
2026-05-01 11:43:36,231 [Trainer] :: Starting epoch 45
2026-05-01 11:45:32,824 [Trainer] :: Completed epoch 45: train_loss=0.088760 train_iou=0.905879 val_loss=0.297234 val_iou=0.615824 lr=0.00009460
2026-05-01 11:45:33,221 [Trainer] :: Updated latest checkpoint at epoch 45
2026-05-01 11:45:33,221 [Trainer] :: No validation IoU improvement for 30 epoch(s)
2026-05-01 11:45:33,221 [Trainer] :: Starting epoch 46
2026-05-01 11:47:24,948 [Trainer] :: Completed epoch 46: train_loss=0.088943 train_iou=0.905926 val_loss=0.324321 val_iou=0.606691 lr=0.00009437
2026-05-01 11:47:25,229 [Trainer] :: Updated latest checkpoint at epoch 46
2026-05-01 11:47:25,229 [Trainer] :: No validation IoU improvement for 31 epoch(s)
2026-05-01 11:47:25,229 [Trainer] :: Starting epoch 47
2026-05-01 11:49:15,876 [Trainer] :: Completed epoch 47: train_loss=0.088296 train_iou=0.905905 val_loss=0.337220 val_iou=0.576718 lr=0.00009412
2026-05-01 11:49:16,192 [Trainer] :: Updated latest checkpoint at epoch 47
2026-05-01 11:49:16,192 [Trainer] :: No validation IoU improvement for 32 epoch(s)
2026-05-01 11:49:16,192 [Trainer] :: Starting epoch 48
2026-05-01 11:51:11,606 [Trainer] :: Completed epoch 48: train_loss=0.087037 train_iou=0.907712 val_loss=0.310070 val_iou=0.606831 lr=0.00009388
2026-05-01 11:51:11,932 [Trainer] :: Updated latest checkpoint at epoch 48
2026-05-01 11:51:11,932 [Trainer] :: No validation IoU improvement for 33 epoch(s)
2026-05-01 11:51:11,932 [Trainer] :: Starting epoch 49
2026-05-01 11:53:12,040 [Trainer] :: Completed epoch 49: train_loss=0.083771 train_iou=0.910383 val_loss=0.313297 val_iou=0.609423 lr=0.00009363
2026-05-01 11:53:12,365 [Trainer] :: Updated latest checkpoint at epoch 49
2026-05-01 11:53:12,365 [Trainer] :: No validation IoU improvement for 34 epoch(s)
2026-05-01 11:53:12,366 [Trainer] :: Starting epoch 50
2026-05-01 11:55:10,192 [Trainer] :: Completed epoch 50: train_loss=0.080641 train_iou=0.913687 val_loss=0.293881 val_iou=0.619786 lr=0.00009337
2026-05-01 11:55:10,522 [Trainer] :: Updated latest checkpoint at epoch 50
2026-05-01 11:55:10,522 [Trainer] :: No validation IoU improvement for 35 epoch(s)
2026-05-01 11:55:10,522 [Trainer] :: Starting epoch 51
2026-05-01 11:57:10,687 [Trainer] :: Completed epoch 51: train_loss=0.081502 train_iou=0.912261 val_loss=0.306778 val_iou=0.608233 lr=0.00009311
2026-05-01 11:57:12,947 [Trainer] :: Updated latest checkpoint at epoch 51
2026-05-01 11:57:12,947 [Trainer] :: No validation IoU improvement for 36 epoch(s)
2026-05-01 11:57:12,947 [Trainer] :: Starting epoch 52
2026-05-01 11:59:11,652 [Trainer] :: Completed epoch 52: train_loss=0.079135 train_iou=0.915505 val_loss=0.318165 val_iou=0.599683 lr=0.00009284
2026-05-01 11:59:11,977 [Trainer] :: Updated latest checkpoint at epoch 52
2026-05-01 11:59:11,977 [Trainer] :: No validation IoU improvement for 37 epoch(s)
2026-05-01 11:59:11,977 [Trainer] :: Starting epoch 53
2026-05-01 12:01:07,902 [Trainer] :: Completed epoch 53: train_loss=0.080225 train_iou=0.915640 val_loss=0.300627 val_iou=0.615045 lr=0.00009257
2026-05-01 12:01:08,269 [Trainer] :: Updated latest checkpoint at epoch 53
2026-05-01 12:01:08,270 [Trainer] :: No validation IoU improvement for 38 epoch(s)
2026-05-01 12:01:08,270 [Trainer] :: Starting epoch 54
2026-05-01 12:03:01,362 [Trainer] :: Completed epoch 54: train_loss=0.077836 train_iou=0.916213 val_loss=0.316535 val_iou=0.612900 lr=0.00009229
2026-05-01 12:03:01,670 [Trainer] :: Updated latest checkpoint at epoch 54
2026-05-01 12:03:01,670 [Trainer] :: No validation IoU improvement for 39 epoch(s)
2026-05-01 12:03:01,671 [Trainer] :: Starting epoch 55
2026-05-01 12:04:59,346 [Trainer] :: Completed epoch 55: train_loss=0.077838 train_iou=0.917647 val_loss=0.309093 val_iou=0.612872 lr=0.00009201
2026-05-01 12:04:59,764 [Trainer] :: Updated latest checkpoint at epoch 55
2026-05-01 12:04:59,764 [Trainer] :: No validation IoU improvement for 40 epoch(s)
2026-05-01 12:04:59,764 [Trainer] :: Starting epoch 56
2026-05-01 12:06:55,963 [Trainer] :: Completed epoch 56: train_loss=0.077561 train_iou=0.917998 val_loss=0.288310 val_iou=0.624524 lr=0.00009173
2026-05-01 12:06:56,321 [Trainer] :: Updated latest checkpoint at epoch 56
2026-05-01 12:06:56,322 [Trainer] :: No validation IoU improvement for 41 epoch(s)
2026-05-01 12:06:56,322 [Trainer] :: Starting epoch 57
2026-05-01 12:08:52,343 [Trainer] :: Completed epoch 57: train_loss=0.080795 train_iou=0.914289 val_loss=0.291972 val_iou=0.617058 lr=0.00009144
2026-05-01 12:08:52,744 [Trainer] :: Updated latest checkpoint at epoch 57
2026-05-01 12:08:52,744 [Trainer] :: No validation IoU improvement for 42 epoch(s)
2026-05-01 12:08:52,744 [Trainer] :: Starting epoch 58
2026-05-01 12:10:44,763 [Trainer] :: Completed epoch 58: train_loss=0.080299 train_iou=0.912321 val_loss=0.301840 val_iou=0.620151 lr=0.00009115
2026-05-01 12:10:45,071 [Trainer] :: Updated latest checkpoint at epoch 58
2026-05-01 12:10:45,071 [Trainer] :: No validation IoU improvement for 43 epoch(s)
2026-05-01 12:10:45,071 [Trainer] :: Starting epoch 59
2026-05-01 12:12:35,964 [Trainer] :: Completed epoch 59: train_loss=0.073788 train_iou=0.921642 val_loss=0.305557 val_iou=0.622691 lr=0.00009085
2026-05-01 12:12:36,490 [Trainer] :: Updated latest checkpoint at epoch 59
2026-05-01 12:12:36,490 [Trainer] :: No validation IoU improvement for 44 epoch(s)
2026-05-01 12:12:36,490 [Trainer] :: Starting epoch 60
2026-05-01 12:14:31,056 [Trainer] :: Completed epoch 60: train_loss=0.074878 train_iou=0.920329 val_loss=0.293862 val_iou=0.627791 lr=0.00009055
2026-05-01 12:14:31,361 [Trainer] :: Updated latest checkpoint at epoch 60
2026-05-01 12:14:31,361 [Trainer] :: No validation IoU improvement for 45 epoch(s)
2026-05-01 12:14:31,361 [Trainer] :: Starting epoch 61
2026-05-01 12:16:21,907 [Trainer] :: Completed epoch 61: train_loss=0.072700 train_iou=0.922591 val_loss=0.348198 val_iou=0.579024 lr=0.00009024
2026-05-01 12:16:22,225 [Trainer] :: Updated latest checkpoint at epoch 61
2026-05-01 12:16:22,225 [Trainer] :: No validation IoU improvement for 46 epoch(s)
2026-05-01 12:16:22,225 [Trainer] :: Starting epoch 62
2026-05-01 12:18:14,319 [Trainer] :: Completed epoch 62: train_loss=0.071006 train_iou=0.923875 val_loss=0.334925 val_iou=0.596596 lr=0.00008993
2026-05-01 12:18:14,804 [Trainer] :: Updated latest checkpoint at epoch 62
2026-05-01 12:18:14,804 [Trainer] :: No validation IoU improvement for 47 epoch(s)
2026-05-01 12:18:14,804 [Trainer] :: Starting epoch 63
2026-05-01 12:20:05,020 [Trainer] :: Completed epoch 63: train_loss=0.074404 train_iou=0.920947 val_loss=0.306861 val_iou=0.609639 lr=0.00008961
2026-05-01 12:20:05,402 [Trainer] :: Updated latest checkpoint at epoch 63
2026-05-01 12:20:05,402 [Trainer] :: No validation IoU improvement for 48 epoch(s)
2026-05-01 12:20:05,402 [Trainer] :: Starting epoch 64
2026-05-01 12:21:57,111 [Trainer] :: Completed epoch 64: train_loss=0.071757 train_iou=0.923165 val_loss=0.317625 val_iou=0.610872 lr=0.00008929
2026-05-01 12:21:57,448 [Trainer] :: Updated latest checkpoint at epoch 64
2026-05-01 12:21:57,448 [Trainer] :: No validation IoU improvement for 49 epoch(s)
2026-05-01 12:21:57,448 [Trainer] :: Starting epoch 65
2026-05-01 12:23:52,592 [Trainer] :: Completed epoch 65: train_loss=0.071593 train_iou=0.923919 val_loss=0.323706 val_iou=0.598832 lr=0.00008897
2026-05-01 12:23:52,933 [Trainer] :: Updated latest checkpoint at epoch 65
2026-05-01 12:23:52,933 [Trainer] :: No validation IoU improvement for 50 epoch(s)
2026-05-01 12:23:52,933 [Trainer] :: Starting epoch 66
2026-05-01 12:25:45,170 [Trainer] :: Completed epoch 66: train_loss=0.068432 train_iou=0.926311 val_loss=0.322177 val_iou=0.600076 lr=0.00008864
2026-05-01 12:25:45,467 [Trainer] :: Updated latest checkpoint at epoch 66
2026-05-01 12:25:45,467 [Trainer] :: No validation IoU improvement for 51 epoch(s)
2026-05-01 12:25:45,467 [Trainer] :: Starting epoch 67
2026-05-01 12:27:36,531 [Trainer] :: Completed epoch 67: train_loss=0.068340 train_iou=0.926061 val_loss=0.324674 val_iou=0.593863 lr=0.00008831
2026-05-01 12:27:37,492 [Trainer] :: Updated latest checkpoint at epoch 67
2026-05-01 12:27:37,493 [Trainer] :: No validation IoU improvement for 52 epoch(s)
2026-05-01 12:27:37,493 [Trainer] :: Starting epoch 68
2026-05-01 12:29:36,697 [Trainer] :: Completed epoch 68: train_loss=0.066206 train_iou=0.929277 val_loss=0.316354 val_iou=0.606743 lr=0.00008797
2026-05-01 12:29:37,028 [Trainer] :: Updated latest checkpoint at epoch 68
2026-05-01 12:29:37,028 [Trainer] :: No validation IoU improvement for 53 epoch(s)
2026-05-01 12:29:37,028 [Trainer] :: Starting epoch 69
2026-05-01 12:31:39,051 [Trainer] :: Completed epoch 69: train_loss=0.066941 train_iou=0.927537 val_loss=0.309932 val_iou=0.610443 lr=0.00008763
2026-05-01 12:31:39,375 [Trainer] :: Updated latest checkpoint at epoch 69
2026-05-01 12:31:39,375 [Trainer] :: No validation IoU improvement for 54 epoch(s)
2026-05-01 12:31:39,375 [Trainer] :: Starting epoch 70
2026-05-01 12:33:45,527 [Trainer] :: Completed epoch 70: train_loss=0.068270 train_iou=0.928063 val_loss=0.304166 val_iou=0.631936 lr=0.00008729
2026-05-01 12:33:45,851 [Trainer] :: Updated latest checkpoint at epoch 70
2026-05-01 12:33:45,851 [Trainer] :: No validation IoU improvement for 55 epoch(s)
2026-05-01 12:33:45,851 [Trainer] :: Starting epoch 71
2026-05-01 12:35:48,956 [Trainer] :: Completed epoch 71: train_loss=0.066922 train_iou=0.928205 val_loss=0.310392 val_iou=0.619894 lr=0.00008694
2026-05-01 12:35:49,328 [Trainer] :: Updated latest checkpoint at epoch 71
2026-05-01 12:35:49,329 [Trainer] :: No validation IoU improvement for 56 epoch(s)
2026-05-01 12:35:49,329 [Trainer] :: Starting epoch 72
2026-05-01 12:37:48,267 [Trainer] :: Completed epoch 72: train_loss=0.064985 train_iou=0.929974 val_loss=0.301741 val_iou=0.619806 lr=0.00008658
2026-05-01 12:37:48,585 [Trainer] :: Updated latest checkpoint at epoch 72
2026-05-01 12:37:48,585 [Trainer] :: No validation IoU improvement for 57 epoch(s)
2026-05-01 12:37:48,585 [Trainer] :: Starting epoch 73
2026-05-01 12:39:45,645 [Trainer] :: Completed epoch 73: train_loss=0.062497 train_iou=0.932499 val_loss=0.326913 val_iou=0.613410 lr=0.00008623
2026-05-01 12:39:46,026 [Trainer] :: Updated latest checkpoint at epoch 73
2026-05-01 12:39:46,027 [Trainer] :: No validation IoU improvement for 58 epoch(s)
2026-05-01 12:39:46,027 [Trainer] :: Starting epoch 74
2026-05-01 12:41:46,547 [Trainer] :: Completed epoch 74: train_loss=0.063320 train_iou=0.931540 val_loss=0.348541 val_iou=0.591385 lr=0.00008587
2026-05-01 12:41:47,274 [Trainer] :: Updated latest checkpoint at epoch 74
2026-05-01 12:41:47,275 [Trainer] :: No validation IoU improvement for 59 epoch(s)
2026-05-01 12:41:47,275 [Trainer] :: Starting epoch 75
2026-05-01 12:43:51,140 [Trainer] :: Completed epoch 75: train_loss=0.062067 train_iou=0.932321 val_loss=0.333759 val_iou=0.602441 lr=0.00008550
2026-05-01 12:43:51,478 [Trainer] :: Updated latest checkpoint at epoch 75
2026-05-01 12:43:51,478 [Trainer] :: No validation IoU improvement for 60 epoch(s)
2026-05-01 12:43:51,478 [Trainer] :: Early stopping triggered after 60 epoch(s) without improvement
2026-05-01 12:46:28,077 [Trainer] :: Wrote training history to outputs/runs/rgb_deeplabv3plus_resnet34_seed45_20260501T082106Z/metrics/history.json
2026-05-01 12:46:28,085 [Trainer] :: Wrote test summary to outputs/runs/rgb_deeplabv3plus_resnet34_seed45_20260501T082106Z/metrics/test_summary.json
2026-05-01 12:46:28,085 [Trainer] :: Training completed
