2026-05-09 05:22:05,316 [Trainer] :: Training run initialized at /ceph/home/student.aau.dk/qd36zu/fuzzy-p10/tbd/masking/outputs/runs/rgb_real_msi_unetplusplus_resnet34_fuzzy_halo_seed44_20260509T032205Z
2026-05-09 05:22:05,316 [Trainer] :: Loaded config from /ceph/home/student.aau.dk/qd36zu/fuzzy-p10/tbd/masking/configs/fuzzy/rgb_real_msi_unetpp_resnet34.yaml
2026-05-09 05:22:05,317 [Trainer] :: Using seed=44 and device=None
2026-05-09 05:22:05,317 [Trainer] :: Using model architecture=UnetPlusPlus encoder=resnet34 encoder_weights=imagenet
2026-05-09 05:22:05,822 [Trainer] :: Resolved runtime device to cuda
2026-05-09 05:22:05,822 [Trainer] :: Prepared normalization from source=train_split_patch_stats
2026-05-09 05:22:28,880 [Trainer] :: Built dataloaders with batch_size=16, num_workers=0
2026-05-09 05:22:28,882 [Trainer] :: Starting epoch 1
2026-05-09 05:31:03,288 [Trainer] :: Completed epoch 1: train_loss=0.460187 train_iou=0.654571 val_loss=0.495255 val_iou=0.478049 lr=0.00010000
2026-05-09 05:31:03,637 [Trainer] :: Updated latest checkpoint at epoch 1
2026-05-09 05:31:03,986 [Trainer] :: New best checkpoint saved with val_iou=0.478049
2026-05-09 05:31:03,986 [Trainer] :: Starting epoch 2
2026-05-09 05:38:42,403 [Trainer] :: Completed epoch 2: train_loss=0.354961 train_iou=0.763532 val_loss=0.413676 val_iou=0.598891 lr=0.00009999
2026-05-09 05:38:42,982 [Trainer] :: Updated latest checkpoint at epoch 2
2026-05-09 05:38:43,366 [Trainer] :: New best checkpoint saved with val_iou=0.598891
2026-05-09 05:38:43,366 [Trainer] :: Starting epoch 3
2026-05-09 05:46:21,168 [Trainer] :: Completed epoch 3: train_loss=0.314967 train_iou=0.781664 val_loss=0.379013 val_iou=0.588127 lr=0.00009998
2026-05-09 05:46:21,498 [Trainer] :: Updated latest checkpoint at epoch 3
2026-05-09 05:46:21,498 [Trainer] :: No validation IoU improvement for 1 epoch(s)
2026-05-09 05:46:21,498 [Trainer] :: Starting epoch 4
2026-05-09 05:53:49,227 [Trainer] :: Completed epoch 4: train_loss=0.289902 train_iou=0.797643 val_loss=0.338970 val_iou=0.597613 lr=0.00009996
2026-05-09 05:53:50,143 [Trainer] :: Updated latest checkpoint at epoch 4
2026-05-09 05:53:50,143 [Trainer] :: No validation IoU improvement for 2 epoch(s)
2026-05-09 05:53:50,143 [Trainer] :: Starting epoch 5
2026-05-09 06:01:59,034 [Trainer] :: Completed epoch 5: train_loss=0.261824 train_iou=0.811323 val_loss=0.348463 val_iou=0.597071 lr=0.00009993
2026-05-09 06:01:59,361 [Trainer] :: Updated latest checkpoint at epoch 5
2026-05-09 06:01:59,361 [Trainer] :: No validation IoU improvement for 3 epoch(s)
2026-05-09 06:01:59,361 [Trainer] :: Starting epoch 6
2026-05-09 06:10:05,130 [Trainer] :: Completed epoch 6: train_loss=0.249946 train_iou=0.816916 val_loss=0.305203 val_iou=0.615846 lr=0.00009990
2026-05-09 06:10:06,072 [Trainer] :: Updated latest checkpoint at epoch 6
2026-05-09 06:10:06,680 [Trainer] :: New best checkpoint saved with val_iou=0.615846
2026-05-09 06:10:06,680 [Trainer] :: Starting epoch 7
2026-05-09 06:17:12,834 [Trainer] :: Completed epoch 7: train_loss=0.238589 train_iou=0.822927 val_loss=0.311053 val_iou=0.637689 lr=0.00009987
2026-05-09 06:17:13,595 [Trainer] :: Updated latest checkpoint at epoch 7
2026-05-09 06:17:14,398 [Trainer] :: New best checkpoint saved with val_iou=0.637689
2026-05-09 06:17:14,398 [Trainer] :: Starting epoch 8
2026-05-09 06:24:47,647 [Trainer] :: Completed epoch 8: train_loss=0.222350 train_iou=0.830865 val_loss=0.317721 val_iou=0.632023 lr=0.00009983
2026-05-09 06:24:48,036 [Trainer] :: Updated latest checkpoint at epoch 8
2026-05-09 06:24:48,036 [Trainer] :: No validation IoU improvement for 1 epoch(s)
2026-05-09 06:24:48,036 [Trainer] :: Starting epoch 9
2026-05-09 06:32:17,427 [Trainer] :: Completed epoch 9: train_loss=0.228089 train_iou=0.826475 val_loss=0.314079 val_iou=0.567297 lr=0.00009978
2026-05-09 06:32:17,793 [Trainer] :: Updated latest checkpoint at epoch 9
2026-05-09 06:32:17,793 [Trainer] :: No validation IoU improvement for 2 epoch(s)
2026-05-09 06:32:17,793 [Trainer] :: Starting epoch 10
2026-05-09 06:39:48,842 [Trainer] :: Completed epoch 10: train_loss=0.213911 train_iou=0.836166 val_loss=0.314179 val_iou=0.580561 lr=0.00009973
2026-05-09 06:39:49,291 [Trainer] :: Updated latest checkpoint at epoch 10
2026-05-09 06:39:49,291 [Trainer] :: No validation IoU improvement for 3 epoch(s)
2026-05-09 06:39:49,291 [Trainer] :: Starting epoch 11
2026-05-09 06:46:51,092 [Trainer] :: Completed epoch 11: train_loss=0.210384 train_iou=0.837274 val_loss=0.326983 val_iou=0.530353 lr=0.00009967
2026-05-09 06:46:51,455 [Trainer] :: Updated latest checkpoint at epoch 11
2026-05-09 06:46:51,455 [Trainer] :: No validation IoU improvement for 4 epoch(s)
2026-05-09 06:46:51,455 [Trainer] :: Starting epoch 12
2026-05-09 06:53:48,840 [Trainer] :: Completed epoch 12: train_loss=0.199231 train_iou=0.847108 val_loss=0.323945 val_iou=0.547394 lr=0.00009961
2026-05-09 06:53:49,164 [Trainer] :: Updated latest checkpoint at epoch 12
2026-05-09 06:53:49,164 [Trainer] :: No validation IoU improvement for 5 epoch(s)
2026-05-09 06:53:49,164 [Trainer] :: Starting epoch 13
2026-05-09 07:00:58,751 [Trainer] :: Completed epoch 13: train_loss=0.192591 train_iou=0.850870 val_loss=0.289786 val_iou=0.609806 lr=0.00009954
2026-05-09 07:00:59,182 [Trainer] :: Updated latest checkpoint at epoch 13
2026-05-09 07:00:59,183 [Trainer] :: No validation IoU improvement for 6 epoch(s)
2026-05-09 07:00:59,183 [Trainer] :: Starting epoch 14
2026-05-09 07:08:24,108 [Trainer] :: Completed epoch 14: train_loss=0.193554 train_iou=0.852254 val_loss=0.357485 val_iou=0.521954 lr=0.00009947
2026-05-09 07:08:24,437 [Trainer] :: Updated latest checkpoint at epoch 14
2026-05-09 07:08:24,437 [Trainer] :: No validation IoU improvement for 7 epoch(s)
2026-05-09 07:08:24,437 [Trainer] :: Starting epoch 15
2026-05-09 07:15:36,027 [Trainer] :: Completed epoch 15: train_loss=0.184392 train_iou=0.857326 val_loss=0.297041 val_iou=0.616216 lr=0.00009939
2026-05-09 07:15:36,363 [Trainer] :: Updated latest checkpoint at epoch 15
2026-05-09 07:15:36,364 [Trainer] :: No validation IoU improvement for 8 epoch(s)
2026-05-09 07:15:36,364 [Trainer] :: Starting epoch 16
2026-05-09 07:22:49,581 [Trainer] :: Completed epoch 16: train_loss=0.175955 train_iou=0.863896 val_loss=0.340450 val_iou=0.513797 lr=0.00009931
2026-05-09 07:22:50,424 [Trainer] :: Updated latest checkpoint at epoch 16
2026-05-09 07:22:50,424 [Trainer] :: No validation IoU improvement for 9 epoch(s)
2026-05-09 07:22:50,424 [Trainer] :: Starting epoch 17
2026-05-09 07:30:00,303 [Trainer] :: Completed epoch 17: train_loss=0.170762 train_iou=0.869183 val_loss=0.307542 val_iou=0.578627 lr=0.00009922
2026-05-09 07:30:00,929 [Trainer] :: Updated latest checkpoint at epoch 17
2026-05-09 07:30:00,929 [Trainer] :: No validation IoU improvement for 10 epoch(s)
2026-05-09 07:30:00,929 [Trainer] :: Starting epoch 18
2026-05-09 07:37:03,686 [Trainer] :: Completed epoch 18: train_loss=0.174258 train_iou=0.863828 val_loss=0.304494 val_iou=0.613735 lr=0.00009912
2026-05-09 07:37:04,328 [Trainer] :: Updated latest checkpoint at epoch 18
2026-05-09 07:37:04,328 [Trainer] :: No validation IoU improvement for 11 epoch(s)
2026-05-09 07:37:04,328 [Trainer] :: Starting epoch 19
2026-05-09 07:44:24,587 [Trainer] :: Completed epoch 19: train_loss=0.162113 train_iou=0.874246 val_loss=0.294983 val_iou=0.626360 lr=0.00009902
2026-05-09 07:44:25,254 [Trainer] :: Updated latest checkpoint at epoch 19
2026-05-09 07:44:25,254 [Trainer] :: No validation IoU improvement for 12 epoch(s)
2026-05-09 07:44:25,254 [Trainer] :: Starting epoch 20
2026-05-09 07:51:53,329 [Trainer] :: Completed epoch 20: train_loss=0.163749 train_iou=0.874153 val_loss=0.292535 val_iou=0.633363 lr=0.00009892
2026-05-09 07:51:53,691 [Trainer] :: Updated latest checkpoint at epoch 20
2026-05-09 07:51:53,691 [Trainer] :: No validation IoU improvement for 13 epoch(s)
2026-05-09 07:51:53,691 [Trainer] :: Starting epoch 21
2026-05-09 07:58:58,716 [Trainer] :: Completed epoch 21: train_loss=0.156176 train_iou=0.881950 val_loss=0.306141 val_iou=0.618898 lr=0.00009881
2026-05-09 07:58:59,125 [Trainer] :: Updated latest checkpoint at epoch 21
2026-05-09 07:58:59,125 [Trainer] :: No validation IoU improvement for 14 epoch(s)
2026-05-09 07:58:59,125 [Trainer] :: Starting epoch 22
2026-05-09 08:06:32,292 [Trainer] :: Completed epoch 22: train_loss=0.158487 train_iou=0.876111 val_loss=0.288783 val_iou=0.642837 lr=0.00009869
2026-05-09 08:06:32,654 [Trainer] :: Updated latest checkpoint at epoch 22
2026-05-09 08:06:33,055 [Trainer] :: New best checkpoint saved with val_iou=0.642837
2026-05-09 08:06:33,055 [Trainer] :: Starting epoch 23
2026-05-09 08:14:28,775 [Trainer] :: Completed epoch 23: train_loss=0.159194 train_iou=0.876998 val_loss=0.300762 val_iou=0.621046 lr=0.00009857
2026-05-09 08:14:29,544 [Trainer] :: Updated latest checkpoint at epoch 23
2026-05-09 08:14:29,544 [Trainer] :: No validation IoU improvement for 1 epoch(s)
2026-05-09 08:14:29,544 [Trainer] :: Starting epoch 24
2026-05-09 08:22:59,597 [Trainer] :: Completed epoch 24: train_loss=0.145891 train_iou=0.889512 val_loss=0.306295 val_iou=0.619359 lr=0.00009844
2026-05-09 08:23:00,202 [Trainer] :: Updated latest checkpoint at epoch 24
2026-05-09 08:23:00,202 [Trainer] :: No validation IoU improvement for 2 epoch(s)
2026-05-09 08:23:00,202 [Trainer] :: Starting epoch 25
2026-05-09 08:31:08,197 [Trainer] :: Completed epoch 25: train_loss=0.151259 train_iou=0.884533 val_loss=0.295844 val_iou=0.610191 lr=0.00009831
2026-05-09 08:31:08,841 [Trainer] :: Updated latest checkpoint at epoch 25
2026-05-09 08:31:08,841 [Trainer] :: No validation IoU improvement for 3 epoch(s)
2026-05-09 08:31:08,841 [Trainer] :: Starting epoch 26
2026-05-09 08:39:29,997 [Trainer] :: Completed epoch 26: train_loss=0.144297 train_iou=0.891285 val_loss=0.300288 val_iou=0.614493 lr=0.00009818
2026-05-09 08:39:30,336 [Trainer] :: Updated latest checkpoint at epoch 26
2026-05-09 08:39:30,336 [Trainer] :: No validation IoU improvement for 4 epoch(s)
2026-05-09 08:39:30,336 [Trainer] :: Starting epoch 27
2026-05-09 08:48:03,963 [Trainer] :: Completed epoch 27: train_loss=0.138523 train_iou=0.896679 val_loss=0.330058 val_iou=0.587378 lr=0.00009803
2026-05-09 08:48:04,307 [Trainer] :: Updated latest checkpoint at epoch 27
2026-05-09 08:48:04,307 [Trainer] :: No validation IoU improvement for 5 epoch(s)
2026-05-09 08:48:04,307 [Trainer] :: Starting epoch 28
2026-05-09 08:56:13,986 [Trainer] :: Completed epoch 28: train_loss=0.139111 train_iou=0.895944 val_loss=0.322132 val_iou=0.609704 lr=0.00009789
2026-05-09 08:56:14,373 [Trainer] :: Updated latest checkpoint at epoch 28
2026-05-09 08:56:14,373 [Trainer] :: No validation IoU improvement for 6 epoch(s)
2026-05-09 08:56:14,373 [Trainer] :: Starting epoch 29
2026-05-09 09:04:48,524 [Trainer] :: Completed epoch 29: train_loss=0.135592 train_iou=0.897916 val_loss=0.312778 val_iou=0.592198 lr=0.00009773
2026-05-09 09:04:48,996 [Trainer] :: Updated latest checkpoint at epoch 29
2026-05-09 09:04:48,997 [Trainer] :: No validation IoU improvement for 7 epoch(s)
2026-05-09 09:04:48,997 [Trainer] :: Starting epoch 30
2026-05-09 09:13:18,741 [Trainer] :: Completed epoch 30: train_loss=0.132681 train_iou=0.900961 val_loss=0.310112 val_iou=0.607956 lr=0.00009758
2026-05-09 09:13:19,103 [Trainer] :: Updated latest checkpoint at epoch 30
2026-05-09 09:13:19,103 [Trainer] :: No validation IoU improvement for 8 epoch(s)
2026-05-09 09:13:19,103 [Trainer] :: Starting epoch 31
2026-05-09 09:22:18,457 [Trainer] :: Completed epoch 31: train_loss=0.133180 train_iou=0.899697 val_loss=0.328744 val_iou=0.595886 lr=0.00009741
2026-05-09 09:22:19,653 [Trainer] :: Updated latest checkpoint at epoch 31
2026-05-09 09:22:19,653 [Trainer] :: No validation IoU improvement for 9 epoch(s)
2026-05-09 09:22:19,653 [Trainer] :: Starting epoch 32
2026-05-09 09:31:00,410 [Trainer] :: Completed epoch 32: train_loss=0.129355 train_iou=0.901344 val_loss=0.296596 val_iou=0.643683 lr=0.00009725
2026-05-09 09:31:00,910 [Trainer] :: Updated latest checkpoint at epoch 32
2026-05-09 09:31:01,487 [Trainer] :: New best checkpoint saved with val_iou=0.643683
2026-05-09 09:31:01,488 [Trainer] :: Starting epoch 33
2026-05-09 09:39:23,968 [Trainer] :: Completed epoch 33: train_loss=0.127538 train_iou=0.903429 val_loss=0.302831 val_iou=0.631990 lr=0.00009707
2026-05-09 09:39:24,583 [Trainer] :: Updated latest checkpoint at epoch 33
2026-05-09 09:39:24,583 [Trainer] :: No validation IoU improvement for 1 epoch(s)
2026-05-09 09:39:24,583 [Trainer] :: Starting epoch 34
2026-05-09 09:48:28,795 [Trainer] :: Completed epoch 34: train_loss=0.125906 train_iou=0.903893 val_loss=0.307176 val_iou=0.601955 lr=0.00009690
2026-05-09 09:48:29,263 [Trainer] :: Updated latest checkpoint at epoch 34
2026-05-09 09:48:29,263 [Trainer] :: No validation IoU improvement for 2 epoch(s)
2026-05-09 09:48:29,263 [Trainer] :: Starting epoch 35
2026-05-09 09:56:34,861 [Trainer] :: Completed epoch 35: train_loss=0.124719 train_iou=0.901884 val_loss=0.316232 val_iou=0.621483 lr=0.00009671
2026-05-09 09:56:35,253 [Trainer] :: Updated latest checkpoint at epoch 35
2026-05-09 09:56:35,253 [Trainer] :: No validation IoU improvement for 3 epoch(s)
2026-05-09 09:56:35,253 [Trainer] :: Starting epoch 36
2026-05-09 10:06:39,573 [Trainer] :: Completed epoch 36: train_loss=0.122857 train_iou=0.904910 val_loss=0.298833 val_iou=0.607217 lr=0.00009652
2026-05-09 10:06:39,952 [Trainer] :: Updated latest checkpoint at epoch 36
2026-05-09 10:06:39,952 [Trainer] :: No validation IoU improvement for 4 epoch(s)
2026-05-09 10:06:39,952 [Trainer] :: Starting epoch 37
2026-05-09 10:16:36,433 [Trainer] :: Completed epoch 37: train_loss=0.113583 train_iou=0.909168 val_loss=0.304974 val_iou=0.621401 lr=0.00009633
2026-05-09 10:16:36,835 [Trainer] :: Updated latest checkpoint at epoch 37
2026-05-09 10:16:36,835 [Trainer] :: No validation IoU improvement for 5 epoch(s)
2026-05-09 10:16:36,836 [Trainer] :: Starting epoch 38
2026-05-09 10:25:25,007 [Trainer] :: Completed epoch 38: train_loss=0.117305 train_iou=0.905084 val_loss=0.303407 val_iou=0.620493 lr=0.00009613
2026-05-09 10:25:25,543 [Trainer] :: Updated latest checkpoint at epoch 38
2026-05-09 10:25:25,543 [Trainer] :: No validation IoU improvement for 6 epoch(s)
2026-05-09 10:25:25,543 [Trainer] :: Starting epoch 39
2026-05-09 10:34:00,771 [Trainer] :: Completed epoch 39: train_loss=0.113045 train_iou=0.908262 val_loss=0.333974 val_iou=0.574799 lr=0.00009593
2026-05-09 10:34:01,472 [Trainer] :: Updated latest checkpoint at epoch 39
2026-05-09 10:34:01,472 [Trainer] :: No validation IoU improvement for 7 epoch(s)
2026-05-09 10:34:01,472 [Trainer] :: Starting epoch 40
2026-05-09 10:42:56,062 [Trainer] :: Completed epoch 40: train_loss=0.112005 train_iou=0.905749 val_loss=0.330153 val_iou=0.600132 lr=0.00009572
2026-05-09 10:42:56,509 [Trainer] :: Updated latest checkpoint at epoch 40
2026-05-09 10:42:56,509 [Trainer] :: No validation IoU improvement for 8 epoch(s)
2026-05-09 10:42:56,509 [Trainer] :: Starting epoch 41
2026-05-09 10:51:01,373 [Trainer] :: Completed epoch 41: train_loss=0.108405 train_iou=0.907091 val_loss=0.320346 val_iou=0.598784 lr=0.00009551
2026-05-09 10:51:02,330 [Trainer] :: Updated latest checkpoint at epoch 41
2026-05-09 10:51:02,330 [Trainer] :: No validation IoU improvement for 9 epoch(s)
2026-05-09 10:51:02,330 [Trainer] :: Starting epoch 42
2026-05-09 10:59:39,954 [Trainer] :: Completed epoch 42: train_loss=0.106970 train_iou=0.909721 val_loss=0.328030 val_iou=0.606283 lr=0.00009529
2026-05-09 10:59:40,386 [Trainer] :: Updated latest checkpoint at epoch 42
2026-05-09 10:59:40,386 [Trainer] :: No validation IoU improvement for 10 epoch(s)
2026-05-09 10:59:40,386 [Trainer] :: Starting epoch 43
2026-05-09 11:08:36,541 [Trainer] :: Completed epoch 43: train_loss=0.102926 train_iou=0.910991 val_loss=0.408533 val_iou=0.511991 lr=0.00009507
2026-05-09 11:08:37,128 [Trainer] :: Updated latest checkpoint at epoch 43
2026-05-09 11:08:37,128 [Trainer] :: No validation IoU improvement for 11 epoch(s)
2026-05-09 11:08:37,128 [Trainer] :: Starting epoch 44
2026-05-09 11:17:02,064 [Trainer] :: Completed epoch 44: train_loss=0.099340 train_iou=0.912094 val_loss=0.349258 val_iou=0.591168 lr=0.00009484
2026-05-09 11:17:02,429 [Trainer] :: Updated latest checkpoint at epoch 44
2026-05-09 11:17:02,429 [Trainer] :: No validation IoU improvement for 12 epoch(s)
2026-05-09 11:17:02,429 [Trainer] :: Starting epoch 45
2026-05-09 11:25:45,792 [Trainer] :: Completed epoch 45: train_loss=0.099896 train_iou=0.912636 val_loss=0.333285 val_iou=0.614875 lr=0.00009460
2026-05-09 11:25:46,286 [Trainer] :: Updated latest checkpoint at epoch 45
2026-05-09 11:25:46,286 [Trainer] :: No validation IoU improvement for 13 epoch(s)
2026-05-09 11:25:46,286 [Trainer] :: Starting epoch 46
2026-05-09 11:34:18,198 [Trainer] :: Completed epoch 46: train_loss=0.102078 train_iou=0.911629 val_loss=0.346658 val_iou=0.596182 lr=0.00009437
2026-05-09 11:34:18,549 [Trainer] :: Updated latest checkpoint at epoch 46
2026-05-09 11:34:18,549 [Trainer] :: No validation IoU improvement for 14 epoch(s)
2026-05-09 11:34:18,549 [Trainer] :: Starting epoch 47
2026-05-09 11:42:18,324 [Trainer] :: Completed epoch 47: train_loss=0.099223 train_iou=0.914271 val_loss=0.373498 val_iou=0.593045 lr=0.00009412
2026-05-09 11:42:18,806 [Trainer] :: Updated latest checkpoint at epoch 47
2026-05-09 11:42:18,807 [Trainer] :: No validation IoU improvement for 15 epoch(s)
2026-05-09 11:42:18,807 [Trainer] :: Starting epoch 48
2026-05-09 11:50:49,090 [Trainer] :: Completed epoch 48: train_loss=0.094355 train_iou=0.915261 val_loss=0.330686 val_iou=0.618741 lr=0.00009388
2026-05-09 11:50:49,480 [Trainer] :: Updated latest checkpoint at epoch 48
2026-05-09 11:50:49,480 [Trainer] :: No validation IoU improvement for 16 epoch(s)
2026-05-09 11:50:49,480 [Trainer] :: Starting epoch 49
2026-05-09 11:57:59,213 [Trainer] :: Completed epoch 49: train_loss=0.095644 train_iou=0.914848 val_loss=0.354159 val_iou=0.574377 lr=0.00009363
2026-05-09 11:57:59,663 [Trainer] :: Updated latest checkpoint at epoch 49
2026-05-09 11:57:59,663 [Trainer] :: No validation IoU improvement for 17 epoch(s)
2026-05-09 11:57:59,663 [Trainer] :: Starting epoch 50
2026-05-09 12:04:57,376 [Trainer] :: Completed epoch 50: train_loss=0.093551 train_iou=0.915493 val_loss=0.327723 val_iou=0.627124 lr=0.00009337
2026-05-09 12:04:57,729 [Trainer] :: Updated latest checkpoint at epoch 50
2026-05-09 12:04:57,729 [Trainer] :: No validation IoU improvement for 18 epoch(s)
2026-05-09 12:04:57,729 [Trainer] :: Starting epoch 51
2026-05-09 12:11:41,805 [Trainer] :: Completed epoch 51: train_loss=0.090488 train_iou=0.918356 val_loss=0.329319 val_iou=0.620087 lr=0.00009311
2026-05-09 12:11:42,454 [Trainer] :: Updated latest checkpoint at epoch 51
2026-05-09 12:11:42,454 [Trainer] :: No validation IoU improvement for 19 epoch(s)
2026-05-09 12:11:42,455 [Trainer] :: Starting epoch 52
2026-05-09 12:19:31,967 [Trainer] :: Completed epoch 52: train_loss=0.087761 train_iou=0.920509 val_loss=0.377505 val_iou=0.563627 lr=0.00009284
2026-05-09 12:19:32,323 [Trainer] :: Updated latest checkpoint at epoch 52
2026-05-09 12:19:32,323 [Trainer] :: No validation IoU improvement for 20 epoch(s)
2026-05-09 12:19:32,323 [Trainer] :: Starting epoch 53
2026-05-09 12:27:40,919 [Trainer] :: Completed epoch 53: train_loss=0.088514 train_iou=0.920566 val_loss=0.325797 val_iou=0.629967 lr=0.00009257
2026-05-09 12:27:41,422 [Trainer] :: Updated latest checkpoint at epoch 53
2026-05-09 12:27:41,422 [Trainer] :: No validation IoU improvement for 21 epoch(s)
2026-05-09 12:27:41,422 [Trainer] :: Starting epoch 54
2026-05-09 12:35:24,046 [Trainer] :: Completed epoch 54: train_loss=0.084883 train_iou=0.921223 val_loss=0.375776 val_iou=0.584723 lr=0.00009229
2026-05-09 12:35:24,423 [Trainer] :: Updated latest checkpoint at epoch 54
2026-05-09 12:35:24,423 [Trainer] :: No validation IoU improvement for 22 epoch(s)
2026-05-09 12:35:24,423 [Trainer] :: Starting epoch 55
2026-05-09 12:42:50,388 [Trainer] :: Completed epoch 55: train_loss=0.089389 train_iou=0.918901 val_loss=0.348803 val_iou=0.631305 lr=0.00009201
2026-05-09 12:42:51,080 [Trainer] :: Updated latest checkpoint at epoch 55
2026-05-09 12:42:51,080 [Trainer] :: No validation IoU improvement for 23 epoch(s)
2026-05-09 12:42:51,080 [Trainer] :: Starting epoch 56
2026-05-09 12:51:01,927 [Trainer] :: Completed epoch 56: train_loss=0.086476 train_iou=0.921492 val_loss=0.348037 val_iou=0.629426 lr=0.00009173
2026-05-09 12:51:02,301 [Trainer] :: Updated latest checkpoint at epoch 56
2026-05-09 12:51:02,301 [Trainer] :: No validation IoU improvement for 24 epoch(s)
2026-05-09 12:51:02,302 [Trainer] :: Starting epoch 57
2026-05-09 12:59:00,736 [Trainer] :: Completed epoch 57: train_loss=0.088854 train_iou=0.917802 val_loss=0.327694 val_iou=0.618062 lr=0.00009144
2026-05-09 12:59:01,274 [Trainer] :: Updated latest checkpoint at epoch 57
2026-05-09 12:59:01,274 [Trainer] :: No validation IoU improvement for 25 epoch(s)
2026-05-09 12:59:01,274 [Trainer] :: Starting epoch 58
2026-05-09 13:06:36,779 [Trainer] :: Completed epoch 58: train_loss=0.083452 train_iou=0.923818 val_loss=0.380778 val_iou=0.579908 lr=0.00009115
2026-05-09 13:06:37,149 [Trainer] :: Updated latest checkpoint at epoch 58
2026-05-09 13:06:37,150 [Trainer] :: No validation IoU improvement for 26 epoch(s)
2026-05-09 13:06:37,150 [Trainer] :: Starting epoch 59
2026-05-09 13:15:41,607 [Trainer] :: Completed epoch 59: train_loss=0.084226 train_iou=0.923478 val_loss=0.338687 val_iou=0.606643 lr=0.00009085
2026-05-09 13:15:41,976 [Trainer] :: Updated latest checkpoint at epoch 59
2026-05-09 13:15:41,976 [Trainer] :: No validation IoU improvement for 27 epoch(s)
2026-05-09 13:15:41,976 [Trainer] :: Starting epoch 60
2026-05-09 13:24:33,431 [Trainer] :: Completed epoch 60: train_loss=0.083344 train_iou=0.921128 val_loss=0.338091 val_iou=0.623203 lr=0.00009055
2026-05-09 13:24:34,079 [Trainer] :: Updated latest checkpoint at epoch 60
2026-05-09 13:24:34,079 [Trainer] :: No validation IoU improvement for 28 epoch(s)
2026-05-09 13:24:34,079 [Trainer] :: Starting epoch 61
2026-05-09 13:32:22,595 [Trainer] :: Completed epoch 61: train_loss=0.080233 train_iou=0.925291 val_loss=0.336490 val_iou=0.605339 lr=0.00009024
2026-05-09 13:32:22,955 [Trainer] :: Updated latest checkpoint at epoch 61
2026-05-09 13:32:22,956 [Trainer] :: No validation IoU improvement for 29 epoch(s)
2026-05-09 13:32:22,956 [Trainer] :: Starting epoch 62
2026-05-09 13:40:35,716 [Trainer] :: Completed epoch 62: train_loss=0.080065 train_iou=0.926598 val_loss=0.344467 val_iou=0.634323 lr=0.00008993
2026-05-09 13:40:36,231 [Trainer] :: Updated latest checkpoint at epoch 62
2026-05-09 13:40:36,231 [Trainer] :: No validation IoU improvement for 30 epoch(s)
2026-05-09 13:40:36,231 [Trainer] :: Starting epoch 63
2026-05-09 13:48:49,784 [Trainer] :: Completed epoch 63: train_loss=0.081138 train_iou=0.925241 val_loss=0.341186 val_iou=0.619926 lr=0.00008961
2026-05-09 13:48:50,151 [Trainer] :: Updated latest checkpoint at epoch 63
2026-05-09 13:48:50,151 [Trainer] :: No validation IoU improvement for 31 epoch(s)
2026-05-09 13:48:50,151 [Trainer] :: Starting epoch 64
2026-05-09 13:56:55,091 [Trainer] :: Completed epoch 64: train_loss=0.079205 train_iou=0.926215 val_loss=0.356991 val_iou=0.632476 lr=0.00008929
2026-05-09 13:56:55,463 [Trainer] :: Updated latest checkpoint at epoch 64
2026-05-09 13:56:55,463 [Trainer] :: No validation IoU improvement for 32 epoch(s)
2026-05-09 13:56:55,463 [Trainer] :: Starting epoch 65
2026-05-09 14:04:35,122 [Trainer] :: Completed epoch 65: train_loss=0.080481 train_iou=0.925302 val_loss=0.371207 val_iou=0.607384 lr=0.00008897
2026-05-09 14:04:35,509 [Trainer] :: Updated latest checkpoint at epoch 65
2026-05-09 14:04:35,509 [Trainer] :: No validation IoU improvement for 33 epoch(s)
2026-05-09 14:04:35,509 [Trainer] :: Starting epoch 66
2026-05-09 14:12:20,357 [Trainer] :: Completed epoch 66: train_loss=0.080867 train_iou=0.926170 val_loss=0.398312 val_iou=0.577064 lr=0.00008864
2026-05-09 14:12:20,944 [Trainer] :: Updated latest checkpoint at epoch 66
2026-05-09 14:12:20,944 [Trainer] :: No validation IoU improvement for 34 epoch(s)
2026-05-09 14:12:20,944 [Trainer] :: Starting epoch 67
2026-05-09 14:20:07,547 [Trainer] :: Completed epoch 67: train_loss=0.079755 train_iou=0.926072 val_loss=0.361587 val_iou=0.626228 lr=0.00008831
2026-05-09 14:20:07,982 [Trainer] :: Updated latest checkpoint at epoch 67
2026-05-09 14:20:07,982 [Trainer] :: No validation IoU improvement for 35 epoch(s)
2026-05-09 14:20:07,982 [Trainer] :: Starting epoch 68
2026-05-09 14:27:23,785 [Trainer] :: Completed epoch 68: train_loss=0.077042 train_iou=0.927764 val_loss=0.374157 val_iou=0.609997 lr=0.00008797
2026-05-09 14:27:24,353 [Trainer] :: Updated latest checkpoint at epoch 68
2026-05-09 14:27:24,353 [Trainer] :: No validation IoU improvement for 36 epoch(s)
2026-05-09 14:27:24,353 [Trainer] :: Starting epoch 69
2026-05-09 14:35:27,724 [Trainer] :: Completed epoch 69: train_loss=0.076535 train_iou=0.928586 val_loss=0.358173 val_iou=0.613015 lr=0.00008763
2026-05-09 14:35:28,643 [Trainer] :: Updated latest checkpoint at epoch 69
2026-05-09 14:35:28,643 [Trainer] :: No validation IoU improvement for 37 epoch(s)
2026-05-09 14:35:28,643 [Trainer] :: Starting epoch 70
2026-05-09 14:43:10,254 [Trainer] :: Completed epoch 70: train_loss=0.075325 train_iou=0.930268 val_loss=0.368652 val_iou=0.596360 lr=0.00008729
2026-05-09 14:43:10,773 [Trainer] :: Updated latest checkpoint at epoch 70
2026-05-09 14:43:10,773 [Trainer] :: No validation IoU improvement for 38 epoch(s)
2026-05-09 14:43:10,773 [Trainer] :: Starting epoch 71
2026-05-09 14:50:44,939 [Trainer] :: Completed epoch 71: train_loss=0.075767 train_iou=0.928800 val_loss=0.385499 val_iou=0.600173 lr=0.00008694
2026-05-09 14:50:45,344 [Trainer] :: Updated latest checkpoint at epoch 71
2026-05-09 14:50:45,344 [Trainer] :: No validation IoU improvement for 39 epoch(s)
2026-05-09 14:50:45,344 [Trainer] :: Starting epoch 72
2026-05-09 14:57:47,426 [Trainer] :: Completed epoch 72: train_loss=0.074432 train_iou=0.931096 val_loss=0.398013 val_iou=0.584239 lr=0.00008658
2026-05-09 14:57:47,786 [Trainer] :: Updated latest checkpoint at epoch 72
2026-05-09 14:57:47,787 [Trainer] :: No validation IoU improvement for 40 epoch(s)
2026-05-09 14:57:47,787 [Trainer] :: Starting epoch 73
2026-05-09 15:04:56,158 [Trainer] :: Completed epoch 73: train_loss=0.074779 train_iou=0.930220 val_loss=0.359086 val_iou=0.622810 lr=0.00008623
2026-05-09 15:04:57,080 [Trainer] :: Updated latest checkpoint at epoch 73
2026-05-09 15:04:57,080 [Trainer] :: No validation IoU improvement for 41 epoch(s)
2026-05-09 15:04:57,080 [Trainer] :: Starting epoch 74
2026-05-09 15:12:30,706 [Trainer] :: Completed epoch 74: train_loss=0.073412 train_iou=0.930957 val_loss=0.362403 val_iou=0.605407 lr=0.00008587
2026-05-09 15:12:31,471 [Trainer] :: Updated latest checkpoint at epoch 74
2026-05-09 15:12:31,472 [Trainer] :: No validation IoU improvement for 42 epoch(s)
2026-05-09 15:12:31,472 [Trainer] :: Starting epoch 75
2026-05-09 15:21:17,821 [Trainer] :: Completed epoch 75: train_loss=0.073760 train_iou=0.932273 val_loss=0.383345 val_iou=0.589727 lr=0.00008550
2026-05-09 15:21:18,360 [Trainer] :: Updated latest checkpoint at epoch 75
2026-05-09 15:21:18,360 [Trainer] :: No validation IoU improvement for 43 epoch(s)
2026-05-09 15:21:18,360 [Trainer] :: Starting epoch 76
2026-05-09 15:28:46,999 [Trainer] :: Completed epoch 76: train_loss=0.071700 train_iou=0.932702 val_loss=0.419058 val_iou=0.571966 lr=0.00008513
2026-05-09 15:28:47,499 [Trainer] :: Updated latest checkpoint at epoch 76
2026-05-09 15:28:47,500 [Trainer] :: No validation IoU improvement for 44 epoch(s)
2026-05-09 15:28:47,500 [Trainer] :: Starting epoch 77
2026-05-09 15:36:10,725 [Trainer] :: Completed epoch 77: train_loss=0.072644 train_iou=0.933084 val_loss=0.442880 val_iou=0.574222 lr=0.00008476
2026-05-09 15:36:11,168 [Trainer] :: Updated latest checkpoint at epoch 77
2026-05-09 15:36:11,168 [Trainer] :: No validation IoU improvement for 45 epoch(s)
2026-05-09 15:36:11,168 [Trainer] :: Starting epoch 78
2026-05-09 15:43:36,674 [Trainer] :: Completed epoch 78: train_loss=0.070459 train_iou=0.934145 val_loss=0.367091 val_iou=0.600506 lr=0.00008439
2026-05-09 15:43:37,041 [Trainer] :: Updated latest checkpoint at epoch 78
2026-05-09 15:43:37,041 [Trainer] :: No validation IoU improvement for 46 epoch(s)
2026-05-09 15:43:37,041 [Trainer] :: Starting epoch 79
2026-05-09 15:51:17,508 [Trainer] :: Completed epoch 79: train_loss=0.070550 train_iou=0.934827 val_loss=0.410445 val_iou=0.594394 lr=0.00008401
2026-05-09 15:51:17,890 [Trainer] :: Updated latest checkpoint at epoch 79
2026-05-09 15:51:17,890 [Trainer] :: No validation IoU improvement for 47 epoch(s)
2026-05-09 15:51:17,890 [Trainer] :: Starting epoch 80
2026-05-09 15:59:25,206 [Trainer] :: Completed epoch 80: train_loss=0.070419 train_iou=0.933183 val_loss=0.355293 val_iou=0.617643 lr=0.00008362
2026-05-09 15:59:25,817 [Trainer] :: Updated latest checkpoint at epoch 80
2026-05-09 15:59:25,817 [Trainer] :: No validation IoU improvement for 48 epoch(s)
2026-05-09 15:59:25,817 [Trainer] :: Starting epoch 81
2026-05-09 16:07:19,341 [Trainer] :: Completed epoch 81: train_loss=0.070745 train_iou=0.934429 val_loss=0.353710 val_iou=0.617793 lr=0.00008323
2026-05-09 16:07:19,721 [Trainer] :: Updated latest checkpoint at epoch 81
2026-05-09 16:07:19,721 [Trainer] :: No validation IoU improvement for 49 epoch(s)
2026-05-09 16:07:19,721 [Trainer] :: Starting epoch 82
2026-05-09 16:14:48,258 [Trainer] :: Completed epoch 82: train_loss=0.071958 train_iou=0.933183 val_loss=0.424686 val_iou=0.561393 lr=0.00008284
2026-05-09 16:14:48,623 [Trainer] :: Updated latest checkpoint at epoch 82
2026-05-09 16:14:48,624 [Trainer] :: No validation IoU improvement for 50 epoch(s)
2026-05-09 16:14:48,624 [Trainer] :: Starting epoch 83
2026-05-09 16:22:39,469 [Trainer] :: Completed epoch 83: train_loss=0.070193 train_iou=0.934319 val_loss=0.384016 val_iou=0.596201 lr=0.00008245
2026-05-09 16:22:39,989 [Trainer] :: Updated latest checkpoint at epoch 83
2026-05-09 16:22:39,989 [Trainer] :: No validation IoU improvement for 51 epoch(s)
2026-05-09 16:22:39,989 [Trainer] :: Starting epoch 84
2026-05-09 16:30:23,928 [Trainer] :: Completed epoch 84: train_loss=0.069783 train_iou=0.933756 val_loss=0.368161 val_iou=0.609122 lr=0.00008205
2026-05-09 16:30:24,350 [Trainer] :: Updated latest checkpoint at epoch 84
2026-05-09 16:30:24,350 [Trainer] :: No validation IoU improvement for 52 epoch(s)
2026-05-09 16:30:24,350 [Trainer] :: Starting epoch 85
2026-05-09 16:38:02,890 [Trainer] :: Completed epoch 85: train_loss=0.069172 train_iou=0.935888 val_loss=0.362561 val_iou=0.619380 lr=0.00008165
2026-05-09 16:38:03,308 [Trainer] :: Updated latest checkpoint at epoch 85
2026-05-09 16:38:03,308 [Trainer] :: No validation IoU improvement for 53 epoch(s)
2026-05-09 16:38:03,308 [Trainer] :: Starting epoch 86
2026-05-09 16:45:46,415 [Trainer] :: Completed epoch 86: train_loss=0.070673 train_iou=0.933923 val_loss=0.415496 val_iou=0.571619 lr=0.00008125
2026-05-09 16:45:46,922 [Trainer] :: Updated latest checkpoint at epoch 86
2026-05-09 16:45:46,922 [Trainer] :: No validation IoU improvement for 54 epoch(s)
2026-05-09 16:45:46,922 [Trainer] :: Starting epoch 87
2026-05-09 16:53:27,478 [Trainer] :: Completed epoch 87: train_loss=0.069279 train_iou=0.934408 val_loss=0.443005 val_iou=0.563310 lr=0.00008084
2026-05-09 16:53:27,860 [Trainer] :: Updated latest checkpoint at epoch 87
2026-05-09 16:53:27,861 [Trainer] :: No validation IoU improvement for 55 epoch(s)
2026-05-09 16:53:27,861 [Trainer] :: Starting epoch 88
2026-05-09 17:00:52,392 [Trainer] :: Completed epoch 88: train_loss=0.068713 train_iou=0.936018 val_loss=0.390280 val_iou=0.597719 lr=0.00008043
2026-05-09 17:00:53,016 [Trainer] :: Updated latest checkpoint at epoch 88
2026-05-09 17:00:53,016 [Trainer] :: No validation IoU improvement for 56 epoch(s)
2026-05-09 17:00:53,016 [Trainer] :: Starting epoch 89
2026-05-09 17:08:23,033 [Trainer] :: Completed epoch 89: train_loss=0.066876 train_iou=0.937169 val_loss=0.412283 val_iou=0.598746 lr=0.00008001
2026-05-09 17:08:23,769 [Trainer] :: Updated latest checkpoint at epoch 89
2026-05-09 17:08:23,770 [Trainer] :: No validation IoU improvement for 57 epoch(s)
2026-05-09 17:08:23,770 [Trainer] :: Starting epoch 90
2026-05-09 17:15:41,742 [Trainer] :: Completed epoch 90: train_loss=0.066389 train_iou=0.937793 val_loss=0.403702 val_iou=0.596960 lr=0.00007960
2026-05-09 17:15:42,151 [Trainer] :: Updated latest checkpoint at epoch 90
2026-05-09 17:15:42,151 [Trainer] :: No validation IoU improvement for 58 epoch(s)
2026-05-09 17:15:42,151 [Trainer] :: Starting epoch 91
