2026-06-05T08:59:57Z [INFO] Controller started
2026-06-05T08:59:57Z [INFO] manifest=outputs/slurm/manifests/multi_seed_mhj_20260605T085957Z.json max_parallel=8 max_retries=3 sbatch_submit_retries=3 poll_seconds=10
2026-06-05T08:59:57Z [INFO] python=python singularity_image=/ceph/container/pytorch/pytorch_26.02.sif venv_activate=p10_venv/bin/activate
2026-06-05T08:59:57Z [INFO] status_dir=outputs/slurm/status/multi_seed_mhj_20260605T085957Z summary_dir=outputs/metrics log_dir=logs/masking/slurm
2026-06-05T08:59:57Z [INFO] Acquired controller lock outputs/slurm/status/.masking_batch_controller.lock
2026-06-05T08:59:57Z [INFO] Loaded 40 task(s) from outputs/slurm/manifests/multi_seed_mhj_20260605T085957Z.json
2026-06-05T08:59:57Z [INFO] Status directory: outputs/slurm/status/multi_seed_mhj_20260605T085957Z
2026-06-05T08:59:57Z [INFO] Submitting task 0 try 1/3: group=binary_train_multi_seed kind=train config=configs/binary/synth_msi_segformer_b1.yaml split=test seed=42 attempt=1
2026-06-05T08:59:57Z [INFO] Submitted task 0 (binary_train_multi_seed, train, configs/binary/synth_msi_segformer_b1.yaml, seed=42) as job 864739, attempt 1
2026-06-05T08:59:57Z [INFO] Submitting task 1 try 1/3: group=binary_train_multi_seed kind=train config=configs/binary/rgb_synth_msi_segformer_b1.yaml split=test seed=42 attempt=1
2026-06-05T08:59:57Z [INFO] Submitted task 1 (binary_train_multi_seed, train, configs/binary/rgb_synth_msi_segformer_b1.yaml, seed=42) as job 864740, attempt 1
2026-06-05T08:59:57Z [INFO] Submitting task 2 try 1/3: group=binary_train_multi_seed kind=train config=configs/binary/rgb_synth_msi_segformer_b0.yaml split=test seed=42 attempt=1
2026-06-05T08:59:57Z [INFO] Submitted task 2 (binary_train_multi_seed, train, configs/binary/rgb_synth_msi_segformer_b0.yaml, seed=42) as job 864741, attempt 1
2026-06-05T08:59:57Z [INFO] Submitting task 3 try 1/3: group=binary_train_multi_seed kind=train config=configs/binary/synth_msi_segformer_b0.yaml split=test seed=42 attempt=1
2026-06-05T08:59:58Z [INFO] Submitted task 3 (binary_train_multi_seed, train, configs/binary/synth_msi_segformer_b0.yaml, seed=42) as job 864742, attempt 1
2026-06-05T08:59:58Z [INFO] Submitting task 4 try 1/3: group=binary_train_multi_seed kind=train config=configs/binary/synth_msi_segformer_b1.yaml split=test seed=43 attempt=1
2026-06-05T08:59:58Z [INFO] Submitted task 4 (binary_train_multi_seed, train, configs/binary/synth_msi_segformer_b1.yaml, seed=43) as job 864743, attempt 1
2026-06-05T08:59:58Z [INFO] Submitting task 5 try 1/3: group=binary_train_multi_seed kind=train config=configs/binary/rgb_synth_msi_segformer_b1.yaml split=test seed=43 attempt=1
2026-06-05T08:59:58Z [INFO] Submitted task 5 (binary_train_multi_seed, train, configs/binary/rgb_synth_msi_segformer_b1.yaml, seed=43) as job 864744, attempt 1
2026-06-05T08:59:58Z [INFO] Submitting task 6 try 1/3: group=binary_train_multi_seed kind=train config=configs/binary/rgb_synth_msi_segformer_b0.yaml split=test seed=43 attempt=1
2026-06-05T08:59:58Z [INFO] Submitted task 6 (binary_train_multi_seed, train, configs/binary/rgb_synth_msi_segformer_b0.yaml, seed=43) as job 864745, attempt 1
2026-06-05T08:59:58Z [INFO] Submitting task 7 try 1/3: group=binary_train_multi_seed kind=train config=configs/binary/synth_msi_segformer_b0.yaml split=test seed=43 attempt=1
2026-06-05T08:59:58Z [INFO] Submitted task 7 (binary_train_multi_seed, train, configs/binary/synth_msi_segformer_b0.yaml, seed=43) as job 864746, attempt 1
2026-06-05T09:00:08Z [INFO] Job 864739 for task 0 has left the Slurm queue; validating output
2026-06-05T09:00:08Z [ERROR] Task 0: status file reports state=failed; seed=42; message=train failed; see outputs/slurm/status/multi_seed_mhj_20260605T085957Z/task_0_attempt_1.log; job_log=outputs/slurm/status/multi_seed_mhj_20260605T085957Z/task_0_attempt_1.log
2026-06-05T09:00:08Z [ERROR] Task 0: validation failed; re-queueing for retry
2026-06-05T09:00:08Z [INFO] Job 864740 for task 1 has left the Slurm queue; validating output
2026-06-05T09:00:09Z [ERROR] Task 1: status file reports state=failed; seed=42; message=train failed; see outputs/slurm/status/multi_seed_mhj_20260605T085957Z/task_1_attempt_1.log; job_log=outputs/slurm/status/multi_seed_mhj_20260605T085957Z/task_1_attempt_1.log
2026-06-05T09:00:09Z [ERROR] Task 1: validation failed; re-queueing for retry
2026-06-05T09:00:09Z [INFO] Job 864741 for task 2 has left the Slurm queue; validating output
2026-06-05T09:00:09Z [ERROR] Task 2: status file reports state=failed; seed=42; message=train failed; see outputs/slurm/status/multi_seed_mhj_20260605T085957Z/task_2_attempt_1.log; job_log=outputs/slurm/status/multi_seed_mhj_20260605T085957Z/task_2_attempt_1.log
2026-06-05T09:00:09Z [ERROR] Task 2: validation failed; re-queueing for retry
2026-06-05T09:00:09Z [INFO] Job 864742 for task 3 has left the Slurm queue; validating output
2026-06-05T09:00:09Z [ERROR] Task 3: status file reports state=failed; seed=42; message=train failed; see outputs/slurm/status/multi_seed_mhj_20260605T085957Z/task_3_attempt_1.log; job_log=outputs/slurm/status/multi_seed_mhj_20260605T085957Z/task_3_attempt_1.log
2026-06-05T09:00:09Z [ERROR] Task 3: validation failed; re-queueing for retry
2026-06-05T09:00:09Z [INFO] Job 864743 for task 4 has left the Slurm queue; validating output
2026-06-05T09:00:09Z [ERROR] Task 4: status file reports state=failed; seed=43; message=train failed; see outputs/slurm/status/multi_seed_mhj_20260605T085957Z/task_4_attempt_1.log; job_log=outputs/slurm/status/multi_seed_mhj_20260605T085957Z/task_4_attempt_1.log
2026-06-05T09:00:09Z [ERROR] Task 4: validation failed; re-queueing for retry
2026-06-05T09:00:10Z [INFO] Job 864744 for task 5 has left the Slurm queue; validating output
2026-06-05T09:00:10Z [ERROR] Task 5: status file reports state=failed; seed=43; message=train failed; see outputs/slurm/status/multi_seed_mhj_20260605T085957Z/task_5_attempt_1.log; job_log=outputs/slurm/status/multi_seed_mhj_20260605T085957Z/task_5_attempt_1.log
2026-06-05T09:00:10Z [ERROR] Task 5: validation failed; re-queueing for retry
2026-06-05T09:00:10Z [INFO] Job 864745 for task 6 has left the Slurm queue; validating output
2026-06-05T09:00:10Z [ERROR] Task 6: status file reports state=failed; seed=43; message=train failed; see outputs/slurm/status/multi_seed_mhj_20260605T085957Z/task_6_attempt_1.log; job_log=outputs/slurm/status/multi_seed_mhj_20260605T085957Z/task_6_attempt_1.log
2026-06-05T09:00:10Z [ERROR] Task 6: validation failed; re-queueing for retry
2026-06-05T09:00:10Z [INFO] Job 864746 for task 7 has left the Slurm queue; validating output
2026-06-05T09:00:10Z [ERROR] Task 7: status file reports state=failed; seed=43; message=train failed; see outputs/slurm/status/multi_seed_mhj_20260605T085957Z/task_7_attempt_1.log; job_log=outputs/slurm/status/multi_seed_mhj_20260605T085957Z/task_7_attempt_1.log
2026-06-05T09:00:10Z [ERROR] Task 7: validation failed; re-queueing for retry
