2026-05-01 01:46:33,080 [Trainer] :: Training run initialized at /ceph/home/student.aau.dk/qd36zu/fuzzy-p10/tbd/masking/outputs/runs/rgb_unetplusplus_resnet50_seed44_20260430T234632Z
2026-05-01 01:46:33,080 [Trainer] :: Loaded config from /ceph/home/student.aau.dk/qd36zu/fuzzy-p10/tbd/masking/configs/binary/rgb_unetpp_resnet50.yaml
2026-05-01 01:46:33,080 [Trainer] :: Using seed=44 and device=None
2026-05-01 01:46:33,080 [Trainer] :: Using model architecture=UnetPlusPlus encoder=resnet50 encoder_weights=imagenet
2026-05-01 01:46:33,514 [Trainer] :: Resolved runtime device to cuda
2026-05-01 01:46:33,514 [Trainer] :: Prepared normalization from source=imagenet
2026-05-01 01:46:50,237 [Trainer] :: Built dataloaders with batch_size=16, num_workers=0
2026-05-01 01:46:50,240 [Trainer] :: Starting epoch 1
2026-05-01 01:51:26,994 [Trainer] :: Completed epoch 1: train_loss=0.444559 train_iou=0.656699 val_loss=0.439572 val_iou=0.553348 lr=0.00010000
2026-05-01 01:51:28,183 [Trainer] :: Updated latest checkpoint at epoch 1
2026-05-01 01:51:29,264 [Trainer] :: New best checkpoint saved with val_iou=0.553348
2026-05-01 01:51:29,264 [Trainer] :: Starting epoch 2
2026-05-01 01:56:10,453 [Trainer] :: Completed epoch 2: train_loss=0.358220 train_iou=0.735493 val_loss=0.392376 val_iou=0.569499 lr=0.00009999
2026-05-01 01:56:11,214 [Trainer] :: Updated latest checkpoint at epoch 2
2026-05-01 01:56:11,841 [Trainer] :: New best checkpoint saved with val_iou=0.569499
2026-05-01 01:56:11,841 [Trainer] :: Starting epoch 3
2026-05-01 02:00:53,470 [Trainer] :: Completed epoch 3: train_loss=0.311945 train_iou=0.763349 val_loss=0.365866 val_iou=0.579496 lr=0.00009998
2026-05-01 02:00:54,557 [Trainer] :: Updated latest checkpoint at epoch 3
2026-05-01 02:00:55,662 [Trainer] :: New best checkpoint saved with val_iou=0.579496
2026-05-01 02:00:55,662 [Trainer] :: Starting epoch 4
2026-05-01 02:05:48,034 [Trainer] :: Completed epoch 4: train_loss=0.283349 train_iou=0.777294 val_loss=0.352291 val_iou=0.555695 lr=0.00009996
2026-05-01 02:05:48,669 [Trainer] :: Updated latest checkpoint at epoch 4
2026-05-01 02:05:48,669 [Trainer] :: No validation IoU improvement for 1 epoch(s)
2026-05-01 02:05:48,669 [Trainer] :: Starting epoch 5
2026-05-01 02:10:25,597 [Trainer] :: Completed epoch 5: train_loss=0.268797 train_iou=0.781766 val_loss=0.331532 val_iou=0.553506 lr=0.00009993
2026-05-01 02:10:26,697 [Trainer] :: Updated latest checkpoint at epoch 5
2026-05-01 02:10:26,698 [Trainer] :: No validation IoU improvement for 2 epoch(s)
2026-05-01 02:10:26,698 [Trainer] :: Starting epoch 6
2026-05-01 02:15:04,319 [Trainer] :: Completed epoch 6: train_loss=0.251019 train_iou=0.789334 val_loss=0.308473 val_iou=0.594866 lr=0.00009990
2026-05-01 02:15:05,009 [Trainer] :: Updated latest checkpoint at epoch 6
2026-05-01 02:15:05,638 [Trainer] :: New best checkpoint saved with val_iou=0.594866
2026-05-01 02:15:05,638 [Trainer] :: Starting epoch 7
2026-05-01 02:19:27,845 [Trainer] :: Completed epoch 7: train_loss=0.239840 train_iou=0.802223 val_loss=0.296985 val_iou=0.603514 lr=0.00009987
2026-05-01 02:19:28,583 [Trainer] :: Updated latest checkpoint at epoch 7
2026-05-01 02:19:29,237 [Trainer] :: New best checkpoint saved with val_iou=0.603514
2026-05-01 02:19:29,237 [Trainer] :: Starting epoch 8
2026-05-01 02:23:50,121 [Trainer] :: Completed epoch 8: train_loss=0.221379 train_iou=0.816894 val_loss=0.323813 val_iou=0.534441 lr=0.00009983
2026-05-01 02:23:50,844 [Trainer] :: Updated latest checkpoint at epoch 8
2026-05-01 02:23:50,845 [Trainer] :: No validation IoU improvement for 1 epoch(s)
2026-05-01 02:23:50,845 [Trainer] :: Starting epoch 9
2026-05-01 02:28:27,601 [Trainer] :: Completed epoch 9: train_loss=0.222999 train_iou=0.809230 val_loss=0.304168 val_iou=0.563372 lr=0.00009978
2026-05-01 02:28:28,250 [Trainer] :: Updated latest checkpoint at epoch 9
2026-05-01 02:28:28,250 [Trainer] :: No validation IoU improvement for 2 epoch(s)
2026-05-01 02:28:28,250 [Trainer] :: Starting epoch 10
2026-05-01 02:33:07,032 [Trainer] :: Completed epoch 10: train_loss=0.210466 train_iou=0.821477 val_loss=0.325314 val_iou=0.562995 lr=0.00009973
2026-05-01 02:33:07,719 [Trainer] :: Updated latest checkpoint at epoch 10
2026-05-01 02:33:07,719 [Trainer] :: No validation IoU improvement for 3 epoch(s)
2026-05-01 02:33:07,719 [Trainer] :: Starting epoch 11
2026-05-01 02:37:35,859 [Trainer] :: Completed epoch 11: train_loss=0.203419 train_iou=0.823635 val_loss=0.288404 val_iou=0.605664 lr=0.00009967
2026-05-01 02:37:37,009 [Trainer] :: Updated latest checkpoint at epoch 11
2026-05-01 02:37:37,711 [Trainer] :: New best checkpoint saved with val_iou=0.605664
2026-05-01 02:37:37,711 [Trainer] :: Starting epoch 12
2026-05-01 02:42:29,367 [Trainer] :: Completed epoch 12: train_loss=0.193174 train_iou=0.837339 val_loss=0.276379 val_iou=0.611395 lr=0.00009961
2026-05-01 02:42:30,355 [Trainer] :: Updated latest checkpoint at epoch 12
2026-05-01 02:42:31,422 [Trainer] :: New best checkpoint saved with val_iou=0.611395
2026-05-01 02:42:31,422 [Trainer] :: Starting epoch 13
2026-05-01 02:47:48,019 [Trainer] :: Completed epoch 13: train_loss=0.187623 train_iou=0.838731 val_loss=0.288016 val_iou=0.600583 lr=0.00009954
2026-05-01 02:47:48,736 [Trainer] :: Updated latest checkpoint at epoch 13
2026-05-01 02:47:48,736 [Trainer] :: No validation IoU improvement for 1 epoch(s)
2026-05-01 02:47:48,736 [Trainer] :: Starting epoch 14
2026-05-01 02:52:10,415 [Trainer] :: Completed epoch 14: train_loss=0.178860 train_iou=0.847195 val_loss=0.293946 val_iou=0.597654 lr=0.00009947
2026-05-01 02:52:11,094 [Trainer] :: Updated latest checkpoint at epoch 14
2026-05-01 02:52:11,094 [Trainer] :: No validation IoU improvement for 2 epoch(s)
2026-05-01 02:52:11,094 [Trainer] :: Starting epoch 15
2026-05-01 02:56:52,544 [Trainer] :: Completed epoch 15: train_loss=0.171631 train_iou=0.854228 val_loss=0.297754 val_iou=0.598893 lr=0.00009939
2026-05-01 02:56:53,255 [Trainer] :: Updated latest checkpoint at epoch 15
2026-05-01 02:56:53,255 [Trainer] :: No validation IoU improvement for 3 epoch(s)
2026-05-01 02:56:53,255 [Trainer] :: Starting epoch 16
2026-05-01 03:01:47,949 [Trainer] :: Completed epoch 16: train_loss=0.170078 train_iou=0.853007 val_loss=0.289226 val_iou=0.600501 lr=0.00009931
2026-05-01 03:01:48,806 [Trainer] :: Updated latest checkpoint at epoch 16
2026-05-01 03:01:48,806 [Trainer] :: No validation IoU improvement for 4 epoch(s)
2026-05-01 03:01:48,806 [Trainer] :: Starting epoch 17
2026-05-01 03:06:15,729 [Trainer] :: Completed epoch 17: train_loss=0.168796 train_iou=0.855160 val_loss=0.277329 val_iou=0.612013 lr=0.00009922
2026-05-01 03:06:16,527 [Trainer] :: Updated latest checkpoint at epoch 17
2026-05-01 03:06:17,138 [Trainer] :: New best checkpoint saved with val_iou=0.612013
2026-05-01 03:06:17,138 [Trainer] :: Starting epoch 18
2026-05-01 03:11:24,933 [Trainer] :: Completed epoch 18: train_loss=0.164508 train_iou=0.857271 val_loss=0.283559 val_iou=0.605117 lr=0.00009912
2026-05-01 03:11:25,735 [Trainer] :: Updated latest checkpoint at epoch 18
2026-05-01 03:11:25,735 [Trainer] :: No validation IoU improvement for 1 epoch(s)
2026-05-01 03:11:25,735 [Trainer] :: Starting epoch 19
2026-05-01 03:16:07,166 [Trainer] :: Completed epoch 19: train_loss=0.157726 train_iou=0.864694 val_loss=0.299494 val_iou=0.583772 lr=0.00009902
2026-05-01 03:16:07,947 [Trainer] :: Updated latest checkpoint at epoch 19
2026-05-01 03:16:07,947 [Trainer] :: No validation IoU improvement for 2 epoch(s)
2026-05-01 03:16:07,947 [Trainer] :: Starting epoch 20
2026-05-01 03:20:50,062 [Trainer] :: Completed epoch 20: train_loss=0.151327 train_iou=0.869140 val_loss=0.314511 val_iou=0.549027 lr=0.00009892
2026-05-01 03:20:50,775 [Trainer] :: Updated latest checkpoint at epoch 20
2026-05-01 03:20:50,775 [Trainer] :: No validation IoU improvement for 3 epoch(s)
2026-05-01 03:20:50,775 [Trainer] :: Starting epoch 21
2026-05-01 03:25:26,848 [Trainer] :: Completed epoch 21: train_loss=0.147880 train_iou=0.874958 val_loss=0.282576 val_iou=0.602915 lr=0.00009881
2026-05-01 03:25:27,969 [Trainer] :: Updated latest checkpoint at epoch 21
2026-05-01 03:25:27,969 [Trainer] :: No validation IoU improvement for 4 epoch(s)
2026-05-01 03:25:27,969 [Trainer] :: Starting epoch 22
2026-05-01 03:30:42,443 [Trainer] :: Completed epoch 22: train_loss=0.147334 train_iou=0.873508 val_loss=0.318861 val_iou=0.556327 lr=0.00009869
2026-05-01 03:30:43,136 [Trainer] :: Updated latest checkpoint at epoch 22
2026-05-01 03:30:43,136 [Trainer] :: No validation IoU improvement for 5 epoch(s)
2026-05-01 03:30:43,136 [Trainer] :: Starting epoch 23
2026-05-01 03:35:25,337 [Trainer] :: Completed epoch 23: train_loss=0.144628 train_iou=0.876621 val_loss=0.304910 val_iou=0.567428 lr=0.00009857
2026-05-01 03:35:27,030 [Trainer] :: Updated latest checkpoint at epoch 23
2026-05-01 03:35:27,030 [Trainer] :: No validation IoU improvement for 6 epoch(s)
2026-05-01 03:35:27,030 [Trainer] :: Starting epoch 24
2026-05-01 03:39:59,946 [Trainer] :: Completed epoch 24: train_loss=0.138548 train_iou=0.882403 val_loss=0.278092 val_iou=0.620337 lr=0.00009844
2026-05-01 03:40:00,825 [Trainer] :: Updated latest checkpoint at epoch 24
2026-05-01 03:40:01,577 [Trainer] :: New best checkpoint saved with val_iou=0.620337
2026-05-01 03:40:01,577 [Trainer] :: Starting epoch 25
2026-05-01 03:44:35,997 [Trainer] :: Completed epoch 25: train_loss=0.134421 train_iou=0.886865 val_loss=0.307572 val_iou=0.586690 lr=0.00009831
2026-05-01 03:44:36,657 [Trainer] :: Updated latest checkpoint at epoch 25
2026-05-01 03:44:36,658 [Trainer] :: No validation IoU improvement for 1 epoch(s)
2026-05-01 03:44:36,658 [Trainer] :: Starting epoch 26
2026-05-01 03:48:56,499 [Trainer] :: Completed epoch 26: train_loss=0.131352 train_iou=0.890530 val_loss=0.275802 val_iou=0.623127 lr=0.00009818
2026-05-01 03:48:57,170 [Trainer] :: Updated latest checkpoint at epoch 26
2026-05-01 03:48:57,829 [Trainer] :: New best checkpoint saved with val_iou=0.623127
2026-05-01 03:48:57,829 [Trainer] :: Starting epoch 27
2026-05-01 03:53:10,483 [Trainer] :: Completed epoch 27: train_loss=0.134619 train_iou=0.885692 val_loss=0.316824 val_iou=0.564364 lr=0.00009803
2026-05-01 03:53:11,141 [Trainer] :: Updated latest checkpoint at epoch 27
2026-05-01 03:53:11,141 [Trainer] :: No validation IoU improvement for 1 epoch(s)
2026-05-01 03:53:11,141 [Trainer] :: Starting epoch 28
2026-05-01 03:57:24,667 [Trainer] :: Completed epoch 28: train_loss=0.126194 train_iou=0.893393 val_loss=0.317722 val_iou=0.559598 lr=0.00009789
2026-05-01 03:57:25,319 [Trainer] :: Updated latest checkpoint at epoch 28
2026-05-01 03:57:25,320 [Trainer] :: No validation IoU improvement for 2 epoch(s)
2026-05-01 03:57:25,320 [Trainer] :: Starting epoch 29
2026-05-01 04:01:36,962 [Trainer] :: Completed epoch 29: train_loss=0.123770 train_iou=0.895881 val_loss=0.298546 val_iou=0.593676 lr=0.00009773
2026-05-01 04:01:37,660 [Trainer] :: Updated latest checkpoint at epoch 29
2026-05-01 04:01:37,660 [Trainer] :: No validation IoU improvement for 3 epoch(s)
2026-05-01 04:01:37,660 [Trainer] :: Starting epoch 30
2026-05-01 04:05:53,262 [Trainer] :: Completed epoch 30: train_loss=0.121099 train_iou=0.896408 val_loss=0.313318 val_iou=0.582716 lr=0.00009758
2026-05-01 04:05:53,933 [Trainer] :: Updated latest checkpoint at epoch 30
2026-05-01 04:05:53,933 [Trainer] :: No validation IoU improvement for 4 epoch(s)
2026-05-01 04:05:53,933 [Trainer] :: Starting epoch 31
2026-05-01 04:10:10,193 [Trainer] :: Completed epoch 31: train_loss=0.119488 train_iou=0.898897 val_loss=0.324715 val_iou=0.557190 lr=0.00009741
2026-05-01 04:10:10,982 [Trainer] :: Updated latest checkpoint at epoch 31
2026-05-01 04:10:10,982 [Trainer] :: No validation IoU improvement for 5 epoch(s)
2026-05-01 04:10:10,983 [Trainer] :: Starting epoch 32
2026-05-01 04:14:25,693 [Trainer] :: Completed epoch 32: train_loss=0.111940 train_iou=0.901825 val_loss=0.357205 val_iou=0.513120 lr=0.00009725
2026-05-01 04:14:26,352 [Trainer] :: Updated latest checkpoint at epoch 32
2026-05-01 04:14:26,352 [Trainer] :: No validation IoU improvement for 6 epoch(s)
2026-05-01 04:14:26,352 [Trainer] :: Starting epoch 33
2026-05-01 04:18:43,898 [Trainer] :: Completed epoch 33: train_loss=0.107586 train_iou=0.905136 val_loss=0.300533 val_iou=0.583290 lr=0.00009707
2026-05-01 04:18:44,626 [Trainer] :: Updated latest checkpoint at epoch 33
2026-05-01 04:18:44,626 [Trainer] :: No validation IoU improvement for 7 epoch(s)
2026-05-01 04:18:44,626 [Trainer] :: Starting epoch 34
2026-05-01 04:22:59,239 [Trainer] :: Completed epoch 34: train_loss=0.109109 train_iou=0.901534 val_loss=0.327003 val_iou=0.555352 lr=0.00009690
2026-05-01 04:22:59,952 [Trainer] :: Updated latest checkpoint at epoch 34
2026-05-01 04:22:59,952 [Trainer] :: No validation IoU improvement for 8 epoch(s)
2026-05-01 04:22:59,952 [Trainer] :: Starting epoch 35
2026-05-01 04:27:35,898 [Trainer] :: Completed epoch 35: train_loss=0.107721 train_iou=0.902254 val_loss=0.310513 val_iou=0.576883 lr=0.00009671
2026-05-01 04:27:36,573 [Trainer] :: Updated latest checkpoint at epoch 35
2026-05-01 04:27:36,573 [Trainer] :: No validation IoU improvement for 9 epoch(s)
2026-05-01 04:27:36,573 [Trainer] :: Starting epoch 36
2026-05-01 04:32:16,001 [Trainer] :: Completed epoch 36: train_loss=0.105471 train_iou=0.902360 val_loss=0.305367 val_iou=0.590306 lr=0.00009652
2026-05-01 04:32:16,806 [Trainer] :: Updated latest checkpoint at epoch 36
2026-05-01 04:32:16,806 [Trainer] :: No validation IoU improvement for 10 epoch(s)
2026-05-01 04:32:16,806 [Trainer] :: Starting epoch 37
2026-05-01 04:38:10,203 [Trainer] :: Completed epoch 37: train_loss=0.104135 train_iou=0.902109 val_loss=0.300593 val_iou=0.587235 lr=0.00009633
2026-05-01 04:38:11,190 [Trainer] :: Updated latest checkpoint at epoch 37
2026-05-01 04:38:11,190 [Trainer] :: No validation IoU improvement for 11 epoch(s)
2026-05-01 04:38:11,190 [Trainer] :: Starting epoch 38
2026-05-01 04:44:12,220 [Trainer] :: Completed epoch 38: train_loss=0.104913 train_iou=0.900692 val_loss=0.306733 val_iou=0.580053 lr=0.00009613
2026-05-01 04:44:13,410 [Trainer] :: Updated latest checkpoint at epoch 38
2026-05-01 04:44:13,411 [Trainer] :: No validation IoU improvement for 12 epoch(s)
2026-05-01 04:44:13,411 [Trainer] :: Starting epoch 39
2026-05-01 04:49:50,009 [Trainer] :: Completed epoch 39: train_loss=0.096474 train_iou=0.905462 val_loss=0.294250 val_iou=0.605189 lr=0.00009593
2026-05-01 04:49:50,915 [Trainer] :: Updated latest checkpoint at epoch 39
2026-05-01 04:49:50,915 [Trainer] :: No validation IoU improvement for 13 epoch(s)
2026-05-01 04:49:50,915 [Trainer] :: Starting epoch 40
2026-05-01 04:54:27,843 [Trainer] :: Completed epoch 40: train_loss=0.091628 train_iou=0.908015 val_loss=0.313391 val_iou=0.589859 lr=0.00009572
2026-05-01 04:54:29,006 [Trainer] :: Updated latest checkpoint at epoch 40
2026-05-01 04:54:29,006 [Trainer] :: No validation IoU improvement for 14 epoch(s)
2026-05-01 04:54:29,006 [Trainer] :: Starting epoch 41
2026-05-01 04:59:17,215 [Trainer] :: Completed epoch 41: train_loss=0.095103 train_iou=0.907768 val_loss=0.297860 val_iou=0.603172 lr=0.00009551
2026-05-01 04:59:18,118 [Trainer] :: Updated latest checkpoint at epoch 41
2026-05-01 04:59:18,118 [Trainer] :: No validation IoU improvement for 15 epoch(s)
2026-05-01 04:59:18,118 [Trainer] :: Starting epoch 42
2026-05-01 05:03:55,468 [Trainer] :: Completed epoch 42: train_loss=0.097769 train_iou=0.903234 val_loss=0.297333 val_iou=0.601470 lr=0.00009529
2026-05-01 05:03:56,240 [Trainer] :: Updated latest checkpoint at epoch 42
2026-05-01 05:03:56,240 [Trainer] :: No validation IoU improvement for 16 epoch(s)
2026-05-01 05:03:56,240 [Trainer] :: Starting epoch 43
2026-05-01 05:08:12,409 [Trainer] :: Completed epoch 43: train_loss=0.085220 train_iou=0.912829 val_loss=0.319851 val_iou=0.558626 lr=0.00009507
2026-05-01 05:08:13,176 [Trainer] :: Updated latest checkpoint at epoch 43
2026-05-01 05:08:13,176 [Trainer] :: No validation IoU improvement for 17 epoch(s)
2026-05-01 05:08:13,176 [Trainer] :: Starting epoch 44
2026-05-01 05:12:31,619 [Trainer] :: Completed epoch 44: train_loss=0.086380 train_iou=0.912133 val_loss=0.339273 val_iou=0.564282 lr=0.00009484
2026-05-01 05:12:32,310 [Trainer] :: Updated latest checkpoint at epoch 44
2026-05-01 05:12:32,310 [Trainer] :: No validation IoU improvement for 18 epoch(s)
2026-05-01 05:12:32,310 [Trainer] :: Starting epoch 45
2026-05-01 05:16:45,897 [Trainer] :: Completed epoch 45: train_loss=0.083971 train_iou=0.914435 val_loss=0.351696 val_iou=0.547720 lr=0.00009460
2026-05-01 05:16:46,580 [Trainer] :: Updated latest checkpoint at epoch 45
2026-05-01 05:16:46,580 [Trainer] :: No validation IoU improvement for 19 epoch(s)
2026-05-01 05:16:46,580 [Trainer] :: Starting epoch 46
2026-05-01 05:21:05,498 [Trainer] :: Completed epoch 46: train_loss=0.081586 train_iou=0.917576 val_loss=0.324984 val_iou=0.566385 lr=0.00009437
2026-05-01 05:21:06,239 [Trainer] :: Updated latest checkpoint at epoch 46
2026-05-01 05:21:06,239 [Trainer] :: No validation IoU improvement for 20 epoch(s)
2026-05-01 05:21:06,239 [Trainer] :: Starting epoch 47
2026-05-01 05:25:22,355 [Trainer] :: Completed epoch 47: train_loss=0.081800 train_iou=0.916667 val_loss=0.318999 val_iou=0.570927 lr=0.00009412
2026-05-01 05:25:23,044 [Trainer] :: Updated latest checkpoint at epoch 47
2026-05-01 05:25:23,045 [Trainer] :: No validation IoU improvement for 21 epoch(s)
2026-05-01 05:25:23,045 [Trainer] :: Starting epoch 48
2026-05-01 05:29:42,879 [Trainer] :: Completed epoch 48: train_loss=0.088850 train_iou=0.910128 val_loss=0.314356 val_iou=0.579791 lr=0.00009388
2026-05-01 05:29:43,634 [Trainer] :: Updated latest checkpoint at epoch 48
2026-05-01 05:29:43,634 [Trainer] :: No validation IoU improvement for 22 epoch(s)
2026-05-01 05:29:43,634 [Trainer] :: Starting epoch 49
2026-05-01 05:34:02,345 [Trainer] :: Completed epoch 49: train_loss=0.079739 train_iou=0.917680 val_loss=0.318124 val_iou=0.590792 lr=0.00009363
2026-05-01 05:34:07,052 [Trainer] :: Updated latest checkpoint at epoch 49
2026-05-01 05:34:07,052 [Trainer] :: No validation IoU improvement for 23 epoch(s)
2026-05-01 05:34:07,052 [Trainer] :: Starting epoch 50
2026-05-01 05:38:26,709 [Trainer] :: Completed epoch 50: train_loss=0.083084 train_iou=0.916012 val_loss=0.322467 val_iou=0.583759 lr=0.00009337
2026-05-01 05:38:27,402 [Trainer] :: Updated latest checkpoint at epoch 50
2026-05-01 05:38:27,403 [Trainer] :: No validation IoU improvement for 24 epoch(s)
2026-05-01 05:38:27,403 [Trainer] :: Starting epoch 51
2026-05-01 05:42:48,984 [Trainer] :: Completed epoch 51: train_loss=0.078135 train_iou=0.918848 val_loss=0.378816 val_iou=0.520749 lr=0.00009311
2026-05-01 05:42:49,713 [Trainer] :: Updated latest checkpoint at epoch 51
2026-05-01 05:42:49,713 [Trainer] :: No validation IoU improvement for 25 epoch(s)
2026-05-01 05:42:49,713 [Trainer] :: Starting epoch 52
2026-05-01 05:47:04,074 [Trainer] :: Completed epoch 52: train_loss=0.073688 train_iou=0.922530 val_loss=0.306920 val_iou=0.601214 lr=0.00009284
2026-05-01 05:47:04,792 [Trainer] :: Updated latest checkpoint at epoch 52
2026-05-01 05:47:04,793 [Trainer] :: No validation IoU improvement for 26 epoch(s)
2026-05-01 05:47:04,793 [Trainer] :: Starting epoch 53
2026-05-01 05:51:18,284 [Trainer] :: Completed epoch 53: train_loss=0.075783 train_iou=0.921477 val_loss=0.391793 val_iou=0.521238 lr=0.00009257
2026-05-01 05:51:19,052 [Trainer] :: Updated latest checkpoint at epoch 53
2026-05-01 05:51:19,052 [Trainer] :: No validation IoU improvement for 27 epoch(s)
2026-05-01 05:51:19,053 [Trainer] :: Starting epoch 54
2026-05-01 05:55:32,267 [Trainer] :: Completed epoch 54: train_loss=0.075499 train_iou=0.921491 val_loss=0.350306 val_iou=0.549471 lr=0.00009229
2026-05-01 05:55:33,065 [Trainer] :: Updated latest checkpoint at epoch 54
2026-05-01 05:55:33,065 [Trainer] :: No validation IoU improvement for 28 epoch(s)
2026-05-01 05:55:33,065 [Trainer] :: Starting epoch 55
2026-05-01 05:59:45,553 [Trainer] :: Completed epoch 55: train_loss=0.073195 train_iou=0.923550 val_loss=0.314759 val_iou=0.602680 lr=0.00009201
2026-05-01 05:59:46,392 [Trainer] :: Updated latest checkpoint at epoch 55
2026-05-01 05:59:46,393 [Trainer] :: No validation IoU improvement for 29 epoch(s)
2026-05-01 05:59:46,393 [Trainer] :: Starting epoch 56
2026-05-01 06:04:04,550 [Trainer] :: Completed epoch 56: train_loss=0.069662 train_iou=0.927588 val_loss=0.368374 val_iou=0.546796 lr=0.00009173
2026-05-01 06:04:05,551 [Trainer] :: Updated latest checkpoint at epoch 56
2026-05-01 06:04:05,551 [Trainer] :: No validation IoU improvement for 30 epoch(s)
2026-05-01 06:04:05,551 [Trainer] :: Starting epoch 57
2026-05-01 06:08:23,934 [Trainer] :: Completed epoch 57: train_loss=0.070368 train_iou=0.924839 val_loss=0.316340 val_iou=0.586448 lr=0.00009144
2026-05-01 06:08:24,652 [Trainer] :: Updated latest checkpoint at epoch 57
2026-05-01 06:08:24,652 [Trainer] :: No validation IoU improvement for 31 epoch(s)
2026-05-01 06:08:24,652 [Trainer] :: Starting epoch 58
2026-05-01 06:12:38,430 [Trainer] :: Completed epoch 58: train_loss=0.067100 train_iou=0.929031 val_loss=0.315970 val_iou=0.582887 lr=0.00009115
2026-05-01 06:12:39,143 [Trainer] :: Updated latest checkpoint at epoch 58
2026-05-01 06:12:39,144 [Trainer] :: No validation IoU improvement for 32 epoch(s)
2026-05-01 06:12:39,144 [Trainer] :: Starting epoch 59
2026-05-01 06:16:52,242 [Trainer] :: Completed epoch 59: train_loss=0.067983 train_iou=0.928263 val_loss=0.322336 val_iou=0.577983 lr=0.00009085
2026-05-01 06:16:52,933 [Trainer] :: Updated latest checkpoint at epoch 59
2026-05-01 06:16:52,933 [Trainer] :: No validation IoU improvement for 33 epoch(s)
2026-05-01 06:16:52,933 [Trainer] :: Starting epoch 60
2026-05-01 06:21:04,282 [Trainer] :: Completed epoch 60: train_loss=0.066712 train_iou=0.930129 val_loss=0.351394 val_iou=0.571942 lr=0.00009055
2026-05-01 06:21:05,001 [Trainer] :: Updated latest checkpoint at epoch 60
2026-05-01 06:21:05,001 [Trainer] :: No validation IoU improvement for 34 epoch(s)
2026-05-01 06:21:05,001 [Trainer] :: Starting epoch 61
2026-05-01 06:25:20,445 [Trainer] :: Completed epoch 61: train_loss=0.066059 train_iou=0.930645 val_loss=0.359583 val_iou=0.567389 lr=0.00009024
2026-05-01 06:25:21,400 [Trainer] :: Updated latest checkpoint at epoch 61
2026-05-01 06:25:21,400 [Trainer] :: No validation IoU improvement for 35 epoch(s)
2026-05-01 06:25:21,400 [Trainer] :: Starting epoch 62
2026-05-01 06:29:44,370 [Trainer] :: Completed epoch 62: train_loss=0.065881 train_iou=0.930070 val_loss=0.324104 val_iou=0.592825 lr=0.00008993
2026-05-01 06:29:45,416 [Trainer] :: Updated latest checkpoint at epoch 62
2026-05-01 06:29:45,416 [Trainer] :: No validation IoU improvement for 36 epoch(s)
2026-05-01 06:29:45,416 [Trainer] :: Starting epoch 63
2026-05-01 06:34:02,425 [Trainer] :: Completed epoch 63: train_loss=0.064242 train_iou=0.932038 val_loss=0.321701 val_iou=0.591550 lr=0.00008961
2026-05-01 06:34:03,205 [Trainer] :: Updated latest checkpoint at epoch 63
2026-05-01 06:34:03,206 [Trainer] :: No validation IoU improvement for 37 epoch(s)
2026-05-01 06:34:03,206 [Trainer] :: Starting epoch 64
2026-05-01 06:38:18,388 [Trainer] :: Completed epoch 64: train_loss=0.064374 train_iou=0.932359 val_loss=0.338555 val_iou=0.568846 lr=0.00008929
2026-05-01 06:38:19,098 [Trainer] :: Updated latest checkpoint at epoch 64
2026-05-01 06:38:19,098 [Trainer] :: No validation IoU improvement for 38 epoch(s)
2026-05-01 06:38:19,098 [Trainer] :: Starting epoch 65
2026-05-01 06:42:38,754 [Trainer] :: Completed epoch 65: train_loss=0.065142 train_iou=0.930459 val_loss=0.334360 val_iou=0.592973 lr=0.00008897
2026-05-01 06:42:39,591 [Trainer] :: Updated latest checkpoint at epoch 65
2026-05-01 06:42:39,591 [Trainer] :: No validation IoU improvement for 39 epoch(s)
2026-05-01 06:42:39,591 [Trainer] :: Starting epoch 66
2026-05-01 06:47:00,942 [Trainer] :: Completed epoch 66: train_loss=0.061833 train_iou=0.934133 val_loss=0.353096 val_iou=0.553809 lr=0.00008864
2026-05-01 06:47:01,870 [Trainer] :: Updated latest checkpoint at epoch 66
2026-05-01 06:47:01,870 [Trainer] :: No validation IoU improvement for 40 epoch(s)
2026-05-01 06:47:01,870 [Trainer] :: Starting epoch 67
2026-05-01 06:51:25,468 [Trainer] :: Completed epoch 67: train_loss=0.059954 train_iou=0.934700 val_loss=0.340466 val_iou=0.576373 lr=0.00008831
2026-05-01 06:51:26,277 [Trainer] :: Updated latest checkpoint at epoch 67
2026-05-01 06:51:26,277 [Trainer] :: No validation IoU improvement for 41 epoch(s)
2026-05-01 06:51:26,277 [Trainer] :: Starting epoch 68
2026-05-01 06:55:53,359 [Trainer] :: Completed epoch 68: train_loss=0.060482 train_iou=0.934968 val_loss=0.320779 val_iou=0.602436 lr=0.00008797
2026-05-01 06:55:54,160 [Trainer] :: Updated latest checkpoint at epoch 68
2026-05-01 06:55:54,160 [Trainer] :: No validation IoU improvement for 42 epoch(s)
2026-05-01 06:55:54,160 [Trainer] :: Starting epoch 69
2026-05-01 07:00:25,123 [Trainer] :: Completed epoch 69: train_loss=0.061484 train_iou=0.935512 val_loss=0.339385 val_iou=0.588312 lr=0.00008763
2026-05-01 07:00:25,878 [Trainer] :: Updated latest checkpoint at epoch 69
2026-05-01 07:00:25,878 [Trainer] :: No validation IoU improvement for 43 epoch(s)
2026-05-01 07:00:25,878 [Trainer] :: Starting epoch 70
2026-05-01 07:04:47,803 [Trainer] :: Completed epoch 70: train_loss=0.062888 train_iou=0.933063 val_loss=0.360789 val_iou=0.551916 lr=0.00008729
2026-05-01 07:04:48,631 [Trainer] :: Updated latest checkpoint at epoch 70
2026-05-01 07:04:48,851 [Trainer] :: No validation IoU improvement for 44 epoch(s)
2026-05-01 07:04:48,851 [Trainer] :: Starting epoch 71
2026-05-01 07:09:07,994 [Trainer] :: Completed epoch 71: train_loss=0.059142 train_iou=0.935788 val_loss=0.361976 val_iou=0.560501 lr=0.00008694
2026-05-01 07:09:08,846 [Trainer] :: Updated latest checkpoint at epoch 71
2026-05-01 07:09:08,847 [Trainer] :: No validation IoU improvement for 45 epoch(s)
2026-05-01 07:09:08,847 [Trainer] :: Starting epoch 72
2026-05-01 07:13:23,315 [Trainer] :: Completed epoch 72: train_loss=0.060145 train_iou=0.935323 val_loss=0.347715 val_iou=0.583950 lr=0.00008658
2026-05-01 07:13:24,292 [Trainer] :: Updated latest checkpoint at epoch 72
2026-05-01 07:13:24,292 [Trainer] :: No validation IoU improvement for 46 epoch(s)
2026-05-01 07:13:24,292 [Trainer] :: Starting epoch 73
2026-05-01 07:17:37,634 [Trainer] :: Completed epoch 73: train_loss=0.059573 train_iou=0.935946 val_loss=0.388546 val_iou=0.522640 lr=0.00008623
2026-05-01 07:17:38,389 [Trainer] :: Updated latest checkpoint at epoch 73
2026-05-01 07:17:38,389 [Trainer] :: No validation IoU improvement for 47 epoch(s)
2026-05-01 07:17:38,389 [Trainer] :: Starting epoch 74
2026-05-01 07:21:51,616 [Trainer] :: Completed epoch 74: train_loss=0.055498 train_iou=0.939270 val_loss=0.372956 val_iou=0.550218 lr=0.00008587
2026-05-01 07:21:52,383 [Trainer] :: Updated latest checkpoint at epoch 74
2026-05-01 07:21:52,384 [Trainer] :: No validation IoU improvement for 48 epoch(s)
2026-05-01 07:21:52,384 [Trainer] :: Starting epoch 75
2026-05-01 07:26:07,332 [Trainer] :: Completed epoch 75: train_loss=0.055999 train_iou=0.939336 val_loss=0.351643 val_iou=0.582978 lr=0.00008550
2026-05-01 07:26:08,045 [Trainer] :: Updated latest checkpoint at epoch 75
2026-05-01 07:26:08,046 [Trainer] :: No validation IoU improvement for 49 epoch(s)
2026-05-01 07:26:08,046 [Trainer] :: Starting epoch 76
2026-05-01 07:30:21,533 [Trainer] :: Completed epoch 76: train_loss=0.055289 train_iou=0.939639 val_loss=0.329040 val_iou=0.579123 lr=0.00008513
2026-05-01 07:30:22,244 [Trainer] :: Updated latest checkpoint at epoch 76
2026-05-01 07:30:22,244 [Trainer] :: No validation IoU improvement for 50 epoch(s)
2026-05-01 07:30:22,244 [Trainer] :: Starting epoch 77
2026-05-01 07:34:37,398 [Trainer] :: Completed epoch 77: train_loss=0.054977 train_iou=0.940275 val_loss=0.333233 val_iou=0.588793 lr=0.00008476
2026-05-01 07:34:38,184 [Trainer] :: Updated latest checkpoint at epoch 77
2026-05-01 07:34:38,184 [Trainer] :: No validation IoU improvement for 51 epoch(s)
2026-05-01 07:34:38,184 [Trainer] :: Starting epoch 78
2026-05-01 07:38:51,573 [Trainer] :: Completed epoch 78: train_loss=0.053127 train_iou=0.941860 val_loss=0.342001 val_iou=0.583882 lr=0.00008439
2026-05-01 07:38:52,571 [Trainer] :: Updated latest checkpoint at epoch 78
2026-05-01 07:38:52,571 [Trainer] :: No validation IoU improvement for 52 epoch(s)
2026-05-01 07:38:52,571 [Trainer] :: Starting epoch 79
2026-05-01 07:43:04,351 [Trainer] :: Completed epoch 79: train_loss=0.053048 train_iou=0.942032 val_loss=0.329146 val_iou=0.593240 lr=0.00008401
2026-05-01 07:43:05,084 [Trainer] :: Updated latest checkpoint at epoch 79
2026-05-01 07:43:05,084 [Trainer] :: No validation IoU improvement for 53 epoch(s)
2026-05-01 07:43:05,084 [Trainer] :: Starting epoch 80
2026-05-01 07:47:18,002 [Trainer] :: Completed epoch 80: train_loss=0.051055 train_iou=0.944184 val_loss=0.320927 val_iou=0.601541 lr=0.00008362
2026-05-01 07:47:18,977 [Trainer] :: Updated latest checkpoint at epoch 80
2026-05-01 07:47:18,978 [Trainer] :: No validation IoU improvement for 54 epoch(s)
2026-05-01 07:47:18,978 [Trainer] :: Starting epoch 81
2026-05-01 07:51:31,981 [Trainer] :: Completed epoch 81: train_loss=0.050855 train_iou=0.944961 val_loss=0.357153 val_iou=0.585399 lr=0.00008323
2026-05-01 07:51:32,843 [Trainer] :: Updated latest checkpoint at epoch 81
2026-05-01 07:51:32,843 [Trainer] :: No validation IoU improvement for 55 epoch(s)
2026-05-01 07:51:32,843 [Trainer] :: Starting epoch 82
2026-05-01 07:55:46,553 [Trainer] :: Completed epoch 82: train_loss=0.051252 train_iou=0.943993 val_loss=0.376110 val_iou=0.553111 lr=0.00008284
2026-05-01 07:55:47,392 [Trainer] :: Updated latest checkpoint at epoch 82
2026-05-01 07:55:47,392 [Trainer] :: No validation IoU improvement for 56 epoch(s)
2026-05-01 07:55:47,392 [Trainer] :: Starting epoch 83
2026-05-01 08:00:00,161 [Trainer] :: Completed epoch 83: train_loss=0.049843 train_iou=0.945300 val_loss=0.368958 val_iou=0.559485 lr=0.00008245
2026-05-01 08:00:00,872 [Trainer] :: Updated latest checkpoint at epoch 83
2026-05-01 08:00:00,873 [Trainer] :: No validation IoU improvement for 57 epoch(s)
2026-05-01 08:00:00,873 [Trainer] :: Starting epoch 84
2026-05-01 08:04:13,548 [Trainer] :: Completed epoch 84: train_loss=0.052487 train_iou=0.944763 val_loss=0.359744 val_iou=0.562516 lr=0.00008205
2026-05-01 08:04:14,280 [Trainer] :: Updated latest checkpoint at epoch 84
2026-05-01 08:04:14,280 [Trainer] :: No validation IoU improvement for 58 epoch(s)
2026-05-01 08:04:14,280 [Trainer] :: Starting epoch 85
2026-05-01 08:08:27,752 [Trainer] :: Completed epoch 85: train_loss=0.049367 train_iou=0.946068 val_loss=0.398488 val_iou=0.541912 lr=0.00008165
2026-05-01 08:08:28,487 [Trainer] :: Updated latest checkpoint at epoch 85
2026-05-01 08:08:28,487 [Trainer] :: No validation IoU improvement for 59 epoch(s)
2026-05-01 08:08:28,487 [Trainer] :: Starting epoch 86
2026-05-01 08:12:42,153 [Trainer] :: Completed epoch 86: train_loss=0.050878 train_iou=0.944423 val_loss=0.353564 val_iou=0.572935 lr=0.00008125
2026-05-01 08:12:42,900 [Trainer] :: Updated latest checkpoint at epoch 86
2026-05-01 08:12:42,900 [Trainer] :: No validation IoU improvement for 60 epoch(s)
2026-05-01 08:12:42,900 [Trainer] :: Early stopping triggered after 60 epoch(s) without improvement
2026-05-01 08:16:14,899 [Trainer] :: Wrote training history to outputs/runs/rgb_unetplusplus_resnet50_seed44_20260430T234632Z/metrics/history.json
2026-05-01 08:16:14,935 [Trainer] :: Wrote test summary to outputs/runs/rgb_unetplusplus_resnet50_seed44_20260430T234632Z/metrics/test_summary.json
2026-05-01 08:16:14,935 [Trainer] :: Training completed
