2026-05-17 05:12:08,241 [Trainer] :: Training run initialized at /ceph/home/student.aau.dk/qd36zu/fuzzy-p10/tbd/masking/outputs/runs/rgb_unetplusplus_resnet34_fuzzy_halo_seed48_20260517T031207Z
2026-05-17 05:12:08,241 [Trainer] :: Loaded config from /ceph/home/student.aau.dk/qd36zu/fuzzy-p10/tbd/masking/configs/fuzzy/rgb_unetpp_resnet34.yaml
2026-05-17 05:12:08,241 [Trainer] :: Using seed=48 and device=None
2026-05-17 05:12:08,242 [Trainer] :: Using model architecture=UnetPlusPlus encoder=resnet34 encoder_weights=imagenet
2026-05-17 05:12:08,878 [Trainer] :: Resolved runtime device to cuda
2026-05-17 05:12:08,879 [Trainer] :: Prepared normalization from source=imagenet
2026-05-17 05:12:26,684 [Trainer] :: Built dataloaders with batch_size=8, num_workers=0
2026-05-17 05:12:26,685 [Trainer] :: Starting epoch 1
2026-05-17 05:19:18,333 [Trainer] :: Completed epoch 1: train_loss=0.404193 train_iou=0.678215 val_loss=0.352170 val_iou=0.597479 lr=0.00010000
2026-05-17 05:19:18,643 [Trainer] :: Updated latest checkpoint at epoch 1
2026-05-17 05:19:19,214 [Trainer] :: New best checkpoint saved with val_iou=0.597479
2026-05-17 05:19:19,214 [Trainer] :: Starting epoch 2
2026-05-17 05:24:33,508 [Trainer] :: Completed epoch 2: train_loss=0.316535 train_iou=0.750419 val_loss=0.341131 val_iou=0.621405 lr=0.00009999
2026-05-17 05:24:33,893 [Trainer] :: Updated latest checkpoint at epoch 2
2026-05-17 05:24:34,238 [Trainer] :: New best checkpoint saved with val_iou=0.621405
2026-05-17 05:24:34,238 [Trainer] :: Starting epoch 3
2026-05-17 05:29:08,461 [Trainer] :: Completed epoch 3: train_loss=0.282541 train_iou=0.777060 val_loss=0.366524 val_iou=0.582607 lr=0.00009998
2026-05-17 05:29:08,823 [Trainer] :: Updated latest checkpoint at epoch 3
2026-05-17 05:29:08,824 [Trainer] :: No validation IoU improvement for 1 epoch(s)
2026-05-17 05:29:08,824 [Trainer] :: Starting epoch 4
2026-05-17 05:33:42,317 [Trainer] :: Completed epoch 4: train_loss=0.265204 train_iou=0.791157 val_loss=0.320680 val_iou=0.616840 lr=0.00009996
2026-05-17 05:33:42,716 [Trainer] :: Updated latest checkpoint at epoch 4
2026-05-17 05:33:42,716 [Trainer] :: No validation IoU improvement for 2 epoch(s)
2026-05-17 05:33:42,716 [Trainer] :: Starting epoch 5
2026-05-17 05:38:15,108 [Trainer] :: Completed epoch 5: train_loss=0.253512 train_iou=0.798431 val_loss=0.327124 val_iou=0.548561 lr=0.00009993
2026-05-17 05:38:15,463 [Trainer] :: Updated latest checkpoint at epoch 5
2026-05-17 05:38:15,463 [Trainer] :: No validation IoU improvement for 3 epoch(s)
2026-05-17 05:38:15,463 [Trainer] :: Starting epoch 6
2026-05-17 05:42:47,670 [Trainer] :: Completed epoch 6: train_loss=0.241832 train_iou=0.806798 val_loss=0.305807 val_iou=0.583934 lr=0.00009990
2026-05-17 05:42:48,053 [Trainer] :: Updated latest checkpoint at epoch 6
2026-05-17 05:42:48,053 [Trainer] :: No validation IoU improvement for 4 epoch(s)
2026-05-17 05:42:48,053 [Trainer] :: Starting epoch 7
2026-05-17 05:47:22,146 [Trainer] :: Completed epoch 7: train_loss=0.227870 train_iou=0.818134 val_loss=0.331309 val_iou=0.558886 lr=0.00009987
2026-05-17 05:47:22,506 [Trainer] :: Updated latest checkpoint at epoch 7
2026-05-17 05:47:22,506 [Trainer] :: No validation IoU improvement for 5 epoch(s)
2026-05-17 05:47:22,506 [Trainer] :: Starting epoch 8
2026-05-17 05:51:55,547 [Trainer] :: Completed epoch 8: train_loss=0.223958 train_iou=0.819864 val_loss=0.296280 val_iou=0.607482 lr=0.00009983
2026-05-17 05:51:56,229 [Trainer] :: Updated latest checkpoint at epoch 8
2026-05-17 05:51:56,230 [Trainer] :: No validation IoU improvement for 6 epoch(s)
2026-05-17 05:51:56,230 [Trainer] :: Starting epoch 9
2026-05-17 05:56:30,950 [Trainer] :: Completed epoch 9: train_loss=0.217517 train_iou=0.824659 val_loss=0.358637 val_iou=0.513388 lr=0.00009978
2026-05-17 05:56:31,343 [Trainer] :: Updated latest checkpoint at epoch 9
2026-05-17 05:56:31,343 [Trainer] :: No validation IoU improvement for 7 epoch(s)
2026-05-17 05:56:31,343 [Trainer] :: Starting epoch 10
2026-05-17 06:01:08,707 [Trainer] :: Completed epoch 10: train_loss=0.213085 train_iou=0.827259 val_loss=0.289076 val_iou=0.623518 lr=0.00009973
2026-05-17 06:01:09,090 [Trainer] :: Updated latest checkpoint at epoch 10
2026-05-17 06:01:09,455 [Trainer] :: New best checkpoint saved with val_iou=0.623518
2026-05-17 06:01:09,455 [Trainer] :: Starting epoch 11
2026-05-17 06:05:46,747 [Trainer] :: Completed epoch 11: train_loss=0.200635 train_iou=0.840113 val_loss=0.313517 val_iou=0.596464 lr=0.00009967
2026-05-17 06:05:47,587 [Trainer] :: Updated latest checkpoint at epoch 11
2026-05-17 06:05:47,587 [Trainer] :: No validation IoU improvement for 1 epoch(s)
2026-05-17 06:05:47,587 [Trainer] :: Starting epoch 12
2026-05-17 06:10:26,203 [Trainer] :: Completed epoch 12: train_loss=0.197998 train_iou=0.840188 val_loss=0.309699 val_iou=0.599209 lr=0.00009961
2026-05-17 06:10:26,607 [Trainer] :: Updated latest checkpoint at epoch 12
2026-05-17 06:10:26,608 [Trainer] :: No validation IoU improvement for 2 epoch(s)
2026-05-17 06:10:26,608 [Trainer] :: Starting epoch 13
2026-05-17 06:15:02,162 [Trainer] :: Completed epoch 13: train_loss=0.187953 train_iou=0.849268 val_loss=0.299762 val_iou=0.591823 lr=0.00009954
2026-05-17 06:15:02,528 [Trainer] :: Updated latest checkpoint at epoch 13
2026-05-17 06:15:02,529 [Trainer] :: No validation IoU improvement for 3 epoch(s)
2026-05-17 06:15:02,529 [Trainer] :: Starting epoch 14
2026-05-17 06:19:38,681 [Trainer] :: Completed epoch 14: train_loss=0.183122 train_iou=0.854074 val_loss=0.285367 val_iou=0.632297 lr=0.00009947
2026-05-17 06:19:39,049 [Trainer] :: Updated latest checkpoint at epoch 14
2026-05-17 06:19:39,432 [Trainer] :: New best checkpoint saved with val_iou=0.632297
2026-05-17 06:19:39,432 [Trainer] :: Starting epoch 15
2026-05-17 06:24:14,480 [Trainer] :: Completed epoch 15: train_loss=0.180408 train_iou=0.855617 val_loss=0.304158 val_iou=0.587971 lr=0.00009939
2026-05-17 06:24:14,831 [Trainer] :: Updated latest checkpoint at epoch 15
2026-05-17 06:24:14,831 [Trainer] :: No validation IoU improvement for 1 epoch(s)
2026-05-17 06:24:14,831 [Trainer] :: Starting epoch 16
2026-05-17 06:28:51,803 [Trainer] :: Completed epoch 16: train_loss=0.178515 train_iou=0.855558 val_loss=0.313708 val_iou=0.581906 lr=0.00009931
2026-05-17 06:28:52,152 [Trainer] :: Updated latest checkpoint at epoch 16
2026-05-17 06:28:52,152 [Trainer] :: No validation IoU improvement for 2 epoch(s)
2026-05-17 06:28:52,152 [Trainer] :: Starting epoch 17
2026-05-17 06:33:27,049 [Trainer] :: Completed epoch 17: train_loss=0.173265 train_iou=0.859434 val_loss=0.308277 val_iou=0.586986 lr=0.00009922
2026-05-17 06:33:27,417 [Trainer] :: Updated latest checkpoint at epoch 17
2026-05-17 06:33:27,417 [Trainer] :: No validation IoU improvement for 3 epoch(s)
2026-05-17 06:33:27,417 [Trainer] :: Starting epoch 18
2026-05-17 06:38:04,166 [Trainer] :: Completed epoch 18: train_loss=0.169336 train_iou=0.862369 val_loss=0.313162 val_iou=0.576279 lr=0.00009912
2026-05-17 06:38:04,560 [Trainer] :: Updated latest checkpoint at epoch 18
2026-05-17 06:38:04,561 [Trainer] :: No validation IoU improvement for 4 epoch(s)
2026-05-17 06:38:04,561 [Trainer] :: Starting epoch 19
2026-05-17 06:42:38,559 [Trainer] :: Completed epoch 19: train_loss=0.170748 train_iou=0.857198 val_loss=0.334700 val_iou=0.543465 lr=0.00009902
2026-05-17 06:42:38,996 [Trainer] :: Updated latest checkpoint at epoch 19
2026-05-17 06:42:38,996 [Trainer] :: No validation IoU improvement for 5 epoch(s)
2026-05-17 06:42:38,996 [Trainer] :: Starting epoch 20
2026-05-17 06:47:14,891 [Trainer] :: Completed epoch 20: train_loss=0.162782 train_iou=0.863462 val_loss=0.351327 val_iou=0.532931 lr=0.00009892
2026-05-17 06:47:15,276 [Trainer] :: Updated latest checkpoint at epoch 20
2026-05-17 06:47:15,276 [Trainer] :: No validation IoU improvement for 6 epoch(s)
2026-05-17 06:47:15,276 [Trainer] :: Starting epoch 21
2026-05-17 06:51:50,472 [Trainer] :: Completed epoch 21: train_loss=0.159100 train_iou=0.868342 val_loss=0.322696 val_iou=0.584347 lr=0.00009881
2026-05-17 06:51:50,865 [Trainer] :: Updated latest checkpoint at epoch 21
2026-05-17 06:51:50,865 [Trainer] :: No validation IoU improvement for 7 epoch(s)
2026-05-17 06:51:50,865 [Trainer] :: Starting epoch 22
2026-05-17 06:56:25,027 [Trainer] :: Completed epoch 22: train_loss=0.151587 train_iou=0.872523 val_loss=0.383913 val_iou=0.501216 lr=0.00009869
2026-05-17 06:56:25,397 [Trainer] :: Updated latest checkpoint at epoch 22
2026-05-17 06:56:25,398 [Trainer] :: No validation IoU improvement for 8 epoch(s)
2026-05-17 06:56:25,398 [Trainer] :: Starting epoch 23
2026-05-17 07:01:00,647 [Trainer] :: Completed epoch 23: train_loss=0.141853 train_iou=0.877449 val_loss=0.358163 val_iou=0.519260 lr=0.00009857
2026-05-17 07:01:00,981 [Trainer] :: Updated latest checkpoint at epoch 23
2026-05-17 07:01:00,982 [Trainer] :: No validation IoU improvement for 9 epoch(s)
2026-05-17 07:01:00,982 [Trainer] :: Starting epoch 24
2026-05-17 07:05:36,112 [Trainer] :: Completed epoch 24: train_loss=0.144014 train_iou=0.876889 val_loss=0.329551 val_iou=0.573854 lr=0.00009844
2026-05-17 07:05:36,481 [Trainer] :: Updated latest checkpoint at epoch 24
2026-05-17 07:05:36,481 [Trainer] :: No validation IoU improvement for 10 epoch(s)
2026-05-17 07:05:36,481 [Trainer] :: Starting epoch 25
2026-05-17 07:10:11,965 [Trainer] :: Completed epoch 25: train_loss=0.135538 train_iou=0.882125 val_loss=0.313367 val_iou=0.620465 lr=0.00009831
2026-05-17 07:10:12,498 [Trainer] :: Updated latest checkpoint at epoch 25
2026-05-17 07:10:12,498 [Trainer] :: No validation IoU improvement for 11 epoch(s)
2026-05-17 07:10:12,498 [Trainer] :: Starting epoch 26
2026-05-17 07:14:49,745 [Trainer] :: Completed epoch 26: train_loss=0.132640 train_iou=0.885305 val_loss=0.339738 val_iou=0.568063 lr=0.00009818
2026-05-17 07:14:50,090 [Trainer] :: Updated latest checkpoint at epoch 26
2026-05-17 07:14:50,090 [Trainer] :: No validation IoU improvement for 12 epoch(s)
2026-05-17 07:14:50,090 [Trainer] :: Starting epoch 27
2026-05-17 07:19:24,881 [Trainer] :: Completed epoch 27: train_loss=0.136379 train_iou=0.880248 val_loss=0.418119 val_iou=0.497560 lr=0.00009803
2026-05-17 07:19:25,227 [Trainer] :: Updated latest checkpoint at epoch 27
2026-05-17 07:19:25,227 [Trainer] :: No validation IoU improvement for 13 epoch(s)
2026-05-17 07:19:25,227 [Trainer] :: Starting epoch 28
2026-05-17 07:24:03,133 [Trainer] :: Completed epoch 28: train_loss=0.128801 train_iou=0.887092 val_loss=0.336969 val_iou=0.585638 lr=0.00009789
2026-05-17 07:24:03,500 [Trainer] :: Updated latest checkpoint at epoch 28
2026-05-17 07:24:03,500 [Trainer] :: No validation IoU improvement for 14 epoch(s)
2026-05-17 07:24:03,500 [Trainer] :: Starting epoch 29
2026-05-17 07:28:39,344 [Trainer] :: Completed epoch 29: train_loss=0.134010 train_iou=0.882254 val_loss=0.378045 val_iou=0.518397 lr=0.00009773
2026-05-17 07:28:39,678 [Trainer] :: Updated latest checkpoint at epoch 29
2026-05-17 07:28:39,678 [Trainer] :: No validation IoU improvement for 15 epoch(s)
2026-05-17 07:28:39,678 [Trainer] :: Starting epoch 30
2026-05-17 07:33:13,380 [Trainer] :: Completed epoch 30: train_loss=0.121436 train_iou=0.890934 val_loss=0.351084 val_iou=0.541541 lr=0.00009758
2026-05-17 07:33:13,736 [Trainer] :: Updated latest checkpoint at epoch 30
2026-05-17 07:33:13,736 [Trainer] :: No validation IoU improvement for 16 epoch(s)
2026-05-17 07:33:13,736 [Trainer] :: Starting epoch 31
2026-05-17 07:37:50,571 [Trainer] :: Completed epoch 31: train_loss=0.120701 train_iou=0.890110 val_loss=0.342395 val_iou=0.572911 lr=0.00009741
2026-05-17 07:37:50,918 [Trainer] :: Updated latest checkpoint at epoch 31
2026-05-17 07:37:50,918 [Trainer] :: No validation IoU improvement for 17 epoch(s)
2026-05-17 07:37:50,918 [Trainer] :: Starting epoch 32
2026-05-17 07:42:28,547 [Trainer] :: Completed epoch 32: train_loss=0.118875 train_iou=0.893086 val_loss=0.371548 val_iou=0.557904 lr=0.00009725
2026-05-17 07:42:28,886 [Trainer] :: Updated latest checkpoint at epoch 32
2026-05-17 07:42:28,886 [Trainer] :: No validation IoU improvement for 18 epoch(s)
2026-05-17 07:42:28,887 [Trainer] :: Starting epoch 33
2026-05-17 07:47:08,537 [Trainer] :: Completed epoch 33: train_loss=0.116395 train_iou=0.895652 val_loss=0.362096 val_iou=0.530841 lr=0.00009707
2026-05-17 07:47:08,918 [Trainer] :: Updated latest checkpoint at epoch 33
2026-05-17 07:47:08,919 [Trainer] :: No validation IoU improvement for 19 epoch(s)
2026-05-17 07:47:08,919 [Trainer] :: Starting epoch 34
2026-05-17 07:51:48,384 [Trainer] :: Completed epoch 34: train_loss=0.114759 train_iou=0.895879 val_loss=0.379611 val_iou=0.553859 lr=0.00009690
2026-05-17 07:51:48,730 [Trainer] :: Updated latest checkpoint at epoch 34
2026-05-17 07:51:48,730 [Trainer] :: No validation IoU improvement for 20 epoch(s)
2026-05-17 07:51:48,730 [Trainer] :: Starting epoch 35
2026-05-17 07:56:24,725 [Trainer] :: Completed epoch 35: train_loss=0.110760 train_iou=0.898910 val_loss=0.341879 val_iou=0.586797 lr=0.00009671
2026-05-17 07:56:25,083 [Trainer] :: Updated latest checkpoint at epoch 35
2026-05-17 07:56:25,083 [Trainer] :: No validation IoU improvement for 21 epoch(s)
2026-05-17 07:56:25,083 [Trainer] :: Starting epoch 36
2026-05-17 08:01:02,798 [Trainer] :: Completed epoch 36: train_loss=0.110855 train_iou=0.900370 val_loss=0.432593 val_iou=0.506443 lr=0.00009652
2026-05-17 08:01:03,274 [Trainer] :: Updated latest checkpoint at epoch 36
2026-05-17 08:01:03,275 [Trainer] :: No validation IoU improvement for 22 epoch(s)
2026-05-17 08:01:03,275 [Trainer] :: Starting epoch 37
2026-05-17 08:05:40,724 [Trainer] :: Completed epoch 37: train_loss=0.110980 train_iou=0.898945 val_loss=0.340251 val_iou=0.584757 lr=0.00009633
2026-05-17 08:05:41,089 [Trainer] :: Updated latest checkpoint at epoch 37
2026-05-17 08:05:41,089 [Trainer] :: No validation IoU improvement for 23 epoch(s)
2026-05-17 08:05:41,089 [Trainer] :: Starting epoch 38
2026-05-17 08:10:19,674 [Trainer] :: Completed epoch 38: train_loss=0.109504 train_iou=0.900518 val_loss=0.348639 val_iou=0.575071 lr=0.00009613
2026-05-17 08:10:20,062 [Trainer] :: Updated latest checkpoint at epoch 38
2026-05-17 08:10:20,062 [Trainer] :: No validation IoU improvement for 24 epoch(s)
2026-05-17 08:10:20,062 [Trainer] :: Starting epoch 39
2026-05-17 08:14:56,604 [Trainer] :: Completed epoch 39: train_loss=0.105589 train_iou=0.904246 val_loss=0.441984 val_iou=0.502644 lr=0.00009593
2026-05-17 08:14:56,962 [Trainer] :: Updated latest checkpoint at epoch 39
2026-05-17 08:14:56,962 [Trainer] :: No validation IoU improvement for 25 epoch(s)
2026-05-17 08:14:56,962 [Trainer] :: Starting epoch 40
2026-05-17 08:19:32,054 [Trainer] :: Completed epoch 40: train_loss=0.101868 train_iou=0.906603 val_loss=0.348891 val_iou=0.599629 lr=0.00009572
2026-05-17 08:19:32,411 [Trainer] :: Updated latest checkpoint at epoch 40
2026-05-17 08:19:32,412 [Trainer] :: No validation IoU improvement for 26 epoch(s)
2026-05-17 08:19:32,412 [Trainer] :: Starting epoch 41
2026-05-17 08:24:12,241 [Trainer] :: Completed epoch 41: train_loss=0.104439 train_iou=0.905240 val_loss=0.353645 val_iou=0.584954 lr=0.00009551
2026-05-17 08:24:12,592 [Trainer] :: Updated latest checkpoint at epoch 41
2026-05-17 08:24:12,592 [Trainer] :: No validation IoU improvement for 27 epoch(s)
2026-05-17 08:24:12,592 [Trainer] :: Starting epoch 42
2026-05-17 08:28:45,921 [Trainer] :: Completed epoch 42: train_loss=0.098284 train_iou=0.909016 val_loss=0.324395 val_iou=0.607227 lr=0.00009529
2026-05-17 08:28:46,310 [Trainer] :: Updated latest checkpoint at epoch 42
2026-05-17 08:28:46,311 [Trainer] :: No validation IoU improvement for 28 epoch(s)
2026-05-17 08:28:46,311 [Trainer] :: Starting epoch 43
2026-05-17 08:33:24,432 [Trainer] :: Completed epoch 43: train_loss=0.099272 train_iou=0.909171 val_loss=0.409796 val_iou=0.537034 lr=0.00009507
2026-05-17 08:33:24,777 [Trainer] :: Updated latest checkpoint at epoch 43
2026-05-17 08:33:24,777 [Trainer] :: No validation IoU improvement for 29 epoch(s)
2026-05-17 08:33:24,777 [Trainer] :: Starting epoch 44
2026-05-17 08:38:00,965 [Trainer] :: Completed epoch 44: train_loss=0.097336 train_iou=0.908867 val_loss=0.365010 val_iou=0.560688 lr=0.00009484
2026-05-17 08:38:01,369 [Trainer] :: Updated latest checkpoint at epoch 44
2026-05-17 08:38:01,369 [Trainer] :: No validation IoU improvement for 30 epoch(s)
2026-05-17 08:38:01,369 [Trainer] :: Starting epoch 45
2026-05-17 08:42:37,366 [Trainer] :: Completed epoch 45: train_loss=0.094805 train_iou=0.912245 val_loss=0.358373 val_iou=0.571738 lr=0.00009460
2026-05-17 08:42:37,737 [Trainer] :: Updated latest checkpoint at epoch 45
2026-05-17 08:42:37,737 [Trainer] :: No validation IoU improvement for 31 epoch(s)
2026-05-17 08:42:37,737 [Trainer] :: Starting epoch 46
2026-05-17 08:47:13,374 [Trainer] :: Completed epoch 46: train_loss=0.095579 train_iou=0.912227 val_loss=0.344538 val_iou=0.617820 lr=0.00009437
2026-05-17 08:47:13,712 [Trainer] :: Updated latest checkpoint at epoch 46
2026-05-17 08:47:13,712 [Trainer] :: No validation IoU improvement for 32 epoch(s)
2026-05-17 08:47:13,712 [Trainer] :: Starting epoch 47
2026-05-17 08:51:51,633 [Trainer] :: Completed epoch 47: train_loss=0.096973 train_iou=0.911032 val_loss=0.395463 val_iou=0.556439 lr=0.00009412
2026-05-17 08:51:52,050 [Trainer] :: Updated latest checkpoint at epoch 47
2026-05-17 08:51:52,050 [Trainer] :: No validation IoU improvement for 33 epoch(s)
2026-05-17 08:51:52,050 [Trainer] :: Starting epoch 48
2026-05-17 08:56:28,900 [Trainer] :: Completed epoch 48: train_loss=0.094873 train_iou=0.911085 val_loss=0.333246 val_iou=0.604859 lr=0.00009388
2026-05-17 08:56:29,245 [Trainer] :: Updated latest checkpoint at epoch 48
2026-05-17 08:56:29,246 [Trainer] :: No validation IoU improvement for 34 epoch(s)
2026-05-17 08:56:29,246 [Trainer] :: Starting epoch 49
2026-05-17 09:01:03,026 [Trainer] :: Completed epoch 49: train_loss=0.094719 train_iou=0.912193 val_loss=0.374131 val_iou=0.576224 lr=0.00009363
2026-05-17 09:01:03,369 [Trainer] :: Updated latest checkpoint at epoch 49
2026-05-17 09:01:03,369 [Trainer] :: No validation IoU improvement for 35 epoch(s)
2026-05-17 09:01:03,369 [Trainer] :: Starting epoch 50
2026-05-17 09:05:38,482 [Trainer] :: Completed epoch 50: train_loss=0.093222 train_iou=0.913177 val_loss=0.410657 val_iou=0.537190 lr=0.00009337
2026-05-17 09:05:38,866 [Trainer] :: Updated latest checkpoint at epoch 50
2026-05-17 09:05:38,867 [Trainer] :: No validation IoU improvement for 36 epoch(s)
2026-05-17 09:05:38,867 [Trainer] :: Starting epoch 51
2026-05-17 09:10:18,249 [Trainer] :: Completed epoch 51: train_loss=0.090409 train_iou=0.915859 val_loss=0.347804 val_iou=0.580721 lr=0.00009311
2026-05-17 09:10:18,617 [Trainer] :: Updated latest checkpoint at epoch 51
2026-05-17 09:10:18,617 [Trainer] :: No validation IoU improvement for 37 epoch(s)
2026-05-17 09:10:18,617 [Trainer] :: Starting epoch 52
2026-05-17 09:15:00,584 [Trainer] :: Completed epoch 52: train_loss=0.090556 train_iou=0.916121 val_loss=0.380467 val_iou=0.585293 lr=0.00009284
2026-05-17 09:15:00,954 [Trainer] :: Updated latest checkpoint at epoch 52
2026-05-17 09:15:00,955 [Trainer] :: No validation IoU improvement for 38 epoch(s)
2026-05-17 09:15:00,955 [Trainer] :: Starting epoch 53
2026-05-17 09:19:39,759 [Trainer] :: Completed epoch 53: train_loss=0.088931 train_iou=0.916567 val_loss=0.385739 val_iou=0.569862 lr=0.00009257
2026-05-17 09:19:40,292 [Trainer] :: Updated latest checkpoint at epoch 53
2026-05-17 09:19:40,292 [Trainer] :: No validation IoU improvement for 39 epoch(s)
2026-05-17 09:19:40,292 [Trainer] :: Starting epoch 54
2026-05-17 09:24:18,193 [Trainer] :: Completed epoch 54: train_loss=0.088134 train_iou=0.916662 val_loss=0.358319 val_iou=0.580143 lr=0.00009229
2026-05-17 09:24:18,563 [Trainer] :: Updated latest checkpoint at epoch 54
2026-05-17 09:24:18,564 [Trainer] :: No validation IoU improvement for 40 epoch(s)
2026-05-17 09:24:18,564 [Trainer] :: Starting epoch 55
2026-05-17 09:28:53,613 [Trainer] :: Completed epoch 55: train_loss=0.087983 train_iou=0.918297 val_loss=0.356741 val_iou=0.593002 lr=0.00009201
2026-05-17 09:28:53,999 [Trainer] :: Updated latest checkpoint at epoch 55
2026-05-17 09:28:53,999 [Trainer] :: No validation IoU improvement for 41 epoch(s)
2026-05-17 09:28:53,999 [Trainer] :: Starting epoch 56
2026-05-17 09:33:32,213 [Trainer] :: Completed epoch 56: train_loss=0.086532 train_iou=0.918232 val_loss=0.358105 val_iou=0.613690 lr=0.00009173
2026-05-17 09:33:32,563 [Trainer] :: Updated latest checkpoint at epoch 56
2026-05-17 09:33:32,563 [Trainer] :: No validation IoU improvement for 42 epoch(s)
2026-05-17 09:33:32,563 [Trainer] :: Starting epoch 57
2026-05-17 09:38:08,749 [Trainer] :: Completed epoch 57: train_loss=0.084475 train_iou=0.921290 val_loss=0.370817 val_iou=0.592906 lr=0.00009144
2026-05-17 09:38:09,122 [Trainer] :: Updated latest checkpoint at epoch 57
2026-05-17 09:38:09,122 [Trainer] :: No validation IoU improvement for 43 epoch(s)
2026-05-17 09:38:09,122 [Trainer] :: Starting epoch 58
2026-05-17 09:42:40,732 [Trainer] :: Completed epoch 58: train_loss=0.084734 train_iou=0.920233 val_loss=0.401289 val_iou=0.573770 lr=0.00009115
2026-05-17 09:42:41,137 [Trainer] :: Updated latest checkpoint at epoch 58
2026-05-17 09:42:41,137 [Trainer] :: No validation IoU improvement for 44 epoch(s)
2026-05-17 09:42:41,137 [Trainer] :: Starting epoch 59
2026-05-17 09:47:13,185 [Trainer] :: Completed epoch 59: train_loss=0.083225 train_iou=0.921864 val_loss=0.396864 val_iou=0.558921 lr=0.00009085
2026-05-17 09:47:13,522 [Trainer] :: Updated latest checkpoint at epoch 59
2026-05-17 09:47:13,522 [Trainer] :: No validation IoU improvement for 45 epoch(s)
2026-05-17 09:47:13,522 [Trainer] :: Starting epoch 60
2026-05-17 09:51:52,395 [Trainer] :: Completed epoch 60: train_loss=0.082489 train_iou=0.921507 val_loss=0.380538 val_iou=0.587900 lr=0.00009055
2026-05-17 09:51:52,735 [Trainer] :: Updated latest checkpoint at epoch 60
2026-05-17 09:51:52,735 [Trainer] :: No validation IoU improvement for 46 epoch(s)
2026-05-17 09:51:52,735 [Trainer] :: Starting epoch 61
2026-05-17 09:56:28,560 [Trainer] :: Completed epoch 61: train_loss=0.082197 train_iou=0.922849 val_loss=0.405269 val_iou=0.562482 lr=0.00009024
2026-05-17 09:56:28,921 [Trainer] :: Updated latest checkpoint at epoch 61
2026-05-17 09:56:28,921 [Trainer] :: No validation IoU improvement for 47 epoch(s)
2026-05-17 09:56:28,921 [Trainer] :: Starting epoch 62
2026-05-17 10:01:04,514 [Trainer] :: Completed epoch 62: train_loss=0.082336 train_iou=0.921886 val_loss=0.417484 val_iou=0.558182 lr=0.00008993
2026-05-17 10:01:04,886 [Trainer] :: Updated latest checkpoint at epoch 62
2026-05-17 10:01:04,886 [Trainer] :: No validation IoU improvement for 48 epoch(s)
2026-05-17 10:01:04,886 [Trainer] :: Starting epoch 63
2026-05-17 10:05:40,013 [Trainer] :: Completed epoch 63: train_loss=0.081412 train_iou=0.922766 val_loss=0.350015 val_iou=0.601029 lr=0.00008961
2026-05-17 10:05:40,366 [Trainer] :: Updated latest checkpoint at epoch 63
2026-05-17 10:05:40,367 [Trainer] :: No validation IoU improvement for 49 epoch(s)
2026-05-17 10:05:40,367 [Trainer] :: Starting epoch 64
2026-05-17 10:10:16,276 [Trainer] :: Completed epoch 64: train_loss=0.081018 train_iou=0.924066 val_loss=0.348001 val_iou=0.610352 lr=0.00008929
2026-05-17 10:10:16,839 [Trainer] :: Updated latest checkpoint at epoch 64
2026-05-17 10:10:16,839 [Trainer] :: No validation IoU improvement for 50 epoch(s)
2026-05-17 10:10:16,839 [Trainer] :: Starting epoch 65
2026-05-17 10:14:53,387 [Trainer] :: Completed epoch 65: train_loss=0.080861 train_iou=0.924431 val_loss=0.362906 val_iou=0.587829 lr=0.00008897
2026-05-17 10:14:53,751 [Trainer] :: Updated latest checkpoint at epoch 65
2026-05-17 10:14:53,751 [Trainer] :: No validation IoU improvement for 51 epoch(s)
2026-05-17 10:14:53,751 [Trainer] :: Starting epoch 66
2026-05-17 10:19:26,016 [Trainer] :: Completed epoch 66: train_loss=0.080195 train_iou=0.924505 val_loss=0.396669 val_iou=0.555248 lr=0.00008864
2026-05-17 10:19:26,373 [Trainer] :: Updated latest checkpoint at epoch 66
2026-05-17 10:19:26,374 [Trainer] :: No validation IoU improvement for 52 epoch(s)
2026-05-17 10:19:26,374 [Trainer] :: Starting epoch 67
2026-05-17 10:24:03,693 [Trainer] :: Completed epoch 67: train_loss=0.077948 train_iou=0.926038 val_loss=0.482935 val_iou=0.538574 lr=0.00008831
2026-05-17 10:24:04,046 [Trainer] :: Updated latest checkpoint at epoch 67
2026-05-17 10:24:04,046 [Trainer] :: No validation IoU improvement for 53 epoch(s)
2026-05-17 10:24:04,046 [Trainer] :: Starting epoch 68
2026-05-17 10:28:49,708 [Trainer] :: Completed epoch 68: train_loss=0.076664 train_iou=0.927899 val_loss=0.365112 val_iou=0.602961 lr=0.00008797
2026-05-17 10:28:50,419 [Trainer] :: Updated latest checkpoint at epoch 68
2026-05-17 10:28:50,419 [Trainer] :: No validation IoU improvement for 54 epoch(s)
2026-05-17 10:28:50,419 [Trainer] :: Starting epoch 69
2026-05-17 10:33:31,230 [Trainer] :: Completed epoch 69: train_loss=0.078105 train_iou=0.926013 val_loss=0.378339 val_iou=0.589337 lr=0.00008763
2026-05-17 10:33:31,622 [Trainer] :: Updated latest checkpoint at epoch 69
2026-05-17 10:33:31,622 [Trainer] :: No validation IoU improvement for 55 epoch(s)
2026-05-17 10:33:31,622 [Trainer] :: Starting epoch 70
2026-05-17 10:38:11,978 [Trainer] :: Completed epoch 70: train_loss=0.077137 train_iou=0.927246 val_loss=0.354832 val_iou=0.604121 lr=0.00008729
2026-05-17 10:38:12,333 [Trainer] :: Updated latest checkpoint at epoch 70
2026-05-17 10:38:12,333 [Trainer] :: No validation IoU improvement for 56 epoch(s)
2026-05-17 10:38:12,333 [Trainer] :: Starting epoch 71
2026-05-17 10:42:53,352 [Trainer] :: Completed epoch 71: train_loss=0.076881 train_iou=0.927348 val_loss=0.367010 val_iou=0.580831 lr=0.00008694
2026-05-17 10:42:53,879 [Trainer] :: Updated latest checkpoint at epoch 71
2026-05-17 10:42:53,880 [Trainer] :: No validation IoU improvement for 57 epoch(s)
2026-05-17 10:42:53,880 [Trainer] :: Starting epoch 72
2026-05-17 10:47:37,389 [Trainer] :: Completed epoch 72: train_loss=0.075451 train_iou=0.928068 val_loss=0.416586 val_iou=0.584131 lr=0.00008658
2026-05-17 10:47:37,715 [Trainer] :: Updated latest checkpoint at epoch 72
2026-05-17 10:47:37,715 [Trainer] :: No validation IoU improvement for 58 epoch(s)
2026-05-17 10:47:37,715 [Trainer] :: Starting epoch 73
2026-05-17 10:52:22,226 [Trainer] :: Completed epoch 73: train_loss=0.077004 train_iou=0.927863 val_loss=0.348270 val_iou=0.602829 lr=0.00008623
2026-05-17 10:52:22,609 [Trainer] :: Updated latest checkpoint at epoch 73
2026-05-17 10:52:22,610 [Trainer] :: No validation IoU improvement for 59 epoch(s)
2026-05-17 10:52:22,610 [Trainer] :: Starting epoch 74
2026-05-17 10:57:14,102 [Trainer] :: Completed epoch 74: train_loss=0.074596 train_iou=0.928914 val_loss=0.501308 val_iou=0.541498 lr=0.00008587
2026-05-17 10:57:14,633 [Trainer] :: Updated latest checkpoint at epoch 74
2026-05-17 10:57:14,633 [Trainer] :: No validation IoU improvement for 60 epoch(s)
2026-05-17 10:57:14,633 [Trainer] :: Early stopping triggered after 60 epoch(s) without improvement
2026-05-17 11:00:39,050 [Trainer] :: Wrote training history to outputs/runs/rgb_unetplusplus_resnet34_fuzzy_halo_seed48_20260517T031207Z/metrics/history.json
2026-05-17 11:00:39,050 [Trainer] :: Wrote test summary to outputs/runs/rgb_unetplusplus_resnet34_fuzzy_halo_seed48_20260517T031207Z/metrics/test_summary.json
2026-05-17 11:00:39,050 [Trainer] :: Training completed
