2026-05-03 20:43:00,149 [Trainer] :: Training run initialized at /ceph/home/student.aau.dk/qd36zu/fuzzy-p10/tbd/masking/outputs/runs/rgb_real_msi_deeplabv3plus_resnet50_seed48_20260503T184300Z
2026-05-03 20:43:00,149 [Trainer] :: Loaded config from /ceph/home/student.aau.dk/qd36zu/fuzzy-p10/tbd/masking/configs/binary/rgb_real_msi_deeplabv3plus_resnet50.yaml
2026-05-03 20:43:00,149 [Trainer] :: Using seed=48 and device=None
2026-05-03 20:43:00,149 [Trainer] :: Using model architecture=DeepLabV3Plus encoder=resnet50 encoder_weights=imagenet
2026-05-03 20:43:00,468 [Trainer] :: Resolved runtime device to cuda
2026-05-03 20:43:00,469 [Trainer] :: Prepared normalization from source=train_split_patch_stats
2026-05-03 20:43:05,100 [Trainer] :: Built dataloaders with batch_size=16, num_workers=0
2026-05-03 20:43:05,101 [Trainer] :: Starting epoch 1
2026-05-03 20:47:22,203 [Trainer] :: Completed epoch 1: train_loss=0.393896 train_iou=0.674072 val_loss=0.398031 val_iou=0.488094 lr=0.00010000
2026-05-03 20:47:22,519 [Trainer] :: Updated latest checkpoint at epoch 1
2026-05-03 20:47:22,815 [Trainer] :: New best checkpoint saved with val_iou=0.488094
2026-05-03 20:47:22,815 [Trainer] :: Starting epoch 2
2026-05-03 20:51:33,397 [Trainer] :: Completed epoch 2: train_loss=0.292919 train_iou=0.747466 val_loss=0.318471 val_iou=0.591734 lr=0.00009999
2026-05-03 20:51:33,796 [Trainer] :: Updated latest checkpoint at epoch 2
2026-05-03 20:51:34,196 [Trainer] :: New best checkpoint saved with val_iou=0.591734
2026-05-03 20:51:34,196 [Trainer] :: Starting epoch 3
2026-05-03 20:55:18,040 [Trainer] :: Completed epoch 3: train_loss=0.263353 train_iou=0.769560 val_loss=0.304066 val_iou=0.606109 lr=0.00009998
2026-05-03 20:55:18,384 [Trainer] :: Updated latest checkpoint at epoch 3
2026-05-03 20:55:18,714 [Trainer] :: New best checkpoint saved with val_iou=0.606109
2026-05-03 20:55:18,715 [Trainer] :: Starting epoch 4
2026-05-03 20:59:01,703 [Trainer] :: Completed epoch 4: train_loss=0.253358 train_iou=0.779685 val_loss=0.285117 val_iou=0.596009 lr=0.00009996
2026-05-03 20:59:02,127 [Trainer] :: Updated latest checkpoint at epoch 4
2026-05-03 20:59:02,128 [Trainer] :: No validation IoU improvement for 1 epoch(s)
2026-05-03 20:59:02,128 [Trainer] :: Starting epoch 5
2026-05-03 21:02:45,664 [Trainer] :: Completed epoch 5: train_loss=0.235800 train_iou=0.793973 val_loss=0.279144 val_iou=0.620236 lr=0.00009993
2026-05-03 21:02:46,012 [Trainer] :: Updated latest checkpoint at epoch 5
2026-05-03 21:02:46,398 [Trainer] :: New best checkpoint saved with val_iou=0.620236
2026-05-03 21:02:46,398 [Trainer] :: Starting epoch 6
2026-05-03 21:06:31,348 [Trainer] :: Completed epoch 6: train_loss=0.223382 train_iou=0.805260 val_loss=0.295866 val_iou=0.583545 lr=0.00009990
2026-05-03 21:06:31,840 [Trainer] :: Updated latest checkpoint at epoch 6
2026-05-03 21:06:31,841 [Trainer] :: No validation IoU improvement for 1 epoch(s)
2026-05-03 21:06:31,841 [Trainer] :: Starting epoch 7
2026-05-03 21:10:19,585 [Trainer] :: Completed epoch 7: train_loss=0.225938 train_iou=0.797433 val_loss=0.323442 val_iou=0.555408 lr=0.00009987
2026-05-03 21:10:19,948 [Trainer] :: Updated latest checkpoint at epoch 7
2026-05-03 21:10:19,948 [Trainer] :: No validation IoU improvement for 2 epoch(s)
2026-05-03 21:10:19,948 [Trainer] :: Starting epoch 8
2026-05-03 21:14:16,141 [Trainer] :: Completed epoch 8: train_loss=0.204481 train_iou=0.819280 val_loss=0.276360 val_iou=0.616454 lr=0.00009983
2026-05-03 21:14:16,486 [Trainer] :: Updated latest checkpoint at epoch 8
2026-05-03 21:14:16,486 [Trainer] :: No validation IoU improvement for 3 epoch(s)
2026-05-03 21:14:16,486 [Trainer] :: Starting epoch 9
2026-05-03 21:18:02,383 [Trainer] :: Completed epoch 9: train_loss=0.199653 train_iou=0.821135 val_loss=0.258230 val_iou=0.633766 lr=0.00009978
2026-05-03 21:18:02,772 [Trainer] :: Updated latest checkpoint at epoch 9
2026-05-03 21:18:03,092 [Trainer] :: New best checkpoint saved with val_iou=0.633766
2026-05-03 21:18:03,092 [Trainer] :: Starting epoch 10
2026-05-03 21:21:49,588 [Trainer] :: Completed epoch 10: train_loss=0.187891 train_iou=0.835510 val_loss=0.261573 val_iou=0.633455 lr=0.00009973
2026-05-03 21:21:49,966 [Trainer] :: Updated latest checkpoint at epoch 10
2026-05-03 21:21:49,966 [Trainer] :: No validation IoU improvement for 1 epoch(s)
2026-05-03 21:21:49,966 [Trainer] :: Starting epoch 11
2026-05-03 21:25:51,684 [Trainer] :: Completed epoch 11: train_loss=0.190672 train_iou=0.828867 val_loss=0.288222 val_iou=0.604495 lr=0.00009967
2026-05-03 21:25:52,060 [Trainer] :: Updated latest checkpoint at epoch 11
2026-05-03 21:25:52,060 [Trainer] :: No validation IoU improvement for 2 epoch(s)
2026-05-03 21:25:52,061 [Trainer] :: Starting epoch 12
2026-05-03 21:29:54,426 [Trainer] :: Completed epoch 12: train_loss=0.182477 train_iou=0.836726 val_loss=0.278205 val_iou=0.618916 lr=0.00009961
2026-05-03 21:29:55,054 [Trainer] :: Updated latest checkpoint at epoch 12
2026-05-03 21:29:55,054 [Trainer] :: No validation IoU improvement for 3 epoch(s)
2026-05-03 21:29:55,054 [Trainer] :: Starting epoch 13
2026-05-03 21:33:45,660 [Trainer] :: Completed epoch 13: train_loss=0.178542 train_iou=0.840917 val_loss=0.275857 val_iou=0.608793 lr=0.00009954
2026-05-03 21:33:46,020 [Trainer] :: Updated latest checkpoint at epoch 13
2026-05-03 21:33:46,020 [Trainer] :: No validation IoU improvement for 4 epoch(s)
2026-05-03 21:33:46,020 [Trainer] :: Starting epoch 14
2026-05-03 21:37:32,539 [Trainer] :: Completed epoch 14: train_loss=0.170729 train_iou=0.844195 val_loss=0.274864 val_iou=0.615929 lr=0.00009947
2026-05-03 21:37:32,910 [Trainer] :: Updated latest checkpoint at epoch 14
2026-05-03 21:37:32,910 [Trainer] :: No validation IoU improvement for 5 epoch(s)
2026-05-03 21:37:32,910 [Trainer] :: Starting epoch 15
2026-05-03 21:41:17,882 [Trainer] :: Completed epoch 15: train_loss=0.157693 train_iou=0.851864 val_loss=0.294215 val_iou=0.588922 lr=0.00009939
2026-05-03 21:41:18,239 [Trainer] :: Updated latest checkpoint at epoch 15
2026-05-03 21:41:18,239 [Trainer] :: No validation IoU improvement for 6 epoch(s)
2026-05-03 21:41:18,239 [Trainer] :: Starting epoch 16
2026-05-03 21:45:05,418 [Trainer] :: Completed epoch 16: train_loss=0.158565 train_iou=0.852139 val_loss=0.295578 val_iou=0.612070 lr=0.00009931
2026-05-03 21:45:05,771 [Trainer] :: Updated latest checkpoint at epoch 16
2026-05-03 21:45:05,771 [Trainer] :: No validation IoU improvement for 7 epoch(s)
2026-05-03 21:45:05,771 [Trainer] :: Starting epoch 17
2026-05-03 21:48:50,370 [Trainer] :: Completed epoch 17: train_loss=0.156364 train_iou=0.851172 val_loss=0.270862 val_iou=0.625488 lr=0.00009922
2026-05-03 21:48:50,794 [Trainer] :: Updated latest checkpoint at epoch 17
2026-05-03 21:48:50,795 [Trainer] :: No validation IoU improvement for 8 epoch(s)
2026-05-03 21:48:50,795 [Trainer] :: Starting epoch 18
2026-05-03 21:52:36,730 [Trainer] :: Completed epoch 18: train_loss=0.141594 train_iou=0.859315 val_loss=0.291913 val_iou=0.600796 lr=0.00009912
2026-05-03 21:52:37,422 [Trainer] :: Updated latest checkpoint at epoch 18
2026-05-03 21:52:37,422 [Trainer] :: No validation IoU improvement for 9 epoch(s)
2026-05-03 21:52:37,422 [Trainer] :: Starting epoch 19
2026-05-03 21:56:29,369 [Trainer] :: Completed epoch 19: train_loss=0.140182 train_iou=0.864997 val_loss=0.273130 val_iou=0.626298 lr=0.00009902
2026-05-03 21:56:29,740 [Trainer] :: Updated latest checkpoint at epoch 19
2026-05-03 21:56:29,740 [Trainer] :: No validation IoU improvement for 10 epoch(s)
2026-05-03 21:56:29,740 [Trainer] :: Starting epoch 20
2026-05-03 22:00:11,985 [Trainer] :: Completed epoch 20: train_loss=0.139942 train_iou=0.864552 val_loss=0.290031 val_iou=0.605303 lr=0.00009892
2026-05-03 22:00:12,328 [Trainer] :: Updated latest checkpoint at epoch 20
2026-05-03 22:00:12,328 [Trainer] :: No validation IoU improvement for 11 epoch(s)
2026-05-03 22:00:12,328 [Trainer] :: Starting epoch 21
2026-05-03 22:03:55,367 [Trainer] :: Completed epoch 21: train_loss=0.130660 train_iou=0.871075 val_loss=0.280950 val_iou=0.618219 lr=0.00009881
2026-05-03 22:03:55,726 [Trainer] :: Updated latest checkpoint at epoch 21
2026-05-03 22:03:55,726 [Trainer] :: No validation IoU improvement for 12 epoch(s)
2026-05-03 22:03:55,726 [Trainer] :: Starting epoch 22
2026-05-03 22:07:38,050 [Trainer] :: Completed epoch 22: train_loss=0.125719 train_iou=0.874963 val_loss=0.268608 val_iou=0.632114 lr=0.00009869
2026-05-03 22:07:38,493 [Trainer] :: Updated latest checkpoint at epoch 22
2026-05-03 22:07:38,493 [Trainer] :: No validation IoU improvement for 13 epoch(s)
2026-05-03 22:07:38,493 [Trainer] :: Starting epoch 23
2026-05-03 22:11:21,064 [Trainer] :: Completed epoch 23: train_loss=0.121608 train_iou=0.876877 val_loss=0.297524 val_iou=0.599710 lr=0.00009857
2026-05-03 22:11:21,429 [Trainer] :: Updated latest checkpoint at epoch 23
2026-05-03 22:11:21,429 [Trainer] :: No validation IoU improvement for 14 epoch(s)
2026-05-03 22:11:21,429 [Trainer] :: Starting epoch 24
2026-05-03 22:15:03,152 [Trainer] :: Completed epoch 24: train_loss=0.119412 train_iou=0.880757 val_loss=0.290590 val_iou=0.612886 lr=0.00009844
2026-05-03 22:15:03,754 [Trainer] :: Updated latest checkpoint at epoch 24
2026-05-03 22:15:03,754 [Trainer] :: No validation IoU improvement for 15 epoch(s)
2026-05-03 22:15:03,754 [Trainer] :: Starting epoch 25
2026-05-03 22:18:48,043 [Trainer] :: Completed epoch 25: train_loss=0.125211 train_iou=0.876412 val_loss=0.279614 val_iou=0.619573 lr=0.00009831
2026-05-03 22:18:48,623 [Trainer] :: Updated latest checkpoint at epoch 25
2026-05-03 22:18:48,623 [Trainer] :: No validation IoU improvement for 16 epoch(s)
2026-05-03 22:18:48,623 [Trainer] :: Starting epoch 26
2026-05-03 22:22:28,441 [Trainer] :: Completed epoch 26: train_loss=0.119019 train_iou=0.880629 val_loss=0.298138 val_iou=0.607727 lr=0.00009818
2026-05-03 22:22:28,798 [Trainer] :: Updated latest checkpoint at epoch 26
2026-05-03 22:22:28,798 [Trainer] :: No validation IoU improvement for 17 epoch(s)
2026-05-03 22:22:28,798 [Trainer] :: Starting epoch 27
2026-05-03 22:26:08,738 [Trainer] :: Completed epoch 27: train_loss=0.112963 train_iou=0.886678 val_loss=0.278115 val_iou=0.623282 lr=0.00009803
2026-05-03 22:26:09,093 [Trainer] :: Updated latest checkpoint at epoch 27
2026-05-03 22:26:09,093 [Trainer] :: No validation IoU improvement for 18 epoch(s)
2026-05-03 22:26:09,093 [Trainer] :: Starting epoch 28
2026-05-03 22:29:47,950 [Trainer] :: Completed epoch 28: train_loss=0.112194 train_iou=0.885812 val_loss=0.393057 val_iou=0.525683 lr=0.00009789
2026-05-03 22:29:48,302 [Trainer] :: Updated latest checkpoint at epoch 28
2026-05-03 22:29:48,303 [Trainer] :: No validation IoU improvement for 19 epoch(s)
2026-05-03 22:29:48,303 [Trainer] :: Starting epoch 29
2026-05-03 22:33:29,276 [Trainer] :: Completed epoch 29: train_loss=0.109087 train_iou=0.886726 val_loss=0.287581 val_iou=0.613432 lr=0.00009773
2026-05-03 22:33:29,770 [Trainer] :: Updated latest checkpoint at epoch 29
2026-05-03 22:33:29,770 [Trainer] :: No validation IoU improvement for 20 epoch(s)
2026-05-03 22:33:29,770 [Trainer] :: Starting epoch 30
2026-05-03 22:37:10,661 [Trainer] :: Completed epoch 30: train_loss=0.103748 train_iou=0.892817 val_loss=0.279814 val_iou=0.621452 lr=0.00009758
2026-05-03 22:37:11,071 [Trainer] :: Updated latest checkpoint at epoch 30
2026-05-03 22:37:11,071 [Trainer] :: No validation IoU improvement for 21 epoch(s)
2026-05-03 22:37:11,071 [Trainer] :: Starting epoch 31
2026-05-03 22:40:50,647 [Trainer] :: Completed epoch 31: train_loss=0.104373 train_iou=0.890325 val_loss=0.273567 val_iou=0.623740 lr=0.00009741
2026-05-03 22:40:51,058 [Trainer] :: Updated latest checkpoint at epoch 31
2026-05-03 22:40:51,059 [Trainer] :: No validation IoU improvement for 22 epoch(s)
2026-05-03 22:40:51,059 [Trainer] :: Starting epoch 32
2026-05-03 22:44:30,381 [Trainer] :: Completed epoch 32: train_loss=0.100614 train_iou=0.896315 val_loss=0.334851 val_iou=0.586064 lr=0.00009725
2026-05-03 22:44:30,787 [Trainer] :: Updated latest checkpoint at epoch 32
2026-05-03 22:44:30,787 [Trainer] :: No validation IoU improvement for 23 epoch(s)
2026-05-03 22:44:30,787 [Trainer] :: Starting epoch 33
2026-05-03 22:48:14,653 [Trainer] :: Completed epoch 33: train_loss=0.096502 train_iou=0.900230 val_loss=0.292711 val_iou=0.602061 lr=0.00009707
2026-05-03 22:48:15,431 [Trainer] :: Updated latest checkpoint at epoch 33
2026-05-03 22:48:15,431 [Trainer] :: No validation IoU improvement for 24 epoch(s)
2026-05-03 22:48:15,431 [Trainer] :: Starting epoch 34
2026-05-03 22:52:00,546 [Trainer] :: Completed epoch 34: train_loss=0.098863 train_iou=0.897969 val_loss=0.302937 val_iou=0.600025 lr=0.00009690
2026-05-03 22:52:00,910 [Trainer] :: Updated latest checkpoint at epoch 34
2026-05-03 22:52:00,910 [Trainer] :: No validation IoU improvement for 25 epoch(s)
2026-05-03 22:52:00,910 [Trainer] :: Starting epoch 35
2026-05-03 22:55:42,461 [Trainer] :: Completed epoch 35: train_loss=0.096457 train_iou=0.900023 val_loss=0.292779 val_iou=0.619737 lr=0.00009671
2026-05-03 22:55:42,876 [Trainer] :: Updated latest checkpoint at epoch 35
2026-05-03 22:55:42,876 [Trainer] :: No validation IoU improvement for 26 epoch(s)
2026-05-03 22:55:42,876 [Trainer] :: Starting epoch 36
2026-05-03 22:59:27,363 [Trainer] :: Completed epoch 36: train_loss=0.093607 train_iou=0.903066 val_loss=0.282797 val_iou=0.613957 lr=0.00009652
2026-05-03 22:59:27,715 [Trainer] :: Updated latest checkpoint at epoch 36
2026-05-03 22:59:27,716 [Trainer] :: No validation IoU improvement for 27 epoch(s)
2026-05-03 22:59:27,716 [Trainer] :: Starting epoch 37
2026-05-03 23:03:11,918 [Trainer] :: Completed epoch 37: train_loss=0.087649 train_iou=0.907093 val_loss=0.304147 val_iou=0.621923 lr=0.00009633
2026-05-03 23:03:12,334 [Trainer] :: Updated latest checkpoint at epoch 37
2026-05-03 23:03:12,335 [Trainer] :: No validation IoU improvement for 28 epoch(s)
2026-05-03 23:03:12,335 [Trainer] :: Starting epoch 38
2026-05-03 23:06:53,984 [Trainer] :: Completed epoch 38: train_loss=0.092778 train_iou=0.901838 val_loss=0.290273 val_iou=0.613630 lr=0.00009613
2026-05-03 23:06:54,333 [Trainer] :: Updated latest checkpoint at epoch 38
2026-05-03 23:06:54,333 [Trainer] :: No validation IoU improvement for 29 epoch(s)
2026-05-03 23:06:54,333 [Trainer] :: Starting epoch 39
2026-05-03 23:10:39,871 [Trainer] :: Completed epoch 39: train_loss=0.086908 train_iou=0.907481 val_loss=0.288606 val_iou=0.621747 lr=0.00009593
2026-05-03 23:10:40,251 [Trainer] :: Updated latest checkpoint at epoch 39
2026-05-03 23:10:40,251 [Trainer] :: No validation IoU improvement for 30 epoch(s)
2026-05-03 23:10:40,251 [Trainer] :: Starting epoch 40
2026-05-03 23:14:28,420 [Trainer] :: Completed epoch 40: train_loss=0.088311 train_iou=0.905448 val_loss=0.296781 val_iou=0.623109 lr=0.00009572
2026-05-03 23:14:28,784 [Trainer] :: Updated latest checkpoint at epoch 40
2026-05-03 23:14:28,784 [Trainer] :: No validation IoU improvement for 31 epoch(s)
2026-05-03 23:14:28,784 [Trainer] :: Starting epoch 41
2026-05-03 23:18:10,778 [Trainer] :: Completed epoch 41: train_loss=0.083472 train_iou=0.909305 val_loss=0.290889 val_iou=0.618950 lr=0.00009551
2026-05-03 23:18:11,134 [Trainer] :: Updated latest checkpoint at epoch 41
2026-05-03 23:18:11,134 [Trainer] :: No validation IoU improvement for 32 epoch(s)
2026-05-03 23:18:11,134 [Trainer] :: Starting epoch 42
2026-05-03 23:21:54,242 [Trainer] :: Completed epoch 42: train_loss=0.079804 train_iou=0.913676 val_loss=0.301596 val_iou=0.618490 lr=0.00009529
2026-05-03 23:21:55,471 [Trainer] :: Updated latest checkpoint at epoch 42
2026-05-03 23:21:55,471 [Trainer] :: No validation IoU improvement for 33 epoch(s)
2026-05-03 23:21:55,471 [Trainer] :: Starting epoch 43
2026-05-03 23:25:39,868 [Trainer] :: Completed epoch 43: train_loss=0.081977 train_iou=0.912144 val_loss=0.289679 val_iou=0.623339 lr=0.00009507
2026-05-03 23:25:40,235 [Trainer] :: Updated latest checkpoint at epoch 43
2026-05-03 23:25:40,235 [Trainer] :: No validation IoU improvement for 34 epoch(s)
2026-05-03 23:25:40,235 [Trainer] :: Starting epoch 44
2026-05-03 23:29:26,761 [Trainer] :: Completed epoch 44: train_loss=0.082279 train_iou=0.913094 val_loss=0.297527 val_iou=0.629915 lr=0.00009484
2026-05-03 23:29:27,133 [Trainer] :: Updated latest checkpoint at epoch 44
2026-05-03 23:29:27,133 [Trainer] :: No validation IoU improvement for 35 epoch(s)
2026-05-03 23:29:27,133 [Trainer] :: Starting epoch 45
2026-05-03 23:33:16,183 [Trainer] :: Completed epoch 45: train_loss=0.079489 train_iou=0.913158 val_loss=0.316080 val_iou=0.603954 lr=0.00009460
2026-05-03 23:33:16,614 [Trainer] :: Updated latest checkpoint at epoch 45
2026-05-03 23:33:16,614 [Trainer] :: No validation IoU improvement for 36 epoch(s)
2026-05-03 23:33:16,614 [Trainer] :: Starting epoch 46
2026-05-03 23:36:58,554 [Trainer] :: Completed epoch 46: train_loss=0.078817 train_iou=0.914882 val_loss=0.301976 val_iou=0.606088 lr=0.00009437
2026-05-03 23:36:59,120 [Trainer] :: Updated latest checkpoint at epoch 46
2026-05-03 23:36:59,121 [Trainer] :: No validation IoU improvement for 37 epoch(s)
2026-05-03 23:36:59,121 [Trainer] :: Starting epoch 47
2026-05-03 23:40:39,973 [Trainer] :: Completed epoch 47: train_loss=0.079484 train_iou=0.913766 val_loss=0.293916 val_iou=0.628011 lr=0.00009412
2026-05-03 23:40:40,320 [Trainer] :: Updated latest checkpoint at epoch 47
2026-05-03 23:40:40,320 [Trainer] :: No validation IoU improvement for 38 epoch(s)
2026-05-03 23:40:40,320 [Trainer] :: Starting epoch 48
2026-05-03 23:44:20,224 [Trainer] :: Completed epoch 48: train_loss=0.080862 train_iou=0.913331 val_loss=0.333275 val_iou=0.584370 lr=0.00009388
2026-05-03 23:44:20,647 [Trainer] :: Updated latest checkpoint at epoch 48
2026-05-03 23:44:20,647 [Trainer] :: No validation IoU improvement for 39 epoch(s)
2026-05-03 23:44:20,647 [Trainer] :: Starting epoch 49
2026-05-03 23:48:01,095 [Trainer] :: Completed epoch 49: train_loss=0.072738 train_iou=0.919828 val_loss=0.303612 val_iou=0.613932 lr=0.00009363
2026-05-03 23:48:01,448 [Trainer] :: Updated latest checkpoint at epoch 49
2026-05-03 23:48:01,448 [Trainer] :: No validation IoU improvement for 40 epoch(s)
2026-05-03 23:48:01,448 [Trainer] :: Starting epoch 50
2026-05-03 23:51:41,245 [Trainer] :: Completed epoch 50: train_loss=0.073803 train_iou=0.920236 val_loss=0.312860 val_iou=0.601434 lr=0.00009337
2026-05-03 23:51:41,647 [Trainer] :: Updated latest checkpoint at epoch 50
2026-05-03 23:51:41,647 [Trainer] :: No validation IoU improvement for 41 epoch(s)
2026-05-03 23:51:41,647 [Trainer] :: Starting epoch 51
2026-05-03 23:55:22,010 [Trainer] :: Completed epoch 51: train_loss=0.069969 train_iou=0.924766 val_loss=0.294743 val_iou=0.626626 lr=0.00009311
2026-05-03 23:55:22,361 [Trainer] :: Updated latest checkpoint at epoch 51
2026-05-03 23:55:22,361 [Trainer] :: No validation IoU improvement for 42 epoch(s)
2026-05-03 23:55:22,361 [Trainer] :: Starting epoch 52
2026-05-03 23:59:02,701 [Trainer] :: Completed epoch 52: train_loss=0.071634 train_iou=0.922629 val_loss=0.304096 val_iou=0.614943 lr=0.00009284
2026-05-03 23:59:03,092 [Trainer] :: Updated latest checkpoint at epoch 52
2026-05-03 23:59:03,093 [Trainer] :: No validation IoU improvement for 43 epoch(s)
2026-05-03 23:59:03,093 [Trainer] :: Starting epoch 53
2026-05-04 00:02:43,000 [Trainer] :: Completed epoch 53: train_loss=0.069930 train_iou=0.923522 val_loss=0.319813 val_iou=0.614179 lr=0.00009257
2026-05-04 00:02:43,469 [Trainer] :: Updated latest checkpoint at epoch 53
2026-05-04 00:02:43,470 [Trainer] :: No validation IoU improvement for 44 epoch(s)
2026-05-04 00:02:43,470 [Trainer] :: Starting epoch 54
2026-05-04 00:06:23,290 [Trainer] :: Completed epoch 54: train_loss=0.068184 train_iou=0.925804 val_loss=0.308415 val_iou=0.614620 lr=0.00009229
2026-05-04 00:06:23,630 [Trainer] :: Updated latest checkpoint at epoch 54
2026-05-04 00:06:23,631 [Trainer] :: No validation IoU improvement for 45 epoch(s)
2026-05-04 00:06:23,631 [Trainer] :: Starting epoch 55
2026-05-04 00:10:03,778 [Trainer] :: Completed epoch 55: train_loss=0.066736 train_iou=0.927632 val_loss=0.321284 val_iou=0.607172 lr=0.00009201
2026-05-04 00:10:04,252 [Trainer] :: Updated latest checkpoint at epoch 55
2026-05-04 00:10:04,252 [Trainer] :: No validation IoU improvement for 46 epoch(s)
2026-05-04 00:10:04,252 [Trainer] :: Starting epoch 56
2026-05-04 00:13:44,475 [Trainer] :: Completed epoch 56: train_loss=0.068147 train_iou=0.926544 val_loss=0.322465 val_iou=0.603063 lr=0.00009173
2026-05-04 00:13:44,883 [Trainer] :: Updated latest checkpoint at epoch 56
2026-05-04 00:13:44,883 [Trainer] :: No validation IoU improvement for 47 epoch(s)
2026-05-04 00:13:44,883 [Trainer] :: Starting epoch 57
2026-05-04 00:17:24,845 [Trainer] :: Completed epoch 57: train_loss=0.068514 train_iou=0.925334 val_loss=0.316104 val_iou=0.609438 lr=0.00009144
2026-05-04 00:17:25,198 [Trainer] :: Updated latest checkpoint at epoch 57
2026-05-04 00:17:25,198 [Trainer] :: No validation IoU improvement for 48 epoch(s)
2026-05-04 00:17:25,198 [Trainer] :: Starting epoch 58
2026-05-04 00:21:05,169 [Trainer] :: Completed epoch 58: train_loss=0.067253 train_iou=0.926643 val_loss=0.319024 val_iou=0.623335 lr=0.00009115
2026-05-04 00:21:05,556 [Trainer] :: Updated latest checkpoint at epoch 58
2026-05-04 00:21:05,556 [Trainer] :: No validation IoU improvement for 49 epoch(s)
2026-05-04 00:21:05,556 [Trainer] :: Starting epoch 59
2026-05-04 00:24:45,387 [Trainer] :: Completed epoch 59: train_loss=0.064357 train_iou=0.929759 val_loss=0.315128 val_iou=0.605351 lr=0.00009085
2026-05-04 00:24:45,747 [Trainer] :: Updated latest checkpoint at epoch 59
2026-05-04 00:24:45,747 [Trainer] :: No validation IoU improvement for 50 epoch(s)
2026-05-04 00:24:45,747 [Trainer] :: Starting epoch 60
2026-05-04 00:28:26,455 [Trainer] :: Completed epoch 60: train_loss=0.064630 train_iou=0.930478 val_loss=0.300005 val_iou=0.626072 lr=0.00009055
2026-05-04 00:28:26,797 [Trainer] :: Updated latest checkpoint at epoch 60
2026-05-04 00:28:26,797 [Trainer] :: No validation IoU improvement for 51 epoch(s)
2026-05-04 00:28:26,797 [Trainer] :: Starting epoch 61
2026-05-04 00:32:06,932 [Trainer] :: Completed epoch 61: train_loss=0.065060 train_iou=0.929966 val_loss=0.315727 val_iou=0.607066 lr=0.00009024
2026-05-04 00:32:07,348 [Trainer] :: Updated latest checkpoint at epoch 61
2026-05-04 00:32:07,348 [Trainer] :: No validation IoU improvement for 52 epoch(s)
2026-05-04 00:32:07,348 [Trainer] :: Starting epoch 62
2026-05-04 00:35:47,209 [Trainer] :: Completed epoch 62: train_loss=0.064240 train_iou=0.931264 val_loss=0.378804 val_iou=0.596121 lr=0.00008993
2026-05-04 00:35:47,568 [Trainer] :: Updated latest checkpoint at epoch 62
2026-05-04 00:35:47,568 [Trainer] :: No validation IoU improvement for 53 epoch(s)
2026-05-04 00:35:47,568 [Trainer] :: Starting epoch 63
2026-05-04 00:39:27,748 [Trainer] :: Completed epoch 63: train_loss=0.063835 train_iou=0.930457 val_loss=0.338555 val_iou=0.612276 lr=0.00008961
2026-05-04 00:39:28,128 [Trainer] :: Updated latest checkpoint at epoch 63
2026-05-04 00:39:28,128 [Trainer] :: No validation IoU improvement for 54 epoch(s)
2026-05-04 00:39:28,128 [Trainer] :: Starting epoch 64
2026-05-04 00:43:09,367 [Trainer] :: Completed epoch 64: train_loss=0.060752 train_iou=0.933184 val_loss=0.332076 val_iou=0.595393 lr=0.00008929
2026-05-04 00:43:09,715 [Trainer] :: Updated latest checkpoint at epoch 64
2026-05-04 00:43:09,715 [Trainer] :: No validation IoU improvement for 55 epoch(s)
2026-05-04 00:43:09,715 [Trainer] :: Starting epoch 65
2026-05-04 00:46:50,324 [Trainer] :: Completed epoch 65: train_loss=0.059716 train_iou=0.934878 val_loss=0.304394 val_iou=0.623419 lr=0.00008897
2026-05-04 00:46:50,827 [Trainer] :: Updated latest checkpoint at epoch 65
2026-05-04 00:46:50,827 [Trainer] :: No validation IoU improvement for 56 epoch(s)
2026-05-04 00:46:50,827 [Trainer] :: Starting epoch 66
2026-05-04 00:50:35,540 [Trainer] :: Completed epoch 66: train_loss=0.058515 train_iou=0.936086 val_loss=0.316795 val_iou=0.611967 lr=0.00008864
2026-05-04 00:50:36,683 [Trainer] :: Updated latest checkpoint at epoch 66
2026-05-04 00:50:36,683 [Trainer] :: No validation IoU improvement for 57 epoch(s)
2026-05-04 00:50:36,683 [Trainer] :: Starting epoch 67
2026-05-04 00:54:27,605 [Trainer] :: Completed epoch 67: train_loss=0.057944 train_iou=0.936438 val_loss=0.382573 val_iou=0.582185 lr=0.00008831
2026-05-04 00:54:28,054 [Trainer] :: Updated latest checkpoint at epoch 67
2026-05-04 00:54:28,054 [Trainer] :: No validation IoU improvement for 58 epoch(s)
2026-05-04 00:54:28,054 [Trainer] :: Starting epoch 68
2026-05-04 00:58:17,790 [Trainer] :: Completed epoch 68: train_loss=0.057964 train_iou=0.936690 val_loss=0.323867 val_iou=0.616866 lr=0.00008797
2026-05-04 00:58:18,262 [Trainer] :: Updated latest checkpoint at epoch 68
2026-05-04 00:58:18,263 [Trainer] :: No validation IoU improvement for 59 epoch(s)
2026-05-04 00:58:18,263 [Trainer] :: Starting epoch 69
2026-05-04 01:02:08,288 [Trainer] :: Completed epoch 69: train_loss=0.055295 train_iou=0.939038 val_loss=0.335795 val_iou=0.611061 lr=0.00008763
2026-05-04 01:02:08,703 [Trainer] :: Updated latest checkpoint at epoch 69
2026-05-04 01:02:08,703 [Trainer] :: No validation IoU improvement for 60 epoch(s)
2026-05-04 01:02:08,703 [Trainer] :: Early stopping triggered after 60 epoch(s) without improvement
2026-05-04 01:04:54,627 [Trainer] :: Wrote training history to outputs/runs/rgb_real_msi_deeplabv3plus_resnet50_seed48_20260503T184300Z/metrics/history.json
2026-05-04 01:04:54,627 [Trainer] :: Wrote test summary to outputs/runs/rgb_real_msi_deeplabv3plus_resnet50_seed48_20260503T184300Z/metrics/test_summary.json
2026-05-04 01:04:54,627 [Trainer] :: Training completed
