2026-05-14T08:36:57Z [INFO] Controller started
2026-05-14T08:36:57Z [INFO] manifest=retry-manifest.json max_parallel=8 max_retries=3 sbatch_submit_retries=3 poll_seconds=10
2026-05-14T08:36:57Z [INFO] python=python singularity_image=/ceph/container/pytorch/pytorch_26.02.sif venv_activate=p10_venv/bin/activate
2026-05-14T08:36:57Z [INFO] status_dir=outputs/slurm/status/retry-manifest_20260514T083657Z summary_dir=outputs/metrics log_dir=logs/masking/slurm
2026-05-14T08:36:57Z [INFO] Acquired controller lock outputs/slurm/status/.masking_batch_controller.lock
2026-05-14T08:36:57Z [INFO] Loaded 126 task(s) from retry-manifest.json
2026-05-14T08:36:57Z [INFO] Status directory: outputs/slurm/status/retry-manifest_20260514T083657Z
2026-05-14T08:36:57Z [INFO] Submitting task 0 try 1/3: group=binary_train_multi_seed kind=train config=configs/binary/rgb_segformer_b1.yaml split=test seed=51 attempt=1
2026-05-14T08:36:57Z [INFO] Submitted task 0 (binary_train_multi_seed, train, configs/binary/rgb_segformer_b1.yaml, seed=51) as job 837025, attempt 1
2026-05-14T08:36:57Z [INFO] Submitting task 1 try 1/3: group=binary_train_multi_seed kind=train config=configs/binary/real_msi_unetpp_resnet34.yaml split=test seed=42 attempt=1
2026-05-14T08:36:57Z [INFO] Submitted task 1 (binary_train_multi_seed, train, configs/binary/real_msi_unetpp_resnet34.yaml, seed=42) as job 837026, attempt 1
2026-05-14T08:36:57Z [INFO] Submitting task 2 try 1/3: group=binary_train_multi_seed kind=train config=configs/binary/real_msi_unetpp_resnet34.yaml split=test seed=44 attempt=1
2026-05-14T08:36:57Z [INFO] Submitted task 2 (binary_train_multi_seed, train, configs/binary/real_msi_unetpp_resnet34.yaml, seed=44) as job 837027, attempt 1
2026-05-14T08:36:57Z [INFO] Submitting task 3 try 1/3: group=binary_train_multi_seed kind=train config=configs/binary/real_msi_unetpp_resnet34.yaml split=test seed=48 attempt=1
2026-05-14T08:36:57Z [INFO] Submitted task 3 (binary_train_multi_seed, train, configs/binary/real_msi_unetpp_resnet34.yaml, seed=48) as job 837028, attempt 1
2026-05-14T08:36:57Z [INFO] Submitting task 4 try 1/3: group=binary_train_multi_seed kind=train config=configs/binary/real_msi_unetpp_resnet34.yaml split=test seed=49 attempt=1
2026-05-14T08:36:57Z [INFO] Submitted task 4 (binary_train_multi_seed, train, configs/binary/real_msi_unetpp_resnet34.yaml, seed=49) as job 837029, attempt 1
2026-05-14T08:36:57Z [INFO] Submitting task 5 try 1/3: group=binary_train_multi_seed kind=train config=configs/binary/real_msi_unetpp_resnet34.yaml split=test seed=50 attempt=1
2026-05-14T08:36:58Z [INFO] Submitted task 5 (binary_train_multi_seed, train, configs/binary/real_msi_unetpp_resnet34.yaml, seed=50) as job 837030, attempt 1
2026-05-14T08:36:58Z [INFO] Submitting task 6 try 1/3: group=binary_train_multi_seed kind=train config=configs/binary/real_msi_unetpp_resnet34.yaml split=test seed=51 attempt=1
2026-05-14T08:36:58Z [INFO] Submitted task 6 (binary_train_multi_seed, train, configs/binary/real_msi_unetpp_resnet34.yaml, seed=51) as job 837031, attempt 1
2026-05-14T08:36:58Z [INFO] Submitting task 7 try 1/3: group=binary_train_multi_seed kind=train config=configs/binary/real_msi_unetpp_resnet50.yaml split=test seed=42 attempt=1
2026-05-14T08:36:58Z [INFO] Submitted task 7 (binary_train_multi_seed, train, configs/binary/real_msi_unetpp_resnet50.yaml, seed=42) as job 837032, attempt 1
2026-05-14T09:59:54Z [INFO] Job 837025 for task 0 has left the Slurm queue; validating output
2026-05-14T09:59:54Z [ERROR] Task 0: status file reports state=failed; seed=51; message=train failed; see outputs/slurm/status/retry-manifest_20260514T083657Z/task_0_attempt_1.log; job_log=outputs/slurm/status/retry-manifest_20260514T083657Z/task_0_attempt_1.log
2026-05-14T09:59:54Z [ERROR] Task 0: validation failed; re-queueing for retry
2026-05-14T10:00:04Z [INFO] Submitting task 0 try 1/3: group=binary_train_multi_seed kind=train config=configs/binary/rgb_segformer_b1.yaml split=test seed=51 attempt=2
2026-05-14T10:00:04Z [INFO] Submitted task 0 (binary_train_multi_seed, train, configs/binary/rgb_segformer_b1.yaml, seed=51) as job 837166, attempt 2
2026-05-14T10:00:25Z [INFO] Job 837026 for task 1 has left the Slurm queue; validating output
2026-05-14T10:00:25Z [ERROR] Task 1: status file reports state=failed; seed=42; message=train failed; see outputs/slurm/status/retry-manifest_20260514T083657Z/task_1_attempt_1.log; job_log=outputs/slurm/status/retry-manifest_20260514T083657Z/task_1_attempt_1.log
2026-05-14T10:00:25Z [ERROR] Task 1: validation failed; re-queueing for retry
2026-05-14T10:00:35Z [INFO] Submitting task 1 try 1/3: group=binary_train_multi_seed kind=train config=configs/binary/real_msi_unetpp_resnet34.yaml split=test seed=42 attempt=2
2026-05-14T10:00:35Z [INFO] Submitted task 1 (binary_train_multi_seed, train, configs/binary/real_msi_unetpp_resnet34.yaml, seed=42) as job 837168, attempt 2
2026-05-14T10:00:56Z [INFO] Job 837027 for task 2 has left the Slurm queue; validating output
2026-05-14T10:00:56Z [ERROR] Task 2: status file reports state=failed; seed=44; message=train failed; see outputs/slurm/status/retry-manifest_20260514T083657Z/task_2_attempt_1.log; job_log=outputs/slurm/status/retry-manifest_20260514T083657Z/task_2_attempt_1.log
2026-05-14T10:00:56Z [ERROR] Task 2: validation failed; re-queueing for retry
2026-05-14T10:01:06Z [INFO] Submitting task 2 try 1/3: group=binary_train_multi_seed kind=train config=configs/binary/real_msi_unetpp_resnet34.yaml split=test seed=44 attempt=2
2026-05-14T10:01:06Z [INFO] Submitted task 2 (binary_train_multi_seed, train, configs/binary/real_msi_unetpp_resnet34.yaml, seed=44) as job 837169, attempt 2
2026-05-14T10:01:26Z [INFO] Job 837028 for task 3 has left the Slurm queue; validating output
2026-05-14T10:01:27Z [ERROR] Task 3: status file reports state=failed; seed=48; message=train failed; see outputs/slurm/status/retry-manifest_20260514T083657Z/task_3_attempt_1.log; job_log=outputs/slurm/status/retry-manifest_20260514T083657Z/task_3_attempt_1.log
2026-05-14T10:01:27Z [ERROR] Task 3: validation failed; re-queueing for retry
2026-05-14T10:01:37Z [INFO] Submitting task 3 try 1/3: group=binary_train_multi_seed kind=train config=configs/binary/real_msi_unetpp_resnet34.yaml split=test seed=48 attempt=2
2026-05-14T10:01:37Z [INFO] Submitted task 3 (binary_train_multi_seed, train, configs/binary/real_msi_unetpp_resnet34.yaml, seed=48) as job 837170, attempt 2
2026-05-14T10:01:57Z [INFO] Job 837029 for task 4 has left the Slurm queue; validating output
2026-05-14T10:01:57Z [ERROR] Task 4: status file reports state=failed; seed=49; message=train failed; see outputs/slurm/status/retry-manifest_20260514T083657Z/task_4_attempt_1.log; job_log=outputs/slurm/status/retry-manifest_20260514T083657Z/task_4_attempt_1.log
2026-05-14T10:01:57Z [ERROR] Task 4: validation failed; re-queueing for retry
2026-05-14T10:02:07Z [INFO] Submitting task 4 try 1/3: group=binary_train_multi_seed kind=train config=configs/binary/real_msi_unetpp_resnet34.yaml split=test seed=49 attempt=2
2026-05-14T10:02:07Z [INFO] Submitted task 4 (binary_train_multi_seed, train, configs/binary/real_msi_unetpp_resnet34.yaml, seed=49) as job 837171, attempt 2
2026-05-14T10:02:28Z [INFO] Job 837030 for task 5 has left the Slurm queue; validating output
2026-05-14T10:02:28Z [ERROR] Task 5: status file reports state=failed; seed=50; message=train failed; see outputs/slurm/status/retry-manifest_20260514T083657Z/task_5_attempt_1.log; job_log=outputs/slurm/status/retry-manifest_20260514T083657Z/task_5_attempt_1.log
2026-05-14T10:02:28Z [ERROR] Task 5: validation failed; re-queueing for retry
2026-05-14T10:02:38Z [INFO] Submitting task 5 try 1/3: group=binary_train_multi_seed kind=train config=configs/binary/real_msi_unetpp_resnet34.yaml split=test seed=50 attempt=2
2026-05-14T10:02:38Z [INFO] Submitted task 5 (binary_train_multi_seed, train, configs/binary/real_msi_unetpp_resnet34.yaml, seed=50) as job 837172, attempt 2
2026-05-14T10:02:58Z [INFO] Job 837031 for task 6 has left the Slurm queue; validating output
2026-05-14T10:02:59Z [ERROR] Task 6: status file reports state=failed; seed=51; message=train failed; see outputs/slurm/status/retry-manifest_20260514T083657Z/task_6_attempt_1.log; job_log=outputs/slurm/status/retry-manifest_20260514T083657Z/task_6_attempt_1.log
2026-05-14T10:02:59Z [ERROR] Task 6: validation failed; re-queueing for retry
2026-05-14T10:03:09Z [INFO] Submitting task 6 try 1/3: group=binary_train_multi_seed kind=train config=configs/binary/real_msi_unetpp_resnet34.yaml split=test seed=51 attempt=2
2026-05-14T10:03:09Z [INFO] Submitted task 6 (binary_train_multi_seed, train, configs/binary/real_msi_unetpp_resnet34.yaml, seed=51) as job 837173, attempt 2
2026-05-14T16:10:34Z [INFO] Job 837173 for task 6 has left the Slurm queue; validating output
2026-05-14T16:10:35Z [INFO] Task 6 completed successfully
2026-05-14T16:10:45Z [INFO] Submitting task 8 try 1/3: group=binary_train_multi_seed kind=train config=configs/binary/real_msi_unetpp_resnet50.yaml split=test seed=43 attempt=1
2026-05-14T16:10:45Z [INFO] Submitted task 8 (binary_train_multi_seed, train, configs/binary/real_msi_unetpp_resnet50.yaml, seed=43) as job 838650, attempt 1
2026-05-14T16:10:45Z [INFO] Job 837166 for task 0 has left the Slurm queue; validating output
2026-05-14T16:10:45Z [INFO] Task 0 completed successfully
2026-05-14T16:10:55Z [INFO] Submitting task 9 try 1/3: group=binary_train_multi_seed kind=train config=configs/binary/real_msi_unetpp_resnet50.yaml split=test seed=44 attempt=1
2026-05-14T16:10:55Z [INFO] Submitted task 9 (binary_train_multi_seed, train, configs/binary/real_msi_unetpp_resnet50.yaml, seed=44) as job 838652, attempt 1
2026-05-14T16:40:38Z [INFO] Job 837169 for task 2 has left the Slurm queue; validating output
2026-05-14T16:40:38Z [INFO] Task 2 completed successfully
2026-05-14T16:40:48Z [INFO] Submitting task 10 try 1/3: group=binary_train_multi_seed kind=train config=configs/binary/real_msi_unetpp_resnet50.yaml split=test seed=45 attempt=1
2026-05-14T16:40:48Z [INFO] Submitted task 10 (binary_train_multi_seed, train, configs/binary/real_msi_unetpp_resnet50.yaml, seed=45) as job 838769, attempt 1
2026-05-14T17:09:44Z [INFO] Job 837170 for task 3 has left the Slurm queue; validating output
2026-05-14T17:09:44Z [INFO] Task 3 completed successfully
2026-05-14T17:09:54Z [INFO] Submitting task 11 try 1/3: group=binary_train_multi_seed kind=train config=configs/binary/real_msi_unetpp_resnet50.yaml split=test seed=46 attempt=1
2026-05-14T17:09:54Z [INFO] Submitted task 11 (binary_train_multi_seed, train, configs/binary/real_msi_unetpp_resnet50.yaml, seed=46) as job 838856, attempt 1
2026-05-14T17:14:28Z [INFO] Job 837032 for task 7 has left the Slurm queue; validating output
2026-05-14T17:14:28Z [INFO] Task 7 completed successfully
2026-05-14T17:14:38Z [INFO] Submitting task 12 try 1/3: group=binary_train_multi_seed kind=train config=configs/binary/real_msi_unetpp_resnet50.yaml split=test seed=47 attempt=1
2026-05-14T17:14:38Z [INFO] Submitted task 12 (binary_train_multi_seed, train, configs/binary/real_msi_unetpp_resnet50.yaml, seed=47) as job 838899, attempt 1
2026-05-14T17:23:55Z [INFO] Job 837171 for task 4 has left the Slurm queue; validating output
2026-05-14T17:23:55Z [INFO] Task 4 completed successfully
2026-05-14T17:24:05Z [INFO] Submitting task 13 try 1/3: group=binary_train_multi_seed kind=train config=configs/binary/real_msi_unetpp_resnet50.yaml split=test seed=48 attempt=1
2026-05-14T17:24:05Z [INFO] Submitted task 13 (binary_train_multi_seed, train, configs/binary/real_msi_unetpp_resnet50.yaml, seed=48) as job 838965, attempt 1
2026-05-14T17:40:37Z [INFO] Job 837168 for task 1 has left the Slurm queue; validating output
2026-05-14T17:40:37Z [INFO] Task 1 completed successfully
2026-05-14T17:40:48Z [INFO] Submitting task 14 try 1/3: group=binary_train_multi_seed kind=train config=configs/binary/real_msi_unetpp_resnet50.yaml split=test seed=49 attempt=1
2026-05-14T17:40:48Z [INFO] Submitted task 14 (binary_train_multi_seed, train, configs/binary/real_msi_unetpp_resnet50.yaml, seed=49) as job 839042, attempt 1
2026-05-14T18:53:48Z [INFO] Job 837172 for task 5 has left the Slurm queue; validating output
2026-05-14T18:53:49Z [INFO] Task 5 completed successfully
2026-05-14T18:53:59Z [INFO] Submitting task 15 try 1/3: group=binary_train_multi_seed kind=train config=configs/binary/real_msi_unetpp_resnet50.yaml split=test seed=50 attempt=1
2026-05-14T18:53:59Z [INFO] Submitted task 15 (binary_train_multi_seed, train, configs/binary/real_msi_unetpp_resnet50.yaml, seed=50) as job 839458, attempt 1
2026-05-14T23:49:28Z [INFO] Job 838965 for task 13 has left the Slurm queue; validating output
2026-05-14T23:49:28Z [ERROR] Task 13: status file reports state=failed; seed=48; message=train failed; see outputs/slurm/status/retry-manifest_20260514T083657Z/task_13_attempt_1.log; job_log=outputs/slurm/status/retry-manifest_20260514T083657Z/task_13_attempt_1.log
2026-05-14T23:49:28Z [ERROR] Task 13: validation failed; re-queueing for retry
2026-05-14T23:49:38Z [INFO] Submitting task 13 try 1/3: group=binary_train_multi_seed kind=train config=configs/binary/real_msi_unetpp_resnet50.yaml split=test seed=48 attempt=2
2026-05-14T23:49:39Z [INFO] Submitted task 13 (binary_train_multi_seed, train, configs/binary/real_msi_unetpp_resnet50.yaml, seed=48) as job 840218, attempt 2
2026-05-14T23:49:49Z [INFO] Job 839042 for task 14 has left the Slurm queue; validating output
2026-05-14T23:49:49Z [ERROR] Task 14: status file reports state=failed; seed=49; message=train failed; see outputs/slurm/status/retry-manifest_20260514T083657Z/task_14_attempt_1.log; job_log=outputs/slurm/status/retry-manifest_20260514T083657Z/task_14_attempt_1.log
2026-05-14T23:49:49Z [ERROR] Task 14: validation failed; re-queueing for retry
2026-05-14T23:49:59Z [INFO] Submitting task 14 try 1/3: group=binary_train_multi_seed kind=train config=configs/binary/real_msi_unetpp_resnet50.yaml split=test seed=49 attempt=2
2026-05-14T23:49:59Z [INFO] Submitted task 14 (binary_train_multi_seed, train, configs/binary/real_msi_unetpp_resnet50.yaml, seed=49) as job 840219, attempt 2
2026-05-14T23:50:19Z [INFO] Job 839458 for task 15 has left the Slurm queue; validating output
2026-05-14T23:50:19Z [ERROR] Task 15: status file reports state=failed; seed=50; message=train failed; see outputs/slurm/status/retry-manifest_20260514T083657Z/task_15_attempt_1.log; job_log=outputs/slurm/status/retry-manifest_20260514T083657Z/task_15_attempt_1.log
2026-05-14T23:50:19Z [ERROR] Task 15: validation failed; re-queueing for retry
2026-05-14T23:50:29Z [INFO] Submitting task 15 try 1/3: group=binary_train_multi_seed kind=train config=configs/binary/real_msi_unetpp_resnet50.yaml split=test seed=50 attempt=2
2026-05-14T23:50:29Z [INFO] Submitted task 15 (binary_train_multi_seed, train, configs/binary/real_msi_unetpp_resnet50.yaml, seed=50) as job 840220, attempt 2
2026-05-15T01:50:14Z [INFO] Job 838650 for task 8 has left the Slurm queue; validating output
2026-05-15T01:50:14Z [INFO] Task 8 completed successfully
2026-05-15T01:50:24Z [INFO] Submitting task 16 try 1/3: group=binary_train_multi_seed kind=train config=configs/binary/real_msi_unetpp_resnet50.yaml split=test seed=51 attempt=1
2026-05-15T01:50:24Z [INFO] Submitted task 16 (binary_train_multi_seed, train, configs/binary/real_msi_unetpp_resnet50.yaml, seed=51) as job 840289, attempt 1
2026-05-15T02:29:33Z [INFO] Job 838652 for task 9 has left the Slurm queue; validating output
2026-05-15T02:29:34Z [INFO] Task 9 completed successfully
2026-05-15T02:29:44Z [INFO] Submitting task 17 try 1/3: group=binary_train_multi_seed kind=train config=configs/binary/real_msi_deeplabv3plus_resnet34.yaml split=test seed=42 attempt=1
2026-05-15T02:29:44Z [INFO] Submitted task 17 (binary_train_multi_seed, train, configs/binary/real_msi_deeplabv3plus_resnet34.yaml, seed=42) as job 840292, attempt 1
2026-05-15T03:49:46Z [INFO] Job 838769 for task 10 has left the Slurm queue; validating output
2026-05-15T03:49:46Z [INFO] Task 10 completed successfully
2026-05-15T03:49:56Z [INFO] Submitting task 18 try 1/3: group=binary_train_multi_seed kind=train config=configs/binary/real_msi_deeplabv3plus_resnet34.yaml split=test seed=43 attempt=1
2026-05-15T03:49:56Z [INFO] Submitted task 18 (binary_train_multi_seed, train, configs/binary/real_msi_deeplabv3plus_resnet34.yaml, seed=43) as job 840309, attempt 1
2026-05-15T03:55:40Z [INFO] Job 840218 for task 13 has left the Slurm queue; validating output
2026-05-15T03:55:40Z [ERROR] Task 13: status file reports state=failed; seed=48; message=train failed; see outputs/slurm/status/retry-manifest_20260514T083657Z/task_13_attempt_2.log; job_log=outputs/slurm/status/retry-manifest_20260514T083657Z/task_13_attempt_2.log
2026-05-15T03:55:40Z [ERROR] Task 13: validation failed; re-queueing for retry
2026-05-15T03:55:50Z [INFO] Submitting task 13 try 1/3: group=binary_train_multi_seed kind=train config=configs/binary/real_msi_unetpp_resnet50.yaml split=test seed=48 attempt=3
2026-05-15T03:55:50Z [INFO] Submitted task 13 (binary_train_multi_seed, train, configs/binary/real_msi_unetpp_resnet50.yaml, seed=48) as job 840311, attempt 3
2026-05-15T03:56:11Z [INFO] Job 840219 for task 14 has left the Slurm queue; validating output
2026-05-15T03:56:11Z [ERROR] Task 14: status file reports state=failed; seed=49; message=train failed; see outputs/slurm/status/retry-manifest_20260514T083657Z/task_14_attempt_2.log; job_log=outputs/slurm/status/retry-manifest_20260514T083657Z/task_14_attempt_2.log
2026-05-15T03:56:11Z [ERROR] Task 14: validation failed; re-queueing for retry
2026-05-15T03:56:21Z [INFO] Submitting task 14 try 1/3: group=binary_train_multi_seed kind=train config=configs/binary/real_msi_unetpp_resnet50.yaml split=test seed=49 attempt=3
2026-05-15T03:56:21Z [INFO] Submitted task 14 (binary_train_multi_seed, train, configs/binary/real_msi_unetpp_resnet50.yaml, seed=49) as job 840313, attempt 3
2026-05-15T03:56:41Z [INFO] Job 840220 for task 15 has left the Slurm queue; validating output
2026-05-15T03:56:41Z [ERROR] Task 15: status file reports state=failed; seed=50; message=train failed; see outputs/slurm/status/retry-manifest_20260514T083657Z/task_15_attempt_2.log; job_log=outputs/slurm/status/retry-manifest_20260514T083657Z/task_15_attempt_2.log
2026-05-15T03:56:41Z [ERROR] Task 15: validation failed; re-queueing for retry
2026-05-15T03:56:51Z [INFO] Submitting task 15 try 1/3: group=binary_train_multi_seed kind=train config=configs/binary/real_msi_unetpp_resnet50.yaml split=test seed=50 attempt=3
2026-05-15T03:56:51Z [INFO] Submitted task 15 (binary_train_multi_seed, train, configs/binary/real_msi_unetpp_resnet50.yaml, seed=50) as job 840316, attempt 3
2026-05-15T05:13:08Z [INFO] Job 838899 for task 12 has left the Slurm queue; validating output
2026-05-15T05:13:08Z [INFO] Task 12 completed successfully
2026-05-15T05:13:18Z [INFO] Submitting task 19 try 1/3: group=binary_train_multi_seed kind=train config=configs/binary/real_msi_deeplabv3plus_resnet34.yaml split=test seed=44 attempt=1
2026-05-15T05:13:18Z [INFO] Submitted task 19 (binary_train_multi_seed, train, configs/binary/real_msi_deeplabv3plus_resnet34.yaml, seed=44) as job 840338, attempt 1
2026-05-15T05:57:11Z [INFO] Job 840311 for task 13 has left the Slurm queue; validating output
2026-05-15T05:57:11Z [ERROR] Task 13: status file reports state=failed; seed=48; message=train failed; see outputs/slurm/status/retry-manifest_20260514T083657Z/task_13_attempt_3.log; job_log=outputs/slurm/status/retry-manifest_20260514T083657Z/task_13_attempt_3.log
2026-05-15T05:57:11Z [ERROR] Task 13: validation failed; re-queueing for retry
2026-05-15T05:57:21Z [INFO] Submitting task 13 try 1/3: group=binary_train_multi_seed kind=train config=configs/binary/real_msi_unetpp_resnet50.yaml split=test seed=48 attempt=4
2026-05-15T05:57:21Z [INFO] Submitted task 13 (binary_train_multi_seed, train, configs/binary/real_msi_unetpp_resnet50.yaml, seed=48) as job 840345, attempt 4
2026-05-15T05:57:41Z [INFO] Job 840313 for task 14 has left the Slurm queue; validating output
2026-05-15T05:57:41Z [ERROR] Task 14: status file reports state=failed; seed=49; message=train failed; see outputs/slurm/status/retry-manifest_20260514T083657Z/task_14_attempt_3.log; job_log=outputs/slurm/status/retry-manifest_20260514T083657Z/task_14_attempt_3.log
2026-05-15T05:57:41Z [ERROR] Task 14: validation failed; re-queueing for retry
2026-05-15T05:57:51Z [INFO] Submitting task 14 try 1/3: group=binary_train_multi_seed kind=train config=configs/binary/real_msi_unetpp_resnet50.yaml split=test seed=49 attempt=4
2026-05-15T05:57:52Z [INFO] Submitted task 14 (binary_train_multi_seed, train, configs/binary/real_msi_unetpp_resnet50.yaml, seed=49) as job 840346, attempt 4
2026-05-15T05:58:12Z [INFO] Job 840316 for task 15 has left the Slurm queue; validating output
2026-05-15T05:58:12Z [ERROR] Task 15: status file reports state=failed; seed=50; message=train failed; see outputs/slurm/status/retry-manifest_20260514T083657Z/task_15_attempt_3.log; job_log=outputs/slurm/status/retry-manifest_20260514T083657Z/task_15_attempt_3.log
2026-05-15T05:58:12Z [ERROR] Task 15: validation failed; re-queueing for retry
2026-05-15T05:58:22Z [INFO] Submitting task 15 try 1/3: group=binary_train_multi_seed kind=train config=configs/binary/real_msi_unetpp_resnet50.yaml split=test seed=50 attempt=4
2026-05-15T05:58:22Z [INFO] Submitted task 15 (binary_train_multi_seed, train, configs/binary/real_msi_unetpp_resnet50.yaml, seed=50) as job 840348, attempt 4
2026-05-15T05:58:42Z [INFO] Job 840338 for task 19 has left the Slurm queue; validating output
2026-05-15T05:58:43Z [ERROR] Task 19: status file reports state=failed; seed=44; message=train failed; see outputs/slurm/status/retry-manifest_20260514T083657Z/task_19_attempt_1.log; job_log=outputs/slurm/status/retry-manifest_20260514T083657Z/task_19_attempt_1.log
2026-05-15T05:58:43Z [ERROR] Task 19: validation failed; re-queueing for retry
2026-05-15T05:58:53Z [INFO] Submitting task 19 try 1/3: group=binary_train_multi_seed kind=train config=configs/binary/real_msi_deeplabv3plus_resnet34.yaml split=test seed=44 attempt=2
2026-05-15T05:58:53Z [INFO] Submitted task 19 (binary_train_multi_seed, train, configs/binary/real_msi_deeplabv3plus_resnet34.yaml, seed=44) as job 840350, attempt 2
2026-05-15T06:44:42Z [INFO] Job 838856 for task 11 has left the Slurm queue; validating output
2026-05-15T06:44:42Z [INFO] Task 11 completed successfully
2026-05-15T06:44:52Z [INFO] Submitting task 20 try 1/3: group=binary_train_multi_seed kind=train config=configs/binary/real_msi_deeplabv3plus_resnet34.yaml split=test seed=45 attempt=1
2026-05-15T06:44:52Z [INFO] Submitted task 20 (binary_train_multi_seed, train, configs/binary/real_msi_deeplabv3plus_resnet34.yaml, seed=45) as job 840398, attempt 1
2026-05-15T08:26:29Z [INFO] Job 840309 for task 18 has left the Slurm queue; validating output
2026-05-15T08:26:29Z [INFO] Task 18 completed successfully
2026-05-15T08:26:39Z [INFO] Submitting task 21 try 1/3: group=binary_train_multi_seed kind=train config=configs/binary/real_msi_deeplabv3plus_resnet34.yaml split=test seed=46 attempt=1
2026-05-15T08:26:39Z [INFO] Submitted task 21 (binary_train_multi_seed, train, configs/binary/real_msi_deeplabv3plus_resnet34.yaml, seed=46) as job 840530, attempt 1
2026-05-15T08:53:40Z [INFO] Job 840292 for task 17 has left the Slurm queue; validating output
2026-05-15T08:53:40Z [INFO] Task 17 completed successfully
2026-05-15T08:53:50Z [INFO] Submitting task 22 try 1/3: group=binary_train_multi_seed kind=train config=configs/binary/real_msi_deeplabv3plus_resnet34.yaml split=test seed=47 attempt=1
2026-05-15T08:53:50Z [INFO] Submitted task 22 (binary_train_multi_seed, train, configs/binary/real_msi_deeplabv3plus_resnet34.yaml, seed=47) as job 840604, attempt 1
2026-05-15T10:58:45Z [INFO] Job 840350 for task 19 has left the Slurm queue; validating output
2026-05-15T10:58:45Z [INFO] Task 19 completed successfully
2026-05-15T10:58:55Z [INFO] Submitting task 23 try 1/3: group=binary_train_multi_seed kind=train config=configs/binary/real_msi_deeplabv3plus_resnet34.yaml split=test seed=48 attempt=1
2026-05-15T10:58:55Z [INFO] Submitted task 23 (binary_train_multi_seed, train, configs/binary/real_msi_deeplabv3plus_resnet34.yaml, seed=48) as job 840751, attempt 1
2026-05-15T11:15:51Z [INFO] Job 840289 for task 16 has left the Slurm queue; validating output
2026-05-15T11:15:51Z [INFO] Task 16 completed successfully
2026-05-15T11:16:01Z [INFO] Submitting task 24 try 1/3: group=binary_train_multi_seed kind=train config=configs/binary/real_msi_deeplabv3plus_resnet34.yaml split=test seed=49 attempt=1
2026-05-15T11:16:01Z [INFO] Submitted task 24 (binary_train_multi_seed, train, configs/binary/real_msi_deeplabv3plus_resnet34.yaml, seed=49) as job 840771, attempt 1
2026-05-15T12:14:29Z [INFO] Job 840398 for task 20 has left the Slurm queue; validating output
2026-05-15T12:14:29Z [INFO] Task 20 completed successfully
2026-05-15T12:14:39Z [INFO] Submitting task 25 try 1/3: group=binary_train_multi_seed kind=train config=configs/binary/real_msi_deeplabv3plus_resnet34.yaml split=test seed=51 attempt=1
2026-05-15T12:14:39Z [INFO] Submitted task 25 (binary_train_multi_seed, train, configs/binary/real_msi_deeplabv3plus_resnet34.yaml, seed=51) as job 840810, attempt 1
2026-05-15T12:35:35Z [INFO] Job 840346 for task 14 has left the Slurm queue; validating output
2026-05-15T12:35:36Z [INFO] Task 14 completed successfully
2026-05-15T12:35:46Z [INFO] Submitting task 26 try 1/3: group=binary_train_multi_seed kind=train config=configs/binary/real_msi_deeplabv3plus_resnet50.yaml split=test seed=42 attempt=1
2026-05-15T12:35:46Z [INFO] Submitted task 26 (binary_train_multi_seed, train, configs/binary/real_msi_deeplabv3plus_resnet50.yaml, seed=42) as job 840842, attempt 1
2026-05-15T13:58:23Z [INFO] Job 840348 for task 15 has left the Slurm queue; validating output
2026-05-15T13:58:23Z [INFO] Task 15 completed successfully
2026-05-15T13:58:34Z [INFO] Submitting task 27 try 1/3: group=binary_train_multi_seed kind=train config=configs/binary/real_msi_deeplabv3plus_resnet50.yaml split=test seed=43 attempt=1
2026-05-15T13:58:34Z [INFO] Submitted task 27 (binary_train_multi_seed, train, configs/binary/real_msi_deeplabv3plus_resnet50.yaml, seed=43) as job 840918, attempt 1
2026-05-15T15:07:40Z [INFO] Job 840345 for task 13 has left the Slurm queue; validating output
2026-05-15T15:07:40Z [INFO] Task 13 completed successfully
2026-05-15T15:07:50Z [INFO] Submitting task 28 try 1/3: group=binary_train_multi_seed kind=train config=configs/binary/real_msi_deeplabv3plus_resnet50.yaml split=test seed=44 attempt=1
2026-05-15T15:07:51Z [INFO] Submitted task 28 (binary_train_multi_seed, train, configs/binary/real_msi_deeplabv3plus_resnet50.yaml, seed=44) as job 840954, attempt 1
2026-05-15T16:55:10Z [INFO] Job 840530 for task 21 has left the Slurm queue; validating output
2026-05-15T16:55:11Z [INFO] Task 21 completed successfully
2026-05-15T16:55:21Z [INFO] Submitting task 29 try 1/3: group=binary_train_multi_seed kind=train config=configs/binary/real_msi_deeplabv3plus_resnet50.yaml split=test seed=45 attempt=1
2026-05-15T16:55:21Z [INFO] Submitted task 29 (binary_train_multi_seed, train, configs/binary/real_msi_deeplabv3plus_resnet50.yaml, seed=45) as job 841049, attempt 1
2026-05-15T17:35:46Z [INFO] Job 840604 for task 22 has left the Slurm queue; validating output
2026-05-15T17:35:46Z [INFO] Task 22 completed successfully
2026-05-15T17:35:56Z [INFO] Submitting task 30 try 1/3: group=binary_train_multi_seed kind=train config=configs/binary/real_msi_deeplabv3plus_resnet50.yaml split=test seed=46 attempt=1
2026-05-15T17:35:56Z [INFO] Submitted task 30 (binary_train_multi_seed, train, configs/binary/real_msi_deeplabv3plus_resnet50.yaml, seed=46) as job 841101, attempt 1
2026-05-15T18:29:22Z [INFO] Job 840751 for task 23 has left the Slurm queue; validating output
2026-05-15T18:29:23Z [INFO] Task 23 completed successfully
2026-05-15T18:29:33Z [INFO] Submitting task 31 try 1/3: group=binary_train_multi_seed kind=train config=configs/binary/real_msi_deeplabv3plus_resnet50.yaml split=test seed=47 attempt=1
2026-05-15T18:29:33Z [INFO] Submitted task 31 (binary_train_multi_seed, train, configs/binary/real_msi_deeplabv3plus_resnet50.yaml, seed=47) as job 841298, attempt 1
2026-05-15T19:27:30Z [INFO] Job 840842 for task 26 has left the Slurm queue; validating output
2026-05-15T19:27:30Z [INFO] Task 26 completed successfully
2026-05-15T19:27:40Z [INFO] Submitting task 32 try 1/3: group=binary_train_multi_seed kind=train config=configs/binary/real_msi_deeplabv3plus_resnet50.yaml split=test seed=48 attempt=1
2026-05-15T19:27:40Z [INFO] Submitted task 32 (binary_train_multi_seed, train, configs/binary/real_msi_deeplabv3plus_resnet50.yaml, seed=48) as job 841333, attempt 1
2026-05-15T19:38:29Z [INFO] Job 840918 for task 27 has left the Slurm queue; validating output
2026-05-15T19:38:29Z [INFO] Task 27 completed successfully
2026-05-15T19:38:39Z [INFO] Submitting task 33 try 1/3: group=binary_train_multi_seed kind=train config=configs/binary/real_msi_deeplabv3plus_resnet50.yaml split=test seed=49 attempt=1
2026-05-15T19:38:39Z [INFO] Submitted task 33 (binary_train_multi_seed, train, configs/binary/real_msi_deeplabv3plus_resnet50.yaml, seed=49) as job 841343, attempt 1
2026-05-15T19:57:34Z [INFO] Job 840771 for task 24 has left the Slurm queue; validating output
2026-05-15T19:57:34Z [INFO] Task 24 completed successfully
2026-05-15T19:57:44Z [INFO] Submitting task 34 try 1/3: group=binary_train_multi_seed kind=train config=configs/binary/real_msi_deeplabv3plus_resnet50.yaml split=test seed=51 attempt=1
2026-05-15T19:57:44Z [INFO] Submitted task 34 (binary_train_multi_seed, train, configs/binary/real_msi_deeplabv3plus_resnet50.yaml, seed=51) as job 841348, attempt 1
2026-05-15T20:00:26Z [INFO] Job 840954 for task 28 has left the Slurm queue; validating output
2026-05-15T20:00:26Z [INFO] Task 28 completed successfully
2026-05-15T20:00:36Z [INFO] Submitting task 35 try 1/3: group=binary_train_multi_seed kind=train config=configs/binary/real_msi_segformer_b0.yaml split=test seed=42 attempt=1
2026-05-15T20:00:36Z [INFO] Submitted task 35 (binary_train_multi_seed, train, configs/binary/real_msi_segformer_b0.yaml, seed=42) as job 841350, attempt 1
2026-05-15T20:38:39Z [INFO] Job 840810 for task 25 has left the Slurm queue; validating output
2026-05-15T20:38:39Z [INFO] Task 25 completed successfully
2026-05-15T20:38:49Z [INFO] Submitting task 36 try 1/3: group=binary_train_multi_seed kind=train config=configs/binary/real_msi_segformer_b0.yaml split=test seed=43 attempt=1
2026-05-15T20:38:49Z [INFO] Submitted task 36 (binary_train_multi_seed, train, configs/binary/real_msi_segformer_b0.yaml, seed=43) as job 841381, attempt 1
2026-05-15T21:17:13Z [INFO] Job 841343 for task 33 has left the Slurm queue; validating output
2026-05-15T21:17:14Z [ERROR] Task 33: status file reports state=failed; seed=49; message=train failed; see outputs/slurm/status/retry-manifest_20260514T083657Z/task_33_attempt_1.log; job_log=outputs/slurm/status/retry-manifest_20260514T083657Z/task_33_attempt_1.log
2026-05-15T21:17:14Z [ERROR] Task 33: validation failed; re-queueing for retry
2026-05-15T21:17:14Z [INFO] Job 841348 for task 34 has left the Slurm queue; validating output
2026-05-15T21:17:14Z [ERROR] Task 34: status file reports state=failed; seed=51; message=train failed; see outputs/slurm/status/retry-manifest_20260514T083657Z/task_34_attempt_1.log; job_log=outputs/slurm/status/retry-manifest_20260514T083657Z/task_34_attempt_1.log
2026-05-15T21:17:14Z [ERROR] Task 34: validation failed; re-queueing for retry
2026-05-15T21:17:24Z [INFO] Submitting task 33 try 1/3: group=binary_train_multi_seed kind=train config=configs/binary/real_msi_deeplabv3plus_resnet50.yaml split=test seed=49 attempt=2
2026-05-15T21:17:24Z [INFO] Submitted task 33 (binary_train_multi_seed, train, configs/binary/real_msi_deeplabv3plus_resnet50.yaml, seed=49) as job 841436, attempt 2
2026-05-15T21:17:24Z [INFO] Submitting task 34 try 1/3: group=binary_train_multi_seed kind=train config=configs/binary/real_msi_deeplabv3plus_resnet50.yaml split=test seed=51 attempt=2
2026-05-15T21:17:24Z [INFO] Submitted task 34 (binary_train_multi_seed, train, configs/binary/real_msi_deeplabv3plus_resnet50.yaml, seed=51) as job 841437, attempt 2
2026-05-15T21:18:15Z [INFO] Job 841350 for task 35 has left the Slurm queue; validating output
2026-05-15T21:18:16Z [ERROR] Task 35: status file reports state=failed; seed=42; message=train failed; see outputs/slurm/status/retry-manifest_20260514T083657Z/task_35_attempt_1.log; job_log=outputs/slurm/status/retry-manifest_20260514T083657Z/task_35_attempt_1.log
2026-05-15T21:18:16Z [ERROR] Task 35: validation failed; re-queueing for retry
2026-05-15T21:18:26Z [INFO] Submitting task 35 try 1/3: group=binary_train_multi_seed kind=train config=configs/binary/real_msi_segformer_b0.yaml split=test seed=42 attempt=2
2026-05-15T21:18:26Z [INFO] Submitted task 35 (binary_train_multi_seed, train, configs/binary/real_msi_segformer_b0.yaml, seed=42) as job 841440, attempt 2
2026-05-15T23:00:57Z [INFO] Job 841101 for task 30 has left the Slurm queue; validating output
2026-05-15T23:00:57Z [INFO] Task 30 completed successfully
2026-05-15T23:01:07Z [INFO] Submitting task 37 try 1/3: group=binary_train_multi_seed kind=train config=configs/binary/real_msi_segformer_b0.yaml split=test seed=44 attempt=1
2026-05-15T23:01:07Z [INFO] Submitted task 37 (binary_train_multi_seed, train, configs/binary/real_msi_segformer_b0.yaml, seed=44) as job 841660, attempt 1
2026-05-15T23:13:48Z [INFO] Job 841436 for task 33 has left the Slurm queue; validating output
2026-05-15T23:13:49Z [ERROR] Task 33: status file reports state=failed; seed=49; message=train failed; see outputs/slurm/status/retry-manifest_20260514T083657Z/task_33_attempt_2.log; job_log=outputs/slurm/status/retry-manifest_20260514T083657Z/task_33_attempt_2.log
2026-05-15T23:13:49Z [ERROR] Task 33: validation failed; re-queueing for retry
2026-05-15T23:13:59Z [INFO] Submitting task 33 try 1/3: group=binary_train_multi_seed kind=train config=configs/binary/real_msi_deeplabv3plus_resnet50.yaml split=test seed=49 attempt=3
2026-05-15T23:13:59Z [INFO] Submitted task 33 (binary_train_multi_seed, train, configs/binary/real_msi_deeplabv3plus_resnet50.yaml, seed=49) as job 841665, attempt 3
2026-05-15T23:14:39Z [INFO] Job 841440 for task 35 has left the Slurm queue; validating output
2026-05-15T23:14:40Z [ERROR] Task 35: status file reports state=failed; seed=42; message=train failed; see outputs/slurm/status/retry-manifest_20260514T083657Z/task_35_attempt_2.log; job_log=outputs/slurm/status/retry-manifest_20260514T083657Z/task_35_attempt_2.log
2026-05-15T23:14:40Z [ERROR] Task 35: validation failed; re-queueing for retry
2026-05-15T23:14:50Z [INFO] Submitting task 35 try 1/3: group=binary_train_multi_seed kind=train config=configs/binary/real_msi_segformer_b0.yaml split=test seed=42 attempt=3
2026-05-15T23:14:50Z [INFO] Submitted task 35 (binary_train_multi_seed, train, configs/binary/real_msi_segformer_b0.yaml, seed=42) as job 841666, attempt 3
2026-05-15T23:19:23Z [INFO] Job 841298 for task 31 has left the Slurm queue; validating output
2026-05-15T23:19:24Z [INFO] Task 31 completed successfully
2026-05-15T23:19:34Z [INFO] Submitting task 38 try 1/3: group=binary_train_multi_seed kind=train config=configs/binary/real_msi_segformer_b0.yaml split=test seed=45 attempt=1
2026-05-15T23:19:34Z [INFO] Submitted task 38 (binary_train_multi_seed, train, configs/binary/real_msi_segformer_b0.yaml, seed=45) as job 841668, attempt 1
2026-05-15T23:47:05Z [INFO] Job 841049 for task 29 has left the Slurm queue; validating output
2026-05-15T23:47:05Z [INFO] Task 29 completed successfully
2026-05-15T23:47:15Z [INFO] Submitting task 39 try 1/3: group=binary_train_multi_seed kind=train config=configs/binary/real_msi_segformer_b0.yaml split=test seed=46 attempt=1
2026-05-15T23:47:15Z [INFO] Submitted task 39 (binary_train_multi_seed, train, configs/binary/real_msi_segformer_b0.yaml, seed=46) as job 841680, attempt 1
2026-05-15T23:50:48Z [INFO] Job 841333 for task 32 has left the Slurm queue; validating output
2026-05-15T23:50:48Z [INFO] Task 32 completed successfully
2026-05-15T23:50:58Z [INFO] Submitting task 40 try 1/3: group=binary_train_multi_seed kind=train config=configs/binary/real_msi_segformer_b0.yaml split=test seed=47 attempt=1
2026-05-15T23:50:58Z [INFO] Submitted task 40 (binary_train_multi_seed, train, configs/binary/real_msi_segformer_b0.yaml, seed=47) as job 841681, attempt 1
2026-05-16T01:45:33Z [INFO] Job 841668 for task 38 has left the Slurm queue; validating output
2026-05-16T01:45:34Z [ERROR] Task 38: status file reports state=failed; seed=45; message=train failed; see outputs/slurm/status/retry-manifest_20260514T083657Z/task_38_attempt_1.log; job_log=outputs/slurm/status/retry-manifest_20260514T083657Z/task_38_attempt_1.log
2026-05-16T01:45:34Z [ERROR] Task 38: validation failed; re-queueing for retry
2026-05-16T01:45:44Z [INFO] Submitting task 38 try 1/3: group=binary_train_multi_seed kind=train config=configs/binary/real_msi_segformer_b0.yaml split=test seed=45 attempt=2
2026-05-16T01:45:44Z [INFO] Submitted task 38 (binary_train_multi_seed, train, configs/binary/real_msi_segformer_b0.yaml, seed=45) as job 841739, attempt 2
2026-05-16T01:48:06Z [INFO] Job 841681 for task 40 has left the Slurm queue; validating output
2026-05-16T01:48:06Z [ERROR] Task 40: status file reports state=failed; seed=47; message=train failed; see outputs/slurm/status/retry-manifest_20260514T083657Z/task_40_attempt_1.log; job_log=outputs/slurm/status/retry-manifest_20260514T083657Z/task_40_attempt_1.log
2026-05-16T01:48:06Z [ERROR] Task 40: validation failed; re-queueing for retry
2026-05-16T01:48:16Z [INFO] Submitting task 40 try 1/3: group=binary_train_multi_seed kind=train config=configs/binary/real_msi_segformer_b0.yaml split=test seed=47 attempt=2
2026-05-16T01:48:16Z [INFO] Submitted task 40 (binary_train_multi_seed, train, configs/binary/real_msi_segformer_b0.yaml, seed=47) as job 841744, attempt 2
2026-05-16T01:48:36Z [INFO] Job 841739 for task 38 has left the Slurm queue; validating output
2026-05-16T01:48:38Z [ERROR] Task 38: status file reports state=failed; seed=45; message=train failed; see outputs/slurm/status/retry-manifest_20260514T083657Z/task_38_attempt_2.log; job_log=outputs/slurm/status/retry-manifest_20260514T083657Z/task_38_attempt_2.log
2026-05-16T01:48:38Z [ERROR] Task 38: validation failed; re-queueing for retry
2026-05-16T01:48:48Z [INFO] Submitting task 38 try 1/3: group=binary_train_multi_seed kind=train config=configs/binary/real_msi_segformer_b0.yaml split=test seed=45 attempt=3
2026-05-16T01:48:48Z [INFO] Submitted task 38 (binary_train_multi_seed, train, configs/binary/real_msi_segformer_b0.yaml, seed=45) as job 841745, attempt 3
2026-05-16T01:49:08Z [INFO] Job 841744 for task 40 has left the Slurm queue; validating output
2026-05-16T01:49:09Z [ERROR] Task 40: status file reports state=failed; seed=47; message=train failed; see outputs/slurm/status/retry-manifest_20260514T083657Z/task_40_attempt_2.log; job_log=outputs/slurm/status/retry-manifest_20260514T083657Z/task_40_attempt_2.log
2026-05-16T01:49:09Z [ERROR] Task 40: validation failed; re-queueing for retry
2026-05-16T01:49:19Z [INFO] Submitting task 40 try 1/3: group=binary_train_multi_seed kind=train config=configs/binary/real_msi_segformer_b0.yaml split=test seed=47 attempt=3
2026-05-16T01:49:19Z [INFO] Submitted task 40 (binary_train_multi_seed, train, configs/binary/real_msi_segformer_b0.yaml, seed=47) as job 841746, attempt 3
2026-05-16T01:49:39Z [INFO] Job 841745 for task 38 has left the Slurm queue; validating output
2026-05-16T01:49:39Z [ERROR] Task 38: status file reports state=failed; seed=45; message=train failed; see outputs/slurm/status/retry-manifest_20260514T083657Z/task_38_attempt_3.log; job_log=outputs/slurm/status/retry-manifest_20260514T083657Z/task_38_attempt_3.log
2026-05-16T01:49:39Z [ERROR] Task 38: validation failed; re-queueing for retry
2026-05-16T01:49:49Z [INFO] Submitting task 38 try 1/3: group=binary_train_multi_seed kind=train config=configs/binary/real_msi_segformer_b0.yaml split=test seed=45 attempt=4
2026-05-16T01:49:50Z [INFO] Submitted task 38 (binary_train_multi_seed, train, configs/binary/real_msi_segformer_b0.yaml, seed=45) as job 841747, attempt 4
2026-05-16T01:50:10Z [INFO] Job 841746 for task 40 has left the Slurm queue; validating output
2026-05-16T01:50:10Z [ERROR] Task 40: status file reports state=failed; seed=47; message=train failed; see outputs/slurm/status/retry-manifest_20260514T083657Z/task_40_attempt_3.log; job_log=outputs/slurm/status/retry-manifest_20260514T083657Z/task_40_attempt_3.log
2026-05-16T01:50:10Z [ERROR] Task 40: validation failed; re-queueing for retry
2026-05-16T01:50:20Z [INFO] Submitting task 40 try 1/3: group=binary_train_multi_seed kind=train config=configs/binary/real_msi_segformer_b0.yaml split=test seed=47 attempt=4
2026-05-16T01:50:20Z [INFO] Submitted task 40 (binary_train_multi_seed, train, configs/binary/real_msi_segformer_b0.yaml, seed=47) as job 841748, attempt 4
2026-05-16T01:50:30Z [INFO] Job 841747 for task 38 has left the Slurm queue; validating output
2026-05-16T01:50:31Z [ERROR] Task 38: status file reports state=failed; seed=45; message=train failed; see outputs/slurm/status/retry-manifest_20260514T083657Z/task_38_attempt_4.log; job_log=outputs/slurm/status/retry-manifest_20260514T083657Z/task_38_attempt_4.log
2026-05-16T01:50:31Z [ERROR] Task 38: permanent failure after 4 attempt(s)
2026-05-16T01:50:41Z [INFO] Submitting task 41 try 1/3: group=binary_train_multi_seed kind=train config=configs/binary/real_msi_segformer_b0.yaml split=test seed=48 attempt=1
2026-05-16T01:50:41Z [INFO] Submitted task 41 (binary_train_multi_seed, train, configs/binary/real_msi_segformer_b0.yaml, seed=48) as job 841749, attempt 1
2026-05-16T01:51:01Z [INFO] Job 841748 for task 40 has left the Slurm queue; validating output
2026-05-16T01:51:02Z [ERROR] Task 40: status file reports state=failed; seed=47; message=train failed; see outputs/slurm/status/retry-manifest_20260514T083657Z/task_40_attempt_4.log; job_log=outputs/slurm/status/retry-manifest_20260514T083657Z/task_40_attempt_4.log
2026-05-16T01:51:02Z [ERROR] Task 40: permanent failure after 4 attempt(s)
2026-05-16T01:51:12Z [INFO] Submitting task 42 try 1/3: group=binary_train_multi_seed kind=train config=configs/binary/rgb_real_msi_segformer_b0.yaml split=test seed=50 attempt=1
2026-05-16T01:51:12Z [INFO] Submitted task 42 (binary_train_multi_seed, train, configs/binary/rgb_real_msi_segformer_b0.yaml, seed=50) as job 841750, attempt 1
2026-05-16T01:51:33Z [INFO] Job 841749 for task 41 has left the Slurm queue; validating output
2026-05-16T01:51:33Z [ERROR] Task 41: status file reports state=failed; seed=48; message=train failed; see outputs/slurm/status/retry-manifest_20260514T083657Z/task_41_attempt_1.log; job_log=outputs/slurm/status/retry-manifest_20260514T083657Z/task_41_attempt_1.log
2026-05-16T01:51:33Z [ERROR] Task 41: validation failed; re-queueing for retry
2026-05-16T01:51:43Z [INFO] Submitting task 41 try 1/3: group=binary_train_multi_seed kind=train config=configs/binary/real_msi_segformer_b0.yaml split=test seed=48 attempt=2
2026-05-16T01:51:43Z [INFO] Submitted task 41 (binary_train_multi_seed, train, configs/binary/real_msi_segformer_b0.yaml, seed=48) as job 841751, attempt 2
2026-05-16T01:52:03Z [INFO] Job 841750 for task 42 has left the Slurm queue; validating output
2026-05-16T01:52:03Z [ERROR] Task 42: status file reports state=failed; seed=50; message=train failed; see outputs/slurm/status/retry-manifest_20260514T083657Z/task_42_attempt_1.log; job_log=outputs/slurm/status/retry-manifest_20260514T083657Z/task_42_attempt_1.log
2026-05-16T01:52:03Z [ERROR] Task 42: validation failed; re-queueing for retry
2026-05-16T01:52:13Z [INFO] Submitting task 42 try 1/3: group=binary_train_multi_seed kind=train config=configs/binary/rgb_real_msi_segformer_b0.yaml split=test seed=50 attempt=2
2026-05-16T01:52:13Z [INFO] Submitted task 42 (binary_train_multi_seed, train, configs/binary/rgb_real_msi_segformer_b0.yaml, seed=50) as job 841752, attempt 2
2026-05-16T01:52:34Z [INFO] Job 841751 for task 41 has left the Slurm queue; validating output
2026-05-16T01:52:34Z [ERROR] Task 41: status file reports state=failed; seed=48; message=train failed; see outputs/slurm/status/retry-manifest_20260514T083657Z/task_41_attempt_2.log; job_log=outputs/slurm/status/retry-manifest_20260514T083657Z/task_41_attempt_2.log
2026-05-16T01:52:34Z [ERROR] Task 41: validation failed; re-queueing for retry
2026-05-16T01:52:44Z [INFO] Submitting task 41 try 1/3: group=binary_train_multi_seed kind=train config=configs/binary/real_msi_segformer_b0.yaml split=test seed=48 attempt=3
2026-05-16T01:52:44Z [INFO] Submitted task 41 (binary_train_multi_seed, train, configs/binary/real_msi_segformer_b0.yaml, seed=48) as job 841753, attempt 3
2026-05-16T01:53:05Z [INFO] Job 841752 for task 42 has left the Slurm queue; validating output
2026-05-16T01:53:05Z [ERROR] Task 42: status file reports state=failed; seed=50; message=train failed; see outputs/slurm/status/retry-manifest_20260514T083657Z/task_42_attempt_2.log; job_log=outputs/slurm/status/retry-manifest_20260514T083657Z/task_42_attempt_2.log
2026-05-16T01:53:05Z [ERROR] Task 42: validation failed; re-queueing for retry
2026-05-16T01:53:15Z [INFO] Submitting task 42 try 1/3: group=binary_train_multi_seed kind=train config=configs/binary/rgb_real_msi_segformer_b0.yaml split=test seed=50 attempt=3
2026-05-16T01:53:15Z [INFO] Submitted task 42 (binary_train_multi_seed, train, configs/binary/rgb_real_msi_segformer_b0.yaml, seed=50) as job 841754, attempt 3
2026-05-16T01:53:35Z [INFO] Job 841753 for task 41 has left the Slurm queue; validating output
2026-05-16T01:53:36Z [ERROR] Task 41: status file reports state=failed; seed=48; message=train failed; see outputs/slurm/status/retry-manifest_20260514T083657Z/task_41_attempt_3.log; job_log=outputs/slurm/status/retry-manifest_20260514T083657Z/task_41_attempt_3.log
2026-05-16T01:53:36Z [ERROR] Task 41: validation failed; re-queueing for retry
2026-05-16T01:53:46Z [INFO] Submitting task 41 try 1/3: group=binary_train_multi_seed kind=train config=configs/binary/real_msi_segformer_b0.yaml split=test seed=48 attempt=4
2026-05-16T01:53:46Z [INFO] Submitted task 41 (binary_train_multi_seed, train, configs/binary/real_msi_segformer_b0.yaml, seed=48) as job 841755, attempt 4
2026-05-16T01:54:06Z [INFO] Job 841754 for task 42 has left the Slurm queue; validating output
2026-05-16T01:54:07Z [ERROR] Task 42: status file reports state=failed; seed=50; message=train failed; see outputs/slurm/status/retry-manifest_20260514T083657Z/task_42_attempt_3.log; job_log=outputs/slurm/status/retry-manifest_20260514T083657Z/task_42_attempt_3.log
2026-05-16T01:54:07Z [ERROR] Task 42: validation failed; re-queueing for retry
2026-05-16T01:54:17Z [INFO] Submitting task 42 try 1/3: group=binary_train_multi_seed kind=train config=configs/binary/rgb_real_msi_segformer_b0.yaml split=test seed=50 attempt=4
2026-05-16T01:54:17Z [INFO] Submitted task 42 (binary_train_multi_seed, train, configs/binary/rgb_real_msi_segformer_b0.yaml, seed=50) as job 841756, attempt 4
2026-05-16T01:54:37Z [INFO] Job 841755 for task 41 has left the Slurm queue; validating output
2026-05-16T01:54:37Z [ERROR] Task 41: status file reports state=failed; seed=48; message=train failed; see outputs/slurm/status/retry-manifest_20260514T083657Z/task_41_attempt_4.log; job_log=outputs/slurm/status/retry-manifest_20260514T083657Z/task_41_attempt_4.log
2026-05-16T01:54:37Z [ERROR] Task 41: permanent failure after 4 attempt(s)
2026-05-16T01:54:47Z [INFO] Submitting task 43 try 1/3: group=binary_train_multi_seed kind=train config=configs/binary/rgb_real_msi_segformer_b0.yaml split=test seed=51 attempt=1
2026-05-16T01:54:47Z [INFO] Submitted task 43 (binary_train_multi_seed, train, configs/binary/rgb_real_msi_segformer_b0.yaml, seed=51) as job 841757, attempt 1
2026-05-16T01:55:08Z [INFO] Job 841756 for task 42 has left the Slurm queue; validating output
2026-05-16T01:55:08Z [ERROR] Task 42: status file reports state=failed; seed=50; message=train failed; see outputs/slurm/status/retry-manifest_20260514T083657Z/task_42_attempt_4.log; job_log=outputs/slurm/status/retry-manifest_20260514T083657Z/task_42_attempt_4.log
2026-05-16T01:55:08Z [ERROR] Task 42: permanent failure after 4 attempt(s)
2026-05-16T01:55:18Z [INFO] Submitting task 44 try 1/3: group=binary_train_multi_seed kind=train config=configs/binary/rgb_real_msi_segformer_b1.yaml split=test seed=42 attempt=1
2026-05-16T01:55:18Z [INFO] Submitted task 44 (binary_train_multi_seed, train, configs/binary/rgb_real_msi_segformer_b1.yaml, seed=42) as job 841758, attempt 1
2026-05-16T01:55:38Z [INFO] Job 841757 for task 43 has left the Slurm queue; validating output
2026-05-16T01:55:38Z [ERROR] Task 43: status file reports state=failed; seed=51; message=train failed; see outputs/slurm/status/retry-manifest_20260514T083657Z/task_43_attempt_1.log; job_log=outputs/slurm/status/retry-manifest_20260514T083657Z/task_43_attempt_1.log
2026-05-16T01:55:38Z [ERROR] Task 43: validation failed; re-queueing for retry
2026-05-16T01:55:48Z [INFO] Submitting task 43 try 1/3: group=binary_train_multi_seed kind=train config=configs/binary/rgb_real_msi_segformer_b0.yaml split=test seed=51 attempt=2
2026-05-16T01:55:48Z [INFO] Submitted task 43 (binary_train_multi_seed, train, configs/binary/rgb_real_msi_segformer_b0.yaml, seed=51) as job 841759, attempt 2
2026-05-16T01:56:09Z [INFO] Job 841758 for task 44 has left the Slurm queue; validating output
2026-05-16T01:56:09Z [ERROR] Task 44: status file reports state=failed; seed=42; message=train failed; see outputs/slurm/status/retry-manifest_20260514T083657Z/task_44_attempt_1.log; job_log=outputs/slurm/status/retry-manifest_20260514T083657Z/task_44_attempt_1.log
2026-05-16T01:56:09Z [ERROR] Task 44: validation failed; re-queueing for retry
2026-05-16T01:56:19Z [INFO] Submitting task 44 try 1/3: group=binary_train_multi_seed kind=train config=configs/binary/rgb_real_msi_segformer_b1.yaml split=test seed=42 attempt=2
2026-05-16T01:56:19Z [INFO] Submitted task 44 (binary_train_multi_seed, train, configs/binary/rgb_real_msi_segformer_b1.yaml, seed=42) as job 841760, attempt 2
2026-05-16T01:56:39Z [INFO] Job 841759 for task 43 has left the Slurm queue; validating output
2026-05-16T01:56:39Z [ERROR] Task 43: status file reports state=failed; seed=51; message=train failed; see outputs/slurm/status/retry-manifest_20260514T083657Z/task_43_attempt_2.log; job_log=outputs/slurm/status/retry-manifest_20260514T083657Z/task_43_attempt_2.log
2026-05-16T01:56:39Z [ERROR] Task 43: validation failed; re-queueing for retry
2026-05-16T01:56:50Z [INFO] Submitting task 43 try 1/3: group=binary_train_multi_seed kind=train config=configs/binary/rgb_real_msi_segformer_b0.yaml split=test seed=51 attempt=3
2026-05-16T01:56:50Z [INFO] Submitted task 43 (binary_train_multi_seed, train, configs/binary/rgb_real_msi_segformer_b0.yaml, seed=51) as job 841761, attempt 3
2026-05-16T01:57:10Z [INFO] Job 841760 for task 44 has left the Slurm queue; validating output
2026-05-16T01:57:10Z [ERROR] Task 44: status file reports state=failed; seed=42; message=train failed; see outputs/slurm/status/retry-manifest_20260514T083657Z/task_44_attempt_2.log; job_log=outputs/slurm/status/retry-manifest_20260514T083657Z/task_44_attempt_2.log
2026-05-16T01:57:10Z [ERROR] Task 44: validation failed; re-queueing for retry
2026-05-16T01:57:20Z [INFO] Submitting task 44 try 1/3: group=binary_train_multi_seed kind=train config=configs/binary/rgb_real_msi_segformer_b1.yaml split=test seed=42 attempt=3
2026-05-16T01:57:20Z [INFO] Submitted task 44 (binary_train_multi_seed, train, configs/binary/rgb_real_msi_segformer_b1.yaml, seed=42) as job 841762, attempt 3
2026-05-16T01:57:41Z [INFO] Job 841761 for task 43 has left the Slurm queue; validating output
2026-05-16T01:57:41Z [ERROR] Task 43: status file reports state=failed; seed=51; message=train failed; see outputs/slurm/status/retry-manifest_20260514T083657Z/task_43_attempt_3.log; job_log=outputs/slurm/status/retry-manifest_20260514T083657Z/task_43_attempt_3.log
2026-05-16T01:57:41Z [ERROR] Task 43: validation failed; re-queueing for retry
2026-05-16T01:57:51Z [INFO] Submitting task 43 try 1/3: group=binary_train_multi_seed kind=train config=configs/binary/rgb_real_msi_segformer_b0.yaml split=test seed=51 attempt=4
2026-05-16T01:57:51Z [INFO] Submitted task 43 (binary_train_multi_seed, train, configs/binary/rgb_real_msi_segformer_b0.yaml, seed=51) as job 841763, attempt 4
2026-05-16T01:58:12Z [INFO] Job 841762 for task 44 has left the Slurm queue; validating output
2026-05-16T01:58:13Z [ERROR] Task 44: status file reports state=failed; seed=42; message=train failed; see outputs/slurm/status/retry-manifest_20260514T083657Z/task_44_attempt_3.log; job_log=outputs/slurm/status/retry-manifest_20260514T083657Z/task_44_attempt_3.log
2026-05-16T01:58:13Z [ERROR] Task 44: validation failed; re-queueing for retry
2026-05-16T01:58:23Z [INFO] Submitting task 44 try 1/3: group=binary_train_multi_seed kind=train config=configs/binary/rgb_real_msi_segformer_b1.yaml split=test seed=42 attempt=4
2026-05-16T01:58:23Z [INFO] Submitted task 44 (binary_train_multi_seed, train, configs/binary/rgb_real_msi_segformer_b1.yaml, seed=42) as job 841764, attempt 4
2026-05-16T01:58:43Z [INFO] Job 841763 for task 43 has left the Slurm queue; validating output
2026-05-16T01:58:44Z [ERROR] Task 43: status file reports state=failed; seed=51; message=train failed; see outputs/slurm/status/retry-manifest_20260514T083657Z/task_43_attempt_4.log; job_log=outputs/slurm/status/retry-manifest_20260514T083657Z/task_43_attempt_4.log
2026-05-16T01:58:44Z [ERROR] Task 43: permanent failure after 4 attempt(s)
2026-05-16T01:58:54Z [INFO] Submitting task 45 try 1/3: group=binary_train_multi_seed kind=train config=configs/binary/rgb_real_msi_segformer_b1.yaml split=test seed=43 attempt=1
2026-05-16T01:58:54Z [INFO] Submitted task 45 (binary_train_multi_seed, train, configs/binary/rgb_real_msi_segformer_b1.yaml, seed=43) as job 841765, attempt 1
2026-05-16T01:59:04Z [INFO] Job 841764 for task 44 has left the Slurm queue; validating output
2026-05-16T01:59:04Z [ERROR] Task 44: status file reports state=failed; seed=42; message=train failed; see outputs/slurm/status/retry-manifest_20260514T083657Z/task_44_attempt_4.log; job_log=outputs/slurm/status/retry-manifest_20260514T083657Z/task_44_attempt_4.log
2026-05-16T01:59:04Z [ERROR] Task 44: permanent failure after 4 attempt(s)
2026-05-16T01:59:14Z [INFO] Submitting task 46 try 1/3: group=binary_train_multi_seed kind=train config=configs/binary/rgb_real_msi_segformer_b1.yaml split=test seed=46 attempt=1
2026-05-16T01:59:14Z [INFO] Submitted task 46 (binary_train_multi_seed, train, configs/binary/rgb_real_msi_segformer_b1.yaml, seed=46) as job 841766, attempt 1
2026-05-16T01:59:35Z [INFO] Job 841765 for task 45 has left the Slurm queue; validating output
2026-05-16T01:59:37Z [ERROR] Task 45: status file reports state=failed; seed=43; message=train failed; see outputs/slurm/status/retry-manifest_20260514T083657Z/task_45_attempt_1.log; job_log=outputs/slurm/status/retry-manifest_20260514T083657Z/task_45_attempt_1.log
2026-05-16T01:59:37Z [ERROR] Task 45: validation failed; re-queueing for retry
2026-05-16T01:59:47Z [INFO] Submitting task 45 try 1/3: group=binary_train_multi_seed kind=train config=configs/binary/rgb_real_msi_segformer_b1.yaml split=test seed=43 attempt=2
2026-05-16T01:59:47Z [INFO] Submitted task 45 (binary_train_multi_seed, train, configs/binary/rgb_real_msi_segformer_b1.yaml, seed=43) as job 841767, attempt 2
2026-05-16T02:00:08Z [INFO] Job 841766 for task 46 has left the Slurm queue; validating output
2026-05-16T02:00:08Z [ERROR] Task 46: status file reports state=failed; seed=46; message=train failed; see outputs/slurm/status/retry-manifest_20260514T083657Z/task_46_attempt_1.log; job_log=outputs/slurm/status/retry-manifest_20260514T083657Z/task_46_attempt_1.log
2026-05-16T02:00:08Z [ERROR] Task 46: validation failed; re-queueing for retry
2026-05-16T02:00:18Z [INFO] Submitting task 46 try 1/3: group=binary_train_multi_seed kind=train config=configs/binary/rgb_real_msi_segformer_b1.yaml split=test seed=46 attempt=2
2026-05-16T02:00:18Z [INFO] Submitted task 46 (binary_train_multi_seed, train, configs/binary/rgb_real_msi_segformer_b1.yaml, seed=46) as job 841768, attempt 2
2026-05-16T02:00:38Z [INFO] Job 841767 for task 45 has left the Slurm queue; validating output
2026-05-16T02:00:38Z [ERROR] Task 45: status file reports state=failed; seed=43; message=train failed; see outputs/slurm/status/retry-manifest_20260514T083657Z/task_45_attempt_2.log; job_log=outputs/slurm/status/retry-manifest_20260514T083657Z/task_45_attempt_2.log
2026-05-16T02:00:38Z [ERROR] Task 45: validation failed; re-queueing for retry
2026-05-16T02:00:48Z [INFO] Submitting task 45 try 1/3: group=binary_train_multi_seed kind=train config=configs/binary/rgb_real_msi_segformer_b1.yaml split=test seed=43 attempt=3
2026-05-16T02:00:48Z [INFO] Submitted task 45 (binary_train_multi_seed, train, configs/binary/rgb_real_msi_segformer_b1.yaml, seed=43) as job 841769, attempt 3
2026-05-16T02:01:09Z [INFO] Job 841768 for task 46 has left the Slurm queue; validating output
2026-05-16T02:01:09Z [ERROR] Task 46: status file reports state=failed; seed=46; message=train failed; see outputs/slurm/status/retry-manifest_20260514T083657Z/task_46_attempt_2.log; job_log=outputs/slurm/status/retry-manifest_20260514T083657Z/task_46_attempt_2.log
2026-05-16T02:01:09Z [ERROR] Task 46: validation failed; re-queueing for retry
2026-05-16T02:01:19Z [INFO] Submitting task 46 try 1/3: group=binary_train_multi_seed kind=train config=configs/binary/rgb_real_msi_segformer_b1.yaml split=test seed=46 attempt=3
2026-05-16T02:01:19Z [INFO] Submitted task 46 (binary_train_multi_seed, train, configs/binary/rgb_real_msi_segformer_b1.yaml, seed=46) as job 841770, attempt 3
2026-05-16T02:01:39Z [INFO] Job 841769 for task 45 has left the Slurm queue; validating output
2026-05-16T02:01:40Z [ERROR] Task 45: status file reports state=failed; seed=43; message=train failed; see outputs/slurm/status/retry-manifest_20260514T083657Z/task_45_attempt_3.log; job_log=outputs/slurm/status/retry-manifest_20260514T083657Z/task_45_attempt_3.log
2026-05-16T02:01:40Z [ERROR] Task 45: validation failed; re-queueing for retry
2026-05-16T02:01:50Z [INFO] Submitting task 45 try 1/3: group=binary_train_multi_seed kind=train config=configs/binary/rgb_real_msi_segformer_b1.yaml split=test seed=43 attempt=4
2026-05-16T02:01:50Z [INFO] Submitted task 45 (binary_train_multi_seed, train, configs/binary/rgb_real_msi_segformer_b1.yaml, seed=43) as job 841771, attempt 4
2026-05-16T02:02:10Z [INFO] Job 841770 for task 46 has left the Slurm queue; validating output
2026-05-16T02:02:10Z [ERROR] Task 46: status file reports state=failed; seed=46; message=train failed; see outputs/slurm/status/retry-manifest_20260514T083657Z/task_46_attempt_3.log; job_log=outputs/slurm/status/retry-manifest_20260514T083657Z/task_46_attempt_3.log
2026-05-16T02:02:10Z [ERROR] Task 46: validation failed; re-queueing for retry
2026-05-16T02:02:20Z [INFO] Submitting task 46 try 1/3: group=binary_train_multi_seed kind=train config=configs/binary/rgb_real_msi_segformer_b1.yaml split=test seed=46 attempt=4
2026-05-16T02:02:20Z [INFO] Submitted task 46 (binary_train_multi_seed, train, configs/binary/rgb_real_msi_segformer_b1.yaml, seed=46) as job 841772, attempt 4
2026-05-16T02:02:41Z [INFO] Job 841771 for task 45 has left the Slurm queue; validating output
2026-05-16T02:02:41Z [ERROR] Task 45: status file reports state=failed; seed=43; message=train failed; see outputs/slurm/status/retry-manifest_20260514T083657Z/task_45_attempt_4.log; job_log=outputs/slurm/status/retry-manifest_20260514T083657Z/task_45_attempt_4.log
2026-05-16T02:02:41Z [ERROR] Task 45: permanent failure after 4 attempt(s)
2026-05-16T02:02:51Z [INFO] Submitting task 47 try 1/3: group=binary_train_multi_seed kind=train config=configs/binary/rgb_real_msi_segformer_b1.yaml split=test seed=47 attempt=1
2026-05-16T02:02:51Z [INFO] Submitted task 47 (binary_train_multi_seed, train, configs/binary/rgb_real_msi_segformer_b1.yaml, seed=47) as job 841773, attempt 1
2026-05-16T02:15:42Z [INFO] Job 841381 for task 36 has left the Slurm queue; validating output
2026-05-16T02:15:43Z [INFO] Task 36 completed successfully
2026-05-16T02:15:53Z [INFO] Submitting task 48 try 1/3: group=binary_train_multi_seed kind=train config=configs/binary/rgb_real_msi_segformer_b1.yaml split=test seed=48 attempt=1
2026-05-16T02:15:53Z [INFO] Submitted task 48 (binary_train_multi_seed, train, configs/binary/rgb_real_msi_segformer_b1.yaml, seed=48) as job 841786, attempt 1
2026-05-16T03:10:46Z [INFO] Job 841665 for task 33 has left the Slurm queue; validating output
2026-05-16T03:10:46Z [INFO] Task 33 completed successfully
2026-05-16T03:10:57Z [INFO] Submitting task 49 try 1/3: group=binary_train_multi_seed kind=train config=configs/binary/rgb_real_msi_segformer_b1.yaml split=test seed=49 attempt=1
2026-05-16T03:10:57Z [INFO] Submitted task 49 (binary_train_multi_seed, train, configs/binary/rgb_real_msi_segformer_b1.yaml, seed=49) as job 841800, attempt 1
2026-05-16T03:17:12Z [INFO] Job 841660 for task 37 has left the Slurm queue; validating output
2026-05-16T03:17:12Z [INFO] Task 37 completed successfully
2026-05-16T03:17:22Z [INFO] Submitting task 50 try 1/3: group=binary_train_multi_seed kind=train config=configs/binary/rgb_real_msi_segformer_b1.yaml split=test seed=50 attempt=1
2026-05-16T03:17:22Z [INFO] Submitted task 50 (binary_train_multi_seed, train, configs/binary/rgb_real_msi_segformer_b1.yaml, seed=50) as job 841801, attempt 1
2026-05-16T04:44:03Z [INFO] Job 841666 for task 35 has left the Slurm queue; validating output
2026-05-16T04:44:03Z [INFO] Task 35 completed successfully
2026-05-16T04:44:13Z [INFO] Submitting task 51 try 1/3: group=binary_train_multi_seed kind=train config=configs/binary/rgb_real_msi_segformer_b1.yaml split=test seed=51 attempt=1
2026-05-16T04:44:13Z [INFO] Submitted task 51 (binary_train_multi_seed, train, configs/binary/rgb_real_msi_segformer_b1.yaml, seed=51) as job 841829, attempt 1
2026-05-16T04:46:45Z [INFO] Job 841437 for task 34 has left the Slurm queue; validating output
2026-05-16T04:46:45Z [INFO] Task 34 completed successfully
2026-05-16T04:46:55Z [INFO] Submitting task 52 try 1/3: group=fuzzy_train_multi_seed kind=train config=configs/fuzzy/rgb_unetpp_resnet34.yaml split=test seed=42 attempt=1
2026-05-16T04:46:55Z [INFO] Submitted task 52 (fuzzy_train_multi_seed, train, configs/fuzzy/rgb_unetpp_resnet34.yaml, seed=42) as job 841831, attempt 1
2026-05-16T04:59:15Z [INFO] Job 841680 for task 39 has left the Slurm queue; validating output
2026-05-16T04:59:15Z [INFO] Task 39 completed successfully
2026-05-16T04:59:25Z [INFO] Submitting task 53 try 1/3: group=fuzzy_train_multi_seed kind=train config=configs/fuzzy/rgb_unetpp_resnet34.yaml split=test seed=43 attempt=1
2026-05-16T04:59:25Z [INFO] Submitted task 53 (fuzzy_train_multi_seed, train, configs/fuzzy/rgb_unetpp_resnet34.yaml, seed=43) as job 841870, attempt 1
2026-05-16T08:13:39Z [INFO] Job 841800 for task 49 has left the Slurm queue; validating output
2026-05-16T08:13:39Z [INFO] Task 49 completed successfully
2026-05-16T08:13:49Z [INFO] Submitting task 54 try 1/3: group=fuzzy_train_multi_seed kind=train config=configs/fuzzy/rgb_unetpp_resnet34.yaml split=test seed=44 attempt=1
2026-05-16T08:13:49Z [INFO] Submitted task 54 (fuzzy_train_multi_seed, train, configs/fuzzy/rgb_unetpp_resnet34.yaml, seed=44) as job 845562, attempt 1
2026-05-16T08:18:34Z [INFO] Job 841801 for task 50 has left the Slurm queue; validating output
2026-05-16T08:18:34Z [INFO] Task 50 completed successfully
2026-05-16T08:18:44Z [INFO] Submitting task 55 try 1/3: group=fuzzy_train_multi_seed kind=train config=configs/fuzzy/rgb_unetpp_resnet34.yaml split=test seed=45 attempt=1
2026-05-16T08:18:44Z [INFO] Submitted task 55 (fuzzy_train_multi_seed, train, configs/fuzzy/rgb_unetpp_resnet34.yaml, seed=45) as job 845568, attempt 1
2026-05-16T08:32:26Z [INFO] Job 841786 for task 48 has left the Slurm queue; validating output
2026-05-16T08:32:26Z [INFO] Task 48 completed successfully
2026-05-16T08:32:36Z [INFO] Submitting task 56 try 1/3: group=fuzzy_train_multi_seed kind=train config=configs/fuzzy/rgb_unetpp_resnet34.yaml split=test seed=46 attempt=1
2026-05-16T08:32:36Z [INFO] Submitted task 56 (fuzzy_train_multi_seed, train, configs/fuzzy/rgb_unetpp_resnet34.yaml, seed=46) as job 845593, attempt 1
2026-05-16T08:47:37Z [INFO] Job 841773 for task 47 has left the Slurm queue; validating output
2026-05-16T08:47:38Z [INFO] Task 47 completed successfully
2026-05-16T08:47:48Z [INFO] Submitting task 57 try 1/3: group=fuzzy_train_multi_seed kind=train config=configs/fuzzy/rgb_unetpp_resnet34.yaml split=test seed=47 attempt=1
2026-05-16T08:47:48Z [INFO] Submitted task 57 (fuzzy_train_multi_seed, train, configs/fuzzy/rgb_unetpp_resnet34.yaml, seed=47) as job 845594, attempt 1
2026-05-16T09:22:26Z [INFO] Job 845593 for task 56 has left the Slurm queue; validating output
2026-05-16T09:22:26Z [ERROR] Task 56: status file reports state=failed; seed=46; message=train failed; see outputs/slurm/status/retry-manifest_20260514T083657Z/task_56_attempt_1.log; job_log=outputs/slurm/status/retry-manifest_20260514T083657Z/task_56_attempt_1.log
2026-05-16T09:22:26Z [ERROR] Task 56: validation failed; re-queueing for retry
2026-05-16T09:22:36Z [INFO] Submitting task 56 try 1/3: group=fuzzy_train_multi_seed kind=train config=configs/fuzzy/rgb_unetpp_resnet34.yaml split=test seed=46 attempt=2
2026-05-16T09:22:36Z [INFO] Submitted task 56 (fuzzy_train_multi_seed, train, configs/fuzzy/rgb_unetpp_resnet34.yaml, seed=46) as job 845638, attempt 2
2026-05-16T09:22:56Z [INFO] Job 845594 for task 57 has left the Slurm queue; validating output
2026-05-16T09:22:56Z [ERROR] Task 57: status file reports state=failed; seed=47; message=train failed; see outputs/slurm/status/retry-manifest_20260514T083657Z/task_57_attempt_1.log; job_log=outputs/slurm/status/retry-manifest_20260514T083657Z/task_57_attempt_1.log
2026-05-16T09:22:56Z [ERROR] Task 57: validation failed; re-queueing for retry
2026-05-16T09:23:07Z [INFO] Submitting task 57 try 1/3: group=fuzzy_train_multi_seed kind=train config=configs/fuzzy/rgb_unetpp_resnet34.yaml split=test seed=47 attempt=2
2026-05-16T09:23:07Z [INFO] Submitted task 57 (fuzzy_train_multi_seed, train, configs/fuzzy/rgb_unetpp_resnet34.yaml, seed=47) as job 845639, attempt 2
2026-05-16T10:35:46Z [INFO] Job 841870 for task 53 has left the Slurm queue; validating output
2026-05-16T10:35:46Z [INFO] Task 53 completed successfully
2026-05-16T10:35:56Z [INFO] Submitting task 58 try 1/3: group=fuzzy_train_multi_seed kind=train config=configs/fuzzy/rgb_unetpp_resnet34.yaml split=test seed=48 attempt=1
2026-05-16T10:35:56Z [INFO] Submitted task 58 (fuzzy_train_multi_seed, train, configs/fuzzy/rgb_unetpp_resnet34.yaml, seed=48) as job 845727, attempt 1
2026-05-16T10:37:17Z [INFO] Job 841831 for task 52 has left the Slurm queue; validating output
2026-05-16T10:37:17Z [INFO] Task 52 completed successfully
2026-05-16T10:37:27Z [INFO] Submitting task 59 try 1/3: group=fuzzy_train_multi_seed kind=train config=configs/fuzzy/rgb_unetpp_resnet34.yaml split=test seed=49 attempt=1
2026-05-16T10:37:27Z [INFO] Submitted task 59 (fuzzy_train_multi_seed, train, configs/fuzzy/rgb_unetpp_resnet34.yaml, seed=49) as job 845728, attempt 1
2026-05-16T10:50:47Z [INFO] Job 841772 for task 46 has left the Slurm queue; validating output
2026-05-16T10:50:48Z [ERROR] Task 46: status file reports state=failed; seed=46; message=train failed; see outputs/slurm/status/retry-manifest_20260514T083657Z/task_46_attempt_4.log; job_log=outputs/slurm/status/retry-manifest_20260514T083657Z/task_46_attempt_4.log
2026-05-16T10:50:48Z [ERROR] Task 46: permanent failure after 4 attempt(s)
2026-05-16T10:50:58Z [INFO] Submitting task 60 try 1/3: group=fuzzy_train_multi_seed kind=train config=configs/fuzzy/rgb_unetpp_resnet34.yaml split=test seed=50 attempt=1
2026-05-16T10:50:58Z [INFO] Submitted task 60 (fuzzy_train_multi_seed, train, configs/fuzzy/rgb_unetpp_resnet34.yaml, seed=50) as job 845738, attempt 1
2026-05-16T11:33:13Z [INFO] Job 845639 for task 57 has left the Slurm queue; validating output
2026-05-16T11:33:14Z [ERROR] Task 57: status file reports state=failed; seed=47; message=train failed; see outputs/slurm/status/retry-manifest_20260514T083657Z/task_57_attempt_2.log; job_log=outputs/slurm/status/retry-manifest_20260514T083657Z/task_57_attempt_2.log
2026-05-16T11:33:14Z [ERROR] Task 57: validation failed; re-queueing for retry
2026-05-16T11:33:24Z [INFO] Submitting task 57 try 1/3: group=fuzzy_train_multi_seed kind=train config=configs/fuzzy/rgb_unetpp_resnet34.yaml split=test seed=47 attempt=3
2026-05-16T11:33:24Z [INFO] Submitted task 57 (fuzzy_train_multi_seed, train, configs/fuzzy/rgb_unetpp_resnet34.yaml, seed=47) as job 845785, attempt 3
2026-05-16T12:35:49Z [INFO] Job 841829 for task 51 has left the Slurm queue; validating output
2026-05-16T12:35:49Z [INFO] Task 51 completed successfully
2026-05-16T12:35:59Z [INFO] Submitting task 61 try 1/3: group=fuzzy_train_multi_seed kind=train config=configs/fuzzy/rgb_unetpp_resnet34.yaml split=test seed=51 attempt=1
2026-05-16T12:35:59Z [INFO] Submitted task 61 (fuzzy_train_multi_seed, train, configs/fuzzy/rgb_unetpp_resnet34.yaml, seed=51) as job 845873, attempt 1
2026-05-16T13:28:51Z [INFO] Job 845727 for task 58 has left the Slurm queue; validating output
2026-05-16T13:28:51Z [ERROR] Task 58: status file reports state=failed; seed=48; message=train failed; see outputs/slurm/status/retry-manifest_20260514T083657Z/task_58_attempt_1.log; job_log=outputs/slurm/status/retry-manifest_20260514T083657Z/task_58_attempt_1.log
2026-05-16T13:28:51Z [ERROR] Task 58: validation failed; re-queueing for retry
2026-05-16T13:29:01Z [INFO] Submitting task 58 try 1/3: group=fuzzy_train_multi_seed kind=train config=configs/fuzzy/rgb_unetpp_resnet34.yaml split=test seed=48 attempt=2
2026-05-16T13:29:01Z [INFO] Submitted task 58 (fuzzy_train_multi_seed, train, configs/fuzzy/rgb_unetpp_resnet34.yaml, seed=48) as job 845947, attempt 2
2026-05-16T13:29:22Z [INFO] Job 845728 for task 59 has left the Slurm queue; validating output
2026-05-16T13:29:22Z [ERROR] Task 59: status file reports state=failed; seed=49; message=train failed; see outputs/slurm/status/retry-manifest_20260514T083657Z/task_59_attempt_1.log; job_log=outputs/slurm/status/retry-manifest_20260514T083657Z/task_59_attempt_1.log
2026-05-16T13:29:22Z [ERROR] Task 59: validation failed; re-queueing for retry
2026-05-16T13:29:32Z [INFO] Submitting task 59 try 1/3: group=fuzzy_train_multi_seed kind=train config=configs/fuzzy/rgb_unetpp_resnet34.yaml split=test seed=49 attempt=2
2026-05-16T13:29:32Z [INFO] Submitted task 59 (fuzzy_train_multi_seed, train, configs/fuzzy/rgb_unetpp_resnet34.yaml, seed=49) as job 845948, attempt 2
2026-05-16T13:29:53Z [INFO] Job 845738 for task 60 has left the Slurm queue; validating output
2026-05-16T13:29:53Z [ERROR] Task 60: status file reports state=failed; seed=50; message=train failed; see outputs/slurm/status/retry-manifest_20260514T083657Z/task_60_attempt_1.log; job_log=outputs/slurm/status/retry-manifest_20260514T083657Z/task_60_attempt_1.log
2026-05-16T13:29:53Z [ERROR] Task 60: validation failed; re-queueing for retry
2026-05-16T13:30:03Z [INFO] Submitting task 60 try 1/3: group=fuzzy_train_multi_seed kind=train config=configs/fuzzy/rgb_unetpp_resnet34.yaml split=test seed=50 attempt=2
2026-05-16T13:30:03Z [INFO] Submitted task 60 (fuzzy_train_multi_seed, train, configs/fuzzy/rgb_unetpp_resnet34.yaml, seed=50) as job 845949, attempt 2
2026-05-16T14:47:47Z [INFO] Job 845568 for task 55 has left the Slurm queue; validating output
2026-05-16T14:47:50Z [INFO] Task 55 completed successfully
2026-05-16T14:48:00Z [INFO] Submitting task 62 try 1/3: group=fuzzy_train_multi_seed kind=train config=configs/fuzzy/rgb_unetpp_resnet50.yaml split=test seed=42 attempt=1
2026-05-16T14:48:00Z [INFO] Submitted task 62 (fuzzy_train_multi_seed, train, configs/fuzzy/rgb_unetpp_resnet50.yaml, seed=42) as job 846039, attempt 1
2026-05-16T17:29:43Z [INFO] Job 845562 for task 54 has left the Slurm queue; validating output
2026-05-16T17:29:43Z [ERROR] Task 54: status file reports state=failed; seed=44; message=train failed; see outputs/slurm/status/retry-manifest_20260514T083657Z/task_54_attempt_1.log; job_log=outputs/slurm/status/retry-manifest_20260514T083657Z/task_54_attempt_1.log
2026-05-16T17:29:43Z [ERROR] Task 54: validation failed; re-queueing for retry
2026-05-16T17:29:53Z [INFO] Submitting task 54 try 1/3: group=fuzzy_train_multi_seed kind=train config=configs/fuzzy/rgb_unetpp_resnet34.yaml split=test seed=44 attempt=2
2026-05-16T17:29:53Z [INFO] Submitted task 54 (fuzzy_train_multi_seed, train, configs/fuzzy/rgb_unetpp_resnet34.yaml, seed=44) as job 846225, attempt 2
2026-05-16T17:30:03Z [INFO] Job 845638 for task 56 has left the Slurm queue; validating output
2026-05-16T17:30:03Z [ERROR] Task 56: status file reports state=failed; seed=46; message=train failed; see outputs/slurm/status/retry-manifest_20260514T083657Z/task_56_attempt_2.log; job_log=outputs/slurm/status/retry-manifest_20260514T083657Z/task_56_attempt_2.log
2026-05-16T17:30:03Z [ERROR] Task 56: validation failed; re-queueing for retry
2026-05-16T17:30:14Z [INFO] Submitting task 56 try 1/3: group=fuzzy_train_multi_seed kind=train config=configs/fuzzy/rgb_unetpp_resnet34.yaml split=test seed=46 attempt=3
2026-05-16T17:30:14Z [INFO] Submitted task 56 (fuzzy_train_multi_seed, train, configs/fuzzy/rgb_unetpp_resnet34.yaml, seed=46) as job 846227, attempt 3
2026-05-16T23:42:56Z [INFO] Job 845873 for task 61 has left the Slurm queue; validating output
2026-05-16T23:42:56Z [INFO] Task 61 completed successfully
2026-05-16T23:43:06Z [INFO] Submitting task 63 try 1/3: group=fuzzy_train_multi_seed kind=train config=configs/fuzzy/rgb_unetpp_resnet50.yaml split=test seed=43 attempt=1
2026-05-16T23:43:06Z [INFO] Submitted task 63 (fuzzy_train_multi_seed, train, configs/fuzzy/rgb_unetpp_resnet50.yaml, seed=43) as job 846310, attempt 1
2026-05-17T03:03:20Z [INFO] Job 845785 for task 57 has left the Slurm queue; validating output
2026-05-17T03:03:20Z [ERROR] Task 57: missing status file outputs/slurm/status/retry-manifest_20260514T083657Z/task_57_attempt_3.status
2026-05-17T03:03:20Z [ERROR] Task 57: validation failed; re-queueing for retry
2026-05-17T03:03:30Z [INFO] Submitting task 57 try 1/3: group=fuzzy_train_multi_seed kind=train config=configs/fuzzy/rgb_unetpp_resnet34.yaml split=test seed=47 attempt=4
2026-05-17T03:03:30Z [INFO] Submitted task 57 (fuzzy_train_multi_seed, train, configs/fuzzy/rgb_unetpp_resnet34.yaml, seed=47) as job 846318, attempt 4
2026-05-17T08:23:26Z [INFO] Job 845948 for task 59 has left the Slurm queue; validating output
2026-05-17T08:23:26Z [INFO] Task 59 completed successfully
2026-05-17T08:23:36Z [INFO] Submitting task 64 try 1/3: group=fuzzy_train_multi_seed kind=train config=configs/fuzzy/rgb_deeplabv3plus_resnet50.yaml split=test seed=43 attempt=1
2026-05-17T08:23:36Z [INFO] Submitted task 64 (fuzzy_train_multi_seed, train, configs/fuzzy/rgb_deeplabv3plus_resnet50.yaml, seed=43) as job 846375, attempt 1
2026-05-17T09:04:20Z [INFO] Job 845947 for task 58 has left the Slurm queue; validating output
2026-05-17T09:04:20Z [INFO] Task 58 completed successfully
2026-05-17T09:04:30Z [INFO] Submitting task 65 try 1/3: group=fuzzy_train_multi_seed kind=train config=configs/fuzzy/real_msi_unetpp_resnet34.yaml split=test seed=51 attempt=1
2026-05-17T09:04:30Z [INFO] Submitted task 65 (fuzzy_train_multi_seed, train, configs/fuzzy/real_msi_unetpp_resnet34.yaml, seed=51) as job 846396, attempt 1
2026-05-17T11:32:00Z [INFO] Job 845949 for task 60 has left the Slurm queue; validating output
2026-05-17T11:32:00Z [INFO] Task 60 completed successfully
2026-05-17T11:32:10Z [INFO] Submitting task 66 try 1/3: group=fuzzy_train_multi_seed kind=train config=configs/fuzzy/real_msi_unetpp_resnet50.yaml split=test seed=45 attempt=1
2026-05-17T11:32:10Z [INFO] Submitted task 66 (fuzzy_train_multi_seed, train, configs/fuzzy/real_msi_unetpp_resnet50.yaml, seed=45) as job 846448, attempt 1
2026-05-17T15:03:42Z [INFO] Job 846039 for task 62 has left the Slurm queue; validating output
2026-05-17T15:03:43Z [ERROR] Task 62: status file reports state=failed; seed=42; message=train failed; see outputs/slurm/status/retry-manifest_20260514T083657Z/task_62_attempt_1.log; job_log=outputs/slurm/status/retry-manifest_20260514T083657Z/task_62_attempt_1.log
2026-05-17T15:03:43Z [ERROR] Task 62: validation failed; re-queueing for retry
2026-05-17T15:03:53Z [INFO] Submitting task 62 try 1/3: group=fuzzy_train_multi_seed kind=train config=configs/fuzzy/rgb_unetpp_resnet50.yaml split=test seed=42 attempt=2
2026-05-17T15:03:53Z [INFO] Submitted task 62 (fuzzy_train_multi_seed, train, configs/fuzzy/rgb_unetpp_resnet50.yaml, seed=42) as job 846574, attempt 2
2026-05-17T21:10:36Z [INFO] Job 846227 for task 56 has left the Slurm queue; validating output
2026-05-17T21:10:37Z [ERROR] Task 56: status file reports state=failed; seed=46; message=train failed; see outputs/slurm/status/retry-manifest_20260514T083657Z/task_56_attempt_3.log; job_log=outputs/slurm/status/retry-manifest_20260514T083657Z/task_56_attempt_3.log
2026-05-17T21:10:37Z [ERROR] Task 56: validation failed; re-queueing for retry
2026-05-17T21:10:47Z [INFO] Submitting task 56 try 1/3: group=fuzzy_train_multi_seed kind=train config=configs/fuzzy/rgb_unetpp_resnet34.yaml split=test seed=46 attempt=4
2026-05-17T21:10:47Z [INFO] Submitted task 56 (fuzzy_train_multi_seed, train, configs/fuzzy/rgb_unetpp_resnet34.yaml, seed=46) as job 846778, attempt 4
2026-05-17T22:53:30Z [INFO] Job 846310 for task 63 has left the Slurm queue; validating output
2026-05-17T22:53:31Z [ERROR] Task 63: status file reports state=failed; seed=43; message=train failed; see outputs/slurm/status/retry-manifest_20260514T083657Z/task_63_attempt_1.log; job_log=outputs/slurm/status/retry-manifest_20260514T083657Z/task_63_attempt_1.log
2026-05-17T22:53:31Z [ERROR] Task 63: validation failed; re-queueing for retry
2026-05-17T22:53:41Z [INFO] Submitting task 63 try 1/3: group=fuzzy_train_multi_seed kind=train config=configs/fuzzy/rgb_unetpp_resnet50.yaml split=test seed=43 attempt=2
2026-05-17T22:53:41Z [INFO] Submitted task 63 (fuzzy_train_multi_seed, train, configs/fuzzy/rgb_unetpp_resnet50.yaml, seed=43) as job 846858, attempt 2
2026-05-17T22:54:01Z [INFO] Job 846318 for task 57 has left the Slurm queue; validating output
2026-05-17T22:54:01Z [ERROR] Task 57: status file reports state=failed; seed=47; message=train failed; see outputs/slurm/status/retry-manifest_20260514T083657Z/task_57_attempt_4.log; job_log=outputs/slurm/status/retry-manifest_20260514T083657Z/task_57_attempt_4.log
2026-05-17T22:54:01Z [ERROR] Task 57: permanent failure after 4 attempt(s)
2026-05-17T22:54:11Z [INFO] Submitting task 67 try 1/3: group=fuzzy_train_multi_seed kind=train config=configs/fuzzy/real_msi_unetpp_resnet50.yaml split=test seed=46 attempt=1
2026-05-17T22:54:11Z [INFO] Submitted task 67 (fuzzy_train_multi_seed, train, configs/fuzzy/real_msi_unetpp_resnet50.yaml, seed=46) as job 846859, attempt 1
2026-05-18T05:21:05Z [INFO] Job 846225 for task 54 has left the Slurm queue; validating output
2026-05-18T05:21:05Z [INFO] Task 54 completed successfully
2026-05-18T05:21:15Z [INFO] Submitting task 68 try 1/3: group=fuzzy_train_multi_seed kind=train config=configs/fuzzy/real_msi_unetpp_resnet50.yaml split=test seed=47 attempt=1
2026-05-18T05:21:15Z [INFO] Submitted task 68 (fuzzy_train_multi_seed, train, configs/fuzzy/real_msi_unetpp_resnet50.yaml, seed=47) as job 846981, attempt 1
2026-05-18T08:52:07Z [INFO] Job 846981 for task 68 has left the Slurm queue; validating output
2026-05-18T08:52:07Z [ERROR] Task 68: status file reports state=failed; seed=47; message=train failed; see outputs/slurm/status/retry-manifest_20260514T083657Z/task_68_attempt_1.log; job_log=outputs/slurm/status/retry-manifest_20260514T083657Z/task_68_attempt_1.log
2026-05-18T08:52:07Z [ERROR] Task 68: validation failed; re-queueing for retry
2026-05-18T08:52:17Z [INFO] Submitting task 68 try 1/3: group=fuzzy_train_multi_seed kind=train config=configs/fuzzy/real_msi_unetpp_resnet50.yaml split=test seed=47 attempt=2
2026-05-18T08:52:17Z [INFO] Submitted task 68 (fuzzy_train_multi_seed, train, configs/fuzzy/real_msi_unetpp_resnet50.yaml, seed=47) as job 847243, attempt 2
2026-05-18T14:13:39Z [INFO] Job 846375 for task 64 has left the Slurm queue; validating output
2026-05-18T14:13:39Z [INFO] Task 64 completed successfully
2026-05-18T14:13:49Z [INFO] Submitting task 69 try 1/3: group=fuzzy_train_multi_seed kind=train config=configs/fuzzy/real_msi_unetpp_resnet50.yaml split=test seed=48 attempt=1
2026-05-18T14:13:49Z [INFO] Submitted task 69 (fuzzy_train_multi_seed, train, configs/fuzzy/real_msi_unetpp_resnet50.yaml, seed=48) as job 848162, attempt 1
2026-05-18T14:19:34Z [INFO] Job 846778 for task 56 has left the Slurm queue; validating output
2026-05-18T14:19:34Z [INFO] Task 56 completed successfully
2026-05-18T14:19:44Z [INFO] Submitting task 70 try 1/3: group=fuzzy_train_multi_seed kind=train config=configs/fuzzy/real_msi_unetpp_resnet50.yaml split=test seed=49 attempt=1
2026-05-18T14:19:44Z [INFO] Submitted task 70 (fuzzy_train_multi_seed, train, configs/fuzzy/real_msi_unetpp_resnet50.yaml, seed=49) as job 848181, attempt 1
2026-05-18T14:25:19Z [INFO] Job 846396 for task 65 has left the Slurm queue; validating output
2026-05-18T14:25:20Z [INFO] Task 65 completed successfully
2026-05-18T14:25:30Z [INFO] Submitting task 71 try 1/3: group=fuzzy_train_multi_seed kind=train config=configs/fuzzy/real_msi_deeplabv3plus_resnet34.yaml split=test seed=44 attempt=1
2026-05-18T14:25:30Z [INFO] Submitted task 71 (fuzzy_train_multi_seed, train, configs/fuzzy/real_msi_deeplabv3plus_resnet34.yaml, seed=44) as job 848191, attempt 1
2026-05-18T15:20:15Z [INFO] Job 846448 for task 66 has left the Slurm queue; validating output
2026-05-18T15:20:15Z [INFO] Task 66 completed successfully
2026-05-18T15:20:25Z [INFO] Submitting task 72 try 1/3: group=fuzzy_train_multi_seed kind=train config=configs/fuzzy/real_msi_deeplabv3plus_resnet34.yaml split=test seed=45 attempt=1
2026-05-18T15:20:25Z [INFO] Submitted task 72 (fuzzy_train_multi_seed, train, configs/fuzzy/real_msi_deeplabv3plus_resnet34.yaml, seed=45) as job 848242, attempt 1
2026-05-18T19:21:01Z [INFO] Job 846574 for task 62 has left the Slurm queue; validating output
2026-05-18T19:21:01Z [ERROR] Task 62: missing status file outputs/slurm/status/retry-manifest_20260514T083657Z/task_62_attempt_2.status
2026-05-18T19:21:01Z [ERROR] Task 62: validation failed; re-queueing for retry
2026-05-18T19:21:11Z [INFO] Submitting task 62 try 1/3: group=fuzzy_train_multi_seed kind=train config=configs/fuzzy/rgb_unetpp_resnet50.yaml split=test seed=42 attempt=3
2026-05-18T19:21:11Z [INFO] Submitted task 62 (fuzzy_train_multi_seed, train, configs/fuzzy/rgb_unetpp_resnet50.yaml, seed=42) as job 848541, attempt 3
2026-05-18T19:52:24Z [INFO] Job 846858 for task 63 has left the Slurm queue; validating output
2026-05-18T19:52:24Z [ERROR] Task 63: missing status file outputs/slurm/status/retry-manifest_20260514T083657Z/task_63_attempt_2.status
2026-05-18T19:52:25Z [ERROR] Task 63: validation failed; re-queueing for retry
2026-05-18T19:52:35Z [INFO] Submitting task 63 try 1/3: group=fuzzy_train_multi_seed kind=train config=configs/fuzzy/rgb_unetpp_resnet50.yaml split=test seed=43 attempt=3
2026-05-18T19:52:35Z [INFO] Submitted task 63 (fuzzy_train_multi_seed, train, configs/fuzzy/rgb_unetpp_resnet50.yaml, seed=43) as job 848592, attempt 3
2026-05-18T19:59:10Z [INFO] Job 846859 for task 67 has left the Slurm queue; validating output
2026-05-18T19:59:10Z [INFO] Task 67 completed successfully
2026-05-18T19:59:20Z [INFO] Submitting task 73 try 1/3: group=fuzzy_train_multi_seed kind=train config=configs/fuzzy/real_msi_deeplabv3plus_resnet34.yaml split=test seed=46 attempt=1
2026-05-18T19:59:20Z [INFO] Submitted task 73 (fuzzy_train_multi_seed, train, configs/fuzzy/real_msi_deeplabv3plus_resnet34.yaml, seed=46) as job 848609, attempt 1
2026-05-18T22:08:08Z [INFO] Job 848541 for task 62 has left the Slurm queue; validating output
2026-05-18T22:08:08Z [ERROR] Task 62: missing Slurm stdout log logs/masking/slurm/masking_task_848541.out
2026-05-18T22:08:08Z [ERROR] Task 62: validation failed; re-queueing for retry
2026-05-18T22:08:23Z [INFO] Submitting task 62 try 1/3: group=fuzzy_train_multi_seed kind=train config=configs/fuzzy/rgb_unetpp_resnet50.yaml split=test seed=42 attempt=4
2026-05-18T22:08:24Z [INFO] Submitted task 62 (fuzzy_train_multi_seed, train, configs/fuzzy/rgb_unetpp_resnet50.yaml, seed=42) as job 848761, attempt 4
2026-05-19T01:12:27Z [INFO] Job 847243 for task 68 has left the Slurm queue; validating output
2026-05-19T01:12:28Z [ERROR] Task 68: missing status file outputs/slurm/status/retry-manifest_20260514T083657Z/task_68_attempt_2.status
2026-05-19T01:12:28Z [ERROR] Task 68: validation failed; re-queueing for retry
2026-05-19T01:12:38Z [INFO] Submitting task 68 try 1/3: group=fuzzy_train_multi_seed kind=train config=configs/fuzzy/real_msi_unetpp_resnet50.yaml split=test seed=47 attempt=3
2026-05-19T01:12:38Z [INFO] Submitted task 68 (fuzzy_train_multi_seed, train, configs/fuzzy/real_msi_unetpp_resnet50.yaml, seed=47) as job 848814, attempt 3
2026-05-19T03:52:00Z [INFO] Job 848181 for task 70 has left the Slurm queue; validating output
2026-05-19T03:52:00Z [ERROR] Task 70: status file reports state=failed; seed=49; message=train failed; see outputs/slurm/status/retry-manifest_20260514T083657Z/task_70_attempt_1.log; job_log=outputs/slurm/status/retry-manifest_20260514T083657Z/task_70_attempt_1.log
2026-05-19T03:52:00Z [ERROR] Task 70: validation failed; re-queueing for retry
2026-05-19T03:52:10Z [INFO] Submitting task 70 try 1/3: group=fuzzy_train_multi_seed kind=train config=configs/fuzzy/real_msi_unetpp_resnet50.yaml split=test seed=49 attempt=2
2026-05-19T03:52:10Z [INFO] Submitted task 70 (fuzzy_train_multi_seed, train, configs/fuzzy/real_msi_unetpp_resnet50.yaml, seed=49) as job 848818, attempt 2
2026-05-19T07:41:53Z [INFO] Job 848761 for task 62 has left the Slurm queue; validating output
2026-05-19T07:41:53Z [ERROR] Task 62: status file reports state=failed; seed=42; message=train failed; see outputs/slurm/status/retry-manifest_20260514T083657Z/task_62_attempt_4.log; job_log=outputs/slurm/status/retry-manifest_20260514T083657Z/task_62_attempt_4.log
2026-05-19T07:41:53Z [ERROR] Task 62: permanent failure after 4 attempt(s)
2026-05-19T07:42:03Z [INFO] Submitting task 74 try 1/3: group=fuzzy_train_multi_seed kind=train config=configs/fuzzy/real_msi_deeplabv3plus_resnet34.yaml split=test seed=49 attempt=1
2026-05-19T07:42:03Z [INFO] Submitted task 74 (fuzzy_train_multi_seed, train, configs/fuzzy/real_msi_deeplabv3plus_resnet34.yaml, seed=49) as job 848962, attempt 1
2026-05-19T08:26:32Z [INFO] Job 848162 for task 69 has left the Slurm queue; validating output
2026-05-19T08:26:32Z [INFO] Task 69 completed successfully
2026-05-19T08:26:42Z [INFO] Submitting task 75 try 1/3: group=fuzzy_train_multi_seed kind=train config=configs/fuzzy/real_msi_deeplabv3plus_resnet34.yaml split=test seed=50 attempt=1
2026-05-19T08:26:43Z [INFO] Submitted task 75 (fuzzy_train_multi_seed, train, configs/fuzzy/real_msi_deeplabv3plus_resnet34.yaml, seed=50) as job 848989, attempt 1
2026-05-19T09:08:38Z [INFO] Job 848191 for task 71 has left the Slurm queue; validating output
2026-05-19T09:08:38Z [INFO] Task 71 completed successfully
2026-05-19T09:08:48Z [INFO] Submitting task 76 try 1/3: group=fuzzy_train_multi_seed kind=train config=configs/fuzzy/real_msi_deeplabv3plus_resnet34.yaml split=test seed=51 attempt=1
2026-05-19T09:08:48Z [INFO] Submitted task 76 (fuzzy_train_multi_seed, train, configs/fuzzy/real_msi_deeplabv3plus_resnet34.yaml, seed=51) as job 849023, attempt 1
2026-05-19T09:43:58Z [INFO] Job 848242 for task 72 has left the Slurm queue; validating output
2026-05-19T09:44:04Z [INFO] Task 72 completed successfully
2026-05-19T09:44:14Z [INFO] Submitting task 77 try 1/3: group=fuzzy_train_multi_seed kind=train config=configs/fuzzy/real_msi_deeplabv3plus_resnet50.yaml split=test seed=42 attempt=1
2026-05-19T09:44:14Z [INFO] Submitted task 77 (fuzzy_train_multi_seed, train, configs/fuzzy/real_msi_deeplabv3plus_resnet50.yaml, seed=42) as job 849114, attempt 1
2026-05-19T09:51:20Z [INFO] Job 848592 for task 63 has left the Slurm queue; validating output
2026-05-19T09:51:20Z [ERROR] Task 63: missing status file outputs/slurm/status/retry-manifest_20260514T083657Z/task_63_attempt_3.status
2026-05-19T09:51:20Z [ERROR] Task 63: validation failed; re-queueing for retry
2026-05-19T09:51:30Z [INFO] Job 848814 for task 68 has left the Slurm queue; validating output
2026-05-19T09:51:30Z [ERROR] Task 68: missing status file outputs/slurm/status/retry-manifest_20260514T083657Z/task_68_attempt_3.status
2026-05-19T09:51:30Z [ERROR] Task 68: validation failed; re-queueing for retry
2026-05-19T09:51:41Z [INFO] Submitting task 63 try 1/3: group=fuzzy_train_multi_seed kind=train config=configs/fuzzy/rgb_unetpp_resnet50.yaml split=test seed=43 attempt=4
2026-05-19T09:51:41Z [INFO] Submitted task 63 (fuzzy_train_multi_seed, train, configs/fuzzy/rgb_unetpp_resnet50.yaml, seed=43) as job 849198, attempt 4
2026-05-19T09:51:41Z [INFO] Submitting task 68 try 1/3: group=fuzzy_train_multi_seed kind=train config=configs/fuzzy/real_msi_unetpp_resnet50.yaml split=test seed=47 attempt=4
2026-05-19T09:51:42Z [INFO] Submitted task 68 (fuzzy_train_multi_seed, train, configs/fuzzy/real_msi_unetpp_resnet50.yaml, seed=47) as job 849199, attempt 4
2026-05-19T12:03:14Z [INFO] Job 848609 for task 73 has left the Slurm queue; validating output
2026-05-19T12:03:14Z [INFO] Task 73 completed successfully
2026-05-19T12:03:24Z [INFO] Submitting task 78 try 1/3: group=fuzzy_train_multi_seed kind=train config=configs/fuzzy/real_msi_deeplabv3plus_resnet50.yaml split=test seed=43 attempt=1
2026-05-19T12:03:24Z [INFO] Submitted task 78 (fuzzy_train_multi_seed, train, configs/fuzzy/real_msi_deeplabv3plus_resnet50.yaml, seed=43) as job 849499, attempt 1
