2026-05-18T07:28:02Z [INFO] Slurm masking job started
2026-05-18T07:28:02Z [INFO] task_id=56 group=fuzzy_train_multi_seed kind=train config=configs/fuzzy/rgb_unetpp_resnet34.yaml split=test seed=46 attempt=4
2026-05-18T07:28:02Z [INFO] pwd=/ceph/home/student.aau.dk/qd36zu/fuzzy-p10/tbd/masking host=ailab-l4-07 slurm_job_id=846778 cuda_visible_devices=1
2026-05-18T07:28:02Z [INFO] python=python singularity_image=/ceph/container/pytorch/pytorch_26.02.sif venv_activate=p10_venv/bin/activate
2026-05-18T07:28:02Z [INFO] status_file=outputs/slurm/status/retry-manifest_20260514T083657Z/task_56_attempt_4.status
2026-05-18T07:28:02Z [INFO] PYTHONPATH=/ceph/home/student.aau.dk/qd36zu/fuzzy-p10/tbd/masking OMP_NUM_THREADS=15 MKL_NUM_THREADS=15
2026-05-18T07:28:02Z [INFO] singularity=/usr/bin/singularity

==== train ====
started_at=2026-05-18T07:28:02Z
command=python -u -m src.train --config 'configs/fuzzy/rgb_unetpp_resnet34.yaml' --seed '46'
container_pwd=/ceph/home/student.aau.dk/qd36zu/fuzzy-p10/tbd/masking
container_python_before_venv=/usr/bin/python
using_venv=../../p10_venv/bin/activate
container_python_after_venv=/ceph/home/student.aau.dk/qd36zu/fuzzy-p10/p10_venv/bin/python
python_executable=/ceph/home/student.aau.dk/qd36zu/fuzzy-p10/p10_venv/bin/python
python_version=3.12.3
pythonpath=/ceph/home/student.aau.dk/qd36zu/fuzzy-p10/tbd/masking
/ceph/home/student.aau.dk/qd36zu/fuzzy-p10/tbd/masking/outputs/runs/rgb_unetplusplus_resnet34_fuzzy_halo_seed46_20260518T072828Z

==== evaluate ====
started_at=2026-05-18T14:14:27Z
command=python -u -m src.evaluate --checkpoint '/ceph/home/student.aau.dk/qd36zu/fuzzy-p10/tbd/masking/outputs/runs/rgb_unetplusplus_resnet34_fuzzy_halo_seed46_20260518T072828Z/checkpoints/best.pt' --split 'test'
container_pwd=/ceph/home/student.aau.dk/qd36zu/fuzzy-p10/tbd/masking
container_python_before_venv=/usr/bin/python
using_venv=../../p10_venv/bin/activate
container_python_after_venv=/ceph/home/student.aau.dk/qd36zu/fuzzy-p10/p10_venv/bin/python
python_executable=/ceph/home/student.aau.dk/qd36zu/fuzzy-p10/p10_venv/bin/python
python_version=3.12.3
pythonpath=/ceph/home/student.aau.dk/qd36zu/fuzzy-p10/tbd/masking
