2026-05-05 10:45:35,142 [Trainer] :: Training run initialized at /ceph/home/student.aau.dk/qd36zu/fuzzy-p10/tbd/masking/outputs/runs/rgb_deeplabv3plus_resnet50_fuzzy_halo_seed47_20260505T084534Z
2026-05-05 10:45:35,143 [Trainer] :: Loaded config from /ceph/home/student.aau.dk/qd36zu/fuzzy-p10/tbd/masking/configs/fuzzy/rgb_deeplabv3plus_resnet50.yaml
2026-05-05 10:45:35,143 [Trainer] :: Using seed=47 and device=None
2026-05-05 10:45:35,143 [Trainer] :: Using model architecture=DeepLabV3Plus encoder=resnet50 encoder_weights=imagenet
2026-05-05 10:45:35,401 [Trainer] :: Resolved runtime device to cuda
2026-05-05 10:45:35,402 [Trainer] :: Prepared normalization from source=imagenet
2026-05-05 10:45:57,725 [Trainer] :: Built dataloaders with batch_size=16, num_workers=0
2026-05-05 10:45:57,729 [Trainer] :: Starting epoch 1
2026-05-05 10:51:14,436 [Trainer] :: Completed epoch 1: train_loss=0.374056 train_iou=0.708513 val_loss=0.324083 val_iou=0.595936 lr=0.00010000
2026-05-05 10:51:15,044 [Trainer] :: Updated latest checkpoint at epoch 1
2026-05-05 10:51:15,464 [Trainer] :: New best checkpoint saved with val_iou=0.595936
2026-05-05 10:51:15,464 [Trainer] :: Starting epoch 2
2026-05-05 10:56:13,808 [Trainer] :: Completed epoch 2: train_loss=0.282292 train_iou=0.773404 val_loss=0.316844 val_iou=0.587431 lr=0.00009999
2026-05-05 10:56:14,231 [Trainer] :: Updated latest checkpoint at epoch 2
2026-05-05 10:56:14,231 [Trainer] :: No validation IoU improvement for 1 epoch(s)
2026-05-05 10:56:14,231 [Trainer] :: Starting epoch 3
2026-05-05 11:01:11,647 [Trainer] :: Completed epoch 3: train_loss=0.260164 train_iou=0.790726 val_loss=0.321918 val_iou=0.548260 lr=0.00009998
2026-05-05 11:01:12,077 [Trainer] :: Updated latest checkpoint at epoch 3
2026-05-05 11:01:12,077 [Trainer] :: No validation IoU improvement for 2 epoch(s)
2026-05-05 11:01:12,077 [Trainer] :: Starting epoch 4
2026-05-05 11:06:10,204 [Trainer] :: Completed epoch 4: train_loss=0.239872 train_iou=0.808644 val_loss=0.291116 val_iou=0.635242 lr=0.00009996
2026-05-05 11:06:10,622 [Trainer] :: Updated latest checkpoint at epoch 4
2026-05-05 11:06:11,038 [Trainer] :: New best checkpoint saved with val_iou=0.635242
2026-05-05 11:06:11,038 [Trainer] :: Starting epoch 5
2026-05-05 11:11:09,507 [Trainer] :: Completed epoch 5: train_loss=0.235660 train_iou=0.808043 val_loss=0.322847 val_iou=0.550052 lr=0.00009993
2026-05-05 11:11:11,159 [Trainer] :: Updated latest checkpoint at epoch 5
2026-05-05 11:11:11,159 [Trainer] :: No validation IoU improvement for 1 epoch(s)
2026-05-05 11:11:11,159 [Trainer] :: Starting epoch 6
2026-05-05 11:16:09,654 [Trainer] :: Completed epoch 6: train_loss=0.224253 train_iou=0.818423 val_loss=0.308553 val_iou=0.592199 lr=0.00009990
2026-05-05 11:16:10,095 [Trainer] :: Updated latest checkpoint at epoch 6
2026-05-05 11:16:10,095 [Trainer] :: No validation IoU improvement for 2 epoch(s)
2026-05-05 11:16:10,095 [Trainer] :: Starting epoch 7
2026-05-05 11:21:09,503 [Trainer] :: Completed epoch 7: train_loss=0.214920 train_iou=0.825341 val_loss=0.295219 val_iou=0.593707 lr=0.00009987
2026-05-05 11:21:09,939 [Trainer] :: Updated latest checkpoint at epoch 7
2026-05-05 11:21:09,939 [Trainer] :: No validation IoU improvement for 3 epoch(s)
2026-05-05 11:21:09,939 [Trainer] :: Starting epoch 8
2026-05-05 11:26:07,964 [Trainer] :: Completed epoch 8: train_loss=0.220341 train_iou=0.817232 val_loss=0.299146 val_iou=0.609049 lr=0.00009983
2026-05-05 11:26:08,401 [Trainer] :: Updated latest checkpoint at epoch 8
2026-05-05 11:26:08,401 [Trainer] :: No validation IoU improvement for 4 epoch(s)
2026-05-05 11:26:08,401 [Trainer] :: Starting epoch 9
2026-05-05 11:31:06,919 [Trainer] :: Completed epoch 9: train_loss=0.203351 train_iou=0.834511 val_loss=0.294749 val_iou=0.609071 lr=0.00009978
2026-05-05 11:31:07,364 [Trainer] :: Updated latest checkpoint at epoch 9
2026-05-05 11:31:07,365 [Trainer] :: No validation IoU improvement for 5 epoch(s)
2026-05-05 11:31:07,365 [Trainer] :: Starting epoch 10
2026-05-05 11:36:04,454 [Trainer] :: Completed epoch 10: train_loss=0.192962 train_iou=0.844184 val_loss=0.366255 val_iou=0.517535 lr=0.00009973
2026-05-05 11:36:04,885 [Trainer] :: Updated latest checkpoint at epoch 10
2026-05-05 11:36:04,885 [Trainer] :: No validation IoU improvement for 6 epoch(s)
2026-05-05 11:36:04,885 [Trainer] :: Starting epoch 11
2026-05-05 11:41:02,842 [Trainer] :: Completed epoch 11: train_loss=0.190261 train_iou=0.846130 val_loss=0.315913 val_iou=0.603014 lr=0.00009967
2026-05-05 11:41:03,276 [Trainer] :: Updated latest checkpoint at epoch 11
2026-05-05 11:41:03,277 [Trainer] :: No validation IoU improvement for 7 epoch(s)
2026-05-05 11:41:03,277 [Trainer] :: Starting epoch 12
2026-05-05 11:46:01,257 [Trainer] :: Completed epoch 12: train_loss=0.181874 train_iou=0.850508 val_loss=0.288640 val_iou=0.629014 lr=0.00009961
2026-05-05 11:46:01,681 [Trainer] :: Updated latest checkpoint at epoch 12
2026-05-05 11:46:01,681 [Trainer] :: No validation IoU improvement for 8 epoch(s)
2026-05-05 11:46:01,681 [Trainer] :: Starting epoch 13
2026-05-05 11:50:59,953 [Trainer] :: Completed epoch 13: train_loss=0.184037 train_iou=0.847471 val_loss=0.320053 val_iou=0.589004 lr=0.00009954
2026-05-05 11:51:00,437 [Trainer] :: Updated latest checkpoint at epoch 13
2026-05-05 11:51:00,437 [Trainer] :: No validation IoU improvement for 9 epoch(s)
2026-05-05 11:51:00,437 [Trainer] :: Starting epoch 14
2026-05-05 11:55:58,851 [Trainer] :: Completed epoch 14: train_loss=0.168920 train_iou=0.859794 val_loss=0.303553 val_iou=0.639720 lr=0.00009947
2026-05-05 11:55:59,282 [Trainer] :: Updated latest checkpoint at epoch 14
2026-05-05 11:55:59,629 [Trainer] :: New best checkpoint saved with val_iou=0.639720
2026-05-05 11:55:59,629 [Trainer] :: Starting epoch 15
2026-05-05 12:00:58,809 [Trainer] :: Completed epoch 15: train_loss=0.159985 train_iou=0.863196 val_loss=0.306577 val_iou=0.595044 lr=0.00009939
2026-05-05 12:00:59,167 [Trainer] :: Updated latest checkpoint at epoch 15
2026-05-05 12:00:59,167 [Trainer] :: No validation IoU improvement for 1 epoch(s)
2026-05-05 12:00:59,167 [Trainer] :: Starting epoch 16
2026-05-05 12:05:58,065 [Trainer] :: Completed epoch 16: train_loss=0.165640 train_iou=0.855476 val_loss=0.370858 val_iou=0.529830 lr=0.00009931
2026-05-05 12:05:58,492 [Trainer] :: Updated latest checkpoint at epoch 16
2026-05-05 12:05:58,492 [Trainer] :: No validation IoU improvement for 2 epoch(s)
2026-05-05 12:05:58,492 [Trainer] :: Starting epoch 17
2026-05-05 12:10:56,868 [Trainer] :: Completed epoch 17: train_loss=0.150586 train_iou=0.868864 val_loss=0.364208 val_iou=0.542250 lr=0.00009922
2026-05-05 12:10:57,300 [Trainer] :: Updated latest checkpoint at epoch 17
2026-05-05 12:10:57,300 [Trainer] :: No validation IoU improvement for 3 epoch(s)
2026-05-05 12:10:57,300 [Trainer] :: Starting epoch 18
2026-05-05 12:15:55,463 [Trainer] :: Completed epoch 18: train_loss=0.152399 train_iou=0.865694 val_loss=0.300892 val_iou=0.618308 lr=0.00009912
2026-05-05 12:15:55,895 [Trainer] :: Updated latest checkpoint at epoch 18
2026-05-05 12:15:55,895 [Trainer] :: No validation IoU improvement for 4 epoch(s)
2026-05-05 12:15:55,895 [Trainer] :: Starting epoch 19
2026-05-05 12:20:34,489 [Trainer] :: Completed epoch 19: train_loss=0.143469 train_iou=0.871514 val_loss=0.315727 val_iou=0.617828 lr=0.00009902
2026-05-05 12:20:34,908 [Trainer] :: Updated latest checkpoint at epoch 19
2026-05-05 12:20:34,908 [Trainer] :: No validation IoU improvement for 5 epoch(s)
2026-05-05 12:20:34,908 [Trainer] :: Starting epoch 20
2026-05-05 12:25:26,299 [Trainer] :: Completed epoch 20: train_loss=0.137497 train_iou=0.876488 val_loss=0.310345 val_iou=0.617241 lr=0.00009892
2026-05-05 12:25:26,716 [Trainer] :: Updated latest checkpoint at epoch 20
2026-05-05 12:25:26,716 [Trainer] :: No validation IoU improvement for 6 epoch(s)
2026-05-05 12:25:26,716 [Trainer] :: Starting epoch 21
2026-05-05 12:29:52,216 [Trainer] :: Completed epoch 21: train_loss=0.140138 train_iou=0.874975 val_loss=0.307631 val_iou=0.626874 lr=0.00009881
2026-05-05 12:29:52,876 [Trainer] :: Updated latest checkpoint at epoch 21
2026-05-05 12:29:52,876 [Trainer] :: No validation IoU improvement for 7 epoch(s)
2026-05-05 12:29:52,876 [Trainer] :: Starting epoch 22
2026-05-05 12:34:34,038 [Trainer] :: Completed epoch 22: train_loss=0.132011 train_iou=0.877622 val_loss=0.349630 val_iou=0.553906 lr=0.00009869
2026-05-05 12:34:34,540 [Trainer] :: Updated latest checkpoint at epoch 22
2026-05-05 12:34:34,540 [Trainer] :: No validation IoU improvement for 8 epoch(s)
2026-05-05 12:34:34,540 [Trainer] :: Starting epoch 23
2026-05-05 12:38:48,032 [Trainer] :: Completed epoch 23: train_loss=0.127647 train_iou=0.883703 val_loss=0.336463 val_iou=0.597571 lr=0.00009857
2026-05-05 12:38:48,367 [Trainer] :: Updated latest checkpoint at epoch 23
2026-05-05 12:38:48,367 [Trainer] :: No validation IoU improvement for 9 epoch(s)
2026-05-05 12:38:48,367 [Trainer] :: Starting epoch 24
2026-05-05 12:43:04,211 [Trainer] :: Completed epoch 24: train_loss=0.125203 train_iou=0.885391 val_loss=0.314538 val_iou=0.607659 lr=0.00009844
2026-05-05 12:43:04,847 [Trainer] :: Updated latest checkpoint at epoch 24
2026-05-05 12:43:04,847 [Trainer] :: No validation IoU improvement for 10 epoch(s)
2026-05-05 12:43:04,848 [Trainer] :: Starting epoch 25
2026-05-05 12:47:32,778 [Trainer] :: Completed epoch 25: train_loss=0.124282 train_iou=0.885768 val_loss=0.315194 val_iou=0.582576 lr=0.00009831
2026-05-05 12:47:33,285 [Trainer] :: Updated latest checkpoint at epoch 25
2026-05-05 12:47:33,286 [Trainer] :: No validation IoU improvement for 11 epoch(s)
2026-05-05 12:47:33,286 [Trainer] :: Starting epoch 26
2026-05-05 12:51:49,920 [Trainer] :: Completed epoch 26: train_loss=0.121800 train_iou=0.888374 val_loss=0.314425 val_iou=0.619003 lr=0.00009818
2026-05-05 12:51:50,272 [Trainer] :: Updated latest checkpoint at epoch 26
2026-05-05 12:51:50,272 [Trainer] :: No validation IoU improvement for 12 epoch(s)
2026-05-05 12:51:50,272 [Trainer] :: Starting epoch 27
2026-05-05 12:56:23,111 [Trainer] :: Completed epoch 27: train_loss=0.118825 train_iou=0.890462 val_loss=0.331409 val_iou=0.577770 lr=0.00009803
2026-05-05 12:56:23,465 [Trainer] :: Updated latest checkpoint at epoch 27
2026-05-05 12:56:23,466 [Trainer] :: No validation IoU improvement for 13 epoch(s)
2026-05-05 12:56:23,466 [Trainer] :: Starting epoch 28
2026-05-05 13:00:54,577 [Trainer] :: Completed epoch 28: train_loss=0.117724 train_iou=0.891130 val_loss=0.313450 val_iou=0.623250 lr=0.00009789
2026-05-05 13:00:54,951 [Trainer] :: Updated latest checkpoint at epoch 28
2026-05-05 13:00:54,951 [Trainer] :: No validation IoU improvement for 14 epoch(s)
2026-05-05 13:00:54,951 [Trainer] :: Starting epoch 29
2026-05-05 13:05:43,535 [Trainer] :: Completed epoch 29: train_loss=0.113131 train_iou=0.895112 val_loss=0.320937 val_iou=0.613237 lr=0.00009773
2026-05-05 13:05:43,865 [Trainer] :: Updated latest checkpoint at epoch 29
2026-05-05 13:05:43,865 [Trainer] :: No validation IoU improvement for 15 epoch(s)
2026-05-05 13:05:43,865 [Trainer] :: Starting epoch 30
2026-05-05 13:10:48,055 [Trainer] :: Completed epoch 30: train_loss=0.111071 train_iou=0.894589 val_loss=0.322669 val_iou=0.605859 lr=0.00009758
2026-05-05 13:10:48,553 [Trainer] :: Updated latest checkpoint at epoch 30
2026-05-05 13:10:48,553 [Trainer] :: No validation IoU improvement for 16 epoch(s)
2026-05-05 13:10:48,553 [Trainer] :: Starting epoch 31
2026-05-05 13:15:00,357 [Trainer] :: Completed epoch 31: train_loss=0.112233 train_iou=0.892920 val_loss=0.312941 val_iou=0.643343 lr=0.00009741
2026-05-05 13:15:00,698 [Trainer] :: Updated latest checkpoint at epoch 31
2026-05-05 13:15:00,986 [Trainer] :: New best checkpoint saved with val_iou=0.643343
2026-05-05 13:15:00,986 [Trainer] :: Starting epoch 32
2026-05-05 13:19:34,640 [Trainer] :: Completed epoch 32: train_loss=0.109818 train_iou=0.899016 val_loss=0.322127 val_iou=0.626355 lr=0.00009725
2026-05-05 13:19:34,950 [Trainer] :: Updated latest checkpoint at epoch 32
2026-05-05 13:19:34,951 [Trainer] :: No validation IoU improvement for 1 epoch(s)
2026-05-05 13:19:34,951 [Trainer] :: Starting epoch 33
2026-05-05 13:23:59,372 [Trainer] :: Completed epoch 33: train_loss=0.108719 train_iou=0.900937 val_loss=0.318382 val_iou=0.601278 lr=0.00009707
2026-05-05 13:23:59,733 [Trainer] :: Updated latest checkpoint at epoch 33
2026-05-05 13:23:59,733 [Trainer] :: No validation IoU improvement for 2 epoch(s)
2026-05-05 13:23:59,733 [Trainer] :: Starting epoch 34
2026-05-05 13:28:41,946 [Trainer] :: Completed epoch 34: train_loss=0.102743 train_iou=0.903722 val_loss=0.307113 val_iou=0.646966 lr=0.00009690
2026-05-05 13:28:42,317 [Trainer] :: Updated latest checkpoint at epoch 34
2026-05-05 13:28:42,613 [Trainer] :: New best checkpoint saved with val_iou=0.646966
2026-05-05 13:28:42,614 [Trainer] :: Starting epoch 35
2026-05-05 13:33:06,440 [Trainer] :: Completed epoch 35: train_loss=0.104102 train_iou=0.901810 val_loss=0.327843 val_iou=0.571211 lr=0.00009671
2026-05-05 13:33:06,747 [Trainer] :: Updated latest checkpoint at epoch 35
2026-05-05 13:33:06,747 [Trainer] :: No validation IoU improvement for 1 epoch(s)
2026-05-05 13:33:06,747 [Trainer] :: Starting epoch 36
2026-05-05 13:38:15,900 [Trainer] :: Completed epoch 36: train_loss=0.101629 train_iou=0.904852 val_loss=0.351557 val_iou=0.577509 lr=0.00009652
2026-05-05 13:38:16,235 [Trainer] :: Updated latest checkpoint at epoch 36
2026-05-05 13:38:16,235 [Trainer] :: No validation IoU improvement for 2 epoch(s)
2026-05-05 13:38:16,235 [Trainer] :: Starting epoch 37
2026-05-05 13:42:58,244 [Trainer] :: Completed epoch 37: train_loss=0.100627 train_iou=0.903956 val_loss=0.338480 val_iou=0.580590 lr=0.00009633
2026-05-05 13:42:58,619 [Trainer] :: Updated latest checkpoint at epoch 37
2026-05-05 13:42:58,619 [Trainer] :: No validation IoU improvement for 3 epoch(s)
2026-05-05 13:42:58,619 [Trainer] :: Starting epoch 38
2026-05-05 13:47:11,393 [Trainer] :: Completed epoch 38: train_loss=0.096467 train_iou=0.908789 val_loss=0.327247 val_iou=0.589416 lr=0.00009613
2026-05-05 13:47:11,787 [Trainer] :: Updated latest checkpoint at epoch 38
2026-05-05 13:47:11,787 [Trainer] :: No validation IoU improvement for 4 epoch(s)
2026-05-05 13:47:11,787 [Trainer] :: Starting epoch 39
2026-05-05 13:51:30,716 [Trainer] :: Completed epoch 39: train_loss=0.096452 train_iou=0.907886 val_loss=0.324077 val_iou=0.607305 lr=0.00009593
2026-05-05 13:51:31,051 [Trainer] :: Updated latest checkpoint at epoch 39
2026-05-05 13:51:31,051 [Trainer] :: No validation IoU improvement for 5 epoch(s)
2026-05-05 13:51:31,051 [Trainer] :: Starting epoch 40
2026-05-05 13:55:46,172 [Trainer] :: Completed epoch 40: train_loss=0.094783 train_iou=0.909532 val_loss=0.326382 val_iou=0.603441 lr=0.00009572
2026-05-05 13:55:46,508 [Trainer] :: Updated latest checkpoint at epoch 40
2026-05-05 13:55:46,508 [Trainer] :: No validation IoU improvement for 6 epoch(s)
2026-05-05 13:55:46,509 [Trainer] :: Starting epoch 41
2026-05-05 14:00:10,004 [Trainer] :: Completed epoch 41: train_loss=0.094557 train_iou=0.910814 val_loss=0.331307 val_iou=0.609425 lr=0.00009551
2026-05-05 14:00:10,335 [Trainer] :: Updated latest checkpoint at epoch 41
2026-05-05 14:00:10,335 [Trainer] :: No validation IoU improvement for 7 epoch(s)
2026-05-05 14:00:10,335 [Trainer] :: Starting epoch 42
2026-05-05 14:04:59,333 [Trainer] :: Completed epoch 42: train_loss=0.094388 train_iou=0.912185 val_loss=0.359777 val_iou=0.592197 lr=0.00009529
2026-05-05 14:04:59,677 [Trainer] :: Updated latest checkpoint at epoch 42
2026-05-05 14:04:59,678 [Trainer] :: No validation IoU improvement for 8 epoch(s)
2026-05-05 14:04:59,678 [Trainer] :: Starting epoch 43
2026-05-05 14:09:32,827 [Trainer] :: Completed epoch 43: train_loss=0.091245 train_iou=0.912945 val_loss=0.346761 val_iou=0.565296 lr=0.00009507
2026-05-05 14:09:33,581 [Trainer] :: Updated latest checkpoint at epoch 43
2026-05-05 14:09:33,581 [Trainer] :: No validation IoU improvement for 9 epoch(s)
2026-05-05 14:09:33,581 [Trainer] :: Starting epoch 44
2026-05-05 14:14:04,682 [Trainer] :: Completed epoch 44: train_loss=0.088816 train_iou=0.914983 val_loss=0.332462 val_iou=0.592655 lr=0.00009484
2026-05-05 14:14:05,016 [Trainer] :: Updated latest checkpoint at epoch 44
2026-05-05 14:14:05,017 [Trainer] :: No validation IoU improvement for 10 epoch(s)
2026-05-05 14:14:05,017 [Trainer] :: Starting epoch 45
2026-05-05 14:18:56,482 [Trainer] :: Completed epoch 45: train_loss=0.087794 train_iou=0.916062 val_loss=0.314439 val_iou=0.605940 lr=0.00009460
2026-05-05 14:18:56,832 [Trainer] :: Updated latest checkpoint at epoch 45
2026-05-05 14:18:56,832 [Trainer] :: No validation IoU improvement for 11 epoch(s)
2026-05-05 14:18:56,832 [Trainer] :: Starting epoch 46
2026-05-05 14:23:57,050 [Trainer] :: Completed epoch 46: train_loss=0.087036 train_iou=0.917124 val_loss=0.341734 val_iou=0.606255 lr=0.00009437
2026-05-05 14:23:57,419 [Trainer] :: Updated latest checkpoint at epoch 46
2026-05-05 14:23:57,420 [Trainer] :: No validation IoU improvement for 12 epoch(s)
2026-05-05 14:23:57,420 [Trainer] :: Starting epoch 47
2026-05-05 14:28:33,375 [Trainer] :: Completed epoch 47: train_loss=0.092787 train_iou=0.910076 val_loss=0.323958 val_iou=0.624730 lr=0.00009412
2026-05-05 14:28:34,026 [Trainer] :: Updated latest checkpoint at epoch 47
2026-05-05 14:28:34,026 [Trainer] :: No validation IoU improvement for 13 epoch(s)
2026-05-05 14:28:34,026 [Trainer] :: Starting epoch 48
2026-05-05 14:33:12,647 [Trainer] :: Completed epoch 48: train_loss=0.091528 train_iou=0.913671 val_loss=0.342901 val_iou=0.599834 lr=0.00009388
2026-05-05 14:33:13,230 [Trainer] :: Updated latest checkpoint at epoch 48
2026-05-05 14:33:13,231 [Trainer] :: No validation IoU improvement for 14 epoch(s)
2026-05-05 14:33:13,231 [Trainer] :: Starting epoch 49
2026-05-05 14:37:54,917 [Trainer] :: Completed epoch 49: train_loss=0.086933 train_iou=0.916415 val_loss=0.322577 val_iou=0.627182 lr=0.00009363
2026-05-05 14:37:55,286 [Trainer] :: Updated latest checkpoint at epoch 49
2026-05-05 14:37:55,286 [Trainer] :: No validation IoU improvement for 15 epoch(s)
2026-05-05 14:37:55,286 [Trainer] :: Starting epoch 50
2026-05-05 14:42:31,131 [Trainer] :: Completed epoch 50: train_loss=0.085255 train_iou=0.918351 val_loss=0.330408 val_iou=0.614313 lr=0.00009337
2026-05-05 14:42:31,525 [Trainer] :: Updated latest checkpoint at epoch 50
2026-05-05 14:42:31,525 [Trainer] :: No validation IoU improvement for 16 epoch(s)
2026-05-05 14:42:31,525 [Trainer] :: Starting epoch 51
2026-05-05 14:47:12,060 [Trainer] :: Completed epoch 51: train_loss=0.083129 train_iou=0.919787 val_loss=0.328872 val_iou=0.616778 lr=0.00009311
2026-05-05 14:47:12,575 [Trainer] :: Updated latest checkpoint at epoch 51
2026-05-05 14:47:12,575 [Trainer] :: No validation IoU improvement for 17 epoch(s)
2026-05-05 14:47:12,575 [Trainer] :: Starting epoch 52
2026-05-05 14:51:44,803 [Trainer] :: Completed epoch 52: train_loss=0.084075 train_iou=0.919645 val_loss=0.403250 val_iou=0.557800 lr=0.00009284
2026-05-05 14:51:45,160 [Trainer] :: Updated latest checkpoint at epoch 52
2026-05-05 14:51:45,161 [Trainer] :: No validation IoU improvement for 18 epoch(s)
2026-05-05 14:51:45,161 [Trainer] :: Starting epoch 53
2026-05-05 14:56:30,367 [Trainer] :: Completed epoch 53: train_loss=0.085346 train_iou=0.918541 val_loss=0.331071 val_iou=0.610389 lr=0.00009257
2026-05-05 14:56:30,936 [Trainer] :: Updated latest checkpoint at epoch 53
2026-05-05 14:56:30,936 [Trainer] :: No validation IoU improvement for 19 epoch(s)
2026-05-05 14:56:30,936 [Trainer] :: Starting epoch 54
2026-05-05 15:01:19,274 [Trainer] :: Completed epoch 54: train_loss=0.081574 train_iou=0.921609 val_loss=0.340991 val_iou=0.608170 lr=0.00009229
2026-05-05 15:01:19,634 [Trainer] :: Updated latest checkpoint at epoch 54
2026-05-05 15:01:19,634 [Trainer] :: No validation IoU improvement for 20 epoch(s)
2026-05-05 15:01:19,634 [Trainer] :: Starting epoch 55
2026-05-05 15:06:14,170 [Trainer] :: Completed epoch 55: train_loss=0.081972 train_iou=0.922773 val_loss=0.371901 val_iou=0.564740 lr=0.00009201
2026-05-05 15:06:14,802 [Trainer] :: Updated latest checkpoint at epoch 55
2026-05-05 15:06:14,802 [Trainer] :: No validation IoU improvement for 21 epoch(s)
2026-05-05 15:06:14,802 [Trainer] :: Starting epoch 56
2026-05-05 15:11:15,404 [Trainer] :: Completed epoch 56: train_loss=0.082808 train_iou=0.921469 val_loss=0.414462 val_iou=0.601694 lr=0.00009173
2026-05-05 15:11:15,766 [Trainer] :: Updated latest checkpoint at epoch 56
2026-05-05 15:11:15,766 [Trainer] :: No validation IoU improvement for 22 epoch(s)
2026-05-05 15:11:15,766 [Trainer] :: Starting epoch 57
2026-05-05 15:15:51,821 [Trainer] :: Completed epoch 57: train_loss=0.079852 train_iou=0.924408 val_loss=0.369498 val_iou=0.573584 lr=0.00009144
2026-05-05 15:15:52,177 [Trainer] :: Updated latest checkpoint at epoch 57
2026-05-05 15:15:52,177 [Trainer] :: No validation IoU improvement for 23 epoch(s)
2026-05-05 15:15:52,177 [Trainer] :: Starting epoch 58
2026-05-05 15:20:34,499 [Trainer] :: Completed epoch 58: train_loss=0.078046 train_iou=0.925533 val_loss=0.348453 val_iou=0.622869 lr=0.00009115
2026-05-05 15:20:34,877 [Trainer] :: Updated latest checkpoint at epoch 58
2026-05-05 15:20:34,877 [Trainer] :: No validation IoU improvement for 24 epoch(s)
2026-05-05 15:20:34,877 [Trainer] :: Starting epoch 59
2026-05-05 15:25:31,514 [Trainer] :: Completed epoch 59: train_loss=0.077915 train_iou=0.925165 val_loss=0.336413 val_iou=0.618568 lr=0.00009085
2026-05-05 15:25:31,900 [Trainer] :: Updated latest checkpoint at epoch 59
2026-05-05 15:25:31,900 [Trainer] :: No validation IoU improvement for 25 epoch(s)
2026-05-05 15:25:31,900 [Trainer] :: Starting epoch 60
2026-05-05 15:30:17,640 [Trainer] :: Completed epoch 60: train_loss=0.078431 train_iou=0.925766 val_loss=0.334235 val_iou=0.616956 lr=0.00009055
2026-05-05 15:30:18,057 [Trainer] :: Updated latest checkpoint at epoch 60
2026-05-05 15:30:18,057 [Trainer] :: No validation IoU improvement for 26 epoch(s)
2026-05-05 15:30:18,057 [Trainer] :: Starting epoch 61
2026-05-05 15:35:35,865 [Trainer] :: Completed epoch 61: train_loss=0.076771 train_iou=0.926938 val_loss=0.395261 val_iou=0.584404 lr=0.00009024
2026-05-05 15:35:36,361 [Trainer] :: Updated latest checkpoint at epoch 61
2026-05-05 15:35:36,361 [Trainer] :: No validation IoU improvement for 27 epoch(s)
2026-05-05 15:35:36,361 [Trainer] :: Starting epoch 62
2026-05-05 15:40:31,325 [Trainer] :: Completed epoch 62: train_loss=0.077373 train_iou=0.926259 val_loss=0.379712 val_iou=0.596359 lr=0.00008993
2026-05-05 15:40:32,233 [Trainer] :: Updated latest checkpoint at epoch 62
2026-05-05 15:40:32,233 [Trainer] :: No validation IoU improvement for 28 epoch(s)
2026-05-05 15:40:32,233 [Trainer] :: Starting epoch 63
2026-05-05 15:45:35,944 [Trainer] :: Completed epoch 63: train_loss=0.079112 train_iou=0.924953 val_loss=0.340805 val_iou=0.624854 lr=0.00008961
2026-05-05 15:45:36,327 [Trainer] :: Updated latest checkpoint at epoch 63
2026-05-05 15:45:36,327 [Trainer] :: No validation IoU improvement for 29 epoch(s)
2026-05-05 15:45:36,327 [Trainer] :: Starting epoch 64
2026-05-05 15:52:02,493 [Trainer] :: Completed epoch 64: train_loss=0.076654 train_iou=0.927821 val_loss=0.352364 val_iou=0.594058 lr=0.00008929
2026-05-05 15:52:02,849 [Trainer] :: Updated latest checkpoint at epoch 64
2026-05-05 15:52:02,849 [Trainer] :: No validation IoU improvement for 30 epoch(s)
2026-05-05 15:52:02,849 [Trainer] :: Starting epoch 65
2026-05-05 15:56:37,970 [Trainer] :: Completed epoch 65: train_loss=0.076405 train_iou=0.927925 val_loss=0.345554 val_iou=0.612513 lr=0.00008897
2026-05-05 15:56:38,374 [Trainer] :: Updated latest checkpoint at epoch 65
2026-05-05 15:56:38,375 [Trainer] :: No validation IoU improvement for 31 epoch(s)
2026-05-05 15:56:38,375 [Trainer] :: Starting epoch 66
2026-05-05 16:01:22,285 [Trainer] :: Completed epoch 66: train_loss=0.075288 train_iou=0.928967 val_loss=0.317815 val_iou=0.621837 lr=0.00008864
2026-05-05 16:01:22,966 [Trainer] :: Updated latest checkpoint at epoch 66
2026-05-05 16:01:22,967 [Trainer] :: No validation IoU improvement for 32 epoch(s)
2026-05-05 16:01:22,967 [Trainer] :: Starting epoch 67
2026-05-05 16:06:25,360 [Trainer] :: Completed epoch 67: train_loss=0.075804 train_iou=0.928277 val_loss=0.359302 val_iou=0.626028 lr=0.00008831
2026-05-05 16:06:25,747 [Trainer] :: Updated latest checkpoint at epoch 67
2026-05-05 16:06:25,747 [Trainer] :: No validation IoU improvement for 33 epoch(s)
2026-05-05 16:06:25,747 [Trainer] :: Starting epoch 68
2026-05-05 16:11:14,181 [Trainer] :: Completed epoch 68: train_loss=0.074885 train_iou=0.928893 val_loss=0.385044 val_iou=0.613454 lr=0.00008797
2026-05-05 16:11:14,564 [Trainer] :: Updated latest checkpoint at epoch 68
2026-05-05 16:11:14,565 [Trainer] :: No validation IoU improvement for 34 epoch(s)
2026-05-05 16:11:14,565 [Trainer] :: Starting epoch 69
2026-05-05 16:16:00,658 [Trainer] :: Completed epoch 69: train_loss=0.073280 train_iou=0.929685 val_loss=0.378321 val_iou=0.596859 lr=0.00008763
2026-05-05 16:16:00,998 [Trainer] :: Updated latest checkpoint at epoch 69
2026-05-05 16:16:00,998 [Trainer] :: No validation IoU improvement for 35 epoch(s)
2026-05-05 16:16:00,998 [Trainer] :: Starting epoch 70
2026-05-05 16:20:59,723 [Trainer] :: Completed epoch 70: train_loss=0.071781 train_iou=0.931677 val_loss=0.373506 val_iou=0.606357 lr=0.00008729
2026-05-05 16:21:00,297 [Trainer] :: Updated latest checkpoint at epoch 70
2026-05-05 16:21:00,297 [Trainer] :: No validation IoU improvement for 36 epoch(s)
2026-05-05 16:21:00,297 [Trainer] :: Starting epoch 71
2026-05-05 16:26:27,071 [Trainer] :: Completed epoch 71: train_loss=0.071758 train_iou=0.932063 val_loss=0.359002 val_iou=0.602329 lr=0.00008694
2026-05-05 16:26:27,576 [Trainer] :: Updated latest checkpoint at epoch 71
2026-05-05 16:26:27,577 [Trainer] :: No validation IoU improvement for 37 epoch(s)
2026-05-05 16:26:27,577 [Trainer] :: Starting epoch 72
2026-05-05 16:31:40,099 [Trainer] :: Completed epoch 72: train_loss=0.072647 train_iou=0.930832 val_loss=0.408601 val_iou=0.590375 lr=0.00008658
2026-05-05 16:31:41,069 [Trainer] :: Updated latest checkpoint at epoch 72
2026-05-05 16:31:41,069 [Trainer] :: No validation IoU improvement for 38 epoch(s)
2026-05-05 16:31:41,069 [Trainer] :: Starting epoch 73
2026-05-05 16:36:12,380 [Trainer] :: Completed epoch 73: train_loss=0.070412 train_iou=0.932994 val_loss=0.351358 val_iou=0.605616 lr=0.00008623
2026-05-05 16:36:12,751 [Trainer] :: Updated latest checkpoint at epoch 73
2026-05-05 16:36:12,751 [Trainer] :: No validation IoU improvement for 39 epoch(s)
2026-05-05 16:36:12,751 [Trainer] :: Starting epoch 74
2026-05-05 16:40:33,410 [Trainer] :: Completed epoch 74: train_loss=0.070406 train_iou=0.932787 val_loss=0.353062 val_iou=0.603258 lr=0.00008587
2026-05-05 16:40:33,757 [Trainer] :: Updated latest checkpoint at epoch 74
2026-05-05 16:40:33,758 [Trainer] :: No validation IoU improvement for 40 epoch(s)
2026-05-05 16:40:33,758 [Trainer] :: Starting epoch 75
2026-05-05 16:44:56,975 [Trainer] :: Completed epoch 75: train_loss=0.069694 train_iou=0.933901 val_loss=0.356228 val_iou=0.609305 lr=0.00008550
2026-05-05 16:44:57,316 [Trainer] :: Updated latest checkpoint at epoch 75
2026-05-05 16:44:57,316 [Trainer] :: No validation IoU improvement for 41 epoch(s)
2026-05-05 16:44:57,316 [Trainer] :: Starting epoch 76
2026-05-05 16:49:45,719 [Trainer] :: Completed epoch 76: train_loss=0.069823 train_iou=0.933758 val_loss=0.361083 val_iou=0.609429 lr=0.00008513
2026-05-05 16:49:46,470 [Trainer] :: Updated latest checkpoint at epoch 76
2026-05-05 16:49:46,470 [Trainer] :: No validation IoU improvement for 42 epoch(s)
2026-05-05 16:49:46,470 [Trainer] :: Starting epoch 77
2026-05-05 16:54:13,596 [Trainer] :: Completed epoch 77: train_loss=0.069551 train_iou=0.934650 val_loss=0.447831 val_iou=0.597545 lr=0.00008476
2026-05-05 16:54:13,954 [Trainer] :: Updated latest checkpoint at epoch 77
2026-05-05 16:54:13,954 [Trainer] :: No validation IoU improvement for 43 epoch(s)
2026-05-05 16:54:13,954 [Trainer] :: Starting epoch 78
2026-05-05 16:58:46,291 [Trainer] :: Completed epoch 78: train_loss=0.069240 train_iou=0.933494 val_loss=0.386425 val_iou=0.613381 lr=0.00008439
2026-05-05 16:58:46,707 [Trainer] :: Updated latest checkpoint at epoch 78
2026-05-05 16:58:46,707 [Trainer] :: No validation IoU improvement for 44 epoch(s)
2026-05-05 16:58:46,707 [Trainer] :: Starting epoch 79
2026-05-05 17:03:24,623 [Trainer] :: Completed epoch 79: train_loss=0.068973 train_iou=0.935283 val_loss=0.416734 val_iou=0.584537 lr=0.00008401
2026-05-05 17:03:25,036 [Trainer] :: Updated latest checkpoint at epoch 79
2026-05-05 17:03:25,036 [Trainer] :: No validation IoU improvement for 45 epoch(s)
2026-05-05 17:03:25,036 [Trainer] :: Starting epoch 80
2026-05-05 17:07:56,541 [Trainer] :: Completed epoch 80: train_loss=0.067382 train_iou=0.935867 val_loss=0.409723 val_iou=0.592312 lr=0.00008362
2026-05-05 17:07:57,150 [Trainer] :: Updated latest checkpoint at epoch 80
2026-05-05 17:07:57,150 [Trainer] :: No validation IoU improvement for 46 epoch(s)
2026-05-05 17:07:57,150 [Trainer] :: Starting epoch 81
2026-05-05 17:12:20,771 [Trainer] :: Completed epoch 81: train_loss=0.067396 train_iou=0.935988 val_loss=0.431174 val_iou=0.586160 lr=0.00008323
2026-05-05 17:12:21,104 [Trainer] :: Updated latest checkpoint at epoch 81
2026-05-05 17:12:21,104 [Trainer] :: No validation IoU improvement for 47 epoch(s)
2026-05-05 17:12:21,104 [Trainer] :: Starting epoch 82
2026-05-05 17:17:02,186 [Trainer] :: Completed epoch 82: train_loss=0.066684 train_iou=0.936576 val_loss=0.390931 val_iou=0.614150 lr=0.00008284
2026-05-05 17:17:02,740 [Trainer] :: Updated latest checkpoint at epoch 82
2026-05-05 17:17:02,740 [Trainer] :: No validation IoU improvement for 48 epoch(s)
2026-05-05 17:17:02,740 [Trainer] :: Starting epoch 83
2026-05-05 17:21:21,622 [Trainer] :: Completed epoch 83: train_loss=0.065992 train_iou=0.936905 val_loss=0.389943 val_iou=0.607933 lr=0.00008245
2026-05-05 17:21:22,081 [Trainer] :: Updated latest checkpoint at epoch 83
2026-05-05 17:21:22,081 [Trainer] :: No validation IoU improvement for 49 epoch(s)
2026-05-05 17:21:22,081 [Trainer] :: Starting epoch 84
2026-05-05 17:26:18,541 [Trainer] :: Completed epoch 84: train_loss=0.067105 train_iou=0.936592 val_loss=0.359820 val_iou=0.620642 lr=0.00008205
2026-05-05 17:26:18,979 [Trainer] :: Updated latest checkpoint at epoch 84
2026-05-05 17:26:18,979 [Trainer] :: No validation IoU improvement for 50 epoch(s)
2026-05-05 17:26:18,979 [Trainer] :: Starting epoch 85
2026-05-05 17:30:51,765 [Trainer] :: Completed epoch 85: train_loss=0.066871 train_iou=0.936614 val_loss=0.389668 val_iou=0.605495 lr=0.00008165
2026-05-05 17:30:52,119 [Trainer] :: Updated latest checkpoint at epoch 85
2026-05-05 17:30:52,119 [Trainer] :: No validation IoU improvement for 51 epoch(s)
2026-05-05 17:30:52,119 [Trainer] :: Starting epoch 86
2026-05-05 17:35:39,689 [Trainer] :: Completed epoch 86: train_loss=0.067613 train_iou=0.935730 val_loss=0.381368 val_iou=0.625854 lr=0.00008125
2026-05-05 17:35:40,104 [Trainer] :: Updated latest checkpoint at epoch 86
2026-05-05 17:35:40,104 [Trainer] :: No validation IoU improvement for 52 epoch(s)
2026-05-05 17:35:40,104 [Trainer] :: Starting epoch 87
2026-05-05 17:40:34,348 [Trainer] :: Completed epoch 87: train_loss=0.068343 train_iou=0.933713 val_loss=0.373219 val_iou=0.609736 lr=0.00008084
2026-05-05 17:40:34,725 [Trainer] :: Updated latest checkpoint at epoch 87
2026-05-05 17:40:34,725 [Trainer] :: No validation IoU improvement for 53 epoch(s)
2026-05-05 17:40:34,725 [Trainer] :: Starting epoch 88
2026-05-05 17:45:18,936 [Trainer] :: Completed epoch 88: train_loss=0.067115 train_iou=0.935793 val_loss=0.350972 val_iou=0.630719 lr=0.00008043
2026-05-05 17:45:19,365 [Trainer] :: Updated latest checkpoint at epoch 88
2026-05-05 17:45:19,365 [Trainer] :: No validation IoU improvement for 54 epoch(s)
2026-05-05 17:45:19,365 [Trainer] :: Starting epoch 89
2026-05-05 17:50:19,857 [Trainer] :: Completed epoch 89: train_loss=0.065917 train_iou=0.937300 val_loss=0.396364 val_iou=0.614176 lr=0.00008001
2026-05-05 17:50:20,665 [Trainer] :: Updated latest checkpoint at epoch 89
2026-05-05 17:50:20,666 [Trainer] :: No validation IoU improvement for 55 epoch(s)
2026-05-05 17:50:20,666 [Trainer] :: Starting epoch 90
2026-05-05 17:55:11,872 [Trainer] :: Completed epoch 90: train_loss=0.065176 train_iou=0.938527 val_loss=0.374765 val_iou=0.612330 lr=0.00007960
2026-05-05 17:55:12,564 [Trainer] :: Updated latest checkpoint at epoch 90
2026-05-05 17:55:12,564 [Trainer] :: No validation IoU improvement for 56 epoch(s)
2026-05-05 17:55:12,564 [Trainer] :: Starting epoch 91
2026-05-05 18:00:20,011 [Trainer] :: Completed epoch 91: train_loss=0.068514 train_iou=0.934583 val_loss=0.376630 val_iou=0.623730 lr=0.00007917
2026-05-05 18:00:20,366 [Trainer] :: Updated latest checkpoint at epoch 91
2026-05-05 18:00:20,366 [Trainer] :: No validation IoU improvement for 57 epoch(s)
2026-05-05 18:00:20,366 [Trainer] :: Starting epoch 92
2026-05-05 18:05:45,451 [Trainer] :: Completed epoch 92: train_loss=0.066115 train_iou=0.936981 val_loss=0.423463 val_iou=0.594436 lr=0.00007875
2026-05-05 18:05:46,155 [Trainer] :: Updated latest checkpoint at epoch 92
2026-05-05 18:05:46,155 [Trainer] :: No validation IoU improvement for 58 epoch(s)
2026-05-05 18:05:46,155 [Trainer] :: Starting epoch 93
2026-05-05 18:10:49,562 [Trainer] :: Completed epoch 93: train_loss=0.065047 train_iou=0.937885 val_loss=0.370684 val_iou=0.628161 lr=0.00007832
2026-05-05 18:10:49,907 [Trainer] :: Updated latest checkpoint at epoch 93
2026-05-05 18:10:49,908 [Trainer] :: No validation IoU improvement for 59 epoch(s)
2026-05-05 18:10:49,908 [Trainer] :: Starting epoch 94
2026-05-05 18:16:05,925 [Trainer] :: Completed epoch 94: train_loss=0.064603 train_iou=0.938788 val_loss=0.377615 val_iou=0.604533 lr=0.00007789
2026-05-05 18:16:06,330 [Trainer] :: Updated latest checkpoint at epoch 94
2026-05-05 18:16:06,330 [Trainer] :: No validation IoU improvement for 60 epoch(s)
2026-05-05 18:16:06,330 [Trainer] :: Early stopping triggered after 60 epoch(s) without improvement
2026-05-05 18:20:15,671 [Trainer] :: Wrote training history to outputs/runs/rgb_deeplabv3plus_resnet50_fuzzy_halo_seed47_20260505T084534Z/metrics/history.json
2026-05-05 18:20:15,804 [Trainer] :: Wrote test summary to outputs/runs/rgb_deeplabv3plus_resnet50_fuzzy_halo_seed47_20260505T084534Z/metrics/test_summary.json
2026-05-05 18:20:15,804 [Trainer] :: Training completed
