2026-05-02 11:15:36,306 [Trainer] :: Training run initialized at /ceph/home/student.aau.dk/qd36zu/fuzzy-p10/tbd/masking/outputs/runs/real_msi_segformer_b1_seed50_20260502T091536Z
2026-05-02 11:15:36,306 [Trainer] :: Loaded config from /ceph/home/student.aau.dk/qd36zu/fuzzy-p10/tbd/masking/configs/binary/real_msi_segformer_b1.yaml
2026-05-02 11:15:36,306 [Trainer] :: Using seed=50 and device=None
2026-05-02 11:15:36,307 [Trainer] :: Using model architecture=Segformer encoder=mit_b1 encoder_weights=imagenet
2026-05-02 11:15:36,583 [Trainer] :: Resolved runtime device to cuda
2026-05-02 11:15:36,584 [Trainer] :: Prepared normalization from source=train_split_patch_stats
2026-05-02 11:15:41,339 [Trainer] :: Built dataloaders with batch_size=16, num_workers=0
2026-05-02 11:15:41,341 [Trainer] :: Starting epoch 1
2026-05-02 11:17:53,297 [Trainer] :: Completed epoch 1: train_loss=0.393192 train_iou=0.649791 val_loss=0.395700 val_iou=0.498795 lr=0.00010000
2026-05-02 11:17:53,639 [Trainer] :: Updated latest checkpoint at epoch 1
2026-05-02 11:17:53,866 [Trainer] :: New best checkpoint saved with val_iou=0.498795
2026-05-02 11:17:53,866 [Trainer] :: Starting epoch 2
2026-05-02 11:19:55,978 [Trainer] :: Completed epoch 2: train_loss=0.289646 train_iou=0.744499 val_loss=0.312232 val_iou=0.555383 lr=0.00009999
2026-05-02 11:19:56,206 [Trainer] :: Updated latest checkpoint at epoch 2
2026-05-02 11:19:56,442 [Trainer] :: New best checkpoint saved with val_iou=0.555383
2026-05-02 11:19:56,442 [Trainer] :: Starting epoch 3
2026-05-02 11:21:56,817 [Trainer] :: Completed epoch 3: train_loss=0.264087 train_iou=0.762512 val_loss=0.324969 val_iou=0.561475 lr=0.00009998
2026-05-02 11:21:57,028 [Trainer] :: Updated latest checkpoint at epoch 3
2026-05-02 11:21:57,274 [Trainer] :: New best checkpoint saved with val_iou=0.561475
2026-05-02 11:21:57,274 [Trainer] :: Starting epoch 4
2026-05-02 11:23:57,965 [Trainer] :: Completed epoch 4: train_loss=0.250129 train_iou=0.773633 val_loss=0.281976 val_iou=0.604482 lr=0.00009996
2026-05-02 11:23:58,205 [Trainer] :: Updated latest checkpoint at epoch 4
2026-05-02 11:23:58,439 [Trainer] :: New best checkpoint saved with val_iou=0.604482
2026-05-02 11:23:58,439 [Trainer] :: Starting epoch 5
2026-05-02 11:25:59,566 [Trainer] :: Completed epoch 5: train_loss=0.238377 train_iou=0.784309 val_loss=0.333345 val_iou=0.511452 lr=0.00009993
2026-05-02 11:25:59,797 [Trainer] :: Updated latest checkpoint at epoch 5
2026-05-02 11:25:59,797 [Trainer] :: No validation IoU improvement for 1 epoch(s)
2026-05-02 11:25:59,797 [Trainer] :: Starting epoch 6
2026-05-02 11:28:01,698 [Trainer] :: Completed epoch 6: train_loss=0.230909 train_iou=0.789894 val_loss=0.348308 val_iou=0.538130 lr=0.00009990
2026-05-02 11:28:01,917 [Trainer] :: Updated latest checkpoint at epoch 6
2026-05-02 11:28:01,917 [Trainer] :: No validation IoU improvement for 2 epoch(s)
2026-05-02 11:28:01,917 [Trainer] :: Starting epoch 7
2026-05-02 11:30:00,437 [Trainer] :: Completed epoch 7: train_loss=0.231946 train_iou=0.788177 val_loss=0.293888 val_iou=0.579779 lr=0.00009987
2026-05-02 11:30:00,654 [Trainer] :: Updated latest checkpoint at epoch 7
2026-05-02 11:30:00,654 [Trainer] :: No validation IoU improvement for 3 epoch(s)
2026-05-02 11:30:00,654 [Trainer] :: Starting epoch 8
2026-05-02 11:31:59,338 [Trainer] :: Completed epoch 8: train_loss=0.219767 train_iou=0.798639 val_loss=0.281800 val_iou=0.610855 lr=0.00009983
2026-05-02 11:31:59,629 [Trainer] :: Updated latest checkpoint at epoch 8
2026-05-02 11:31:59,877 [Trainer] :: New best checkpoint saved with val_iou=0.610855
2026-05-02 11:31:59,877 [Trainer] :: Starting epoch 9
2026-05-02 11:34:07,130 [Trainer] :: Completed epoch 9: train_loss=0.214055 train_iou=0.807917 val_loss=0.281423 val_iou=0.590723 lr=0.00009978
2026-05-02 11:34:07,378 [Trainer] :: Updated latest checkpoint at epoch 9
2026-05-02 11:34:07,378 [Trainer] :: No validation IoU improvement for 1 epoch(s)
2026-05-02 11:34:07,378 [Trainer] :: Starting epoch 10
2026-05-02 11:36:09,260 [Trainer] :: Completed epoch 10: train_loss=0.212149 train_iou=0.805547 val_loss=0.268353 val_iou=0.627606 lr=0.00009973
2026-05-02 11:36:09,478 [Trainer] :: Updated latest checkpoint at epoch 10
2026-05-02 11:36:09,767 [Trainer] :: New best checkpoint saved with val_iou=0.627606
2026-05-02 11:36:09,767 [Trainer] :: Starting epoch 11
2026-05-02 11:38:11,953 [Trainer] :: Completed epoch 11: train_loss=0.205074 train_iou=0.810708 val_loss=0.292590 val_iou=0.590849 lr=0.00009967
2026-05-02 11:38:12,542 [Trainer] :: Updated latest checkpoint at epoch 11
2026-05-02 11:38:12,542 [Trainer] :: No validation IoU improvement for 1 epoch(s)
2026-05-02 11:38:12,542 [Trainer] :: Starting epoch 12
2026-05-02 11:40:12,837 [Trainer] :: Completed epoch 12: train_loss=0.194766 train_iou=0.815140 val_loss=0.280768 val_iou=0.614627 lr=0.00009961
2026-05-02 11:40:13,070 [Trainer] :: Updated latest checkpoint at epoch 12
2026-05-02 11:40:13,070 [Trainer] :: No validation IoU improvement for 2 epoch(s)
2026-05-02 11:40:13,070 [Trainer] :: Starting epoch 13
2026-05-02 11:42:08,758 [Trainer] :: Completed epoch 13: train_loss=0.187009 train_iou=0.819820 val_loss=0.320272 val_iou=0.536623 lr=0.00009954
2026-05-02 11:42:08,985 [Trainer] :: Updated latest checkpoint at epoch 13
2026-05-02 11:42:08,985 [Trainer] :: No validation IoU improvement for 3 epoch(s)
2026-05-02 11:42:08,985 [Trainer] :: Starting epoch 14
2026-05-02 11:44:07,146 [Trainer] :: Completed epoch 14: train_loss=0.184025 train_iou=0.820644 val_loss=0.272035 val_iou=0.611211 lr=0.00009947
2026-05-02 11:44:07,340 [Trainer] :: Updated latest checkpoint at epoch 14
2026-05-02 11:44:07,340 [Trainer] :: No validation IoU improvement for 4 epoch(s)
2026-05-02 11:44:07,341 [Trainer] :: Starting epoch 15
2026-05-02 11:46:09,082 [Trainer] :: Completed epoch 15: train_loss=0.174874 train_iou=0.829652 val_loss=0.281471 val_iou=0.615187 lr=0.00009939
2026-05-02 11:46:09,312 [Trainer] :: Updated latest checkpoint at epoch 15
2026-05-02 11:46:09,312 [Trainer] :: No validation IoU improvement for 5 epoch(s)
2026-05-02 11:46:09,312 [Trainer] :: Starting epoch 16
2026-05-02 11:48:14,217 [Trainer] :: Completed epoch 16: train_loss=0.172288 train_iou=0.831694 val_loss=0.291045 val_iou=0.603000 lr=0.00009931
2026-05-02 11:48:14,425 [Trainer] :: Updated latest checkpoint at epoch 16
2026-05-02 11:48:14,425 [Trainer] :: No validation IoU improvement for 6 epoch(s)
2026-05-02 11:48:14,425 [Trainer] :: Starting epoch 17
2026-05-02 11:50:16,686 [Trainer] :: Completed epoch 17: train_loss=0.169479 train_iou=0.833718 val_loss=0.287870 val_iou=0.607435 lr=0.00009922
2026-05-02 11:50:17,025 [Trainer] :: Updated latest checkpoint at epoch 17
2026-05-02 11:50:17,025 [Trainer] :: No validation IoU improvement for 7 epoch(s)
2026-05-02 11:50:17,025 [Trainer] :: Starting epoch 18
2026-05-02 11:52:17,577 [Trainer] :: Completed epoch 18: train_loss=0.161663 train_iou=0.837633 val_loss=0.282866 val_iou=0.626334 lr=0.00009912
2026-05-02 11:52:17,837 [Trainer] :: Updated latest checkpoint at epoch 18
2026-05-02 11:52:17,837 [Trainer] :: No validation IoU improvement for 8 epoch(s)
2026-05-02 11:52:17,837 [Trainer] :: Starting epoch 19
2026-05-02 11:54:16,892 [Trainer] :: Completed epoch 19: train_loss=0.164537 train_iou=0.836815 val_loss=0.269818 val_iou=0.622977 lr=0.00009902
2026-05-02 11:54:17,209 [Trainer] :: Updated latest checkpoint at epoch 19
2026-05-02 11:54:17,209 [Trainer] :: No validation IoU improvement for 9 epoch(s)
2026-05-02 11:54:17,209 [Trainer] :: Starting epoch 20
2026-05-02 11:56:15,446 [Trainer] :: Completed epoch 20: train_loss=0.157124 train_iou=0.842773 val_loss=0.257792 val_iou=0.643029 lr=0.00009892
2026-05-02 11:56:15,664 [Trainer] :: Updated latest checkpoint at epoch 20
2026-05-02 11:56:15,873 [Trainer] :: New best checkpoint saved with val_iou=0.643029
2026-05-02 11:56:15,874 [Trainer] :: Starting epoch 21
2026-05-02 11:58:14,301 [Trainer] :: Completed epoch 21: train_loss=0.151309 train_iou=0.845207 val_loss=0.270926 val_iou=0.616801 lr=0.00009881
2026-05-02 11:58:14,510 [Trainer] :: Updated latest checkpoint at epoch 21
2026-05-02 11:58:14,510 [Trainer] :: No validation IoU improvement for 1 epoch(s)
2026-05-02 11:58:14,510 [Trainer] :: Starting epoch 22
2026-05-02 12:00:13,033 [Trainer] :: Completed epoch 22: train_loss=0.150700 train_iou=0.848791 val_loss=0.276074 val_iou=0.617703 lr=0.00009869
2026-05-02 12:00:13,664 [Trainer] :: Updated latest checkpoint at epoch 22
2026-05-02 12:00:13,665 [Trainer] :: No validation IoU improvement for 2 epoch(s)
2026-05-02 12:00:13,665 [Trainer] :: Starting epoch 23
2026-05-02 12:02:18,685 [Trainer] :: Completed epoch 23: train_loss=0.150515 train_iou=0.846585 val_loss=0.297365 val_iou=0.583682 lr=0.00009857
2026-05-02 12:02:18,971 [Trainer] :: Updated latest checkpoint at epoch 23
2026-05-02 12:02:18,971 [Trainer] :: No validation IoU improvement for 3 epoch(s)
2026-05-02 12:02:18,971 [Trainer] :: Starting epoch 24
2026-05-02 12:04:15,864 [Trainer] :: Completed epoch 24: train_loss=0.144429 train_iou=0.854824 val_loss=0.281237 val_iou=0.615793 lr=0.00009844
2026-05-02 12:04:16,082 [Trainer] :: Updated latest checkpoint at epoch 24
2026-05-02 12:04:16,082 [Trainer] :: No validation IoU improvement for 4 epoch(s)
2026-05-02 12:04:16,082 [Trainer] :: Starting epoch 25
2026-05-02 12:06:16,932 [Trainer] :: Completed epoch 25: train_loss=0.144537 train_iou=0.854232 val_loss=0.277082 val_iou=0.626094 lr=0.00009831
2026-05-02 12:06:17,138 [Trainer] :: Updated latest checkpoint at epoch 25
2026-05-02 12:06:17,138 [Trainer] :: No validation IoU improvement for 5 epoch(s)
2026-05-02 12:06:17,138 [Trainer] :: Starting epoch 26
2026-05-02 12:08:16,230 [Trainer] :: Completed epoch 26: train_loss=0.141241 train_iou=0.856244 val_loss=0.286724 val_iou=0.600481 lr=0.00009818
2026-05-02 12:08:16,445 [Trainer] :: Updated latest checkpoint at epoch 26
2026-05-02 12:08:16,445 [Trainer] :: No validation IoU improvement for 6 epoch(s)
2026-05-02 12:08:16,445 [Trainer] :: Starting epoch 27
2026-05-02 12:10:21,034 [Trainer] :: Completed epoch 27: train_loss=0.139635 train_iou=0.855781 val_loss=0.283038 val_iou=0.610228 lr=0.00009803
2026-05-02 12:10:21,274 [Trainer] :: Updated latest checkpoint at epoch 27
2026-05-02 12:10:21,274 [Trainer] :: No validation IoU improvement for 7 epoch(s)
2026-05-02 12:10:21,274 [Trainer] :: Starting epoch 28
2026-05-02 12:12:21,430 [Trainer] :: Completed epoch 28: train_loss=0.137527 train_iou=0.858388 val_loss=0.295920 val_iou=0.606098 lr=0.00009789
2026-05-02 12:12:21,643 [Trainer] :: Updated latest checkpoint at epoch 28
2026-05-02 12:12:21,644 [Trainer] :: No validation IoU improvement for 8 epoch(s)
2026-05-02 12:12:21,644 [Trainer] :: Starting epoch 29
2026-05-02 12:14:23,389 [Trainer] :: Completed epoch 29: train_loss=0.134455 train_iou=0.860820 val_loss=0.276438 val_iou=0.621670 lr=0.00009773
2026-05-02 12:14:23,758 [Trainer] :: Updated latest checkpoint at epoch 29
2026-05-02 12:14:23,758 [Trainer] :: No validation IoU improvement for 9 epoch(s)
2026-05-02 12:14:23,758 [Trainer] :: Starting epoch 30
2026-05-02 12:16:27,830 [Trainer] :: Completed epoch 30: train_loss=0.131829 train_iou=0.863532 val_loss=0.274407 val_iou=0.630644 lr=0.00009758
2026-05-02 12:16:28,251 [Trainer] :: Updated latest checkpoint at epoch 30
2026-05-02 12:16:28,251 [Trainer] :: No validation IoU improvement for 10 epoch(s)
2026-05-02 12:16:28,251 [Trainer] :: Starting epoch 31
2026-05-02 12:18:28,471 [Trainer] :: Completed epoch 31: train_loss=0.127143 train_iou=0.868707 val_loss=0.299600 val_iou=0.603069 lr=0.00009741
2026-05-02 12:18:28,683 [Trainer] :: Updated latest checkpoint at epoch 31
2026-05-02 12:18:28,683 [Trainer] :: No validation IoU improvement for 11 epoch(s)
2026-05-02 12:18:28,684 [Trainer] :: Starting epoch 32
2026-05-02 12:20:28,733 [Trainer] :: Completed epoch 32: train_loss=0.126094 train_iou=0.869448 val_loss=0.267948 val_iou=0.629724 lr=0.00009725
2026-05-02 12:20:29,004 [Trainer] :: Updated latest checkpoint at epoch 32
2026-05-02 12:20:29,004 [Trainer] :: No validation IoU improvement for 12 epoch(s)
2026-05-02 12:20:29,005 [Trainer] :: Starting epoch 33
2026-05-02 12:22:29,440 [Trainer] :: Completed epoch 33: train_loss=0.126603 train_iou=0.869518 val_loss=0.281425 val_iou=0.615713 lr=0.00009707
2026-05-02 12:22:29,697 [Trainer] :: Updated latest checkpoint at epoch 33
2026-05-02 12:22:29,698 [Trainer] :: No validation IoU improvement for 13 epoch(s)
2026-05-02 12:22:29,698 [Trainer] :: Starting epoch 34
2026-05-02 12:24:27,864 [Trainer] :: Completed epoch 34: train_loss=0.123523 train_iou=0.869903 val_loss=0.289585 val_iou=0.601390 lr=0.00009690
2026-05-02 12:24:28,099 [Trainer] :: Updated latest checkpoint at epoch 34
2026-05-02 12:24:28,099 [Trainer] :: No validation IoU improvement for 14 epoch(s)
2026-05-02 12:24:28,099 [Trainer] :: Starting epoch 35
2026-05-02 12:26:26,638 [Trainer] :: Completed epoch 35: train_loss=0.126944 train_iou=0.867560 val_loss=0.318243 val_iou=0.599431 lr=0.00009671
2026-05-02 12:26:26,858 [Trainer] :: Updated latest checkpoint at epoch 35
2026-05-02 12:26:26,859 [Trainer] :: No validation IoU improvement for 15 epoch(s)
2026-05-02 12:26:26,859 [Trainer] :: Starting epoch 36
2026-05-02 12:28:27,895 [Trainer] :: Completed epoch 36: train_loss=0.123341 train_iou=0.872675 val_loss=0.277272 val_iou=0.628561 lr=0.00009652
2026-05-02 12:28:28,113 [Trainer] :: Updated latest checkpoint at epoch 36
2026-05-02 12:28:28,113 [Trainer] :: No validation IoU improvement for 16 epoch(s)
2026-05-02 12:28:28,113 [Trainer] :: Starting epoch 37
2026-05-02 12:30:30,317 [Trainer] :: Completed epoch 37: train_loss=0.117198 train_iou=0.877389 val_loss=0.298206 val_iou=0.612833 lr=0.00009633
2026-05-02 12:30:30,546 [Trainer] :: Updated latest checkpoint at epoch 37
2026-05-02 12:30:30,547 [Trainer] :: No validation IoU improvement for 17 epoch(s)
2026-05-02 12:30:30,547 [Trainer] :: Starting epoch 38
2026-05-02 12:32:35,980 [Trainer] :: Completed epoch 38: train_loss=0.118600 train_iou=0.874716 val_loss=0.292271 val_iou=0.612726 lr=0.00009613
2026-05-02 12:32:36,233 [Trainer] :: Updated latest checkpoint at epoch 38
2026-05-02 12:32:36,233 [Trainer] :: No validation IoU improvement for 18 epoch(s)
2026-05-02 12:32:36,233 [Trainer] :: Starting epoch 39
2026-05-02 12:34:37,453 [Trainer] :: Completed epoch 39: train_loss=0.112693 train_iou=0.881770 val_loss=0.292854 val_iou=0.607109 lr=0.00009593
2026-05-02 12:34:37,750 [Trainer] :: Updated latest checkpoint at epoch 39
2026-05-02 12:34:37,751 [Trainer] :: No validation IoU improvement for 19 epoch(s)
2026-05-02 12:34:37,751 [Trainer] :: Starting epoch 40
2026-05-02 12:36:36,566 [Trainer] :: Completed epoch 40: train_loss=0.112390 train_iou=0.882036 val_loss=0.276090 val_iou=0.633353 lr=0.00009572
2026-05-02 12:36:36,876 [Trainer] :: Updated latest checkpoint at epoch 40
2026-05-02 12:36:36,876 [Trainer] :: No validation IoU improvement for 20 epoch(s)
2026-05-02 12:36:36,876 [Trainer] :: Starting epoch 41
2026-05-02 12:38:32,164 [Trainer] :: Completed epoch 41: train_loss=0.109978 train_iou=0.881520 val_loss=0.267390 val_iou=0.632292 lr=0.00009551
2026-05-02 12:38:32,580 [Trainer] :: Updated latest checkpoint at epoch 41
2026-05-02 12:38:32,581 [Trainer] :: No validation IoU improvement for 21 epoch(s)
2026-05-02 12:38:32,581 [Trainer] :: Starting epoch 42
2026-05-02 12:40:31,409 [Trainer] :: Completed epoch 42: train_loss=0.109833 train_iou=0.882217 val_loss=0.287930 val_iou=0.618233 lr=0.00009529
2026-05-02 12:40:31,686 [Trainer] :: Updated latest checkpoint at epoch 42
2026-05-02 12:40:32,176 [Trainer] :: No validation IoU improvement for 22 epoch(s)
2026-05-02 12:40:32,176 [Trainer] :: Starting epoch 43
2026-05-02 12:42:40,068 [Trainer] :: Completed epoch 43: train_loss=0.110441 train_iou=0.885809 val_loss=0.283463 val_iou=0.623114 lr=0.00009507
2026-05-02 12:42:40,299 [Trainer] :: Updated latest checkpoint at epoch 43
2026-05-02 12:42:40,299 [Trainer] :: No validation IoU improvement for 23 epoch(s)
2026-05-02 12:42:40,299 [Trainer] :: Starting epoch 44
2026-05-02 12:44:45,664 [Trainer] :: Completed epoch 44: train_loss=0.104171 train_iou=0.888950 val_loss=0.284512 val_iou=0.624964 lr=0.00009484
2026-05-02 12:44:45,969 [Trainer] :: Updated latest checkpoint at epoch 44
2026-05-02 12:44:46,628 [Trainer] :: No validation IoU improvement for 24 epoch(s)
2026-05-02 12:44:46,629 [Trainer] :: Starting epoch 45
2026-05-02 12:46:50,682 [Trainer] :: Completed epoch 45: train_loss=0.105587 train_iou=0.889110 val_loss=0.289531 val_iou=0.619039 lr=0.00009460
2026-05-02 12:46:50,946 [Trainer] :: Updated latest checkpoint at epoch 45
2026-05-02 12:46:50,946 [Trainer] :: No validation IoU improvement for 25 epoch(s)
2026-05-02 12:46:50,946 [Trainer] :: Starting epoch 46
2026-05-02 12:48:57,162 [Trainer] :: Completed epoch 46: train_loss=0.104500 train_iou=0.889525 val_loss=0.314843 val_iou=0.593595 lr=0.00009437
2026-05-02 12:48:57,439 [Trainer] :: Updated latest checkpoint at epoch 46
2026-05-02 12:48:57,439 [Trainer] :: No validation IoU improvement for 26 epoch(s)
2026-05-02 12:48:57,439 [Trainer] :: Starting epoch 47
2026-05-02 12:51:03,845 [Trainer] :: Completed epoch 47: train_loss=0.102439 train_iou=0.892424 val_loss=0.281814 val_iou=0.627699 lr=0.00009412
2026-05-02 12:51:04,113 [Trainer] :: Updated latest checkpoint at epoch 47
2026-05-02 12:51:04,113 [Trainer] :: No validation IoU improvement for 27 epoch(s)
2026-05-02 12:51:04,113 [Trainer] :: Starting epoch 48
2026-05-02 12:53:12,936 [Trainer] :: Completed epoch 48: train_loss=0.101447 train_iou=0.892685 val_loss=0.289592 val_iou=0.620006 lr=0.00009388
2026-05-02 12:53:13,179 [Trainer] :: Updated latest checkpoint at epoch 48
2026-05-02 12:53:13,179 [Trainer] :: No validation IoU improvement for 28 epoch(s)
2026-05-02 12:53:13,180 [Trainer] :: Starting epoch 49
2026-05-02 12:55:21,587 [Trainer] :: Completed epoch 49: train_loss=0.099286 train_iou=0.893702 val_loss=0.283944 val_iou=0.627823 lr=0.00009363
2026-05-02 12:55:22,072 [Trainer] :: Updated latest checkpoint at epoch 49
2026-05-02 12:55:22,072 [Trainer] :: No validation IoU improvement for 29 epoch(s)
2026-05-02 12:55:22,072 [Trainer] :: Starting epoch 50
2026-05-02 12:57:34,858 [Trainer] :: Completed epoch 50: train_loss=0.096892 train_iou=0.897708 val_loss=0.285959 val_iou=0.624113 lr=0.00009337
2026-05-02 12:57:35,117 [Trainer] :: Updated latest checkpoint at epoch 50
2026-05-02 12:57:35,117 [Trainer] :: No validation IoU improvement for 30 epoch(s)
2026-05-02 12:57:35,118 [Trainer] :: Starting epoch 51
2026-05-02 12:59:42,081 [Trainer] :: Completed epoch 51: train_loss=0.097609 train_iou=0.895778 val_loss=0.300526 val_iou=0.611693 lr=0.00009311
2026-05-02 12:59:42,435 [Trainer] :: Updated latest checkpoint at epoch 51
2026-05-02 12:59:42,435 [Trainer] :: No validation IoU improvement for 31 epoch(s)
2026-05-02 12:59:42,435 [Trainer] :: Starting epoch 52
2026-05-02 13:01:47,083 [Trainer] :: Completed epoch 52: train_loss=0.093016 train_iou=0.900908 val_loss=0.293589 val_iou=0.618037 lr=0.00009284
2026-05-02 13:01:47,338 [Trainer] :: Updated latest checkpoint at epoch 52
2026-05-02 13:01:47,338 [Trainer] :: No validation IoU improvement for 32 epoch(s)
2026-05-02 13:01:47,338 [Trainer] :: Starting epoch 53
2026-05-02 13:03:53,501 [Trainer] :: Completed epoch 53: train_loss=0.093909 train_iou=0.899756 val_loss=0.284610 val_iou=0.622944 lr=0.00009257
2026-05-02 13:03:53,728 [Trainer] :: Updated latest checkpoint at epoch 53
2026-05-02 13:03:53,728 [Trainer] :: No validation IoU improvement for 33 epoch(s)
2026-05-02 13:03:53,728 [Trainer] :: Starting epoch 54
2026-05-02 13:06:03,524 [Trainer] :: Completed epoch 54: train_loss=0.093014 train_iou=0.902685 val_loss=0.294337 val_iou=0.622396 lr=0.00009229
2026-05-02 13:06:03,817 [Trainer] :: Updated latest checkpoint at epoch 54
2026-05-02 13:06:03,817 [Trainer] :: No validation IoU improvement for 34 epoch(s)
2026-05-02 13:06:03,817 [Trainer] :: Starting epoch 55
2026-05-02 13:08:11,832 [Trainer] :: Completed epoch 55: train_loss=0.094292 train_iou=0.901818 val_loss=0.310210 val_iou=0.602763 lr=0.00009201
2026-05-02 13:08:12,079 [Trainer] :: Updated latest checkpoint at epoch 55
2026-05-02 13:08:12,079 [Trainer] :: No validation IoU improvement for 35 epoch(s)
2026-05-02 13:08:12,079 [Trainer] :: Starting epoch 56
2026-05-02 13:10:18,861 [Trainer] :: Completed epoch 56: train_loss=0.091413 train_iou=0.901978 val_loss=0.292860 val_iou=0.618430 lr=0.00009173
2026-05-02 13:10:19,100 [Trainer] :: Updated latest checkpoint at epoch 56
2026-05-02 13:10:19,100 [Trainer] :: No validation IoU improvement for 36 epoch(s)
2026-05-02 13:10:19,100 [Trainer] :: Starting epoch 57
2026-05-02 13:12:27,714 [Trainer] :: Completed epoch 57: train_loss=0.091339 train_iou=0.903625 val_loss=0.288176 val_iou=0.625802 lr=0.00009144
2026-05-02 13:12:27,992 [Trainer] :: Updated latest checkpoint at epoch 57
2026-05-02 13:12:27,993 [Trainer] :: No validation IoU improvement for 37 epoch(s)
2026-05-02 13:12:27,993 [Trainer] :: Starting epoch 58
2026-05-02 13:14:39,348 [Trainer] :: Completed epoch 58: train_loss=0.092679 train_iou=0.901148 val_loss=0.299535 val_iou=0.624399 lr=0.00009115
2026-05-02 13:14:39,624 [Trainer] :: Updated latest checkpoint at epoch 58
2026-05-02 13:14:39,624 [Trainer] :: No validation IoU improvement for 38 epoch(s)
2026-05-02 13:14:39,624 [Trainer] :: Starting epoch 59
2026-05-02 13:16:54,014 [Trainer] :: Completed epoch 59: train_loss=0.087408 train_iou=0.906017 val_loss=0.296968 val_iou=0.614856 lr=0.00009085
2026-05-02 13:16:54,291 [Trainer] :: Updated latest checkpoint at epoch 59
2026-05-02 13:16:54,291 [Trainer] :: No validation IoU improvement for 39 epoch(s)
2026-05-02 13:16:54,291 [Trainer] :: Starting epoch 60
2026-05-02 13:19:00,364 [Trainer] :: Completed epoch 60: train_loss=0.088598 train_iou=0.905790 val_loss=0.299436 val_iou=0.619810 lr=0.00009055
2026-05-02 13:19:00,693 [Trainer] :: Updated latest checkpoint at epoch 60
2026-05-02 13:19:00,693 [Trainer] :: No validation IoU improvement for 40 epoch(s)
2026-05-02 13:19:00,693 [Trainer] :: Starting epoch 61
2026-05-02 13:21:07,895 [Trainer] :: Completed epoch 61: train_loss=0.085393 train_iou=0.909402 val_loss=0.296465 val_iou=0.624641 lr=0.00009024
2026-05-02 13:21:08,265 [Trainer] :: Updated latest checkpoint at epoch 61
2026-05-02 13:21:08,266 [Trainer] :: No validation IoU improvement for 41 epoch(s)
2026-05-02 13:21:08,266 [Trainer] :: Starting epoch 62
2026-05-02 13:23:15,411 [Trainer] :: Completed epoch 62: train_loss=0.085710 train_iou=0.910010 val_loss=0.304600 val_iou=0.614878 lr=0.00008993
2026-05-02 13:23:15,697 [Trainer] :: Updated latest checkpoint at epoch 62
2026-05-02 13:23:15,697 [Trainer] :: No validation IoU improvement for 42 epoch(s)
2026-05-02 13:23:15,697 [Trainer] :: Starting epoch 63
2026-05-02 13:25:20,735 [Trainer] :: Completed epoch 63: train_loss=0.085553 train_iou=0.909330 val_loss=0.293433 val_iou=0.629218 lr=0.00008961
2026-05-02 13:25:20,948 [Trainer] :: Updated latest checkpoint at epoch 63
2026-05-02 13:25:20,948 [Trainer] :: No validation IoU improvement for 43 epoch(s)
2026-05-02 13:25:20,948 [Trainer] :: Starting epoch 64
2026-05-02 13:27:32,832 [Trainer] :: Completed epoch 64: train_loss=0.085886 train_iou=0.907405 val_loss=0.284832 val_iou=0.631937 lr=0.00008929
2026-05-02 13:27:33,105 [Trainer] :: Updated latest checkpoint at epoch 64
2026-05-02 13:27:33,105 [Trainer] :: No validation IoU improvement for 44 epoch(s)
2026-05-02 13:27:33,105 [Trainer] :: Starting epoch 65
2026-05-02 13:29:42,875 [Trainer] :: Completed epoch 65: train_loss=0.084706 train_iou=0.909728 val_loss=0.332049 val_iou=0.584825 lr=0.00008897
2026-05-02 13:29:43,135 [Trainer] :: Updated latest checkpoint at epoch 65
2026-05-02 13:29:43,135 [Trainer] :: No validation IoU improvement for 45 epoch(s)
2026-05-02 13:29:43,135 [Trainer] :: Starting epoch 66
2026-05-02 13:31:50,346 [Trainer] :: Completed epoch 66: train_loss=0.083177 train_iou=0.911172 val_loss=0.287986 val_iou=0.632368 lr=0.00008864
2026-05-02 13:31:50,562 [Trainer] :: Updated latest checkpoint at epoch 66
2026-05-02 13:31:50,562 [Trainer] :: No validation IoU improvement for 46 epoch(s)
2026-05-02 13:31:50,562 [Trainer] :: Starting epoch 67
2026-05-02 13:33:59,639 [Trainer] :: Completed epoch 67: train_loss=0.082685 train_iou=0.911582 val_loss=0.305334 val_iou=0.617581 lr=0.00008831
2026-05-02 13:34:00,038 [Trainer] :: Updated latest checkpoint at epoch 67
2026-05-02 13:34:00,038 [Trainer] :: No validation IoU improvement for 47 epoch(s)
2026-05-02 13:34:00,038 [Trainer] :: Starting epoch 68
2026-05-02 13:36:10,629 [Trainer] :: Completed epoch 68: train_loss=0.084609 train_iou=0.910628 val_loss=0.315155 val_iou=0.614344 lr=0.00008797
2026-05-02 13:36:10,968 [Trainer] :: Updated latest checkpoint at epoch 68
2026-05-02 13:36:10,968 [Trainer] :: No validation IoU improvement for 48 epoch(s)
2026-05-02 13:36:10,968 [Trainer] :: Starting epoch 69
2026-05-02 13:38:20,342 [Trainer] :: Completed epoch 69: train_loss=0.081255 train_iou=0.913394 val_loss=0.302836 val_iou=0.631312 lr=0.00008763
2026-05-02 13:38:20,647 [Trainer] :: Updated latest checkpoint at epoch 69
2026-05-02 13:38:20,647 [Trainer] :: No validation IoU improvement for 49 epoch(s)
2026-05-02 13:38:20,647 [Trainer] :: Starting epoch 70
2026-05-02 13:40:24,628 [Trainer] :: Completed epoch 70: train_loss=0.079839 train_iou=0.914445 val_loss=0.311527 val_iou=0.616152 lr=0.00008729
2026-05-02 13:40:25,380 [Trainer] :: Updated latest checkpoint at epoch 70
2026-05-02 13:40:25,380 [Trainer] :: No validation IoU improvement for 50 epoch(s)
2026-05-02 13:40:25,380 [Trainer] :: Starting epoch 71
2026-05-02 13:42:33,518 [Trainer] :: Completed epoch 71: train_loss=0.078361 train_iou=0.916509 val_loss=0.316953 val_iou=0.611281 lr=0.00008694
2026-05-02 13:42:33,814 [Trainer] :: Updated latest checkpoint at epoch 71
2026-05-02 13:42:33,814 [Trainer] :: No validation IoU improvement for 51 epoch(s)
2026-05-02 13:42:33,814 [Trainer] :: Starting epoch 72
2026-05-02 13:44:43,614 [Trainer] :: Completed epoch 72: train_loss=0.078598 train_iou=0.915412 val_loss=0.318079 val_iou=0.607098 lr=0.00008658
2026-05-02 13:44:43,835 [Trainer] :: Updated latest checkpoint at epoch 72
2026-05-02 13:44:43,835 [Trainer] :: No validation IoU improvement for 52 epoch(s)
2026-05-02 13:44:43,836 [Trainer] :: Starting epoch 73
2026-05-02 13:46:50,336 [Trainer] :: Completed epoch 73: train_loss=0.075872 train_iou=0.918835 val_loss=0.312713 val_iou=0.614526 lr=0.00008623
2026-05-02 13:46:50,644 [Trainer] :: Updated latest checkpoint at epoch 73
2026-05-02 13:46:50,644 [Trainer] :: No validation IoU improvement for 53 epoch(s)
2026-05-02 13:46:50,644 [Trainer] :: Starting epoch 74
2026-05-02 13:48:58,912 [Trainer] :: Completed epoch 74: train_loss=0.077270 train_iou=0.917063 val_loss=0.309489 val_iou=0.612474 lr=0.00008587
2026-05-02 13:48:59,193 [Trainer] :: Updated latest checkpoint at epoch 74
2026-05-02 13:48:59,193 [Trainer] :: No validation IoU improvement for 54 epoch(s)
2026-05-02 13:48:59,193 [Trainer] :: Starting epoch 75
2026-05-02 13:51:07,617 [Trainer] :: Completed epoch 75: train_loss=0.076794 train_iou=0.917326 val_loss=0.305679 val_iou=0.621008 lr=0.00008550
2026-05-02 13:51:07,991 [Trainer] :: Updated latest checkpoint at epoch 75
2026-05-02 13:51:07,991 [Trainer] :: No validation IoU improvement for 55 epoch(s)
2026-05-02 13:51:07,991 [Trainer] :: Starting epoch 76
2026-05-02 13:53:14,457 [Trainer] :: Completed epoch 76: train_loss=0.074578 train_iou=0.919620 val_loss=0.325576 val_iou=0.612857 lr=0.00008513
2026-05-02 13:53:14,722 [Trainer] :: Updated latest checkpoint at epoch 76
2026-05-02 13:53:14,722 [Trainer] :: No validation IoU improvement for 56 epoch(s)
2026-05-02 13:53:14,722 [Trainer] :: Starting epoch 77
2026-05-02 13:55:23,197 [Trainer] :: Completed epoch 77: train_loss=0.075575 train_iou=0.919473 val_loss=0.317421 val_iou=0.614069 lr=0.00008476
2026-05-02 13:55:23,545 [Trainer] :: Updated latest checkpoint at epoch 77
2026-05-02 13:55:23,545 [Trainer] :: No validation IoU improvement for 57 epoch(s)
2026-05-02 13:55:23,546 [Trainer] :: Starting epoch 78
2026-05-02 13:57:30,268 [Trainer] :: Completed epoch 78: train_loss=0.075461 train_iou=0.918662 val_loss=0.306887 val_iou=0.618572 lr=0.00008439
2026-05-02 13:57:30,507 [Trainer] :: Updated latest checkpoint at epoch 78
2026-05-02 13:57:30,507 [Trainer] :: No validation IoU improvement for 58 epoch(s)
2026-05-02 13:57:30,507 [Trainer] :: Starting epoch 79
2026-05-02 13:59:37,613 [Trainer] :: Completed epoch 79: train_loss=0.075452 train_iou=0.920001 val_loss=0.303503 val_iou=0.626826 lr=0.00008401
2026-05-02 13:59:37,959 [Trainer] :: Updated latest checkpoint at epoch 79
2026-05-02 13:59:37,959 [Trainer] :: No validation IoU improvement for 59 epoch(s)
2026-05-02 13:59:37,959 [Trainer] :: Starting epoch 80
2026-05-02 14:01:45,292 [Trainer] :: Completed epoch 80: train_loss=0.074192 train_iou=0.920783 val_loss=0.321196 val_iou=0.619029 lr=0.00008362
2026-05-02 14:01:45,568 [Trainer] :: Updated latest checkpoint at epoch 80
2026-05-02 14:01:45,569 [Trainer] :: No validation IoU improvement for 60 epoch(s)
2026-05-02 14:01:45,569 [Trainer] :: Early stopping triggered after 60 epoch(s) without improvement
2026-05-02 14:04:40,017 [Trainer] :: Wrote training history to outputs/runs/real_msi_segformer_b1_seed50_20260502T091536Z/metrics/history.json
2026-05-02 14:04:40,021 [Trainer] :: Wrote test summary to outputs/runs/real_msi_segformer_b1_seed50_20260502T091536Z/metrics/test_summary.json
2026-05-02 14:04:40,021 [Trainer] :: Training completed
