2026-06-13 14:07:56,403 [Summarizer] :: Summary generation started
2026-06-13 14:07:56,403 [Summarizer] :: Collecting metrics from 299 run(s)
2026-06-13 14:07:56,405 [Summarizer] :: Reading run artifacts from /ceph/home/student.aau.dk/qd36zu/fuzzy-p10/tbd/masking/outputs/runs/rgb_unetplusplus_resnet34_baseline_seed420_20260613T095621Z
2026-06-13 14:07:56,515 [Summarizer] :: Reading run artifacts from /ceph/home/student.aau.dk/qd36zu/fuzzy-p10/tbd/masking/outputs/runs/rgb_real_msi_deeplabv3plus_resnet34_baseline_seed423_20260613T103858Z
2026-06-13 14:07:56,590 [Summarizer] :: Reading run artifacts from /ceph/home/student.aau.dk/qd36zu/fuzzy-p10/tbd/masking/outputs/runs/rgb_real_msi_segformer_b0_baseline_seed423_20260613T103858Z
2026-06-13 14:07:56,728 [Summarizer] :: Reading run artifacts from /ceph/home/student.aau.dk/qd36zu/fuzzy-p10/tbd/masking/outputs/runs/rgb_synthetic_msi_unetplusplus_resnet34_baseline_seed423_20260613T104029Z
2026-06-13 14:07:56,830 [Summarizer] :: Reading run artifacts from /ceph/home/student.aau.dk/qd36zu/fuzzy-p10/tbd/masking/outputs/runs/rgb_synthetic_msi_deeplabv3plus_resnet34_baseline_seed423_20260613T104040Z
2026-06-13 14:07:56,877 [Summarizer] :: Reading run artifacts from /ceph/home/student.aau.dk/qd36zu/fuzzy-p10/tbd/masking/outputs/runs/rgb_synthetic_msi_segformer_b0_baseline_seed423_20260613T104101Z
2026-06-13 14:07:56,940 [Summarizer] :: Reading run artifacts from /ceph/home/student.aau.dk/qd36zu/fuzzy-p10/tbd/masking/outputs/runs/rgb_unetplusplus_resnet50_baseline_seed423_20260613T104112Z
2026-06-13 14:07:57,019 [Summarizer] :: Reading run artifacts from /ceph/home/student.aau.dk/qd36zu/fuzzy-p10/tbd/masking/outputs/runs/rgb_deeplabv3plus_resnet50_baseline_seed423_20260613T104122Z
2026-06-13 14:07:57,131 [Summarizer] :: Reading run artifacts from /ceph/home/student.aau.dk/qd36zu/fuzzy-p10/tbd/masking/outputs/runs/rgb_segformer_b1_baseline_seed423_20260613T104214Z
2026-06-13 14:07:57,211 [Summarizer] :: Reading run artifacts from /ceph/home/student.aau.dk/qd36zu/fuzzy-p10/tbd/masking/outputs/runs/real_msi_unetplusplus_resnet50_baseline_seed423_20260613T104214Z
2026-06-13 14:07:57,297 [Summarizer] :: Reading run artifacts from /ceph/home/student.aau.dk/qd36zu/fuzzy-p10/tbd/masking/outputs/runs/real_msi_deeplabv3plus_resnet50_baseline_seed423_20260613T104236Z
2026-06-13 14:07:57,421 [Summarizer] :: Reading run artifacts from /ceph/home/student.aau.dk/qd36zu/fuzzy-p10/tbd/masking/outputs/runs/rgb_real_msi_deeplabv3plus_resnet34_baseline_seed420_20260613T095955Z
2026-06-13 14:07:57,466 [Summarizer] :: Reading run artifacts from /ceph/home/student.aau.dk/qd36zu/fuzzy-p10/tbd/masking/outputs/runs/real_msi_segformer_b1_baseline_seed423_20260613T104358Z
2026-06-13 14:07:57,511 [Summarizer] :: Reading run artifacts from /ceph/home/student.aau.dk/qd36zu/fuzzy-p10/tbd/masking/outputs/runs/synthetic_msi_unetplusplus_resnet50_baseline_seed423_20260613T104409Z
2026-06-13 14:07:57,588 [Summarizer] :: Reading run artifacts from /ceph/home/student.aau.dk/qd36zu/fuzzy-p10/tbd/masking/outputs/runs/synthetic_msi_deeplabv3plus_resnet50_baseline_seed423_20260613T104419Z
2026-06-13 14:07:57,649 [Summarizer] :: Reading run artifacts from /ceph/home/student.aau.dk/qd36zu/fuzzy-p10/tbd/masking/outputs/runs/synthetic_msi_segformer_b1_baseline_seed423_20260613T104430Z
2026-06-13 14:07:57,724 [Summarizer] :: Reading run artifacts from /ceph/home/student.aau.dk/qd36zu/fuzzy-p10/tbd/masking/outputs/runs/rgb_real_msi_unetplusplus_resnet50_baseline_seed423_20260613T104440Z
2026-06-13 14:07:57,817 [Summarizer] :: Reading run artifacts from /ceph/home/student.aau.dk/qd36zu/fuzzy-p10/tbd/masking/outputs/runs/rgb_real_msi_deeplabv3plus_resnet50_baseline_seed423_20260613T104532Z
2026-06-13 14:07:57,895 [Summarizer] :: Reading run artifacts from /ceph/home/student.aau.dk/qd36zu/fuzzy-p10/tbd/masking/outputs/runs/rgb_real_msi_segformer_b1_baseline_seed423_20260613T104551Z
2026-06-13 14:07:57,976 [Summarizer] :: Reading run artifacts from /ceph/home/student.aau.dk/qd36zu/fuzzy-p10/tbd/masking/outputs/runs/rgb_synthetic_msi_unetplusplus_resnet50_baseline_seed423_20260613T104602Z
2026-06-13 14:07:58,040 [Summarizer] :: Reading run artifacts from /ceph/home/student.aau.dk/qd36zu/fuzzy-p10/tbd/masking/outputs/runs/rgb_synthetic_msi_deeplabv3plus_resnet50_baseline_seed423_20260613T104704Z
2026-06-13 14:07:58,089 [Summarizer] :: Reading run artifacts from /ceph/home/student.aau.dk/qd36zu/fuzzy-p10/tbd/masking/outputs/runs/rgb_synthetic_msi_segformer_b1_baseline_seed423_20260613T104715Z
2026-06-13 14:07:58,175 [Summarizer] :: Reading run artifacts from /ceph/home/student.aau.dk/qd36zu/fuzzy-p10/tbd/masking/outputs/runs/rgb_real_msi_segformer_b0_baseline_seed420_20260613T100106Z
2026-06-13 14:07:58,272 [Summarizer] :: Reading run artifacts from /ceph/home/student.aau.dk/qd36zu/fuzzy-p10/tbd/masking/outputs/runs/rgb_unetplusplus_resnet34_baseline_seed424_20260613T104739Z
2026-06-13 14:07:58,322 [Summarizer] :: Reading run artifacts from /ceph/home/student.aau.dk/qd36zu/fuzzy-p10/tbd/masking/outputs/runs/rgb_deeplabv3plus_resnet34_baseline_seed424_20260613T104740Z
2026-06-13 14:07:58,401 [Summarizer] :: Reading run artifacts from /ceph/home/student.aau.dk/qd36zu/fuzzy-p10/tbd/masking/outputs/runs/rgb_segformer_b0_baseline_seed424_20260613T104839Z
2026-06-13 14:07:58,445 [Summarizer] :: Reading run artifacts from /ceph/home/student.aau.dk/qd36zu/fuzzy-p10/tbd/masking/outputs/runs/real_msi_unetplusplus_resnet34_baseline_seed424_20260613T104911Z
2026-06-13 14:07:58,500 [Summarizer] :: Reading run artifacts from /ceph/home/student.aau.dk/qd36zu/fuzzy-p10/tbd/masking/outputs/runs/real_msi_deeplabv3plus_resnet34_baseline_seed424_20260613T104954Z
2026-06-13 14:07:58,562 [Summarizer] :: Reading run artifacts from /ceph/home/student.aau.dk/qd36zu/fuzzy-p10/tbd/masking/outputs/runs/real_msi_segformer_b0_baseline_seed424_20260613T105026Z
2026-06-13 14:07:58,607 [Summarizer] :: Reading run artifacts from /ceph/home/student.aau.dk/qd36zu/fuzzy-p10/tbd/masking/outputs/runs/synthetic_msi_unetplusplus_resnet34_baseline_seed424_20260613T105035Z
2026-06-13 14:07:58,658 [Summarizer] :: Reading run artifacts from /ceph/home/student.aau.dk/qd36zu/fuzzy-p10/tbd/masking/outputs/runs/synthetic_msi_deeplabv3plus_resnet34_baseline_seed424_20260613T105047Z
2026-06-13 14:07:58,808 [Summarizer] :: Reading run artifacts from /ceph/home/student.aau.dk/qd36zu/fuzzy-p10/tbd/masking/outputs/runs/synthetic_msi_segformer_b0_baseline_seed424_20260613T105056Z
2026-06-13 14:07:58,856 [Summarizer] :: Reading run artifacts from /ceph/home/student.aau.dk/qd36zu/fuzzy-p10/tbd/masking/outputs/runs/rgb_real_msi_unetplusplus_resnet34_baseline_seed424_20260613T105148Z
2026-06-13 14:07:58,922 [Summarizer] :: Reading run artifacts from /ceph/home/student.aau.dk/qd36zu/fuzzy-p10/tbd/masking/outputs/runs/rgb_synthetic_msi_unetplusplus_resnet34_baseline_seed420_20260613T100106Z
2026-06-13 14:07:59,024 [Summarizer] :: Reading run artifacts from /ceph/home/student.aau.dk/qd36zu/fuzzy-p10/tbd/masking/outputs/runs/rgb_real_msi_deeplabv3plus_resnet34_baseline_seed424_20260613T105219Z
2026-06-13 14:07:59,078 [Summarizer] :: Reading run artifacts from /ceph/home/student.aau.dk/qd36zu/fuzzy-p10/tbd/masking/outputs/runs/rgb_real_msi_segformer_b0_baseline_seed424_20260613T105240Z
2026-06-13 14:07:59,224 [Summarizer] :: Reading run artifacts from /ceph/home/student.aau.dk/qd36zu/fuzzy-p10/tbd/masking/outputs/runs/rgb_synthetic_msi_unetplusplus_resnet34_baseline_seed424_20260613T105321Z
2026-06-13 14:07:59,274 [Summarizer] :: Reading run artifacts from /ceph/home/student.aau.dk/qd36zu/fuzzy-p10/tbd/masking/outputs/runs/rgb_synthetic_msi_deeplabv3plus_resnet34_baseline_seed424_20260613T105320Z
2026-06-13 14:07:59,335 [Summarizer] :: Reading run artifacts from /ceph/home/student.aau.dk/qd36zu/fuzzy-p10/tbd/masking/outputs/runs/rgb_synthetic_msi_segformer_b0_baseline_seed424_20260613T105342Z
2026-06-13 14:07:59,404 [Summarizer] :: Reading run artifacts from /ceph/home/student.aau.dk/qd36zu/fuzzy-p10/tbd/masking/outputs/runs/rgb_unetplusplus_resnet50_baseline_seed424_20260613T105342Z
2026-06-13 14:07:59,523 [Summarizer] :: Reading run artifacts from /ceph/home/student.aau.dk/qd36zu/fuzzy-p10/tbd/masking/outputs/runs/rgb_segformer_b1_baseline_seed424_20260613T105517Z
2026-06-13 14:07:59,586 [Summarizer] :: Reading run artifacts from /ceph/home/student.aau.dk/qd36zu/fuzzy-p10/tbd/masking/outputs/runs/real_msi_unetplusplus_resnet50_baseline_seed424_20260613T105517Z
2026-06-13 14:07:59,668 [Summarizer] :: Reading run artifacts from /ceph/home/student.aau.dk/qd36zu/fuzzy-p10/tbd/masking/outputs/runs/real_msi_deeplabv3plus_resnet50_baseline_seed424_20260613T105608Z
2026-06-13 14:07:59,726 [Summarizer] :: Reading run artifacts from /ceph/home/student.aau.dk/qd36zu/fuzzy-p10/tbd/masking/outputs/runs/rgb_synthetic_msi_deeplabv3plus_resnet34_baseline_seed420_20260613T100110Z
2026-06-13 14:07:59,804 [Summarizer] :: Reading run artifacts from /ceph/home/student.aau.dk/qd36zu/fuzzy-p10/tbd/masking/outputs/runs/real_msi_segformer_b1_baseline_seed424_20260613T105641Z
2026-06-13 14:07:59,856 [Summarizer] :: Reading run artifacts from /ceph/home/student.aau.dk/qd36zu/fuzzy-p10/tbd/masking/outputs/runs/synthetic_msi_unetplusplus_resnet50_baseline_seed424_20260613T105641Z
2026-06-13 14:07:59,938 [Summarizer] :: Reading run artifacts from /ceph/home/student.aau.dk/qd36zu/fuzzy-p10/tbd/masking/outputs/runs/synthetic_msi_deeplabv3plus_resnet50_baseline_seed424_20260613T105715Z
2026-06-13 14:08:00,015 [Summarizer] :: Reading run artifacts from /ceph/home/student.aau.dk/qd36zu/fuzzy-p10/tbd/masking/outputs/runs/synthetic_msi_segformer_b1_baseline_seed424_20260613T105715Z
2026-06-13 14:08:00,114 [Summarizer] :: Reading run artifacts from /ceph/home/student.aau.dk/qd36zu/fuzzy-p10/tbd/masking/outputs/runs/rgb_real_msi_unetplusplus_resnet50_baseline_seed424_20260613T105816Z
2026-06-13 14:08:00,213 [Summarizer] :: Reading run artifacts from /ceph/home/student.aau.dk/qd36zu/fuzzy-p10/tbd/masking/outputs/runs/rgb_real_msi_deeplabv3plus_resnet50_baseline_seed424_20260613T105909Z
2026-06-13 14:08:00,278 [Summarizer] :: Reading run artifacts from /ceph/home/student.aau.dk/qd36zu/fuzzy-p10/tbd/masking/outputs/runs/rgb_real_msi_segformer_b1_baseline_seed424_20260613T105909Z
2026-06-13 14:08:00,336 [Summarizer] :: Reading run artifacts from /ceph/home/student.aau.dk/qd36zu/fuzzy-p10/tbd/masking/outputs/runs/rgb_synthetic_msi_unetplusplus_resnet50_baseline_seed424_20260613T105931Z
2026-06-13 14:08:00,399 [Summarizer] :: Reading run artifacts from /ceph/home/student.aau.dk/qd36zu/fuzzy-p10/tbd/masking/outputs/runs/rgb_synthetic_msi_deeplabv3plus_resnet50_baseline_seed424_20260613T110000Z
2026-06-13 14:08:00,464 [Summarizer] :: Reading run artifacts from /ceph/home/student.aau.dk/qd36zu/fuzzy-p10/tbd/masking/outputs/runs/rgb_synthetic_msi_segformer_b1_baseline_seed424_20260613T110000Z
2026-06-13 14:08:00,527 [Summarizer] :: Reading run artifacts from /ceph/home/student.aau.dk/qd36zu/fuzzy-p10/tbd/masking/outputs/runs/rgb_synthetic_msi_segformer_b0_baseline_seed420_20260613T100117Z
2026-06-13 14:08:00,575 [Summarizer] :: Reading run artifacts from /ceph/home/student.aau.dk/qd36zu/fuzzy-p10/tbd/masking/outputs/runs/rgb_unetplusplus_resnet34_baseline_seed425_20260613T110000Z
2026-06-13 14:08:00,702 [Summarizer] :: Reading run artifacts from /ceph/home/student.aau.dk/qd36zu/fuzzy-p10/tbd/masking/outputs/runs/rgb_deeplabv3plus_resnet34_baseline_seed425_20260613T110020Z
2026-06-13 14:08:00,834 [Summarizer] :: Reading run artifacts from /ceph/home/student.aau.dk/qd36zu/fuzzy-p10/tbd/masking/outputs/runs/rgb_segformer_b0_baseline_seed425_20260613T110214Z
2026-06-13 14:08:00,884 [Summarizer] :: Reading run artifacts from /ceph/home/student.aau.dk/qd36zu/fuzzy-p10/tbd/masking/outputs/runs/real_msi_unetplusplus_resnet34_baseline_seed425_20260613T110224Z
2026-06-13 14:08:01,021 [Summarizer] :: Reading run artifacts from /ceph/home/student.aau.dk/qd36zu/fuzzy-p10/tbd/masking/outputs/runs/real_msi_deeplabv3plus_resnet34_baseline_seed425_20260613T110305Z
2026-06-13 14:08:01,088 [Summarizer] :: Reading run artifacts from /ceph/home/student.aau.dk/qd36zu/fuzzy-p10/tbd/masking/outputs/runs/real_msi_segformer_b0_baseline_seed425_20260613T110316Z
2026-06-13 14:08:01,149 [Summarizer] :: Reading run artifacts from /ceph/home/student.aau.dk/qd36zu/fuzzy-p10/tbd/masking/outputs/runs/synthetic_msi_unetplusplus_resnet34_baseline_seed425_20260613T110316Z
2026-06-13 14:08:01,212 [Summarizer] :: Reading run artifacts from /ceph/home/student.aau.dk/qd36zu/fuzzy-p10/tbd/masking/outputs/runs/synthetic_msi_deeplabv3plus_resnet34_baseline_seed425_20260613T110327Z
2026-06-13 14:08:01,281 [Summarizer] :: Reading run artifacts from /ceph/home/student.aau.dk/qd36zu/fuzzy-p10/tbd/masking/outputs/runs/synthetic_msi_segformer_b0_baseline_seed425_20260613T110330Z
2026-06-13 14:08:01,351 [Summarizer] :: Reading run artifacts from /ceph/home/student.aau.dk/qd36zu/fuzzy-p10/tbd/masking/outputs/runs/rgb_real_msi_unetplusplus_resnet34_baseline_seed425_20260613T110452Z
2026-06-13 14:08:01,399 [Summarizer] :: Reading run artifacts from /ceph/home/student.aau.dk/qd36zu/fuzzy-p10/tbd/masking/outputs/runs/rgb_unetplusplus_resnet50_baseline_seed420_20260613T100117Z
2026-06-13 14:08:01,448 [Summarizer] :: Reading run artifacts from /ceph/home/student.aau.dk/qd36zu/fuzzy-p10/tbd/masking/outputs/runs/rgb_real_msi_deeplabv3plus_resnet34_baseline_seed425_20260613T110533Z
2026-06-13 14:08:01,501 [Summarizer] :: Reading run artifacts from /ceph/home/student.aau.dk/qd36zu/fuzzy-p10/tbd/masking/outputs/runs/rgb_real_msi_segformer_b0_baseline_seed425_20260613T110605Z
2026-06-13 14:08:01,556 [Summarizer] :: Reading run artifacts from /ceph/home/student.aau.dk/qd36zu/fuzzy-p10/tbd/masking/outputs/runs/rgb_synthetic_msi_unetplusplus_resnet34_baseline_seed425_20260613T110628Z
2026-06-13 14:08:01,629 [Summarizer] :: Reading run artifacts from /ceph/home/student.aau.dk/qd36zu/fuzzy-p10/tbd/masking/outputs/runs/rgb_synthetic_msi_deeplabv3plus_resnet34_baseline_seed425_20260613T110629Z
2026-06-13 14:08:01,686 [Summarizer] :: Reading run artifacts from /ceph/home/student.aau.dk/qd36zu/fuzzy-p10/tbd/masking/outputs/runs/rgb_synthetic_msi_segformer_b0_baseline_seed425_20260613T110629Z
2026-06-13 14:08:01,737 [Summarizer] :: Reading run artifacts from /ceph/home/student.aau.dk/qd36zu/fuzzy-p10/tbd/masking/outputs/runs/rgb_unetplusplus_resnet50_baseline_seed425_20260613T110640Z
2026-06-13 14:08:01,791 [Summarizer] :: Reading run artifacts from /ceph/home/student.aau.dk/qd36zu/fuzzy-p10/tbd/masking/outputs/runs/rgb_deeplabv3plus_resnet50_baseline_seed425_20260613T110640Z
2026-06-13 14:08:01,841 [Summarizer] :: Reading run artifacts from /ceph/home/student.aau.dk/qd36zu/fuzzy-p10/tbd/masking/outputs/runs/rgb_segformer_b1_baseline_seed425_20260613T110837Z
2026-06-13 14:08:01,894 [Summarizer] :: Reading run artifacts from /ceph/home/student.aau.dk/qd36zu/fuzzy-p10/tbd/masking/outputs/runs/real_msi_unetplusplus_resnet50_baseline_seed425_20260613T110859Z
2026-06-13 14:08:02,259 [Summarizer] :: Reading run artifacts from /ceph/home/student.aau.dk/qd36zu/fuzzy-p10/tbd/masking/outputs/runs/real_msi_deeplabv3plus_resnet50_baseline_seed425_20260613T110929Z
2026-06-13 14:08:02,312 [Summarizer] :: Reading run artifacts from /ceph/home/student.aau.dk/qd36zu/fuzzy-p10/tbd/masking/outputs/runs/rgb_deeplabv3plus_resnet50_baseline_seed420_20260613T100410Z
2026-06-13 14:08:02,374 [Summarizer] :: Reading run artifacts from /ceph/home/student.aau.dk/qd36zu/fuzzy-p10/tbd/masking/outputs/runs/real_msi_segformer_b1_baseline_seed425_20260613T110940Z
2026-06-13 14:08:02,548 [Summarizer] :: Reading run artifacts from /ceph/home/student.aau.dk/qd36zu/fuzzy-p10/tbd/masking/outputs/runs/synthetic_msi_unetplusplus_resnet50_baseline_seed425_20260613T110951Z
2026-06-13 14:08:02,601 [Summarizer] :: Reading run artifacts from /ceph/home/student.aau.dk/qd36zu/fuzzy-p10/tbd/masking/outputs/runs/synthetic_msi_deeplabv3plus_resnet50_baseline_seed425_20260613T110951Z
2026-06-13 14:08:02,638 [Summarizer] :: Reading run artifacts from /ceph/home/student.aau.dk/qd36zu/fuzzy-p10/tbd/masking/outputs/runs/synthetic_msi_segformer_b1_baseline_seed425_20260613T111022Z
2026-06-13 14:08:02,723 [Summarizer] :: Reading run artifacts from /ceph/home/student.aau.dk/qd36zu/fuzzy-p10/tbd/masking/outputs/runs/rgb_real_msi_unetplusplus_resnet50_baseline_seed425_20260613T111054Z
2026-06-13 14:08:02,821 [Summarizer] :: Reading run artifacts from /ceph/home/student.aau.dk/qd36zu/fuzzy-p10/tbd/masking/outputs/runs/rgb_real_msi_deeplabv3plus_resnet50_baseline_seed425_20260613T111136Z
2026-06-13 14:08:02,957 [Summarizer] :: Reading run artifacts from /ceph/home/student.aau.dk/qd36zu/fuzzy-p10/tbd/masking/outputs/runs/rgb_real_msi_segformer_b1_baseline_seed425_20260613T111226Z
2026-06-13 14:08:03,015 [Summarizer] :: Reading run artifacts from /ceph/home/student.aau.dk/qd36zu/fuzzy-p10/tbd/masking/outputs/runs/rgb_synthetic_msi_unetplusplus_resnet50_baseline_seed425_20260613T111237Z
2026-06-13 14:08:03,159 [Summarizer] :: Reading run artifacts from /ceph/home/student.aau.dk/qd36zu/fuzzy-p10/tbd/masking/outputs/runs/rgb_synthetic_msi_deeplabv3plus_resnet50_baseline_seed425_20260613T111248Z
2026-06-13 14:08:03,238 [Summarizer] :: Reading run artifacts from /ceph/home/student.aau.dk/qd36zu/fuzzy-p10/tbd/masking/outputs/runs/rgb_synthetic_msi_segformer_b1_baseline_seed425_20260613T111248Z
2026-06-13 14:08:03,317 [Summarizer] :: Reading run artifacts from /ceph/home/student.aau.dk/qd36zu/fuzzy-p10/tbd/masking/outputs/runs/rgb_segformer_b1_baseline_seed420_20260613T100421Z
2026-06-13 14:08:03,394 [Summarizer] :: Reading run artifacts from /ceph/home/student.aau.dk/qd36zu/fuzzy-p10/tbd/masking/outputs/runs/rgb_unetplusplus_resnet34_baseline_seed426_20260613T111319Z
2026-06-13 14:08:03,465 [Summarizer] :: Reading run artifacts from /ceph/home/student.aau.dk/qd36zu/fuzzy-p10/tbd/masking/outputs/runs/rgb_deeplabv3plus_resnet34_baseline_seed426_20260613T111330Z
2026-06-13 14:08:03,505 [Summarizer] :: Reading run artifacts from /ceph/home/student.aau.dk/qd36zu/fuzzy-p10/tbd/masking/outputs/runs/rgb_segformer_b0_baseline_seed426_20260613T111501Z
2026-06-13 14:08:03,560 [Summarizer] :: Reading run artifacts from /ceph/home/student.aau.dk/qd36zu/fuzzy-p10/tbd/masking/outputs/runs/real_msi_unetplusplus_resnet34_baseline_seed426_20260613T111513Z
2026-06-13 14:08:03,666 [Summarizer] :: Reading run artifacts from /ceph/home/student.aau.dk/qd36zu/fuzzy-p10/tbd/masking/outputs/runs/real_msi_deeplabv3plus_resnet34_baseline_seed426_20260613T111554Z
2026-06-13 14:08:03,723 [Summarizer] :: Reading run artifacts from /ceph/home/student.aau.dk/qd36zu/fuzzy-p10/tbd/masking/outputs/runs/real_msi_segformer_b0_baseline_seed426_20260613T111603Z
2026-06-13 14:08:03,798 [Summarizer] :: Reading run artifacts from /ceph/home/student.aau.dk/qd36zu/fuzzy-p10/tbd/masking/outputs/runs/synthetic_msi_unetplusplus_resnet34_baseline_seed426_20260613T111614Z
2026-06-13 14:08:03,882 [Summarizer] :: Reading run artifacts from /ceph/home/student.aau.dk/qd36zu/fuzzy-p10/tbd/masking/outputs/runs/synthetic_msi_deeplabv3plus_resnet34_baseline_seed426_20260613T111623Z
2026-06-13 14:08:03,984 [Summarizer] :: Reading run artifacts from /ceph/home/student.aau.dk/qd36zu/fuzzy-p10/tbd/masking/outputs/runs/synthetic_msi_segformer_b0_baseline_seed426_20260613T111644Z
2026-06-13 14:08:04,080 [Summarizer] :: Reading run artifacts from /ceph/home/student.aau.dk/qd36zu/fuzzy-p10/tbd/masking/outputs/runs/rgb_real_msi_unetplusplus_resnet34_baseline_seed426_20260613T111645Z
2026-06-13 14:08:04,119 [Summarizer] :: Reading run artifacts from /ceph/home/student.aau.dk/qd36zu/fuzzy-p10/tbd/masking/outputs/runs/real_msi_unetplusplus_resnet50_baseline_seed420_20260613T100442Z
2026-06-13 14:08:04,178 [Summarizer] :: Reading run artifacts from /ceph/home/student.aau.dk/qd36zu/fuzzy-p10/tbd/masking/outputs/runs/rgb_real_msi_deeplabv3plus_resnet34_baseline_seed426_20260613T111816Z
2026-06-13 14:08:04,236 [Summarizer] :: Reading run artifacts from /ceph/home/student.aau.dk/qd36zu/fuzzy-p10/tbd/masking/outputs/runs/rgb_real_msi_segformer_b0_baseline_seed426_20260613T111817Z
2026-06-13 14:08:04,304 [Summarizer] :: Reading run artifacts from /ceph/home/student.aau.dk/qd36zu/fuzzy-p10/tbd/masking/outputs/runs/rgb_synthetic_msi_unetplusplus_resnet34_baseline_seed426_20260613T111847Z
2026-06-13 14:08:04,349 [Summarizer] :: Reading run artifacts from /ceph/home/student.aau.dk/qd36zu/fuzzy-p10/tbd/masking/outputs/runs/rgb_synthetic_msi_deeplabv3plus_resnet34_baseline_seed426_20260613T111923Z
2026-06-13 14:08:04,476 [Summarizer] :: Reading run artifacts from /ceph/home/student.aau.dk/qd36zu/fuzzy-p10/tbd/masking/outputs/runs/rgb_synthetic_msi_segformer_b0_baseline_seed426_20260613T111923Z
2026-06-13 14:08:04,570 [Summarizer] :: Reading run artifacts from /ceph/home/student.aau.dk/qd36zu/fuzzy-p10/tbd/masking/outputs/runs/rgb_unetplusplus_resnet50_baseline_seed426_20260613T111923Z
2026-06-13 14:08:04,627 [Summarizer] :: Reading run artifacts from /ceph/home/student.aau.dk/qd36zu/fuzzy-p10/tbd/masking/outputs/runs/rgb_deeplabv3plus_resnet50_baseline_seed426_20260613T111945Z
2026-06-13 14:08:04,689 [Summarizer] :: Reading run artifacts from /ceph/home/student.aau.dk/qd36zu/fuzzy-p10/tbd/masking/outputs/runs/rgb_segformer_b1_baseline_seed426_20260613T112036Z
2026-06-13 14:08:04,747 [Summarizer] :: Reading run artifacts from /ceph/home/student.aau.dk/qd36zu/fuzzy-p10/tbd/masking/outputs/runs/real_msi_unetplusplus_resnet50_baseline_seed426_20260613T112127Z
2026-06-13 14:08:04,801 [Summarizer] :: Reading run artifacts from /ceph/home/student.aau.dk/qd36zu/fuzzy-p10/tbd/masking/outputs/runs/real_msi_deeplabv3plus_resnet50_baseline_seed426_20260613T112158Z
2026-06-13 14:08:04,930 [Summarizer] :: Reading run artifacts from /ceph/home/student.aau.dk/qd36zu/fuzzy-p10/tbd/masking/outputs/runs/real_msi_deeplabv3plus_resnet50_baseline_seed420_20260613T100442Z
2026-06-13 14:08:04,992 [Summarizer] :: Reading run artifacts from /ceph/home/student.aau.dk/qd36zu/fuzzy-p10/tbd/masking/outputs/runs/rgb_deeplabv3plus_resnet34_baseline_seed420_20260613T095621Z
2026-06-13 14:08:05,047 [Summarizer] :: Reading run artifacts from /ceph/home/student.aau.dk/qd36zu/fuzzy-p10/tbd/masking/outputs/runs/real_msi_segformer_b1_baseline_seed426_20260613T112229Z
2026-06-13 14:08:05,213 [Summarizer] :: Reading run artifacts from /ceph/home/student.aau.dk/qd36zu/fuzzy-p10/tbd/masking/outputs/runs/synthetic_msi_unetplusplus_resnet50_baseline_seed426_20260613T112240Z
2026-06-13 14:08:05,443 [Summarizer] :: Reading run artifacts from /ceph/home/student.aau.dk/qd36zu/fuzzy-p10/tbd/masking/outputs/runs/synthetic_msi_deeplabv3plus_resnet50_baseline_seed426_20260613T112240Z
2026-06-13 14:08:05,494 [Summarizer] :: Reading run artifacts from /ceph/home/student.aau.dk/qd36zu/fuzzy-p10/tbd/masking/outputs/runs/synthetic_msi_segformer_b1_baseline_seed426_20260613T112251Z
2026-06-13 14:08:05,560 [Summarizer] :: Reading run artifacts from /ceph/home/student.aau.dk/qd36zu/fuzzy-p10/tbd/masking/outputs/runs/rgb_real_msi_unetplusplus_resnet50_baseline_seed426_20260613T112251Z
2026-06-13 14:08:05,638 [Summarizer] :: Reading run artifacts from /ceph/home/student.aau.dk/qd36zu/fuzzy-p10/tbd/masking/outputs/runs/rgb_real_msi_deeplabv3plus_resnet50_baseline_seed426_20260613T112351Z
2026-06-13 14:08:05,696 [Summarizer] :: Reading run artifacts from /ceph/home/student.aau.dk/qd36zu/fuzzy-p10/tbd/masking/outputs/runs/rgb_real_msi_segformer_b1_baseline_seed426_20260613T112455Z
2026-06-13 14:08:05,805 [Summarizer] :: Reading run artifacts from /ceph/home/student.aau.dk/qd36zu/fuzzy-p10/tbd/masking/outputs/runs/rgb_synthetic_msi_unetplusplus_resnet50_baseline_seed426_20260613T112556Z
2026-06-13 14:08:05,863 [Summarizer] :: Reading run artifacts from /ceph/home/student.aau.dk/qd36zu/fuzzy-p10/tbd/masking/outputs/runs/rgb_synthetic_msi_deeplabv3plus_resnet50_baseline_seed426_20260613T112638Z
2026-06-13 14:08:05,923 [Summarizer] :: Reading run artifacts from /ceph/home/student.aau.dk/qd36zu/fuzzy-p10/tbd/masking/outputs/runs/rgb_synthetic_msi_segformer_b1_baseline_seed426_20260613T112659Z
2026-06-13 14:08:05,989 [Summarizer] :: Reading run artifacts from /ceph/home/student.aau.dk/qd36zu/fuzzy-p10/tbd/masking/outputs/runs/real_msi_segformer_b1_baseline_seed420_20260613T100443Z
2026-06-13 14:08:06,045 [Summarizer] :: Reading run artifacts from /ceph/home/student.aau.dk/qd36zu/fuzzy-p10/tbd/masking/outputs/runs/rgb_unetplusplus_resnet34_baseline_seed427_20260613T112700Z
2026-06-13 14:08:06,127 [Summarizer] :: Reading run artifacts from /ceph/home/student.aau.dk/qd36zu/fuzzy-p10/tbd/masking/outputs/runs/rgb_deeplabv3plus_resnet34_baseline_seed427_20260613T112700Z
2026-06-13 14:08:06,190 [Summarizer] :: Reading run artifacts from /ceph/home/student.aau.dk/qd36zu/fuzzy-p10/tbd/masking/outputs/runs/rgb_segformer_b0_baseline_seed427_20260613T112700Z
2026-06-13 14:08:06,583 [Summarizer] :: Reading run artifacts from /ceph/home/student.aau.dk/qd36zu/fuzzy-p10/tbd/masking/outputs/runs/real_msi_unetplusplus_resnet34_baseline_seed427_20260613T112711Z
2026-06-13 14:08:06,705 [Summarizer] :: Reading run artifacts from /ceph/home/student.aau.dk/qd36zu/fuzzy-p10/tbd/masking/outputs/runs/real_msi_deeplabv3plus_resnet34_baseline_seed427_20260613T112811Z
2026-06-13 14:08:06,761 [Summarizer] :: Reading run artifacts from /ceph/home/student.aau.dk/qd36zu/fuzzy-p10/tbd/masking/outputs/runs/real_msi_segformer_b0_baseline_seed427_20260613T112953Z
2026-06-13 14:08:06,845 [Summarizer] :: Reading run artifacts from /ceph/home/student.aau.dk/qd36zu/fuzzy-p10/tbd/masking/outputs/runs/synthetic_msi_unetplusplus_resnet34_baseline_seed427_20260613T113004Z
2026-06-13 14:08:06,944 [Summarizer] :: Reading run artifacts from /ceph/home/student.aau.dk/qd36zu/fuzzy-p10/tbd/masking/outputs/runs/synthetic_msi_deeplabv3plus_resnet34_baseline_seed427_20260613T113003Z
2026-06-13 14:08:07,032 [Summarizer] :: Reading run artifacts from /ceph/home/student.aau.dk/qd36zu/fuzzy-p10/tbd/masking/outputs/runs/synthetic_msi_segformer_b0_baseline_seed427_20260613T113014Z
2026-06-13 14:08:07,076 [Summarizer] :: Reading run artifacts from /ceph/home/student.aau.dk/qd36zu/fuzzy-p10/tbd/masking/outputs/runs/rgb_real_msi_unetplusplus_resnet34_baseline_seed427_20260613T113015Z
2026-06-13 14:08:07,111 [Summarizer] :: Reading run artifacts from /ceph/home/student.aau.dk/qd36zu/fuzzy-p10/tbd/masking/outputs/runs/synthetic_msi_unetplusplus_resnet50_baseline_seed420_20260613T100443Z
2026-06-13 14:08:07,164 [Summarizer] :: Reading run artifacts from /ceph/home/student.aau.dk/qd36zu/fuzzy-p10/tbd/masking/outputs/runs/rgb_real_msi_deeplabv3plus_resnet34_baseline_seed427_20260613T113026Z
2026-06-13 14:08:07,214 [Summarizer] :: Reading run artifacts from /ceph/home/student.aau.dk/qd36zu/fuzzy-p10/tbd/masking/outputs/runs/rgb_real_msi_segformer_b0_baseline_seed427_20260613T113026Z
2026-06-13 14:08:07,271 [Summarizer] :: Reading run artifacts from /ceph/home/student.aau.dk/qd36zu/fuzzy-p10/tbd/masking/outputs/runs/rgb_synthetic_msi_unetplusplus_resnet34_baseline_seed427_20260613T113107Z
2026-06-13 14:08:07,359 [Summarizer] :: Reading run artifacts from /ceph/home/student.aau.dk/qd36zu/fuzzy-p10/tbd/masking/outputs/runs/rgb_synthetic_msi_deeplabv3plus_resnet34_baseline_seed427_20260613T113249Z
2026-06-13 14:08:07,401 [Summarizer] :: Reading run artifacts from /ceph/home/student.aau.dk/qd36zu/fuzzy-p10/tbd/masking/outputs/runs/rgb_synthetic_msi_segformer_b0_baseline_seed427_20260613T113259Z
2026-06-13 14:08:07,456 [Summarizer] :: Reading run artifacts from /ceph/home/student.aau.dk/qd36zu/fuzzy-p10/tbd/masking/outputs/runs/rgb_unetplusplus_resnet50_baseline_seed427_20260613T113309Z
2026-06-13 14:08:07,516 [Summarizer] :: Reading run artifacts from /ceph/home/student.aau.dk/qd36zu/fuzzy-p10/tbd/masking/outputs/runs/rgb_deeplabv3plus_resnet50_baseline_seed427_20260613T113319Z
2026-06-13 14:08:07,575 [Summarizer] :: Reading run artifacts from /ceph/home/student.aau.dk/qd36zu/fuzzy-p10/tbd/masking/outputs/runs/rgb_segformer_b1_baseline_seed427_20260613T113341Z
2026-06-13 14:08:07,628 [Summarizer] :: Reading run artifacts from /ceph/home/student.aau.dk/qd36zu/fuzzy-p10/tbd/masking/outputs/runs/real_msi_unetplusplus_resnet50_baseline_seed427_20260613T113340Z
2026-06-13 14:08:07,747 [Summarizer] :: Reading run artifacts from /ceph/home/student.aau.dk/qd36zu/fuzzy-p10/tbd/masking/outputs/runs/real_msi_deeplabv3plus_resnet50_baseline_seed427_20260613T113403Z
2026-06-13 14:08:07,828 [Summarizer] :: Reading run artifacts from /ceph/home/student.aau.dk/qd36zu/fuzzy-p10/tbd/masking/outputs/runs/synthetic_msi_deeplabv3plus_resnet50_baseline_seed420_20260613T100453Z
2026-06-13 14:08:07,906 [Summarizer] :: Reading run artifacts from /ceph/home/student.aau.dk/qd36zu/fuzzy-p10/tbd/masking/outputs/runs/real_msi_segformer_b1_baseline_seed427_20260613T113433Z
2026-06-13 14:08:08,067 [Summarizer] :: Reading run artifacts from /ceph/home/student.aau.dk/qd36zu/fuzzy-p10/tbd/masking/outputs/runs/synthetic_msi_unetplusplus_resnet50_baseline_seed427_20260613T113605Z
2026-06-13 14:08:08,135 [Summarizer] :: Reading run artifacts from /ceph/home/student.aau.dk/qd36zu/fuzzy-p10/tbd/masking/outputs/runs/synthetic_msi_deeplabv3plus_resnet50_baseline_seed427_20260613T113616Z
2026-06-13 14:08:08,259 [Summarizer] :: Reading run artifacts from /ceph/home/student.aau.dk/qd36zu/fuzzy-p10/tbd/masking/outputs/runs/synthetic_msi_segformer_b1_baseline_seed427_20260613T113639Z
2026-06-13 14:08:08,311 [Summarizer] :: Reading run artifacts from /ceph/home/student.aau.dk/qd36zu/fuzzy-p10/tbd/masking/outputs/runs/rgb_real_msi_unetplusplus_resnet50_baseline_seed427_20260613T113700Z
2026-06-13 14:08:08,371 [Summarizer] :: Reading run artifacts from /ceph/home/student.aau.dk/qd36zu/fuzzy-p10/tbd/masking/outputs/runs/rgb_real_msi_deeplabv3plus_resnet50_baseline_seed427_20260613T113700Z
2026-06-13 14:08:08,552 [Summarizer] :: Reading run artifacts from /ceph/home/student.aau.dk/qd36zu/fuzzy-p10/tbd/masking/outputs/runs/rgb_real_msi_segformer_b1_baseline_seed427_20260613T113720Z
2026-06-13 14:08:08,608 [Summarizer] :: Reading run artifacts from /ceph/home/student.aau.dk/qd36zu/fuzzy-p10/tbd/masking/outputs/runs/rgb_synthetic_msi_unetplusplus_resnet50_baseline_seed427_20260613T113731Z
2026-06-13 14:08:08,656 [Summarizer] :: Reading run artifacts from /ceph/home/student.aau.dk/qd36zu/fuzzy-p10/tbd/masking/outputs/runs/rgb_synthetic_msi_deeplabv3plus_resnet50_baseline_seed427_20260613T113731Z
2026-06-13 14:08:08,717 [Summarizer] :: Reading run artifacts from /ceph/home/student.aau.dk/qd36zu/fuzzy-p10/tbd/masking/outputs/runs/rgb_synthetic_msi_segformer_b1_baseline_seed427_20260613T113914Z
2026-06-13 14:08:08,769 [Summarizer] :: Reading run artifacts from /ceph/home/student.aau.dk/qd36zu/fuzzy-p10/tbd/masking/outputs/runs/synthetic_msi_segformer_b1_baseline_seed420_20260613T100608Z
2026-06-13 14:08:08,817 [Summarizer] :: Reading run artifacts from /ceph/home/student.aau.dk/qd36zu/fuzzy-p10/tbd/masking/outputs/runs/rgb_unetplusplus_resnet34_baseline_seed428_20260613T113933Z
2026-06-13 14:08:08,918 [Summarizer] :: Reading run artifacts from /ceph/home/student.aau.dk/qd36zu/fuzzy-p10/tbd/masking/outputs/runs/rgb_deeplabv3plus_resnet34_baseline_seed428_20260613T113955Z
2026-06-13 14:08:08,969 [Summarizer] :: Reading run artifacts from /ceph/home/student.aau.dk/qd36zu/fuzzy-p10/tbd/masking/outputs/runs/rgb_segformer_b0_baseline_seed428_20260613T114036Z
2026-06-13 14:08:09,027 [Summarizer] :: Reading run artifacts from /ceph/home/student.aau.dk/qd36zu/fuzzy-p10/tbd/masking/outputs/runs/real_msi_unetplusplus_resnet34_baseline_seed428_20260613T114058Z
2026-06-13 14:08:09,113 [Summarizer] :: Reading run artifacts from /ceph/home/student.aau.dk/qd36zu/fuzzy-p10/tbd/masking/outputs/runs/real_msi_deeplabv3plus_resnet34_baseline_seed428_20260613T114108Z
2026-06-13 14:08:09,165 [Summarizer] :: Reading run artifacts from /ceph/home/student.aau.dk/qd36zu/fuzzy-p10/tbd/masking/outputs/runs/real_msi_segformer_b0_baseline_seed428_20260613T114108Z
2026-06-13 14:08:09,216 [Summarizer] :: Reading run artifacts from /ceph/home/student.aau.dk/qd36zu/fuzzy-p10/tbd/masking/outputs/runs/synthetic_msi_unetplusplus_resnet34_baseline_seed428_20260613T114129Z
2026-06-13 14:08:09,267 [Summarizer] :: Reading run artifacts from /ceph/home/student.aau.dk/qd36zu/fuzzy-p10/tbd/masking/outputs/runs/synthetic_msi_deeplabv3plus_resnet34_baseline_seed428_20260613T114252Z
2026-06-13 14:08:09,318 [Summarizer] :: Reading run artifacts from /ceph/home/student.aau.dk/qd36zu/fuzzy-p10/tbd/masking/outputs/runs/synthetic_msi_segformer_b0_baseline_seed428_20260613T114251Z
2026-06-13 14:08:09,379 [Summarizer] :: Reading run artifacts from /ceph/home/student.aau.dk/qd36zu/fuzzy-p10/tbd/masking/outputs/runs/rgb_real_msi_unetplusplus_resnet34_baseline_seed428_20260613T114301Z
2026-06-13 14:08:09,448 [Summarizer] :: Reading run artifacts from /ceph/home/student.aau.dk/qd36zu/fuzzy-p10/tbd/masking/outputs/runs/rgb_real_msi_unetplusplus_resnet50_baseline_seed420_20260613T100718Z
2026-06-13 14:08:09,585 [Summarizer] :: Reading run artifacts from /ceph/home/student.aau.dk/qd36zu/fuzzy-p10/tbd/masking/outputs/runs/rgb_real_msi_deeplabv3plus_resnet34_baseline_seed428_20260613T114405Z
2026-06-13 14:08:09,637 [Summarizer] :: Reading run artifacts from /ceph/home/student.aau.dk/qd36zu/fuzzy-p10/tbd/masking/outputs/runs/rgb_real_msi_segformer_b0_baseline_seed428_20260613T114405Z
2026-06-13 14:08:09,706 [Summarizer] :: Reading run artifacts from /ceph/home/student.aau.dk/qd36zu/fuzzy-p10/tbd/masking/outputs/runs/rgb_synthetic_msi_unetplusplus_resnet34_baseline_seed428_20260613T114405Z
2026-06-13 14:08:09,789 [Summarizer] :: Reading run artifacts from /ceph/home/student.aau.dk/qd36zu/fuzzy-p10/tbd/masking/outputs/runs/rgb_synthetic_msi_deeplabv3plus_resnet34_baseline_seed428_20260613T114436Z
2026-06-13 14:08:09,868 [Summarizer] :: Reading run artifacts from /ceph/home/student.aau.dk/qd36zu/fuzzy-p10/tbd/masking/outputs/runs/rgb_synthetic_msi_segformer_b0_baseline_seed428_20260613T114447Z
2026-06-13 14:08:09,938 [Summarizer] :: Reading run artifacts from /ceph/home/student.aau.dk/qd36zu/fuzzy-p10/tbd/masking/outputs/runs/rgb_unetplusplus_resnet50_baseline_seed428_20260613T114537Z
2026-06-13 14:08:09,982 [Summarizer] :: Reading run artifacts from /ceph/home/student.aau.dk/qd36zu/fuzzy-p10/tbd/masking/outputs/runs/rgb_deeplabv3plus_resnet50_baseline_seed428_20260613T114549Z
2026-06-13 14:08:10,105 [Summarizer] :: Reading run artifacts from /ceph/home/student.aau.dk/qd36zu/fuzzy-p10/tbd/masking/outputs/runs/rgb_segformer_b1_baseline_seed428_20260613T114650Z
2026-06-13 14:08:10,159 [Summarizer] :: Reading run artifacts from /ceph/home/student.aau.dk/qd36zu/fuzzy-p10/tbd/masking/outputs/runs/real_msi_unetplusplus_resnet50_baseline_seed428_20260613T114721Z
2026-06-13 14:08:10,211 [Summarizer] :: Reading run artifacts from /ceph/home/student.aau.dk/qd36zu/fuzzy-p10/tbd/masking/outputs/runs/real_msi_deeplabv3plus_resnet50_baseline_seed428_20260613T114721Z
2026-06-13 14:08:10,254 [Summarizer] :: Reading run artifacts from /ceph/home/student.aau.dk/qd36zu/fuzzy-p10/tbd/masking/outputs/runs/rgb_real_msi_deeplabv3plus_resnet50_baseline_seed420_20260613T100742Z
2026-06-13 14:08:10,303 [Summarizer] :: Reading run artifacts from /ceph/home/student.aau.dk/qd36zu/fuzzy-p10/tbd/masking/outputs/runs/real_msi_segformer_b1_baseline_seed428_20260613T114802Z
2026-06-13 14:08:10,386 [Summarizer] :: Reading run artifacts from /ceph/home/student.aau.dk/qd36zu/fuzzy-p10/tbd/masking/outputs/runs/synthetic_msi_unetplusplus_resnet50_baseline_seed428_20260613T114802Z
2026-06-13 14:08:10,446 [Summarizer] :: Reading run artifacts from /ceph/home/student.aau.dk/qd36zu/fuzzy-p10/tbd/masking/outputs/runs/synthetic_msi_deeplabv3plus_resnet50_baseline_seed428_20260613T114814Z
2026-06-13 14:08:10,501 [Summarizer] :: Reading run artifacts from /ceph/home/student.aau.dk/qd36zu/fuzzy-p10/tbd/masking/outputs/runs/synthetic_msi_segformer_b1_baseline_seed428_20260613T114854Z
2026-06-13 14:08:10,557 [Summarizer] :: Reading run artifacts from /ceph/home/student.aau.dk/qd36zu/fuzzy-p10/tbd/masking/outputs/runs/rgb_real_msi_unetplusplus_resnet50_baseline_seed428_20260613T114904Z
2026-06-13 14:08:10,614 [Summarizer] :: Reading run artifacts from /ceph/home/student.aau.dk/qd36zu/fuzzy-p10/tbd/masking/outputs/runs/rgb_real_msi_deeplabv3plus_resnet50_baseline_seed428_20260613T114945Z
2026-06-13 14:08:10,667 [Summarizer] :: Reading run artifacts from /ceph/home/student.aau.dk/qd36zu/fuzzy-p10/tbd/masking/outputs/runs/rgb_real_msi_segformer_b1_baseline_seed428_20260613T115016Z
2026-06-13 14:08:10,716 [Summarizer] :: Reading run artifacts from /ceph/home/student.aau.dk/qd36zu/fuzzy-p10/tbd/masking/outputs/runs/rgb_synthetic_msi_unetplusplus_resnet50_baseline_seed428_20260613T115047Z
2026-06-13 14:08:10,777 [Summarizer] :: Reading run artifacts from /ceph/home/student.aau.dk/qd36zu/fuzzy-p10/tbd/masking/outputs/runs/rgb_synthetic_msi_deeplabv3plus_resnet50_baseline_seed428_20260613T115058Z
2026-06-13 14:08:10,841 [Summarizer] :: Reading run artifacts from /ceph/home/student.aau.dk/qd36zu/fuzzy-p10/tbd/masking/outputs/runs/rgb_synthetic_msi_segformer_b1_baseline_seed428_20260613T115058Z
2026-06-13 14:08:10,893 [Summarizer] :: Reading run artifacts from /ceph/home/student.aau.dk/qd36zu/fuzzy-p10/tbd/masking/outputs/runs/rgb_real_msi_segformer_b1_baseline_seed420_20260613T100742Z
2026-06-13 14:08:10,943 [Summarizer] :: Reading run artifacts from /ceph/home/student.aau.dk/qd36zu/fuzzy-p10/tbd/masking/outputs/runs/rgb_unetplusplus_resnet34_baseline_seed429_20260613T115139Z
2026-06-13 14:08:10,998 [Summarizer] :: Reading run artifacts from /ceph/home/student.aau.dk/qd36zu/fuzzy-p10/tbd/masking/outputs/runs/rgb_deeplabv3plus_resnet34_baseline_seed429_20260613T115149Z
2026-06-13 14:08:11,049 [Summarizer] :: Reading run artifacts from /ceph/home/student.aau.dk/qd36zu/fuzzy-p10/tbd/masking/outputs/runs/rgb_segformer_b0_baseline_seed429_20260613T115251Z
2026-06-13 14:08:12,246 [Summarizer] :: Reading run artifacts from /ceph/home/student.aau.dk/qd36zu/fuzzy-p10/tbd/masking/outputs/runs/real_msi_unetplusplus_resnet34_baseline_seed429_20260613T115314Z
2026-06-13 14:08:12,302 [Summarizer] :: Reading run artifacts from /ceph/home/student.aau.dk/qd36zu/fuzzy-p10/tbd/masking/outputs/runs/real_msi_deeplabv3plus_resnet34_baseline_seed429_20260613T115345Z
2026-06-13 14:08:12,369 [Summarizer] :: Reading run artifacts from /ceph/home/student.aau.dk/qd36zu/fuzzy-p10/tbd/masking/outputs/runs/real_msi_segformer_b0_baseline_seed429_20260613T115425Z
2026-06-13 14:08:12,458 [Summarizer] :: Reading run artifacts from /ceph/home/student.aau.dk/qd36zu/fuzzy-p10/tbd/masking/outputs/runs/synthetic_msi_unetplusplus_resnet34_baseline_seed429_20260613T115439Z
2026-06-13 14:08:12,527 [Summarizer] :: Reading run artifacts from /ceph/home/student.aau.dk/qd36zu/fuzzy-p10/tbd/masking/outputs/runs/synthetic_msi_deeplabv3plus_resnet34_baseline_seed429_20260613T115439Z
2026-06-13 14:08:12,618 [Summarizer] :: Reading run artifacts from /ceph/home/student.aau.dk/qd36zu/fuzzy-p10/tbd/masking/outputs/runs/synthetic_msi_segformer_b0_baseline_seed429_20260613T115450Z
2026-06-13 14:08:12,691 [Summarizer] :: Reading run artifacts from /ceph/home/student.aau.dk/qd36zu/fuzzy-p10/tbd/masking/outputs/runs/rgb_real_msi_unetplusplus_resnet34_baseline_seed429_20260613T115510Z
2026-06-13 14:08:12,914 [Summarizer] :: Reading run artifacts from /ceph/home/student.aau.dk/qd36zu/fuzzy-p10/tbd/masking/outputs/runs/rgb_synthetic_msi_unetplusplus_resnet50_baseline_seed420_20260613T100742Z
2026-06-13 14:08:12,976 [Summarizer] :: Reading run artifacts from /ceph/home/student.aau.dk/qd36zu/fuzzy-p10/tbd/masking/outputs/runs/rgb_real_msi_deeplabv3plus_resnet34_baseline_seed429_20260613T115601Z
2026-06-13 14:08:13,031 [Summarizer] :: Reading run artifacts from /ceph/home/student.aau.dk/qd36zu/fuzzy-p10/tbd/masking/outputs/runs/rgb_real_msi_segformer_b0_baseline_seed429_20260613T115632Z
2026-06-13 14:08:13,109 [Summarizer] :: Reading run artifacts from /ceph/home/student.aau.dk/qd36zu/fuzzy-p10/tbd/masking/outputs/runs/rgb_synthetic_msi_unetplusplus_resnet34_baseline_seed429_20260613T115635Z
2026-06-13 14:08:13,632 [Summarizer] :: Reading run artifacts from /ceph/home/student.aau.dk/qd36zu/fuzzy-p10/tbd/masking/outputs/runs/rgb_synthetic_msi_deeplabv3plus_resnet34_baseline_seed429_20260613T115722Z
2026-06-13 14:08:13,769 [Summarizer] :: Reading run artifacts from /ceph/home/student.aau.dk/qd36zu/fuzzy-p10/tbd/masking/outputs/runs/rgb_synthetic_msi_segformer_b0_baseline_seed429_20260613T115734Z
2026-06-13 14:08:13,821 [Summarizer] :: Reading run artifacts from /ceph/home/student.aau.dk/qd36zu/fuzzy-p10/tbd/masking/outputs/runs/rgb_unetplusplus_resnet50_baseline_seed429_20260613T115744Z
2026-06-13 14:08:14,023 [Summarizer] :: Reading run artifacts from /ceph/home/student.aau.dk/qd36zu/fuzzy-p10/tbd/masking/outputs/runs/rgb_deeplabv3plus_resnet50_baseline_seed429_20260613T115804Z
2026-06-13 14:08:14,081 [Summarizer] :: Reading run artifacts from /ceph/home/student.aau.dk/qd36zu/fuzzy-p10/tbd/masking/outputs/runs/rgb_segformer_b1_baseline_seed429_20260613T115855Z
2026-06-13 14:08:14,163 [Summarizer] :: Reading run artifacts from /ceph/home/student.aau.dk/qd36zu/fuzzy-p10/tbd/masking/outputs/runs/real_msi_unetplusplus_resnet50_baseline_seed429_20260613T115917Z
2026-06-13 14:08:14,209 [Summarizer] :: Reading run artifacts from /ceph/home/student.aau.dk/qd36zu/fuzzy-p10/tbd/masking/outputs/runs/real_msi_deeplabv3plus_resnet50_baseline_seed429_20260613T115957Z
2026-06-13 14:08:14,311 [Summarizer] :: Reading run artifacts from /ceph/home/student.aau.dk/qd36zu/fuzzy-p10/tbd/masking/outputs/runs/rgb_synthetic_msi_deeplabv3plus_resnet50_baseline_seed420_20260613T100818Z
2026-06-13 14:08:14,362 [Summarizer] :: Reading run artifacts from /ceph/home/student.aau.dk/qd36zu/fuzzy-p10/tbd/masking/outputs/runs/real_msi_segformer_b1_baseline_seed429_20260613T120007Z
2026-06-13 14:08:14,414 [Summarizer] :: Reading run artifacts from /ceph/home/student.aau.dk/qd36zu/fuzzy-p10/tbd/masking/outputs/runs/synthetic_msi_unetplusplus_resnet50_baseline_seed429_20260613T120038Z
2026-06-13 14:08:14,522 [Summarizer] :: Reading run artifacts from /ceph/home/student.aau.dk/qd36zu/fuzzy-p10/tbd/masking/outputs/runs/synthetic_msi_deeplabv3plus_resnet50_baseline_seed429_20260613T120100Z
2026-06-13 14:08:14,589 [Summarizer] :: Reading run artifacts from /ceph/home/student.aau.dk/qd36zu/fuzzy-p10/tbd/masking/outputs/runs/synthetic_msi_segformer_b1_baseline_seed429_20260613T120101Z
2026-06-13 14:08:14,642 [Summarizer] :: Reading run artifacts from /ceph/home/student.aau.dk/qd36zu/fuzzy-p10/tbd/masking/outputs/runs/rgb_real_msi_unetplusplus_resnet50_baseline_seed429_20260613T120134Z
2026-06-13 14:08:14,777 [Summarizer] :: Reading run artifacts from /ceph/home/student.aau.dk/qd36zu/fuzzy-p10/tbd/masking/outputs/runs/rgb_real_msi_deeplabv3plus_resnet50_baseline_seed429_20260613T120206Z
2026-06-13 14:08:15,093 [Summarizer] :: Reading run artifacts from /ceph/home/student.aau.dk/qd36zu/fuzzy-p10/tbd/masking/outputs/runs/rgb_real_msi_segformer_b1_baseline_seed429_20260613T120248Z
2026-06-13 14:08:15,143 [Summarizer] :: Reading run artifacts from /ceph/home/student.aau.dk/qd36zu/fuzzy-p10/tbd/masking/outputs/runs/rgb_synthetic_msi_unetplusplus_resnet50_baseline_seed429_20260613T120248Z
2026-06-13 14:08:15,173 [Summarizer] :: Reading run artifacts from /ceph/home/student.aau.dk/qd36zu/fuzzy-p10/tbd/masking/outputs/runs/rgb_synthetic_msi_deeplabv3plus_resnet50_baseline_seed429_20260613T120318Z
2026-06-13 14:08:15,246 [Summarizer] :: Reading run artifacts from /ceph/home/student.aau.dk/qd36zu/fuzzy-p10/tbd/masking/outputs/runs/rgb_synthetic_msi_segformer_b1_baseline_seed429_20260613T120349Z
2026-06-13 14:08:15,286 [Summarizer] :: Reading run artifacts from /ceph/home/student.aau.dk/qd36zu/fuzzy-p10/tbd/masking/outputs/runs/rgb_synthetic_msi_segformer_b1_baseline_seed420_20260613T100818Z
2026-06-13 14:08:15,364 [Summarizer] :: Reading run artifacts from /ceph/home/student.aau.dk/qd36zu/fuzzy-p10/tbd/masking/outputs/runs/rgb_segformer_b0_baseline_seed420_20260613T095621Z
2026-06-13 14:08:15,421 [Summarizer] :: Reading run artifacts from /ceph/home/student.aau.dk/qd36zu/fuzzy-p10/tbd/masking/outputs/runs/rgb_unetplusplus_resnet34_baseline_seed421_20260613T100818Z
2026-06-13 14:08:15,477 [Summarizer] :: Reading run artifacts from /ceph/home/student.aau.dk/qd36zu/fuzzy-p10/tbd/masking/outputs/runs/rgb_deeplabv3plus_resnet34_baseline_seed421_20260613T100911Z
2026-06-13 14:08:15,541 [Summarizer] :: Reading run artifacts from /ceph/home/student.aau.dk/qd36zu/fuzzy-p10/tbd/masking/outputs/runs/rgb_segformer_b0_baseline_seed421_20260613T101106Z
2026-06-13 14:08:15,598 [Summarizer] :: Reading run artifacts from /ceph/home/student.aau.dk/qd36zu/fuzzy-p10/tbd/masking/outputs/runs/real_msi_unetplusplus_resnet34_baseline_seed421_20260613T101106Z
2026-06-13 14:08:15,657 [Summarizer] :: Reading run artifacts from /ceph/home/student.aau.dk/qd36zu/fuzzy-p10/tbd/masking/outputs/runs/real_msi_deeplabv3plus_resnet34_baseline_seed421_20260613T101109Z
2026-06-13 14:08:15,887 [Summarizer] :: Reading run artifacts from /ceph/home/student.aau.dk/qd36zu/fuzzy-p10/tbd/masking/outputs/runs/real_msi_segformer_b0_baseline_seed421_20260613T101117Z
2026-06-13 14:08:15,967 [Summarizer] :: Reading run artifacts from /ceph/home/student.aau.dk/qd36zu/fuzzy-p10/tbd/masking/outputs/runs/synthetic_msi_unetplusplus_resnet34_baseline_seed421_20260613T101137Z
2026-06-13 14:08:16,025 [Summarizer] :: Reading run artifacts from /ceph/home/student.aau.dk/qd36zu/fuzzy-p10/tbd/masking/outputs/runs/synthetic_msi_deeplabv3plus_resnet34_baseline_seed421_20260613T101158Z
2026-06-13 14:08:16,095 [Summarizer] :: Reading run artifacts from /ceph/home/student.aau.dk/qd36zu/fuzzy-p10/tbd/masking/outputs/runs/synthetic_msi_segformer_b0_baseline_seed421_20260613T101218Z
2026-06-13 14:08:16,295 [Summarizer] :: Reading run artifacts from /ceph/home/student.aau.dk/qd36zu/fuzzy-p10/tbd/masking/outputs/runs/rgb_real_msi_unetplusplus_resnet34_baseline_seed421_20260613T101319Z
2026-06-13 14:08:16,355 [Summarizer] :: Reading run artifacts from /ceph/home/student.aau.dk/qd36zu/fuzzy-p10/tbd/masking/outputs/runs/real_msi_unetplusplus_resnet34_baseline_seed420_20260613T095621Z
2026-06-13 14:08:16,432 [Summarizer] :: Reading run artifacts from /ceph/home/student.aau.dk/qd36zu/fuzzy-p10/tbd/masking/outputs/runs/rgb_real_msi_deeplabv3plus_resnet34_baseline_seed421_20260613T101400Z
2026-06-13 14:08:16,478 [Summarizer] :: Reading run artifacts from /ceph/home/student.aau.dk/qd36zu/fuzzy-p10/tbd/masking/outputs/runs/rgb_real_msi_segformer_b0_baseline_seed421_20260613T101420Z
2026-06-13 14:08:16,529 [Summarizer] :: Reading run artifacts from /ceph/home/student.aau.dk/qd36zu/fuzzy-p10/tbd/masking/outputs/runs/rgb_synthetic_msi_unetplusplus_resnet34_baseline_seed421_20260613T101421Z
2026-06-13 14:08:16,581 [Summarizer] :: Reading run artifacts from /ceph/home/student.aau.dk/qd36zu/fuzzy-p10/tbd/masking/outputs/runs/rgb_synthetic_msi_deeplabv3plus_resnet34_baseline_seed421_20260613T101444Z
2026-06-13 14:08:16,668 [Summarizer] :: Reading run artifacts from /ceph/home/student.aau.dk/qd36zu/fuzzy-p10/tbd/masking/outputs/runs/rgb_synthetic_msi_segformer_b0_baseline_seed421_20260613T101450Z
2026-06-13 14:08:16,777 [Summarizer] :: Reading run artifacts from /ceph/home/student.aau.dk/qd36zu/fuzzy-p10/tbd/masking/outputs/runs/rgb_unetplusplus_resnet50_baseline_seed421_20260613T101501Z
2026-06-13 14:08:16,850 [Summarizer] :: Reading run artifacts from /ceph/home/student.aau.dk/qd36zu/fuzzy-p10/tbd/masking/outputs/runs/rgb_deeplabv3plus_resnet50_baseline_seed421_20260613T101513Z
2026-06-13 14:08:17,016 [Summarizer] :: Reading run artifacts from /ceph/home/student.aau.dk/qd36zu/fuzzy-p10/tbd/masking/outputs/runs/rgb_segformer_b1_baseline_seed421_20260613T101704Z
2026-06-13 14:08:17,130 [Summarizer] :: Reading run artifacts from /ceph/home/student.aau.dk/qd36zu/fuzzy-p10/tbd/masking/outputs/runs/real_msi_unetplusplus_resnet50_baseline_seed421_20260613T101726Z
2026-06-13 14:08:17,186 [Summarizer] :: Reading run artifacts from /ceph/home/student.aau.dk/qd36zu/fuzzy-p10/tbd/masking/outputs/runs/real_msi_deeplabv3plus_resnet50_baseline_seed421_20260613T101747Z
2026-06-13 14:08:17,253 [Summarizer] :: Reading run artifacts from /ceph/home/student.aau.dk/qd36zu/fuzzy-p10/tbd/masking/outputs/runs/real_msi_deeplabv3plus_resnet34_baseline_seed420_20260613T095621Z
2026-06-13 14:08:17,339 [Summarizer] :: Reading run artifacts from /ceph/home/student.aau.dk/qd36zu/fuzzy-p10/tbd/masking/outputs/runs/real_msi_segformer_b1_baseline_seed421_20260613T101818Z
2026-06-13 14:08:17,411 [Summarizer] :: Reading run artifacts from /ceph/home/student.aau.dk/qd36zu/fuzzy-p10/tbd/masking/outputs/runs/synthetic_msi_unetplusplus_resnet50_baseline_seed421_20260613T101818Z
2026-06-13 14:08:17,469 [Summarizer] :: Reading run artifacts from /ceph/home/student.aau.dk/qd36zu/fuzzy-p10/tbd/masking/outputs/runs/synthetic_msi_deeplabv3plus_resnet50_baseline_seed421_20260613T101828Z
2026-06-13 14:08:17,536 [Summarizer] :: Reading run artifacts from /ceph/home/student.aau.dk/qd36zu/fuzzy-p10/tbd/masking/outputs/runs/synthetic_msi_segformer_b1_baseline_seed421_20260613T101838Z
2026-06-13 14:08:17,589 [Summarizer] :: Reading run artifacts from /ceph/home/student.aau.dk/qd36zu/fuzzy-p10/tbd/masking/outputs/runs/rgb_real_msi_unetplusplus_resnet50_baseline_seed421_20260613T102000Z
2026-06-13 14:08:17,692 [Summarizer] :: Reading run artifacts from /ceph/home/student.aau.dk/qd36zu/fuzzy-p10/tbd/masking/outputs/runs/rgb_real_msi_deeplabv3plus_resnet50_baseline_seed421_20260613T102010Z
2026-06-13 14:08:17,781 [Summarizer] :: Reading run artifacts from /ceph/home/student.aau.dk/qd36zu/fuzzy-p10/tbd/masking/outputs/runs/rgb_real_msi_segformer_b1_baseline_seed421_20260613T102101Z
2026-06-13 14:08:17,840 [Summarizer] :: Reading run artifacts from /ceph/home/student.aau.dk/qd36zu/fuzzy-p10/tbd/masking/outputs/runs/rgb_synthetic_msi_unetplusplus_resnet50_baseline_seed421_20260613T102112Z
2026-06-13 14:08:17,897 [Summarizer] :: Reading run artifacts from /ceph/home/student.aau.dk/qd36zu/fuzzy-p10/tbd/masking/outputs/runs/rgb_synthetic_msi_deeplabv3plus_resnet50_baseline_seed421_20260613T102132Z
2026-06-13 14:08:18,017 [Summarizer] :: Reading run artifacts from /ceph/home/student.aau.dk/qd36zu/fuzzy-p10/tbd/masking/outputs/runs/rgb_synthetic_msi_segformer_b1_baseline_seed421_20260613T102132Z
2026-06-13 14:08:18,075 [Summarizer] :: Reading run artifacts from /ceph/home/student.aau.dk/qd36zu/fuzzy-p10/tbd/masking/outputs/runs/real_msi_segformer_b0_baseline_seed420_20260613T095621Z
2026-06-13 14:08:18,151 [Summarizer] :: Reading run artifacts from /ceph/home/student.aau.dk/qd36zu/fuzzy-p10/tbd/masking/outputs/runs/rgb_unetplusplus_resnet34_baseline_seed422_20260613T102143Z
2026-06-13 14:08:18,193 [Summarizer] :: Reading run artifacts from /ceph/home/student.aau.dk/qd36zu/fuzzy-p10/tbd/masking/outputs/runs/rgb_deeplabv3plus_resnet34_baseline_seed422_20260613T102154Z
2026-06-13 14:08:18,253 [Summarizer] :: Reading run artifacts from /ceph/home/student.aau.dk/qd36zu/fuzzy-p10/tbd/masking/outputs/runs/rgb_segformer_b0_baseline_seed422_20260613T102409Z
2026-06-13 14:08:18,308 [Summarizer] :: Reading run artifacts from /ceph/home/student.aau.dk/qd36zu/fuzzy-p10/tbd/masking/outputs/runs/real_msi_unetplusplus_resnet34_baseline_seed422_20260613T102429Z
2026-06-13 14:08:18,394 [Summarizer] :: Reading run artifacts from /ceph/home/student.aau.dk/qd36zu/fuzzy-p10/tbd/masking/outputs/runs/real_msi_deeplabv3plus_resnet34_baseline_seed422_20260613T102451Z
2026-06-13 14:08:18,473 [Summarizer] :: Reading run artifacts from /ceph/home/student.aau.dk/qd36zu/fuzzy-p10/tbd/masking/outputs/runs/real_msi_segformer_b0_baseline_seed422_20260613T102451Z
2026-06-13 14:08:18,545 [Summarizer] :: Reading run artifacts from /ceph/home/student.aau.dk/qd36zu/fuzzy-p10/tbd/masking/outputs/runs/synthetic_msi_unetplusplus_resnet34_baseline_seed422_20260613T102450Z
2026-06-13 14:08:18,617 [Summarizer] :: Reading run artifacts from /ceph/home/student.aau.dk/qd36zu/fuzzy-p10/tbd/masking/outputs/runs/synthetic_msi_deeplabv3plus_resnet34_baseline_seed422_20260613T102514Z
2026-06-13 14:08:18,681 [Summarizer] :: Reading run artifacts from /ceph/home/student.aau.dk/qd36zu/fuzzy-p10/tbd/masking/outputs/runs/synthetic_msi_segformer_b0_baseline_seed422_20260613T102513Z
2026-06-13 14:08:18,762 [Summarizer] :: Reading run artifacts from /ceph/home/student.aau.dk/qd36zu/fuzzy-p10/tbd/masking/outputs/runs/rgb_real_msi_unetplusplus_resnet34_baseline_seed422_20260613T102525Z
2026-06-13 14:08:18,809 [Summarizer] :: Reading run artifacts from /ceph/home/student.aau.dk/qd36zu/fuzzy-p10/tbd/masking/outputs/runs/synthetic_msi_unetplusplus_resnet34_baseline_seed420_20260613T095621Z
2026-06-13 14:08:18,865 [Summarizer] :: Reading run artifacts from /ceph/home/student.aau.dk/qd36zu/fuzzy-p10/tbd/masking/outputs/runs/rgb_real_msi_deeplabv3plus_resnet34_baseline_seed422_20260613T102716Z
2026-06-13 14:08:18,917 [Summarizer] :: Reading run artifacts from /ceph/home/student.aau.dk/qd36zu/fuzzy-p10/tbd/masking/outputs/runs/rgb_real_msi_segformer_b0_baseline_seed422_20260613T102741Z
2026-06-13 14:08:18,980 [Summarizer] :: Reading run artifacts from /ceph/home/student.aau.dk/qd36zu/fuzzy-p10/tbd/masking/outputs/runs/rgb_synthetic_msi_unetplusplus_resnet34_baseline_seed422_20260613T102741Z
2026-06-13 14:08:19,050 [Summarizer] :: Reading run artifacts from /ceph/home/student.aau.dk/qd36zu/fuzzy-p10/tbd/masking/outputs/runs/rgb_synthetic_msi_deeplabv3plus_resnet34_baseline_seed422_20260613T102801Z
2026-06-13 14:08:19,123 [Summarizer] :: Reading run artifacts from /ceph/home/student.aau.dk/qd36zu/fuzzy-p10/tbd/masking/outputs/runs/rgb_synthetic_msi_segformer_b0_baseline_seed422_20260613T102812Z
2026-06-13 14:08:19,177 [Summarizer] :: Reading run artifacts from /ceph/home/student.aau.dk/qd36zu/fuzzy-p10/tbd/masking/outputs/runs/rgb_unetplusplus_resnet50_baseline_seed422_20260613T102822Z
2026-06-13 14:08:19,225 [Summarizer] :: Reading run artifacts from /ceph/home/student.aau.dk/qd36zu/fuzzy-p10/tbd/masking/outputs/runs/rgb_deeplabv3plus_resnet50_baseline_seed422_20260613T102832Z
2026-06-13 14:08:19,312 [Summarizer] :: Reading run artifacts from /ceph/home/student.aau.dk/qd36zu/fuzzy-p10/tbd/masking/outputs/runs/rgb_segformer_b1_baseline_seed422_20260613T102854Z
2026-06-13 14:08:19,368 [Summarizer] :: Reading run artifacts from /ceph/home/student.aau.dk/qd36zu/fuzzy-p10/tbd/masking/outputs/runs/real_msi_unetplusplus_resnet50_baseline_seed422_20260613T103034Z
2026-06-13 14:08:19,454 [Summarizer] :: Reading run artifacts from /ceph/home/student.aau.dk/qd36zu/fuzzy-p10/tbd/masking/outputs/runs/real_msi_deeplabv3plus_resnet50_baseline_seed422_20260613T103055Z
2026-06-13 14:08:19,521 [Summarizer] :: Reading run artifacts from /ceph/home/student.aau.dk/qd36zu/fuzzy-p10/tbd/masking/outputs/runs/synthetic_msi_deeplabv3plus_resnet34_baseline_seed420_20260613T095621Z
2026-06-13 14:08:19,795 [Summarizer] :: Reading run artifacts from /ceph/home/student.aau.dk/qd36zu/fuzzy-p10/tbd/masking/outputs/runs/real_msi_segformer_b1_baseline_seed422_20260613T103115Z
2026-06-13 14:08:19,869 [Summarizer] :: Reading run artifacts from /ceph/home/student.aau.dk/qd36zu/fuzzy-p10/tbd/masking/outputs/runs/synthetic_msi_unetplusplus_resnet50_baseline_seed422_20260613T103126Z
2026-06-13 14:08:19,921 [Summarizer] :: Reading run artifacts from /ceph/home/student.aau.dk/qd36zu/fuzzy-p10/tbd/masking/outputs/runs/synthetic_msi_deeplabv3plus_resnet50_baseline_seed422_20260613T103136Z
2026-06-13 14:08:19,984 [Summarizer] :: Reading run artifacts from /ceph/home/student.aau.dk/qd36zu/fuzzy-p10/tbd/masking/outputs/runs/synthetic_msi_segformer_b1_baseline_seed422_20260613T103156Z
2026-06-13 14:08:20,054 [Summarizer] :: Reading run artifacts from /ceph/home/student.aau.dk/qd36zu/fuzzy-p10/tbd/masking/outputs/runs/rgb_real_msi_unetplusplus_resnet50_baseline_seed422_20260613T103156Z
2026-06-13 14:08:20,129 [Summarizer] :: Reading run artifacts from /ceph/home/student.aau.dk/qd36zu/fuzzy-p10/tbd/masking/outputs/runs/rgb_real_msi_deeplabv3plus_resnet50_baseline_seed422_20260613T103217Z
2026-06-13 14:08:20,201 [Summarizer] :: Reading run artifacts from /ceph/home/student.aau.dk/qd36zu/fuzzy-p10/tbd/masking/outputs/runs/rgb_real_msi_segformer_b1_baseline_seed422_20260613T103358Z
2026-06-13 14:08:20,278 [Summarizer] :: Reading run artifacts from /ceph/home/student.aau.dk/qd36zu/fuzzy-p10/tbd/masking/outputs/runs/rgb_synthetic_msi_unetplusplus_resnet50_baseline_seed422_20260613T103409Z
2026-06-13 14:08:20,387 [Summarizer] :: Reading run artifacts from /ceph/home/student.aau.dk/qd36zu/fuzzy-p10/tbd/masking/outputs/runs/rgb_synthetic_msi_deeplabv3plus_resnet50_baseline_seed422_20260613T103419Z
2026-06-13 14:08:20,440 [Summarizer] :: Reading run artifacts from /ceph/home/student.aau.dk/qd36zu/fuzzy-p10/tbd/masking/outputs/runs/rgb_synthetic_msi_segformer_b1_baseline_seed422_20260613T103440Z
2026-06-13 14:08:20,495 [Summarizer] :: Reading run artifacts from /ceph/home/student.aau.dk/qd36zu/fuzzy-p10/tbd/masking/outputs/runs/synthetic_msi_segformer_b0_baseline_seed420_20260613T095944Z
2026-06-13 14:08:20,553 [Summarizer] :: Reading run artifacts from /ceph/home/student.aau.dk/qd36zu/fuzzy-p10/tbd/masking/outputs/runs/rgb_unetplusplus_resnet34_baseline_seed423_20260613T103451Z
2026-06-13 14:08:20,623 [Summarizer] :: Reading run artifacts from /ceph/home/student.aau.dk/qd36zu/fuzzy-p10/tbd/masking/outputs/runs/rgb_deeplabv3plus_resnet34_baseline_seed423_20260613T103450Z
2026-06-13 14:08:20,684 [Summarizer] :: Reading run artifacts from /ceph/home/student.aau.dk/qd36zu/fuzzy-p10/tbd/masking/outputs/runs/rgb_segformer_b0_baseline_seed423_20260613T103541Z
2026-06-13 14:08:20,829 [Summarizer] :: Reading run artifacts from /ceph/home/student.aau.dk/qd36zu/fuzzy-p10/tbd/masking/outputs/runs/real_msi_unetplusplus_resnet34_baseline_seed423_20260613T103541Z
2026-06-13 14:08:20,889 [Summarizer] :: Reading run artifacts from /ceph/home/student.aau.dk/qd36zu/fuzzy-p10/tbd/masking/outputs/runs/real_msi_deeplabv3plus_resnet34_baseline_seed423_20260613T103734Z
2026-06-13 14:08:20,946 [Summarizer] :: Reading run artifacts from /ceph/home/student.aau.dk/qd36zu/fuzzy-p10/tbd/masking/outputs/runs/real_msi_segformer_b0_baseline_seed423_20260613T103743Z
2026-06-13 14:08:21,010 [Summarizer] :: Reading run artifacts from /ceph/home/student.aau.dk/qd36zu/fuzzy-p10/tbd/masking/outputs/runs/synthetic_msi_unetplusplus_resnet34_baseline_seed423_20260613T103804Z
2026-06-13 14:08:21,070 [Summarizer] :: Reading run artifacts from /ceph/home/student.aau.dk/qd36zu/fuzzy-p10/tbd/masking/outputs/runs/synthetic_msi_deeplabv3plus_resnet34_baseline_seed423_20260613T103815Z
2026-06-13 14:08:21,123 [Summarizer] :: Reading run artifacts from /ceph/home/student.aau.dk/qd36zu/fuzzy-p10/tbd/masking/outputs/runs/synthetic_msi_segformer_b0_baseline_seed423_20260613T103815Z
2026-06-13 14:08:21,172 [Summarizer] :: Reading run artifacts from /ceph/home/student.aau.dk/qd36zu/fuzzy-p10/tbd/masking/outputs/runs/rgb_real_msi_unetplusplus_resnet34_baseline_seed423_20260613T103846Z
2026-06-13 14:08:21,273 [Summarizer] :: Reading run artifacts from /ceph/home/student.aau.dk/qd36zu/fuzzy-p10/tbd/masking/outputs/runs/rgb_real_msi_unetplusplus_resnet34_baseline_seed420_20260613T095944Z
2026-06-13 14:08:21,573 [Summarizer] :: Wrote 299 run summary item(s) to /ceph/home/student.aau.dk/qd36zu/fuzzy-p10/tbd/masking/outputs/metrics/slurm_multi_seed_tsm5_20260613T095552Z_summary.json
2026-06-13 14:08:21,573 [Summarizer] :: Wrote 30 aggregate summary item(s)
2026-06-13 14:08:21,573 [Summarizer] :: Summary generation completed
