2026-06-07 18:42:36,313 [Summarizer] :: Summary generation started
2026-06-07 18:42:36,313 [Summarizer] :: Collecting metrics from 140 run(s)
2026-06-07 18:42:36,314 [Summarizer] :: Reading run artifacts from /ceph/home/student.aau.dk/qd36zu/fuzzy-p10/tbd/masking/outputs/runs/synthetic_msi_unet_resnet34_baseline_seed42_20260607T152426Z
2026-06-07 18:42:36,554 [Summarizer] :: Reading run artifacts from /ceph/home/student.aau.dk/qd36zu/fuzzy-p10/tbd/masking/outputs/runs/synthetic_msi_unetplusplus_resnet50_baseline_seed49_20260607T162238Z
2026-06-07 18:42:36,684 [Summarizer] :: Reading run artifacts from /ceph/home/student.aau.dk/qd36zu/fuzzy-p10/tbd/masking/outputs/runs/synthetic_msi_deeplabv3plus_resnet34_baseline_seed49_20260607T162237Z
2026-06-07 18:42:36,731 [Summarizer] :: Reading run artifacts from /ceph/home/student.aau.dk/qd36zu/fuzzy-p10/tbd/masking/outputs/runs/synthetic_msi_deeplabv3plus_resnet50_baseline_seed49_20260607T162249Z
2026-06-07 18:42:36,781 [Summarizer] :: Reading run artifacts from /ceph/home/student.aau.dk/qd36zu/fuzzy-p10/tbd/masking/outputs/runs/synthetic_msi_segformer_b0_baseline_seed49_20260607T162320Z
2026-06-07 18:42:36,830 [Summarizer] :: Reading run artifacts from /ceph/home/student.aau.dk/qd36zu/fuzzy-p10/tbd/masking/outputs/runs/synthetic_msi_segformer_b1_baseline_seed49_20260607T162350Z
2026-06-07 18:42:36,983 [Summarizer] :: Reading run artifacts from /ceph/home/student.aau.dk/qd36zu/fuzzy-p10/tbd/masking/outputs/runs/rgb_synthetic_msi_unet_resnet34_baseline_seed49_20260607T162430Z
2026-06-07 18:42:37,021 [Summarizer] :: Reading run artifacts from /ceph/home/student.aau.dk/qd36zu/fuzzy-p10/tbd/masking/outputs/runs/rgb_synthetic_msi_unetplusplus_resnet34_baseline_seed49_20260607T162441Z
2026-06-07 18:42:37,138 [Summarizer] :: Reading run artifacts from /ceph/home/student.aau.dk/qd36zu/fuzzy-p10/tbd/masking/outputs/runs/rgb_synthetic_msi_unetplusplus_resnet50_baseline_seed49_20260607T162525Z
2026-06-07 18:42:37,319 [Summarizer] :: Reading run artifacts from /ceph/home/student.aau.dk/qd36zu/fuzzy-p10/tbd/masking/outputs/runs/rgb_synthetic_msi_deeplabv3plus_resnet34_baseline_seed49_20260607T162607Z
2026-06-07 18:42:37,414 [Summarizer] :: Reading run artifacts from /ceph/home/student.aau.dk/qd36zu/fuzzy-p10/tbd/masking/outputs/runs/rgb_synthetic_msi_deeplabv3plus_resnet50_baseline_seed49_20260607T162632Z
2026-06-07 18:42:37,505 [Summarizer] :: Reading run artifacts from /ceph/home/student.aau.dk/qd36zu/fuzzy-p10/tbd/masking/outputs/runs/rgb_synthetic_msi_deeplabv3plus_resnet34_baseline_seed42_20260607T152926Z
2026-06-07 18:42:37,614 [Summarizer] :: Reading run artifacts from /ceph/home/student.aau.dk/qd36zu/fuzzy-p10/tbd/masking/outputs/runs/rgb_synthetic_msi_segformer_b0_baseline_seed49_20260607T162628Z
2026-06-07 18:42:37,666 [Summarizer] :: Reading run artifacts from /ceph/home/student.aau.dk/qd36zu/fuzzy-p10/tbd/masking/outputs/runs/rgb_synthetic_msi_segformer_b1_baseline_seed49_20260607T162632Z
2026-06-07 18:42:37,798 [Summarizer] :: Reading run artifacts from /ceph/home/student.aau.dk/qd36zu/fuzzy-p10/tbd/masking/outputs/runs/synthetic_msi_unet_resnet34_baseline_seed50_20260607T162641Z
2026-06-07 18:42:37,851 [Summarizer] :: Reading run artifacts from /ceph/home/student.aau.dk/qd36zu/fuzzy-p10/tbd/masking/outputs/runs/synthetic_msi_unetplusplus_resnet34_baseline_seed50_20260607T162800Z
2026-06-07 18:42:37,913 [Summarizer] :: Reading run artifacts from /ceph/home/student.aau.dk/qd36zu/fuzzy-p10/tbd/masking/outputs/runs/synthetic_msi_unetplusplus_resnet50_baseline_seed50_20260607T162820Z
2026-06-07 18:42:38,037 [Summarizer] :: Reading run artifacts from /ceph/home/student.aau.dk/qd36zu/fuzzy-p10/tbd/masking/outputs/runs/synthetic_msi_deeplabv3plus_resnet34_baseline_seed50_20260607T162922Z
2026-06-07 18:42:38,170 [Summarizer] :: Reading run artifacts from /ceph/home/student.aau.dk/qd36zu/fuzzy-p10/tbd/masking/outputs/runs/synthetic_msi_deeplabv3plus_resnet50_baseline_seed50_20260607T162922Z
2026-06-07 18:42:38,255 [Summarizer] :: Reading run artifacts from /ceph/home/student.aau.dk/qd36zu/fuzzy-p10/tbd/masking/outputs/runs/synthetic_msi_segformer_b0_baseline_seed50_20260607T162933Z
2026-06-07 18:42:38,320 [Summarizer] :: Reading run artifacts from /ceph/home/student.aau.dk/qd36zu/fuzzy-p10/tbd/masking/outputs/runs/synthetic_msi_segformer_b1_baseline_seed50_20260607T162945Z
2026-06-07 18:42:38,389 [Summarizer] :: Reading run artifacts from /ceph/home/student.aau.dk/qd36zu/fuzzy-p10/tbd/masking/outputs/runs/rgb_synthetic_msi_unet_resnet34_baseline_seed50_20260607T163003Z
2026-06-07 18:42:38,443 [Summarizer] :: Reading run artifacts from /ceph/home/student.aau.dk/qd36zu/fuzzy-p10/tbd/masking/outputs/runs/rgb_synthetic_msi_deeplabv3plus_resnet50_baseline_seed42_20260607T152926Z
2026-06-07 18:42:38,548 [Summarizer] :: Reading run artifacts from /ceph/home/student.aau.dk/qd36zu/fuzzy-p10/tbd/masking/outputs/runs/rgb_synthetic_msi_unetplusplus_resnet34_baseline_seed50_20260607T163015Z
2026-06-07 18:42:38,614 [Summarizer] :: Reading run artifacts from /ceph/home/student.aau.dk/qd36zu/fuzzy-p10/tbd/masking/outputs/runs/rgb_synthetic_msi_unetplusplus_resnet50_baseline_seed50_20260607T163104Z
2026-06-07 18:42:38,751 [Summarizer] :: Reading run artifacts from /ceph/home/student.aau.dk/qd36zu/fuzzy-p10/tbd/masking/outputs/runs/rgb_synthetic_msi_deeplabv3plus_resnet34_baseline_seed50_20260607T163136Z
2026-06-07 18:42:38,780 [Summarizer] :: Reading run artifacts from /ceph/home/student.aau.dk/qd36zu/fuzzy-p10/tbd/masking/outputs/runs/rgb_synthetic_msi_deeplabv3plus_resnet50_baseline_seed50_20260607T163208Z
2026-06-07 18:42:38,881 [Summarizer] :: Reading run artifacts from /ceph/home/student.aau.dk/qd36zu/fuzzy-p10/tbd/masking/outputs/runs/rgb_synthetic_msi_segformer_b0_baseline_seed50_20260607T163218Z
2026-06-07 18:42:38,967 [Summarizer] :: Reading run artifacts from /ceph/home/student.aau.dk/qd36zu/fuzzy-p10/tbd/masking/outputs/runs/rgb_synthetic_msi_segformer_b1_baseline_seed50_20260607T163228Z
2026-06-07 18:42:39,023 [Summarizer] :: Reading run artifacts from /ceph/home/student.aau.dk/qd36zu/fuzzy-p10/tbd/masking/outputs/runs/synthetic_msi_unet_resnet34_baseline_seed51_20260607T163257Z
2026-06-07 18:42:39,090 [Summarizer] :: Reading run artifacts from /ceph/home/student.aau.dk/qd36zu/fuzzy-p10/tbd/masking/outputs/runs/synthetic_msi_unetplusplus_resnet34_baseline_seed51_20260607T163319Z
2026-06-07 18:42:39,118 [Summarizer] :: Reading run artifacts from /ceph/home/student.aau.dk/qd36zu/fuzzy-p10/tbd/masking/outputs/runs/synthetic_msi_unetplusplus_resnet50_baseline_seed51_20260607T163411Z
2026-06-07 18:42:39,289 [Summarizer] :: Reading run artifacts from /ceph/home/student.aau.dk/qd36zu/fuzzy-p10/tbd/masking/outputs/runs/synthetic_msi_deeplabv3plus_resnet34_baseline_seed51_20260607T163451Z
2026-06-07 18:42:39,447 [Summarizer] :: Reading run artifacts from /ceph/home/student.aau.dk/qd36zu/fuzzy-p10/tbd/masking/outputs/runs/rgb_synthetic_msi_segformer_b0_baseline_seed42_20260607T152925Z
2026-06-07 18:42:39,641 [Summarizer] :: Reading run artifacts from /ceph/home/student.aau.dk/qd36zu/fuzzy-p10/tbd/masking/outputs/runs/synthetic_msi_deeplabv3plus_resnet50_baseline_seed51_20260607T163451Z
2026-06-07 18:42:39,934 [Summarizer] :: Reading run artifacts from /ceph/home/student.aau.dk/qd36zu/fuzzy-p10/tbd/masking/outputs/runs/synthetic_msi_segformer_b0_baseline_seed51_20260607T163535Z
2026-06-07 18:42:39,992 [Summarizer] :: Reading run artifacts from /ceph/home/student.aau.dk/qd36zu/fuzzy-p10/tbd/masking/outputs/runs/synthetic_msi_segformer_b1_baseline_seed51_20260607T163545Z
2026-06-07 18:42:40,054 [Summarizer] :: Reading run artifacts from /ceph/home/student.aau.dk/qd36zu/fuzzy-p10/tbd/masking/outputs/runs/rgb_synthetic_msi_unet_resnet34_baseline_seed51_20260607T163555Z
2026-06-07 18:42:40,080 [Summarizer] :: Reading run artifacts from /ceph/home/student.aau.dk/qd36zu/fuzzy-p10/tbd/masking/outputs/runs/rgb_synthetic_msi_unetplusplus_resnet34_baseline_seed51_20260607T163618Z
2026-06-07 18:42:40,204 [Summarizer] :: Reading run artifacts from /ceph/home/student.aau.dk/qd36zu/fuzzy-p10/tbd/masking/outputs/runs/rgb_synthetic_msi_unetplusplus_resnet50_baseline_seed51_20260607T163618Z
2026-06-07 18:42:40,283 [Summarizer] :: Reading run artifacts from /ceph/home/student.aau.dk/qd36zu/fuzzy-p10/tbd/masking/outputs/runs/rgb_synthetic_msi_deeplabv3plus_resnet34_baseline_seed51_20260607T163748Z
2026-06-07 18:42:40,761 [Summarizer] :: Reading run artifacts from /ceph/home/student.aau.dk/qd36zu/fuzzy-p10/tbd/masking/outputs/runs/rgb_synthetic_msi_deeplabv3plus_resnet50_baseline_seed51_20260607T163748Z
2026-06-07 18:42:40,888 [Summarizer] :: Reading run artifacts from /ceph/home/student.aau.dk/qd36zu/fuzzy-p10/tbd/masking/outputs/runs/rgb_synthetic_msi_segformer_b0_baseline_seed51_20260607T163748Z
2026-06-07 18:42:40,945 [Summarizer] :: Reading run artifacts from /ceph/home/student.aau.dk/qd36zu/fuzzy-p10/tbd/masking/outputs/runs/rgb_synthetic_msi_segformer_b1_baseline_seed51_20260607T163841Z
2026-06-07 18:42:41,029 [Summarizer] :: Reading run artifacts from /ceph/home/student.aau.dk/qd36zu/fuzzy-p10/tbd/masking/outputs/runs/rgb_synthetic_msi_segformer_b1_baseline_seed42_20260607T152945Z
2026-06-07 18:42:41,122 [Summarizer] :: Reading run artifacts from /ceph/home/student.aau.dk/qd36zu/fuzzy-p10/tbd/masking/outputs/runs/synthetic_msi_unet_resnet34_baseline_seed43_20260607T152945Z
2026-06-07 18:42:41,173 [Summarizer] :: Reading run artifacts from /ceph/home/student.aau.dk/qd36zu/fuzzy-p10/tbd/masking/outputs/runs/synthetic_msi_unetplusplus_resnet34_baseline_seed43_20260607T153330Z
2026-06-07 18:42:41,238 [Summarizer] :: Reading run artifacts from /ceph/home/student.aau.dk/qd36zu/fuzzy-p10/tbd/masking/outputs/runs/synthetic_msi_unetplusplus_resnet50_baseline_seed43_20260607T153349Z
2026-06-07 18:42:41,311 [Summarizer] :: Reading run artifacts from /ceph/home/student.aau.dk/qd36zu/fuzzy-p10/tbd/masking/outputs/runs/synthetic_msi_deeplabv3plus_resnet34_baseline_seed43_20260607T153542Z
2026-06-07 18:42:41,496 [Summarizer] :: Reading run artifacts from /ceph/home/student.aau.dk/qd36zu/fuzzy-p10/tbd/masking/outputs/runs/synthetic_msi_deeplabv3plus_resnet50_baseline_seed43_20260607T153646Z
2026-06-07 18:42:41,560 [Summarizer] :: Reading run artifacts from /ceph/home/student.aau.dk/qd36zu/fuzzy-p10/tbd/masking/outputs/runs/synthetic_msi_segformer_b0_baseline_seed43_20260607T153725Z
2026-06-07 18:42:41,731 [Summarizer] :: Reading run artifacts from /ceph/home/student.aau.dk/qd36zu/fuzzy-p10/tbd/masking/outputs/runs/synthetic_msi_unetplusplus_resnet34_baseline_seed42_20260607T152426Z
2026-06-07 18:42:41,798 [Summarizer] :: Reading run artifacts from /ceph/home/student.aau.dk/qd36zu/fuzzy-p10/tbd/masking/outputs/runs/synthetic_msi_segformer_b1_baseline_seed43_20260607T153734Z
2026-06-07 18:42:41,868 [Summarizer] :: Reading run artifacts from /ceph/home/student.aau.dk/qd36zu/fuzzy-p10/tbd/masking/outputs/runs/rgb_synthetic_msi_unet_resnet34_baseline_seed43_20260607T153734Z
2026-06-07 18:42:41,954 [Summarizer] :: Reading run artifacts from /ceph/home/student.aau.dk/qd36zu/fuzzy-p10/tbd/masking/outputs/runs/rgb_synthetic_msi_unetplusplus_resnet34_baseline_seed43_20260607T153734Z
2026-06-07 18:42:42,006 [Summarizer] :: Reading run artifacts from /ceph/home/student.aau.dk/qd36zu/fuzzy-p10/tbd/masking/outputs/runs/rgb_synthetic_msi_unetplusplus_resnet50_baseline_seed43_20260607T153745Z
2026-06-07 18:42:42,062 [Summarizer] :: Reading run artifacts from /ceph/home/student.aau.dk/qd36zu/fuzzy-p10/tbd/masking/outputs/runs/rgb_synthetic_msi_deeplabv3plus_resnet34_baseline_seed43_20260607T153757Z
2026-06-07 18:42:42,218 [Summarizer] :: Reading run artifacts from /ceph/home/student.aau.dk/qd36zu/fuzzy-p10/tbd/masking/outputs/runs/rgb_synthetic_msi_deeplabv3plus_resnet50_baseline_seed43_20260607T153837Z
2026-06-07 18:42:42,293 [Summarizer] :: Reading run artifacts from /ceph/home/student.aau.dk/qd36zu/fuzzy-p10/tbd/masking/outputs/runs/rgb_synthetic_msi_segformer_b0_baseline_seed43_20260607T153938Z
2026-06-07 18:42:42,345 [Summarizer] :: Reading run artifacts from /ceph/home/student.aau.dk/qd36zu/fuzzy-p10/tbd/masking/outputs/runs/rgb_synthetic_msi_segformer_b1_baseline_seed43_20260607T154018Z
2026-06-07 18:42:42,396 [Summarizer] :: Reading run artifacts from /ceph/home/student.aau.dk/qd36zu/fuzzy-p10/tbd/masking/outputs/runs/synthetic_msi_unet_resnet34_baseline_seed44_20260607T154029Z
2026-06-07 18:42:42,496 [Summarizer] :: Reading run artifacts from /ceph/home/student.aau.dk/qd36zu/fuzzy-p10/tbd/masking/outputs/runs/synthetic_msi_unetplusplus_resnet34_baseline_seed44_20260607T154111Z
2026-06-07 18:42:42,589 [Summarizer] :: Reading run artifacts from /ceph/home/student.aau.dk/qd36zu/fuzzy-p10/tbd/masking/outputs/runs/synthetic_msi_unetplusplus_resnet50_baseline_seed42_20260607T152446Z
2026-06-07 18:42:42,751 [Summarizer] :: Reading run artifacts from /ceph/home/student.aau.dk/qd36zu/fuzzy-p10/tbd/masking/outputs/runs/synthetic_msi_unetplusplus_resnet50_baseline_seed44_20260607T154111Z
2026-06-07 18:42:42,924 [Summarizer] :: Reading run artifacts from /ceph/home/student.aau.dk/qd36zu/fuzzy-p10/tbd/masking/outputs/runs/synthetic_msi_deeplabv3plus_resnet34_baseline_seed44_20260607T154141Z
2026-06-07 18:42:42,988 [Summarizer] :: Reading run artifacts from /ceph/home/student.aau.dk/qd36zu/fuzzy-p10/tbd/masking/outputs/runs/synthetic_msi_deeplabv3plus_resnet50_baseline_seed44_20260607T154142Z
2026-06-07 18:42:43,051 [Summarizer] :: Reading run artifacts from /ceph/home/student.aau.dk/qd36zu/fuzzy-p10/tbd/masking/outputs/runs/synthetic_msi_segformer_b0_baseline_seed44_20260607T154232Z
2026-06-07 18:42:43,194 [Summarizer] :: Reading run artifacts from /ceph/home/student.aau.dk/qd36zu/fuzzy-p10/tbd/masking/outputs/runs/synthetic_msi_segformer_b1_baseline_seed44_20260607T154315Z
2026-06-07 18:42:43,254 [Summarizer] :: Reading run artifacts from /ceph/home/student.aau.dk/qd36zu/fuzzy-p10/tbd/masking/outputs/runs/rgb_synthetic_msi_unet_resnet34_baseline_seed44_20260607T154335Z
2026-06-07 18:42:43,362 [Summarizer] :: Reading run artifacts from /ceph/home/student.aau.dk/qd36zu/fuzzy-p10/tbd/masking/outputs/runs/rgb_synthetic_msi_unetplusplus_resnet34_baseline_seed44_20260607T154335Z
2026-06-07 18:42:43,416 [Summarizer] :: Reading run artifacts from /ceph/home/student.aau.dk/qd36zu/fuzzy-p10/tbd/masking/outputs/runs/rgb_synthetic_msi_unetplusplus_resnet50_baseline_seed44_20260607T154426Z
2026-06-07 18:42:43,577 [Summarizer] :: Reading run artifacts from /ceph/home/student.aau.dk/qd36zu/fuzzy-p10/tbd/masking/outputs/runs/rgb_synthetic_msi_deeplabv3plus_resnet34_baseline_seed44_20260607T154427Z
2026-06-07 18:42:43,793 [Summarizer] :: Reading run artifacts from /ceph/home/student.aau.dk/qd36zu/fuzzy-p10/tbd/masking/outputs/runs/rgb_synthetic_msi_deeplabv3plus_resnet50_baseline_seed44_20260607T154427Z
2026-06-07 18:42:43,880 [Summarizer] :: Reading run artifacts from /ceph/home/student.aau.dk/qd36zu/fuzzy-p10/tbd/masking/outputs/runs/synthetic_msi_deeplabv3plus_resnet34_baseline_seed42_20260607T152446Z
2026-06-07 18:42:43,989 [Summarizer] :: Reading run artifacts from /ceph/home/student.aau.dk/qd36zu/fuzzy-p10/tbd/masking/outputs/runs/rgb_synthetic_msi_segformer_b0_baseline_seed44_20260607T154507Z
2026-06-07 18:42:44,099 [Summarizer] :: Reading run artifacts from /ceph/home/student.aau.dk/qd36zu/fuzzy-p10/tbd/masking/outputs/runs/rgb_synthetic_msi_segformer_b1_baseline_seed44_20260607T154538Z
2026-06-07 18:42:44,152 [Summarizer] :: Reading run artifacts from /ceph/home/student.aau.dk/qd36zu/fuzzy-p10/tbd/masking/outputs/runs/synthetic_msi_unet_resnet34_baseline_seed45_20260607T154620Z
2026-06-07 18:42:44,232 [Summarizer] :: Reading run artifacts from /ceph/home/student.aau.dk/qd36zu/fuzzy-p10/tbd/masking/outputs/runs/synthetic_msi_unetplusplus_resnet34_baseline_seed45_20260607T154723Z
2026-06-07 18:42:44,287 [Summarizer] :: Reading run artifacts from /ceph/home/student.aau.dk/qd36zu/fuzzy-p10/tbd/masking/outputs/runs/synthetic_msi_unetplusplus_resnet50_baseline_seed45_20260607T154724Z
2026-06-07 18:42:44,377 [Summarizer] :: Reading run artifacts from /ceph/home/student.aau.dk/qd36zu/fuzzy-p10/tbd/masking/outputs/runs/synthetic_msi_deeplabv3plus_resnet34_baseline_seed45_20260607T154745Z
2026-06-07 18:42:44,446 [Summarizer] :: Reading run artifacts from /ceph/home/student.aau.dk/qd36zu/fuzzy-p10/tbd/masking/outputs/runs/synthetic_msi_deeplabv3plus_resnet50_baseline_seed45_20260607T154755Z
2026-06-07 18:42:44,497 [Summarizer] :: Reading run artifacts from /ceph/home/student.aau.dk/qd36zu/fuzzy-p10/tbd/masking/outputs/runs/synthetic_msi_segformer_b0_baseline_seed45_20260607T154818Z
2026-06-07 18:42:44,608 [Summarizer] :: Reading run artifacts from /ceph/home/student.aau.dk/qd36zu/fuzzy-p10/tbd/masking/outputs/runs/synthetic_msi_segformer_b1_baseline_seed45_20260607T154859Z
2026-06-07 18:42:44,686 [Summarizer] :: Reading run artifacts from /ceph/home/student.aau.dk/qd36zu/fuzzy-p10/tbd/masking/outputs/runs/rgb_synthetic_msi_unet_resnet34_baseline_seed45_20260607T154941Z
2026-06-07 18:42:44,761 [Summarizer] :: Reading run artifacts from /ceph/home/student.aau.dk/qd36zu/fuzzy-p10/tbd/masking/outputs/runs/synthetic_msi_deeplabv3plus_resnet50_baseline_seed42_20260607T152446Z
2026-06-07 18:42:44,873 [Summarizer] :: Reading run artifacts from /ceph/home/student.aau.dk/qd36zu/fuzzy-p10/tbd/masking/outputs/runs/rgb_synthetic_msi_unetplusplus_resnet34_baseline_seed45_20260607T155000Z
2026-06-07 18:42:44,926 [Summarizer] :: Reading run artifacts from /ceph/home/student.aau.dk/qd36zu/fuzzy-p10/tbd/masking/outputs/runs/rgb_synthetic_msi_unetplusplus_resnet50_baseline_seed45_20260607T155031Z
2026-06-07 18:42:44,982 [Summarizer] :: Reading run artifacts from /ceph/home/student.aau.dk/qd36zu/fuzzy-p10/tbd/masking/outputs/runs/rgb_synthetic_msi_deeplabv3plus_resnet34_baseline_seed45_20260607T155032Z
2026-06-07 18:42:45,031 [Summarizer] :: Reading run artifacts from /ceph/home/student.aau.dk/qd36zu/fuzzy-p10/tbd/masking/outputs/runs/rgb_synthetic_msi_deeplabv3plus_resnet50_baseline_seed45_20260607T155042Z
2026-06-07 18:42:45,080 [Summarizer] :: Reading run artifacts from /ceph/home/student.aau.dk/qd36zu/fuzzy-p10/tbd/masking/outputs/runs/rgb_synthetic_msi_segformer_b0_baseline_seed45_20260607T155053Z
2026-06-07 18:42:45,152 [Summarizer] :: Reading run artifacts from /ceph/home/student.aau.dk/qd36zu/fuzzy-p10/tbd/masking/outputs/runs/rgb_synthetic_msi_segformer_b1_baseline_seed45_20260607T155114Z
2026-06-07 18:42:45,231 [Summarizer] :: Reading run artifacts from /ceph/home/student.aau.dk/qd36zu/fuzzy-p10/tbd/masking/outputs/runs/synthetic_msi_unet_resnet34_baseline_seed46_20260607T155218Z
2026-06-07 18:42:45,363 [Summarizer] :: Reading run artifacts from /ceph/home/student.aau.dk/qd36zu/fuzzy-p10/tbd/masking/outputs/runs/synthetic_msi_unetplusplus_resnet34_baseline_seed46_20260607T155349Z
2026-06-07 18:42:45,422 [Summarizer] :: Reading run artifacts from /ceph/home/student.aau.dk/qd36zu/fuzzy-p10/tbd/masking/outputs/runs/synthetic_msi_unetplusplus_resnet50_baseline_seed46_20260607T155359Z
2026-06-07 18:42:45,474 [Summarizer] :: Reading run artifacts from /ceph/home/student.aau.dk/qd36zu/fuzzy-p10/tbd/masking/outputs/runs/synthetic_msi_deeplabv3plus_resnet34_baseline_seed46_20260607T155409Z
2026-06-07 18:42:45,574 [Summarizer] :: Reading run artifacts from /ceph/home/student.aau.dk/qd36zu/fuzzy-p10/tbd/masking/outputs/runs/synthetic_msi_segformer_b0_baseline_seed42_20260607T152446Z
2026-06-07 18:42:45,663 [Summarizer] :: Reading run artifacts from /ceph/home/student.aau.dk/qd36zu/fuzzy-p10/tbd/masking/outputs/runs/synthetic_msi_deeplabv3plus_resnet50_baseline_seed46_20260607T155420Z
2026-06-07 18:42:45,724 [Summarizer] :: Reading run artifacts from /ceph/home/student.aau.dk/qd36zu/fuzzy-p10/tbd/masking/outputs/runs/synthetic_msi_segformer_b0_baseline_seed46_20260607T155420Z
2026-06-07 18:42:45,822 [Summarizer] :: Reading run artifacts from /ceph/home/student.aau.dk/qd36zu/fuzzy-p10/tbd/masking/outputs/runs/synthetic_msi_segformer_b1_baseline_seed46_20260607T155432Z
2026-06-07 18:42:45,973 [Summarizer] :: Reading run artifacts from /ceph/home/student.aau.dk/qd36zu/fuzzy-p10/tbd/masking/outputs/runs/rgb_synthetic_msi_unet_resnet34_baseline_seed46_20260607T155455Z
2026-06-07 18:42:46,056 [Summarizer] :: Reading run artifacts from /ceph/home/student.aau.dk/qd36zu/fuzzy-p10/tbd/masking/outputs/runs/rgb_synthetic_msi_unetplusplus_resnet34_baseline_seed46_20260607T155516Z
2026-06-07 18:42:46,134 [Summarizer] :: Reading run artifacts from /ceph/home/student.aau.dk/qd36zu/fuzzy-p10/tbd/masking/outputs/runs/rgb_synthetic_msi_unetplusplus_resnet50_baseline_seed46_20260607T155658Z
2026-06-07 18:42:46,403 [Summarizer] :: Reading run artifacts from /ceph/home/student.aau.dk/qd36zu/fuzzy-p10/tbd/masking/outputs/runs/rgb_synthetic_msi_deeplabv3plus_resnet34_baseline_seed46_20260607T155707Z
2026-06-07 18:42:46,544 [Summarizer] :: Reading run artifacts from /ceph/home/student.aau.dk/qd36zu/fuzzy-p10/tbd/masking/outputs/runs/rgb_synthetic_msi_deeplabv3plus_resnet50_baseline_seed46_20260607T155707Z
2026-06-07 18:42:46,620 [Summarizer] :: Reading run artifacts from /ceph/home/student.aau.dk/qd36zu/fuzzy-p10/tbd/masking/outputs/runs/rgb_synthetic_msi_segformer_b0_baseline_seed46_20260607T155707Z
2026-06-07 18:42:46,737 [Summarizer] :: Reading run artifacts from /ceph/home/student.aau.dk/qd36zu/fuzzy-p10/tbd/masking/outputs/runs/rgb_synthetic_msi_segformer_b1_baseline_seed46_20260607T155729Z
2026-06-07 18:42:46,805 [Summarizer] :: Reading run artifacts from /ceph/home/student.aau.dk/qd36zu/fuzzy-p10/tbd/masking/outputs/runs/synthetic_msi_segformer_b1_baseline_seed42_20260607T152446Z
2026-06-07 18:42:46,868 [Summarizer] :: Reading run artifacts from /ceph/home/student.aau.dk/qd36zu/fuzzy-p10/tbd/masking/outputs/runs/synthetic_msi_unet_resnet34_baseline_seed47_20260607T155740Z
2026-06-07 18:42:46,953 [Summarizer] :: Reading run artifacts from /ceph/home/student.aau.dk/qd36zu/fuzzy-p10/tbd/masking/outputs/runs/synthetic_msi_unetplusplus_resnet34_baseline_seed47_20260607T155820Z
2026-06-07 18:42:47,058 [Summarizer] :: Reading run artifacts from /ceph/home/student.aau.dk/qd36zu/fuzzy-p10/tbd/masking/outputs/runs/synthetic_msi_unetplusplus_resnet50_baseline_seed47_20260607T155901Z
2026-06-07 18:42:47,247 [Summarizer] :: Reading run artifacts from /ceph/home/student.aau.dk/qd36zu/fuzzy-p10/tbd/masking/outputs/runs/synthetic_msi_deeplabv3plus_resnet34_baseline_seed47_20260607T160023Z
2026-06-07 18:42:47,319 [Summarizer] :: Reading run artifacts from /ceph/home/student.aau.dk/qd36zu/fuzzy-p10/tbd/masking/outputs/runs/synthetic_msi_deeplabv3plus_resnet50_baseline_seed47_20260607T160023Z
2026-06-07 18:42:47,377 [Summarizer] :: Reading run artifacts from /ceph/home/student.aau.dk/qd36zu/fuzzy-p10/tbd/masking/outputs/runs/synthetic_msi_segformer_b0_baseline_seed47_20260607T160022Z
2026-06-07 18:42:47,429 [Summarizer] :: Reading run artifacts from /ceph/home/student.aau.dk/qd36zu/fuzzy-p10/tbd/masking/outputs/runs/synthetic_msi_segformer_b1_baseline_seed47_20260607T160053Z
2026-06-07 18:42:47,478 [Summarizer] :: Reading run artifacts from /ceph/home/student.aau.dk/qd36zu/fuzzy-p10/tbd/masking/outputs/runs/rgb_synthetic_msi_unet_resnet34_baseline_seed47_20260607T160105Z
2026-06-07 18:42:47,792 [Summarizer] :: Reading run artifacts from /ceph/home/student.aau.dk/qd36zu/fuzzy-p10/tbd/masking/outputs/runs/rgb_synthetic_msi_unetplusplus_resnet34_baseline_seed47_20260607T160105Z
2026-06-07 18:42:47,884 [Summarizer] :: Reading run artifacts from /ceph/home/student.aau.dk/qd36zu/fuzzy-p10/tbd/masking/outputs/runs/rgb_synthetic_msi_unetplusplus_resnet50_baseline_seed47_20260607T160116Z
2026-06-07 18:42:47,943 [Summarizer] :: Reading run artifacts from /ceph/home/student.aau.dk/qd36zu/fuzzy-p10/tbd/masking/outputs/runs/rgb_synthetic_msi_unet_resnet34_baseline_seed42_20260607T152446Z
2026-06-07 18:42:48,116 [Summarizer] :: Reading run artifacts from /ceph/home/student.aau.dk/qd36zu/fuzzy-p10/tbd/masking/outputs/runs/rgb_synthetic_msi_deeplabv3plus_resnet34_baseline_seed47_20260607T160237Z
2026-06-07 18:42:48,246 [Summarizer] :: Reading run artifacts from /ceph/home/student.aau.dk/qd36zu/fuzzy-p10/tbd/masking/outputs/runs/rgb_synthetic_msi_deeplabv3plus_resnet50_baseline_seed47_20260607T161535Z
2026-06-07 18:42:48,302 [Summarizer] :: Reading run artifacts from /ceph/home/student.aau.dk/qd36zu/fuzzy-p10/tbd/masking/outputs/runs/rgb_synthetic_msi_segformer_b0_baseline_seed47_20260607T161535Z
2026-06-07 18:42:48,381 [Summarizer] :: Reading run artifacts from /ceph/home/student.aau.dk/qd36zu/fuzzy-p10/tbd/masking/outputs/runs/rgb_synthetic_msi_segformer_b1_baseline_seed47_20260607T161555Z
2026-06-07 18:42:48,436 [Summarizer] :: Reading run artifacts from /ceph/home/student.aau.dk/qd36zu/fuzzy-p10/tbd/masking/outputs/runs/synthetic_msi_unet_resnet34_baseline_seed48_20260607T161605Z
2026-06-07 18:42:48,631 [Summarizer] :: Reading run artifacts from /ceph/home/student.aau.dk/qd36zu/fuzzy-p10/tbd/masking/outputs/runs/synthetic_msi_unetplusplus_resnet34_baseline_seed48_20260607T161505Z
2026-06-07 18:42:48,677 [Summarizer] :: Reading run artifacts from /ceph/home/student.aau.dk/qd36zu/fuzzy-p10/tbd/masking/outputs/runs/synthetic_msi_unetplusplus_resnet50_baseline_seed48_20260607T161505Z
2026-06-07 18:42:48,896 [Summarizer] :: Reading run artifacts from /ceph/home/student.aau.dk/qd36zu/fuzzy-p10/tbd/masking/outputs/runs/synthetic_msi_deeplabv3plus_resnet34_baseline_seed48_20260607T161506Z
2026-06-07 18:42:48,956 [Summarizer] :: Reading run artifacts from /ceph/home/student.aau.dk/qd36zu/fuzzy-p10/tbd/masking/outputs/runs/synthetic_msi_deeplabv3plus_resnet50_baseline_seed48_20260607T161656Z
2026-06-07 18:42:49,048 [Summarizer] :: Reading run artifacts from /ceph/home/student.aau.dk/qd36zu/fuzzy-p10/tbd/masking/outputs/runs/synthetic_msi_segformer_b0_baseline_seed48_20260607T161749Z
2026-06-07 18:42:49,185 [Summarizer] :: Reading run artifacts from /ceph/home/student.aau.dk/qd36zu/fuzzy-p10/tbd/masking/outputs/runs/rgb_synthetic_msi_unetplusplus_resnet34_baseline_seed42_20260607T152910Z
2026-06-07 18:42:49,280 [Summarizer] :: Reading run artifacts from /ceph/home/student.aau.dk/qd36zu/fuzzy-p10/tbd/masking/outputs/runs/synthetic_msi_segformer_b1_baseline_seed48_20260607T161819Z
2026-06-07 18:42:49,368 [Summarizer] :: Reading run artifacts from /ceph/home/student.aau.dk/qd36zu/fuzzy-p10/tbd/masking/outputs/runs/rgb_synthetic_msi_unet_resnet34_baseline_seed48_20260607T161830Z
2026-06-07 18:42:49,481 [Summarizer] :: Reading run artifacts from /ceph/home/student.aau.dk/qd36zu/fuzzy-p10/tbd/masking/outputs/runs/rgb_synthetic_msi_unetplusplus_resnet34_baseline_seed48_20260607T161850Z
2026-06-07 18:42:49,606 [Summarizer] :: Reading run artifacts from /ceph/home/student.aau.dk/qd36zu/fuzzy-p10/tbd/masking/outputs/runs/rgb_synthetic_msi_unetplusplus_resnet50_baseline_seed48_20260607T161901Z
2026-06-07 18:42:49,682 [Summarizer] :: Reading run artifacts from /ceph/home/student.aau.dk/qd36zu/fuzzy-p10/tbd/masking/outputs/runs/rgb_synthetic_msi_deeplabv3plus_resnet34_baseline_seed48_20260607T161914Z
2026-06-07 18:42:49,748 [Summarizer] :: Reading run artifacts from /ceph/home/student.aau.dk/qd36zu/fuzzy-p10/tbd/masking/outputs/runs/rgb_synthetic_msi_deeplabv3plus_resnet50_baseline_seed48_20260607T161952Z
2026-06-07 18:42:49,826 [Summarizer] :: Reading run artifacts from /ceph/home/student.aau.dk/qd36zu/fuzzy-p10/tbd/masking/outputs/runs/rgb_synthetic_msi_segformer_b0_baseline_seed48_20260607T162034Z
2026-06-07 18:42:50,035 [Summarizer] :: Reading run artifacts from /ceph/home/student.aau.dk/qd36zu/fuzzy-p10/tbd/masking/outputs/runs/rgb_synthetic_msi_segformer_b1_baseline_seed48_20260607T162114Z
2026-06-07 18:42:50,292 [Summarizer] :: Reading run artifacts from /ceph/home/student.aau.dk/qd36zu/fuzzy-p10/tbd/masking/outputs/runs/synthetic_msi_unet_resnet34_baseline_seed49_20260607T162145Z
2026-06-07 18:42:50,352 [Summarizer] :: Reading run artifacts from /ceph/home/student.aau.dk/qd36zu/fuzzy-p10/tbd/masking/outputs/runs/synthetic_msi_unetplusplus_resnet34_baseline_seed49_20260607T162207Z
2026-06-07 18:42:50,426 [Summarizer] :: Reading run artifacts from /ceph/home/student.aau.dk/qd36zu/fuzzy-p10/tbd/masking/outputs/runs/rgb_synthetic_msi_unetplusplus_resnet50_baseline_seed42_20260607T152910Z
2026-06-07 18:42:50,605 [Summarizer] :: Wrote 140 run summary item(s) to /ceph/home/student.aau.dk/qd36zu/fuzzy-p10/tbd/masking/outputs/metrics/slurm_multi_seed_binary_baseline_only_synth_20260607T152417Z_summary.json
2026-06-07 18:42:50,605 [Summarizer] :: Wrote 14 aggregate summary item(s)
2026-06-07 18:42:50,605 [Summarizer] :: Summary generation completed
