2026-05-15 07:55:00,202 [Trainer] :: Training run initialized at /ceph/home/student.aau.dk/qd36zu/fuzzy-p10/tbd/masking/outputs/runs/real_msi_deeplabv3plus_resnet34_seed43_20260515T055500Z
2026-05-15 07:55:00,202 [Trainer] :: Loaded config from /ceph/home/student.aau.dk/qd36zu/fuzzy-p10/tbd/masking/configs/binary/real_msi_deeplabv3plus_resnet34.yaml
2026-05-15 07:55:00,202 [Trainer] :: Using seed=43 and device=None
2026-05-15 07:55:00,202 [Trainer] :: Using model architecture=DeepLabV3Plus encoder=resnet34 encoder_weights=imagenet
2026-05-15 07:55:00,551 [Trainer] :: Resolved runtime device to cuda
2026-05-15 07:55:00,551 [Trainer] :: Prepared normalization from source=train_split_patch_stats
2026-05-15 07:55:05,655 [Trainer] :: Built dataloaders with batch_size=16, num_workers=0
2026-05-15 07:55:05,656 [Trainer] :: Starting epoch 1
2026-05-15 08:00:56,689 [Trainer] :: Completed epoch 1: train_loss=0.419927 train_iou=0.638569 val_loss=0.521513 val_iou=0.402440 lr=0.00010000
2026-05-15 08:00:57,239 [Trainer] :: Updated latest checkpoint at epoch 1
2026-05-15 08:00:57,682 [Trainer] :: New best checkpoint saved with val_iou=0.402440
2026-05-15 08:00:57,682 [Trainer] :: Starting epoch 2
2026-05-15 08:02:41,896 [Trainer] :: Completed epoch 2: train_loss=0.314941 train_iou=0.729531 val_loss=0.344769 val_iou=0.538909 lr=0.00009999
2026-05-15 08:02:42,214 [Trainer] :: Updated latest checkpoint at epoch 2
2026-05-15 08:02:42,506 [Trainer] :: New best checkpoint saved with val_iou=0.538909
2026-05-15 08:02:42,507 [Trainer] :: Starting epoch 3
2026-05-15 08:04:22,570 [Trainer] :: Completed epoch 3: train_loss=0.280220 train_iou=0.753415 val_loss=0.319995 val_iou=0.567566 lr=0.00009998
2026-05-15 08:04:22,879 [Trainer] :: Updated latest checkpoint at epoch 3
2026-05-15 08:04:23,172 [Trainer] :: New best checkpoint saved with val_iou=0.567566
2026-05-15 08:04:23,172 [Trainer] :: Starting epoch 4
2026-05-15 08:05:58,866 [Trainer] :: Completed epoch 4: train_loss=0.260844 train_iou=0.770551 val_loss=0.353974 val_iou=0.517145 lr=0.00009996
2026-05-15 08:05:59,177 [Trainer] :: Updated latest checkpoint at epoch 4
2026-05-15 08:05:59,177 [Trainer] :: No validation IoU improvement for 1 epoch(s)
2026-05-15 08:05:59,177 [Trainer] :: Starting epoch 5
2026-05-15 08:07:39,251 [Trainer] :: Completed epoch 5: train_loss=0.255808 train_iou=0.771682 val_loss=0.324397 val_iou=0.556418 lr=0.00009993
2026-05-15 08:07:39,588 [Trainer] :: Updated latest checkpoint at epoch 5
2026-05-15 08:07:39,588 [Trainer] :: No validation IoU improvement for 2 epoch(s)
2026-05-15 08:07:39,588 [Trainer] :: Starting epoch 6
2026-05-15 08:09:17,385 [Trainer] :: Completed epoch 6: train_loss=0.234089 train_iou=0.791036 val_loss=0.306812 val_iou=0.573647 lr=0.00009990
2026-05-15 08:09:18,014 [Trainer] :: Updated latest checkpoint at epoch 6
2026-05-15 08:09:18,326 [Trainer] :: New best checkpoint saved with val_iou=0.573647
2026-05-15 08:09:18,326 [Trainer] :: Starting epoch 7
2026-05-15 08:10:55,197 [Trainer] :: Completed epoch 7: train_loss=0.221888 train_iou=0.804373 val_loss=0.293301 val_iou=0.594009 lr=0.00009987
2026-05-15 08:10:55,598 [Trainer] :: Updated latest checkpoint at epoch 7
2026-05-15 08:10:55,927 [Trainer] :: New best checkpoint saved with val_iou=0.594009
2026-05-15 08:10:55,939 [Trainer] :: Starting epoch 8
2026-05-15 08:12:33,613 [Trainer] :: Completed epoch 8: train_loss=0.220099 train_iou=0.804252 val_loss=0.292109 val_iou=0.589907 lr=0.00009983
2026-05-15 08:12:33,919 [Trainer] :: Updated latest checkpoint at epoch 8
2026-05-15 08:12:33,919 [Trainer] :: No validation IoU improvement for 1 epoch(s)
2026-05-15 08:12:33,919 [Trainer] :: Starting epoch 9
2026-05-15 08:14:09,830 [Trainer] :: Completed epoch 9: train_loss=0.210219 train_iou=0.812412 val_loss=0.295403 val_iou=0.587075 lr=0.00009978
2026-05-15 08:14:10,136 [Trainer] :: Updated latest checkpoint at epoch 9
2026-05-15 08:14:10,137 [Trainer] :: No validation IoU improvement for 2 epoch(s)
2026-05-15 08:14:10,137 [Trainer] :: Starting epoch 10
2026-05-15 08:15:49,118 [Trainer] :: Completed epoch 10: train_loss=0.206896 train_iou=0.816870 val_loss=0.314963 val_iou=0.562471 lr=0.00009973
2026-05-15 08:15:49,569 [Trainer] :: Updated latest checkpoint at epoch 10
2026-05-15 08:15:49,569 [Trainer] :: No validation IoU improvement for 3 epoch(s)
2026-05-15 08:15:49,569 [Trainer] :: Starting epoch 11
2026-05-15 08:17:26,775 [Trainer] :: Completed epoch 11: train_loss=0.198748 train_iou=0.821328 val_loss=0.317894 val_iou=0.558337 lr=0.00009967
2026-05-15 08:17:27,135 [Trainer] :: Updated latest checkpoint at epoch 11
2026-05-15 08:17:27,136 [Trainer] :: No validation IoU improvement for 4 epoch(s)
2026-05-15 08:17:27,136 [Trainer] :: Starting epoch 12
2026-05-15 08:19:06,712 [Trainer] :: Completed epoch 12: train_loss=0.198253 train_iou=0.823055 val_loss=0.300369 val_iou=0.571366 lr=0.00009961
2026-05-15 08:19:07,060 [Trainer] :: Updated latest checkpoint at epoch 12
2026-05-15 08:19:07,061 [Trainer] :: No validation IoU improvement for 5 epoch(s)
2026-05-15 08:19:07,061 [Trainer] :: Starting epoch 13
2026-05-15 08:20:43,485 [Trainer] :: Completed epoch 13: train_loss=0.186300 train_iou=0.829859 val_loss=0.332344 val_iou=0.548329 lr=0.00009954
2026-05-15 08:20:43,866 [Trainer] :: Updated latest checkpoint at epoch 13
2026-05-15 08:20:43,867 [Trainer] :: No validation IoU improvement for 6 epoch(s)
2026-05-15 08:20:43,867 [Trainer] :: Starting epoch 14
2026-05-15 08:22:25,880 [Trainer] :: Completed epoch 14: train_loss=0.180254 train_iou=0.834191 val_loss=0.347334 val_iou=0.525007 lr=0.00009947
2026-05-15 08:22:26,202 [Trainer] :: Updated latest checkpoint at epoch 14
2026-05-15 08:22:26,203 [Trainer] :: No validation IoU improvement for 7 epoch(s)
2026-05-15 08:22:26,203 [Trainer] :: Starting epoch 15
2026-05-15 08:24:07,449 [Trainer] :: Completed epoch 15: train_loss=0.173491 train_iou=0.839202 val_loss=0.312970 val_iou=0.567323 lr=0.00009939
2026-05-15 08:24:07,772 [Trainer] :: Updated latest checkpoint at epoch 15
2026-05-15 08:24:07,772 [Trainer] :: No validation IoU improvement for 8 epoch(s)
2026-05-15 08:24:07,772 [Trainer] :: Starting epoch 16
2026-05-15 08:25:45,590 [Trainer] :: Completed epoch 16: train_loss=0.168663 train_iou=0.839429 val_loss=0.294589 val_iou=0.591115 lr=0.00009931
2026-05-15 08:25:46,805 [Trainer] :: Updated latest checkpoint at epoch 16
2026-05-15 08:25:46,805 [Trainer] :: No validation IoU improvement for 9 epoch(s)
2026-05-15 08:25:46,805 [Trainer] :: Starting epoch 17
2026-05-15 08:27:26,064 [Trainer] :: Completed epoch 17: train_loss=0.166444 train_iou=0.838203 val_loss=0.310730 val_iou=0.576926 lr=0.00009922
2026-05-15 08:27:26,385 [Trainer] :: Updated latest checkpoint at epoch 17
2026-05-15 08:27:26,385 [Trainer] :: No validation IoU improvement for 10 epoch(s)
2026-05-15 08:27:26,385 [Trainer] :: Starting epoch 18
2026-05-15 08:29:02,180 [Trainer] :: Completed epoch 18: train_loss=0.159178 train_iou=0.844206 val_loss=0.288726 val_iou=0.591913 lr=0.00009912
2026-05-15 08:29:02,519 [Trainer] :: Updated latest checkpoint at epoch 18
2026-05-15 08:29:02,520 [Trainer] :: No validation IoU improvement for 11 epoch(s)
2026-05-15 08:29:02,520 [Trainer] :: Starting epoch 19
2026-05-15 08:30:40,757 [Trainer] :: Completed epoch 19: train_loss=0.160194 train_iou=0.841625 val_loss=0.285367 val_iou=0.598295 lr=0.00009902
2026-05-15 08:30:41,139 [Trainer] :: Updated latest checkpoint at epoch 19
2026-05-15 08:30:41,439 [Trainer] :: New best checkpoint saved with val_iou=0.598295
2026-05-15 08:30:41,440 [Trainer] :: Starting epoch 20
2026-05-15 08:32:21,481 [Trainer] :: Completed epoch 20: train_loss=0.143172 train_iou=0.859297 val_loss=0.337095 val_iou=0.557833 lr=0.00009892
2026-05-15 08:32:21,797 [Trainer] :: Updated latest checkpoint at epoch 20
2026-05-15 08:32:21,797 [Trainer] :: No validation IoU improvement for 1 epoch(s)
2026-05-15 08:32:21,797 [Trainer] :: Starting epoch 21
2026-05-15 08:34:01,091 [Trainer] :: Completed epoch 21: train_loss=0.142844 train_iou=0.858893 val_loss=0.334487 val_iou=0.556000 lr=0.00009881
2026-05-15 08:34:01,490 [Trainer] :: Updated latest checkpoint at epoch 21
2026-05-15 08:34:01,491 [Trainer] :: No validation IoU improvement for 2 epoch(s)
2026-05-15 08:34:01,491 [Trainer] :: Starting epoch 22
2026-05-15 08:35:40,974 [Trainer] :: Completed epoch 22: train_loss=0.140830 train_iou=0.860823 val_loss=0.305251 val_iou=0.584576 lr=0.00009869
2026-05-15 08:35:41,365 [Trainer] :: Updated latest checkpoint at epoch 22
2026-05-15 08:35:41,365 [Trainer] :: No validation IoU improvement for 3 epoch(s)
2026-05-15 08:35:41,365 [Trainer] :: Starting epoch 23
2026-05-15 08:37:19,913 [Trainer] :: Completed epoch 23: train_loss=0.135540 train_iou=0.866212 val_loss=0.329484 val_iou=0.551619 lr=0.00009857
2026-05-15 08:37:20,290 [Trainer] :: Updated latest checkpoint at epoch 23
2026-05-15 08:37:20,290 [Trainer] :: No validation IoU improvement for 4 epoch(s)
2026-05-15 08:37:20,290 [Trainer] :: Starting epoch 24
2026-05-15 08:39:00,292 [Trainer] :: Completed epoch 24: train_loss=0.133037 train_iou=0.866442 val_loss=0.337425 val_iou=0.565512 lr=0.00009844
2026-05-15 08:39:00,641 [Trainer] :: Updated latest checkpoint at epoch 24
2026-05-15 08:39:00,641 [Trainer] :: No validation IoU improvement for 5 epoch(s)
2026-05-15 08:39:00,641 [Trainer] :: Starting epoch 25
2026-05-15 08:40:39,997 [Trainer] :: Completed epoch 25: train_loss=0.137950 train_iou=0.863551 val_loss=0.275221 val_iou=0.616376 lr=0.00009831
2026-05-15 08:40:40,333 [Trainer] :: Updated latest checkpoint at epoch 25
2026-05-15 08:40:40,689 [Trainer] :: New best checkpoint saved with val_iou=0.616376
2026-05-15 08:40:40,690 [Trainer] :: Starting epoch 26
2026-05-15 08:42:17,733 [Trainer] :: Completed epoch 26: train_loss=0.128927 train_iou=0.871692 val_loss=0.331305 val_iou=0.565201 lr=0.00009818
2026-05-15 08:42:18,153 [Trainer] :: Updated latest checkpoint at epoch 26
2026-05-15 08:42:18,153 [Trainer] :: No validation IoU improvement for 1 epoch(s)
2026-05-15 08:42:18,153 [Trainer] :: Starting epoch 27
2026-05-15 08:43:54,652 [Trainer] :: Completed epoch 27: train_loss=0.124765 train_iou=0.875332 val_loss=0.329553 val_iou=0.562934 lr=0.00009803
2026-05-15 08:43:54,985 [Trainer] :: Updated latest checkpoint at epoch 27
2026-05-15 08:43:54,986 [Trainer] :: No validation IoU improvement for 2 epoch(s)
2026-05-15 08:43:54,986 [Trainer] :: Starting epoch 28
2026-05-15 08:45:32,644 [Trainer] :: Completed epoch 28: train_loss=0.116676 train_iou=0.879661 val_loss=0.293355 val_iou=0.601057 lr=0.00009789
2026-05-15 08:45:33,067 [Trainer] :: Updated latest checkpoint at epoch 28
2026-05-15 08:45:33,067 [Trainer] :: No validation IoU improvement for 3 epoch(s)
2026-05-15 08:45:33,067 [Trainer] :: Starting epoch 29
2026-05-15 08:47:10,878 [Trainer] :: Completed epoch 29: train_loss=0.119987 train_iou=0.877436 val_loss=0.321699 val_iou=0.582884 lr=0.00009773
2026-05-15 08:47:11,351 [Trainer] :: Updated latest checkpoint at epoch 29
2026-05-15 08:47:11,351 [Trainer] :: No validation IoU improvement for 4 epoch(s)
2026-05-15 08:47:11,351 [Trainer] :: Starting epoch 30
2026-05-15 08:48:48,163 [Trainer] :: Completed epoch 30: train_loss=0.117067 train_iou=0.879681 val_loss=0.312781 val_iou=0.579127 lr=0.00009758
2026-05-15 08:48:48,482 [Trainer] :: Updated latest checkpoint at epoch 30
2026-05-15 08:48:48,482 [Trainer] :: No validation IoU improvement for 5 epoch(s)
2026-05-15 08:48:48,482 [Trainer] :: Starting epoch 31
2026-05-15 08:50:27,148 [Trainer] :: Completed epoch 31: train_loss=0.118587 train_iou=0.879208 val_loss=0.307814 val_iou=0.587324 lr=0.00009741
2026-05-15 08:50:27,829 [Trainer] :: Updated latest checkpoint at epoch 31
2026-05-15 08:50:27,830 [Trainer] :: No validation IoU improvement for 6 epoch(s)
2026-05-15 08:50:27,830 [Trainer] :: Starting epoch 32
2026-05-15 08:52:05,348 [Trainer] :: Completed epoch 32: train_loss=0.114390 train_iou=0.882924 val_loss=0.326152 val_iou=0.592537 lr=0.00009725
2026-05-15 08:52:07,045 [Trainer] :: Updated latest checkpoint at epoch 32
2026-05-15 08:52:07,045 [Trainer] :: No validation IoU improvement for 7 epoch(s)
2026-05-15 08:52:07,045 [Trainer] :: Starting epoch 33
2026-05-15 08:53:46,183 [Trainer] :: Completed epoch 33: train_loss=0.110519 train_iou=0.887732 val_loss=0.318687 val_iou=0.588873 lr=0.00009707
2026-05-15 08:53:46,653 [Trainer] :: Updated latest checkpoint at epoch 33
2026-05-15 08:53:46,653 [Trainer] :: No validation IoU improvement for 8 epoch(s)
2026-05-15 08:53:46,653 [Trainer] :: Starting epoch 34
2026-05-15 08:55:26,175 [Trainer] :: Completed epoch 34: train_loss=0.107943 train_iou=0.887516 val_loss=0.311810 val_iou=0.593917 lr=0.00009690
2026-05-15 08:55:26,609 [Trainer] :: Updated latest checkpoint at epoch 34
2026-05-15 08:55:26,609 [Trainer] :: No validation IoU improvement for 9 epoch(s)
2026-05-15 08:55:26,609 [Trainer] :: Starting epoch 35
2026-05-15 08:57:03,341 [Trainer] :: Completed epoch 35: train_loss=0.107228 train_iou=0.888130 val_loss=0.298303 val_iou=0.603220 lr=0.00009671
2026-05-15 08:57:03,910 [Trainer] :: Updated latest checkpoint at epoch 35
2026-05-15 08:57:03,910 [Trainer] :: No validation IoU improvement for 10 epoch(s)
2026-05-15 08:57:03,910 [Trainer] :: Starting epoch 36
2026-05-15 08:58:43,973 [Trainer] :: Completed epoch 36: train_loss=0.104776 train_iou=0.891500 val_loss=0.321682 val_iou=0.566944 lr=0.00009652
2026-05-15 08:58:44,356 [Trainer] :: Updated latest checkpoint at epoch 36
2026-05-15 08:58:44,356 [Trainer] :: No validation IoU improvement for 11 epoch(s)
2026-05-15 08:58:44,356 [Trainer] :: Starting epoch 37
2026-05-15 09:00:23,995 [Trainer] :: Completed epoch 37: train_loss=0.101536 train_iou=0.894143 val_loss=0.299386 val_iou=0.598166 lr=0.00009633
2026-05-15 09:00:24,391 [Trainer] :: Updated latest checkpoint at epoch 37
2026-05-15 09:00:24,391 [Trainer] :: No validation IoU improvement for 12 epoch(s)
2026-05-15 09:00:24,391 [Trainer] :: Starting epoch 38
2026-05-15 09:02:01,591 [Trainer] :: Completed epoch 38: train_loss=0.100333 train_iou=0.895182 val_loss=0.326418 val_iou=0.573410 lr=0.00009613
2026-05-15 09:02:02,013 [Trainer] :: Updated latest checkpoint at epoch 38
2026-05-15 09:02:02,013 [Trainer] :: No validation IoU improvement for 13 epoch(s)
2026-05-15 09:02:02,013 [Trainer] :: Starting epoch 39
2026-05-15 09:03:40,488 [Trainer] :: Completed epoch 39: train_loss=0.099490 train_iou=0.894583 val_loss=0.315135 val_iou=0.585460 lr=0.00009593
2026-05-15 09:03:40,812 [Trainer] :: Updated latest checkpoint at epoch 39
2026-05-15 09:03:40,812 [Trainer] :: No validation IoU improvement for 14 epoch(s)
2026-05-15 09:03:40,812 [Trainer] :: Starting epoch 40
2026-05-15 09:05:18,562 [Trainer] :: Completed epoch 40: train_loss=0.094049 train_iou=0.902546 val_loss=0.306122 val_iou=0.589536 lr=0.00009572
2026-05-15 09:05:20,071 [Trainer] :: Updated latest checkpoint at epoch 40
2026-05-15 09:05:20,071 [Trainer] :: No validation IoU improvement for 15 epoch(s)
2026-05-15 09:05:20,072 [Trainer] :: Starting epoch 41
2026-05-15 09:06:59,001 [Trainer] :: Completed epoch 41: train_loss=0.094357 train_iou=0.901301 val_loss=0.300966 val_iou=0.596363 lr=0.00009551
2026-05-15 09:06:59,433 [Trainer] :: Updated latest checkpoint at epoch 41
2026-05-15 09:06:59,433 [Trainer] :: No validation IoU improvement for 16 epoch(s)
2026-05-15 09:06:59,433 [Trainer] :: Starting epoch 42
2026-05-15 09:08:37,756 [Trainer] :: Completed epoch 42: train_loss=0.095453 train_iou=0.900721 val_loss=0.306459 val_iou=0.587787 lr=0.00009529
2026-05-15 09:08:38,295 [Trainer] :: Updated latest checkpoint at epoch 42
2026-05-15 09:08:38,295 [Trainer] :: No validation IoU improvement for 17 epoch(s)
2026-05-15 09:08:38,295 [Trainer] :: Starting epoch 43
2026-05-15 09:10:17,103 [Trainer] :: Completed epoch 43: train_loss=0.089958 train_iou=0.905737 val_loss=0.302881 val_iou=0.599380 lr=0.00009507
2026-05-15 09:10:17,914 [Trainer] :: Updated latest checkpoint at epoch 43
2026-05-15 09:10:17,914 [Trainer] :: No validation IoU improvement for 18 epoch(s)
2026-05-15 09:10:17,914 [Trainer] :: Starting epoch 44
2026-05-15 09:11:56,313 [Trainer] :: Completed epoch 44: train_loss=0.091940 train_iou=0.904207 val_loss=0.340640 val_iou=0.581508 lr=0.00009484
2026-05-15 09:11:56,661 [Trainer] :: Updated latest checkpoint at epoch 44
2026-05-15 09:11:56,661 [Trainer] :: No validation IoU improvement for 19 epoch(s)
2026-05-15 09:11:56,661 [Trainer] :: Starting epoch 45
2026-05-15 09:13:33,481 [Trainer] :: Completed epoch 45: train_loss=0.089093 train_iou=0.907192 val_loss=0.318755 val_iou=0.582765 lr=0.00009460
2026-05-15 09:13:33,812 [Trainer] :: Updated latest checkpoint at epoch 45
2026-05-15 09:13:33,812 [Trainer] :: No validation IoU improvement for 20 epoch(s)
2026-05-15 09:13:33,812 [Trainer] :: Starting epoch 46
2026-05-15 09:15:10,431 [Trainer] :: Completed epoch 46: train_loss=0.085752 train_iou=0.908570 val_loss=0.300812 val_iou=0.586784 lr=0.00009437
2026-05-15 09:15:10,851 [Trainer] :: Updated latest checkpoint at epoch 46
2026-05-15 09:15:10,851 [Trainer] :: No validation IoU improvement for 21 epoch(s)
2026-05-15 09:15:10,851 [Trainer] :: Starting epoch 47
2026-05-15 09:16:48,180 [Trainer] :: Completed epoch 47: train_loss=0.090363 train_iou=0.903873 val_loss=0.298365 val_iou=0.591550 lr=0.00009412
2026-05-15 09:16:48,522 [Trainer] :: Updated latest checkpoint at epoch 47
2026-05-15 09:16:48,522 [Trainer] :: No validation IoU improvement for 22 epoch(s)
2026-05-15 09:16:48,522 [Trainer] :: Starting epoch 48
2026-05-15 09:18:25,740 [Trainer] :: Completed epoch 48: train_loss=0.083757 train_iou=0.910349 val_loss=0.317305 val_iou=0.574716 lr=0.00009388
2026-05-15 09:18:26,102 [Trainer] :: Updated latest checkpoint at epoch 48
2026-05-15 09:18:26,102 [Trainer] :: No validation IoU improvement for 23 epoch(s)
2026-05-15 09:18:26,102 [Trainer] :: Starting epoch 49
2026-05-15 09:20:04,042 [Trainer] :: Completed epoch 49: train_loss=0.084238 train_iou=0.912201 val_loss=0.326054 val_iou=0.568456 lr=0.00009363
2026-05-15 09:20:04,907 [Trainer] :: Updated latest checkpoint at epoch 49
2026-05-15 09:20:04,907 [Trainer] :: No validation IoU improvement for 24 epoch(s)
2026-05-15 09:20:04,907 [Trainer] :: Starting epoch 50
2026-05-15 09:21:42,422 [Trainer] :: Completed epoch 50: train_loss=0.082691 train_iou=0.911959 val_loss=0.321846 val_iou=0.570974 lr=0.00009337
2026-05-15 09:21:44,348 [Trainer] :: Updated latest checkpoint at epoch 50
2026-05-15 09:21:44,348 [Trainer] :: No validation IoU improvement for 25 epoch(s)
2026-05-15 09:21:44,348 [Trainer] :: Starting epoch 51
2026-05-15 09:23:22,662 [Trainer] :: Completed epoch 51: train_loss=0.081365 train_iou=0.914199 val_loss=0.312197 val_iou=0.585324 lr=0.00009311
2026-05-15 09:23:23,125 [Trainer] :: Updated latest checkpoint at epoch 51
2026-05-15 09:23:23,125 [Trainer] :: No validation IoU improvement for 26 epoch(s)
2026-05-15 09:23:23,125 [Trainer] :: Starting epoch 52
2026-05-15 09:25:00,677 [Trainer] :: Completed epoch 52: train_loss=0.079401 train_iou=0.915420 val_loss=0.346959 val_iou=0.558593 lr=0.00009284
2026-05-15 09:25:01,037 [Trainer] :: Updated latest checkpoint at epoch 52
2026-05-15 09:25:01,037 [Trainer] :: No validation IoU improvement for 27 epoch(s)
2026-05-15 09:25:01,037 [Trainer] :: Starting epoch 53
2026-05-15 09:26:40,102 [Trainer] :: Completed epoch 53: train_loss=0.080460 train_iou=0.915021 val_loss=0.308191 val_iou=0.591895 lr=0.00009257
2026-05-15 09:26:40,469 [Trainer] :: Updated latest checkpoint at epoch 53
2026-05-15 09:26:40,469 [Trainer] :: No validation IoU improvement for 28 epoch(s)
2026-05-15 09:26:40,469 [Trainer] :: Starting epoch 54
2026-05-15 09:28:23,447 [Trainer] :: Completed epoch 54: train_loss=0.077518 train_iou=0.918027 val_loss=0.360266 val_iou=0.578172 lr=0.00009229
2026-05-15 09:28:24,694 [Trainer] :: Updated latest checkpoint at epoch 54
2026-05-15 09:28:24,694 [Trainer] :: No validation IoU improvement for 29 epoch(s)
2026-05-15 09:28:24,694 [Trainer] :: Starting epoch 55
2026-05-15 09:30:04,047 [Trainer] :: Completed epoch 55: train_loss=0.078129 train_iou=0.916371 val_loss=0.317778 val_iou=0.591901 lr=0.00009201
2026-05-15 09:30:04,630 [Trainer] :: Updated latest checkpoint at epoch 55
2026-05-15 09:30:04,630 [Trainer] :: No validation IoU improvement for 30 epoch(s)
2026-05-15 09:30:04,630 [Trainer] :: Starting epoch 56
2026-05-15 09:31:43,424 [Trainer] :: Completed epoch 56: train_loss=0.075921 train_iou=0.920075 val_loss=0.340923 val_iou=0.568694 lr=0.00009173
2026-05-15 09:31:43,887 [Trainer] :: Updated latest checkpoint at epoch 56
2026-05-15 09:31:43,887 [Trainer] :: No validation IoU improvement for 31 epoch(s)
2026-05-15 09:31:43,887 [Trainer] :: Starting epoch 57
2026-05-15 09:33:23,867 [Trainer] :: Completed epoch 57: train_loss=0.077665 train_iou=0.918235 val_loss=0.349698 val_iou=0.563975 lr=0.00009144
2026-05-15 09:33:24,264 [Trainer] :: Updated latest checkpoint at epoch 57
2026-05-15 09:33:24,264 [Trainer] :: No validation IoU improvement for 32 epoch(s)
2026-05-15 09:33:24,264 [Trainer] :: Starting epoch 58
2026-05-15 09:35:01,457 [Trainer] :: Completed epoch 58: train_loss=0.072544 train_iou=0.921966 val_loss=0.348928 val_iou=0.569039 lr=0.00009115
2026-05-15 09:35:01,779 [Trainer] :: Updated latest checkpoint at epoch 58
2026-05-15 09:35:01,779 [Trainer] :: No validation IoU improvement for 33 epoch(s)
2026-05-15 09:35:01,780 [Trainer] :: Starting epoch 59
2026-05-15 09:36:42,987 [Trainer] :: Completed epoch 59: train_loss=0.072222 train_iou=0.922975 val_loss=0.345869 val_iou=0.573080 lr=0.00009085
2026-05-15 09:36:43,366 [Trainer] :: Updated latest checkpoint at epoch 59
2026-05-15 09:36:43,366 [Trainer] :: No validation IoU improvement for 34 epoch(s)
2026-05-15 09:36:43,366 [Trainer] :: Starting epoch 60
2026-05-15 09:38:20,652 [Trainer] :: Completed epoch 60: train_loss=0.072969 train_iou=0.922399 val_loss=0.320402 val_iou=0.592377 lr=0.00009055
2026-05-15 09:38:21,078 [Trainer] :: Updated latest checkpoint at epoch 60
2026-05-15 09:38:21,078 [Trainer] :: No validation IoU improvement for 35 epoch(s)
2026-05-15 09:38:21,078 [Trainer] :: Starting epoch 61
2026-05-15 09:39:59,273 [Trainer] :: Completed epoch 61: train_loss=0.077045 train_iou=0.922780 val_loss=0.337823 val_iou=0.577123 lr=0.00009024
2026-05-15 09:39:59,698 [Trainer] :: Updated latest checkpoint at epoch 61
2026-05-15 09:39:59,698 [Trainer] :: No validation IoU improvement for 36 epoch(s)
2026-05-15 09:39:59,698 [Trainer] :: Starting epoch 62
2026-05-15 09:41:40,128 [Trainer] :: Completed epoch 62: train_loss=0.072532 train_iou=0.921686 val_loss=0.355750 val_iou=0.550604 lr=0.00008993
2026-05-15 09:41:40,521 [Trainer] :: Updated latest checkpoint at epoch 62
2026-05-15 09:41:40,521 [Trainer] :: No validation IoU improvement for 37 epoch(s)
2026-05-15 09:41:40,521 [Trainer] :: Starting epoch 63
2026-05-15 09:43:19,546 [Trainer] :: Completed epoch 63: train_loss=0.071627 train_iou=0.923287 val_loss=0.337685 val_iou=0.580417 lr=0.00008961
2026-05-15 09:43:20,121 [Trainer] :: Updated latest checkpoint at epoch 63
2026-05-15 09:43:20,134 [Trainer] :: No validation IoU improvement for 38 epoch(s)
2026-05-15 09:43:20,134 [Trainer] :: Starting epoch 64
2026-05-15 09:45:00,962 [Trainer] :: Completed epoch 64: train_loss=0.068457 train_iou=0.925940 val_loss=0.330106 val_iou=0.580903 lr=0.00008929
2026-05-15 09:45:01,348 [Trainer] :: Updated latest checkpoint at epoch 64
2026-05-15 09:45:01,348 [Trainer] :: No validation IoU improvement for 39 epoch(s)
2026-05-15 09:45:01,348 [Trainer] :: Starting epoch 65
2026-05-15 09:46:38,962 [Trainer] :: Completed epoch 65: train_loss=0.068671 train_iou=0.926530 val_loss=0.331966 val_iou=0.579798 lr=0.00008897
2026-05-15 09:46:39,347 [Trainer] :: Updated latest checkpoint at epoch 65
2026-05-15 09:46:39,347 [Trainer] :: No validation IoU improvement for 40 epoch(s)
2026-05-15 09:46:39,347 [Trainer] :: Starting epoch 66
2026-05-15 09:48:17,920 [Trainer] :: Completed epoch 66: train_loss=0.070244 train_iou=0.924605 val_loss=0.306393 val_iou=0.596183 lr=0.00008864
2026-05-15 09:48:18,358 [Trainer] :: Updated latest checkpoint at epoch 66
2026-05-15 09:48:18,358 [Trainer] :: No validation IoU improvement for 41 epoch(s)
2026-05-15 09:48:18,358 [Trainer] :: Starting epoch 67
2026-05-15 09:49:57,084 [Trainer] :: Completed epoch 67: train_loss=0.066310 train_iou=0.928336 val_loss=0.344659 val_iou=0.567073 lr=0.00008831
2026-05-15 09:49:57,515 [Trainer] :: Updated latest checkpoint at epoch 67
2026-05-15 09:49:57,515 [Trainer] :: No validation IoU improvement for 42 epoch(s)
2026-05-15 09:49:57,515 [Trainer] :: Starting epoch 68
2026-05-15 09:51:35,568 [Trainer] :: Completed epoch 68: train_loss=0.066772 train_iou=0.929238 val_loss=0.343516 val_iou=0.570990 lr=0.00008797
2026-05-15 09:51:35,895 [Trainer] :: Updated latest checkpoint at epoch 68
2026-05-15 09:51:35,895 [Trainer] :: No validation IoU improvement for 43 epoch(s)
2026-05-15 09:51:35,895 [Trainer] :: Starting epoch 69
2026-05-15 09:53:13,274 [Trainer] :: Completed epoch 69: train_loss=0.067931 train_iou=0.927731 val_loss=0.321951 val_iou=0.587898 lr=0.00008763
2026-05-15 09:53:13,714 [Trainer] :: Updated latest checkpoint at epoch 69
2026-05-15 09:53:13,714 [Trainer] :: No validation IoU improvement for 44 epoch(s)
2026-05-15 09:53:13,715 [Trainer] :: Starting epoch 70
2026-05-15 09:54:52,395 [Trainer] :: Completed epoch 70: train_loss=0.065398 train_iou=0.930303 val_loss=0.336015 val_iou=0.579335 lr=0.00008729
2026-05-15 09:54:52,722 [Trainer] :: Updated latest checkpoint at epoch 70
2026-05-15 09:54:52,722 [Trainer] :: No validation IoU improvement for 45 epoch(s)
2026-05-15 09:54:52,722 [Trainer] :: Starting epoch 71
2026-05-15 09:56:32,256 [Trainer] :: Completed epoch 71: train_loss=0.064765 train_iou=0.931071 val_loss=0.337674 val_iou=0.573348 lr=0.00008694
2026-05-15 09:56:33,493 [Trainer] :: Updated latest checkpoint at epoch 71
2026-05-15 09:56:33,494 [Trainer] :: No validation IoU improvement for 46 epoch(s)
2026-05-15 09:56:33,494 [Trainer] :: Starting epoch 72
2026-05-15 09:58:11,229 [Trainer] :: Completed epoch 72: train_loss=0.062782 train_iou=0.932908 val_loss=0.348227 val_iou=0.572960 lr=0.00008658
2026-05-15 09:58:11,643 [Trainer] :: Updated latest checkpoint at epoch 72
2026-05-15 09:58:11,643 [Trainer] :: No validation IoU improvement for 47 epoch(s)
2026-05-15 09:58:11,644 [Trainer] :: Starting epoch 73
2026-05-15 09:59:49,660 [Trainer] :: Completed epoch 73: train_loss=0.062402 train_iou=0.932751 val_loss=0.362117 val_iou=0.572844 lr=0.00008623
2026-05-15 09:59:50,138 [Trainer] :: Updated latest checkpoint at epoch 73
2026-05-15 09:59:50,139 [Trainer] :: No validation IoU improvement for 48 epoch(s)
2026-05-15 09:59:50,139 [Trainer] :: Starting epoch 74
2026-05-15 10:01:27,311 [Trainer] :: Completed epoch 74: train_loss=0.063040 train_iou=0.933006 val_loss=0.421512 val_iou=0.511459 lr=0.00008587
2026-05-15 10:01:27,644 [Trainer] :: Updated latest checkpoint at epoch 74
2026-05-15 10:01:27,644 [Trainer] :: No validation IoU improvement for 49 epoch(s)
2026-05-15 10:01:27,644 [Trainer] :: Starting epoch 75
2026-05-15 10:03:05,247 [Trainer] :: Completed epoch 75: train_loss=0.065207 train_iou=0.929820 val_loss=0.356729 val_iou=0.562578 lr=0.00008550
2026-05-15 10:03:05,568 [Trainer] :: Updated latest checkpoint at epoch 75
2026-05-15 10:03:05,568 [Trainer] :: No validation IoU improvement for 50 epoch(s)
2026-05-15 10:03:05,568 [Trainer] :: Starting epoch 76
2026-05-15 10:04:43,132 [Trainer] :: Completed epoch 76: train_loss=0.063248 train_iou=0.932184 val_loss=0.326629 val_iou=0.591889 lr=0.00008513
2026-05-15 10:04:43,469 [Trainer] :: Updated latest checkpoint at epoch 76
2026-05-15 10:04:43,469 [Trainer] :: No validation IoU improvement for 51 epoch(s)
2026-05-15 10:04:43,469 [Trainer] :: Starting epoch 77
2026-05-15 10:06:21,506 [Trainer] :: Completed epoch 77: train_loss=0.063368 train_iou=0.933050 val_loss=0.348797 val_iou=0.579703 lr=0.00008476
2026-05-15 10:06:22,178 [Trainer] :: Updated latest checkpoint at epoch 77
2026-05-15 10:06:22,179 [Trainer] :: No validation IoU improvement for 52 epoch(s)
2026-05-15 10:06:22,179 [Trainer] :: Starting epoch 78
2026-05-15 10:08:02,021 [Trainer] :: Completed epoch 78: train_loss=0.059983 train_iou=0.935077 val_loss=0.343603 val_iou=0.575180 lr=0.00008439
2026-05-15 10:08:02,536 [Trainer] :: Updated latest checkpoint at epoch 78
2026-05-15 10:08:02,536 [Trainer] :: No validation IoU improvement for 53 epoch(s)
2026-05-15 10:08:02,536 [Trainer] :: Starting epoch 79
2026-05-15 10:09:41,622 [Trainer] :: Completed epoch 79: train_loss=0.061085 train_iou=0.934880 val_loss=0.352640 val_iou=0.569989 lr=0.00008401
2026-05-15 10:09:41,949 [Trainer] :: Updated latest checkpoint at epoch 79
2026-05-15 10:09:41,949 [Trainer] :: No validation IoU improvement for 54 epoch(s)
2026-05-15 10:09:41,949 [Trainer] :: Starting epoch 80
2026-05-15 10:11:21,532 [Trainer] :: Completed epoch 80: train_loss=0.058384 train_iou=0.936261 val_loss=0.329937 val_iou=0.589965 lr=0.00008362
2026-05-15 10:11:21,868 [Trainer] :: Updated latest checkpoint at epoch 80
2026-05-15 10:11:21,868 [Trainer] :: No validation IoU improvement for 55 epoch(s)
2026-05-15 10:11:21,868 [Trainer] :: Starting epoch 81
2026-05-15 10:12:59,742 [Trainer] :: Completed epoch 81: train_loss=0.058223 train_iou=0.936833 val_loss=0.367143 val_iou=0.565349 lr=0.00008323
2026-05-15 10:13:00,076 [Trainer] :: Updated latest checkpoint at epoch 81
2026-05-15 10:13:00,076 [Trainer] :: No validation IoU improvement for 56 epoch(s)
2026-05-15 10:13:00,076 [Trainer] :: Starting epoch 82
2026-05-15 10:14:37,182 [Trainer] :: Completed epoch 82: train_loss=0.058742 train_iou=0.936569 val_loss=0.378145 val_iou=0.577185 lr=0.00008284
2026-05-15 10:14:37,583 [Trainer] :: Updated latest checkpoint at epoch 82
2026-05-15 10:14:37,584 [Trainer] :: No validation IoU improvement for 57 epoch(s)
2026-05-15 10:14:37,584 [Trainer] :: Starting epoch 83
2026-05-15 10:16:15,124 [Trainer] :: Completed epoch 83: train_loss=0.056885 train_iou=0.938801 val_loss=0.349468 val_iou=0.580713 lr=0.00008245
2026-05-15 10:16:15,584 [Trainer] :: Updated latest checkpoint at epoch 83
2026-05-15 10:16:15,584 [Trainer] :: No validation IoU improvement for 58 epoch(s)
2026-05-15 10:16:15,584 [Trainer] :: Starting epoch 84
2026-05-15 10:17:53,512 [Trainer] :: Completed epoch 84: train_loss=0.057372 train_iou=0.938266 val_loss=0.349272 val_iou=0.570948 lr=0.00008205
2026-05-15 10:17:53,889 [Trainer] :: Updated latest checkpoint at epoch 84
2026-05-15 10:17:53,889 [Trainer] :: No validation IoU improvement for 59 epoch(s)
2026-05-15 10:17:53,889 [Trainer] :: Starting epoch 85
2026-05-15 10:19:31,100 [Trainer] :: Completed epoch 85: train_loss=0.056928 train_iou=0.938920 val_loss=0.367505 val_iou=0.582118 lr=0.00008165
2026-05-15 10:19:31,456 [Trainer] :: Updated latest checkpoint at epoch 85
2026-05-15 10:19:31,456 [Trainer] :: No validation IoU improvement for 60 epoch(s)
2026-05-15 10:19:31,456 [Trainer] :: Early stopping triggered after 60 epoch(s) without improvement
2026-05-15 10:23:38,036 [Trainer] :: Wrote training history to outputs/runs/real_msi_deeplabv3plus_resnet34_seed43_20260515T055500Z/metrics/history.json
2026-05-15 10:23:38,036 [Trainer] :: Wrote test summary to outputs/runs/real_msi_deeplabv3plus_resnet34_seed43_20260515T055500Z/metrics/test_summary.json
2026-05-15 10:23:38,036 [Trainer] :: Training completed
