2026-05-16 17:03:07,754 [Trainer] :: Training run initialized at /ceph/home/student.aau.dk/qd36zu/fuzzy-p10/tbd/masking/outputs/runs/rgb_unetplusplus_resnet34_fuzzy_halo_seed47_20260516T150307Z
2026-05-16 17:03:07,755 [Trainer] :: Loaded config from /ceph/home/student.aau.dk/qd36zu/fuzzy-p10/tbd/masking/configs/fuzzy/rgb_unetpp_resnet34.yaml
2026-05-16 17:03:07,755 [Trainer] :: Using seed=47 and device=None
2026-05-16 17:03:07,755 [Trainer] :: Using model architecture=UnetPlusPlus encoder=resnet34 encoder_weights=imagenet
2026-05-16 17:03:08,111 [Trainer] :: Resolved runtime device to cuda
2026-05-16 17:03:08,111 [Trainer] :: Prepared normalization from source=imagenet
2026-05-16 17:03:25,081 [Trainer] :: Built dataloaders with batch_size=8, num_workers=0
2026-05-16 17:03:25,082 [Trainer] :: Starting epoch 1
2026-05-16 17:09:42,910 [Trainer] :: Completed epoch 1: train_loss=0.452968 train_iou=0.645137 val_loss=0.494364 val_iou=0.495155 lr=0.00010000
2026-05-16 17:09:43,405 [Trainer] :: Updated latest checkpoint at epoch 1
2026-05-16 17:09:43,697 [Trainer] :: New best checkpoint saved with val_iou=0.495155
2026-05-16 17:09:43,697 [Trainer] :: Starting epoch 2
2026-05-16 17:14:27,223 [Trainer] :: Completed epoch 2: train_loss=0.347700 train_iou=0.743111 val_loss=0.388770 val_iou=0.579059 lr=0.00009999
2026-05-16 17:14:27,719 [Trainer] :: Updated latest checkpoint at epoch 2
2026-05-16 17:14:28,197 [Trainer] :: New best checkpoint saved with val_iou=0.579059
2026-05-16 17:14:28,198 [Trainer] :: Starting epoch 3
2026-05-16 17:19:02,474 [Trainer] :: Completed epoch 3: train_loss=0.299662 train_iou=0.772202 val_loss=0.367358 val_iou=0.464700 lr=0.00009998
2026-05-16 17:19:02,810 [Trainer] :: Updated latest checkpoint at epoch 3
2026-05-16 17:19:02,810 [Trainer] :: No validation IoU improvement for 1 epoch(s)
2026-05-16 17:19:02,810 [Trainer] :: Starting epoch 4
2026-05-16 17:23:37,989 [Trainer] :: Completed epoch 4: train_loss=0.274016 train_iou=0.789449 val_loss=0.336796 val_iou=0.586537 lr=0.00009996
2026-05-16 17:23:38,430 [Trainer] :: Updated latest checkpoint at epoch 4
2026-05-16 17:23:38,770 [Trainer] :: New best checkpoint saved with val_iou=0.586537
2026-05-16 17:23:38,770 [Trainer] :: Starting epoch 5
2026-05-16 17:28:17,635 [Trainer] :: Completed epoch 5: train_loss=0.251766 train_iou=0.806863 val_loss=0.335442 val_iou=0.530869 lr=0.00009993
2026-05-16 17:28:18,025 [Trainer] :: Updated latest checkpoint at epoch 5
2026-05-16 17:28:18,025 [Trainer] :: No validation IoU improvement for 1 epoch(s)
2026-05-16 17:28:18,025 [Trainer] :: Starting epoch 6
2026-05-16 17:32:54,585 [Trainer] :: Completed epoch 6: train_loss=0.241624 train_iou=0.811266 val_loss=0.311630 val_iou=0.602368 lr=0.00009990
2026-05-16 17:32:54,991 [Trainer] :: Updated latest checkpoint at epoch 6
2026-05-16 17:32:55,370 [Trainer] :: New best checkpoint saved with val_iou=0.602368
2026-05-16 17:32:55,370 [Trainer] :: Starting epoch 7
2026-05-16 17:37:30,708 [Trainer] :: Completed epoch 7: train_loss=0.227737 train_iou=0.819540 val_loss=0.306130 val_iou=0.561765 lr=0.00009987
2026-05-16 17:37:31,111 [Trainer] :: Updated latest checkpoint at epoch 7
2026-05-16 17:37:31,111 [Trainer] :: No validation IoU improvement for 1 epoch(s)
2026-05-16 17:37:31,111 [Trainer] :: Starting epoch 8
2026-05-16 17:42:04,465 [Trainer] :: Completed epoch 8: train_loss=0.224958 train_iou=0.821411 val_loss=0.364153 val_iou=0.494036 lr=0.00009983
2026-05-16 17:42:04,860 [Trainer] :: Updated latest checkpoint at epoch 8
2026-05-16 17:42:04,860 [Trainer] :: No validation IoU improvement for 2 epoch(s)
2026-05-16 17:42:04,860 [Trainer] :: Starting epoch 9
2026-05-16 17:46:53,838 [Trainer] :: Completed epoch 9: train_loss=0.212893 train_iou=0.830619 val_loss=0.327849 val_iou=0.595264 lr=0.00009978
2026-05-16 17:46:54,616 [Trainer] :: Updated latest checkpoint at epoch 9
2026-05-16 17:46:54,616 [Trainer] :: No validation IoU improvement for 3 epoch(s)
2026-05-16 17:46:54,616 [Trainer] :: Starting epoch 10
2026-05-16 17:52:09,506 [Trainer] :: Completed epoch 10: train_loss=0.205995 train_iou=0.835622 val_loss=0.345870 val_iou=0.521845 lr=0.00009973
2026-05-16 17:52:10,330 [Trainer] :: Updated latest checkpoint at epoch 10
2026-05-16 17:52:10,330 [Trainer] :: No validation IoU improvement for 4 epoch(s)
2026-05-16 17:52:10,331 [Trainer] :: Starting epoch 11
2026-05-16 17:57:40,340 [Trainer] :: Completed epoch 11: train_loss=0.200537 train_iou=0.840185 val_loss=0.334727 val_iou=0.539704 lr=0.00009967
2026-05-16 17:57:41,106 [Trainer] :: Updated latest checkpoint at epoch 11
2026-05-16 17:57:41,106 [Trainer] :: No validation IoU improvement for 5 epoch(s)
2026-05-16 17:57:41,106 [Trainer] :: Starting epoch 12
2026-05-16 18:02:51,692 [Trainer] :: Completed epoch 12: train_loss=0.192457 train_iou=0.847227 val_loss=0.289923 val_iou=0.619778 lr=0.00009961
2026-05-16 18:02:52,364 [Trainer] :: Updated latest checkpoint at epoch 12
2026-05-16 18:02:53,207 [Trainer] :: New best checkpoint saved with val_iou=0.619778
2026-05-16 18:02:53,208 [Trainer] :: Starting epoch 13
2026-05-16 18:07:58,934 [Trainer] :: Completed epoch 13: train_loss=0.190155 train_iou=0.849630 val_loss=0.291360 val_iou=0.621991 lr=0.00009954
2026-05-16 18:07:59,977 [Trainer] :: Updated latest checkpoint at epoch 13
2026-05-16 18:08:00,711 [Trainer] :: New best checkpoint saved with val_iou=0.621991
2026-05-16 18:08:00,712 [Trainer] :: Starting epoch 14
2026-05-16 18:13:13,843 [Trainer] :: Completed epoch 14: train_loss=0.183668 train_iou=0.854078 val_loss=0.353939 val_iou=0.538446 lr=0.00009947
2026-05-16 18:13:14,824 [Trainer] :: Updated latest checkpoint at epoch 14
2026-05-16 18:13:14,824 [Trainer] :: No validation IoU improvement for 1 epoch(s)
2026-05-16 18:13:14,824 [Trainer] :: Starting epoch 15
2026-05-16 18:18:29,327 [Trainer] :: Completed epoch 15: train_loss=0.182592 train_iou=0.854568 val_loss=0.300303 val_iou=0.598588 lr=0.00009939
2026-05-16 18:18:30,510 [Trainer] :: Updated latest checkpoint at epoch 15
2026-05-16 18:18:30,510 [Trainer] :: No validation IoU improvement for 2 epoch(s)
2026-05-16 18:18:30,510 [Trainer] :: Starting epoch 16
2026-05-16 18:23:47,703 [Trainer] :: Completed epoch 16: train_loss=0.180928 train_iou=0.856032 val_loss=0.310012 val_iou=0.614931 lr=0.00009931
2026-05-16 18:23:48,706 [Trainer] :: Updated latest checkpoint at epoch 16
2026-05-16 18:23:48,707 [Trainer] :: No validation IoU improvement for 3 epoch(s)
2026-05-16 18:23:48,707 [Trainer] :: Starting epoch 17
2026-05-16 18:29:06,329 [Trainer] :: Completed epoch 17: train_loss=0.174071 train_iou=0.861496 val_loss=0.341074 val_iou=0.588412 lr=0.00009922
2026-05-16 18:29:07,413 [Trainer] :: Updated latest checkpoint at epoch 17
2026-05-16 18:29:07,413 [Trainer] :: No validation IoU improvement for 4 epoch(s)
2026-05-16 18:29:07,413 [Trainer] :: Starting epoch 18
2026-05-16 18:34:33,030 [Trainer] :: Completed epoch 18: train_loss=0.167897 train_iou=0.866747 val_loss=0.297523 val_iou=0.594994 lr=0.00009912
2026-05-16 18:34:33,636 [Trainer] :: Updated latest checkpoint at epoch 18
2026-05-16 18:34:33,636 [Trainer] :: No validation IoU improvement for 5 epoch(s)
2026-05-16 18:34:33,636 [Trainer] :: Starting epoch 19
2026-05-16 18:39:53,256 [Trainer] :: Completed epoch 19: train_loss=0.165903 train_iou=0.867038 val_loss=0.290148 val_iou=0.622225 lr=0.00009902
2026-05-16 18:39:53,897 [Trainer] :: Updated latest checkpoint at epoch 19
2026-05-16 18:39:54,403 [Trainer] :: New best checkpoint saved with val_iou=0.622225
2026-05-16 18:39:54,403 [Trainer] :: Starting epoch 20
2026-05-16 18:45:00,323 [Trainer] :: Completed epoch 20: train_loss=0.160579 train_iou=0.871358 val_loss=0.288060 val_iou=0.605090 lr=0.00009892
2026-05-16 18:45:01,044 [Trainer] :: Updated latest checkpoint at epoch 20
2026-05-16 18:45:01,044 [Trainer] :: No validation IoU improvement for 1 epoch(s)
2026-05-16 18:45:01,044 [Trainer] :: Starting epoch 21
2026-05-16 18:49:41,875 [Trainer] :: Completed epoch 21: train_loss=0.156962 train_iou=0.876137 val_loss=0.313844 val_iou=0.587690 lr=0.00009881
2026-05-16 18:49:42,356 [Trainer] :: Updated latest checkpoint at epoch 21
2026-05-16 18:49:42,356 [Trainer] :: No validation IoU improvement for 2 epoch(s)
2026-05-16 18:49:42,356 [Trainer] :: Starting epoch 22
2026-05-16 18:54:19,725 [Trainer] :: Completed epoch 22: train_loss=0.153546 train_iou=0.877213 val_loss=0.320333 val_iou=0.610813 lr=0.00009869
2026-05-16 18:54:20,112 [Trainer] :: Updated latest checkpoint at epoch 22
2026-05-16 18:54:20,112 [Trainer] :: No validation IoU improvement for 3 epoch(s)
2026-05-16 18:54:20,112 [Trainer] :: Starting epoch 23
2026-05-16 18:59:02,940 [Trainer] :: Completed epoch 23: train_loss=0.151853 train_iou=0.877923 val_loss=0.309313 val_iou=0.599783 lr=0.00009857
2026-05-16 18:59:03,333 [Trainer] :: Updated latest checkpoint at epoch 23
2026-05-16 18:59:03,333 [Trainer] :: No validation IoU improvement for 4 epoch(s)
2026-05-16 18:59:03,333 [Trainer] :: Starting epoch 24
2026-05-16 19:03:47,676 [Trainer] :: Completed epoch 24: train_loss=0.147262 train_iou=0.877131 val_loss=0.299426 val_iou=0.601726 lr=0.00009844
2026-05-16 19:03:48,577 [Trainer] :: Updated latest checkpoint at epoch 24
2026-05-16 19:03:48,577 [Trainer] :: No validation IoU improvement for 5 epoch(s)
2026-05-16 19:03:48,577 [Trainer] :: Starting epoch 25
2026-05-16 19:08:34,795 [Trainer] :: Completed epoch 25: train_loss=0.142968 train_iou=0.879982 val_loss=0.332851 val_iou=0.575768 lr=0.00009831
2026-05-16 19:08:35,295 [Trainer] :: Updated latest checkpoint at epoch 25
2026-05-16 19:08:35,295 [Trainer] :: No validation IoU improvement for 6 epoch(s)
2026-05-16 19:08:35,295 [Trainer] :: Starting epoch 26
2026-05-16 19:13:16,393 [Trainer] :: Completed epoch 26: train_loss=0.137803 train_iou=0.884945 val_loss=0.368717 val_iou=0.542056 lr=0.00009818
2026-05-16 19:13:16,819 [Trainer] :: Updated latest checkpoint at epoch 26
2026-05-16 19:13:16,819 [Trainer] :: No validation IoU improvement for 7 epoch(s)
2026-05-16 19:13:16,820 [Trainer] :: Starting epoch 27
2026-05-16 19:18:00,538 [Trainer] :: Completed epoch 27: train_loss=0.132749 train_iou=0.887206 val_loss=0.296062 val_iou=0.619781 lr=0.00009803
2026-05-16 19:18:00,945 [Trainer] :: Updated latest checkpoint at epoch 27
2026-05-16 19:18:00,945 [Trainer] :: No validation IoU improvement for 8 epoch(s)
2026-05-16 19:18:00,945 [Trainer] :: Starting epoch 28
2026-05-16 19:22:44,195 [Trainer] :: Completed epoch 28: train_loss=0.129613 train_iou=0.890117 val_loss=0.344347 val_iou=0.552506 lr=0.00009789
2026-05-16 19:22:44,628 [Trainer] :: Updated latest checkpoint at epoch 28
2026-05-16 19:22:44,628 [Trainer] :: No validation IoU improvement for 9 epoch(s)
2026-05-16 19:22:44,628 [Trainer] :: Starting epoch 29
2026-05-16 19:27:25,623 [Trainer] :: Completed epoch 29: train_loss=0.123725 train_iou=0.891873 val_loss=0.311823 val_iou=0.622445 lr=0.00009773
2026-05-16 19:27:26,101 [Trainer] :: Updated latest checkpoint at epoch 29
2026-05-16 19:27:26,439 [Trainer] :: New best checkpoint saved with val_iou=0.622445
2026-05-16 19:27:26,439 [Trainer] :: Starting epoch 30
2026-05-16 19:32:09,660 [Trainer] :: Completed epoch 30: train_loss=0.129459 train_iou=0.891681 val_loss=0.336797 val_iou=0.564838 lr=0.00009758
2026-05-16 19:32:10,056 [Trainer] :: Updated latest checkpoint at epoch 30
2026-05-16 19:32:10,056 [Trainer] :: No validation IoU improvement for 1 epoch(s)
2026-05-16 19:32:10,056 [Trainer] :: Starting epoch 31
2026-05-16 19:36:49,543 [Trainer] :: Completed epoch 31: train_loss=0.122569 train_iou=0.892605 val_loss=0.304975 val_iou=0.595768 lr=0.00009741
2026-05-16 19:36:49,989 [Trainer] :: Updated latest checkpoint at epoch 31
2026-05-16 19:36:49,989 [Trainer] :: No validation IoU improvement for 2 epoch(s)
2026-05-16 19:36:49,989 [Trainer] :: Starting epoch 32
2026-05-16 19:41:27,631 [Trainer] :: Completed epoch 32: train_loss=0.119900 train_iou=0.894974 val_loss=0.339564 val_iou=0.596128 lr=0.00009725
2026-05-16 19:41:28,154 [Trainer] :: Updated latest checkpoint at epoch 32
2026-05-16 19:41:28,154 [Trainer] :: No validation IoU improvement for 3 epoch(s)
2026-05-16 19:41:28,154 [Trainer] :: Starting epoch 33
2026-05-16 19:46:31,849 [Trainer] :: Completed epoch 33: train_loss=0.115778 train_iou=0.896940 val_loss=0.382337 val_iou=0.529323 lr=0.00009707
2026-05-16 19:46:32,364 [Trainer] :: Updated latest checkpoint at epoch 33
2026-05-16 19:46:32,364 [Trainer] :: No validation IoU improvement for 4 epoch(s)
2026-05-16 19:46:32,364 [Trainer] :: Starting epoch 34
2026-05-16 19:51:35,791 [Trainer] :: Completed epoch 34: train_loss=0.114795 train_iou=0.897728 val_loss=0.316125 val_iou=0.618481 lr=0.00009690
2026-05-16 19:51:36,167 [Trainer] :: Updated latest checkpoint at epoch 34
2026-05-16 19:51:36,167 [Trainer] :: No validation IoU improvement for 5 epoch(s)
2026-05-16 19:51:36,167 [Trainer] :: Starting epoch 35
2026-05-16 19:56:39,842 [Trainer] :: Completed epoch 35: train_loss=0.111631 train_iou=0.900931 val_loss=0.329239 val_iou=0.626423 lr=0.00009671
2026-05-16 19:56:40,360 [Trainer] :: Updated latest checkpoint at epoch 35
2026-05-16 19:56:40,862 [Trainer] :: New best checkpoint saved with val_iou=0.626423
2026-05-16 19:56:40,863 [Trainer] :: Starting epoch 36
2026-05-16 20:01:49,786 [Trainer] :: Completed epoch 36: train_loss=0.110745 train_iou=0.899100 val_loss=0.343426 val_iou=0.617743 lr=0.00009652
2026-05-16 20:01:50,426 [Trainer] :: Updated latest checkpoint at epoch 36
2026-05-16 20:01:50,426 [Trainer] :: No validation IoU improvement for 1 epoch(s)
2026-05-16 20:01:50,426 [Trainer] :: Starting epoch 37
2026-05-16 20:06:45,810 [Trainer] :: Completed epoch 37: train_loss=0.109239 train_iou=0.900395 val_loss=0.415243 val_iou=0.552272 lr=0.00009633
2026-05-16 20:06:46,218 [Trainer] :: Updated latest checkpoint at epoch 37
2026-05-16 20:06:46,218 [Trainer] :: No validation IoU improvement for 2 epoch(s)
2026-05-16 20:06:46,218 [Trainer] :: Starting epoch 38
2026-05-16 20:11:48,153 [Trainer] :: Completed epoch 38: train_loss=0.107590 train_iou=0.904185 val_loss=0.360380 val_iou=0.594511 lr=0.00009613
2026-05-16 20:11:48,548 [Trainer] :: Updated latest checkpoint at epoch 38
2026-05-16 20:11:48,548 [Trainer] :: No validation IoU improvement for 3 epoch(s)
2026-05-16 20:11:48,548 [Trainer] :: Starting epoch 39
2026-05-16 20:16:55,920 [Trainer] :: Completed epoch 39: train_loss=0.103198 train_iou=0.907122 val_loss=0.331594 val_iou=0.602682 lr=0.00009593
2026-05-16 20:16:56,420 [Trainer] :: Updated latest checkpoint at epoch 39
2026-05-16 20:16:56,420 [Trainer] :: No validation IoU improvement for 4 epoch(s)
2026-05-16 20:16:56,420 [Trainer] :: Starting epoch 40
2026-05-16 20:22:13,588 [Trainer] :: Completed epoch 40: train_loss=0.101860 train_iou=0.906786 val_loss=0.360581 val_iou=0.586201 lr=0.00009572
2026-05-16 20:22:13,984 [Trainer] :: Updated latest checkpoint at epoch 40
2026-05-16 20:22:13,984 [Trainer] :: No validation IoU improvement for 5 epoch(s)
2026-05-16 20:22:13,984 [Trainer] :: Starting epoch 41
2026-05-16 20:27:18,789 [Trainer] :: Completed epoch 41: train_loss=0.102287 train_iou=0.908284 val_loss=0.360573 val_iou=0.561468 lr=0.00009551
2026-05-16 20:27:19,498 [Trainer] :: Updated latest checkpoint at epoch 41
2026-05-16 20:27:19,499 [Trainer] :: No validation IoU improvement for 6 epoch(s)
2026-05-16 20:27:19,499 [Trainer] :: Starting epoch 42
2026-05-16 20:32:23,781 [Trainer] :: Completed epoch 42: train_loss=0.100870 train_iou=0.908740 val_loss=0.329384 val_iou=0.612499 lr=0.00009529
2026-05-16 20:32:24,261 [Trainer] :: Updated latest checkpoint at epoch 42
2026-05-16 20:32:24,261 [Trainer] :: No validation IoU improvement for 7 epoch(s)
2026-05-16 20:32:24,261 [Trainer] :: Starting epoch 43
2026-05-16 20:37:22,241 [Trainer] :: Completed epoch 43: train_loss=0.099516 train_iou=0.909247 val_loss=0.383413 val_iou=0.578698 lr=0.00009507
2026-05-16 20:37:22,844 [Trainer] :: Updated latest checkpoint at epoch 43
2026-05-16 20:37:22,844 [Trainer] :: No validation IoU improvement for 8 epoch(s)
2026-05-16 20:37:22,844 [Trainer] :: Starting epoch 44
2026-05-16 20:42:21,891 [Trainer] :: Completed epoch 44: train_loss=0.100154 train_iou=0.908600 val_loss=0.365662 val_iou=0.570199 lr=0.00009484
2026-05-16 20:42:22,524 [Trainer] :: Updated latest checkpoint at epoch 44
2026-05-16 20:42:22,524 [Trainer] :: No validation IoU improvement for 9 epoch(s)
2026-05-16 20:42:22,524 [Trainer] :: Starting epoch 45
2026-05-16 20:47:06,007 [Trainer] :: Completed epoch 45: train_loss=0.098804 train_iou=0.910346 val_loss=0.341946 val_iou=0.604217 lr=0.00009460
2026-05-16 20:47:06,402 [Trainer] :: Updated latest checkpoint at epoch 45
2026-05-16 20:47:06,402 [Trainer] :: No validation IoU improvement for 10 epoch(s)
2026-05-16 20:47:06,402 [Trainer] :: Starting epoch 46
2026-05-16 20:51:48,174 [Trainer] :: Completed epoch 46: train_loss=0.093994 train_iou=0.913445 val_loss=0.331117 val_iou=0.609894 lr=0.00009437
2026-05-16 20:51:48,615 [Trainer] :: Updated latest checkpoint at epoch 46
2026-05-16 20:51:48,615 [Trainer] :: No validation IoU improvement for 11 epoch(s)
2026-05-16 20:51:48,615 [Trainer] :: Starting epoch 47
2026-05-16 20:56:32,218 [Trainer] :: Completed epoch 47: train_loss=0.092593 train_iou=0.914325 val_loss=0.364826 val_iou=0.559172 lr=0.00009412
2026-05-16 20:56:32,711 [Trainer] :: Updated latest checkpoint at epoch 47
2026-05-16 20:56:32,711 [Trainer] :: No validation IoU improvement for 12 epoch(s)
2026-05-16 20:56:32,711 [Trainer] :: Starting epoch 48
2026-05-16 21:01:16,657 [Trainer] :: Completed epoch 48: train_loss=0.094066 train_iou=0.913539 val_loss=0.346526 val_iou=0.605692 lr=0.00009388
2026-05-16 21:01:17,048 [Trainer] :: Updated latest checkpoint at epoch 48
2026-05-16 21:01:17,049 [Trainer] :: No validation IoU improvement for 13 epoch(s)
2026-05-16 21:01:17,049 [Trainer] :: Starting epoch 49
2026-05-16 21:06:01,448 [Trainer] :: Completed epoch 49: train_loss=0.093232 train_iou=0.913419 val_loss=0.367175 val_iou=0.584779 lr=0.00009363
2026-05-16 21:06:01,911 [Trainer] :: Updated latest checkpoint at epoch 49
2026-05-16 21:06:01,911 [Trainer] :: No validation IoU improvement for 14 epoch(s)
2026-05-16 21:06:01,911 [Trainer] :: Starting epoch 50
2026-05-16 21:10:46,090 [Trainer] :: Completed epoch 50: train_loss=0.093002 train_iou=0.914563 val_loss=0.369301 val_iou=0.565583 lr=0.00009337
2026-05-16 21:10:46,491 [Trainer] :: Updated latest checkpoint at epoch 50
2026-05-16 21:10:46,491 [Trainer] :: No validation IoU improvement for 15 epoch(s)
2026-05-16 21:10:46,491 [Trainer] :: Starting epoch 51
2026-05-16 21:15:29,397 [Trainer] :: Completed epoch 51: train_loss=0.091315 train_iou=0.915811 val_loss=0.370147 val_iou=0.603059 lr=0.00009311
2026-05-16 21:15:30,404 [Trainer] :: Updated latest checkpoint at epoch 51
2026-05-16 21:15:30,404 [Trainer] :: No validation IoU improvement for 16 epoch(s)
2026-05-16 21:15:30,405 [Trainer] :: Starting epoch 52
2026-05-16 21:20:10,508 [Trainer] :: Completed epoch 52: train_loss=0.089837 train_iou=0.916405 val_loss=0.361390 val_iou=0.590366 lr=0.00009284
2026-05-16 21:20:11,302 [Trainer] :: Updated latest checkpoint at epoch 52
2026-05-16 21:20:11,302 [Trainer] :: No validation IoU improvement for 17 epoch(s)
2026-05-16 21:20:11,302 [Trainer] :: Starting epoch 53
2026-05-16 21:24:51,942 [Trainer] :: Completed epoch 53: train_loss=0.089449 train_iou=0.915672 val_loss=0.361638 val_iou=0.575928 lr=0.00009257
2026-05-16 21:24:52,593 [Trainer] :: Updated latest checkpoint at epoch 53
2026-05-16 21:24:52,593 [Trainer] :: No validation IoU improvement for 18 epoch(s)
2026-05-16 21:24:52,593 [Trainer] :: Starting epoch 54
2026-05-16 21:29:37,275 [Trainer] :: Completed epoch 54: train_loss=0.088303 train_iou=0.918163 val_loss=0.343246 val_iou=0.610152 lr=0.00009229
2026-05-16 21:29:37,683 [Trainer] :: Updated latest checkpoint at epoch 54
2026-05-16 21:29:37,684 [Trainer] :: No validation IoU improvement for 19 epoch(s)
2026-05-16 21:29:37,684 [Trainer] :: Starting epoch 55
2026-05-16 21:34:26,432 [Trainer] :: Completed epoch 55: train_loss=0.087789 train_iou=0.918348 val_loss=0.371811 val_iou=0.597100 lr=0.00009201
2026-05-16 21:34:26,808 [Trainer] :: Updated latest checkpoint at epoch 55
2026-05-16 21:34:26,808 [Trainer] :: No validation IoU improvement for 20 epoch(s)
2026-05-16 21:34:26,808 [Trainer] :: Starting epoch 56
2026-05-16 21:39:09,047 [Trainer] :: Completed epoch 56: train_loss=0.086358 train_iou=0.920085 val_loss=0.334555 val_iou=0.620833 lr=0.00009173
2026-05-16 21:39:09,459 [Trainer] :: Updated latest checkpoint at epoch 56
2026-05-16 21:39:09,459 [Trainer] :: No validation IoU improvement for 21 epoch(s)
2026-05-16 21:39:09,459 [Trainer] :: Starting epoch 57
2026-05-16 21:43:54,103 [Trainer] :: Completed epoch 57: train_loss=0.085450 train_iou=0.921419 val_loss=0.415279 val_iou=0.564981 lr=0.00009144
2026-05-16 21:43:54,826 [Trainer] :: Updated latest checkpoint at epoch 57
2026-05-16 21:43:54,826 [Trainer] :: No validation IoU improvement for 22 epoch(s)
2026-05-16 21:43:54,826 [Trainer] :: Starting epoch 58
2026-05-16 21:49:06,087 [Trainer] :: Completed epoch 58: train_loss=0.085577 train_iou=0.919311 val_loss=0.376223 val_iou=0.580137 lr=0.00009115
2026-05-16 21:49:06,672 [Trainer] :: Updated latest checkpoint at epoch 58
2026-05-16 21:49:06,672 [Trainer] :: No validation IoU improvement for 23 epoch(s)
2026-05-16 21:49:06,672 [Trainer] :: Starting epoch 59
2026-05-16 21:53:59,405 [Trainer] :: Completed epoch 59: train_loss=0.082353 train_iou=0.922733 val_loss=0.392706 val_iou=0.567570 lr=0.00009085
2026-05-16 21:54:00,323 [Trainer] :: Updated latest checkpoint at epoch 59
2026-05-16 21:54:00,323 [Trainer] :: No validation IoU improvement for 24 epoch(s)
2026-05-16 21:54:00,323 [Trainer] :: Starting epoch 60
2026-05-16 21:58:51,620 [Trainer] :: Completed epoch 60: train_loss=0.082152 train_iou=0.923069 val_loss=0.387595 val_iou=0.585499 lr=0.00009055
2026-05-16 21:58:52,714 [Trainer] :: Updated latest checkpoint at epoch 60
2026-05-16 21:58:52,714 [Trainer] :: No validation IoU improvement for 25 epoch(s)
2026-05-16 21:58:52,714 [Trainer] :: Starting epoch 61
2026-05-16 22:03:47,221 [Trainer] :: Completed epoch 61: train_loss=0.081805 train_iou=0.923984 val_loss=0.391879 val_iou=0.585753 lr=0.00009024
2026-05-16 22:03:48,070 [Trainer] :: Updated latest checkpoint at epoch 61
2026-05-16 22:03:48,070 [Trainer] :: No validation IoU improvement for 26 epoch(s)
2026-05-16 22:03:48,070 [Trainer] :: Starting epoch 62
2026-05-16 22:08:31,482 [Trainer] :: Completed epoch 62: train_loss=0.080042 train_iou=0.924513 val_loss=0.349900 val_iou=0.604984 lr=0.00008993
2026-05-16 22:08:32,369 [Trainer] :: Updated latest checkpoint at epoch 62
2026-05-16 22:08:32,369 [Trainer] :: No validation IoU improvement for 27 epoch(s)
2026-05-16 22:08:32,369 [Trainer] :: Starting epoch 63
2026-05-16 22:13:29,991 [Trainer] :: Completed epoch 63: train_loss=0.080628 train_iou=0.924309 val_loss=0.386909 val_iou=0.597100 lr=0.00008961
2026-05-16 22:13:30,997 [Trainer] :: Updated latest checkpoint at epoch 63
2026-05-16 22:13:30,997 [Trainer] :: No validation IoU improvement for 28 epoch(s)
2026-05-16 22:13:30,997 [Trainer] :: Starting epoch 64
2026-05-16 22:18:12,603 [Trainer] :: Completed epoch 64: train_loss=0.079084 train_iou=0.925153 val_loss=0.397119 val_iou=0.569713 lr=0.00008929
2026-05-16 22:18:13,331 [Trainer] :: Updated latest checkpoint at epoch 64
2026-05-16 22:18:13,332 [Trainer] :: No validation IoU improvement for 29 epoch(s)
2026-05-16 22:18:13,332 [Trainer] :: Starting epoch 65
2026-05-16 22:23:00,452 [Trainer] :: Completed epoch 65: train_loss=0.078154 train_iou=0.926946 val_loss=0.457025 val_iou=0.556769 lr=0.00008897
2026-05-16 22:23:01,674 [Trainer] :: Updated latest checkpoint at epoch 65
2026-05-16 22:23:01,675 [Trainer] :: No validation IoU improvement for 30 epoch(s)
2026-05-16 22:23:01,675 [Trainer] :: Starting epoch 66
2026-05-16 22:27:49,752 [Trainer] :: Completed epoch 66: train_loss=0.077652 train_iou=0.927653 val_loss=0.379626 val_iou=0.593279 lr=0.00008864
2026-05-16 22:27:50,336 [Trainer] :: Updated latest checkpoint at epoch 66
2026-05-16 22:27:50,336 [Trainer] :: No validation IoU improvement for 31 epoch(s)
2026-05-16 22:27:50,336 [Trainer] :: Starting epoch 67
2026-05-16 22:32:41,986 [Trainer] :: Completed epoch 67: train_loss=0.078550 train_iou=0.926342 val_loss=0.363036 val_iou=0.584381 lr=0.00008831
2026-05-16 22:32:42,464 [Trainer] :: Updated latest checkpoint at epoch 67
2026-05-16 22:32:42,464 [Trainer] :: No validation IoU improvement for 32 epoch(s)
2026-05-16 22:32:42,464 [Trainer] :: Starting epoch 68
2026-05-16 22:37:34,620 [Trainer] :: Completed epoch 68: train_loss=0.076411 train_iou=0.927745 val_loss=0.350252 val_iou=0.619371 lr=0.00008797
2026-05-16 22:37:35,117 [Trainer] :: Updated latest checkpoint at epoch 68
2026-05-16 22:37:35,117 [Trainer] :: No validation IoU improvement for 33 epoch(s)
2026-05-16 22:37:35,117 [Trainer] :: Starting epoch 69
2026-05-16 22:42:23,819 [Trainer] :: Completed epoch 69: train_loss=0.077627 train_iou=0.927994 val_loss=0.355550 val_iou=0.602154 lr=0.00008763
2026-05-16 22:42:24,346 [Trainer] :: Updated latest checkpoint at epoch 69
2026-05-16 22:42:24,346 [Trainer] :: No validation IoU improvement for 34 epoch(s)
2026-05-16 22:42:24,346 [Trainer] :: Starting epoch 70
2026-05-16 22:47:14,286 [Trainer] :: Completed epoch 70: train_loss=0.076345 train_iou=0.928685 val_loss=0.363787 val_iou=0.590660 lr=0.00008729
2026-05-16 22:47:15,104 [Trainer] :: Updated latest checkpoint at epoch 70
2026-05-16 22:47:15,105 [Trainer] :: No validation IoU improvement for 35 epoch(s)
2026-05-16 22:47:15,105 [Trainer] :: Starting epoch 71
2026-05-16 22:52:01,065 [Trainer] :: Completed epoch 71: train_loss=0.076706 train_iou=0.927164 val_loss=0.381070 val_iou=0.572384 lr=0.00008694
2026-05-16 22:52:01,479 [Trainer] :: Updated latest checkpoint at epoch 71
2026-05-16 22:52:01,480 [Trainer] :: No validation IoU improvement for 36 epoch(s)
2026-05-16 22:52:01,480 [Trainer] :: Starting epoch 72
2026-05-16 22:56:41,333 [Trainer] :: Completed epoch 72: train_loss=0.075020 train_iou=0.928703 val_loss=0.388576 val_iou=0.581702 lr=0.00008658
2026-05-16 22:56:41,828 [Trainer] :: Updated latest checkpoint at epoch 72
2026-05-16 22:56:41,828 [Trainer] :: No validation IoU improvement for 37 epoch(s)
2026-05-16 22:56:41,828 [Trainer] :: Starting epoch 73
2026-05-16 23:01:16,738 [Trainer] :: Completed epoch 73: train_loss=0.077216 train_iou=0.927437 val_loss=0.350821 val_iou=0.612505 lr=0.00008623
2026-05-16 23:01:17,160 [Trainer] :: Updated latest checkpoint at epoch 73
2026-05-16 23:01:17,160 [Trainer] :: No validation IoU improvement for 38 epoch(s)
2026-05-16 23:01:17,160 [Trainer] :: Starting epoch 74
2026-05-16 23:05:58,156 [Trainer] :: Completed epoch 74: train_loss=0.075642 train_iou=0.929695 val_loss=0.391929 val_iou=0.575662 lr=0.00008587
2026-05-16 23:05:58,551 [Trainer] :: Updated latest checkpoint at epoch 74
2026-05-16 23:05:58,551 [Trainer] :: No validation IoU improvement for 39 epoch(s)
2026-05-16 23:05:58,551 [Trainer] :: Starting epoch 75
2026-05-16 23:10:38,500 [Trainer] :: Completed epoch 75: train_loss=0.075121 train_iou=0.929100 val_loss=0.380157 val_iou=0.599424 lr=0.00008550
2026-05-16 23:10:38,935 [Trainer] :: Updated latest checkpoint at epoch 75
2026-05-16 23:10:39,063 [Trainer] :: No validation IoU improvement for 40 epoch(s)
2026-05-16 23:10:39,063 [Trainer] :: Starting epoch 76
2026-05-16 23:15:19,846 [Trainer] :: Completed epoch 76: train_loss=0.073902 train_iou=0.930823 val_loss=0.376607 val_iou=0.601756 lr=0.00008513
2026-05-16 23:15:20,666 [Trainer] :: Updated latest checkpoint at epoch 76
2026-05-16 23:15:20,666 [Trainer] :: No validation IoU improvement for 41 epoch(s)
2026-05-16 23:15:20,666 [Trainer] :: Starting epoch 77
2026-05-16 23:19:58,141 [Trainer] :: Completed epoch 77: train_loss=0.071361 train_iou=0.932581 val_loss=0.393541 val_iou=0.588284 lr=0.00008476
2026-05-16 23:19:58,548 [Trainer] :: Updated latest checkpoint at epoch 77
2026-05-16 23:19:58,548 [Trainer] :: No validation IoU improvement for 42 epoch(s)
2026-05-16 23:19:58,548 [Trainer] :: Starting epoch 78
2026-05-16 23:24:34,399 [Trainer] :: Completed epoch 78: train_loss=0.072274 train_iou=0.932427 val_loss=0.368193 val_iou=0.601267 lr=0.00008439
2026-05-16 23:24:34,799 [Trainer] :: Updated latest checkpoint at epoch 78
2026-05-16 23:24:34,800 [Trainer] :: No validation IoU improvement for 43 epoch(s)
2026-05-16 23:24:34,800 [Trainer] :: Starting epoch 79
2026-05-16 23:29:12,015 [Trainer] :: Completed epoch 79: train_loss=0.070379 train_iou=0.933110 val_loss=0.432464 val_iou=0.559234 lr=0.00008401
2026-05-16 23:29:12,406 [Trainer] :: Updated latest checkpoint at epoch 79
2026-05-16 23:29:12,406 [Trainer] :: No validation IoU improvement for 44 epoch(s)
2026-05-16 23:29:12,406 [Trainer] :: Starting epoch 80
2026-05-16 23:34:00,427 [Trainer] :: Completed epoch 80: train_loss=0.072095 train_iou=0.931847 val_loss=0.420197 val_iou=0.586533 lr=0.00008362
2026-05-16 23:34:00,824 [Trainer] :: Updated latest checkpoint at epoch 80
2026-05-16 23:34:00,824 [Trainer] :: No validation IoU improvement for 45 epoch(s)
2026-05-16 23:34:00,824 [Trainer] :: Starting epoch 81
2026-05-16 23:38:46,926 [Trainer] :: Completed epoch 81: train_loss=0.073010 train_iou=0.931720 val_loss=0.382479 val_iou=0.616481 lr=0.00008323
2026-05-16 23:38:47,349 [Trainer] :: Updated latest checkpoint at epoch 81
2026-05-16 23:38:47,349 [Trainer] :: No validation IoU improvement for 46 epoch(s)
2026-05-16 23:38:47,349 [Trainer] :: Starting epoch 82
2026-05-16 23:43:35,819 [Trainer] :: Completed epoch 82: train_loss=0.070582 train_iou=0.933168 val_loss=0.383251 val_iou=0.610500 lr=0.00008284
2026-05-16 23:43:36,287 [Trainer] :: Updated latest checkpoint at epoch 82
2026-05-16 23:43:36,287 [Trainer] :: No validation IoU improvement for 47 epoch(s)
2026-05-16 23:43:36,287 [Trainer] :: Starting epoch 83
2026-05-16 23:48:39,170 [Trainer] :: Completed epoch 83: train_loss=0.070170 train_iou=0.933993 val_loss=0.447430 val_iou=0.564514 lr=0.00008245
2026-05-16 23:48:39,665 [Trainer] :: Updated latest checkpoint at epoch 83
2026-05-16 23:48:39,665 [Trainer] :: No validation IoU improvement for 48 epoch(s)
2026-05-16 23:48:39,665 [Trainer] :: Starting epoch 84
2026-05-16 23:53:43,463 [Trainer] :: Completed epoch 84: train_loss=0.069993 train_iou=0.933628 val_loss=0.380053 val_iou=0.609516 lr=0.00008205
2026-05-16 23:53:44,004 [Trainer] :: Updated latest checkpoint at epoch 84
2026-05-16 23:53:44,004 [Trainer] :: No validation IoU improvement for 49 epoch(s)
2026-05-16 23:53:44,004 [Trainer] :: Starting epoch 85
2026-05-16 23:58:55,088 [Trainer] :: Completed epoch 85: train_loss=0.069993 train_iou=0.934360 val_loss=0.401905 val_iou=0.578297 lr=0.00008165
2026-05-16 23:58:55,867 [Trainer] :: Updated latest checkpoint at epoch 85
2026-05-16 23:58:55,867 [Trainer] :: No validation IoU improvement for 50 epoch(s)
2026-05-16 23:58:55,867 [Trainer] :: Starting epoch 86
2026-05-17 00:04:08,398 [Trainer] :: Completed epoch 86: train_loss=0.069181 train_iou=0.935109 val_loss=0.383740 val_iou=0.613518 lr=0.00008125
2026-05-17 00:04:09,097 [Trainer] :: Updated latest checkpoint at epoch 86
2026-05-17 00:04:09,098 [Trainer] :: No validation IoU improvement for 51 epoch(s)
2026-05-17 00:04:09,098 [Trainer] :: Starting epoch 87
2026-05-17 00:09:12,399 [Trainer] :: Completed epoch 87: train_loss=0.068632 train_iou=0.934988 val_loss=0.379683 val_iou=0.594679 lr=0.00008084
2026-05-17 00:09:12,944 [Trainer] :: Updated latest checkpoint at epoch 87
2026-05-17 00:09:12,944 [Trainer] :: No validation IoU improvement for 52 epoch(s)
2026-05-17 00:09:12,945 [Trainer] :: Starting epoch 88
2026-05-17 00:14:13,167 [Trainer] :: Completed epoch 88: train_loss=0.067455 train_iou=0.936211 val_loss=0.391793 val_iou=0.597381 lr=0.00008043
2026-05-17 00:14:14,133 [Trainer] :: Updated latest checkpoint at epoch 88
2026-05-17 00:14:14,134 [Trainer] :: No validation IoU improvement for 53 epoch(s)
2026-05-17 00:14:14,134 [Trainer] :: Starting epoch 89
2026-05-17 00:19:20,251 [Trainer] :: Completed epoch 89: train_loss=0.068263 train_iou=0.935269 val_loss=0.399345 val_iou=0.586337 lr=0.00008001
2026-05-17 00:19:21,053 [Trainer] :: Updated latest checkpoint at epoch 89
2026-05-17 00:19:21,053 [Trainer] :: No validation IoU improvement for 54 epoch(s)
2026-05-17 00:19:21,053 [Trainer] :: Starting epoch 90
2026-05-17 00:24:19,402 [Trainer] :: Completed epoch 90: train_loss=0.067460 train_iou=0.936646 val_loss=0.414780 val_iou=0.580534 lr=0.00007960
2026-05-17 00:24:20,586 [Trainer] :: Updated latest checkpoint at epoch 90
2026-05-17 00:24:20,586 [Trainer] :: No validation IoU improvement for 55 epoch(s)
2026-05-17 00:24:20,586 [Trainer] :: Starting epoch 91
2026-05-17 00:29:20,919 [Trainer] :: Completed epoch 91: train_loss=0.067088 train_iou=0.936574 val_loss=0.407434 val_iou=0.585600 lr=0.00007917
2026-05-17 00:29:21,909 [Trainer] :: Updated latest checkpoint at epoch 91
2026-05-17 00:29:21,909 [Trainer] :: No validation IoU improvement for 56 epoch(s)
2026-05-17 00:29:21,909 [Trainer] :: Starting epoch 92
2026-05-17 00:34:19,273 [Trainer] :: Completed epoch 92: train_loss=0.067498 train_iou=0.936177 val_loss=0.399506 val_iou=0.579867 lr=0.00007875
2026-05-17 00:34:20,229 [Trainer] :: Updated latest checkpoint at epoch 92
2026-05-17 00:34:20,229 [Trainer] :: No validation IoU improvement for 57 epoch(s)
2026-05-17 00:34:20,229 [Trainer] :: Starting epoch 93
2026-05-17 00:39:21,571 [Trainer] :: Completed epoch 93: train_loss=0.065971 train_iou=0.937248 val_loss=0.355587 val_iou=0.628500 lr=0.00007832
2026-05-17 00:39:22,359 [Trainer] :: Updated latest checkpoint at epoch 93
2026-05-17 00:39:22,922 [Trainer] :: New best checkpoint saved with val_iou=0.628500
2026-05-17 00:39:22,922 [Trainer] :: Starting epoch 94
2026-05-17 00:44:15,085 [Trainer] :: Completed epoch 94: train_loss=0.065903 train_iou=0.937404 val_loss=0.442516 val_iou=0.588911 lr=0.00007789
2026-05-17 00:44:15,895 [Trainer] :: Updated latest checkpoint at epoch 94
2026-05-17 00:44:15,895 [Trainer] :: No validation IoU improvement for 1 epoch(s)
2026-05-17 00:44:15,895 [Trainer] :: Starting epoch 95
2026-05-17 00:49:06,552 [Trainer] :: Completed epoch 95: train_loss=0.065770 train_iou=0.937963 val_loss=0.373339 val_iou=0.598843 lr=0.00007746
2026-05-17 00:49:07,329 [Trainer] :: Updated latest checkpoint at epoch 95
2026-05-17 00:49:07,329 [Trainer] :: No validation IoU improvement for 2 epoch(s)
2026-05-17 00:49:07,329 [Trainer] :: Starting epoch 96
2026-05-17 00:53:52,948 [Trainer] :: Completed epoch 96: train_loss=0.067237 train_iou=0.937242 val_loss=0.442207 val_iou=0.572879 lr=0.00007702
2026-05-17 00:53:53,310 [Trainer] :: Updated latest checkpoint at epoch 96
2026-05-17 00:53:53,310 [Trainer] :: No validation IoU improvement for 3 epoch(s)
2026-05-17 00:53:53,310 [Trainer] :: Starting epoch 97
2026-05-17 00:58:38,253 [Trainer] :: Completed epoch 97: train_loss=0.066676 train_iou=0.937042 val_loss=0.414781 val_iou=0.574650 lr=0.00007658
2026-05-17 00:58:38,628 [Trainer] :: Updated latest checkpoint at epoch 97
2026-05-17 00:58:38,629 [Trainer] :: No validation IoU improvement for 4 epoch(s)
2026-05-17 00:58:38,629 [Trainer] :: Starting epoch 98
2026-05-17 01:03:24,201 [Trainer] :: Completed epoch 98: train_loss=0.065371 train_iou=0.938242 val_loss=0.428596 val_iou=0.593058 lr=0.00007614
2026-05-17 01:03:24,577 [Trainer] :: Updated latest checkpoint at epoch 98
2026-05-17 01:03:24,577 [Trainer] :: No validation IoU improvement for 5 epoch(s)
2026-05-17 01:03:24,577 [Trainer] :: Starting epoch 99
2026-05-17 01:08:13,188 [Trainer] :: Completed epoch 99: train_loss=0.064734 train_iou=0.938803 val_loss=0.396305 val_iou=0.593865 lr=0.00007570
2026-05-17 01:08:13,778 [Trainer] :: Updated latest checkpoint at epoch 99
2026-05-17 01:08:13,779 [Trainer] :: No validation IoU improvement for 6 epoch(s)
2026-05-17 01:08:13,779 [Trainer] :: Starting epoch 100
2026-05-17 01:12:53,371 [Trainer] :: Completed epoch 100: train_loss=0.064188 train_iou=0.939043 val_loss=0.458841 val_iou=0.562216 lr=0.00007525
2026-05-17 01:12:53,768 [Trainer] :: Updated latest checkpoint at epoch 100
2026-05-17 01:12:53,769 [Trainer] :: No validation IoU improvement for 7 epoch(s)
2026-05-17 01:12:53,769 [Trainer] :: Starting epoch 101
2026-05-17 01:17:37,569 [Trainer] :: Completed epoch 101: train_loss=0.064991 train_iou=0.939369 val_loss=0.450507 val_iou=0.561630 lr=0.00007480
2026-05-17 01:17:38,009 [Trainer] :: Updated latest checkpoint at epoch 101
2026-05-17 01:17:38,010 [Trainer] :: No validation IoU improvement for 8 epoch(s)
2026-05-17 01:17:38,010 [Trainer] :: Starting epoch 102
2026-05-17 01:22:18,069 [Trainer] :: Completed epoch 102: train_loss=0.063054 train_iou=0.940583 val_loss=0.395719 val_iou=0.604310 lr=0.00007435
2026-05-17 01:22:18,491 [Trainer] :: Updated latest checkpoint at epoch 102
2026-05-17 01:22:18,491 [Trainer] :: No validation IoU improvement for 9 epoch(s)
2026-05-17 01:22:18,491 [Trainer] :: Starting epoch 103
2026-05-17 01:27:02,199 [Trainer] :: Completed epoch 103: train_loss=0.061621 train_iou=0.941618 val_loss=0.506642 val_iou=0.553171 lr=0.00007389
2026-05-17 01:27:02,606 [Trainer] :: Updated latest checkpoint at epoch 103
2026-05-17 01:27:02,606 [Trainer] :: No validation IoU improvement for 10 epoch(s)
2026-05-17 01:27:02,606 [Trainer] :: Starting epoch 104
2026-05-17 01:31:39,019 [Trainer] :: Completed epoch 104: train_loss=0.062926 train_iou=0.940738 val_loss=0.411300 val_iou=0.574660 lr=0.00007343
2026-05-17 01:31:39,399 [Trainer] :: Updated latest checkpoint at epoch 104
2026-05-17 01:31:39,399 [Trainer] :: No validation IoU improvement for 11 epoch(s)
2026-05-17 01:31:39,399 [Trainer] :: Starting epoch 105
2026-05-17 01:36:19,542 [Trainer] :: Completed epoch 105: train_loss=0.062708 train_iou=0.940784 val_loss=0.506268 val_iou=0.568516 lr=0.00007297
2026-05-17 01:36:19,968 [Trainer] :: Updated latest checkpoint at epoch 105
2026-05-17 01:36:19,968 [Trainer] :: No validation IoU improvement for 12 epoch(s)
2026-05-17 01:36:19,968 [Trainer] :: Starting epoch 106
2026-05-17 01:41:05,948 [Trainer] :: Completed epoch 106: train_loss=0.061701 train_iou=0.941726 val_loss=0.468497 val_iou=0.582693 lr=0.00007251
2026-05-17 01:41:06,564 [Trainer] :: Updated latest checkpoint at epoch 106
2026-05-17 01:41:06,564 [Trainer] :: No validation IoU improvement for 13 epoch(s)
2026-05-17 01:41:06,564 [Trainer] :: Starting epoch 107
2026-05-17 01:46:15,519 [Trainer] :: Completed epoch 107: train_loss=0.061621 train_iou=0.942088 val_loss=0.467593 val_iou=0.563587 lr=0.00007204
2026-05-17 01:46:16,025 [Trainer] :: Updated latest checkpoint at epoch 107
2026-05-17 01:46:16,026 [Trainer] :: No validation IoU improvement for 14 epoch(s)
2026-05-17 01:46:16,026 [Trainer] :: Starting epoch 108
2026-05-17 01:51:03,961 [Trainer] :: Completed epoch 108: train_loss=0.061659 train_iou=0.942081 val_loss=0.429836 val_iou=0.578785 lr=0.00007158
2026-05-17 01:51:04,355 [Trainer] :: Updated latest checkpoint at epoch 108
2026-05-17 01:51:04,355 [Trainer] :: No validation IoU improvement for 15 epoch(s)
2026-05-17 01:51:04,355 [Trainer] :: Starting epoch 109
2026-05-17 01:56:13,195 [Trainer] :: Completed epoch 109: train_loss=0.062020 train_iou=0.942287 val_loss=0.439712 val_iou=0.593657 lr=0.00007111
2026-05-17 01:56:14,045 [Trainer] :: Updated latest checkpoint at epoch 109
2026-05-17 01:56:14,045 [Trainer] :: No validation IoU improvement for 16 epoch(s)
2026-05-17 01:56:14,045 [Trainer] :: Starting epoch 110
2026-05-17 02:01:55,275 [Trainer] :: Completed epoch 110: train_loss=0.062559 train_iou=0.942573 val_loss=0.396202 val_iou=0.601080 lr=0.00007063
2026-05-17 02:01:56,361 [Trainer] :: Updated latest checkpoint at epoch 110
2026-05-17 02:01:56,362 [Trainer] :: No validation IoU improvement for 17 epoch(s)
2026-05-17 02:01:56,362 [Trainer] :: Starting epoch 111
2026-05-17 02:07:15,230 [Trainer] :: Completed epoch 111: train_loss=0.062315 train_iou=0.941233 val_loss=0.421355 val_iou=0.585918 lr=0.00007016
2026-05-17 02:07:16,066 [Trainer] :: Updated latest checkpoint at epoch 111
2026-05-17 02:07:16,066 [Trainer] :: No validation IoU improvement for 18 epoch(s)
2026-05-17 02:07:16,066 [Trainer] :: Starting epoch 112
2026-05-17 02:12:20,559 [Trainer] :: Completed epoch 112: train_loss=0.061234 train_iou=0.942620 val_loss=0.409861 val_iou=0.616975 lr=0.00006968
2026-05-17 02:12:21,085 [Trainer] :: Updated latest checkpoint at epoch 112
2026-05-17 02:12:21,085 [Trainer] :: No validation IoU improvement for 19 epoch(s)
2026-05-17 02:12:21,085 [Trainer] :: Starting epoch 113
2026-05-17 02:17:30,268 [Trainer] :: Completed epoch 113: train_loss=0.060863 train_iou=0.942567 val_loss=0.429909 val_iou=0.591619 lr=0.00006920
2026-05-17 02:17:30,998 [Trainer] :: Updated latest checkpoint at epoch 113
2026-05-17 02:17:30,998 [Trainer] :: No validation IoU improvement for 20 epoch(s)
2026-05-17 02:17:30,998 [Trainer] :: Starting epoch 114
2026-05-17 02:22:43,544 [Trainer] :: Completed epoch 114: train_loss=0.060568 train_iou=0.943287 val_loss=0.513671 val_iou=0.560338 lr=0.00006872
2026-05-17 02:22:44,158 [Trainer] :: Updated latest checkpoint at epoch 114
2026-05-17 02:22:44,158 [Trainer] :: No validation IoU improvement for 21 epoch(s)
2026-05-17 02:22:44,158 [Trainer] :: Starting epoch 115
2026-05-17 02:27:45,266 [Trainer] :: Completed epoch 115: train_loss=0.061063 train_iou=0.942706 val_loss=0.447584 val_iou=0.588900 lr=0.00006824
2026-05-17 02:27:45,912 [Trainer] :: Updated latest checkpoint at epoch 115
2026-05-17 02:27:45,912 [Trainer] :: No validation IoU improvement for 22 epoch(s)
2026-05-17 02:27:45,912 [Trainer] :: Starting epoch 116
2026-05-17 02:32:44,322 [Trainer] :: Completed epoch 116: train_loss=0.060582 train_iou=0.943070 val_loss=0.450452 val_iou=0.582752 lr=0.00006775
2026-05-17 02:32:45,132 [Trainer] :: Updated latest checkpoint at epoch 116
2026-05-17 02:32:45,132 [Trainer] :: No validation IoU improvement for 23 epoch(s)
2026-05-17 02:32:45,132 [Trainer] :: Starting epoch 117
2026-05-17 02:37:54,840 [Trainer] :: Completed epoch 117: train_loss=0.059219 train_iou=0.944438 val_loss=0.487502 val_iou=0.569892 lr=0.00006727
2026-05-17 02:37:56,218 [Trainer] :: Updated latest checkpoint at epoch 117
2026-05-17 02:37:56,219 [Trainer] :: No validation IoU improvement for 24 epoch(s)
2026-05-17 02:37:56,219 [Trainer] :: Starting epoch 118
2026-05-17 02:42:50,992 [Trainer] :: Completed epoch 118: train_loss=0.059925 train_iou=0.943925 val_loss=0.420097 val_iou=0.582947 lr=0.00006678
2026-05-17 02:42:51,368 [Trainer] :: Updated latest checkpoint at epoch 118
2026-05-17 02:42:51,368 [Trainer] :: No validation IoU improvement for 25 epoch(s)
2026-05-17 02:42:51,369 [Trainer] :: Starting epoch 119
2026-05-17 02:47:33,814 [Trainer] :: Completed epoch 119: train_loss=0.059407 train_iou=0.944692 val_loss=0.455242 val_iou=0.592101 lr=0.00006629
2026-05-17 02:47:34,267 [Trainer] :: Updated latest checkpoint at epoch 119
2026-05-17 02:47:34,267 [Trainer] :: No validation IoU improvement for 26 epoch(s)
2026-05-17 02:47:34,267 [Trainer] :: Starting epoch 120
2026-05-17 02:52:12,619 [Trainer] :: Completed epoch 120: train_loss=0.061097 train_iou=0.942754 val_loss=0.398104 val_iou=0.608405 lr=0.00006580
2026-05-17 02:52:12,991 [Trainer] :: Updated latest checkpoint at epoch 120
2026-05-17 02:52:12,991 [Trainer] :: No validation IoU improvement for 27 epoch(s)
2026-05-17 02:52:12,991 [Trainer] :: Starting epoch 121
2026-05-17 02:56:49,112 [Trainer] :: Completed epoch 121: train_loss=0.059445 train_iou=0.944248 val_loss=0.622262 val_iou=0.514756 lr=0.00006530
2026-05-17 02:56:49,519 [Trainer] :: Updated latest checkpoint at epoch 121
2026-05-17 02:56:49,519 [Trainer] :: No validation IoU improvement for 28 epoch(s)
2026-05-17 02:56:49,519 [Trainer] :: Starting epoch 122
2026-05-17 03:01:34,164 [Trainer] :: Completed epoch 122: train_loss=0.059407 train_iou=0.943851 val_loss=0.436488 val_iou=0.584548 lr=0.00006481
2026-05-17 03:01:34,550 [Trainer] :: Updated latest checkpoint at epoch 122
2026-05-17 03:01:34,551 [Trainer] :: No validation IoU improvement for 29 epoch(s)
2026-05-17 03:01:34,551 [Trainer] :: Starting epoch 123
2026-05-17 03:06:18,552 [Trainer] :: Completed epoch 123: train_loss=0.058558 train_iou=0.945144 val_loss=0.467388 val_iou=0.589839 lr=0.00006431
2026-05-17 03:06:18,965 [Trainer] :: Updated latest checkpoint at epoch 123
2026-05-17 03:06:18,965 [Trainer] :: No validation IoU improvement for 30 epoch(s)
2026-05-17 03:06:18,965 [Trainer] :: Starting epoch 124
2026-05-17 03:10:59,524 [Trainer] :: Completed epoch 124: train_loss=0.057744 train_iou=0.946002 val_loss=0.461896 val_iou=0.599355 lr=0.00006381
2026-05-17 03:11:00,093 [Trainer] :: Updated latest checkpoint at epoch 124
2026-05-17 03:11:00,093 [Trainer] :: No validation IoU improvement for 31 epoch(s)
2026-05-17 03:11:00,094 [Trainer] :: Starting epoch 125
2026-05-17 03:15:43,781 [Trainer] :: Completed epoch 125: train_loss=0.057890 train_iou=0.945605 val_loss=0.457569 val_iou=0.584606 lr=0.00006331
2026-05-17 03:15:44,187 [Trainer] :: Updated latest checkpoint at epoch 125
2026-05-17 03:15:44,187 [Trainer] :: No validation IoU improvement for 32 epoch(s)
2026-05-17 03:15:44,187 [Trainer] :: Starting epoch 126
2026-05-17 03:20:31,333 [Trainer] :: Completed epoch 126: train_loss=0.058386 train_iou=0.945243 val_loss=0.443812 val_iou=0.573768 lr=0.00006281
2026-05-17 03:20:31,996 [Trainer] :: Updated latest checkpoint at epoch 126
2026-05-17 03:20:31,996 [Trainer] :: No validation IoU improvement for 33 epoch(s)
2026-05-17 03:20:31,996 [Trainer] :: Starting epoch 127
2026-05-17 03:25:11,963 [Trainer] :: Completed epoch 127: train_loss=0.057543 train_iou=0.946105 val_loss=0.459340 val_iou=0.583544 lr=0.00006231
2026-05-17 03:25:12,342 [Trainer] :: Updated latest checkpoint at epoch 127
2026-05-17 03:25:12,342 [Trainer] :: No validation IoU improvement for 34 epoch(s)
2026-05-17 03:25:12,342 [Trainer] :: Starting epoch 128
2026-05-17 03:29:45,700 [Trainer] :: Completed epoch 128: train_loss=0.057209 train_iou=0.946460 val_loss=0.432806 val_iou=0.597082 lr=0.00006180
2026-05-17 03:29:46,174 [Trainer] :: Updated latest checkpoint at epoch 128
2026-05-17 03:29:46,174 [Trainer] :: No validation IoU improvement for 35 epoch(s)
2026-05-17 03:29:46,174 [Trainer] :: Starting epoch 129
2026-05-17 03:34:25,858 [Trainer] :: Completed epoch 129: train_loss=0.057390 train_iou=0.946231 val_loss=0.432930 val_iou=0.590061 lr=0.00006130
2026-05-17 03:34:26,283 [Trainer] :: Updated latest checkpoint at epoch 129
2026-05-17 03:34:26,283 [Trainer] :: No validation IoU improvement for 36 epoch(s)
2026-05-17 03:34:26,283 [Trainer] :: Starting epoch 130
2026-05-17 03:39:49,684 [Trainer] :: Completed epoch 130: train_loss=0.057580 train_iou=0.945631 val_loss=0.461551 val_iou=0.581928 lr=0.00006079
2026-05-17 03:39:50,527 [Trainer] :: Updated latest checkpoint at epoch 130
2026-05-17 03:39:50,528 [Trainer] :: No validation IoU improvement for 37 epoch(s)
2026-05-17 03:39:50,528 [Trainer] :: Starting epoch 131
2026-05-17 03:45:24,523 [Trainer] :: Completed epoch 131: train_loss=0.056477 train_iou=0.946871 val_loss=0.438297 val_iou=0.585930 lr=0.00006028
2026-05-17 03:45:25,740 [Trainer] :: Updated latest checkpoint at epoch 131
2026-05-17 03:45:25,740 [Trainer] :: No validation IoU improvement for 38 epoch(s)
2026-05-17 03:45:25,741 [Trainer] :: Starting epoch 132
2026-05-17 03:50:46,126 [Trainer] :: Completed epoch 132: train_loss=0.056758 train_iou=0.946542 val_loss=0.478878 val_iou=0.576316 lr=0.00005978
2026-05-17 03:50:47,185 [Trainer] :: Updated latest checkpoint at epoch 132
2026-05-17 03:50:47,185 [Trainer] :: No validation IoU improvement for 39 epoch(s)
2026-05-17 03:50:47,185 [Trainer] :: Starting epoch 133
2026-05-17 03:56:13,770 [Trainer] :: Completed epoch 133: train_loss=0.056106 train_iou=0.947489 val_loss=0.478585 val_iou=0.586274 lr=0.00005927
2026-05-17 03:56:14,579 [Trainer] :: Updated latest checkpoint at epoch 133
2026-05-17 03:56:14,579 [Trainer] :: No validation IoU improvement for 40 epoch(s)
2026-05-17 03:56:14,579 [Trainer] :: Starting epoch 134
2026-05-17 04:01:37,105 [Trainer] :: Completed epoch 134: train_loss=0.056197 train_iou=0.947596 val_loss=0.480868 val_iou=0.603663 lr=0.00005876
2026-05-17 04:01:37,981 [Trainer] :: Updated latest checkpoint at epoch 134
2026-05-17 04:01:37,981 [Trainer] :: No validation IoU improvement for 41 epoch(s)
2026-05-17 04:01:37,981 [Trainer] :: Starting epoch 135
2026-05-17 04:06:46,773 [Trainer] :: Completed epoch 135: train_loss=0.057116 train_iou=0.946847 val_loss=0.415201 val_iou=0.613644 lr=0.00005824
2026-05-17 04:06:47,821 [Trainer] :: Updated latest checkpoint at epoch 135
2026-05-17 04:06:47,821 [Trainer] :: No validation IoU improvement for 42 epoch(s)
2026-05-17 04:06:47,821 [Trainer] :: Starting epoch 136
2026-05-17 04:11:48,940 [Trainer] :: Completed epoch 136: train_loss=0.057382 train_iou=0.946268 val_loss=0.492849 val_iou=0.554811 lr=0.00005773
2026-05-17 04:11:50,128 [Trainer] :: Updated latest checkpoint at epoch 136
2026-05-17 04:11:50,129 [Trainer] :: No validation IoU improvement for 43 epoch(s)
2026-05-17 04:11:50,129 [Trainer] :: Starting epoch 137
2026-05-17 04:16:54,250 [Trainer] :: Completed epoch 137: train_loss=0.056513 train_iou=0.947380 val_loss=0.440203 val_iou=0.598583 lr=0.00005722
2026-05-17 04:16:55,109 [Trainer] :: Updated latest checkpoint at epoch 137
2026-05-17 04:16:55,110 [Trainer] :: No validation IoU improvement for 44 epoch(s)
2026-05-17 04:16:55,110 [Trainer] :: Starting epoch 138
2026-05-17 04:21:58,767 [Trainer] :: Completed epoch 138: train_loss=0.055418 train_iou=0.948286 val_loss=0.502384 val_iou=0.573179 lr=0.00005670
2026-05-17 04:21:59,356 [Trainer] :: Updated latest checkpoint at epoch 138
2026-05-17 04:21:59,356 [Trainer] :: No validation IoU improvement for 45 epoch(s)
2026-05-17 04:21:59,356 [Trainer] :: Starting epoch 139
2026-05-17 04:26:57,260 [Trainer] :: Completed epoch 139: train_loss=0.055822 train_iou=0.947586 val_loss=0.413051 val_iou=0.600228 lr=0.00005619
2026-05-17 04:26:57,697 [Trainer] :: Updated latest checkpoint at epoch 139
2026-05-17 04:26:57,697 [Trainer] :: No validation IoU improvement for 46 epoch(s)
2026-05-17 04:26:57,697 [Trainer] :: Starting epoch 140
2026-05-17 04:31:54,528 [Trainer] :: Completed epoch 140: train_loss=0.055360 train_iou=0.948700 val_loss=0.470549 val_iou=0.582763 lr=0.00005567
2026-05-17 04:31:55,243 [Trainer] :: Updated latest checkpoint at epoch 140
2026-05-17 04:31:55,243 [Trainer] :: No validation IoU improvement for 47 epoch(s)
2026-05-17 04:31:55,243 [Trainer] :: Starting epoch 141
2026-05-17 04:36:42,787 [Trainer] :: Completed epoch 141: train_loss=0.054687 train_iou=0.948738 val_loss=0.447070 val_iou=0.594006 lr=0.00005516
2026-05-17 04:36:43,195 [Trainer] :: Updated latest checkpoint at epoch 141
2026-05-17 04:36:43,195 [Trainer] :: No validation IoU improvement for 48 epoch(s)
2026-05-17 04:36:43,195 [Trainer] :: Starting epoch 142
2026-05-17 04:41:22,932 [Trainer] :: Completed epoch 142: train_loss=0.054954 train_iou=0.948669 val_loss=0.427011 val_iou=0.602203 lr=0.00005464
2026-05-17 04:41:23,579 [Trainer] :: Updated latest checkpoint at epoch 142
2026-05-17 04:41:23,579 [Trainer] :: No validation IoU improvement for 49 epoch(s)
2026-05-17 04:41:23,579 [Trainer] :: Starting epoch 143
2026-05-17 04:45:59,832 [Trainer] :: Completed epoch 143: train_loss=0.054537 train_iou=0.948993 val_loss=0.436035 val_iou=0.595619 lr=0.00005413
2026-05-17 04:46:00,366 [Trainer] :: Updated latest checkpoint at epoch 143
2026-05-17 04:46:00,366 [Trainer] :: No validation IoU improvement for 50 epoch(s)
2026-05-17 04:46:00,366 [Trainer] :: Starting epoch 144
2026-05-17 04:50:38,224 [Trainer] :: Completed epoch 144: train_loss=0.054245 train_iou=0.949367 val_loss=0.469570 val_iou=0.578810 lr=0.00005361
2026-05-17 04:50:38,846 [Trainer] :: Updated latest checkpoint at epoch 144
2026-05-17 04:50:38,846 [Trainer] :: No validation IoU improvement for 51 epoch(s)
2026-05-17 04:50:38,846 [Trainer] :: Starting epoch 145
2026-05-17 04:55:17,507 [Trainer] :: Completed epoch 145: train_loss=0.053908 train_iou=0.950209 val_loss=0.473660 val_iou=0.586117 lr=0.00005309
2026-05-17 04:55:17,998 [Trainer] :: Updated latest checkpoint at epoch 145
2026-05-17 04:55:17,998 [Trainer] :: No validation IoU improvement for 52 epoch(s)
2026-05-17 04:55:17,998 [Trainer] :: Starting epoch 146
2026-05-17 04:59:51,925 [Trainer] :: Completed epoch 146: train_loss=0.054448 train_iou=0.949754 val_loss=0.465465 val_iou=0.579061 lr=0.00005257
2026-05-17 04:59:52,301 [Trainer] :: Updated latest checkpoint at epoch 146
2026-05-17 04:59:52,302 [Trainer] :: No validation IoU improvement for 53 epoch(s)
2026-05-17 04:59:52,302 [Trainer] :: Starting epoch 147
