2026-05-01 19:33:04,958 [Trainer] :: Training run initialized at /ceph/home/student.aau.dk/qd36zu/fuzzy-p10/tbd/masking/outputs/runs/rgb_segformer_b0_seed43_20260501T173304Z
2026-05-01 19:33:04,958 [Trainer] :: Loaded config from /ceph/home/student.aau.dk/qd36zu/fuzzy-p10/tbd/masking/configs/binary/rgb_segformer_b0.yaml
2026-05-01 19:33:04,958 [Trainer] :: Using seed=43 and device=None
2026-05-01 19:33:04,958 [Trainer] :: Using model architecture=Segformer encoder=mit_b0 encoder_weights=imagenet
2026-05-01 19:33:05,399 [Trainer] :: Resolved runtime device to cuda
2026-05-01 19:33:05,399 [Trainer] :: Prepared normalization from source=imagenet
2026-05-01 19:33:18,861 [Trainer] :: Built dataloaders with batch_size=16, num_workers=0
2026-05-01 19:33:18,862 [Trainer] :: Starting epoch 1
2026-05-01 19:35:57,053 [Trainer] :: Completed epoch 1: train_loss=0.350031 train_iou=0.676604 val_loss=0.333352 val_iou=0.519608 lr=0.00010000
2026-05-01 19:35:57,162 [Trainer] :: Updated latest checkpoint at epoch 1
2026-05-01 19:35:58,230 [Trainer] :: New best checkpoint saved with val_iou=0.519608
2026-05-01 19:35:58,230 [Trainer] :: Starting epoch 2
2026-05-01 19:38:02,986 [Trainer] :: Completed epoch 2: train_loss=0.286956 train_iou=0.742558 val_loss=0.308414 val_iou=0.574699 lr=0.00009999
2026-05-01 19:38:03,074 [Trainer] :: Updated latest checkpoint at epoch 2
2026-05-01 19:38:03,162 [Trainer] :: New best checkpoint saved with val_iou=0.574699
2026-05-01 19:38:03,163 [Trainer] :: Starting epoch 3
2026-05-01 19:40:06,907 [Trainer] :: Completed epoch 3: train_loss=0.268355 train_iou=0.758467 val_loss=0.370012 val_iou=0.418439 lr=0.00009998
2026-05-01 19:40:07,025 [Trainer] :: Updated latest checkpoint at epoch 3
2026-05-01 19:40:07,025 [Trainer] :: No validation IoU improvement for 1 epoch(s)
2026-05-01 19:40:07,025 [Trainer] :: Starting epoch 4
2026-05-01 19:42:12,340 [Trainer] :: Completed epoch 4: train_loss=0.263480 train_iou=0.760060 val_loss=0.307182 val_iou=0.540076 lr=0.00009996
2026-05-01 19:42:12,473 [Trainer] :: Updated latest checkpoint at epoch 4
2026-05-01 19:42:12,473 [Trainer] :: No validation IoU improvement for 2 epoch(s)
2026-05-01 19:42:12,473 [Trainer] :: Starting epoch 5
2026-05-01 19:44:17,933 [Trainer] :: Completed epoch 5: train_loss=0.234867 train_iou=0.788652 val_loss=0.269498 val_iou=0.603841 lr=0.00009993
2026-05-01 19:44:18,038 [Trainer] :: Updated latest checkpoint at epoch 5
2026-05-01 19:44:18,213 [Trainer] :: New best checkpoint saved with val_iou=0.603841
2026-05-01 19:44:18,213 [Trainer] :: Starting epoch 6
2026-05-01 19:46:22,337 [Trainer] :: Completed epoch 6: train_loss=0.230721 train_iou=0.795362 val_loss=0.274983 val_iou=0.600930 lr=0.00009990
2026-05-01 19:46:22,476 [Trainer] :: Updated latest checkpoint at epoch 6
2026-05-01 19:46:22,476 [Trainer] :: No validation IoU improvement for 1 epoch(s)
2026-05-01 19:46:22,476 [Trainer] :: Starting epoch 7
2026-05-01 19:48:26,877 [Trainer] :: Completed epoch 7: train_loss=0.224364 train_iou=0.797722 val_loss=0.281836 val_iou=0.598684 lr=0.00009987
2026-05-01 19:48:26,991 [Trainer] :: Updated latest checkpoint at epoch 7
2026-05-01 19:48:26,991 [Trainer] :: No validation IoU improvement for 2 epoch(s)
2026-05-01 19:48:26,991 [Trainer] :: Starting epoch 8
2026-05-01 19:50:34,266 [Trainer] :: Completed epoch 8: train_loss=0.219258 train_iou=0.798941 val_loss=0.312582 val_iou=0.595030 lr=0.00009983
2026-05-01 19:50:34,359 [Trainer] :: Updated latest checkpoint at epoch 8
2026-05-01 19:50:34,359 [Trainer] :: No validation IoU improvement for 3 epoch(s)
2026-05-01 19:50:34,359 [Trainer] :: Starting epoch 9
2026-05-01 19:52:36,560 [Trainer] :: Completed epoch 9: train_loss=0.209390 train_iou=0.802617 val_loss=0.304358 val_iou=0.553587 lr=0.00009978
2026-05-01 19:52:36,656 [Trainer] :: Updated latest checkpoint at epoch 9
2026-05-01 19:52:36,656 [Trainer] :: No validation IoU improvement for 4 epoch(s)
2026-05-01 19:52:36,656 [Trainer] :: Starting epoch 10
2026-05-01 19:54:39,932 [Trainer] :: Completed epoch 10: train_loss=0.209299 train_iou=0.805986 val_loss=0.287652 val_iou=0.626380 lr=0.00009973
2026-05-01 19:54:40,062 [Trainer] :: Updated latest checkpoint at epoch 10
2026-05-01 19:54:40,474 [Trainer] :: New best checkpoint saved with val_iou=0.626380
2026-05-01 19:54:40,475 [Trainer] :: Starting epoch 11
2026-05-01 19:56:47,000 [Trainer] :: Completed epoch 11: train_loss=0.198106 train_iou=0.809961 val_loss=0.267373 val_iou=0.634234 lr=0.00009967
2026-05-01 19:56:47,249 [Trainer] :: Updated latest checkpoint at epoch 11
2026-05-01 19:56:47,345 [Trainer] :: New best checkpoint saved with val_iou=0.634234
2026-05-01 19:56:47,345 [Trainer] :: Starting epoch 12
2026-05-01 19:58:51,417 [Trainer] :: Completed epoch 12: train_loss=0.195555 train_iou=0.812011 val_loss=0.258881 val_iou=0.633387 lr=0.00009961
2026-05-01 19:58:51,508 [Trainer] :: Updated latest checkpoint at epoch 12
2026-05-01 19:58:51,508 [Trainer] :: No validation IoU improvement for 1 epoch(s)
2026-05-01 19:58:51,508 [Trainer] :: Starting epoch 13
2026-05-01 20:00:50,865 [Trainer] :: Completed epoch 13: train_loss=0.189330 train_iou=0.816151 val_loss=0.267978 val_iou=0.633859 lr=0.00009954
2026-05-01 20:00:50,949 [Trainer] :: Updated latest checkpoint at epoch 13
2026-05-01 20:00:50,949 [Trainer] :: No validation IoU improvement for 2 epoch(s)
2026-05-01 20:00:50,949 [Trainer] :: Starting epoch 14
2026-05-01 20:02:50,225 [Trainer] :: Completed epoch 14: train_loss=0.190436 train_iou=0.816950 val_loss=0.292393 val_iou=0.583316 lr=0.00009947
2026-05-01 20:02:50,311 [Trainer] :: Updated latest checkpoint at epoch 14
2026-05-01 20:02:50,311 [Trainer] :: No validation IoU improvement for 3 epoch(s)
2026-05-01 20:02:50,311 [Trainer] :: Starting epoch 15
2026-05-01 20:04:51,672 [Trainer] :: Completed epoch 15: train_loss=0.180146 train_iou=0.824064 val_loss=0.274734 val_iou=0.613282 lr=0.00009939
2026-05-01 20:04:51,755 [Trainer] :: Updated latest checkpoint at epoch 15
2026-05-01 20:04:51,755 [Trainer] :: No validation IoU improvement for 4 epoch(s)
2026-05-01 20:04:51,755 [Trainer] :: Starting epoch 16
2026-05-01 20:06:55,979 [Trainer] :: Completed epoch 16: train_loss=0.180022 train_iou=0.821566 val_loss=0.242374 val_iou=0.666526 lr=0.00009931
2026-05-01 20:06:56,101 [Trainer] :: Updated latest checkpoint at epoch 16
2026-05-01 20:06:56,221 [Trainer] :: New best checkpoint saved with val_iou=0.666526
2026-05-01 20:06:56,221 [Trainer] :: Starting epoch 17
2026-05-01 20:08:57,318 [Trainer] :: Completed epoch 17: train_loss=0.175788 train_iou=0.828060 val_loss=0.263911 val_iou=0.626208 lr=0.00009922
2026-05-01 20:08:57,408 [Trainer] :: Updated latest checkpoint at epoch 17
2026-05-01 20:08:57,408 [Trainer] :: No validation IoU improvement for 1 epoch(s)
2026-05-01 20:08:57,408 [Trainer] :: Starting epoch 18
2026-05-01 20:10:58,149 [Trainer] :: Completed epoch 18: train_loss=0.181294 train_iou=0.824666 val_loss=0.255922 val_iou=0.639954 lr=0.00009912
2026-05-01 20:10:58,237 [Trainer] :: Updated latest checkpoint at epoch 18
2026-05-01 20:10:58,237 [Trainer] :: No validation IoU improvement for 2 epoch(s)
2026-05-01 20:10:58,237 [Trainer] :: Starting epoch 19
2026-05-01 20:13:06,665 [Trainer] :: Completed epoch 19: train_loss=0.172778 train_iou=0.831936 val_loss=0.274297 val_iou=0.626950 lr=0.00009902
2026-05-01 20:13:06,750 [Trainer] :: Updated latest checkpoint at epoch 19
2026-05-01 20:13:06,750 [Trainer] :: No validation IoU improvement for 3 epoch(s)
2026-05-01 20:13:06,750 [Trainer] :: Starting epoch 20
2026-05-01 20:15:08,507 [Trainer] :: Completed epoch 20: train_loss=0.171842 train_iou=0.830423 val_loss=0.261743 val_iou=0.644426 lr=0.00009892
2026-05-01 20:15:08,594 [Trainer] :: Updated latest checkpoint at epoch 20
2026-05-01 20:15:08,594 [Trainer] :: No validation IoU improvement for 4 epoch(s)
2026-05-01 20:15:08,594 [Trainer] :: Starting epoch 21
2026-05-01 20:17:12,606 [Trainer] :: Completed epoch 21: train_loss=0.167513 train_iou=0.833623 val_loss=0.262328 val_iou=0.623031 lr=0.00009881
2026-05-01 20:17:12,700 [Trainer] :: Updated latest checkpoint at epoch 21
2026-05-01 20:17:12,700 [Trainer] :: No validation IoU improvement for 5 epoch(s)
2026-05-01 20:17:12,700 [Trainer] :: Starting epoch 22
2026-05-01 20:19:16,929 [Trainer] :: Completed epoch 22: train_loss=0.170190 train_iou=0.830750 val_loss=0.252524 val_iou=0.642044 lr=0.00009869
2026-05-01 20:19:17,059 [Trainer] :: Updated latest checkpoint at epoch 22
2026-05-01 20:19:17,059 [Trainer] :: No validation IoU improvement for 6 epoch(s)
2026-05-01 20:19:17,060 [Trainer] :: Starting epoch 23
2026-05-01 20:21:23,119 [Trainer] :: Completed epoch 23: train_loss=0.160932 train_iou=0.840408 val_loss=0.263702 val_iou=0.632320 lr=0.00009857
2026-05-01 20:21:23,210 [Trainer] :: Updated latest checkpoint at epoch 23
2026-05-01 20:21:23,211 [Trainer] :: No validation IoU improvement for 7 epoch(s)
2026-05-01 20:21:23,211 [Trainer] :: Starting epoch 24
2026-05-01 20:23:24,694 [Trainer] :: Completed epoch 24: train_loss=0.165088 train_iou=0.834834 val_loss=0.252675 val_iou=0.635632 lr=0.00009844
2026-05-01 20:23:24,783 [Trainer] :: Updated latest checkpoint at epoch 24
2026-05-01 20:23:24,783 [Trainer] :: No validation IoU improvement for 8 epoch(s)
2026-05-01 20:23:24,783 [Trainer] :: Starting epoch 25
2026-05-01 20:25:31,359 [Trainer] :: Completed epoch 25: train_loss=0.164332 train_iou=0.838274 val_loss=0.283563 val_iou=0.583348 lr=0.00009831
2026-05-01 20:25:31,529 [Trainer] :: Updated latest checkpoint at epoch 25
2026-05-01 20:25:31,530 [Trainer] :: No validation IoU improvement for 9 epoch(s)
2026-05-01 20:25:31,530 [Trainer] :: Starting epoch 26
2026-05-01 20:27:36,362 [Trainer] :: Completed epoch 26: train_loss=0.155441 train_iou=0.845441 val_loss=0.274865 val_iou=0.626658 lr=0.00009818
2026-05-01 20:27:36,466 [Trainer] :: Updated latest checkpoint at epoch 26
2026-05-01 20:27:36,466 [Trainer] :: No validation IoU improvement for 10 epoch(s)
2026-05-01 20:27:36,466 [Trainer] :: Starting epoch 27
2026-05-01 20:29:44,264 [Trainer] :: Completed epoch 27: train_loss=0.154821 train_iou=0.844380 val_loss=0.247776 val_iou=0.662189 lr=0.00009803
2026-05-01 20:29:44,365 [Trainer] :: Updated latest checkpoint at epoch 27
2026-05-01 20:29:44,365 [Trainer] :: No validation IoU improvement for 11 epoch(s)
2026-05-01 20:29:44,365 [Trainer] :: Starting epoch 28
2026-05-01 20:31:48,164 [Trainer] :: Completed epoch 28: train_loss=0.159676 train_iou=0.846038 val_loss=0.256143 val_iou=0.637836 lr=0.00009789
2026-05-01 20:31:48,265 [Trainer] :: Updated latest checkpoint at epoch 28
2026-05-01 20:31:48,266 [Trainer] :: No validation IoU improvement for 12 epoch(s)
2026-05-01 20:31:48,266 [Trainer] :: Starting epoch 29
2026-05-01 20:34:03,828 [Trainer] :: Completed epoch 29: train_loss=0.152891 train_iou=0.846500 val_loss=0.259871 val_iou=0.645695 lr=0.00009773
2026-05-01 20:34:03,917 [Trainer] :: Updated latest checkpoint at epoch 29
2026-05-01 20:34:03,917 [Trainer] :: No validation IoU improvement for 13 epoch(s)
2026-05-01 20:34:03,917 [Trainer] :: Starting epoch 30
2026-05-01 20:36:07,648 [Trainer] :: Completed epoch 30: train_loss=0.144621 train_iou=0.852480 val_loss=0.260352 val_iou=0.646317 lr=0.00009758
2026-05-01 20:36:07,737 [Trainer] :: Updated latest checkpoint at epoch 30
2026-05-01 20:36:07,738 [Trainer] :: No validation IoU improvement for 14 epoch(s)
2026-05-01 20:36:07,738 [Trainer] :: Starting epoch 31
2026-05-01 20:38:09,050 [Trainer] :: Completed epoch 31: train_loss=0.146923 train_iou=0.850841 val_loss=0.279383 val_iou=0.624116 lr=0.00009741
2026-05-01 20:38:09,140 [Trainer] :: Updated latest checkpoint at epoch 31
2026-05-01 20:38:09,141 [Trainer] :: No validation IoU improvement for 15 epoch(s)
2026-05-01 20:38:09,141 [Trainer] :: Starting epoch 32
2026-05-01 20:40:13,269 [Trainer] :: Completed epoch 32: train_loss=0.147681 train_iou=0.851772 val_loss=0.247556 val_iou=0.656903 lr=0.00009725
2026-05-01 20:40:13,370 [Trainer] :: Updated latest checkpoint at epoch 32
2026-05-01 20:40:13,371 [Trainer] :: No validation IoU improvement for 16 epoch(s)
2026-05-01 20:40:13,371 [Trainer] :: Starting epoch 33
2026-05-01 20:42:18,453 [Trainer] :: Completed epoch 33: train_loss=0.143559 train_iou=0.853036 val_loss=0.288872 val_iou=0.614841 lr=0.00009707
2026-05-01 20:42:18,638 [Trainer] :: Updated latest checkpoint at epoch 33
2026-05-01 20:42:18,638 [Trainer] :: No validation IoU improvement for 17 epoch(s)
2026-05-01 20:42:18,638 [Trainer] :: Starting epoch 34
2026-05-01 20:44:24,052 [Trainer] :: Completed epoch 34: train_loss=0.144278 train_iou=0.853911 val_loss=0.262628 val_iou=0.631787 lr=0.00009690
2026-05-01 20:44:24,206 [Trainer] :: Updated latest checkpoint at epoch 34
2026-05-01 20:44:24,206 [Trainer] :: No validation IoU improvement for 18 epoch(s)
2026-05-01 20:44:24,206 [Trainer] :: Starting epoch 35
2026-05-01 20:46:33,246 [Trainer] :: Completed epoch 35: train_loss=0.139995 train_iou=0.858631 val_loss=0.255640 val_iou=0.636586 lr=0.00009671
2026-05-01 20:46:33,347 [Trainer] :: Updated latest checkpoint at epoch 35
2026-05-01 20:46:33,347 [Trainer] :: No validation IoU improvement for 19 epoch(s)
2026-05-01 20:46:33,347 [Trainer] :: Starting epoch 36
2026-05-01 20:48:38,831 [Trainer] :: Completed epoch 36: train_loss=0.135940 train_iou=0.861443 val_loss=0.251775 val_iou=0.656100 lr=0.00009652
2026-05-01 20:48:38,923 [Trainer] :: Updated latest checkpoint at epoch 36
2026-05-01 20:48:38,924 [Trainer] :: No validation IoU improvement for 20 epoch(s)
2026-05-01 20:48:38,924 [Trainer] :: Starting epoch 37
2026-05-01 20:50:41,657 [Trainer] :: Completed epoch 37: train_loss=0.132215 train_iou=0.863529 val_loss=0.269308 val_iou=0.637698 lr=0.00009633
2026-05-01 20:50:41,751 [Trainer] :: Updated latest checkpoint at epoch 37
2026-05-01 20:50:41,752 [Trainer] :: No validation IoU improvement for 21 epoch(s)
2026-05-01 20:50:41,752 [Trainer] :: Starting epoch 38
2026-05-01 20:52:44,247 [Trainer] :: Completed epoch 38: train_loss=0.136025 train_iou=0.860452 val_loss=0.265281 val_iou=0.641309 lr=0.00009613
2026-05-01 20:52:44,378 [Trainer] :: Updated latest checkpoint at epoch 38
2026-05-01 20:52:44,378 [Trainer] :: No validation IoU improvement for 22 epoch(s)
2026-05-01 20:52:44,378 [Trainer] :: Starting epoch 39
2026-05-01 20:54:50,859 [Trainer] :: Completed epoch 39: train_loss=0.133282 train_iou=0.865046 val_loss=0.290642 val_iou=0.619538 lr=0.00009593
2026-05-01 20:54:50,948 [Trainer] :: Updated latest checkpoint at epoch 39
2026-05-01 20:54:50,948 [Trainer] :: No validation IoU improvement for 23 epoch(s)
2026-05-01 20:54:50,948 [Trainer] :: Starting epoch 40
2026-05-01 20:57:00,904 [Trainer] :: Completed epoch 40: train_loss=0.131841 train_iou=0.864769 val_loss=0.307894 val_iou=0.604607 lr=0.00009572
2026-05-01 20:57:00,996 [Trainer] :: Updated latest checkpoint at epoch 40
2026-05-01 20:57:00,996 [Trainer] :: No validation IoU improvement for 24 epoch(s)
2026-05-01 20:57:00,996 [Trainer] :: Starting epoch 41
2026-05-01 20:59:09,093 [Trainer] :: Completed epoch 41: train_loss=0.131886 train_iou=0.865776 val_loss=0.268253 val_iou=0.644305 lr=0.00009551
2026-05-01 20:59:09,185 [Trainer] :: Updated latest checkpoint at epoch 41
2026-05-01 20:59:09,185 [Trainer] :: No validation IoU improvement for 25 epoch(s)
2026-05-01 20:59:09,185 [Trainer] :: Starting epoch 42
2026-05-01 21:01:36,511 [Trainer] :: Completed epoch 42: train_loss=0.131963 train_iou=0.863866 val_loss=0.265936 val_iou=0.633124 lr=0.00009529
2026-05-01 21:01:36,596 [Trainer] :: Updated latest checkpoint at epoch 42
2026-05-01 21:01:36,596 [Trainer] :: No validation IoU improvement for 26 epoch(s)
2026-05-01 21:01:36,596 [Trainer] :: Starting epoch 43
2026-05-01 21:03:39,529 [Trainer] :: Completed epoch 43: train_loss=0.126203 train_iou=0.868379 val_loss=0.275022 val_iou=0.644590 lr=0.00009507
2026-05-01 21:03:39,622 [Trainer] :: Updated latest checkpoint at epoch 43
2026-05-01 21:03:39,622 [Trainer] :: No validation IoU improvement for 27 epoch(s)
2026-05-01 21:03:39,622 [Trainer] :: Starting epoch 44
2026-05-01 21:05:45,012 [Trainer] :: Completed epoch 44: train_loss=0.125026 train_iou=0.871102 val_loss=0.262243 val_iou=0.643089 lr=0.00009484
2026-05-01 21:05:45,122 [Trainer] :: Updated latest checkpoint at epoch 44
2026-05-01 21:05:45,123 [Trainer] :: No validation IoU improvement for 28 epoch(s)
2026-05-01 21:05:45,123 [Trainer] :: Starting epoch 45
2026-05-01 21:07:52,762 [Trainer] :: Completed epoch 45: train_loss=0.122305 train_iou=0.870729 val_loss=0.273188 val_iou=0.643157 lr=0.00009460
2026-05-01 21:07:52,957 [Trainer] :: Updated latest checkpoint at epoch 45
2026-05-01 21:07:52,957 [Trainer] :: No validation IoU improvement for 29 epoch(s)
2026-05-01 21:07:52,957 [Trainer] :: Starting epoch 46
2026-05-01 21:09:58,350 [Trainer] :: Completed epoch 46: train_loss=0.124902 train_iou=0.870184 val_loss=0.253479 val_iou=0.654423 lr=0.00009437
2026-05-01 21:09:58,442 [Trainer] :: Updated latest checkpoint at epoch 46
2026-05-01 21:09:58,442 [Trainer] :: No validation IoU improvement for 30 epoch(s)
2026-05-01 21:09:58,442 [Trainer] :: Starting epoch 47
2026-05-01 21:12:02,996 [Trainer] :: Completed epoch 47: train_loss=0.121829 train_iou=0.874887 val_loss=0.273056 val_iou=0.636404 lr=0.00009412
2026-05-01 21:12:03,088 [Trainer] :: Updated latest checkpoint at epoch 47
2026-05-01 21:12:03,088 [Trainer] :: No validation IoU improvement for 31 epoch(s)
2026-05-01 21:12:03,088 [Trainer] :: Starting epoch 48
2026-05-01 21:14:10,565 [Trainer] :: Completed epoch 48: train_loss=0.122068 train_iou=0.874502 val_loss=0.254398 val_iou=0.652666 lr=0.00009388
2026-05-01 21:14:10,670 [Trainer] :: Updated latest checkpoint at epoch 48
2026-05-01 21:14:10,670 [Trainer] :: No validation IoU improvement for 32 epoch(s)
2026-05-01 21:14:10,670 [Trainer] :: Starting epoch 49
2026-05-01 21:16:26,089 [Trainer] :: Completed epoch 49: train_loss=0.119559 train_iou=0.875367 val_loss=0.271630 val_iou=0.638708 lr=0.00009363
2026-05-01 21:16:26,178 [Trainer] :: Updated latest checkpoint at epoch 49
2026-05-01 21:16:26,178 [Trainer] :: No validation IoU improvement for 33 epoch(s)
2026-05-01 21:16:26,178 [Trainer] :: Starting epoch 50
2026-05-01 21:18:30,529 [Trainer] :: Completed epoch 50: train_loss=0.117645 train_iou=0.876977 val_loss=0.265393 val_iou=0.645777 lr=0.00009337
2026-05-01 21:18:30,678 [Trainer] :: Updated latest checkpoint at epoch 50
2026-05-01 21:18:30,678 [Trainer] :: No validation IoU improvement for 34 epoch(s)
2026-05-01 21:18:30,678 [Trainer] :: Starting epoch 51
2026-05-01 21:20:36,251 [Trainer] :: Completed epoch 51: train_loss=0.117496 train_iou=0.876418 val_loss=0.271387 val_iou=0.650208 lr=0.00009311
2026-05-01 21:20:36,349 [Trainer] :: Updated latest checkpoint at epoch 51
2026-05-01 21:20:36,349 [Trainer] :: No validation IoU improvement for 35 epoch(s)
2026-05-01 21:20:36,349 [Trainer] :: Starting epoch 52
2026-05-01 21:22:40,079 [Trainer] :: Completed epoch 52: train_loss=0.118241 train_iou=0.877612 val_loss=0.279003 val_iou=0.620858 lr=0.00009284
2026-05-01 21:22:40,177 [Trainer] :: Updated latest checkpoint at epoch 52
2026-05-01 21:22:40,177 [Trainer] :: No validation IoU improvement for 36 epoch(s)
2026-05-01 21:22:40,177 [Trainer] :: Starting epoch 53
2026-05-01 21:24:47,521 [Trainer] :: Completed epoch 53: train_loss=0.113734 train_iou=0.879892 val_loss=0.280483 val_iou=0.630661 lr=0.00009257
2026-05-01 21:24:47,614 [Trainer] :: Updated latest checkpoint at epoch 53
2026-05-01 21:24:47,614 [Trainer] :: No validation IoU improvement for 37 epoch(s)
2026-05-01 21:24:47,614 [Trainer] :: Starting epoch 54
2026-05-01 21:26:49,950 [Trainer] :: Completed epoch 54: train_loss=0.111483 train_iou=0.884799 val_loss=0.271378 val_iou=0.635606 lr=0.00009229
2026-05-01 21:26:50,039 [Trainer] :: Updated latest checkpoint at epoch 54
2026-05-01 21:26:50,039 [Trainer] :: No validation IoU improvement for 38 epoch(s)
2026-05-01 21:26:50,039 [Trainer] :: Starting epoch 55
2026-05-01 21:28:54,040 [Trainer] :: Completed epoch 55: train_loss=0.112616 train_iou=0.879953 val_loss=0.294261 val_iou=0.612579 lr=0.00009201
2026-05-01 21:28:54,132 [Trainer] :: Updated latest checkpoint at epoch 55
2026-05-01 21:28:54,132 [Trainer] :: No validation IoU improvement for 39 epoch(s)
2026-05-01 21:28:54,133 [Trainer] :: Starting epoch 56
2026-05-01 21:30:56,669 [Trainer] :: Completed epoch 56: train_loss=0.109734 train_iou=0.885046 val_loss=0.276225 val_iou=0.639971 lr=0.00009173
2026-05-01 21:30:56,967 [Trainer] :: Updated latest checkpoint at epoch 56
2026-05-01 21:30:56,968 [Trainer] :: No validation IoU improvement for 40 epoch(s)
2026-05-01 21:30:56,968 [Trainer] :: Starting epoch 57
2026-05-01 21:33:04,764 [Trainer] :: Completed epoch 57: train_loss=0.108765 train_iou=0.886296 val_loss=0.278781 val_iou=0.640753 lr=0.00009144
2026-05-01 21:33:04,851 [Trainer] :: Updated latest checkpoint at epoch 57
2026-05-01 21:33:04,851 [Trainer] :: No validation IoU improvement for 41 epoch(s)
2026-05-01 21:33:04,851 [Trainer] :: Starting epoch 58
2026-05-01 21:35:09,581 [Trainer] :: Completed epoch 58: train_loss=0.109509 train_iou=0.886289 val_loss=0.265056 val_iou=0.645713 lr=0.00009115
2026-05-01 21:35:10,072 [Trainer] :: Updated latest checkpoint at epoch 58
2026-05-01 21:35:10,072 [Trainer] :: No validation IoU improvement for 42 epoch(s)
2026-05-01 21:35:10,072 [Trainer] :: Starting epoch 59
2026-05-01 21:37:10,168 [Trainer] :: Completed epoch 59: train_loss=0.110716 train_iou=0.884526 val_loss=0.268811 val_iou=0.639422 lr=0.00009085
2026-05-01 21:37:10,261 [Trainer] :: Updated latest checkpoint at epoch 59
2026-05-01 21:37:10,261 [Trainer] :: No validation IoU improvement for 43 epoch(s)
2026-05-01 21:37:10,262 [Trainer] :: Starting epoch 60
2026-05-01 21:39:12,120 [Trainer] :: Completed epoch 60: train_loss=0.108211 train_iou=0.885789 val_loss=0.282299 val_iou=0.637323 lr=0.00009055
2026-05-01 21:39:12,215 [Trainer] :: Updated latest checkpoint at epoch 60
2026-05-01 21:39:12,215 [Trainer] :: No validation IoU improvement for 44 epoch(s)
2026-05-01 21:39:12,215 [Trainer] :: Starting epoch 61
2026-05-01 21:41:14,006 [Trainer] :: Completed epoch 61: train_loss=0.105956 train_iou=0.888312 val_loss=0.285706 val_iou=0.635793 lr=0.00009024
2026-05-01 21:41:14,108 [Trainer] :: Updated latest checkpoint at epoch 61
2026-05-01 21:41:14,108 [Trainer] :: No validation IoU improvement for 45 epoch(s)
2026-05-01 21:41:14,108 [Trainer] :: Starting epoch 62
2026-05-01 21:43:20,572 [Trainer] :: Completed epoch 62: train_loss=0.108054 train_iou=0.885696 val_loss=0.275365 val_iou=0.634805 lr=0.00008993
2026-05-01 21:43:20,666 [Trainer] :: Updated latest checkpoint at epoch 62
2026-05-01 21:43:20,666 [Trainer] :: No validation IoU improvement for 46 epoch(s)
2026-05-01 21:43:20,666 [Trainer] :: Starting epoch 63
2026-05-01 21:45:24,411 [Trainer] :: Completed epoch 63: train_loss=0.106184 train_iou=0.888834 val_loss=0.268685 val_iou=0.646541 lr=0.00008961
2026-05-01 21:45:24,536 [Trainer] :: Updated latest checkpoint at epoch 63
2026-05-01 21:45:24,537 [Trainer] :: No validation IoU improvement for 47 epoch(s)
2026-05-01 21:45:24,537 [Trainer] :: Starting epoch 64
2026-05-01 21:47:28,525 [Trainer] :: Completed epoch 64: train_loss=0.103619 train_iou=0.890648 val_loss=0.274067 val_iou=0.648069 lr=0.00008929
2026-05-01 21:47:28,643 [Trainer] :: Updated latest checkpoint at epoch 64
2026-05-01 21:47:28,643 [Trainer] :: No validation IoU improvement for 48 epoch(s)
2026-05-01 21:47:28,643 [Trainer] :: Starting epoch 65
2026-05-01 21:49:37,043 [Trainer] :: Completed epoch 65: train_loss=0.102714 train_iou=0.891989 val_loss=0.261689 val_iou=0.660062 lr=0.00008897
2026-05-01 21:49:37,134 [Trainer] :: Updated latest checkpoint at epoch 65
2026-05-01 21:49:37,134 [Trainer] :: No validation IoU improvement for 49 epoch(s)
2026-05-01 21:49:37,134 [Trainer] :: Starting epoch 66
2026-05-01 21:51:40,527 [Trainer] :: Completed epoch 66: train_loss=0.104888 train_iou=0.890067 val_loss=0.283151 val_iou=0.632144 lr=0.00008864
2026-05-01 21:51:40,617 [Trainer] :: Updated latest checkpoint at epoch 66
2026-05-01 21:51:40,617 [Trainer] :: No validation IoU improvement for 50 epoch(s)
2026-05-01 21:51:40,617 [Trainer] :: Starting epoch 67
2026-05-01 21:53:48,342 [Trainer] :: Completed epoch 67: train_loss=0.103636 train_iou=0.891962 val_loss=0.275212 val_iou=0.642347 lr=0.00008831
2026-05-01 21:53:48,445 [Trainer] :: Updated latest checkpoint at epoch 67
2026-05-01 21:53:48,446 [Trainer] :: No validation IoU improvement for 51 epoch(s)
2026-05-01 21:53:48,446 [Trainer] :: Starting epoch 68
2026-05-01 21:55:55,776 [Trainer] :: Completed epoch 68: train_loss=0.101342 train_iou=0.892956 val_loss=0.275003 val_iou=0.648164 lr=0.00008797
2026-05-01 21:55:55,865 [Trainer] :: Updated latest checkpoint at epoch 68
2026-05-01 21:55:55,866 [Trainer] :: No validation IoU improvement for 52 epoch(s)
2026-05-01 21:55:55,866 [Trainer] :: Starting epoch 69
2026-05-01 21:58:04,419 [Trainer] :: Completed epoch 69: train_loss=0.097631 train_iou=0.895581 val_loss=0.274932 val_iou=0.646125 lr=0.00008763
2026-05-01 21:58:04,526 [Trainer] :: Updated latest checkpoint at epoch 69
2026-05-01 21:58:04,526 [Trainer] :: No validation IoU improvement for 53 epoch(s)
2026-05-01 21:58:04,526 [Trainer] :: Starting epoch 70
2026-05-01 22:00:10,658 [Trainer] :: Completed epoch 70: train_loss=0.098380 train_iou=0.894904 val_loss=0.266167 val_iou=0.652118 lr=0.00008729
2026-05-01 22:00:10,752 [Trainer] :: Updated latest checkpoint at epoch 70
2026-05-01 22:00:10,752 [Trainer] :: No validation IoU improvement for 54 epoch(s)
2026-05-01 22:00:10,752 [Trainer] :: Starting epoch 71
2026-05-01 22:02:12,564 [Trainer] :: Completed epoch 71: train_loss=0.100492 train_iou=0.895128 val_loss=0.279836 val_iou=0.646669 lr=0.00008694
2026-05-01 22:02:12,651 [Trainer] :: Updated latest checkpoint at epoch 71
2026-05-01 22:02:12,651 [Trainer] :: No validation IoU improvement for 55 epoch(s)
2026-05-01 22:02:12,651 [Trainer] :: Starting epoch 72
2026-05-01 22:04:17,425 [Trainer] :: Completed epoch 72: train_loss=0.096823 train_iou=0.897574 val_loss=0.279939 val_iou=0.637731 lr=0.00008658
2026-05-01 22:04:17,673 [Trainer] :: Updated latest checkpoint at epoch 72
2026-05-01 22:04:17,673 [Trainer] :: No validation IoU improvement for 56 epoch(s)
2026-05-01 22:04:17,673 [Trainer] :: Starting epoch 73
2026-05-01 22:06:19,946 [Trainer] :: Completed epoch 73: train_loss=0.098430 train_iou=0.895026 val_loss=0.287896 val_iou=0.638291 lr=0.00008623
2026-05-01 22:06:20,040 [Trainer] :: Updated latest checkpoint at epoch 73
2026-05-01 22:06:20,040 [Trainer] :: No validation IoU improvement for 57 epoch(s)
2026-05-01 22:06:20,040 [Trainer] :: Starting epoch 74
2026-05-01 22:08:22,029 [Trainer] :: Completed epoch 74: train_loss=0.097450 train_iou=0.896564 val_loss=0.279630 val_iou=0.645926 lr=0.00008587
2026-05-01 22:08:22,174 [Trainer] :: Updated latest checkpoint at epoch 74
2026-05-01 22:08:22,174 [Trainer] :: No validation IoU improvement for 58 epoch(s)
2026-05-01 22:08:22,174 [Trainer] :: Starting epoch 75
2026-05-01 22:10:26,525 [Trainer] :: Completed epoch 75: train_loss=0.101077 train_iou=0.893899 val_loss=0.277340 val_iou=0.649262 lr=0.00008550
2026-05-01 22:10:26,617 [Trainer] :: Updated latest checkpoint at epoch 75
2026-05-01 22:10:26,617 [Trainer] :: No validation IoU improvement for 59 epoch(s)
2026-05-01 22:10:26,617 [Trainer] :: Starting epoch 76
2026-05-01 22:12:31,238 [Trainer] :: Completed epoch 76: train_loss=0.094107 train_iou=0.899484 val_loss=0.289801 val_iou=0.629659 lr=0.00008513
2026-05-01 22:12:31,333 [Trainer] :: Updated latest checkpoint at epoch 76
2026-05-01 22:12:31,333 [Trainer] :: No validation IoU improvement for 60 epoch(s)
2026-05-01 22:12:31,333 [Trainer] :: Early stopping triggered after 60 epoch(s) without improvement
2026-05-01 22:15:17,931 [Trainer] :: Wrote training history to outputs/runs/rgb_segformer_b0_seed43_20260501T173304Z/metrics/history.json
2026-05-01 22:15:17,931 [Trainer] :: Wrote test summary to outputs/runs/rgb_segformer_b0_seed43_20260501T173304Z/metrics/test_summary.json
2026-05-01 22:15:17,931 [Trainer] :: Training completed
