2026-05-17 23:10:19,197 [Trainer] :: Training run initialized at /ceph/home/student.aau.dk/qd36zu/fuzzy-p10/tbd/masking/outputs/runs/rgb_unetplusplus_resnet34_fuzzy_halo_seed44_20260517T211018Z
2026-05-17 23:10:19,197 [Trainer] :: Loaded config from /ceph/home/student.aau.dk/qd36zu/fuzzy-p10/tbd/masking/configs/fuzzy/rgb_unetpp_resnet34.yaml
2026-05-17 23:10:19,197 [Trainer] :: Using seed=44 and device=None
2026-05-17 23:10:19,198 [Trainer] :: Using model architecture=UnetPlusPlus encoder=resnet34 encoder_weights=imagenet
2026-05-17 23:10:19,721 [Trainer] :: Resolved runtime device to cuda
2026-05-17 23:10:19,721 [Trainer] :: Prepared normalization from source=imagenet
2026-05-17 23:10:34,452 [Trainer] :: Built dataloaders with batch_size=8, num_workers=0
2026-05-17 23:10:34,455 [Trainer] :: Starting epoch 1
2026-05-17 23:16:34,650 [Trainer] :: Completed epoch 1: train_loss=0.439507 train_iou=0.663200 val_loss=0.454175 val_iou=0.522720 lr=0.00010000
2026-05-17 23:16:35,035 [Trainer] :: Updated latest checkpoint at epoch 1
2026-05-17 23:16:35,337 [Trainer] :: New best checkpoint saved with val_iou=0.522720
2026-05-17 23:16:35,338 [Trainer] :: Starting epoch 2
2026-05-17 23:21:33,375 [Trainer] :: Completed epoch 2: train_loss=0.340937 train_iou=0.749398 val_loss=0.383269 val_iou=0.589783 lr=0.00009999
2026-05-17 23:21:33,699 [Trainer] :: Updated latest checkpoint at epoch 2
2026-05-17 23:21:34,070 [Trainer] :: New best checkpoint saved with val_iou=0.589783
2026-05-17 23:21:34,070 [Trainer] :: Starting epoch 3
2026-05-17 23:26:33,998 [Trainer] :: Completed epoch 3: train_loss=0.294851 train_iou=0.779156 val_loss=0.339734 val_iou=0.553489 lr=0.00009998
2026-05-17 23:26:34,356 [Trainer] :: Updated latest checkpoint at epoch 3
2026-05-17 23:26:34,357 [Trainer] :: No validation IoU improvement for 1 epoch(s)
2026-05-17 23:26:34,357 [Trainer] :: Starting epoch 4
2026-05-17 23:31:23,787 [Trainer] :: Completed epoch 4: train_loss=0.272171 train_iou=0.793704 val_loss=0.329335 val_iou=0.539148 lr=0.00009996
2026-05-17 23:31:24,286 [Trainer] :: Updated latest checkpoint at epoch 4
2026-05-17 23:31:24,286 [Trainer] :: No validation IoU improvement for 2 epoch(s)
2026-05-17 23:31:24,287 [Trainer] :: Starting epoch 5
2026-05-17 23:36:24,810 [Trainer] :: Completed epoch 5: train_loss=0.250265 train_iou=0.806934 val_loss=0.329564 val_iou=0.564878 lr=0.00009993
2026-05-17 23:36:25,184 [Trainer] :: Updated latest checkpoint at epoch 5
2026-05-17 23:36:25,184 [Trainer] :: No validation IoU improvement for 3 epoch(s)
2026-05-17 23:36:25,184 [Trainer] :: Starting epoch 6
2026-05-17 23:41:35,569 [Trainer] :: Completed epoch 6: train_loss=0.243869 train_iou=0.810021 val_loss=0.299476 val_iou=0.602052 lr=0.00009990
2026-05-17 23:41:35,981 [Trainer] :: Updated latest checkpoint at epoch 6
2026-05-17 23:41:36,326 [Trainer] :: New best checkpoint saved with val_iou=0.602052
2026-05-17 23:41:36,326 [Trainer] :: Starting epoch 7
2026-05-17 23:47:15,759 [Trainer] :: Completed epoch 7: train_loss=0.230106 train_iou=0.820460 val_loss=0.310851 val_iou=0.590614 lr=0.00009987
2026-05-17 23:47:17,232 [Trainer] :: Updated latest checkpoint at epoch 7
2026-05-17 23:47:17,233 [Trainer] :: No validation IoU improvement for 1 epoch(s)
2026-05-17 23:47:17,233 [Trainer] :: Starting epoch 8
2026-05-17 23:53:57,202 [Trainer] :: Completed epoch 8: train_loss=0.219130 train_iou=0.827658 val_loss=0.327151 val_iou=0.584427 lr=0.00009983
2026-05-17 23:53:57,592 [Trainer] :: Updated latest checkpoint at epoch 8
2026-05-17 23:53:57,592 [Trainer] :: No validation IoU improvement for 2 epoch(s)
2026-05-17 23:53:57,592 [Trainer] :: Starting epoch 9
2026-05-18 00:00:25,326 [Trainer] :: Completed epoch 9: train_loss=0.210530 train_iou=0.832874 val_loss=0.310984 val_iou=0.578769 lr=0.00009978
2026-05-18 00:00:25,684 [Trainer] :: Updated latest checkpoint at epoch 9
2026-05-18 00:00:25,685 [Trainer] :: No validation IoU improvement for 3 epoch(s)
2026-05-18 00:00:25,685 [Trainer] :: Starting epoch 10
2026-05-18 00:06:45,211 [Trainer] :: Completed epoch 10: train_loss=0.207749 train_iou=0.834529 val_loss=0.324535 val_iou=0.543356 lr=0.00009973
2026-05-18 00:06:45,831 [Trainer] :: Updated latest checkpoint at epoch 10
2026-05-18 00:06:45,831 [Trainer] :: No validation IoU improvement for 4 epoch(s)
2026-05-18 00:06:45,831 [Trainer] :: Starting epoch 11
2026-05-18 00:12:04,281 [Trainer] :: Completed epoch 11: train_loss=0.202813 train_iou=0.839095 val_loss=0.284665 val_iou=0.621680 lr=0.00009967
2026-05-18 00:12:04,592 [Trainer] :: Updated latest checkpoint at epoch 11
2026-05-18 00:12:04,979 [Trainer] :: New best checkpoint saved with val_iou=0.621680
2026-05-18 00:12:04,979 [Trainer] :: Starting epoch 12
2026-05-18 00:17:05,122 [Trainer] :: Completed epoch 12: train_loss=0.199778 train_iou=0.839171 val_loss=0.311345 val_iou=0.585714 lr=0.00009961
2026-05-18 00:17:05,534 [Trainer] :: Updated latest checkpoint at epoch 12
2026-05-18 00:17:05,534 [Trainer] :: No validation IoU improvement for 1 epoch(s)
2026-05-18 00:17:05,534 [Trainer] :: Starting epoch 13
2026-05-18 00:22:32,854 [Trainer] :: Completed epoch 13: train_loss=0.187442 train_iou=0.849329 val_loss=0.345930 val_iou=0.555785 lr=0.00009954
2026-05-18 00:22:33,198 [Trainer] :: Updated latest checkpoint at epoch 13
2026-05-18 00:22:33,198 [Trainer] :: No validation IoU improvement for 2 epoch(s)
2026-05-18 00:22:33,198 [Trainer] :: Starting epoch 14
2026-05-18 00:27:49,433 [Trainer] :: Completed epoch 14: train_loss=0.184280 train_iou=0.853255 val_loss=0.334960 val_iou=0.523934 lr=0.00009947
2026-05-18 00:27:49,776 [Trainer] :: Updated latest checkpoint at epoch 14
2026-05-18 00:27:49,777 [Trainer] :: No validation IoU improvement for 3 epoch(s)
2026-05-18 00:27:49,777 [Trainer] :: Starting epoch 15
2026-05-18 00:34:05,599 [Trainer] :: Completed epoch 15: train_loss=0.179694 train_iou=0.858093 val_loss=0.301754 val_iou=0.598758 lr=0.00009939
2026-05-18 00:34:06,222 [Trainer] :: Updated latest checkpoint at epoch 15
2026-05-18 00:34:06,223 [Trainer] :: No validation IoU improvement for 4 epoch(s)
2026-05-18 00:34:06,223 [Trainer] :: Starting epoch 16
2026-05-18 00:38:52,147 [Trainer] :: Completed epoch 16: train_loss=0.174592 train_iou=0.862619 val_loss=0.339191 val_iou=0.525682 lr=0.00009931
2026-05-18 00:38:52,485 [Trainer] :: Updated latest checkpoint at epoch 16
2026-05-18 00:38:52,485 [Trainer] :: No validation IoU improvement for 5 epoch(s)
2026-05-18 00:38:52,485 [Trainer] :: Starting epoch 17
2026-05-18 00:43:45,584 [Trainer] :: Completed epoch 17: train_loss=0.173113 train_iou=0.864064 val_loss=0.297357 val_iou=0.588427 lr=0.00009922
2026-05-18 00:43:45,932 [Trainer] :: Updated latest checkpoint at epoch 17
2026-05-18 00:43:45,932 [Trainer] :: No validation IoU improvement for 6 epoch(s)
2026-05-18 00:43:45,932 [Trainer] :: Starting epoch 18
2026-05-18 00:48:43,978 [Trainer] :: Completed epoch 18: train_loss=0.170307 train_iou=0.863794 val_loss=0.329132 val_iou=0.564286 lr=0.00009912
2026-05-18 00:48:44,318 [Trainer] :: Updated latest checkpoint at epoch 18
2026-05-18 00:48:44,318 [Trainer] :: No validation IoU improvement for 7 epoch(s)
2026-05-18 00:48:44,318 [Trainer] :: Starting epoch 19
2026-05-18 00:53:15,118 [Trainer] :: Completed epoch 19: train_loss=0.161588 train_iou=0.873320 val_loss=0.319181 val_iou=0.610501 lr=0.00009902
2026-05-18 00:53:15,551 [Trainer] :: Updated latest checkpoint at epoch 19
2026-05-18 00:53:15,551 [Trainer] :: No validation IoU improvement for 8 epoch(s)
2026-05-18 00:53:15,551 [Trainer] :: Starting epoch 20
2026-05-18 00:57:46,227 [Trainer] :: Completed epoch 20: train_loss=0.160231 train_iou=0.874237 val_loss=0.321636 val_iou=0.571038 lr=0.00009892
2026-05-18 00:57:46,570 [Trainer] :: Updated latest checkpoint at epoch 20
2026-05-18 00:57:46,570 [Trainer] :: No validation IoU improvement for 9 epoch(s)
2026-05-18 00:57:46,570 [Trainer] :: Starting epoch 21
2026-05-18 01:02:18,741 [Trainer] :: Completed epoch 21: train_loss=0.153698 train_iou=0.880881 val_loss=0.336410 val_iou=0.570764 lr=0.00009881
2026-05-18 01:02:19,154 [Trainer] :: Updated latest checkpoint at epoch 21
2026-05-18 01:02:19,155 [Trainer] :: No validation IoU improvement for 10 epoch(s)
2026-05-18 01:02:19,155 [Trainer] :: Starting epoch 22
2026-05-18 01:06:54,742 [Trainer] :: Completed epoch 22: train_loss=0.150953 train_iou=0.880431 val_loss=0.345770 val_iou=0.538488 lr=0.00009869
2026-05-18 01:06:55,087 [Trainer] :: Updated latest checkpoint at epoch 22
2026-05-18 01:06:55,087 [Trainer] :: No validation IoU improvement for 11 epoch(s)
2026-05-18 01:06:55,087 [Trainer] :: Starting epoch 23
2026-05-18 01:11:45,629 [Trainer] :: Completed epoch 23: train_loss=0.147676 train_iou=0.880767 val_loss=0.318395 val_iou=0.582735 lr=0.00009857
2026-05-18 01:11:45,980 [Trainer] :: Updated latest checkpoint at epoch 23
2026-05-18 01:11:45,980 [Trainer] :: No validation IoU improvement for 12 epoch(s)
2026-05-18 01:11:45,980 [Trainer] :: Starting epoch 24
2026-05-18 01:16:35,407 [Trainer] :: Completed epoch 24: train_loss=0.147999 train_iou=0.881691 val_loss=0.362354 val_iou=0.527978 lr=0.00009844
2026-05-18 01:16:35,766 [Trainer] :: Updated latest checkpoint at epoch 24
2026-05-18 01:16:35,766 [Trainer] :: No validation IoU improvement for 13 epoch(s)
2026-05-18 01:16:35,766 [Trainer] :: Starting epoch 25
2026-05-18 01:21:27,106 [Trainer] :: Completed epoch 25: train_loss=0.143107 train_iou=0.885478 val_loss=0.318978 val_iou=0.603126 lr=0.00009831
2026-05-18 01:21:27,497 [Trainer] :: Updated latest checkpoint at epoch 25
2026-05-18 01:21:27,497 [Trainer] :: No validation IoU improvement for 14 epoch(s)
2026-05-18 01:21:27,497 [Trainer] :: Starting epoch 26
2026-05-18 01:26:04,917 [Trainer] :: Completed epoch 26: train_loss=0.135463 train_iou=0.889376 val_loss=0.358778 val_iou=0.567853 lr=0.00009818
2026-05-18 01:26:05,323 [Trainer] :: Updated latest checkpoint at epoch 26
2026-05-18 01:26:05,323 [Trainer] :: No validation IoU improvement for 15 epoch(s)
2026-05-18 01:26:05,323 [Trainer] :: Starting epoch 27
2026-05-18 01:31:09,217 [Trainer] :: Completed epoch 27: train_loss=0.132241 train_iou=0.888789 val_loss=0.405946 val_iou=0.487388 lr=0.00009803
2026-05-18 01:31:09,557 [Trainer] :: Updated latest checkpoint at epoch 27
2026-05-18 01:31:09,557 [Trainer] :: No validation IoU improvement for 16 epoch(s)
2026-05-18 01:31:09,557 [Trainer] :: Starting epoch 28
2026-05-18 01:36:19,339 [Trainer] :: Completed epoch 28: train_loss=0.131164 train_iou=0.889636 val_loss=0.400061 val_iou=0.535955 lr=0.00009789
2026-05-18 01:36:19,688 [Trainer] :: Updated latest checkpoint at epoch 28
2026-05-18 01:36:19,688 [Trainer] :: No validation IoU improvement for 17 epoch(s)
2026-05-18 01:36:19,688 [Trainer] :: Starting epoch 29
2026-05-18 01:41:27,182 [Trainer] :: Completed epoch 29: train_loss=0.123321 train_iou=0.892114 val_loss=0.305841 val_iou=0.649494 lr=0.00009773
2026-05-18 01:41:27,582 [Trainer] :: Updated latest checkpoint at epoch 29
2026-05-18 01:41:27,877 [Trainer] :: New best checkpoint saved with val_iou=0.649494
2026-05-18 01:41:27,878 [Trainer] :: Starting epoch 30
2026-05-18 01:46:11,358 [Trainer] :: Completed epoch 30: train_loss=0.122909 train_iou=0.895178 val_loss=0.359253 val_iou=0.552207 lr=0.00009758
2026-05-18 01:46:11,674 [Trainer] :: Updated latest checkpoint at epoch 30
2026-05-18 01:46:11,674 [Trainer] :: No validation IoU improvement for 1 epoch(s)
2026-05-18 01:46:11,674 [Trainer] :: Starting epoch 31
2026-05-18 01:51:11,354 [Trainer] :: Completed epoch 31: train_loss=0.119780 train_iou=0.897024 val_loss=0.327925 val_iou=0.583537 lr=0.00009741
2026-05-18 01:51:11,695 [Trainer] :: Updated latest checkpoint at epoch 31
2026-05-18 01:51:11,695 [Trainer] :: No validation IoU improvement for 2 epoch(s)
2026-05-18 01:51:11,696 [Trainer] :: Starting epoch 32
2026-05-18 01:56:13,162 [Trainer] :: Completed epoch 32: train_loss=0.120472 train_iou=0.894712 val_loss=0.319946 val_iou=0.588280 lr=0.00009725
2026-05-18 01:56:13,856 [Trainer] :: Updated latest checkpoint at epoch 32
2026-05-18 01:56:13,858 [Trainer] :: No validation IoU improvement for 3 epoch(s)
2026-05-18 01:56:13,859 [Trainer] :: Starting epoch 33
2026-05-18 02:01:29,812 [Trainer] :: Completed epoch 33: train_loss=0.112808 train_iou=0.900355 val_loss=0.312245 val_iou=0.619636 lr=0.00009707
2026-05-18 02:01:30,178 [Trainer] :: Updated latest checkpoint at epoch 33
2026-05-18 02:01:30,179 [Trainer] :: No validation IoU improvement for 4 epoch(s)
2026-05-18 02:01:30,179 [Trainer] :: Starting epoch 34
2026-05-18 02:06:29,085 [Trainer] :: Completed epoch 34: train_loss=0.113371 train_iou=0.899098 val_loss=0.308842 val_iou=0.607929 lr=0.00009690
2026-05-18 02:06:29,473 [Trainer] :: Updated latest checkpoint at epoch 34
2026-05-18 02:06:29,473 [Trainer] :: No validation IoU improvement for 5 epoch(s)
2026-05-18 02:06:29,473 [Trainer] :: Starting epoch 35
2026-05-18 02:11:34,544 [Trainer] :: Completed epoch 35: train_loss=0.112646 train_iou=0.897929 val_loss=0.429318 val_iou=0.505242 lr=0.00009671
2026-05-18 02:11:35,153 [Trainer] :: Updated latest checkpoint at epoch 35
2026-05-18 02:11:35,153 [Trainer] :: No validation IoU improvement for 6 epoch(s)
2026-05-18 02:11:35,153 [Trainer] :: Starting epoch 36
2026-05-18 02:16:38,430 [Trainer] :: Completed epoch 36: train_loss=0.108512 train_iou=0.903884 val_loss=0.310910 val_iou=0.620841 lr=0.00009652
2026-05-18 02:16:38,818 [Trainer] :: Updated latest checkpoint at epoch 36
2026-05-18 02:16:38,818 [Trainer] :: No validation IoU improvement for 7 epoch(s)
2026-05-18 02:16:38,819 [Trainer] :: Starting epoch 37
2026-05-18 02:21:38,155 [Trainer] :: Completed epoch 37: train_loss=0.106471 train_iou=0.904613 val_loss=0.339666 val_iou=0.585410 lr=0.00009633
2026-05-18 02:21:38,934 [Trainer] :: Updated latest checkpoint at epoch 37
2026-05-18 02:21:38,934 [Trainer] :: No validation IoU improvement for 8 epoch(s)
2026-05-18 02:21:38,934 [Trainer] :: Starting epoch 38
2026-05-18 02:26:38,124 [Trainer] :: Completed epoch 38: train_loss=0.105664 train_iou=0.905156 val_loss=0.344348 val_iou=0.565387 lr=0.00009613
2026-05-18 02:26:38,482 [Trainer] :: Updated latest checkpoint at epoch 38
2026-05-18 02:26:38,482 [Trainer] :: No validation IoU improvement for 9 epoch(s)
2026-05-18 02:26:38,482 [Trainer] :: Starting epoch 39
2026-05-18 02:31:39,843 [Trainer] :: Completed epoch 39: train_loss=0.101966 train_iou=0.906851 val_loss=0.382819 val_iou=0.544475 lr=0.00009593
2026-05-18 02:31:40,329 [Trainer] :: Updated latest checkpoint at epoch 39
2026-05-18 02:31:40,329 [Trainer] :: No validation IoU improvement for 10 epoch(s)
2026-05-18 02:31:40,329 [Trainer] :: Starting epoch 40
2026-05-18 02:36:44,950 [Trainer] :: Completed epoch 40: train_loss=0.100285 train_iou=0.908873 val_loss=0.412816 val_iou=0.560621 lr=0.00009572
2026-05-18 02:36:46,111 [Trainer] :: Updated latest checkpoint at epoch 40
2026-05-18 02:36:46,111 [Trainer] :: No validation IoU improvement for 11 epoch(s)
2026-05-18 02:36:46,111 [Trainer] :: Starting epoch 41
2026-05-18 02:41:41,139 [Trainer] :: Completed epoch 41: train_loss=0.105169 train_iou=0.906823 val_loss=0.330813 val_iou=0.608397 lr=0.00009551
2026-05-18 02:41:41,509 [Trainer] :: Updated latest checkpoint at epoch 41
2026-05-18 02:41:41,510 [Trainer] :: No validation IoU improvement for 12 epoch(s)
2026-05-18 02:41:41,510 [Trainer] :: Starting epoch 42
2026-05-18 02:46:50,524 [Trainer] :: Completed epoch 42: train_loss=0.099019 train_iou=0.908406 val_loss=0.325222 val_iou=0.616000 lr=0.00009529
2026-05-18 02:46:50,884 [Trainer] :: Updated latest checkpoint at epoch 42
2026-05-18 02:46:50,884 [Trainer] :: No validation IoU improvement for 13 epoch(s)
2026-05-18 02:46:50,884 [Trainer] :: Starting epoch 43
2026-05-18 02:51:44,836 [Trainer] :: Completed epoch 43: train_loss=0.095971 train_iou=0.912233 val_loss=0.334679 val_iou=0.561422 lr=0.00009507
2026-05-18 02:51:45,284 [Trainer] :: Updated latest checkpoint at epoch 43
2026-05-18 02:51:45,284 [Trainer] :: No validation IoU improvement for 14 epoch(s)
2026-05-18 02:51:45,284 [Trainer] :: Starting epoch 44
2026-05-18 02:56:49,615 [Trainer] :: Completed epoch 44: train_loss=0.097915 train_iou=0.910345 val_loss=0.357986 val_iou=0.600141 lr=0.00009484
2026-05-18 02:56:50,010 [Trainer] :: Updated latest checkpoint at epoch 44
2026-05-18 02:56:50,010 [Trainer] :: No validation IoU improvement for 15 epoch(s)
2026-05-18 02:56:50,010 [Trainer] :: Starting epoch 45
2026-05-18 03:01:47,967 [Trainer] :: Completed epoch 45: train_loss=0.094877 train_iou=0.912833 val_loss=0.371297 val_iou=0.561594 lr=0.00009460
2026-05-18 03:01:48,323 [Trainer] :: Updated latest checkpoint at epoch 45
2026-05-18 03:01:48,324 [Trainer] :: No validation IoU improvement for 16 epoch(s)
2026-05-18 03:01:48,324 [Trainer] :: Starting epoch 46
2026-05-18 03:06:45,172 [Trainer] :: Completed epoch 46: train_loss=0.094256 train_iou=0.914113 val_loss=0.337228 val_iou=0.606763 lr=0.00009437
2026-05-18 03:06:45,575 [Trainer] :: Updated latest checkpoint at epoch 46
2026-05-18 03:06:45,576 [Trainer] :: No validation IoU improvement for 17 epoch(s)
2026-05-18 03:06:45,576 [Trainer] :: Starting epoch 47
2026-05-18 03:11:35,803 [Trainer] :: Completed epoch 47: train_loss=0.092862 train_iou=0.914648 val_loss=0.393852 val_iou=0.560044 lr=0.00009412
2026-05-18 03:11:36,531 [Trainer] :: Updated latest checkpoint at epoch 47
2026-05-18 03:11:36,531 [Trainer] :: No validation IoU improvement for 18 epoch(s)
2026-05-18 03:11:36,531 [Trainer] :: Starting epoch 48
2026-05-18 03:16:08,275 [Trainer] :: Completed epoch 48: train_loss=0.092801 train_iou=0.914688 val_loss=0.341869 val_iou=0.598751 lr=0.00009388
2026-05-18 03:16:08,760 [Trainer] :: Updated latest checkpoint at epoch 48
2026-05-18 03:16:08,761 [Trainer] :: No validation IoU improvement for 19 epoch(s)
2026-05-18 03:16:08,761 [Trainer] :: Starting epoch 49
2026-05-18 03:21:00,329 [Trainer] :: Completed epoch 49: train_loss=0.091481 train_iou=0.915417 val_loss=0.403389 val_iou=0.543004 lr=0.00009363
2026-05-18 03:21:01,042 [Trainer] :: Updated latest checkpoint at epoch 49
2026-05-18 03:21:01,042 [Trainer] :: No validation IoU improvement for 20 epoch(s)
2026-05-18 03:21:01,042 [Trainer] :: Starting epoch 50
2026-05-18 03:25:50,288 [Trainer] :: Completed epoch 50: train_loss=0.089910 train_iou=0.916740 val_loss=0.393642 val_iou=0.565763 lr=0.00009337
2026-05-18 03:25:50,658 [Trainer] :: Updated latest checkpoint at epoch 50
2026-05-18 03:25:50,658 [Trainer] :: No validation IoU improvement for 21 epoch(s)
2026-05-18 03:25:50,658 [Trainer] :: Starting epoch 51
2026-05-18 03:30:29,050 [Trainer] :: Completed epoch 51: train_loss=0.089132 train_iou=0.918385 val_loss=0.355768 val_iou=0.571611 lr=0.00009311
2026-05-18 03:30:29,785 [Trainer] :: Updated latest checkpoint at epoch 51
2026-05-18 03:30:29,785 [Trainer] :: No validation IoU improvement for 22 epoch(s)
2026-05-18 03:30:29,785 [Trainer] :: Starting epoch 52
2026-05-18 03:35:42,801 [Trainer] :: Completed epoch 52: train_loss=0.088881 train_iou=0.919184 val_loss=0.334101 val_iou=0.594506 lr=0.00009284
2026-05-18 03:35:43,216 [Trainer] :: Updated latest checkpoint at epoch 52
2026-05-18 03:35:43,216 [Trainer] :: No validation IoU improvement for 23 epoch(s)
2026-05-18 03:35:43,216 [Trainer] :: Starting epoch 53
2026-05-18 03:40:39,029 [Trainer] :: Completed epoch 53: train_loss=0.089253 train_iou=0.918539 val_loss=0.402389 val_iou=0.592425 lr=0.00009257
2026-05-18 03:40:39,832 [Trainer] :: Updated latest checkpoint at epoch 53
2026-05-18 03:40:39,832 [Trainer] :: No validation IoU improvement for 24 epoch(s)
2026-05-18 03:40:39,832 [Trainer] :: Starting epoch 54
2026-05-18 03:45:22,663 [Trainer] :: Completed epoch 54: train_loss=0.084478 train_iou=0.920561 val_loss=0.323873 val_iou=0.615170 lr=0.00009229
2026-05-18 03:45:23,420 [Trainer] :: Updated latest checkpoint at epoch 54
2026-05-18 03:45:23,420 [Trainer] :: No validation IoU improvement for 25 epoch(s)
2026-05-18 03:45:23,420 [Trainer] :: Starting epoch 55
2026-05-18 03:50:43,470 [Trainer] :: Completed epoch 55: train_loss=0.088084 train_iou=0.919448 val_loss=0.362595 val_iou=0.569348 lr=0.00009201
2026-05-18 03:50:43,937 [Trainer] :: Updated latest checkpoint at epoch 55
2026-05-18 03:50:43,937 [Trainer] :: No validation IoU improvement for 26 epoch(s)
2026-05-18 03:50:43,937 [Trainer] :: Starting epoch 56
2026-05-18 03:55:55,356 [Trainer] :: Completed epoch 56: train_loss=0.084363 train_iou=0.921824 val_loss=0.393127 val_iou=0.562939 lr=0.00009173
2026-05-18 03:55:55,956 [Trainer] :: Updated latest checkpoint at epoch 56
2026-05-18 03:55:55,956 [Trainer] :: No validation IoU improvement for 27 epoch(s)
2026-05-18 03:55:55,956 [Trainer] :: Starting epoch 57
2026-05-18 04:00:54,844 [Trainer] :: Completed epoch 57: train_loss=0.084788 train_iou=0.921114 val_loss=0.368175 val_iou=0.581477 lr=0.00009144
2026-05-18 04:00:55,587 [Trainer] :: Updated latest checkpoint at epoch 57
2026-05-18 04:00:55,588 [Trainer] :: No validation IoU improvement for 28 epoch(s)
2026-05-18 04:00:55,588 [Trainer] :: Starting epoch 58
2026-05-18 04:05:38,714 [Trainer] :: Completed epoch 58: train_loss=0.083853 train_iou=0.921732 val_loss=0.350112 val_iou=0.597073 lr=0.00009115
2026-05-18 04:05:39,395 [Trainer] :: Updated latest checkpoint at epoch 58
2026-05-18 04:05:39,396 [Trainer] :: No validation IoU improvement for 29 epoch(s)
2026-05-18 04:05:39,396 [Trainer] :: Starting epoch 59
2026-05-18 04:10:53,368 [Trainer] :: Completed epoch 59: train_loss=0.084411 train_iou=0.922316 val_loss=0.359149 val_iou=0.601248 lr=0.00009085
2026-05-18 04:10:53,882 [Trainer] :: Updated latest checkpoint at epoch 59
2026-05-18 04:10:53,882 [Trainer] :: No validation IoU improvement for 30 epoch(s)
2026-05-18 04:10:53,882 [Trainer] :: Starting epoch 60
2026-05-18 04:15:53,451 [Trainer] :: Completed epoch 60: train_loss=0.082488 train_iou=0.922232 val_loss=0.358307 val_iou=0.606848 lr=0.00009055
2026-05-18 04:15:53,803 [Trainer] :: Updated latest checkpoint at epoch 60
2026-05-18 04:15:53,803 [Trainer] :: No validation IoU improvement for 31 epoch(s)
2026-05-18 04:15:53,803 [Trainer] :: Starting epoch 61
2026-05-18 04:20:44,190 [Trainer] :: Completed epoch 61: train_loss=0.081232 train_iou=0.924705 val_loss=0.346619 val_iou=0.616885 lr=0.00009024
2026-05-18 04:20:45,699 [Trainer] :: Updated latest checkpoint at epoch 61
2026-05-18 04:20:45,700 [Trainer] :: No validation IoU improvement for 32 epoch(s)
2026-05-18 04:20:45,700 [Trainer] :: Starting epoch 62
2026-05-18 04:25:45,663 [Trainer] :: Completed epoch 62: train_loss=0.080304 train_iou=0.923978 val_loss=0.384297 val_iou=0.551055 lr=0.00008993
2026-05-18 04:25:46,022 [Trainer] :: Updated latest checkpoint at epoch 62
2026-05-18 04:25:46,022 [Trainer] :: No validation IoU improvement for 33 epoch(s)
2026-05-18 04:25:46,022 [Trainer] :: Starting epoch 63
2026-05-18 04:31:05,844 [Trainer] :: Completed epoch 63: train_loss=0.080352 train_iou=0.926002 val_loss=0.370594 val_iou=0.597667 lr=0.00008961
2026-05-18 04:31:06,192 [Trainer] :: Updated latest checkpoint at epoch 63
2026-05-18 04:31:06,192 [Trainer] :: No validation IoU improvement for 34 epoch(s)
2026-05-18 04:31:06,192 [Trainer] :: Starting epoch 64
2026-05-18 04:36:25,254 [Trainer] :: Completed epoch 64: train_loss=0.080924 train_iou=0.924553 val_loss=0.363442 val_iou=0.600348 lr=0.00008929
2026-05-18 04:36:25,907 [Trainer] :: Updated latest checkpoint at epoch 64
2026-05-18 04:36:25,907 [Trainer] :: No validation IoU improvement for 35 epoch(s)
2026-05-18 04:36:25,907 [Trainer] :: Starting epoch 65
2026-05-18 04:41:43,185 [Trainer] :: Completed epoch 65: train_loss=0.079501 train_iou=0.925441 val_loss=0.363007 val_iou=0.586455 lr=0.00008897
2026-05-18 04:41:44,079 [Trainer] :: Updated latest checkpoint at epoch 65
2026-05-18 04:41:44,079 [Trainer] :: No validation IoU improvement for 36 epoch(s)
2026-05-18 04:41:44,079 [Trainer] :: Starting epoch 66
2026-05-18 04:47:04,575 [Trainer] :: Completed epoch 66: train_loss=0.078240 train_iou=0.927355 val_loss=0.477023 val_iou=0.550321 lr=0.00008864
2026-05-18 04:47:05,236 [Trainer] :: Updated latest checkpoint at epoch 66
2026-05-18 04:47:05,236 [Trainer] :: No validation IoU improvement for 37 epoch(s)
2026-05-18 04:47:05,236 [Trainer] :: Starting epoch 67
2026-05-18 04:52:23,223 [Trainer] :: Completed epoch 67: train_loss=0.078597 train_iou=0.926549 val_loss=0.350247 val_iou=0.614062 lr=0.00008831
2026-05-18 04:52:23,930 [Trainer] :: Updated latest checkpoint at epoch 67
2026-05-18 04:52:23,930 [Trainer] :: No validation IoU improvement for 38 epoch(s)
2026-05-18 04:52:23,930 [Trainer] :: Starting epoch 68
2026-05-18 04:57:14,830 [Trainer] :: Completed epoch 68: train_loss=0.081453 train_iou=0.924545 val_loss=0.415653 val_iou=0.569277 lr=0.00008797
2026-05-18 04:57:15,216 [Trainer] :: Updated latest checkpoint at epoch 68
2026-05-18 04:57:15,216 [Trainer] :: No validation IoU improvement for 39 epoch(s)
2026-05-18 04:57:15,216 [Trainer] :: Starting epoch 69
2026-05-18 05:02:14,108 [Trainer] :: Completed epoch 69: train_loss=0.077246 train_iou=0.927585 val_loss=0.408085 val_iou=0.541456 lr=0.00008763
2026-05-18 05:02:14,485 [Trainer] :: Updated latest checkpoint at epoch 69
2026-05-18 05:02:14,485 [Trainer] :: No validation IoU improvement for 40 epoch(s)
2026-05-18 05:02:14,485 [Trainer] :: Starting epoch 70
2026-05-18 05:08:09,451 [Trainer] :: Completed epoch 70: train_loss=0.076936 train_iou=0.928346 val_loss=0.377590 val_iou=0.588895 lr=0.00008729
2026-05-18 05:08:09,963 [Trainer] :: Updated latest checkpoint at epoch 70
2026-05-18 05:08:09,963 [Trainer] :: No validation IoU improvement for 41 epoch(s)
2026-05-18 05:08:09,963 [Trainer] :: Starting epoch 71
2026-05-18 05:14:51,465 [Trainer] :: Completed epoch 71: train_loss=0.075655 train_iou=0.928650 val_loss=0.450352 val_iou=0.558828 lr=0.00008694
2026-05-18 05:14:51,826 [Trainer] :: Updated latest checkpoint at epoch 71
2026-05-18 05:14:51,826 [Trainer] :: No validation IoU improvement for 42 epoch(s)
2026-05-18 05:14:51,827 [Trainer] :: Starting epoch 72
2026-05-18 05:21:26,902 [Trainer] :: Completed epoch 72: train_loss=0.074450 train_iou=0.930815 val_loss=0.452060 val_iou=0.546726 lr=0.00008658
2026-05-18 05:21:27,335 [Trainer] :: Updated latest checkpoint at epoch 72
2026-05-18 05:21:27,335 [Trainer] :: No validation IoU improvement for 43 epoch(s)
2026-05-18 05:21:27,335 [Trainer] :: Starting epoch 73
2026-05-18 05:26:23,364 [Trainer] :: Completed epoch 73: train_loss=0.075135 train_iou=0.930108 val_loss=0.532070 val_iou=0.551523 lr=0.00008623
2026-05-18 05:26:23,767 [Trainer] :: Updated latest checkpoint at epoch 73
2026-05-18 05:26:23,767 [Trainer] :: No validation IoU improvement for 44 epoch(s)
2026-05-18 05:26:23,767 [Trainer] :: Starting epoch 74
2026-05-18 05:31:17,826 [Trainer] :: Completed epoch 74: train_loss=0.073708 train_iou=0.930824 val_loss=0.384911 val_iou=0.598815 lr=0.00008587
2026-05-18 05:31:18,670 [Trainer] :: Updated latest checkpoint at epoch 74
2026-05-18 05:31:18,670 [Trainer] :: No validation IoU improvement for 45 epoch(s)
2026-05-18 05:31:18,670 [Trainer] :: Starting epoch 75
2026-05-18 05:36:23,766 [Trainer] :: Completed epoch 75: train_loss=0.072243 train_iou=0.931630 val_loss=0.433129 val_iou=0.549821 lr=0.00008550
2026-05-18 05:36:24,372 [Trainer] :: Updated latest checkpoint at epoch 75
2026-05-18 05:36:24,373 [Trainer] :: No validation IoU improvement for 46 epoch(s)
2026-05-18 05:36:24,373 [Trainer] :: Starting epoch 76
2026-05-18 05:43:18,412 [Trainer] :: Completed epoch 76: train_loss=0.071793 train_iou=0.932438 val_loss=0.366009 val_iou=0.614417 lr=0.00008513
2026-05-18 05:43:19,815 [Trainer] :: Updated latest checkpoint at epoch 76
2026-05-18 05:43:19,815 [Trainer] :: No validation IoU improvement for 47 epoch(s)
2026-05-18 05:43:19,815 [Trainer] :: Starting epoch 77
2026-05-18 05:50:17,953 [Trainer] :: Completed epoch 77: train_loss=0.072292 train_iou=0.932214 val_loss=0.382934 val_iou=0.589735 lr=0.00008476
2026-05-18 05:50:18,704 [Trainer] :: Updated latest checkpoint at epoch 77
2026-05-18 05:50:18,704 [Trainer] :: No validation IoU improvement for 48 epoch(s)
2026-05-18 05:50:18,704 [Trainer] :: Starting epoch 78
2026-05-18 05:57:12,836 [Trainer] :: Completed epoch 78: train_loss=0.070590 train_iou=0.933203 val_loss=0.387893 val_iou=0.612385 lr=0.00008439
2026-05-18 05:57:13,489 [Trainer] :: Updated latest checkpoint at epoch 78
2026-05-18 05:57:13,489 [Trainer] :: No validation IoU improvement for 49 epoch(s)
2026-05-18 05:57:13,489 [Trainer] :: Starting epoch 79
2026-05-18 06:04:00,094 [Trainer] :: Completed epoch 79: train_loss=0.071128 train_iou=0.933178 val_loss=0.375757 val_iou=0.615896 lr=0.00008401
2026-05-18 06:04:01,070 [Trainer] :: Updated latest checkpoint at epoch 79
2026-05-18 06:04:01,070 [Trainer] :: No validation IoU improvement for 50 epoch(s)
2026-05-18 06:04:01,070 [Trainer] :: Starting epoch 80
2026-05-18 06:10:46,993 [Trainer] :: Completed epoch 80: train_loss=0.072485 train_iou=0.931866 val_loss=0.429193 val_iou=0.576328 lr=0.00008362
2026-05-18 06:10:47,507 [Trainer] :: Updated latest checkpoint at epoch 80
2026-05-18 06:10:47,507 [Trainer] :: No validation IoU improvement for 51 epoch(s)
2026-05-18 06:10:47,507 [Trainer] :: Starting epoch 81
2026-05-18 06:17:24,262 [Trainer] :: Completed epoch 81: train_loss=0.071158 train_iou=0.933421 val_loss=0.468134 val_iou=0.546634 lr=0.00008323
2026-05-18 06:17:24,643 [Trainer] :: Updated latest checkpoint at epoch 81
2026-05-18 06:17:24,643 [Trainer] :: No validation IoU improvement for 52 epoch(s)
2026-05-18 06:17:24,643 [Trainer] :: Starting epoch 82
2026-05-18 06:24:04,631 [Trainer] :: Completed epoch 82: train_loss=0.069709 train_iou=0.934425 val_loss=0.424610 val_iou=0.575128 lr=0.00008284
2026-05-18 06:24:05,223 [Trainer] :: Updated latest checkpoint at epoch 82
2026-05-18 06:24:05,223 [Trainer] :: No validation IoU improvement for 53 epoch(s)
2026-05-18 06:24:05,223 [Trainer] :: Starting epoch 83
2026-05-18 06:30:56,866 [Trainer] :: Completed epoch 83: train_loss=0.069505 train_iou=0.934724 val_loss=0.470216 val_iou=0.575796 lr=0.00008245
2026-05-18 06:30:57,239 [Trainer] :: Updated latest checkpoint at epoch 83
2026-05-18 06:30:57,239 [Trainer] :: No validation IoU improvement for 54 epoch(s)
2026-05-18 06:30:57,239 [Trainer] :: Starting epoch 84
2026-05-18 06:37:48,496 [Trainer] :: Completed epoch 84: train_loss=0.069411 train_iou=0.934945 val_loss=0.404329 val_iou=0.597325 lr=0.00008205
2026-05-18 06:37:49,097 [Trainer] :: Updated latest checkpoint at epoch 84
2026-05-18 06:37:49,098 [Trainer] :: No validation IoU improvement for 55 epoch(s)
2026-05-18 06:37:49,098 [Trainer] :: Starting epoch 85
2026-05-18 06:44:39,397 [Trainer] :: Completed epoch 85: train_loss=0.070310 train_iou=0.935080 val_loss=0.386702 val_iou=0.596000 lr=0.00008165
2026-05-18 06:44:40,003 [Trainer] :: Updated latest checkpoint at epoch 85
2026-05-18 06:44:40,003 [Trainer] :: No validation IoU improvement for 56 epoch(s)
2026-05-18 06:44:40,003 [Trainer] :: Starting epoch 86
2026-05-18 06:51:24,664 [Trainer] :: Completed epoch 86: train_loss=0.068389 train_iou=0.935381 val_loss=0.427807 val_iou=0.612107 lr=0.00008125
2026-05-18 06:51:25,151 [Trainer] :: Updated latest checkpoint at epoch 86
2026-05-18 06:51:25,151 [Trainer] :: No validation IoU improvement for 57 epoch(s)
2026-05-18 06:51:25,151 [Trainer] :: Starting epoch 87
2026-05-18 06:58:05,907 [Trainer] :: Completed epoch 87: train_loss=0.068098 train_iou=0.936253 val_loss=0.433320 val_iou=0.584822 lr=0.00008084
2026-05-18 06:58:06,557 [Trainer] :: Updated latest checkpoint at epoch 87
2026-05-18 06:58:06,558 [Trainer] :: No validation IoU improvement for 58 epoch(s)
2026-05-18 06:58:06,558 [Trainer] :: Starting epoch 88
2026-05-18 07:04:43,021 [Trainer] :: Completed epoch 88: train_loss=0.068164 train_iou=0.936004 val_loss=0.467518 val_iou=0.559917 lr=0.00008043
2026-05-18 07:04:43,408 [Trainer] :: Updated latest checkpoint at epoch 88
2026-05-18 07:04:43,408 [Trainer] :: No validation IoU improvement for 59 epoch(s)
2026-05-18 07:04:43,408 [Trainer] :: Starting epoch 89
2026-05-18 07:11:34,786 [Trainer] :: Completed epoch 89: train_loss=0.068067 train_iou=0.936258 val_loss=0.426196 val_iou=0.581804 lr=0.00008001
2026-05-18 07:11:35,166 [Trainer] :: Updated latest checkpoint at epoch 89
2026-05-18 07:11:35,166 [Trainer] :: No validation IoU improvement for 60 epoch(s)
2026-05-18 07:11:35,166 [Trainer] :: Early stopping triggered after 60 epoch(s) without improvement
2026-05-18 07:16:16,185 [Trainer] :: Wrote training history to outputs/runs/rgb_unetplusplus_resnet34_fuzzy_halo_seed44_20260517T211018Z/metrics/history.json
2026-05-18 07:16:16,192 [Trainer] :: Wrote test summary to outputs/runs/rgb_unetplusplus_resnet34_fuzzy_halo_seed44_20260517T211018Z/metrics/test_summary.json
2026-05-18 07:16:16,192 [Trainer] :: Training completed
