2026-05-01 17:15:56,636 [Trainer] :: Training run initialized at /ceph/home/student.aau.dk/qd36zu/fuzzy-p10/tbd/masking/outputs/runs/rgb_deeplabv3plus_resnet50_seed49_20260501T151556Z
2026-05-01 17:15:56,636 [Trainer] :: Loaded config from /ceph/home/student.aau.dk/qd36zu/fuzzy-p10/tbd/masking/configs/binary/rgb_deeplabv3plus_resnet50.yaml
2026-05-01 17:15:56,636 [Trainer] :: Using seed=49 and device=None
2026-05-01 17:15:56,636 [Trainer] :: Using model architecture=DeepLabV3Plus encoder=resnet50 encoder_weights=imagenet
2026-05-01 17:15:56,944 [Trainer] :: Resolved runtime device to cuda
2026-05-01 17:15:56,945 [Trainer] :: Prepared normalization from source=imagenet
2026-05-01 17:16:10,723 [Trainer] :: Built dataloaders with batch_size=16, num_workers=0
2026-05-01 17:16:10,725 [Trainer] :: Starting epoch 1
2026-05-01 17:18:33,815 [Trainer] :: Completed epoch 1: train_loss=0.401638 train_iou=0.664072 val_loss=0.349437 val_iou=0.551087 lr=0.00010000
2026-05-01 17:18:34,678 [Trainer] :: Updated latest checkpoint at epoch 1
2026-05-01 17:18:35,020 [Trainer] :: New best checkpoint saved with val_iou=0.551087
2026-05-01 17:18:35,020 [Trainer] :: Starting epoch 2
2026-05-01 17:20:53,493 [Trainer] :: Completed epoch 2: train_loss=0.291202 train_iou=0.750730 val_loss=0.325646 val_iou=0.567080 lr=0.00009999
2026-05-01 17:20:53,903 [Trainer] :: Updated latest checkpoint at epoch 2
2026-05-01 17:20:54,273 [Trainer] :: New best checkpoint saved with val_iou=0.567080
2026-05-01 17:20:54,274 [Trainer] :: Starting epoch 3
2026-05-01 17:23:12,040 [Trainer] :: Completed epoch 3: train_loss=0.277916 train_iou=0.755361 val_loss=0.358025 val_iou=0.512996 lr=0.00009998
2026-05-01 17:23:12,439 [Trainer] :: Updated latest checkpoint at epoch 3
2026-05-01 17:23:12,440 [Trainer] :: No validation IoU improvement for 1 epoch(s)
2026-05-01 17:23:12,440 [Trainer] :: Starting epoch 4
2026-05-01 17:25:30,711 [Trainer] :: Completed epoch 4: train_loss=0.247723 train_iou=0.785370 val_loss=0.331312 val_iou=0.541776 lr=0.00009996
2026-05-01 17:25:31,128 [Trainer] :: Updated latest checkpoint at epoch 4
2026-05-01 17:25:31,128 [Trainer] :: No validation IoU improvement for 2 epoch(s)
2026-05-01 17:25:31,128 [Trainer] :: Starting epoch 5
2026-05-01 17:27:50,964 [Trainer] :: Completed epoch 5: train_loss=0.243039 train_iou=0.784999 val_loss=0.301736 val_iou=0.584252 lr=0.00009993
2026-05-01 17:27:51,467 [Trainer] :: Updated latest checkpoint at epoch 5
2026-05-01 17:27:51,854 [Trainer] :: New best checkpoint saved with val_iou=0.584252
2026-05-01 17:27:51,854 [Trainer] :: Starting epoch 6
2026-05-01 17:30:11,940 [Trainer] :: Completed epoch 6: train_loss=0.227435 train_iou=0.802145 val_loss=0.268494 val_iou=0.613449 lr=0.00009990
2026-05-01 17:30:12,345 [Trainer] :: Updated latest checkpoint at epoch 6
2026-05-01 17:30:12,712 [Trainer] :: New best checkpoint saved with val_iou=0.613449
2026-05-01 17:30:12,712 [Trainer] :: Starting epoch 7
2026-05-01 17:32:32,418 [Trainer] :: Completed epoch 7: train_loss=0.208470 train_iou=0.818677 val_loss=0.292182 val_iou=0.585795 lr=0.00009987
2026-05-01 17:32:32,828 [Trainer] :: Updated latest checkpoint at epoch 7
2026-05-01 17:32:32,828 [Trainer] :: No validation IoU improvement for 1 epoch(s)
2026-05-01 17:32:32,828 [Trainer] :: Starting epoch 8
2026-05-01 17:34:51,080 [Trainer] :: Completed epoch 8: train_loss=0.203391 train_iou=0.819191 val_loss=0.269084 val_iou=0.621049 lr=0.00009983
2026-05-01 17:34:51,474 [Trainer] :: Updated latest checkpoint at epoch 8
2026-05-01 17:34:51,925 [Trainer] :: New best checkpoint saved with val_iou=0.621049
2026-05-01 17:34:51,926 [Trainer] :: Starting epoch 9
2026-05-01 17:37:11,278 [Trainer] :: Completed epoch 9: train_loss=0.199225 train_iou=0.822789 val_loss=0.283850 val_iou=0.602712 lr=0.00009978
2026-05-01 17:37:11,664 [Trainer] :: Updated latest checkpoint at epoch 9
2026-05-01 17:37:11,665 [Trainer] :: No validation IoU improvement for 1 epoch(s)
2026-05-01 17:37:11,665 [Trainer] :: Starting epoch 10
2026-05-01 17:39:31,728 [Trainer] :: Completed epoch 10: train_loss=0.191011 train_iou=0.831657 val_loss=0.270614 val_iou=0.616601 lr=0.00009973
2026-05-01 17:39:32,237 [Trainer] :: Updated latest checkpoint at epoch 10
2026-05-01 17:39:32,238 [Trainer] :: No validation IoU improvement for 2 epoch(s)
2026-05-01 17:39:32,238 [Trainer] :: Starting epoch 11
2026-05-01 17:41:50,971 [Trainer] :: Completed epoch 11: train_loss=0.185696 train_iou=0.836116 val_loss=0.298805 val_iou=0.579058 lr=0.00009967
2026-05-01 17:41:51,368 [Trainer] :: Updated latest checkpoint at epoch 11
2026-05-01 17:41:51,368 [Trainer] :: No validation IoU improvement for 3 epoch(s)
2026-05-01 17:41:51,368 [Trainer] :: Starting epoch 12
2026-05-01 17:44:11,883 [Trainer] :: Completed epoch 12: train_loss=0.179243 train_iou=0.837961 val_loss=0.279260 val_iou=0.613921 lr=0.00009961
2026-05-01 17:44:12,487 [Trainer] :: Updated latest checkpoint at epoch 12
2026-05-01 17:44:12,488 [Trainer] :: No validation IoU improvement for 4 epoch(s)
2026-05-01 17:44:12,488 [Trainer] :: Starting epoch 13
2026-05-01 17:46:31,647 [Trainer] :: Completed epoch 13: train_loss=0.173109 train_iou=0.841138 val_loss=0.286389 val_iou=0.608290 lr=0.00009954
2026-05-01 17:46:32,058 [Trainer] :: Updated latest checkpoint at epoch 13
2026-05-01 17:46:32,058 [Trainer] :: No validation IoU improvement for 5 epoch(s)
2026-05-01 17:46:32,058 [Trainer] :: Starting epoch 14
2026-05-01 17:48:51,750 [Trainer] :: Completed epoch 14: train_loss=0.164655 train_iou=0.846067 val_loss=0.289166 val_iou=0.578826 lr=0.00009947
2026-05-01 17:48:52,173 [Trainer] :: Updated latest checkpoint at epoch 14
2026-05-01 17:48:52,174 [Trainer] :: No validation IoU improvement for 6 epoch(s)
2026-05-01 17:48:52,174 [Trainer] :: Starting epoch 15
2026-05-01 17:51:11,821 [Trainer] :: Completed epoch 15: train_loss=0.162256 train_iou=0.845936 val_loss=0.278651 val_iou=0.614582 lr=0.00009939
2026-05-01 17:51:12,216 [Trainer] :: Updated latest checkpoint at epoch 15
2026-05-01 17:51:12,216 [Trainer] :: No validation IoU improvement for 7 epoch(s)
2026-05-01 17:51:12,216 [Trainer] :: Starting epoch 16
2026-05-01 17:53:31,444 [Trainer] :: Completed epoch 16: train_loss=0.159344 train_iou=0.847550 val_loss=0.280931 val_iou=0.612165 lr=0.00009931
2026-05-01 17:53:31,842 [Trainer] :: Updated latest checkpoint at epoch 16
2026-05-01 17:53:31,842 [Trainer] :: No validation IoU improvement for 8 epoch(s)
2026-05-01 17:53:31,842 [Trainer] :: Starting epoch 17
2026-05-01 17:55:51,059 [Trainer] :: Completed epoch 17: train_loss=0.154196 train_iou=0.850710 val_loss=0.286688 val_iou=0.602849 lr=0.00009922
2026-05-01 17:55:51,624 [Trainer] :: Updated latest checkpoint at epoch 17
2026-05-01 17:55:51,624 [Trainer] :: No validation IoU improvement for 9 epoch(s)
2026-05-01 17:55:51,624 [Trainer] :: Starting epoch 18
2026-05-01 17:58:11,534 [Trainer] :: Completed epoch 18: train_loss=0.149836 train_iou=0.853749 val_loss=0.269709 val_iou=0.629463 lr=0.00009912
2026-05-01 17:58:11,941 [Trainer] :: Updated latest checkpoint at epoch 18
2026-05-01 17:58:12,324 [Trainer] :: New best checkpoint saved with val_iou=0.629463
2026-05-01 17:58:12,325 [Trainer] :: Starting epoch 19
2026-05-01 18:00:33,088 [Trainer] :: Completed epoch 19: train_loss=0.138812 train_iou=0.861767 val_loss=0.276366 val_iou=0.623449 lr=0.00009902
2026-05-01 18:00:33,620 [Trainer] :: Updated latest checkpoint at epoch 19
2026-05-01 18:00:33,620 [Trainer] :: No validation IoU improvement for 1 epoch(s)
2026-05-01 18:00:33,620 [Trainer] :: Starting epoch 20
2026-05-01 18:02:52,857 [Trainer] :: Completed epoch 20: train_loss=0.136555 train_iou=0.865456 val_loss=0.290915 val_iou=0.603411 lr=0.00009892
2026-05-01 18:02:53,283 [Trainer] :: Updated latest checkpoint at epoch 20
2026-05-01 18:02:53,283 [Trainer] :: No validation IoU improvement for 2 epoch(s)
2026-05-01 18:02:53,283 [Trainer] :: Starting epoch 21
2026-05-01 18:05:11,913 [Trainer] :: Completed epoch 21: train_loss=0.137510 train_iou=0.868630 val_loss=0.279714 val_iou=0.595404 lr=0.00009881
2026-05-01 18:05:12,334 [Trainer] :: Updated latest checkpoint at epoch 21
2026-05-01 18:05:12,335 [Trainer] :: No validation IoU improvement for 3 epoch(s)
2026-05-01 18:05:12,335 [Trainer] :: Starting epoch 22
2026-05-01 18:07:31,757 [Trainer] :: Completed epoch 22: train_loss=0.133626 train_iou=0.868284 val_loss=0.281031 val_iou=0.613339 lr=0.00009869
2026-05-01 18:07:32,175 [Trainer] :: Updated latest checkpoint at epoch 22
2026-05-01 18:07:32,175 [Trainer] :: No validation IoU improvement for 4 epoch(s)
2026-05-01 18:07:32,175 [Trainer] :: Starting epoch 23
2026-05-01 18:09:51,779 [Trainer] :: Completed epoch 23: train_loss=0.128019 train_iou=0.871591 val_loss=0.274406 val_iou=0.612525 lr=0.00009857
2026-05-01 18:09:52,210 [Trainer] :: Updated latest checkpoint at epoch 23
2026-05-01 18:09:52,210 [Trainer] :: No validation IoU improvement for 5 epoch(s)
2026-05-01 18:09:52,210 [Trainer] :: Starting epoch 24
2026-05-01 18:12:13,151 [Trainer] :: Completed epoch 24: train_loss=0.123447 train_iou=0.873548 val_loss=0.316362 val_iou=0.592006 lr=0.00009844
2026-05-01 18:12:13,571 [Trainer] :: Updated latest checkpoint at epoch 24
2026-05-01 18:12:13,571 [Trainer] :: No validation IoU improvement for 6 epoch(s)
2026-05-01 18:12:13,571 [Trainer] :: Starting epoch 25
2026-05-01 18:14:34,031 [Trainer] :: Completed epoch 25: train_loss=0.123174 train_iou=0.877026 val_loss=0.265569 val_iou=0.635098 lr=0.00009831
2026-05-01 18:14:34,458 [Trainer] :: Updated latest checkpoint at epoch 25
2026-05-01 18:14:34,842 [Trainer] :: New best checkpoint saved with val_iou=0.635098
2026-05-01 18:14:34,842 [Trainer] :: Starting epoch 26
2026-05-01 18:16:54,128 [Trainer] :: Completed epoch 26: train_loss=0.113377 train_iou=0.884862 val_loss=0.277300 val_iou=0.621817 lr=0.00009818
2026-05-01 18:16:54,549 [Trainer] :: Updated latest checkpoint at epoch 26
2026-05-01 18:16:54,549 [Trainer] :: No validation IoU improvement for 1 epoch(s)
2026-05-01 18:16:54,549 [Trainer] :: Starting epoch 27
2026-05-01 18:19:13,024 [Trainer] :: Completed epoch 27: train_loss=0.109735 train_iou=0.886411 val_loss=0.304204 val_iou=0.586112 lr=0.00009803
2026-05-01 18:19:13,447 [Trainer] :: Updated latest checkpoint at epoch 27
2026-05-01 18:19:13,447 [Trainer] :: No validation IoU improvement for 2 epoch(s)
2026-05-01 18:19:13,447 [Trainer] :: Starting epoch 28
2026-05-01 18:21:31,672 [Trainer] :: Completed epoch 28: train_loss=0.108830 train_iou=0.887240 val_loss=0.286974 val_iou=0.615321 lr=0.00009789
2026-05-01 18:21:32,098 [Trainer] :: Updated latest checkpoint at epoch 28
2026-05-01 18:21:32,098 [Trainer] :: No validation IoU improvement for 3 epoch(s)
2026-05-01 18:21:32,098 [Trainer] :: Starting epoch 29
2026-05-01 18:23:51,011 [Trainer] :: Completed epoch 29: train_loss=0.114594 train_iou=0.881254 val_loss=0.291407 val_iou=0.602620 lr=0.00009773
2026-05-01 18:23:51,436 [Trainer] :: Updated latest checkpoint at epoch 29
2026-05-01 18:23:51,437 [Trainer] :: No validation IoU improvement for 4 epoch(s)
2026-05-01 18:23:51,437 [Trainer] :: Starting epoch 30
2026-05-01 18:26:09,063 [Trainer] :: Completed epoch 30: train_loss=0.108045 train_iou=0.888028 val_loss=0.302280 val_iou=0.599677 lr=0.00009758
2026-05-01 18:26:09,500 [Trainer] :: Updated latest checkpoint at epoch 30
2026-05-01 18:26:09,500 [Trainer] :: No validation IoU improvement for 5 epoch(s)
2026-05-01 18:26:09,500 [Trainer] :: Starting epoch 31
2026-05-01 18:28:26,241 [Trainer] :: Completed epoch 31: train_loss=0.100843 train_iou=0.895665 val_loss=0.330889 val_iou=0.597690 lr=0.00009741
2026-05-01 18:28:26,666 [Trainer] :: Updated latest checkpoint at epoch 31
2026-05-01 18:28:26,666 [Trainer] :: No validation IoU improvement for 6 epoch(s)
2026-05-01 18:28:26,666 [Trainer] :: Starting epoch 32
2026-05-01 18:30:43,535 [Trainer] :: Completed epoch 32: train_loss=0.100192 train_iou=0.894788 val_loss=0.283452 val_iou=0.617035 lr=0.00009725
2026-05-01 18:30:43,959 [Trainer] :: Updated latest checkpoint at epoch 32
2026-05-01 18:30:43,959 [Trainer] :: No validation IoU improvement for 7 epoch(s)
2026-05-01 18:30:43,959 [Trainer] :: Starting epoch 33
2026-05-01 18:33:01,734 [Trainer] :: Completed epoch 33: train_loss=0.097749 train_iou=0.899267 val_loss=0.297117 val_iou=0.613338 lr=0.00009707
2026-05-01 18:33:02,348 [Trainer] :: Updated latest checkpoint at epoch 33
2026-05-01 18:33:02,349 [Trainer] :: No validation IoU improvement for 8 epoch(s)
2026-05-01 18:33:02,349 [Trainer] :: Starting epoch 34
2026-05-01 18:35:19,471 [Trainer] :: Completed epoch 34: train_loss=0.100279 train_iou=0.895454 val_loss=0.297994 val_iou=0.606383 lr=0.00009690
2026-05-01 18:35:19,883 [Trainer] :: Updated latest checkpoint at epoch 34
2026-05-01 18:35:19,883 [Trainer] :: No validation IoU improvement for 9 epoch(s)
2026-05-01 18:35:19,883 [Trainer] :: Starting epoch 35
2026-05-01 18:37:36,902 [Trainer] :: Completed epoch 35: train_loss=0.096316 train_iou=0.900093 val_loss=0.313633 val_iou=0.581559 lr=0.00009671
2026-05-01 18:37:37,324 [Trainer] :: Updated latest checkpoint at epoch 35
2026-05-01 18:37:37,324 [Trainer] :: No validation IoU improvement for 10 epoch(s)
2026-05-01 18:37:37,324 [Trainer] :: Starting epoch 36
2026-05-01 18:39:55,329 [Trainer] :: Completed epoch 36: train_loss=0.093070 train_iou=0.902614 val_loss=0.296784 val_iou=0.618329 lr=0.00009652
2026-05-01 18:39:55,827 [Trainer] :: Updated latest checkpoint at epoch 36
2026-05-01 18:39:55,827 [Trainer] :: No validation IoU improvement for 11 epoch(s)
2026-05-01 18:39:55,827 [Trainer] :: Starting epoch 37
2026-05-01 18:42:18,388 [Trainer] :: Completed epoch 37: train_loss=0.095989 train_iou=0.899748 val_loss=0.287209 val_iou=0.611294 lr=0.00009633
2026-05-01 18:42:18,900 [Trainer] :: Updated latest checkpoint at epoch 37
2026-05-01 18:42:18,901 [Trainer] :: No validation IoU improvement for 12 epoch(s)
2026-05-01 18:42:18,901 [Trainer] :: Starting epoch 38
2026-05-01 18:44:43,235 [Trainer] :: Completed epoch 38: train_loss=0.089714 train_iou=0.904311 val_loss=0.304874 val_iou=0.595378 lr=0.00009613
2026-05-01 18:44:43,754 [Trainer] :: Updated latest checkpoint at epoch 38
2026-05-01 18:44:43,755 [Trainer] :: No validation IoU improvement for 13 epoch(s)
2026-05-01 18:44:43,755 [Trainer] :: Starting epoch 39
2026-05-01 18:47:07,921 [Trainer] :: Completed epoch 39: train_loss=0.088929 train_iou=0.906676 val_loss=0.302948 val_iou=0.608521 lr=0.00009593
2026-05-01 18:47:08,370 [Trainer] :: Updated latest checkpoint at epoch 39
2026-05-01 18:47:08,371 [Trainer] :: No validation IoU improvement for 14 epoch(s)
2026-05-01 18:47:08,371 [Trainer] :: Starting epoch 40
2026-05-01 18:49:28,378 [Trainer] :: Completed epoch 40: train_loss=0.088116 train_iou=0.907526 val_loss=0.302448 val_iou=0.604808 lr=0.00009572
2026-05-01 18:49:28,813 [Trainer] :: Updated latest checkpoint at epoch 40
2026-05-01 18:49:28,813 [Trainer] :: No validation IoU improvement for 15 epoch(s)
2026-05-01 18:49:28,813 [Trainer] :: Starting epoch 41
2026-05-01 18:51:47,203 [Trainer] :: Completed epoch 41: train_loss=0.090492 train_iou=0.904100 val_loss=0.308069 val_iou=0.614406 lr=0.00009551
2026-05-01 18:51:47,629 [Trainer] :: Updated latest checkpoint at epoch 41
2026-05-01 18:51:47,629 [Trainer] :: No validation IoU improvement for 16 epoch(s)
2026-05-01 18:51:47,629 [Trainer] :: Starting epoch 42
2026-05-01 18:54:06,511 [Trainer] :: Completed epoch 42: train_loss=0.082202 train_iou=0.910732 val_loss=0.322335 val_iou=0.596358 lr=0.00009529
2026-05-01 18:54:06,944 [Trainer] :: Updated latest checkpoint at epoch 42
2026-05-01 18:54:06,944 [Trainer] :: No validation IoU improvement for 17 epoch(s)
2026-05-01 18:54:06,944 [Trainer] :: Starting epoch 43
2026-05-01 18:56:24,112 [Trainer] :: Completed epoch 43: train_loss=0.081853 train_iou=0.913620 val_loss=0.342955 val_iou=0.570543 lr=0.00009507
2026-05-01 18:56:24,537 [Trainer] :: Updated latest checkpoint at epoch 43
2026-05-01 18:56:24,537 [Trainer] :: No validation IoU improvement for 18 epoch(s)
2026-05-01 18:56:24,537 [Trainer] :: Starting epoch 44
2026-05-01 18:58:42,255 [Trainer] :: Completed epoch 44: train_loss=0.080507 train_iou=0.914309 val_loss=0.302336 val_iou=0.610909 lr=0.00009484
2026-05-01 18:58:42,652 [Trainer] :: Updated latest checkpoint at epoch 44
2026-05-01 18:58:42,652 [Trainer] :: No validation IoU improvement for 19 epoch(s)
2026-05-01 18:58:42,652 [Trainer] :: Starting epoch 45
2026-05-01 19:01:00,324 [Trainer] :: Completed epoch 45: train_loss=0.081499 train_iou=0.913713 val_loss=0.310387 val_iou=0.614386 lr=0.00009460
2026-05-01 19:01:00,724 [Trainer] :: Updated latest checkpoint at epoch 45
2026-05-01 19:01:00,725 [Trainer] :: No validation IoU improvement for 20 epoch(s)
2026-05-01 19:01:00,725 [Trainer] :: Starting epoch 46
2026-05-01 19:03:19,051 [Trainer] :: Completed epoch 46: train_loss=0.078082 train_iou=0.916856 val_loss=0.340644 val_iou=0.569881 lr=0.00009437
2026-05-01 19:03:19,483 [Trainer] :: Updated latest checkpoint at epoch 46
2026-05-01 19:03:19,483 [Trainer] :: No validation IoU improvement for 21 epoch(s)
2026-05-01 19:03:19,483 [Trainer] :: Starting epoch 47
2026-05-01 19:05:37,682 [Trainer] :: Completed epoch 47: train_loss=0.080131 train_iou=0.912821 val_loss=0.329052 val_iou=0.591264 lr=0.00009412
2026-05-01 19:05:38,121 [Trainer] :: Updated latest checkpoint at epoch 47
2026-05-01 19:05:38,121 [Trainer] :: No validation IoU improvement for 22 epoch(s)
2026-05-01 19:05:38,121 [Trainer] :: Starting epoch 48
2026-05-01 19:07:59,152 [Trainer] :: Completed epoch 48: train_loss=0.076014 train_iou=0.917634 val_loss=0.325324 val_iou=0.600788 lr=0.00009388
2026-05-01 19:07:59,579 [Trainer] :: Updated latest checkpoint at epoch 48
2026-05-01 19:07:59,579 [Trainer] :: No validation IoU improvement for 23 epoch(s)
2026-05-01 19:07:59,579 [Trainer] :: Starting epoch 49
2026-05-01 19:10:22,326 [Trainer] :: Completed epoch 49: train_loss=0.075621 train_iou=0.918513 val_loss=0.324647 val_iou=0.590831 lr=0.00009363
2026-05-01 19:10:22,762 [Trainer] :: Updated latest checkpoint at epoch 49
2026-05-01 19:10:22,762 [Trainer] :: No validation IoU improvement for 24 epoch(s)
2026-05-01 19:10:22,762 [Trainer] :: Starting epoch 50
2026-05-01 19:12:44,089 [Trainer] :: Completed epoch 50: train_loss=0.073682 train_iou=0.920297 val_loss=0.289388 val_iou=0.625946 lr=0.00009337
2026-05-01 19:12:44,506 [Trainer] :: Updated latest checkpoint at epoch 50
2026-05-01 19:12:44,507 [Trainer] :: No validation IoU improvement for 25 epoch(s)
2026-05-01 19:12:44,507 [Trainer] :: Starting epoch 51
2026-05-01 19:15:02,809 [Trainer] :: Completed epoch 51: train_loss=0.072444 train_iou=0.921638 val_loss=0.299023 val_iou=0.611230 lr=0.00009311
2026-05-01 19:15:03,242 [Trainer] :: Updated latest checkpoint at epoch 51
2026-05-01 19:15:03,242 [Trainer] :: No validation IoU improvement for 26 epoch(s)
2026-05-01 19:15:03,242 [Trainer] :: Starting epoch 52
2026-05-01 19:17:22,189 [Trainer] :: Completed epoch 52: train_loss=0.072720 train_iou=0.922064 val_loss=0.305570 val_iou=0.610836 lr=0.00009284
2026-05-01 19:17:22,647 [Trainer] :: Updated latest checkpoint at epoch 52
2026-05-01 19:17:22,647 [Trainer] :: No validation IoU improvement for 27 epoch(s)
2026-05-01 19:17:22,647 [Trainer] :: Starting epoch 53
2026-05-01 19:20:21,655 [Trainer] :: Completed epoch 53: train_loss=0.072531 train_iou=0.922366 val_loss=0.330070 val_iou=0.590396 lr=0.00009257
2026-05-01 19:20:22,144 [Trainer] :: Updated latest checkpoint at epoch 53
2026-05-01 19:20:22,145 [Trainer] :: No validation IoU improvement for 28 epoch(s)
2026-05-01 19:20:22,145 [Trainer] :: Starting epoch 54
2026-05-01 19:22:44,633 [Trainer] :: Completed epoch 54: train_loss=0.070594 train_iou=0.924727 val_loss=0.315078 val_iou=0.603725 lr=0.00009229
2026-05-01 19:22:45,088 [Trainer] :: Updated latest checkpoint at epoch 54
2026-05-01 19:22:45,725 [Trainer] :: No validation IoU improvement for 29 epoch(s)
2026-05-01 19:22:45,725 [Trainer] :: Starting epoch 55
2026-05-01 19:25:08,605 [Trainer] :: Completed epoch 55: train_loss=0.070687 train_iou=0.923797 val_loss=0.319552 val_iou=0.590640 lr=0.00009201
2026-05-01 19:25:09,085 [Trainer] :: Updated latest checkpoint at epoch 55
2026-05-01 19:25:09,086 [Trainer] :: No validation IoU improvement for 30 epoch(s)
2026-05-01 19:25:09,086 [Trainer] :: Starting epoch 56
2026-05-01 19:27:31,666 [Trainer] :: Completed epoch 56: train_loss=0.066605 train_iou=0.928387 val_loss=0.327555 val_iou=0.587575 lr=0.00009173
2026-05-01 19:27:32,094 [Trainer] :: Updated latest checkpoint at epoch 56
2026-05-01 19:27:32,094 [Trainer] :: No validation IoU improvement for 31 epoch(s)
2026-05-01 19:27:32,094 [Trainer] :: Starting epoch 57
2026-05-01 19:29:54,255 [Trainer] :: Completed epoch 57: train_loss=0.066990 train_iou=0.927543 val_loss=0.307250 val_iou=0.607060 lr=0.00009144
2026-05-01 19:29:54,646 [Trainer] :: Updated latest checkpoint at epoch 57
2026-05-01 19:29:54,662 [Trainer] :: No validation IoU improvement for 32 epoch(s)
2026-05-01 19:29:54,662 [Trainer] :: Starting epoch 58
2026-05-01 19:32:16,895 [Trainer] :: Completed epoch 58: train_loss=0.066239 train_iou=0.928523 val_loss=0.317109 val_iou=0.609140 lr=0.00009115
2026-05-01 19:32:17,279 [Trainer] :: Updated latest checkpoint at epoch 58
2026-05-01 19:32:17,279 [Trainer] :: No validation IoU improvement for 33 epoch(s)
2026-05-01 19:32:17,279 [Trainer] :: Starting epoch 59
2026-05-01 19:34:41,641 [Trainer] :: Completed epoch 59: train_loss=0.069602 train_iou=0.924702 val_loss=0.351528 val_iou=0.572333 lr=0.00009085
2026-05-01 19:34:42,065 [Trainer] :: Updated latest checkpoint at epoch 59
2026-05-01 19:34:42,072 [Trainer] :: No validation IoU improvement for 34 epoch(s)
2026-05-01 19:34:42,072 [Trainer] :: Starting epoch 60
2026-05-01 19:37:04,373 [Trainer] :: Completed epoch 60: train_loss=0.067356 train_iou=0.926996 val_loss=0.311412 val_iou=0.613126 lr=0.00009055
2026-05-01 19:37:04,759 [Trainer] :: Updated latest checkpoint at epoch 60
2026-05-01 19:37:04,760 [Trainer] :: No validation IoU improvement for 35 epoch(s)
2026-05-01 19:37:04,760 [Trainer] :: Starting epoch 61
2026-05-01 19:39:25,497 [Trainer] :: Completed epoch 61: train_loss=0.065128 train_iou=0.929555 val_loss=0.324212 val_iou=0.603450 lr=0.00009024
2026-05-01 19:39:25,879 [Trainer] :: Updated latest checkpoint at epoch 61
2026-05-01 19:39:25,879 [Trainer] :: No validation IoU improvement for 36 epoch(s)
2026-05-01 19:39:25,879 [Trainer] :: Starting epoch 62
2026-05-01 19:41:48,512 [Trainer] :: Completed epoch 62: train_loss=0.062849 train_iou=0.931621 val_loss=0.309309 val_iou=0.615026 lr=0.00008993
2026-05-01 19:41:48,927 [Trainer] :: Updated latest checkpoint at epoch 62
2026-05-01 19:41:48,928 [Trainer] :: No validation IoU improvement for 37 epoch(s)
2026-05-01 19:41:48,928 [Trainer] :: Starting epoch 63
2026-05-01 19:44:12,005 [Trainer] :: Completed epoch 63: train_loss=0.064130 train_iou=0.930513 val_loss=0.335082 val_iou=0.608689 lr=0.00008961
2026-05-01 19:44:12,499 [Trainer] :: Updated latest checkpoint at epoch 63
2026-05-01 19:44:12,499 [Trainer] :: No validation IoU improvement for 38 epoch(s)
2026-05-01 19:44:12,499 [Trainer] :: Starting epoch 64
2026-05-01 19:46:41,535 [Trainer] :: Completed epoch 64: train_loss=0.064134 train_iou=0.931017 val_loss=0.303710 val_iou=0.620696 lr=0.00008929
2026-05-01 19:46:41,966 [Trainer] :: Updated latest checkpoint at epoch 64
2026-05-01 19:46:41,966 [Trainer] :: No validation IoU improvement for 39 epoch(s)
2026-05-01 19:46:41,966 [Trainer] :: Starting epoch 65
2026-05-01 19:49:10,411 [Trainer] :: Completed epoch 65: train_loss=0.062740 train_iou=0.932356 val_loss=0.312767 val_iou=0.613887 lr=0.00008897
2026-05-01 19:49:10,913 [Trainer] :: Updated latest checkpoint at epoch 65
2026-05-01 19:49:10,913 [Trainer] :: No validation IoU improvement for 40 epoch(s)
2026-05-01 19:49:10,913 [Trainer] :: Starting epoch 66
2026-05-01 19:51:32,408 [Trainer] :: Completed epoch 66: train_loss=0.062947 train_iou=0.933995 val_loss=0.313062 val_iou=0.614835 lr=0.00008864
2026-05-01 19:51:32,803 [Trainer] :: Updated latest checkpoint at epoch 66
2026-05-01 19:51:32,803 [Trainer] :: No validation IoU improvement for 41 epoch(s)
2026-05-01 19:51:32,803 [Trainer] :: Starting epoch 67
2026-05-01 19:53:53,799 [Trainer] :: Completed epoch 67: train_loss=0.062009 train_iou=0.933067 val_loss=0.312794 val_iou=0.620171 lr=0.00008831
2026-05-01 19:53:54,170 [Trainer] :: Updated latest checkpoint at epoch 67
2026-05-01 19:53:54,170 [Trainer] :: No validation IoU improvement for 42 epoch(s)
2026-05-01 19:53:54,170 [Trainer] :: Starting epoch 68
2026-05-01 19:56:13,043 [Trainer] :: Completed epoch 68: train_loss=0.060183 train_iou=0.934735 val_loss=0.321690 val_iou=0.619855 lr=0.00008797
2026-05-01 19:56:13,435 [Trainer] :: Updated latest checkpoint at epoch 68
2026-05-01 19:56:13,435 [Trainer] :: No validation IoU improvement for 43 epoch(s)
2026-05-01 19:56:13,435 [Trainer] :: Starting epoch 69
2026-05-01 19:58:30,947 [Trainer] :: Completed epoch 69: train_loss=0.057977 train_iou=0.936895 val_loss=0.329159 val_iou=0.599111 lr=0.00008763
2026-05-01 19:58:31,345 [Trainer] :: Updated latest checkpoint at epoch 69
2026-05-01 19:58:31,345 [Trainer] :: No validation IoU improvement for 44 epoch(s)
2026-05-01 19:58:31,345 [Trainer] :: Starting epoch 70
2026-05-01 20:00:48,554 [Trainer] :: Completed epoch 70: train_loss=0.058782 train_iou=0.937237 val_loss=0.314359 val_iou=0.608663 lr=0.00008729
2026-05-01 20:00:49,352 [Trainer] :: Updated latest checkpoint at epoch 70
2026-05-01 20:00:49,426 [Trainer] :: No validation IoU improvement for 45 epoch(s)
2026-05-01 20:00:49,426 [Trainer] :: Starting epoch 71
2026-05-01 20:03:13,033 [Trainer] :: Completed epoch 71: train_loss=0.058400 train_iou=0.936203 val_loss=0.334893 val_iou=0.601032 lr=0.00008694
2026-05-01 20:03:13,498 [Trainer] :: Updated latest checkpoint at epoch 71
2026-05-01 20:03:13,498 [Trainer] :: No validation IoU improvement for 46 epoch(s)
2026-05-01 20:03:13,498 [Trainer] :: Starting epoch 72
2026-05-01 20:05:38,717 [Trainer] :: Completed epoch 72: train_loss=0.056067 train_iou=0.938460 val_loss=0.310363 val_iou=0.621025 lr=0.00008658
2026-05-01 20:05:39,153 [Trainer] :: Updated latest checkpoint at epoch 72
2026-05-01 20:05:39,153 [Trainer] :: No validation IoU improvement for 47 epoch(s)
2026-05-01 20:05:39,153 [Trainer] :: Starting epoch 73
2026-05-01 20:08:03,978 [Trainer] :: Completed epoch 73: train_loss=0.057632 train_iou=0.937227 val_loss=0.324662 val_iou=0.618076 lr=0.00008623
2026-05-01 20:08:04,508 [Trainer] :: Updated latest checkpoint at epoch 73
2026-05-01 20:08:04,508 [Trainer] :: No validation IoU improvement for 48 epoch(s)
2026-05-01 20:08:04,508 [Trainer] :: Starting epoch 74
2026-05-01 20:10:29,280 [Trainer] :: Completed epoch 74: train_loss=0.056756 train_iou=0.937935 val_loss=0.331136 val_iou=0.598091 lr=0.00008587
2026-05-01 20:10:29,708 [Trainer] :: Updated latest checkpoint at epoch 74
2026-05-01 20:10:29,708 [Trainer] :: No validation IoU improvement for 49 epoch(s)
2026-05-01 20:10:29,708 [Trainer] :: Starting epoch 75
2026-05-01 20:12:54,587 [Trainer] :: Completed epoch 75: train_loss=0.053716 train_iou=0.942243 val_loss=0.334463 val_iou=0.605522 lr=0.00008550
2026-05-01 20:12:55,018 [Trainer] :: Updated latest checkpoint at epoch 75
2026-05-01 20:12:55,018 [Trainer] :: No validation IoU improvement for 50 epoch(s)
2026-05-01 20:12:55,018 [Trainer] :: Starting epoch 76
2026-05-01 20:15:16,243 [Trainer] :: Completed epoch 76: train_loss=0.053727 train_iou=0.942420 val_loss=0.328551 val_iou=0.609592 lr=0.00008513
2026-05-01 20:15:16,778 [Trainer] :: Updated latest checkpoint at epoch 76
2026-05-01 20:15:16,778 [Trainer] :: No validation IoU improvement for 51 epoch(s)
2026-05-01 20:15:16,778 [Trainer] :: Starting epoch 77
2026-05-01 20:17:38,463 [Trainer] :: Completed epoch 77: train_loss=0.071060 train_iou=0.939153 val_loss=0.350190 val_iou=0.598149 lr=0.00008476
2026-05-01 20:17:39,077 [Trainer] :: Updated latest checkpoint at epoch 77
2026-05-01 20:17:39,344 [Trainer] :: No validation IoU improvement for 52 epoch(s)
2026-05-01 20:17:39,344 [Trainer] :: Starting epoch 78
2026-05-01 20:20:02,153 [Trainer] :: Completed epoch 78: train_loss=0.054904 train_iou=0.941319 val_loss=0.368637 val_iou=0.594746 lr=0.00008439
2026-05-01 20:20:02,582 [Trainer] :: Updated latest checkpoint at epoch 78
2026-05-01 20:20:02,582 [Trainer] :: No validation IoU improvement for 53 epoch(s)
2026-05-01 20:20:02,582 [Trainer] :: Starting epoch 79
2026-05-01 20:22:25,025 [Trainer] :: Completed epoch 79: train_loss=0.054189 train_iou=0.941791 val_loss=0.314316 val_iou=0.616142 lr=0.00008401
2026-05-01 20:22:25,605 [Trainer] :: Updated latest checkpoint at epoch 79
2026-05-01 20:22:25,789 [Trainer] :: No validation IoU improvement for 54 epoch(s)
2026-05-01 20:22:25,789 [Trainer] :: Starting epoch 80
2026-05-01 20:24:47,243 [Trainer] :: Completed epoch 80: train_loss=0.054547 train_iou=0.941282 val_loss=0.343800 val_iou=0.597671 lr=0.00008362
2026-05-01 20:24:47,665 [Trainer] :: Updated latest checkpoint at epoch 80
2026-05-01 20:24:47,665 [Trainer] :: No validation IoU improvement for 55 epoch(s)
2026-05-01 20:24:47,665 [Trainer] :: Starting epoch 81
2026-05-01 20:27:08,613 [Trainer] :: Completed epoch 81: train_loss=0.052420 train_iou=0.942751 val_loss=0.330128 val_iou=0.613422 lr=0.00008323
2026-05-01 20:27:09,015 [Trainer] :: Updated latest checkpoint at epoch 81
2026-05-01 20:27:09,015 [Trainer] :: No validation IoU improvement for 56 epoch(s)
2026-05-01 20:27:09,015 [Trainer] :: Starting epoch 82
2026-05-01 20:29:30,586 [Trainer] :: Completed epoch 82: train_loss=0.051185 train_iou=0.943877 val_loss=0.355507 val_iou=0.598069 lr=0.00008284
2026-05-01 20:29:31,004 [Trainer] :: Updated latest checkpoint at epoch 82
2026-05-01 20:29:31,004 [Trainer] :: No validation IoU improvement for 57 epoch(s)
2026-05-01 20:29:31,004 [Trainer] :: Starting epoch 83
2026-05-01 20:31:51,960 [Trainer] :: Completed epoch 83: train_loss=0.050320 train_iou=0.945279 val_loss=0.391751 val_iou=0.588914 lr=0.00008245
2026-05-01 20:31:52,378 [Trainer] :: Updated latest checkpoint at epoch 83
2026-05-01 20:31:52,492 [Trainer] :: No validation IoU improvement for 58 epoch(s)
2026-05-01 20:31:52,492 [Trainer] :: Starting epoch 84
2026-05-01 20:34:13,104 [Trainer] :: Completed epoch 84: train_loss=0.050103 train_iou=0.945387 val_loss=0.349715 val_iou=0.605611 lr=0.00008205
2026-05-01 20:34:13,532 [Trainer] :: Updated latest checkpoint at epoch 84
2026-05-01 20:34:13,532 [Trainer] :: No validation IoU improvement for 59 epoch(s)
2026-05-01 20:34:13,532 [Trainer] :: Starting epoch 85
2026-05-01 20:36:34,168 [Trainer] :: Completed epoch 85: train_loss=0.050552 train_iou=0.945532 val_loss=0.348786 val_iou=0.611358 lr=0.00008165
2026-05-01 20:36:34,595 [Trainer] :: Updated latest checkpoint at epoch 85
2026-05-01 20:36:34,595 [Trainer] :: No validation IoU improvement for 60 epoch(s)
2026-05-01 20:36:34,595 [Trainer] :: Early stopping triggered after 60 epoch(s) without improvement
2026-05-01 20:40:03,431 [Trainer] :: Wrote training history to outputs/runs/rgb_deeplabv3plus_resnet50_seed49_20260501T151556Z/metrics/history.json
2026-05-01 20:40:03,477 [Trainer] :: Wrote test summary to outputs/runs/rgb_deeplabv3plus_resnet50_seed49_20260501T151556Z/metrics/test_summary.json
2026-05-01 20:40:03,477 [Trainer] :: Training completed
