2026-05-10 02:20:19,434 [Trainer] :: Training run initialized at /ceph/home/student.aau.dk/qd36zu/fuzzy-p10/tbd/masking/outputs/runs/rgb_real_msi_deeplabv3plus_resnet34_fuzzy_halo_seed46_20260510T002019Z
2026-05-10 02:20:19,435 [Trainer] :: Loaded config from /ceph/home/student.aau.dk/qd36zu/fuzzy-p10/tbd/masking/configs/fuzzy/rgb_real_msi_deeplabv3plus_resnet34.yaml
2026-05-10 02:20:19,435 [Trainer] :: Using seed=46 and device=None
2026-05-10 02:20:19,435 [Trainer] :: Using model architecture=DeepLabV3Plus encoder=resnet34 encoder_weights=imagenet
2026-05-10 02:20:19,766 [Trainer] :: Resolved runtime device to cuda
2026-05-10 02:20:19,767 [Trainer] :: Prepared normalization from source=train_split_patch_stats
2026-05-10 02:20:40,711 [Trainer] :: Built dataloaders with batch_size=16, num_workers=0
2026-05-10 02:20:40,712 [Trainer] :: Starting epoch 1
2026-05-10 02:33:58,351 [Trainer] :: Completed epoch 1: train_loss=0.396895 train_iou=0.684574 val_loss=0.347521 val_iou=0.587822 lr=0.00010000
2026-05-10 02:33:59,864 [Trainer] :: Updated latest checkpoint at epoch 1
2026-05-10 02:34:00,191 [Trainer] :: New best checkpoint saved with val_iou=0.587822
2026-05-10 02:34:00,191 [Trainer] :: Starting epoch 2
2026-05-10 02:43:13,482 [Trainer] :: Completed epoch 2: train_loss=0.294846 train_iou=0.768500 val_loss=0.336776 val_iou=0.583846 lr=0.00009999
2026-05-10 02:43:13,828 [Trainer] :: Updated latest checkpoint at epoch 2
2026-05-10 02:43:13,828 [Trainer] :: No validation IoU improvement for 1 epoch(s)
2026-05-10 02:43:13,828 [Trainer] :: Starting epoch 3
2026-05-10 02:52:09,536 [Trainer] :: Completed epoch 3: train_loss=0.269620 train_iou=0.784222 val_loss=0.325443 val_iou=0.545882 lr=0.00009998
2026-05-10 02:52:10,114 [Trainer] :: Updated latest checkpoint at epoch 3
2026-05-10 02:52:10,115 [Trainer] :: No validation IoU improvement for 2 epoch(s)
2026-05-10 02:52:10,115 [Trainer] :: Starting epoch 4
2026-05-10 03:00:08,793 [Trainer] :: Completed epoch 4: train_loss=0.254782 train_iou=0.797499 val_loss=0.309398 val_iou=0.620578 lr=0.00009996
2026-05-10 03:00:09,256 [Trainer] :: Updated latest checkpoint at epoch 4
2026-05-10 03:00:09,715 [Trainer] :: New best checkpoint saved with val_iou=0.620578
2026-05-10 03:00:09,715 [Trainer] :: Starting epoch 5
2026-05-10 03:09:16,859 [Trainer] :: Completed epoch 5: train_loss=0.236602 train_iou=0.809536 val_loss=0.323945 val_iou=0.555640 lr=0.00009993
2026-05-10 03:09:17,312 [Trainer] :: Updated latest checkpoint at epoch 5
2026-05-10 03:09:17,312 [Trainer] :: No validation IoU improvement for 1 epoch(s)
2026-05-10 03:09:17,312 [Trainer] :: Starting epoch 6
2026-05-10 03:21:06,634 [Trainer] :: Completed epoch 6: train_loss=0.225665 train_iou=0.819313 val_loss=0.310666 val_iou=0.630045 lr=0.00009990
2026-05-10 03:21:07,438 [Trainer] :: Updated latest checkpoint at epoch 6
2026-05-10 03:21:07,841 [Trainer] :: New best checkpoint saved with val_iou=0.630045
2026-05-10 03:21:07,841 [Trainer] :: Starting epoch 7
2026-05-10 03:32:27,667 [Trainer] :: Completed epoch 7: train_loss=0.225959 train_iou=0.817899 val_loss=0.334061 val_iou=0.543552 lr=0.00009987
2026-05-10 03:32:28,186 [Trainer] :: Updated latest checkpoint at epoch 7
2026-05-10 03:32:28,186 [Trainer] :: No validation IoU improvement for 1 epoch(s)
2026-05-10 03:32:28,186 [Trainer] :: Starting epoch 8
2026-05-10 03:43:15,024 [Trainer] :: Completed epoch 8: train_loss=0.213281 train_iou=0.827941 val_loss=0.308226 val_iou=0.595555 lr=0.00009983
2026-05-10 03:43:16,072 [Trainer] :: Updated latest checkpoint at epoch 8
2026-05-10 03:43:16,072 [Trainer] :: No validation IoU improvement for 2 epoch(s)
2026-05-10 03:43:16,072 [Trainer] :: Starting epoch 9
2026-05-10 03:52:22,690 [Trainer] :: Completed epoch 9: train_loss=0.208394 train_iou=0.832712 val_loss=0.285448 val_iou=0.629851 lr=0.00009978
2026-05-10 03:52:23,066 [Trainer] :: Updated latest checkpoint at epoch 9
2026-05-10 03:52:23,066 [Trainer] :: No validation IoU improvement for 3 epoch(s)
2026-05-10 03:52:23,066 [Trainer] :: Starting epoch 10
2026-05-10 04:02:38,209 [Trainer] :: Completed epoch 10: train_loss=0.207401 train_iou=0.830252 val_loss=0.305882 val_iou=0.591389 lr=0.00009973
2026-05-10 04:02:38,601 [Trainer] :: Updated latest checkpoint at epoch 10
2026-05-10 04:02:38,601 [Trainer] :: No validation IoU improvement for 4 epoch(s)
2026-05-10 04:02:38,601 [Trainer] :: Starting epoch 11
2026-05-10 04:11:10,345 [Trainer] :: Completed epoch 11: train_loss=0.192693 train_iou=0.844079 val_loss=0.300757 val_iou=0.588720 lr=0.00009967
2026-05-10 04:11:11,260 [Trainer] :: Updated latest checkpoint at epoch 11
2026-05-10 04:11:11,261 [Trainer] :: No validation IoU improvement for 5 epoch(s)
2026-05-10 04:11:11,261 [Trainer] :: Starting epoch 12
2026-05-10 04:19:08,243 [Trainer] :: Completed epoch 12: train_loss=0.191613 train_iou=0.844650 val_loss=0.302823 val_iou=0.607956 lr=0.00009961
2026-05-10 04:19:08,714 [Trainer] :: Updated latest checkpoint at epoch 12
2026-05-10 04:19:08,714 [Trainer] :: No validation IoU improvement for 6 epoch(s)
2026-05-10 04:19:08,714 [Trainer] :: Starting epoch 13
2026-05-10 04:30:04,424 [Trainer] :: Completed epoch 13: train_loss=0.182055 train_iou=0.851582 val_loss=0.303624 val_iou=0.598828 lr=0.00009954
2026-05-10 04:30:05,662 [Trainer] :: Updated latest checkpoint at epoch 13
2026-05-10 04:30:05,662 [Trainer] :: No validation IoU improvement for 7 epoch(s)
2026-05-10 04:30:05,662 [Trainer] :: Starting epoch 14
2026-05-10 04:41:01,300 [Trainer] :: Completed epoch 14: train_loss=0.180017 train_iou=0.854529 val_loss=0.297831 val_iou=0.620973 lr=0.00009947
2026-05-10 04:41:02,110 [Trainer] :: Updated latest checkpoint at epoch 14
2026-05-10 04:41:02,111 [Trainer] :: No validation IoU improvement for 8 epoch(s)
2026-05-10 04:41:02,111 [Trainer] :: Starting epoch 15
2026-05-10 04:50:52,034 [Trainer] :: Completed epoch 15: train_loss=0.175439 train_iou=0.856933 val_loss=0.298365 val_iou=0.603046 lr=0.00009939
2026-05-10 04:50:53,052 [Trainer] :: Updated latest checkpoint at epoch 15
2026-05-10 04:50:53,052 [Trainer] :: No validation IoU improvement for 9 epoch(s)
2026-05-10 04:50:53,052 [Trainer] :: Starting epoch 16
2026-05-10 05:05:10,901 [Trainer] :: Completed epoch 16: train_loss=0.173742 train_iou=0.853563 val_loss=0.315696 val_iou=0.593511 lr=0.00009931
2026-05-10 05:05:11,910 [Trainer] :: Updated latest checkpoint at epoch 16
2026-05-10 05:05:11,911 [Trainer] :: No validation IoU improvement for 10 epoch(s)
2026-05-10 05:05:11,911 [Trainer] :: Starting epoch 17
2026-05-10 05:13:01,732 [Trainer] :: Completed epoch 17: train_loss=0.158166 train_iou=0.865968 val_loss=0.309802 val_iou=0.632819 lr=0.00009922
2026-05-10 05:13:02,126 [Trainer] :: Updated latest checkpoint at epoch 17
2026-05-10 05:13:02,505 [Trainer] :: New best checkpoint saved with val_iou=0.632819
2026-05-10 05:13:02,505 [Trainer] :: Starting epoch 18
2026-05-10 05:21:57,332 [Trainer] :: Completed epoch 18: train_loss=0.163816 train_iou=0.862658 val_loss=0.308714 val_iou=0.603993 lr=0.00009912
2026-05-10 05:21:57,612 [Trainer] :: Updated latest checkpoint at epoch 18
2026-05-10 05:21:57,612 [Trainer] :: No validation IoU improvement for 1 epoch(s)
2026-05-10 05:21:57,612 [Trainer] :: Starting epoch 19
2026-05-10 05:30:11,293 [Trainer] :: Completed epoch 19: train_loss=0.157603 train_iou=0.861268 val_loss=0.298139 val_iou=0.622388 lr=0.00009902
2026-05-10 05:30:11,706 [Trainer] :: Updated latest checkpoint at epoch 19
2026-05-10 05:30:11,706 [Trainer] :: No validation IoU improvement for 2 epoch(s)
2026-05-10 05:30:11,706 [Trainer] :: Starting epoch 20
2026-05-10 05:37:06,344 [Trainer] :: Completed epoch 20: train_loss=0.151661 train_iou=0.867594 val_loss=0.312632 val_iou=0.610680 lr=0.00009892
2026-05-10 05:37:06,710 [Trainer] :: Updated latest checkpoint at epoch 20
2026-05-10 05:37:06,710 [Trainer] :: No validation IoU improvement for 3 epoch(s)
2026-05-10 05:37:06,710 [Trainer] :: Starting epoch 21
2026-05-10 05:45:12,246 [Trainer] :: Completed epoch 21: train_loss=0.150677 train_iou=0.868622 val_loss=0.401288 val_iou=0.522949 lr=0.00009881
2026-05-10 05:45:12,622 [Trainer] :: Updated latest checkpoint at epoch 21
2026-05-10 05:45:12,622 [Trainer] :: No validation IoU improvement for 4 epoch(s)
2026-05-10 05:45:12,622 [Trainer] :: Starting epoch 22
2026-05-10 05:53:52,209 [Trainer] :: Completed epoch 22: train_loss=0.140723 train_iou=0.876917 val_loss=0.313919 val_iou=0.597446 lr=0.00009869
2026-05-10 05:53:52,749 [Trainer] :: Updated latest checkpoint at epoch 22
2026-05-10 05:53:52,749 [Trainer] :: No validation IoU improvement for 5 epoch(s)
2026-05-10 05:53:52,749 [Trainer] :: Starting epoch 23
2026-05-10 06:01:17,754 [Trainer] :: Completed epoch 23: train_loss=0.138904 train_iou=0.876711 val_loss=0.301007 val_iou=0.621357 lr=0.00009857
2026-05-10 06:01:18,293 [Trainer] :: Updated latest checkpoint at epoch 23
2026-05-10 06:01:18,294 [Trainer] :: No validation IoU improvement for 6 epoch(s)
2026-05-10 06:01:18,294 [Trainer] :: Starting epoch 24
2026-05-10 06:09:30,967 [Trainer] :: Completed epoch 24: train_loss=0.130945 train_iou=0.880133 val_loss=0.310487 val_iou=0.609457 lr=0.00009844
2026-05-10 06:09:31,338 [Trainer] :: Updated latest checkpoint at epoch 24
2026-05-10 06:09:31,339 [Trainer] :: No validation IoU improvement for 7 epoch(s)
2026-05-10 06:09:31,339 [Trainer] :: Starting epoch 25
2026-05-10 06:16:19,194 [Trainer] :: Completed epoch 25: train_loss=0.133361 train_iou=0.877632 val_loss=0.302175 val_iou=0.610572 lr=0.00009831
2026-05-10 06:16:19,562 [Trainer] :: Updated latest checkpoint at epoch 25
2026-05-10 06:16:19,562 [Trainer] :: No validation IoU improvement for 8 epoch(s)
2026-05-10 06:16:19,562 [Trainer] :: Starting epoch 26
2026-05-10 06:22:43,013 [Trainer] :: Completed epoch 26: train_loss=0.131476 train_iou=0.883926 val_loss=0.313878 val_iou=0.618494 lr=0.00009818
2026-05-10 06:22:43,369 [Trainer] :: Updated latest checkpoint at epoch 26
2026-05-10 06:22:43,369 [Trainer] :: No validation IoU improvement for 9 epoch(s)
2026-05-10 06:22:43,369 [Trainer] :: Starting epoch 27
2026-05-10 06:29:33,092 [Trainer] :: Completed epoch 27: train_loss=0.126527 train_iou=0.883793 val_loss=0.329837 val_iou=0.594587 lr=0.00009803
2026-05-10 06:29:33,498 [Trainer] :: Updated latest checkpoint at epoch 27
2026-05-10 06:29:33,498 [Trainer] :: No validation IoU improvement for 10 epoch(s)
2026-05-10 06:29:33,498 [Trainer] :: Starting epoch 28
2026-05-10 06:36:07,735 [Trainer] :: Completed epoch 28: train_loss=0.122340 train_iou=0.884754 val_loss=0.346086 val_iou=0.591451 lr=0.00009789
2026-05-10 06:36:08,066 [Trainer] :: Updated latest checkpoint at epoch 28
2026-05-10 06:36:08,066 [Trainer] :: No validation IoU improvement for 11 epoch(s)
2026-05-10 06:36:08,066 [Trainer] :: Starting epoch 29
2026-05-10 06:42:44,449 [Trainer] :: Completed epoch 29: train_loss=0.125313 train_iou=0.885935 val_loss=0.291359 val_iou=0.619774 lr=0.00009773
2026-05-10 06:42:44,820 [Trainer] :: Updated latest checkpoint at epoch 29
2026-05-10 06:42:44,820 [Trainer] :: No validation IoU improvement for 12 epoch(s)
2026-05-10 06:42:44,821 [Trainer] :: Starting epoch 30
2026-05-10 06:49:30,606 [Trainer] :: Completed epoch 30: train_loss=0.116307 train_iou=0.893163 val_loss=0.324094 val_iou=0.603477 lr=0.00009758
2026-05-10 06:49:30,906 [Trainer] :: Updated latest checkpoint at epoch 30
2026-05-10 06:49:30,906 [Trainer] :: No validation IoU improvement for 13 epoch(s)
2026-05-10 06:49:30,906 [Trainer] :: Starting epoch 31
2026-05-10 06:56:44,390 [Trainer] :: Completed epoch 31: train_loss=0.115675 train_iou=0.892722 val_loss=0.320828 val_iou=0.599062 lr=0.00009741
2026-05-10 06:56:44,825 [Trainer] :: Updated latest checkpoint at epoch 31
2026-05-10 06:56:44,825 [Trainer] :: No validation IoU improvement for 14 epoch(s)
2026-05-10 06:56:44,826 [Trainer] :: Starting epoch 32
2026-05-10 07:03:18,514 [Trainer] :: Completed epoch 32: train_loss=0.113810 train_iou=0.893650 val_loss=0.310658 val_iou=0.638105 lr=0.00009725
2026-05-10 07:03:18,871 [Trainer] :: Updated latest checkpoint at epoch 32
2026-05-10 07:03:19,157 [Trainer] :: New best checkpoint saved with val_iou=0.638105
2026-05-10 07:03:19,157 [Trainer] :: Starting epoch 33
2026-05-10 07:10:21,311 [Trainer] :: Completed epoch 33: train_loss=0.115519 train_iou=0.893299 val_loss=0.337895 val_iou=0.597214 lr=0.00009707
2026-05-10 07:10:21,773 [Trainer] :: Updated latest checkpoint at epoch 33
2026-05-10 07:10:21,773 [Trainer] :: No validation IoU improvement for 1 epoch(s)
2026-05-10 07:10:21,773 [Trainer] :: Starting epoch 34
2026-05-10 07:17:18,891 [Trainer] :: Completed epoch 34: train_loss=0.108157 train_iou=0.900000 val_loss=0.308609 val_iou=0.624656 lr=0.00009690
2026-05-10 07:17:19,226 [Trainer] :: Updated latest checkpoint at epoch 34
2026-05-10 07:17:19,226 [Trainer] :: No validation IoU improvement for 2 epoch(s)
2026-05-10 07:17:19,226 [Trainer] :: Starting epoch 35
2026-05-10 07:24:19,374 [Trainer] :: Completed epoch 35: train_loss=0.108444 train_iou=0.899539 val_loss=0.323177 val_iou=0.609274 lr=0.00009671
2026-05-10 07:24:19,720 [Trainer] :: Updated latest checkpoint at epoch 35
2026-05-10 07:24:19,720 [Trainer] :: No validation IoU improvement for 3 epoch(s)
2026-05-10 07:24:19,720 [Trainer] :: Starting epoch 36
2026-05-10 07:31:30,272 [Trainer] :: Completed epoch 36: train_loss=0.107698 train_iou=0.899497 val_loss=0.321787 val_iou=0.594536 lr=0.00009652
2026-05-10 07:31:30,687 [Trainer] :: Updated latest checkpoint at epoch 36
2026-05-10 07:31:30,687 [Trainer] :: No validation IoU improvement for 4 epoch(s)
2026-05-10 07:31:30,687 [Trainer] :: Starting epoch 37
2026-05-10 07:38:35,479 [Trainer] :: Completed epoch 37: train_loss=0.102495 train_iou=0.903427 val_loss=0.338004 val_iou=0.611783 lr=0.00009633
2026-05-10 07:38:35,893 [Trainer] :: Updated latest checkpoint at epoch 37
2026-05-10 07:38:35,893 [Trainer] :: No validation IoU improvement for 5 epoch(s)
2026-05-10 07:38:35,893 [Trainer] :: Starting epoch 38
2026-05-10 07:45:52,446 [Trainer] :: Completed epoch 38: train_loss=0.105084 train_iou=0.902001 val_loss=0.350281 val_iou=0.573678 lr=0.00009613
2026-05-10 07:45:52,789 [Trainer] :: Updated latest checkpoint at epoch 38
2026-05-10 07:45:52,789 [Trainer] :: No validation IoU improvement for 6 epoch(s)
2026-05-10 07:45:52,789 [Trainer] :: Starting epoch 39
2026-05-10 07:52:43,807 [Trainer] :: Completed epoch 39: train_loss=0.101816 train_iou=0.904926 val_loss=0.383685 val_iou=0.550105 lr=0.00009593
2026-05-10 07:52:44,137 [Trainer] :: Updated latest checkpoint at epoch 39
2026-05-10 07:52:44,137 [Trainer] :: No validation IoU improvement for 7 epoch(s)
2026-05-10 07:52:44,137 [Trainer] :: Starting epoch 40
2026-05-10 08:00:01,147 [Trainer] :: Completed epoch 40: train_loss=0.102794 train_iou=0.903542 val_loss=0.363010 val_iou=0.610594 lr=0.00009572
2026-05-10 08:00:01,492 [Trainer] :: Updated latest checkpoint at epoch 40
2026-05-10 08:00:01,492 [Trainer] :: No validation IoU improvement for 8 epoch(s)
2026-05-10 08:00:01,492 [Trainer] :: Starting epoch 41
2026-05-10 08:07:03,453 [Trainer] :: Completed epoch 41: train_loss=0.099508 train_iou=0.906858 val_loss=0.366601 val_iou=0.552001 lr=0.00009551
2026-05-10 08:07:03,811 [Trainer] :: Updated latest checkpoint at epoch 41
2026-05-10 08:07:03,811 [Trainer] :: No validation IoU improvement for 9 epoch(s)
2026-05-10 08:07:03,811 [Trainer] :: Starting epoch 42
2026-05-10 08:14:29,289 [Trainer] :: Completed epoch 42: train_loss=0.096243 train_iou=0.909200 val_loss=0.325360 val_iou=0.611089 lr=0.00009529
2026-05-10 08:14:29,786 [Trainer] :: Updated latest checkpoint at epoch 42
2026-05-10 08:14:29,786 [Trainer] :: No validation IoU improvement for 10 epoch(s)
2026-05-10 08:14:29,786 [Trainer] :: Starting epoch 43
2026-05-10 08:21:30,701 [Trainer] :: Completed epoch 43: train_loss=0.093931 train_iou=0.912012 val_loss=0.349019 val_iou=0.588914 lr=0.00009507
2026-05-10 08:21:31,101 [Trainer] :: Updated latest checkpoint at epoch 43
2026-05-10 08:21:31,101 [Trainer] :: No validation IoU improvement for 11 epoch(s)
2026-05-10 08:21:31,101 [Trainer] :: Starting epoch 44
2026-05-10 08:28:14,891 [Trainer] :: Completed epoch 44: train_loss=0.093528 train_iou=0.912505 val_loss=0.316248 val_iou=0.614493 lr=0.00009484
2026-05-10 08:28:15,264 [Trainer] :: Updated latest checkpoint at epoch 44
2026-05-10 08:28:15,265 [Trainer] :: No validation IoU improvement for 12 epoch(s)
2026-05-10 08:28:15,265 [Trainer] :: Starting epoch 45
2026-05-10 08:35:06,014 [Trainer] :: Completed epoch 45: train_loss=0.095349 train_iou=0.910102 val_loss=0.352481 val_iou=0.596404 lr=0.00009460
2026-05-10 08:35:06,467 [Trainer] :: Updated latest checkpoint at epoch 45
2026-05-10 08:35:06,467 [Trainer] :: No validation IoU improvement for 13 epoch(s)
2026-05-10 08:35:06,467 [Trainer] :: Starting epoch 46
2026-05-10 08:42:16,905 [Trainer] :: Completed epoch 46: train_loss=0.092449 train_iou=0.912613 val_loss=0.332184 val_iou=0.605198 lr=0.00009437
2026-05-10 08:42:17,552 [Trainer] :: Updated latest checkpoint at epoch 46
2026-05-10 08:42:17,635 [Trainer] :: No validation IoU improvement for 14 epoch(s)
2026-05-10 08:42:17,635 [Trainer] :: Starting epoch 47
2026-05-10 08:49:22,043 [Trainer] :: Completed epoch 47: train_loss=0.092643 train_iou=0.912502 val_loss=0.353441 val_iou=0.587897 lr=0.00009412
2026-05-10 08:49:22,744 [Trainer] :: Updated latest checkpoint at epoch 47
2026-05-10 08:49:22,744 [Trainer] :: No validation IoU improvement for 15 epoch(s)
2026-05-10 08:49:22,745 [Trainer] :: Starting epoch 48
2026-05-10 08:56:34,385 [Trainer] :: Completed epoch 48: train_loss=0.093460 train_iou=0.913597 val_loss=0.344093 val_iou=0.587092 lr=0.00009388
2026-05-10 08:56:34,843 [Trainer] :: Updated latest checkpoint at epoch 48
2026-05-10 08:56:34,843 [Trainer] :: No validation IoU improvement for 16 epoch(s)
2026-05-10 08:56:34,843 [Trainer] :: Starting epoch 49
2026-05-10 09:02:58,193 [Trainer] :: Completed epoch 49: train_loss=0.090258 train_iou=0.914109 val_loss=0.335291 val_iou=0.601106 lr=0.00009363
2026-05-10 09:02:58,539 [Trainer] :: Updated latest checkpoint at epoch 49
2026-05-10 09:02:58,539 [Trainer] :: No validation IoU improvement for 17 epoch(s)
2026-05-10 09:02:58,539 [Trainer] :: Starting epoch 50
2026-05-10 09:10:41,888 [Trainer] :: Completed epoch 50: train_loss=0.091183 train_iou=0.914085 val_loss=0.315383 val_iou=0.622090 lr=0.00009337
2026-05-10 09:10:42,440 [Trainer] :: Updated latest checkpoint at epoch 50
2026-05-10 09:10:42,441 [Trainer] :: No validation IoU improvement for 18 epoch(s)
2026-05-10 09:10:42,441 [Trainer] :: Starting epoch 51
2026-05-10 09:19:27,164 [Trainer] :: Completed epoch 51: train_loss=0.087740 train_iou=0.916837 val_loss=0.330990 val_iou=0.627146 lr=0.00009311
2026-05-10 09:19:27,617 [Trainer] :: Updated latest checkpoint at epoch 51
2026-05-10 09:19:27,617 [Trainer] :: No validation IoU improvement for 19 epoch(s)
2026-05-10 09:19:27,617 [Trainer] :: Starting epoch 52
2026-05-10 09:28:20,973 [Trainer] :: Completed epoch 52: train_loss=0.089389 train_iou=0.915116 val_loss=0.355683 val_iou=0.580276 lr=0.00009284
2026-05-10 09:28:21,395 [Trainer] :: Updated latest checkpoint at epoch 52
2026-05-10 09:28:21,395 [Trainer] :: No validation IoU improvement for 20 epoch(s)
2026-05-10 09:28:21,395 [Trainer] :: Starting epoch 53
2026-05-10 09:37:22,514 [Trainer] :: Completed epoch 53: train_loss=0.087574 train_iou=0.917580 val_loss=0.377934 val_iou=0.596237 lr=0.00009257
2026-05-10 09:37:22,850 [Trainer] :: Updated latest checkpoint at epoch 53
2026-05-10 09:37:22,850 [Trainer] :: No validation IoU improvement for 21 epoch(s)
2026-05-10 09:37:22,850 [Trainer] :: Starting epoch 54
2026-05-10 09:46:40,145 [Trainer] :: Completed epoch 54: train_loss=0.087728 train_iou=0.917984 val_loss=0.336448 val_iou=0.612066 lr=0.00009229
2026-05-10 09:46:40,595 [Trainer] :: Updated latest checkpoint at epoch 54
2026-05-10 09:46:40,595 [Trainer] :: No validation IoU improvement for 22 epoch(s)
2026-05-10 09:46:40,595 [Trainer] :: Starting epoch 55
2026-05-10 09:55:08,256 [Trainer] :: Completed epoch 55: train_loss=0.084154 train_iou=0.920453 val_loss=0.350426 val_iou=0.613092 lr=0.00009201
2026-05-10 09:55:08,619 [Trainer] :: Updated latest checkpoint at epoch 55
2026-05-10 09:55:08,620 [Trainer] :: No validation IoU improvement for 23 epoch(s)
2026-05-10 09:55:08,620 [Trainer] :: Starting epoch 56
2026-05-10 10:03:11,044 [Trainer] :: Completed epoch 56: train_loss=0.083956 train_iou=0.920264 val_loss=0.321244 val_iou=0.631241 lr=0.00009173
2026-05-10 10:03:11,651 [Trainer] :: Updated latest checkpoint at epoch 56
2026-05-10 10:03:11,651 [Trainer] :: No validation IoU improvement for 24 epoch(s)
2026-05-10 10:03:11,651 [Trainer] :: Starting epoch 57
2026-05-10 10:11:29,738 [Trainer] :: Completed epoch 57: train_loss=0.086752 train_iou=0.919506 val_loss=0.340156 val_iou=0.601120 lr=0.00009144
2026-05-10 10:11:30,077 [Trainer] :: Updated latest checkpoint at epoch 57
2026-05-10 10:11:30,077 [Trainer] :: No validation IoU improvement for 25 epoch(s)
2026-05-10 10:11:30,077 [Trainer] :: Starting epoch 58
2026-05-10 10:20:56,397 [Trainer] :: Completed epoch 58: train_loss=0.083572 train_iou=0.919629 val_loss=0.390496 val_iou=0.582991 lr=0.00009115
2026-05-10 10:20:56,914 [Trainer] :: Updated latest checkpoint at epoch 58
2026-05-10 10:20:56,914 [Trainer] :: No validation IoU improvement for 26 epoch(s)
2026-05-10 10:20:56,914 [Trainer] :: Starting epoch 59
2026-05-10 10:29:21,526 [Trainer] :: Completed epoch 59: train_loss=0.081522 train_iou=0.922602 val_loss=0.326237 val_iou=0.625302 lr=0.00009085
2026-05-10 10:29:21,965 [Trainer] :: Updated latest checkpoint at epoch 59
2026-05-10 10:29:21,965 [Trainer] :: No validation IoU improvement for 27 epoch(s)
2026-05-10 10:29:21,965 [Trainer] :: Starting epoch 60
2026-05-10 10:36:54,627 [Trainer] :: Completed epoch 60: train_loss=0.082882 train_iou=0.921472 val_loss=0.339662 val_iou=0.613670 lr=0.00009055
2026-05-10 10:36:54,993 [Trainer] :: Updated latest checkpoint at epoch 60
2026-05-10 10:36:54,993 [Trainer] :: No validation IoU improvement for 28 epoch(s)
2026-05-10 10:36:54,994 [Trainer] :: Starting epoch 61
2026-05-10 10:44:38,027 [Trainer] :: Completed epoch 61: train_loss=0.081204 train_iou=0.922125 val_loss=0.388668 val_iou=0.576357 lr=0.00009024
2026-05-10 10:44:38,371 [Trainer] :: Updated latest checkpoint at epoch 61
2026-05-10 10:44:38,371 [Trainer] :: No validation IoU improvement for 29 epoch(s)
2026-05-10 10:44:38,371 [Trainer] :: Starting epoch 62
2026-05-10 10:52:50,595 [Trainer] :: Completed epoch 62: train_loss=0.081550 train_iou=0.922953 val_loss=0.348402 val_iou=0.598134 lr=0.00008993
2026-05-10 10:52:51,031 [Trainer] :: Updated latest checkpoint at epoch 62
2026-05-10 10:52:51,031 [Trainer] :: No validation IoU improvement for 30 epoch(s)
2026-05-10 10:52:51,031 [Trainer] :: Starting epoch 63
2026-05-10 11:01:07,363 [Trainer] :: Completed epoch 63: train_loss=0.086344 train_iou=0.920886 val_loss=0.307777 val_iou=0.639067 lr=0.00008961
2026-05-10 11:01:07,950 [Trainer] :: Updated latest checkpoint at epoch 63
2026-05-10 11:01:08,295 [Trainer] :: New best checkpoint saved with val_iou=0.639067
2026-05-10 11:01:08,295 [Trainer] :: Starting epoch 64
2026-05-10 11:10:23,363 [Trainer] :: Completed epoch 64: train_loss=0.082620 train_iou=0.921933 val_loss=0.382879 val_iou=0.581272 lr=0.00008929
2026-05-10 11:10:23,690 [Trainer] :: Updated latest checkpoint at epoch 64
2026-05-10 11:10:23,690 [Trainer] :: No validation IoU improvement for 1 epoch(s)
2026-05-10 11:10:23,690 [Trainer] :: Starting epoch 65
2026-05-10 11:18:23,117 [Trainer] :: Completed epoch 65: train_loss=0.083878 train_iou=0.922495 val_loss=0.336234 val_iou=0.609386 lr=0.00008897
2026-05-10 11:18:23,457 [Trainer] :: Updated latest checkpoint at epoch 65
2026-05-10 11:18:23,457 [Trainer] :: No validation IoU improvement for 2 epoch(s)
2026-05-10 11:18:23,457 [Trainer] :: Starting epoch 66
2026-05-10 11:27:12,099 [Trainer] :: Completed epoch 66: train_loss=0.078782 train_iou=0.924678 val_loss=0.360523 val_iou=0.615919 lr=0.00008864
2026-05-10 11:27:12,601 [Trainer] :: Updated latest checkpoint at epoch 66
2026-05-10 11:27:12,601 [Trainer] :: No validation IoU improvement for 3 epoch(s)
2026-05-10 11:27:12,601 [Trainer] :: Starting epoch 67
2026-05-10 11:35:25,123 [Trainer] :: Completed epoch 67: train_loss=0.079334 train_iou=0.925264 val_loss=0.340629 val_iou=0.620470 lr=0.00008831
2026-05-10 11:35:26,193 [Trainer] :: Updated latest checkpoint at epoch 67
2026-05-10 11:35:26,193 [Trainer] :: No validation IoU improvement for 4 epoch(s)
2026-05-10 11:35:26,193 [Trainer] :: Starting epoch 68
2026-05-10 11:43:33,121 [Trainer] :: Completed epoch 68: train_loss=0.076918 train_iou=0.925788 val_loss=0.337717 val_iou=0.638361 lr=0.00008797
2026-05-10 11:43:33,469 [Trainer] :: Updated latest checkpoint at epoch 68
2026-05-10 11:43:33,469 [Trainer] :: No validation IoU improvement for 5 epoch(s)
2026-05-10 11:43:33,469 [Trainer] :: Starting epoch 69
2026-05-10 11:52:03,369 [Trainer] :: Completed epoch 69: train_loss=0.076338 train_iou=0.927864 val_loss=0.354132 val_iou=0.611191 lr=0.00008763
2026-05-10 11:52:03,924 [Trainer] :: Updated latest checkpoint at epoch 69
2026-05-10 11:52:03,924 [Trainer] :: No validation IoU improvement for 6 epoch(s)
2026-05-10 11:52:03,924 [Trainer] :: Starting epoch 70
2026-05-10 11:59:41,808 [Trainer] :: Completed epoch 70: train_loss=0.075189 train_iou=0.928977 val_loss=0.343639 val_iou=0.617938 lr=0.00008729
2026-05-10 11:59:42,171 [Trainer] :: Updated latest checkpoint at epoch 70
2026-05-10 11:59:42,171 [Trainer] :: No validation IoU improvement for 7 epoch(s)
2026-05-10 11:59:42,171 [Trainer] :: Starting epoch 71
2026-05-10 12:07:50,189 [Trainer] :: Completed epoch 71: train_loss=0.075160 train_iou=0.927804 val_loss=0.353184 val_iou=0.612567 lr=0.00008694
2026-05-10 12:07:50,667 [Trainer] :: Updated latest checkpoint at epoch 71
2026-05-10 12:07:50,667 [Trainer] :: No validation IoU improvement for 8 epoch(s)
2026-05-10 12:07:50,667 [Trainer] :: Starting epoch 72
2026-05-10 12:14:59,960 [Trainer] :: Completed epoch 72: train_loss=0.074987 train_iou=0.929207 val_loss=0.389126 val_iou=0.575072 lr=0.00008658
2026-05-10 12:15:00,311 [Trainer] :: Updated latest checkpoint at epoch 72
2026-05-10 12:15:00,311 [Trainer] :: No validation IoU improvement for 9 epoch(s)
2026-05-10 12:15:00,311 [Trainer] :: Starting epoch 73
2026-05-10 12:21:45,072 [Trainer] :: Completed epoch 73: train_loss=0.075761 train_iou=0.928657 val_loss=0.398691 val_iou=0.607837 lr=0.00008623
2026-05-10 12:21:45,490 [Trainer] :: Updated latest checkpoint at epoch 73
2026-05-10 12:21:45,490 [Trainer] :: No validation IoU improvement for 10 epoch(s)
2026-05-10 12:21:45,490 [Trainer] :: Starting epoch 74
2026-05-10 12:29:22,213 [Trainer] :: Completed epoch 74: train_loss=0.074433 train_iou=0.929967 val_loss=0.356752 val_iou=0.602326 lr=0.00008587
2026-05-10 12:29:22,648 [Trainer] :: Updated latest checkpoint at epoch 74
2026-05-10 12:29:22,648 [Trainer] :: No validation IoU improvement for 11 epoch(s)
2026-05-10 12:29:22,648 [Trainer] :: Starting epoch 75
2026-05-10 12:36:51,731 [Trainer] :: Completed epoch 75: train_loss=0.073376 train_iou=0.930493 val_loss=0.374925 val_iou=0.616163 lr=0.00008550
2026-05-10 12:36:52,303 [Trainer] :: Updated latest checkpoint at epoch 75
2026-05-10 12:36:52,303 [Trainer] :: No validation IoU improvement for 12 epoch(s)
2026-05-10 12:36:52,303 [Trainer] :: Starting epoch 76
2026-05-10 12:44:34,189 [Trainer] :: Completed epoch 76: train_loss=0.072147 train_iou=0.931980 val_loss=0.345019 val_iou=0.619953 lr=0.00008513
2026-05-10 12:44:34,696 [Trainer] :: Updated latest checkpoint at epoch 76
2026-05-10 12:44:34,696 [Trainer] :: No validation IoU improvement for 13 epoch(s)
2026-05-10 12:44:34,696 [Trainer] :: Starting epoch 77
2026-05-10 12:51:27,656 [Trainer] :: Completed epoch 77: train_loss=0.071554 train_iou=0.932356 val_loss=0.372434 val_iou=0.598471 lr=0.00008476
2026-05-10 12:51:28,365 [Trainer] :: Updated latest checkpoint at epoch 77
2026-05-10 12:51:28,365 [Trainer] :: No validation IoU improvement for 14 epoch(s)
2026-05-10 12:51:28,365 [Trainer] :: Starting epoch 78
2026-05-10 12:59:04,046 [Trainer] :: Completed epoch 78: train_loss=0.071609 train_iou=0.932204 val_loss=0.375639 val_iou=0.602020 lr=0.00008439
2026-05-10 12:59:04,417 [Trainer] :: Updated latest checkpoint at epoch 78
2026-05-10 12:59:04,417 [Trainer] :: No validation IoU improvement for 15 epoch(s)
2026-05-10 12:59:04,417 [Trainer] :: Starting epoch 79
2026-05-10 13:06:19,832 [Trainer] :: Completed epoch 79: train_loss=0.070474 train_iou=0.932729 val_loss=0.353333 val_iou=0.629546 lr=0.00008401
2026-05-10 13:06:20,205 [Trainer] :: Updated latest checkpoint at epoch 79
2026-05-10 13:06:20,205 [Trainer] :: No validation IoU improvement for 16 epoch(s)
2026-05-10 13:06:20,205 [Trainer] :: Starting epoch 80
2026-05-10 13:14:27,314 [Trainer] :: Completed epoch 80: train_loss=0.070328 train_iou=0.933020 val_loss=0.366382 val_iou=0.602590 lr=0.00008362
2026-05-10 13:14:27,751 [Trainer] :: Updated latest checkpoint at epoch 80
2026-05-10 13:14:27,751 [Trainer] :: No validation IoU improvement for 17 epoch(s)
2026-05-10 13:14:27,751 [Trainer] :: Starting epoch 81
2026-05-10 13:22:09,550 [Trainer] :: Completed epoch 81: train_loss=0.069575 train_iou=0.933491 val_loss=0.397679 val_iou=0.585513 lr=0.00008323
2026-05-10 13:22:09,908 [Trainer] :: Updated latest checkpoint at epoch 81
2026-05-10 13:22:09,909 [Trainer] :: No validation IoU improvement for 18 epoch(s)
2026-05-10 13:22:09,909 [Trainer] :: Starting epoch 82
2026-05-10 13:29:49,547 [Trainer] :: Completed epoch 82: train_loss=0.070762 train_iou=0.933037 val_loss=0.351267 val_iou=0.623302 lr=0.00008284
2026-05-10 13:29:49,902 [Trainer] :: Updated latest checkpoint at epoch 82
2026-05-10 13:29:49,902 [Trainer] :: No validation IoU improvement for 19 epoch(s)
2026-05-10 13:29:49,902 [Trainer] :: Starting epoch 83
2026-05-10 13:36:33,087 [Trainer] :: Completed epoch 83: train_loss=0.069359 train_iou=0.933876 val_loss=0.374604 val_iou=0.597612 lr=0.00008245
2026-05-10 13:36:33,433 [Trainer] :: Updated latest checkpoint at epoch 83
2026-05-10 13:36:33,434 [Trainer] :: No validation IoU improvement for 20 epoch(s)
2026-05-10 13:36:33,434 [Trainer] :: Starting epoch 84
2026-05-10 13:43:40,400 [Trainer] :: Completed epoch 84: train_loss=0.069719 train_iou=0.933871 val_loss=0.371599 val_iou=0.600341 lr=0.00008205
2026-05-10 13:43:40,860 [Trainer] :: Updated latest checkpoint at epoch 84
2026-05-10 13:43:40,861 [Trainer] :: No validation IoU improvement for 21 epoch(s)
2026-05-10 13:43:40,861 [Trainer] :: Starting epoch 85
2026-05-10 13:50:34,064 [Trainer] :: Completed epoch 85: train_loss=0.069399 train_iou=0.934055 val_loss=0.367083 val_iou=0.604300 lr=0.00008165
2026-05-10 13:50:34,431 [Trainer] :: Updated latest checkpoint at epoch 85
2026-05-10 13:50:34,431 [Trainer] :: No validation IoU improvement for 22 epoch(s)
2026-05-10 13:50:34,431 [Trainer] :: Starting epoch 86
2026-05-10 13:58:20,587 [Trainer] :: Completed epoch 86: train_loss=0.067822 train_iou=0.935510 val_loss=0.373917 val_iou=0.605114 lr=0.00008125
2026-05-10 13:58:21,282 [Trainer] :: Updated latest checkpoint at epoch 86
2026-05-10 13:58:21,283 [Trainer] :: No validation IoU improvement for 23 epoch(s)
2026-05-10 13:58:21,283 [Trainer] :: Starting epoch 87
2026-05-10 14:05:02,824 [Trainer] :: Completed epoch 87: train_loss=0.067712 train_iou=0.935029 val_loss=0.354480 val_iou=0.615408 lr=0.00008084
2026-05-10 14:05:03,283 [Trainer] :: Updated latest checkpoint at epoch 87
2026-05-10 14:05:03,284 [Trainer] :: No validation IoU improvement for 24 epoch(s)
2026-05-10 14:05:03,284 [Trainer] :: Starting epoch 88
2026-05-10 14:11:32,012 [Trainer] :: Completed epoch 88: train_loss=0.068227 train_iou=0.935501 val_loss=0.385244 val_iou=0.596259 lr=0.00008043
2026-05-10 14:11:32,379 [Trainer] :: Updated latest checkpoint at epoch 88
2026-05-10 14:11:32,380 [Trainer] :: No validation IoU improvement for 25 epoch(s)
2026-05-10 14:11:32,380 [Trainer] :: Starting epoch 89
2026-05-10 14:18:11,106 [Trainer] :: Completed epoch 89: train_loss=0.068324 train_iou=0.935586 val_loss=0.352070 val_iou=0.610234 lr=0.00008001
2026-05-10 14:18:11,483 [Trainer] :: Updated latest checkpoint at epoch 89
2026-05-10 14:18:11,483 [Trainer] :: No validation IoU improvement for 26 epoch(s)
2026-05-10 14:18:11,483 [Trainer] :: Starting epoch 90
