2026-05-02 14:08:21,239 [Trainer] :: Training run initialized at /ceph/home/student.aau.dk/qd36zu/fuzzy-p10/tbd/masking/outputs/runs/rgb_real_msi_unetplusplus_resnet34_seed48_20260502T120821Z
2026-05-02 14:08:21,240 [Trainer] :: Loaded config from /ceph/home/student.aau.dk/qd36zu/fuzzy-p10/tbd/masking/configs/binary/rgb_real_msi_unetpp_resnet34.yaml
2026-05-02 14:08:21,240 [Trainer] :: Using seed=48 and device=None
2026-05-02 14:08:21,240 [Trainer] :: Using model architecture=UnetPlusPlus encoder=resnet34 encoder_weights=imagenet
2026-05-02 14:08:21,507 [Trainer] :: Resolved runtime device to cuda
2026-05-02 14:08:21,508 [Trainer] :: Prepared normalization from source=train_split_patch_stats
2026-05-02 14:08:24,978 [Trainer] :: Built dataloaders with batch_size=16, num_workers=0
2026-05-02 14:08:24,980 [Trainer] :: Starting epoch 1
2026-05-02 14:13:52,244 [Trainer] :: Completed epoch 1: train_loss=0.452902 train_iou=0.632088 val_loss=0.458165 val_iou=0.547464 lr=0.00010000
2026-05-02 14:13:52,632 [Trainer] :: Updated latest checkpoint at epoch 1
2026-05-02 14:13:53,108 [Trainer] :: New best checkpoint saved with val_iou=0.547464
2026-05-02 14:13:53,108 [Trainer] :: Starting epoch 2
2026-05-02 14:19:09,354 [Trainer] :: Completed epoch 2: train_loss=0.345089 train_iou=0.736743 val_loss=0.384997 val_iou=0.584082 lr=0.00009999
2026-05-02 14:19:09,884 [Trainer] :: Updated latest checkpoint at epoch 2
2026-05-02 14:19:10,371 [Trainer] :: New best checkpoint saved with val_iou=0.584082
2026-05-02 14:19:10,371 [Trainer] :: Starting epoch 3
2026-05-02 14:24:38,426 [Trainer] :: Completed epoch 3: train_loss=0.296724 train_iou=0.765727 val_loss=0.374525 val_iou=0.545522 lr=0.00009998
2026-05-02 14:24:39,046 [Trainer] :: Updated latest checkpoint at epoch 3
2026-05-02 14:24:39,046 [Trainer] :: No validation IoU improvement for 1 epoch(s)
2026-05-02 14:24:39,046 [Trainer] :: Starting epoch 4
2026-05-02 14:29:48,818 [Trainer] :: Completed epoch 4: train_loss=0.284950 train_iou=0.760744 val_loss=0.340988 val_iou=0.573119 lr=0.00009996
2026-05-02 14:29:49,404 [Trainer] :: Updated latest checkpoint at epoch 4
2026-05-02 14:29:49,405 [Trainer] :: No validation IoU improvement for 2 epoch(s)
2026-05-02 14:29:49,405 [Trainer] :: Starting epoch 5
2026-05-02 14:35:03,744 [Trainer] :: Completed epoch 5: train_loss=0.261039 train_iou=0.780471 val_loss=0.291375 val_iou=0.609372 lr=0.00009993
2026-05-02 14:35:04,559 [Trainer] :: Updated latest checkpoint at epoch 5
2026-05-02 14:35:05,215 [Trainer] :: New best checkpoint saved with val_iou=0.609372
2026-05-02 14:35:05,215 [Trainer] :: Starting epoch 6
2026-05-02 14:40:11,712 [Trainer] :: Completed epoch 6: train_loss=0.253121 train_iou=0.782825 val_loss=0.293353 val_iou=0.631156 lr=0.00009990
2026-05-02 14:40:12,200 [Trainer] :: Updated latest checkpoint at epoch 6
2026-05-02 14:40:12,584 [Trainer] :: New best checkpoint saved with val_iou=0.631156
2026-05-02 14:40:12,584 [Trainer] :: Starting epoch 7
2026-05-02 14:45:15,269 [Trainer] :: Completed epoch 7: train_loss=0.236607 train_iou=0.795849 val_loss=0.335101 val_iou=0.507849 lr=0.00009987
2026-05-02 14:45:15,869 [Trainer] :: Updated latest checkpoint at epoch 7
2026-05-02 14:45:15,869 [Trainer] :: No validation IoU improvement for 1 epoch(s)
2026-05-02 14:45:15,869 [Trainer] :: Starting epoch 8
2026-05-02 14:50:15,164 [Trainer] :: Completed epoch 8: train_loss=0.222997 train_iou=0.807911 val_loss=0.289234 val_iou=0.606869 lr=0.00009983
2026-05-02 14:50:15,880 [Trainer] :: Updated latest checkpoint at epoch 8
2026-05-02 14:50:15,880 [Trainer] :: No validation IoU improvement for 2 epoch(s)
2026-05-02 14:50:15,881 [Trainer] :: Starting epoch 9
2026-05-02 14:55:22,435 [Trainer] :: Completed epoch 9: train_loss=0.216562 train_iou=0.812925 val_loss=0.273421 val_iou=0.626958 lr=0.00009978
2026-05-02 14:55:23,001 [Trainer] :: Updated latest checkpoint at epoch 9
2026-05-02 14:55:23,002 [Trainer] :: No validation IoU improvement for 3 epoch(s)
2026-05-02 14:55:23,002 [Trainer] :: Starting epoch 10
2026-05-02 15:00:35,351 [Trainer] :: Completed epoch 10: train_loss=0.220299 train_iou=0.806232 val_loss=0.280478 val_iou=0.618645 lr=0.00009973
2026-05-02 15:00:35,736 [Trainer] :: Updated latest checkpoint at epoch 10
2026-05-02 15:00:35,736 [Trainer] :: No validation IoU improvement for 4 epoch(s)
2026-05-02 15:00:35,736 [Trainer] :: Starting epoch 11
2026-05-02 15:05:54,232 [Trainer] :: Completed epoch 11: train_loss=0.209190 train_iou=0.818218 val_loss=0.278733 val_iou=0.615736 lr=0.00009967
2026-05-02 15:05:54,888 [Trainer] :: Updated latest checkpoint at epoch 11
2026-05-02 15:05:54,889 [Trainer] :: No validation IoU improvement for 5 epoch(s)
2026-05-02 15:05:54,889 [Trainer] :: Starting epoch 12
2026-05-02 15:11:16,355 [Trainer] :: Completed epoch 12: train_loss=0.199101 train_iou=0.827196 val_loss=0.279207 val_iou=0.610895 lr=0.00009961
2026-05-02 15:11:16,844 [Trainer] :: Updated latest checkpoint at epoch 12
2026-05-02 15:11:16,844 [Trainer] :: No validation IoU improvement for 6 epoch(s)
2026-05-02 15:11:16,844 [Trainer] :: Starting epoch 13
2026-05-02 15:16:26,185 [Trainer] :: Completed epoch 13: train_loss=0.188800 train_iou=0.835749 val_loss=0.288218 val_iou=0.589203 lr=0.00009954
2026-05-02 15:16:26,654 [Trainer] :: Updated latest checkpoint at epoch 13
2026-05-02 15:16:26,655 [Trainer] :: No validation IoU improvement for 7 epoch(s)
2026-05-02 15:16:26,655 [Trainer] :: Starting epoch 14
2026-05-02 15:21:39,918 [Trainer] :: Completed epoch 14: train_loss=0.182941 train_iou=0.839618 val_loss=0.259413 val_iou=0.638342 lr=0.00009947
2026-05-02 15:21:40,309 [Trainer] :: Updated latest checkpoint at epoch 14
2026-05-02 15:21:40,855 [Trainer] :: New best checkpoint saved with val_iou=0.638342
2026-05-02 15:21:40,855 [Trainer] :: Starting epoch 15
2026-05-02 15:26:54,944 [Trainer] :: Completed epoch 15: train_loss=0.180863 train_iou=0.843461 val_loss=0.293711 val_iou=0.566973 lr=0.00009939
2026-05-02 15:26:55,455 [Trainer] :: Updated latest checkpoint at epoch 15
2026-05-02 15:26:55,455 [Trainer] :: No validation IoU improvement for 1 epoch(s)
2026-05-02 15:26:55,455 [Trainer] :: Starting epoch 16
2026-05-02 15:32:12,418 [Trainer] :: Completed epoch 16: train_loss=0.170182 train_iou=0.851292 val_loss=0.277421 val_iou=0.613131 lr=0.00009931
2026-05-02 15:32:13,361 [Trainer] :: Updated latest checkpoint at epoch 16
2026-05-02 15:32:13,361 [Trainer] :: No validation IoU improvement for 2 epoch(s)
2026-05-02 15:32:13,361 [Trainer] :: Starting epoch 17
2026-05-02 15:37:23,512 [Trainer] :: Completed epoch 17: train_loss=0.175855 train_iou=0.850266 val_loss=0.285043 val_iou=0.601220 lr=0.00009922
2026-05-02 15:37:24,125 [Trainer] :: Updated latest checkpoint at epoch 17
2026-05-02 15:37:24,125 [Trainer] :: No validation IoU improvement for 3 epoch(s)
2026-05-02 15:37:24,125 [Trainer] :: Starting epoch 18
2026-05-02 15:42:32,553 [Trainer] :: Completed epoch 18: train_loss=0.168337 train_iou=0.852178 val_loss=0.265926 val_iou=0.628659 lr=0.00009912
2026-05-02 15:42:33,177 [Trainer] :: Updated latest checkpoint at epoch 18
2026-05-02 15:42:33,177 [Trainer] :: No validation IoU improvement for 4 epoch(s)
2026-05-02 15:42:33,177 [Trainer] :: Starting epoch 19
2026-05-02 15:47:37,005 [Trainer] :: Completed epoch 19: train_loss=0.159560 train_iou=0.862989 val_loss=0.292400 val_iou=0.588257 lr=0.00009902
2026-05-02 15:47:37,410 [Trainer] :: Updated latest checkpoint at epoch 19
2026-05-02 15:47:37,410 [Trainer] :: No validation IoU improvement for 5 epoch(s)
2026-05-02 15:47:37,410 [Trainer] :: Starting epoch 20
2026-05-02 15:52:48,808 [Trainer] :: Completed epoch 20: train_loss=0.166963 train_iou=0.853873 val_loss=0.313757 val_iou=0.553194 lr=0.00009892
2026-05-02 15:52:49,285 [Trainer] :: Updated latest checkpoint at epoch 20
2026-05-02 15:52:49,285 [Trainer] :: No validation IoU improvement for 6 epoch(s)
2026-05-02 15:52:49,285 [Trainer] :: Starting epoch 21
2026-05-02 15:58:05,329 [Trainer] :: Completed epoch 21: train_loss=0.157702 train_iou=0.862543 val_loss=0.277692 val_iou=0.605747 lr=0.00009881
2026-05-02 15:58:05,934 [Trainer] :: Updated latest checkpoint at epoch 21
2026-05-02 15:58:05,934 [Trainer] :: No validation IoU improvement for 7 epoch(s)
2026-05-02 15:58:05,935 [Trainer] :: Starting epoch 22
2026-05-02 16:03:27,582 [Trainer] :: Completed epoch 22: train_loss=0.148558 train_iou=0.870355 val_loss=0.282731 val_iou=0.607660 lr=0.00009869
2026-05-02 16:03:28,034 [Trainer] :: Updated latest checkpoint at epoch 22
2026-05-02 16:03:28,035 [Trainer] :: No validation IoU improvement for 8 epoch(s)
2026-05-02 16:03:28,035 [Trainer] :: Starting epoch 23
2026-05-02 16:08:43,348 [Trainer] :: Completed epoch 23: train_loss=0.147586 train_iou=0.872846 val_loss=0.284024 val_iou=0.600635 lr=0.00009857
2026-05-02 16:08:43,715 [Trainer] :: Updated latest checkpoint at epoch 23
2026-05-02 16:08:43,715 [Trainer] :: No validation IoU improvement for 9 epoch(s)
2026-05-02 16:08:43,715 [Trainer] :: Starting epoch 24
2026-05-02 16:13:57,144 [Trainer] :: Completed epoch 24: train_loss=0.143514 train_iou=0.874224 val_loss=0.271386 val_iou=0.625036 lr=0.00009844
2026-05-02 16:13:57,609 [Trainer] :: Updated latest checkpoint at epoch 24
2026-05-02 16:13:57,609 [Trainer] :: No validation IoU improvement for 10 epoch(s)
2026-05-02 16:13:57,609 [Trainer] :: Starting epoch 25
2026-05-02 16:19:19,739 [Trainer] :: Completed epoch 25: train_loss=0.135316 train_iou=0.881465 val_loss=0.267655 val_iou=0.623164 lr=0.00009831
2026-05-02 16:19:20,225 [Trainer] :: Updated latest checkpoint at epoch 25
2026-05-02 16:19:20,225 [Trainer] :: No validation IoU improvement for 11 epoch(s)
2026-05-02 16:19:20,225 [Trainer] :: Starting epoch 26
2026-05-02 16:24:35,660 [Trainer] :: Completed epoch 26: train_loss=0.134992 train_iou=0.877300 val_loss=0.279871 val_iou=0.614818 lr=0.00009818
2026-05-02 16:24:36,062 [Trainer] :: Updated latest checkpoint at epoch 26
2026-05-02 16:24:36,062 [Trainer] :: No validation IoU improvement for 12 epoch(s)
2026-05-02 16:24:36,062 [Trainer] :: Starting epoch 27
2026-05-02 16:29:48,983 [Trainer] :: Completed epoch 27: train_loss=0.134331 train_iou=0.877437 val_loss=0.350897 val_iou=0.516320 lr=0.00009803
2026-05-02 16:29:49,485 [Trainer] :: Updated latest checkpoint at epoch 27
2026-05-02 16:29:49,485 [Trainer] :: No validation IoU improvement for 13 epoch(s)
2026-05-02 16:29:49,485 [Trainer] :: Starting epoch 28
2026-05-02 16:35:00,177 [Trainer] :: Completed epoch 28: train_loss=0.132864 train_iou=0.880994 val_loss=0.278692 val_iou=0.609504 lr=0.00009789
2026-05-02 16:35:00,564 [Trainer] :: Updated latest checkpoint at epoch 28
2026-05-02 16:35:00,565 [Trainer] :: No validation IoU improvement for 14 epoch(s)
2026-05-02 16:35:00,565 [Trainer] :: Starting epoch 29
2026-05-02 16:40:07,191 [Trainer] :: Completed epoch 29: train_loss=0.126224 train_iou=0.880702 val_loss=0.285714 val_iou=0.602583 lr=0.00009773
2026-05-02 16:40:07,728 [Trainer] :: Updated latest checkpoint at epoch 29
2026-05-02 16:40:07,728 [Trainer] :: No validation IoU improvement for 15 epoch(s)
2026-05-02 16:40:07,728 [Trainer] :: Starting epoch 30
2026-05-02 16:45:27,505 [Trainer] :: Completed epoch 30: train_loss=0.117818 train_iou=0.885691 val_loss=0.282282 val_iou=0.598318 lr=0.00009758
2026-05-02 16:45:27,902 [Trainer] :: Updated latest checkpoint at epoch 30
2026-05-02 16:45:27,903 [Trainer] :: No validation IoU improvement for 16 epoch(s)
2026-05-02 16:45:27,903 [Trainer] :: Starting epoch 31
2026-05-02 16:50:41,593 [Trainer] :: Completed epoch 31: train_loss=0.114250 train_iou=0.890627 val_loss=0.330959 val_iou=0.551067 lr=0.00009741
2026-05-02 16:50:42,016 [Trainer] :: Updated latest checkpoint at epoch 31
2026-05-02 16:50:42,016 [Trainer] :: No validation IoU improvement for 17 epoch(s)
2026-05-02 16:50:42,016 [Trainer] :: Starting epoch 32
2026-05-02 16:55:50,917 [Trainer] :: Completed epoch 32: train_loss=0.118211 train_iou=0.887804 val_loss=0.296738 val_iou=0.597518 lr=0.00009725
2026-05-02 16:55:51,694 [Trainer] :: Updated latest checkpoint at epoch 32
2026-05-02 16:55:51,694 [Trainer] :: No validation IoU improvement for 18 epoch(s)
2026-05-02 16:55:51,694 [Trainer] :: Starting epoch 33
2026-05-02 17:00:49,671 [Trainer] :: Completed epoch 33: train_loss=0.106560 train_iou=0.896322 val_loss=0.286635 val_iou=0.603148 lr=0.00009707
2026-05-02 17:00:50,277 [Trainer] :: Updated latest checkpoint at epoch 33
2026-05-02 17:00:50,277 [Trainer] :: No validation IoU improvement for 19 epoch(s)
2026-05-02 17:00:50,277 [Trainer] :: Starting epoch 34
2026-05-02 17:05:46,916 [Trainer] :: Completed epoch 34: train_loss=0.108248 train_iou=0.897534 val_loss=0.294421 val_iou=0.603884 lr=0.00009690
2026-05-02 17:05:47,498 [Trainer] :: Updated latest checkpoint at epoch 34
2026-05-02 17:05:47,498 [Trainer] :: No validation IoU improvement for 20 epoch(s)
2026-05-02 17:05:47,498 [Trainer] :: Starting epoch 35
2026-05-02 17:10:42,407 [Trainer] :: Completed epoch 35: train_loss=0.104513 train_iou=0.897305 val_loss=0.372594 val_iou=0.553871 lr=0.00009671
2026-05-02 17:10:42,854 [Trainer] :: Updated latest checkpoint at epoch 35
2026-05-02 17:10:42,854 [Trainer] :: No validation IoU improvement for 21 epoch(s)
2026-05-02 17:10:42,854 [Trainer] :: Starting epoch 36
2026-05-02 17:15:30,898 [Trainer] :: Completed epoch 36: train_loss=0.109004 train_iou=0.893319 val_loss=0.341996 val_iou=0.542269 lr=0.00009652
2026-05-02 17:15:31,331 [Trainer] :: Updated latest checkpoint at epoch 36
2026-05-02 17:15:31,331 [Trainer] :: No validation IoU improvement for 22 epoch(s)
2026-05-02 17:15:31,331 [Trainer] :: Starting epoch 37
2026-05-02 17:20:24,453 [Trainer] :: Completed epoch 37: train_loss=0.101535 train_iou=0.896949 val_loss=0.296497 val_iou=0.596822 lr=0.00009633
2026-05-02 17:20:24,870 [Trainer] :: Updated latest checkpoint at epoch 37
2026-05-02 17:20:24,870 [Trainer] :: No validation IoU improvement for 23 epoch(s)
2026-05-02 17:20:24,870 [Trainer] :: Starting epoch 38
2026-05-02 17:25:18,934 [Trainer] :: Completed epoch 38: train_loss=0.099534 train_iou=0.899665 val_loss=0.314625 val_iou=0.595322 lr=0.00009613
2026-05-02 17:25:19,866 [Trainer] :: Updated latest checkpoint at epoch 38
2026-05-02 17:25:19,867 [Trainer] :: No validation IoU improvement for 24 epoch(s)
2026-05-02 17:25:19,867 [Trainer] :: Starting epoch 39
2026-05-02 17:30:08,894 [Trainer] :: Completed epoch 39: train_loss=0.093802 train_iou=0.903787 val_loss=0.314130 val_iou=0.576258 lr=0.00009593
2026-05-02 17:30:09,522 [Trainer] :: Updated latest checkpoint at epoch 39
2026-05-02 17:30:09,522 [Trainer] :: No validation IoU improvement for 25 epoch(s)
2026-05-02 17:30:09,522 [Trainer] :: Starting epoch 40
2026-05-02 17:35:08,284 [Trainer] :: Completed epoch 40: train_loss=0.094550 train_iou=0.904096 val_loss=0.300903 val_iou=0.600689 lr=0.00009572
2026-05-02 17:35:08,921 [Trainer] :: Updated latest checkpoint at epoch 40
2026-05-02 17:35:08,921 [Trainer] :: No validation IoU improvement for 26 epoch(s)
2026-05-02 17:35:08,921 [Trainer] :: Starting epoch 41
2026-05-02 17:39:53,936 [Trainer] :: Completed epoch 41: train_loss=0.092809 train_iou=0.906636 val_loss=0.295133 val_iou=0.602182 lr=0.00009551
2026-05-02 17:39:54,393 [Trainer] :: Updated latest checkpoint at epoch 41
2026-05-02 17:39:54,394 [Trainer] :: No validation IoU improvement for 27 epoch(s)
2026-05-02 17:39:54,394 [Trainer] :: Starting epoch 42
2026-05-02 17:44:41,560 [Trainer] :: Completed epoch 42: train_loss=0.093593 train_iou=0.903622 val_loss=0.291531 val_iou=0.599433 lr=0.00009529
2026-05-02 17:44:42,026 [Trainer] :: Updated latest checkpoint at epoch 42
2026-05-02 17:44:42,026 [Trainer] :: No validation IoU improvement for 28 epoch(s)
2026-05-02 17:44:42,026 [Trainer] :: Starting epoch 43
2026-05-02 17:49:34,477 [Trainer] :: Completed epoch 43: train_loss=0.090902 train_iou=0.908153 val_loss=0.288455 val_iou=0.607432 lr=0.00009507
2026-05-02 17:49:34,931 [Trainer] :: Updated latest checkpoint at epoch 43
2026-05-02 17:49:34,932 [Trainer] :: No validation IoU improvement for 29 epoch(s)
2026-05-02 17:49:34,932 [Trainer] :: Starting epoch 44
2026-05-02 17:54:48,644 [Trainer] :: Completed epoch 44: train_loss=0.087843 train_iou=0.908652 val_loss=0.330691 val_iou=0.568482 lr=0.00009484
2026-05-02 17:54:49,069 [Trainer] :: Updated latest checkpoint at epoch 44
2026-05-02 17:54:49,069 [Trainer] :: No validation IoU improvement for 30 epoch(s)
2026-05-02 17:54:49,069 [Trainer] :: Starting epoch 45
2026-05-02 18:00:02,762 [Trainer] :: Completed epoch 45: train_loss=0.085580 train_iou=0.911705 val_loss=0.326582 val_iou=0.579092 lr=0.00009460
2026-05-02 18:00:03,210 [Trainer] :: Updated latest checkpoint at epoch 45
2026-05-02 18:00:03,210 [Trainer] :: No validation IoU improvement for 31 epoch(s)
2026-05-02 18:00:03,210 [Trainer] :: Starting epoch 46
2026-05-02 18:05:19,398 [Trainer] :: Completed epoch 46: train_loss=0.086577 train_iou=0.911850 val_loss=0.301207 val_iou=0.601245 lr=0.00009437
2026-05-02 18:05:19,818 [Trainer] :: Updated latest checkpoint at epoch 46
2026-05-02 18:05:19,818 [Trainer] :: No validation IoU improvement for 32 epoch(s)
2026-05-02 18:05:19,818 [Trainer] :: Starting epoch 47
2026-05-02 18:10:37,524 [Trainer] :: Completed epoch 47: train_loss=0.089024 train_iou=0.908810 val_loss=0.309870 val_iou=0.594314 lr=0.00009412
2026-05-02 18:10:38,071 [Trainer] :: Updated latest checkpoint at epoch 47
2026-05-02 18:10:38,072 [Trainer] :: No validation IoU improvement for 33 epoch(s)
2026-05-02 18:10:38,072 [Trainer] :: Starting epoch 48
2026-05-02 18:15:49,388 [Trainer] :: Completed epoch 48: train_loss=0.089266 train_iou=0.908959 val_loss=0.305803 val_iou=0.589220 lr=0.00009388
2026-05-02 18:15:49,811 [Trainer] :: Updated latest checkpoint at epoch 48
2026-05-02 18:15:49,812 [Trainer] :: No validation IoU improvement for 34 epoch(s)
2026-05-02 18:15:49,812 [Trainer] :: Starting epoch 49
2026-05-02 18:21:01,353 [Trainer] :: Completed epoch 49: train_loss=0.086805 train_iou=0.910571 val_loss=0.294527 val_iou=0.611909 lr=0.00009363
2026-05-02 18:21:01,887 [Trainer] :: Updated latest checkpoint at epoch 49
2026-05-02 18:21:01,887 [Trainer] :: No validation IoU improvement for 35 epoch(s)
2026-05-02 18:21:01,887 [Trainer] :: Starting epoch 50
2026-05-02 18:26:15,457 [Trainer] :: Completed epoch 50: train_loss=0.081611 train_iou=0.915553 val_loss=0.344821 val_iou=0.569041 lr=0.00009337
2026-05-02 18:26:16,010 [Trainer] :: Updated latest checkpoint at epoch 50
2026-05-02 18:26:16,011 [Trainer] :: No validation IoU improvement for 36 epoch(s)
2026-05-02 18:26:16,011 [Trainer] :: Starting epoch 51
2026-05-02 18:31:27,684 [Trainer] :: Completed epoch 51: train_loss=0.080904 train_iou=0.916427 val_loss=0.312198 val_iou=0.594886 lr=0.00009311
2026-05-02 18:31:28,036 [Trainer] :: Updated latest checkpoint at epoch 51
2026-05-02 18:31:28,036 [Trainer] :: No validation IoU improvement for 37 epoch(s)
2026-05-02 18:31:28,036 [Trainer] :: Starting epoch 52
2026-05-02 18:37:50,140 [Trainer] :: Completed epoch 52: train_loss=0.078947 train_iou=0.917925 val_loss=0.328114 val_iou=0.594352 lr=0.00009284
2026-05-02 18:37:50,591 [Trainer] :: Updated latest checkpoint at epoch 52
2026-05-02 18:37:50,591 [Trainer] :: No validation IoU improvement for 38 epoch(s)
2026-05-02 18:37:50,591 [Trainer] :: Starting epoch 53
2026-05-02 18:42:58,427 [Trainer] :: Completed epoch 53: train_loss=0.079417 train_iou=0.917583 val_loss=0.323737 val_iou=0.589653 lr=0.00009257
2026-05-02 18:42:59,338 [Trainer] :: Updated latest checkpoint at epoch 53
2026-05-02 18:42:59,338 [Trainer] :: No validation IoU improvement for 39 epoch(s)
2026-05-02 18:42:59,338 [Trainer] :: Starting epoch 54
2026-05-02 18:48:11,731 [Trainer] :: Completed epoch 54: train_loss=0.080120 train_iou=0.916431 val_loss=0.321047 val_iou=0.608117 lr=0.00009229
2026-05-02 18:48:12,406 [Trainer] :: Updated latest checkpoint at epoch 54
2026-05-02 18:48:12,407 [Trainer] :: No validation IoU improvement for 40 epoch(s)
2026-05-02 18:48:12,407 [Trainer] :: Starting epoch 55
2026-05-02 18:53:23,639 [Trainer] :: Completed epoch 55: train_loss=0.077274 train_iou=0.919674 val_loss=0.347739 val_iou=0.566635 lr=0.00009201
2026-05-02 18:53:24,150 [Trainer] :: Updated latest checkpoint at epoch 55
2026-05-02 18:53:24,150 [Trainer] :: No validation IoU improvement for 41 epoch(s)
2026-05-02 18:53:24,150 [Trainer] :: Starting epoch 56
2026-05-02 18:58:31,052 [Trainer] :: Completed epoch 56: train_loss=0.075184 train_iou=0.921259 val_loss=0.320909 val_iou=0.598478 lr=0.00009173
2026-05-02 18:58:31,801 [Trainer] :: Updated latest checkpoint at epoch 56
2026-05-02 18:58:31,802 [Trainer] :: No validation IoU improvement for 42 epoch(s)
2026-05-02 18:58:31,802 [Trainer] :: Starting epoch 57
2026-05-02 19:03:47,399 [Trainer] :: Completed epoch 57: train_loss=0.074707 train_iou=0.921641 val_loss=0.334008 val_iou=0.583803 lr=0.00009144
2026-05-02 19:03:47,792 [Trainer] :: Updated latest checkpoint at epoch 57
2026-05-02 19:03:47,792 [Trainer] :: No validation IoU improvement for 43 epoch(s)
2026-05-02 19:03:47,792 [Trainer] :: Starting epoch 58
2026-05-02 19:08:59,372 [Trainer] :: Completed epoch 58: train_loss=0.072626 train_iou=0.922293 val_loss=0.311936 val_iou=0.600127 lr=0.00009115
2026-05-02 19:08:59,957 [Trainer] :: Updated latest checkpoint at epoch 58
2026-05-02 19:08:59,958 [Trainer] :: No validation IoU improvement for 44 epoch(s)
2026-05-02 19:08:59,958 [Trainer] :: Starting epoch 59
2026-05-02 19:14:11,582 [Trainer] :: Completed epoch 59: train_loss=0.070374 train_iou=0.925869 val_loss=0.357192 val_iou=0.587809 lr=0.00009085
2026-05-02 19:14:12,072 [Trainer] :: Updated latest checkpoint at epoch 59
2026-05-02 19:14:12,073 [Trainer] :: No validation IoU improvement for 45 epoch(s)
2026-05-02 19:14:12,073 [Trainer] :: Starting epoch 60
2026-05-02 19:19:23,582 [Trainer] :: Completed epoch 60: train_loss=0.070973 train_iou=0.926224 val_loss=0.295764 val_iou=0.619145 lr=0.00009055
2026-05-02 19:19:24,298 [Trainer] :: Updated latest checkpoint at epoch 60
2026-05-02 19:19:24,299 [Trainer] :: No validation IoU improvement for 46 epoch(s)
2026-05-02 19:19:24,299 [Trainer] :: Starting epoch 61
2026-05-02 19:24:39,818 [Trainer] :: Completed epoch 61: train_loss=0.069554 train_iou=0.927547 val_loss=0.330772 val_iou=0.594733 lr=0.00009024
2026-05-02 19:24:40,264 [Trainer] :: Updated latest checkpoint at epoch 61
2026-05-02 19:24:40,264 [Trainer] :: No validation IoU improvement for 47 epoch(s)
2026-05-02 19:24:40,264 [Trainer] :: Starting epoch 62
2026-05-02 19:30:00,147 [Trainer] :: Completed epoch 62: train_loss=0.070142 train_iou=0.926971 val_loss=0.298302 val_iou=0.618891 lr=0.00008993
2026-05-02 19:30:00,626 [Trainer] :: Updated latest checkpoint at epoch 62
2026-05-02 19:30:00,626 [Trainer] :: No validation IoU improvement for 48 epoch(s)
2026-05-02 19:30:00,626 [Trainer] :: Starting epoch 63
2026-05-02 19:35:12,328 [Trainer] :: Completed epoch 63: train_loss=0.070758 train_iou=0.925447 val_loss=0.323994 val_iou=0.605110 lr=0.00008961
2026-05-02 19:35:12,750 [Trainer] :: Updated latest checkpoint at epoch 63
2026-05-02 19:35:12,750 [Trainer] :: No validation IoU improvement for 49 epoch(s)
2026-05-02 19:35:12,750 [Trainer] :: Starting epoch 64
2026-05-02 19:40:37,055 [Trainer] :: Completed epoch 64: train_loss=0.067766 train_iou=0.928024 val_loss=0.310420 val_iou=0.613905 lr=0.00008929
2026-05-02 19:40:37,469 [Trainer] :: Updated latest checkpoint at epoch 64
2026-05-02 19:40:37,470 [Trainer] :: No validation IoU improvement for 50 epoch(s)
2026-05-02 19:40:37,470 [Trainer] :: Starting epoch 65
2026-05-02 19:45:56,810 [Trainer] :: Completed epoch 65: train_loss=0.066172 train_iou=0.929893 val_loss=0.343954 val_iou=0.581695 lr=0.00008897
2026-05-02 19:45:57,224 [Trainer] :: Updated latest checkpoint at epoch 65
2026-05-02 19:45:57,225 [Trainer] :: No validation IoU improvement for 51 epoch(s)
2026-05-02 19:45:57,225 [Trainer] :: Starting epoch 66
2026-05-02 19:51:13,567 [Trainer] :: Completed epoch 66: train_loss=0.065049 train_iou=0.930663 val_loss=0.344918 val_iou=0.588755 lr=0.00008864
2026-05-02 19:51:14,005 [Trainer] :: Updated latest checkpoint at epoch 66
2026-05-02 19:51:14,005 [Trainer] :: No validation IoU improvement for 52 epoch(s)
2026-05-02 19:51:14,005 [Trainer] :: Starting epoch 67
2026-05-02 19:56:31,785 [Trainer] :: Completed epoch 67: train_loss=0.064926 train_iou=0.931004 val_loss=0.311144 val_iou=0.612932 lr=0.00008831
2026-05-02 19:56:32,182 [Trainer] :: Updated latest checkpoint at epoch 67
2026-05-02 19:56:32,182 [Trainer] :: No validation IoU improvement for 53 epoch(s)
2026-05-02 19:56:32,182 [Trainer] :: Starting epoch 68
2026-05-02 20:01:55,782 [Trainer] :: Completed epoch 68: train_loss=0.066594 train_iou=0.930526 val_loss=0.314779 val_iou=0.603507 lr=0.00008797
2026-05-02 20:01:56,307 [Trainer] :: Updated latest checkpoint at epoch 68
2026-05-02 20:01:56,307 [Trainer] :: No validation IoU improvement for 54 epoch(s)
2026-05-02 20:01:56,307 [Trainer] :: Starting epoch 69
2026-05-02 20:07:13,385 [Trainer] :: Completed epoch 69: train_loss=0.064678 train_iou=0.931377 val_loss=0.335078 val_iou=0.585152 lr=0.00008763
2026-05-02 20:07:13,821 [Trainer] :: Updated latest checkpoint at epoch 69
2026-05-02 20:07:13,821 [Trainer] :: No validation IoU improvement for 55 epoch(s)
2026-05-02 20:07:13,821 [Trainer] :: Starting epoch 70
2026-05-02 20:12:33,807 [Trainer] :: Completed epoch 70: train_loss=0.063132 train_iou=0.933210 val_loss=0.335218 val_iou=0.583234 lr=0.00008729
2026-05-02 20:12:34,372 [Trainer] :: Updated latest checkpoint at epoch 70
2026-05-02 20:12:34,373 [Trainer] :: No validation IoU improvement for 56 epoch(s)
2026-05-02 20:12:34,373 [Trainer] :: Starting epoch 71
2026-05-02 20:17:55,089 [Trainer] :: Completed epoch 71: train_loss=0.063069 train_iou=0.933689 val_loss=0.336329 val_iou=0.586987 lr=0.00008694
2026-05-02 20:17:55,595 [Trainer] :: Updated latest checkpoint at epoch 71
2026-05-02 20:17:55,595 [Trainer] :: No validation IoU improvement for 57 epoch(s)
2026-05-02 20:17:55,595 [Trainer] :: Starting epoch 72
2026-05-02 20:23:11,262 [Trainer] :: Completed epoch 72: train_loss=0.061962 train_iou=0.934652 val_loss=0.336413 val_iou=0.585654 lr=0.00008658
2026-05-02 20:23:11,675 [Trainer] :: Updated latest checkpoint at epoch 72
2026-05-02 20:23:11,675 [Trainer] :: No validation IoU improvement for 58 epoch(s)
2026-05-02 20:23:11,675 [Trainer] :: Starting epoch 73
2026-05-02 20:28:32,620 [Trainer] :: Completed epoch 73: train_loss=0.061972 train_iou=0.935758 val_loss=0.377944 val_iou=0.548879 lr=0.00008623
2026-05-02 20:28:33,146 [Trainer] :: Updated latest checkpoint at epoch 73
2026-05-02 20:28:33,146 [Trainer] :: No validation IoU improvement for 59 epoch(s)
2026-05-02 20:28:33,147 [Trainer] :: Starting epoch 74
2026-05-02 20:33:57,859 [Trainer] :: Completed epoch 74: train_loss=0.061816 train_iou=0.933605 val_loss=0.338112 val_iou=0.589866 lr=0.00008587
2026-05-02 20:33:59,213 [Trainer] :: Updated latest checkpoint at epoch 74
2026-05-02 20:33:59,213 [Trainer] :: No validation IoU improvement for 60 epoch(s)
2026-05-02 20:33:59,213 [Trainer] :: Early stopping triggered after 60 epoch(s) without improvement
2026-05-02 20:39:49,758 [Trainer] :: Wrote training history to outputs/runs/rgb_real_msi_unetplusplus_resnet34_seed48_20260502T120821Z/metrics/history.json
2026-05-02 20:39:49,762 [Trainer] :: Wrote test summary to outputs/runs/rgb_real_msi_unetplusplus_resnet34_seed48_20260502T120821Z/metrics/test_summary.json
2026-05-02 20:39:49,762 [Trainer] :: Training completed
