2026-05-08 00:54:04,532 [Trainer] :: Training run initialized at /ceph/home/student.aau.dk/qd36zu/fuzzy-p10/tbd/masking/outputs/runs/real_msi_unetplusplus_resnet50_fuzzy_halo_seed46_20260507T225404Z
2026-05-08 00:54:04,533 [Trainer] :: Loaded config from /ceph/home/student.aau.dk/qd36zu/fuzzy-p10/tbd/masking/configs/fuzzy/real_msi_unetpp_resnet50.yaml
2026-05-08 00:54:04,533 [Trainer] :: Using seed=46 and device=None
2026-05-08 00:54:04,533 [Trainer] :: Using model architecture=UnetPlusPlus encoder=resnet50 encoder_weights=imagenet
2026-05-08 00:54:04,873 [Trainer] :: Resolved runtime device to cuda
2026-05-08 00:54:04,874 [Trainer] :: Prepared normalization from source=train_split_patch_stats
2026-05-08 00:54:09,057 [Trainer] :: Built dataloaders with batch_size=16, num_workers=0
2026-05-08 00:54:09,059 [Trainer] :: Starting epoch 1
2026-05-08 01:01:07,646 [Trainer] :: Completed epoch 1: train_loss=0.400070 train_iou=0.684332 val_loss=0.424822 val_iou=0.509335 lr=0.00010000
2026-05-08 01:01:08,245 [Trainer] :: Updated latest checkpoint at epoch 1
2026-05-08 01:01:09,549 [Trainer] :: New best checkpoint saved with val_iou=0.509335
2026-05-08 01:01:09,549 [Trainer] :: Starting epoch 2
2026-05-08 01:09:30,044 [Trainer] :: Completed epoch 2: train_loss=0.306665 train_iou=0.764240 val_loss=0.359204 val_iou=0.575236 lr=0.00009999
2026-05-08 01:09:31,165 [Trainer] :: Updated latest checkpoint at epoch 2
2026-05-08 01:09:32,333 [Trainer] :: New best checkpoint saved with val_iou=0.575236
2026-05-08 01:09:32,333 [Trainer] :: Starting epoch 3
2026-05-08 01:17:41,838 [Trainer] :: Completed epoch 3: train_loss=0.286661 train_iou=0.771941 val_loss=0.330126 val_iou=0.582532 lr=0.00009998
2026-05-08 01:17:42,545 [Trainer] :: Updated latest checkpoint at epoch 3
2026-05-08 01:17:43,659 [Trainer] :: New best checkpoint saved with val_iou=0.582532
2026-05-08 01:17:43,659 [Trainer] :: Starting epoch 4
2026-05-08 01:25:02,632 [Trainer] :: Completed epoch 4: train_loss=0.263691 train_iou=0.789804 val_loss=0.384502 val_iou=0.573335 lr=0.00009996
2026-05-08 01:25:03,319 [Trainer] :: Updated latest checkpoint at epoch 4
2026-05-08 01:25:03,319 [Trainer] :: No validation IoU improvement for 1 epoch(s)
2026-05-08 01:25:03,319 [Trainer] :: Starting epoch 5
2026-05-08 01:32:06,036 [Trainer] :: Completed epoch 5: train_loss=0.250801 train_iou=0.798143 val_loss=0.336765 val_iou=0.554679 lr=0.00009993
2026-05-08 01:32:06,774 [Trainer] :: Updated latest checkpoint at epoch 5
2026-05-08 01:32:06,774 [Trainer] :: No validation IoU improvement for 2 epoch(s)
2026-05-08 01:32:06,774 [Trainer] :: Starting epoch 6
2026-05-08 01:41:36,627 [Trainer] :: Completed epoch 6: train_loss=0.241052 train_iou=0.806613 val_loss=0.332975 val_iou=0.587645 lr=0.00009990
2026-05-08 01:41:37,685 [Trainer] :: Updated latest checkpoint at epoch 6
2026-05-08 01:41:38,523 [Trainer] :: New best checkpoint saved with val_iou=0.587645
2026-05-08 01:41:38,523 [Trainer] :: Starting epoch 7
2026-05-08 01:50:20,024 [Trainer] :: Completed epoch 7: train_loss=0.229985 train_iou=0.813333 val_loss=0.326278 val_iou=0.554133 lr=0.00009987
2026-05-08 01:50:20,868 [Trainer] :: Updated latest checkpoint at epoch 7
2026-05-08 01:50:20,868 [Trainer] :: No validation IoU improvement for 1 epoch(s)
2026-05-08 01:50:20,868 [Trainer] :: Starting epoch 8
2026-05-08 01:58:10,914 [Trainer] :: Completed epoch 8: train_loss=0.221488 train_iou=0.823777 val_loss=0.315206 val_iou=0.586616 lr=0.00009983
2026-05-08 01:58:12,455 [Trainer] :: Updated latest checkpoint at epoch 8
2026-05-08 01:58:12,455 [Trainer] :: No validation IoU improvement for 2 epoch(s)
2026-05-08 01:58:12,455 [Trainer] :: Starting epoch 9
2026-05-08 02:06:23,075 [Trainer] :: Completed epoch 9: train_loss=0.214869 train_iou=0.826227 val_loss=0.293591 val_iou=0.612902 lr=0.00009978
2026-05-08 02:06:24,068 [Trainer] :: Updated latest checkpoint at epoch 9
2026-05-08 02:06:25,307 [Trainer] :: New best checkpoint saved with val_iou=0.612902
2026-05-08 02:06:25,307 [Trainer] :: Starting epoch 10
2026-05-08 02:14:46,176 [Trainer] :: Completed epoch 10: train_loss=0.207261 train_iou=0.833713 val_loss=0.321860 val_iou=0.593396 lr=0.00009973
2026-05-08 02:14:47,224 [Trainer] :: Updated latest checkpoint at epoch 10
2026-05-08 02:14:47,224 [Trainer] :: No validation IoU improvement for 1 epoch(s)
2026-05-08 02:14:47,224 [Trainer] :: Starting epoch 11
2026-05-08 02:23:14,358 [Trainer] :: Completed epoch 11: train_loss=0.199541 train_iou=0.839381 val_loss=0.310699 val_iou=0.609950 lr=0.00009967
2026-05-08 02:23:15,522 [Trainer] :: Updated latest checkpoint at epoch 11
2026-05-08 02:23:15,523 [Trainer] :: No validation IoU improvement for 2 epoch(s)
2026-05-08 02:23:15,523 [Trainer] :: Starting epoch 12
2026-05-08 02:31:31,138 [Trainer] :: Completed epoch 12: train_loss=0.195575 train_iou=0.844902 val_loss=0.306986 val_iou=0.605077 lr=0.00009961
2026-05-08 02:31:32,313 [Trainer] :: Updated latest checkpoint at epoch 12
2026-05-08 02:31:32,313 [Trainer] :: No validation IoU improvement for 3 epoch(s)
2026-05-08 02:31:32,313 [Trainer] :: Starting epoch 13
2026-05-08 02:40:24,208 [Trainer] :: Completed epoch 13: train_loss=0.187602 train_iou=0.845917 val_loss=0.328635 val_iou=0.556368 lr=0.00009954
2026-05-08 02:40:25,025 [Trainer] :: Updated latest checkpoint at epoch 13
2026-05-08 02:40:25,025 [Trainer] :: No validation IoU improvement for 4 epoch(s)
2026-05-08 02:40:25,025 [Trainer] :: Starting epoch 14
2026-05-08 02:49:10,111 [Trainer] :: Completed epoch 14: train_loss=0.181216 train_iou=0.856730 val_loss=0.334504 val_iou=0.562724 lr=0.00009947
2026-05-08 02:49:11,241 [Trainer] :: Updated latest checkpoint at epoch 14
2026-05-08 02:49:11,241 [Trainer] :: No validation IoU improvement for 5 epoch(s)
2026-05-08 02:49:11,241 [Trainer] :: Starting epoch 15
2026-05-08 02:58:12,775 [Trainer] :: Completed epoch 15: train_loss=0.179980 train_iou=0.857784 val_loss=0.311704 val_iou=0.610849 lr=0.00009939
2026-05-08 02:58:13,473 [Trainer] :: Updated latest checkpoint at epoch 15
2026-05-08 02:58:13,473 [Trainer] :: No validation IoU improvement for 6 epoch(s)
2026-05-08 02:58:13,473 [Trainer] :: Starting epoch 16
2026-05-08 03:08:40,853 [Trainer] :: Completed epoch 16: train_loss=0.176945 train_iou=0.856942 val_loss=0.342792 val_iou=0.550174 lr=0.00009931
2026-05-08 03:08:42,433 [Trainer] :: Updated latest checkpoint at epoch 16
2026-05-08 03:08:42,433 [Trainer] :: No validation IoU improvement for 7 epoch(s)
2026-05-08 03:08:42,433 [Trainer] :: Starting epoch 17
2026-05-08 03:20:45,259 [Trainer] :: Completed epoch 17: train_loss=0.168300 train_iou=0.865854 val_loss=0.339437 val_iou=0.556219 lr=0.00009922
2026-05-08 03:20:46,420 [Trainer] :: Updated latest checkpoint at epoch 17
2026-05-08 03:20:46,420 [Trainer] :: No validation IoU improvement for 8 epoch(s)
2026-05-08 03:20:46,420 [Trainer] :: Starting epoch 18
2026-05-08 03:31:22,587 [Trainer] :: Completed epoch 18: train_loss=0.167323 train_iou=0.868173 val_loss=0.351233 val_iou=0.543697 lr=0.00009912
2026-05-08 03:31:24,241 [Trainer] :: Updated latest checkpoint at epoch 18
2026-05-08 03:31:24,241 [Trainer] :: No validation IoU improvement for 9 epoch(s)
2026-05-08 03:31:24,241 [Trainer] :: Starting epoch 19
2026-05-08 03:41:26,934 [Trainer] :: Completed epoch 19: train_loss=0.161160 train_iou=0.871848 val_loss=0.324385 val_iou=0.579552 lr=0.00009902
2026-05-08 03:41:27,987 [Trainer] :: Updated latest checkpoint at epoch 19
2026-05-08 03:41:27,987 [Trainer] :: No validation IoU improvement for 10 epoch(s)
2026-05-08 03:41:27,987 [Trainer] :: Starting epoch 20
2026-05-08 03:52:05,303 [Trainer] :: Completed epoch 20: train_loss=0.153178 train_iou=0.879070 val_loss=0.302386 val_iou=0.607765 lr=0.00009892
2026-05-08 03:52:06,069 [Trainer] :: Updated latest checkpoint at epoch 20
2026-05-08 03:52:06,069 [Trainer] :: No validation IoU improvement for 11 epoch(s)
2026-05-08 03:52:06,069 [Trainer] :: Starting epoch 21
2026-05-08 04:02:35,267 [Trainer] :: Completed epoch 21: train_loss=0.150863 train_iou=0.882839 val_loss=0.405954 val_iou=0.506819 lr=0.00009881
2026-05-08 04:02:36,474 [Trainer] :: Updated latest checkpoint at epoch 21
2026-05-08 04:02:36,474 [Trainer] :: No validation IoU improvement for 12 epoch(s)
2026-05-08 04:02:36,474 [Trainer] :: Starting epoch 22
2026-05-08 04:13:16,739 [Trainer] :: Completed epoch 22: train_loss=0.153498 train_iou=0.878063 val_loss=0.321239 val_iou=0.599756 lr=0.00009869
2026-05-08 04:13:17,479 [Trainer] :: Updated latest checkpoint at epoch 22
2026-05-08 04:13:17,479 [Trainer] :: No validation IoU improvement for 13 epoch(s)
2026-05-08 04:13:17,479 [Trainer] :: Starting epoch 23
2026-05-08 04:24:26,193 [Trainer] :: Completed epoch 23: train_loss=0.154692 train_iou=0.877194 val_loss=0.338543 val_iou=0.566598 lr=0.00009857
2026-05-08 04:24:27,924 [Trainer] :: Updated latest checkpoint at epoch 23
2026-05-08 04:24:27,924 [Trainer] :: No validation IoU improvement for 14 epoch(s)
2026-05-08 04:24:27,924 [Trainer] :: Starting epoch 24
2026-05-08 04:33:32,214 [Trainer] :: Completed epoch 24: train_loss=0.145461 train_iou=0.887035 val_loss=0.318869 val_iou=0.589184 lr=0.00009844
2026-05-08 04:33:33,208 [Trainer] :: Updated latest checkpoint at epoch 24
2026-05-08 04:33:33,208 [Trainer] :: No validation IoU improvement for 15 epoch(s)
2026-05-08 04:33:33,208 [Trainer] :: Starting epoch 25
2026-05-08 04:44:10,356 [Trainer] :: Completed epoch 25: train_loss=0.144928 train_iou=0.886755 val_loss=0.313686 val_iou=0.608168 lr=0.00009831
2026-05-08 04:44:11,416 [Trainer] :: Updated latest checkpoint at epoch 25
2026-05-08 04:44:11,416 [Trainer] :: No validation IoU improvement for 16 epoch(s)
2026-05-08 04:44:11,416 [Trainer] :: Starting epoch 26
2026-05-08 04:54:05,724 [Trainer] :: Completed epoch 26: train_loss=0.142938 train_iou=0.887998 val_loss=0.329648 val_iou=0.577782 lr=0.00009818
2026-05-08 04:54:06,924 [Trainer] :: Updated latest checkpoint at epoch 26
2026-05-08 04:54:06,924 [Trainer] :: No validation IoU improvement for 17 epoch(s)
2026-05-08 04:54:06,924 [Trainer] :: Starting epoch 27
2026-05-08 05:04:17,206 [Trainer] :: Completed epoch 27: train_loss=0.134034 train_iou=0.893904 val_loss=0.311343 val_iou=0.603119 lr=0.00009803
2026-05-08 05:04:18,393 [Trainer] :: Updated latest checkpoint at epoch 27
2026-05-08 05:04:18,393 [Trainer] :: No validation IoU improvement for 18 epoch(s)
2026-05-08 05:04:18,393 [Trainer] :: Starting epoch 28
2026-05-08 05:14:35,015 [Trainer] :: Completed epoch 28: train_loss=0.130743 train_iou=0.894475 val_loss=0.316753 val_iou=0.588409 lr=0.00009789
2026-05-08 05:14:35,736 [Trainer] :: Updated latest checkpoint at epoch 28
2026-05-08 05:14:35,737 [Trainer] :: No validation IoU improvement for 19 epoch(s)
2026-05-08 05:14:35,737 [Trainer] :: Starting epoch 29
2026-05-08 05:24:38,847 [Trainer] :: Completed epoch 29: train_loss=0.128007 train_iou=0.895953 val_loss=0.326369 val_iou=0.608733 lr=0.00009773
2026-05-08 05:24:39,996 [Trainer] :: Updated latest checkpoint at epoch 29
2026-05-08 05:24:39,996 [Trainer] :: No validation IoU improvement for 20 epoch(s)
2026-05-08 05:24:39,996 [Trainer] :: Starting epoch 30
2026-05-08 05:34:29,656 [Trainer] :: Completed epoch 30: train_loss=0.124828 train_iou=0.896641 val_loss=0.316269 val_iou=0.618622 lr=0.00009758
2026-05-08 05:34:30,871 [Trainer] :: Updated latest checkpoint at epoch 30
2026-05-08 05:34:31,855 [Trainer] :: New best checkpoint saved with val_iou=0.618622
2026-05-08 05:34:31,855 [Trainer] :: Starting epoch 31
2026-05-08 05:44:09,566 [Trainer] :: Completed epoch 31: train_loss=0.121550 train_iou=0.899042 val_loss=0.309825 val_iou=0.609204 lr=0.00009741
2026-05-08 05:44:10,797 [Trainer] :: Updated latest checkpoint at epoch 31
2026-05-08 05:44:10,797 [Trainer] :: No validation IoU improvement for 1 epoch(s)
2026-05-08 05:44:10,797 [Trainer] :: Starting epoch 32
2026-05-08 05:53:37,265 [Trainer] :: Completed epoch 32: train_loss=0.117664 train_iou=0.901202 val_loss=0.325023 val_iou=0.591864 lr=0.00009725
2026-05-08 05:53:38,398 [Trainer] :: Updated latest checkpoint at epoch 32
2026-05-08 05:53:38,399 [Trainer] :: No validation IoU improvement for 2 epoch(s)
2026-05-08 05:53:38,399 [Trainer] :: Starting epoch 33
2026-05-08 06:04:40,639 [Trainer] :: Completed epoch 33: train_loss=0.113199 train_iou=0.902527 val_loss=0.326219 val_iou=0.600547 lr=0.00009707
2026-05-08 06:04:41,339 [Trainer] :: Updated latest checkpoint at epoch 33
2026-05-08 06:04:41,340 [Trainer] :: No validation IoU improvement for 3 epoch(s)
2026-05-08 06:04:41,340 [Trainer] :: Starting epoch 34
2026-05-08 06:15:49,590 [Trainer] :: Completed epoch 34: train_loss=0.114526 train_iou=0.901861 val_loss=0.347307 val_iou=0.575555 lr=0.00009690
2026-05-08 06:15:50,283 [Trainer] :: Updated latest checkpoint at epoch 34
2026-05-08 06:15:50,284 [Trainer] :: No validation IoU improvement for 4 epoch(s)
2026-05-08 06:15:50,284 [Trainer] :: Starting epoch 35
2026-05-08 06:26:54,926 [Trainer] :: Completed epoch 35: train_loss=0.108568 train_iou=0.906187 val_loss=0.323533 val_iou=0.587953 lr=0.00009671
2026-05-08 06:26:55,920 [Trainer] :: Updated latest checkpoint at epoch 35
2026-05-08 06:26:55,920 [Trainer] :: No validation IoU improvement for 5 epoch(s)
2026-05-08 06:26:55,920 [Trainer] :: Starting epoch 36
2026-05-08 06:37:39,599 [Trainer] :: Completed epoch 36: train_loss=0.111391 train_iou=0.902225 val_loss=0.322260 val_iou=0.579392 lr=0.00009652
2026-05-08 06:37:40,811 [Trainer] :: Updated latest checkpoint at epoch 36
2026-05-08 06:37:40,811 [Trainer] :: No validation IoU improvement for 6 epoch(s)
2026-05-08 06:37:40,811 [Trainer] :: Starting epoch 37
2026-05-08 06:48:20,711 [Trainer] :: Completed epoch 37: train_loss=0.105796 train_iou=0.905812 val_loss=0.341606 val_iou=0.584435 lr=0.00009633
2026-05-08 06:48:22,488 [Trainer] :: Updated latest checkpoint at epoch 37
2026-05-08 06:48:22,488 [Trainer] :: No validation IoU improvement for 7 epoch(s)
2026-05-08 06:48:22,489 [Trainer] :: Starting epoch 38
2026-05-08 06:57:51,433 [Trainer] :: Completed epoch 38: train_loss=0.101195 train_iou=0.907605 val_loss=0.333054 val_iou=0.599247 lr=0.00009613
2026-05-08 06:57:52,279 [Trainer] :: Updated latest checkpoint at epoch 38
2026-05-08 06:57:52,279 [Trainer] :: No validation IoU improvement for 8 epoch(s)
2026-05-08 06:57:52,279 [Trainer] :: Starting epoch 39
2026-05-08 07:07:38,500 [Trainer] :: Completed epoch 39: train_loss=0.102037 train_iou=0.909144 val_loss=0.348284 val_iou=0.604441 lr=0.00009593
2026-05-08 07:07:39,605 [Trainer] :: Updated latest checkpoint at epoch 39
2026-05-08 07:07:39,605 [Trainer] :: No validation IoU improvement for 9 epoch(s)
2026-05-08 07:07:39,605 [Trainer] :: Starting epoch 40
2026-05-08 07:17:33,433 [Trainer] :: Completed epoch 40: train_loss=0.098352 train_iou=0.910458 val_loss=0.334967 val_iou=0.583421 lr=0.00009572
2026-05-08 07:17:34,201 [Trainer] :: Updated latest checkpoint at epoch 40
2026-05-08 07:17:34,202 [Trainer] :: No validation IoU improvement for 10 epoch(s)
2026-05-08 07:17:34,202 [Trainer] :: Starting epoch 41
2026-05-08 07:27:23,067 [Trainer] :: Completed epoch 41: train_loss=0.102208 train_iou=0.906917 val_loss=0.349930 val_iou=0.606103 lr=0.00009551
2026-05-08 07:27:23,751 [Trainer] :: Updated latest checkpoint at epoch 41
2026-05-08 07:27:23,751 [Trainer] :: No validation IoU improvement for 11 epoch(s)
2026-05-08 07:27:23,751 [Trainer] :: Starting epoch 42
2026-05-08 07:36:21,525 [Trainer] :: Completed epoch 42: train_loss=0.100403 train_iou=0.909838 val_loss=0.337963 val_iou=0.593505 lr=0.00009529
2026-05-08 07:36:22,615 [Trainer] :: Updated latest checkpoint at epoch 42
2026-05-08 07:36:22,615 [Trainer] :: No validation IoU improvement for 12 epoch(s)
2026-05-08 07:36:22,615 [Trainer] :: Starting epoch 43
2026-05-08 07:47:33,063 [Trainer] :: Completed epoch 43: train_loss=0.099936 train_iou=0.910458 val_loss=0.352988 val_iou=0.577070 lr=0.00009507
2026-05-08 07:47:34,404 [Trainer] :: Updated latest checkpoint at epoch 43
2026-05-08 07:47:34,404 [Trainer] :: No validation IoU improvement for 13 epoch(s)
2026-05-08 07:47:34,404 [Trainer] :: Starting epoch 44
2026-05-08 07:58:25,850 [Trainer] :: Completed epoch 44: train_loss=0.093643 train_iou=0.914146 val_loss=0.373165 val_iou=0.591416 lr=0.00009484
2026-05-08 07:58:26,899 [Trainer] :: Updated latest checkpoint at epoch 44
2026-05-08 07:58:26,899 [Trainer] :: No validation IoU improvement for 14 epoch(s)
2026-05-08 07:58:26,899 [Trainer] :: Starting epoch 45
2026-05-08 08:08:00,414 [Trainer] :: Completed epoch 45: train_loss=0.097653 train_iou=0.911407 val_loss=0.361101 val_iou=0.578924 lr=0.00009460
2026-05-08 08:08:01,791 [Trainer] :: Updated latest checkpoint at epoch 45
2026-05-08 08:08:01,792 [Trainer] :: No validation IoU improvement for 15 epoch(s)
2026-05-08 08:08:01,792 [Trainer] :: Starting epoch 46
2026-05-08 08:18:57,034 [Trainer] :: Completed epoch 46: train_loss=0.094793 train_iou=0.913810 val_loss=0.364489 val_iou=0.579527 lr=0.00009437
2026-05-08 08:18:58,134 [Trainer] :: Updated latest checkpoint at epoch 46
2026-05-08 08:18:58,134 [Trainer] :: No validation IoU improvement for 16 epoch(s)
2026-05-08 08:18:58,134 [Trainer] :: Starting epoch 47
2026-05-08 08:29:07,709 [Trainer] :: Completed epoch 47: train_loss=0.092647 train_iou=0.916392 val_loss=0.363109 val_iou=0.598317 lr=0.00009412
2026-05-08 08:29:08,695 [Trainer] :: Updated latest checkpoint at epoch 47
2026-05-08 08:29:08,695 [Trainer] :: No validation IoU improvement for 17 epoch(s)
2026-05-08 08:29:08,695 [Trainer] :: Starting epoch 48
2026-05-08 08:40:49,831 [Trainer] :: Completed epoch 48: train_loss=0.089943 train_iou=0.916410 val_loss=0.374773 val_iou=0.594394 lr=0.00009388
2026-05-08 08:40:54,889 [Trainer] :: Updated latest checkpoint at epoch 48
2026-05-08 08:40:54,889 [Trainer] :: No validation IoU improvement for 18 epoch(s)
2026-05-08 08:40:54,889 [Trainer] :: Starting epoch 49
2026-05-08 08:50:26,443 [Trainer] :: Completed epoch 49: train_loss=0.089163 train_iou=0.918786 val_loss=0.370352 val_iou=0.576535 lr=0.00009363
2026-05-08 08:50:27,618 [Trainer] :: Updated latest checkpoint at epoch 49
2026-05-08 08:50:27,618 [Trainer] :: No validation IoU improvement for 19 epoch(s)
2026-05-08 08:50:27,618 [Trainer] :: Starting epoch 50
2026-05-08 09:01:22,406 [Trainer] :: Completed epoch 50: train_loss=0.090132 train_iou=0.917932 val_loss=0.363446 val_iou=0.580054 lr=0.00009337
2026-05-08 09:01:23,403 [Trainer] :: Updated latest checkpoint at epoch 50
2026-05-08 09:01:23,404 [Trainer] :: No validation IoU improvement for 20 epoch(s)
2026-05-08 09:01:23,404 [Trainer] :: Starting epoch 51
2026-05-08 09:13:09,854 [Trainer] :: Completed epoch 51: train_loss=0.087564 train_iou=0.918056 val_loss=0.376642 val_iou=0.595325 lr=0.00009311
2026-05-08 09:13:10,920 [Trainer] :: Updated latest checkpoint at epoch 51
2026-05-08 09:13:10,920 [Trainer] :: No validation IoU improvement for 21 epoch(s)
2026-05-08 09:13:10,920 [Trainer] :: Starting epoch 52
2026-05-08 09:23:15,182 [Trainer] :: Completed epoch 52: train_loss=0.087051 train_iou=0.920482 val_loss=0.361443 val_iou=0.609551 lr=0.00009284
2026-05-08 09:23:16,038 [Trainer] :: Updated latest checkpoint at epoch 52
2026-05-08 09:23:16,039 [Trainer] :: No validation IoU improvement for 22 epoch(s)
2026-05-08 09:23:16,039 [Trainer] :: Starting epoch 53
2026-05-08 09:37:16,494 [Trainer] :: Completed epoch 53: train_loss=0.083975 train_iou=0.919817 val_loss=0.388689 val_iou=0.543432 lr=0.00009257
2026-05-08 09:37:17,279 [Trainer] :: Updated latest checkpoint at epoch 53
2026-05-08 09:37:17,279 [Trainer] :: No validation IoU improvement for 23 epoch(s)
2026-05-08 09:37:17,279 [Trainer] :: Starting epoch 54
2026-05-08 09:53:03,996 [Trainer] :: Completed epoch 54: train_loss=0.083495 train_iou=0.921926 val_loss=0.370129 val_iou=0.577281 lr=0.00009229
2026-05-08 09:53:05,233 [Trainer] :: Updated latest checkpoint at epoch 54
2026-05-08 09:53:05,233 [Trainer] :: No validation IoU improvement for 24 epoch(s)
2026-05-08 09:53:05,233 [Trainer] :: Starting epoch 55
2026-05-08 10:13:12,326 [Trainer] :: Completed epoch 55: train_loss=0.085087 train_iou=0.923052 val_loss=0.394351 val_iou=0.565508 lr=0.00009201
2026-05-08 10:13:13,492 [Trainer] :: Updated latest checkpoint at epoch 55
2026-05-08 10:13:13,492 [Trainer] :: No validation IoU improvement for 25 epoch(s)
2026-05-08 10:13:13,492 [Trainer] :: Starting epoch 56
2026-05-08 10:29:23,377 [Trainer] :: Completed epoch 56: train_loss=0.081522 train_iou=0.923601 val_loss=0.355310 val_iou=0.585001 lr=0.00009173
2026-05-08 10:29:24,581 [Trainer] :: Updated latest checkpoint at epoch 56
2026-05-08 10:29:24,581 [Trainer] :: No validation IoU improvement for 26 epoch(s)
2026-05-08 10:29:24,581 [Trainer] :: Starting epoch 57
2026-05-08 10:49:31,019 [Trainer] :: Completed epoch 57: train_loss=0.080398 train_iou=0.924822 val_loss=0.384789 val_iou=0.592384 lr=0.00009144
2026-05-08 10:49:32,216 [Trainer] :: Updated latest checkpoint at epoch 57
2026-05-08 10:49:32,216 [Trainer] :: No validation IoU improvement for 27 epoch(s)
2026-05-08 10:49:32,216 [Trainer] :: Starting epoch 58
2026-05-08 11:12:20,693 [Trainer] :: Completed epoch 58: train_loss=0.079420 train_iou=0.926051 val_loss=0.342857 val_iou=0.597574 lr=0.00009115
2026-05-08 11:12:22,162 [Trainer] :: Updated latest checkpoint at epoch 58
2026-05-08 11:12:22,162 [Trainer] :: No validation IoU improvement for 28 epoch(s)
2026-05-08 11:12:22,162 [Trainer] :: Starting epoch 59
2026-05-08 11:32:28,054 [Trainer] :: Completed epoch 59: train_loss=0.079432 train_iou=0.926511 val_loss=0.357474 val_iou=0.594337 lr=0.00009085
2026-05-08 11:32:29,057 [Trainer] :: Updated latest checkpoint at epoch 59
2026-05-08 11:32:29,057 [Trainer] :: No validation IoU improvement for 29 epoch(s)
2026-05-08 11:32:29,057 [Trainer] :: Starting epoch 60
2026-05-08 11:46:35,338 [Trainer] :: Completed epoch 60: train_loss=0.080800 train_iou=0.924570 val_loss=0.369755 val_iou=0.580805 lr=0.00009055
2026-05-08 11:46:37,144 [Trainer] :: Updated latest checkpoint at epoch 60
2026-05-08 11:46:37,144 [Trainer] :: No validation IoU improvement for 30 epoch(s)
2026-05-08 11:46:37,144 [Trainer] :: Starting epoch 61
2026-05-08 12:01:19,942 [Trainer] :: Completed epoch 61: train_loss=0.078956 train_iou=0.925820 val_loss=0.380034 val_iou=0.579600 lr=0.00009024
2026-05-08 12:01:20,954 [Trainer] :: Updated latest checkpoint at epoch 61
2026-05-08 12:01:20,954 [Trainer] :: No validation IoU improvement for 31 epoch(s)
2026-05-08 12:01:20,954 [Trainer] :: Starting epoch 62
2026-05-08 12:15:32,811 [Trainer] :: Completed epoch 62: train_loss=0.078405 train_iou=0.927181 val_loss=0.374773 val_iou=0.595620 lr=0.00008993
2026-05-08 12:15:34,655 [Trainer] :: Updated latest checkpoint at epoch 62
2026-05-08 12:15:34,655 [Trainer] :: No validation IoU improvement for 32 epoch(s)
2026-05-08 12:15:34,655 [Trainer] :: Starting epoch 63
2026-05-08 12:30:14,939 [Trainer] :: Completed epoch 63: train_loss=0.077834 train_iou=0.926987 val_loss=0.372150 val_iou=0.584776 lr=0.00008961
2026-05-08 12:30:16,318 [Trainer] :: Updated latest checkpoint at epoch 63
2026-05-08 12:30:16,318 [Trainer] :: No validation IoU improvement for 33 epoch(s)
2026-05-08 12:30:16,318 [Trainer] :: Starting epoch 64
2026-05-08 12:43:49,717 [Trainer] :: Completed epoch 64: train_loss=0.076760 train_iou=0.928042 val_loss=0.384024 val_iou=0.578458 lr=0.00008929
2026-05-08 12:43:50,685 [Trainer] :: Updated latest checkpoint at epoch 64
2026-05-08 12:43:50,686 [Trainer] :: No validation IoU improvement for 34 epoch(s)
2026-05-08 12:43:50,686 [Trainer] :: Starting epoch 65
