2026-05-01 16:03:23,842 [Trainer] :: Training run initialized at /ceph/home/student.aau.dk/qd36zu/fuzzy-p10/tbd/masking/outputs/runs/rgb_deeplabv3plus_resnet50_seed47_20260501T140323Z
2026-05-01 16:03:23,842 [Trainer] :: Loaded config from /ceph/home/student.aau.dk/qd36zu/fuzzy-p10/tbd/masking/configs/binary/rgb_deeplabv3plus_resnet50.yaml
2026-05-01 16:03:23,842 [Trainer] :: Using seed=47 and device=None
2026-05-01 16:03:23,842 [Trainer] :: Using model architecture=DeepLabV3Plus encoder=resnet50 encoder_weights=imagenet
2026-05-01 16:03:24,266 [Trainer] :: Resolved runtime device to cuda
2026-05-01 16:03:24,267 [Trainer] :: Prepared normalization from source=imagenet
2026-05-01 16:03:27,910 [Trainer] :: Built dataloaders with batch_size=16, num_workers=0
2026-05-01 16:03:27,911 [Trainer] :: Starting epoch 1
2026-05-01 16:05:42,480 [Trainer] :: Completed epoch 1: train_loss=0.396350 train_iou=0.669130 val_loss=0.330084 val_iou=0.595128 lr=0.00010000
2026-05-01 16:05:43,000 [Trainer] :: Updated latest checkpoint at epoch 1
2026-05-01 16:05:43,866 [Trainer] :: New best checkpoint saved with val_iou=0.595128
2026-05-01 16:05:43,866 [Trainer] :: Starting epoch 2
2026-05-01 16:07:50,333 [Trainer] :: Completed epoch 2: train_loss=0.291790 train_iou=0.749578 val_loss=0.305789 val_iou=0.581394 lr=0.00009999
2026-05-01 16:07:50,695 [Trainer] :: Updated latest checkpoint at epoch 2
2026-05-01 16:07:50,695 [Trainer] :: No validation IoU improvement for 1 epoch(s)
2026-05-01 16:07:50,695 [Trainer] :: Starting epoch 3
2026-05-01 16:09:57,545 [Trainer] :: Completed epoch 3: train_loss=0.265721 train_iou=0.767784 val_loss=0.322024 val_iou=0.537165 lr=0.00009998
2026-05-01 16:09:57,913 [Trainer] :: Updated latest checkpoint at epoch 3
2026-05-01 16:09:57,913 [Trainer] :: No validation IoU improvement for 2 epoch(s)
2026-05-01 16:09:57,913 [Trainer] :: Starting epoch 4
2026-05-01 16:12:04,173 [Trainer] :: Completed epoch 4: train_loss=0.245253 train_iou=0.784554 val_loss=0.275051 val_iou=0.613704 lr=0.00009996
2026-05-01 16:12:04,600 [Trainer] :: Updated latest checkpoint at epoch 4
2026-05-01 16:12:04,944 [Trainer] :: New best checkpoint saved with val_iou=0.613704
2026-05-01 16:12:04,944 [Trainer] :: Starting epoch 5
2026-05-01 16:14:12,665 [Trainer] :: Completed epoch 5: train_loss=0.240336 train_iou=0.787275 val_loss=0.304650 val_iou=0.561113 lr=0.00009993
2026-05-01 16:14:13,045 [Trainer] :: Updated latest checkpoint at epoch 5
2026-05-01 16:14:13,045 [Trainer] :: No validation IoU improvement for 1 epoch(s)
2026-05-01 16:14:13,045 [Trainer] :: Starting epoch 6
2026-05-01 16:16:27,345 [Trainer] :: Completed epoch 6: train_loss=0.226095 train_iou=0.800353 val_loss=0.299413 val_iou=0.586254 lr=0.00009990
2026-05-01 16:16:27,752 [Trainer] :: Updated latest checkpoint at epoch 6
2026-05-01 16:16:27,752 [Trainer] :: No validation IoU improvement for 2 epoch(s)
2026-05-01 16:16:27,752 [Trainer] :: Starting epoch 7
2026-05-01 16:18:37,382 [Trainer] :: Completed epoch 7: train_loss=0.218889 train_iou=0.806734 val_loss=0.268124 val_iou=0.618401 lr=0.00009987
2026-05-01 16:18:37,751 [Trainer] :: Updated latest checkpoint at epoch 7
2026-05-01 16:18:38,102 [Trainer] :: New best checkpoint saved with val_iou=0.618401
2026-05-01 16:18:38,102 [Trainer] :: Starting epoch 8
2026-05-01 16:20:47,348 [Trainer] :: Completed epoch 8: train_loss=0.223286 train_iou=0.800720 val_loss=0.270148 val_iou=0.624110 lr=0.00009983
2026-05-01 16:20:47,713 [Trainer] :: Updated latest checkpoint at epoch 8
2026-05-01 16:20:48,086 [Trainer] :: New best checkpoint saved with val_iou=0.624110
2026-05-01 16:20:48,087 [Trainer] :: Starting epoch 9
2026-05-01 16:22:57,049 [Trainer] :: Completed epoch 9: train_loss=0.204966 train_iou=0.818680 val_loss=0.304632 val_iou=0.568711 lr=0.00009978
2026-05-01 16:22:57,444 [Trainer] :: Updated latest checkpoint at epoch 9
2026-05-01 16:22:57,445 [Trainer] :: No validation IoU improvement for 1 epoch(s)
2026-05-01 16:22:57,445 [Trainer] :: Starting epoch 10
2026-05-01 16:25:06,580 [Trainer] :: Completed epoch 10: train_loss=0.196789 train_iou=0.825770 val_loss=0.301629 val_iou=0.578933 lr=0.00009973
2026-05-01 16:25:07,015 [Trainer] :: Updated latest checkpoint at epoch 10
2026-05-01 16:25:07,016 [Trainer] :: No validation IoU improvement for 2 epoch(s)
2026-05-01 16:25:07,016 [Trainer] :: Starting epoch 11
2026-05-01 16:27:16,595 [Trainer] :: Completed epoch 11: train_loss=0.188352 train_iou=0.832879 val_loss=0.291813 val_iou=0.592479 lr=0.00009967
2026-05-01 16:27:16,961 [Trainer] :: Updated latest checkpoint at epoch 11
2026-05-01 16:27:16,961 [Trainer] :: No validation IoU improvement for 3 epoch(s)
2026-05-01 16:27:16,961 [Trainer] :: Starting epoch 12
2026-05-01 16:29:26,324 [Trainer] :: Completed epoch 12: train_loss=0.185487 train_iou=0.832758 val_loss=0.278363 val_iou=0.617256 lr=0.00009961
2026-05-01 16:29:26,708 [Trainer] :: Updated latest checkpoint at epoch 12
2026-05-01 16:29:26,709 [Trainer] :: No validation IoU improvement for 4 epoch(s)
2026-05-01 16:29:26,709 [Trainer] :: Starting epoch 13
2026-05-01 16:31:36,371 [Trainer] :: Completed epoch 13: train_loss=0.177153 train_iou=0.836529 val_loss=0.308649 val_iou=0.571570 lr=0.00009954
2026-05-01 16:31:36,804 [Trainer] :: Updated latest checkpoint at epoch 13
2026-05-01 16:31:36,804 [Trainer] :: No validation IoU improvement for 5 epoch(s)
2026-05-01 16:31:36,804 [Trainer] :: Starting epoch 14
2026-05-01 16:33:46,977 [Trainer] :: Completed epoch 14: train_loss=0.164101 train_iou=0.847701 val_loss=0.284383 val_iou=0.609096 lr=0.00009947
2026-05-01 16:33:47,356 [Trainer] :: Updated latest checkpoint at epoch 14
2026-05-01 16:33:47,356 [Trainer] :: No validation IoU improvement for 6 epoch(s)
2026-05-01 16:33:47,356 [Trainer] :: Starting epoch 15
2026-05-01 16:36:01,386 [Trainer] :: Completed epoch 15: train_loss=0.157124 train_iou=0.851781 val_loss=0.288014 val_iou=0.604480 lr=0.00009939
2026-05-01 16:36:01,778 [Trainer] :: Updated latest checkpoint at epoch 15
2026-05-01 16:36:01,778 [Trainer] :: No validation IoU improvement for 7 epoch(s)
2026-05-01 16:36:01,778 [Trainer] :: Starting epoch 16
2026-05-01 16:38:11,161 [Trainer] :: Completed epoch 16: train_loss=0.160389 train_iou=0.846032 val_loss=0.300600 val_iou=0.599790 lr=0.00009931
2026-05-01 16:38:11,547 [Trainer] :: Updated latest checkpoint at epoch 16
2026-05-01 16:38:11,548 [Trainer] :: No validation IoU improvement for 8 epoch(s)
2026-05-01 16:38:11,548 [Trainer] :: Starting epoch 17
2026-05-01 16:40:20,484 [Trainer] :: Completed epoch 17: train_loss=0.148420 train_iou=0.855542 val_loss=0.328006 val_iou=0.564855 lr=0.00009922
2026-05-01 16:40:20,918 [Trainer] :: Updated latest checkpoint at epoch 17
2026-05-01 16:40:20,918 [Trainer] :: No validation IoU improvement for 9 epoch(s)
2026-05-01 16:40:20,918 [Trainer] :: Starting epoch 18
2026-05-01 16:42:30,663 [Trainer] :: Completed epoch 18: train_loss=0.149862 train_iou=0.852992 val_loss=0.287200 val_iou=0.607594 lr=0.00009912
2026-05-01 16:42:31,045 [Trainer] :: Updated latest checkpoint at epoch 18
2026-05-01 16:42:31,046 [Trainer] :: No validation IoU improvement for 10 epoch(s)
2026-05-01 16:42:31,046 [Trainer] :: Starting epoch 19
2026-05-01 16:44:40,714 [Trainer] :: Completed epoch 19: train_loss=0.142730 train_iou=0.861464 val_loss=0.293062 val_iou=0.599855 lr=0.00009902
2026-05-01 16:44:41,105 [Trainer] :: Updated latest checkpoint at epoch 19
2026-05-01 16:44:41,105 [Trainer] :: No validation IoU improvement for 11 epoch(s)
2026-05-01 16:44:41,105 [Trainer] :: Starting epoch 20
2026-05-01 16:46:50,241 [Trainer] :: Completed epoch 20: train_loss=0.137147 train_iou=0.864285 val_loss=0.289456 val_iou=0.600143 lr=0.00009892
2026-05-01 16:46:50,644 [Trainer] :: Updated latest checkpoint at epoch 20
2026-05-01 16:46:50,645 [Trainer] :: No validation IoU improvement for 12 epoch(s)
2026-05-01 16:46:50,645 [Trainer] :: Starting epoch 21
2026-05-01 16:49:00,531 [Trainer] :: Completed epoch 21: train_loss=0.134392 train_iou=0.866673 val_loss=0.279021 val_iou=0.602439 lr=0.00009881
2026-05-01 16:49:00,902 [Trainer] :: Updated latest checkpoint at epoch 21
2026-05-01 16:49:00,902 [Trainer] :: No validation IoU improvement for 13 epoch(s)
2026-05-01 16:49:00,902 [Trainer] :: Starting epoch 22
2026-05-01 16:51:09,115 [Trainer] :: Completed epoch 22: train_loss=0.131945 train_iou=0.865169 val_loss=0.346032 val_iou=0.517478 lr=0.00009869
2026-05-01 16:51:09,492 [Trainer] :: Updated latest checkpoint at epoch 22
2026-05-01 16:51:09,492 [Trainer] :: No validation IoU improvement for 14 epoch(s)
2026-05-01 16:51:09,492 [Trainer] :: Starting epoch 23
2026-05-01 16:53:18,430 [Trainer] :: Completed epoch 23: train_loss=0.125668 train_iou=0.873142 val_loss=0.307262 val_iou=0.590818 lr=0.00009857
2026-05-01 16:53:18,834 [Trainer] :: Updated latest checkpoint at epoch 23
2026-05-01 16:53:18,834 [Trainer] :: No validation IoU improvement for 15 epoch(s)
2026-05-01 16:53:18,834 [Trainer] :: Starting epoch 24
2026-05-01 16:55:27,902 [Trainer] :: Completed epoch 24: train_loss=0.122468 train_iou=0.875588 val_loss=0.299915 val_iou=0.590502 lr=0.00009844
2026-05-01 16:55:28,284 [Trainer] :: Updated latest checkpoint at epoch 24
2026-05-01 16:55:28,284 [Trainer] :: No validation IoU improvement for 16 epoch(s)
2026-05-01 16:55:28,284 [Trainer] :: Starting epoch 25
2026-05-01 16:57:37,516 [Trainer] :: Completed epoch 25: train_loss=0.119418 train_iou=0.878195 val_loss=0.277827 val_iou=0.615644 lr=0.00009831
2026-05-01 16:57:37,933 [Trainer] :: Updated latest checkpoint at epoch 25
2026-05-01 16:57:37,933 [Trainer] :: No validation IoU improvement for 17 epoch(s)
2026-05-01 16:57:37,933 [Trainer] :: Starting epoch 26
2026-05-01 16:59:48,822 [Trainer] :: Completed epoch 26: train_loss=0.121522 train_iou=0.876746 val_loss=0.283920 val_iou=0.603614 lr=0.00009818
2026-05-01 16:59:49,190 [Trainer] :: Updated latest checkpoint at epoch 26
2026-05-01 16:59:49,190 [Trainer] :: No validation IoU improvement for 18 epoch(s)
2026-05-01 16:59:49,190 [Trainer] :: Starting epoch 27
2026-05-01 17:01:57,955 [Trainer] :: Completed epoch 27: train_loss=0.114789 train_iou=0.883276 val_loss=0.276657 val_iou=0.612782 lr=0.00009803
2026-05-01 17:01:58,365 [Trainer] :: Updated latest checkpoint at epoch 27
2026-05-01 17:01:58,366 [Trainer] :: No validation IoU improvement for 19 epoch(s)
2026-05-01 17:01:58,366 [Trainer] :: Starting epoch 28
2026-05-01 17:04:07,646 [Trainer] :: Completed epoch 28: train_loss=0.112993 train_iou=0.884572 val_loss=0.288834 val_iou=0.603396 lr=0.00009789
2026-05-01 17:04:08,006 [Trainer] :: Updated latest checkpoint at epoch 28
2026-05-01 17:04:08,006 [Trainer] :: No validation IoU improvement for 20 epoch(s)
2026-05-01 17:04:08,006 [Trainer] :: Starting epoch 29
2026-05-01 17:06:17,435 [Trainer] :: Completed epoch 29: train_loss=0.105143 train_iou=0.891218 val_loss=0.289036 val_iou=0.619660 lr=0.00009773
2026-05-01 17:06:17,803 [Trainer] :: Updated latest checkpoint at epoch 29
2026-05-01 17:06:17,803 [Trainer] :: No validation IoU improvement for 21 epoch(s)
2026-05-01 17:06:17,803 [Trainer] :: Starting epoch 30
2026-05-01 17:08:27,674 [Trainer] :: Completed epoch 30: train_loss=0.105310 train_iou=0.888544 val_loss=0.288845 val_iou=0.605631 lr=0.00009758
2026-05-01 17:08:28,038 [Trainer] :: Updated latest checkpoint at epoch 30
2026-05-01 17:08:28,038 [Trainer] :: No validation IoU improvement for 22 epoch(s)
2026-05-01 17:08:28,038 [Trainer] :: Starting epoch 31
2026-05-01 17:10:37,668 [Trainer] :: Completed epoch 31: train_loss=0.103635 train_iou=0.892069 val_loss=0.283641 val_iou=0.633350 lr=0.00009741
2026-05-01 17:10:38,088 [Trainer] :: Updated latest checkpoint at epoch 31
2026-05-01 17:10:38,472 [Trainer] :: New best checkpoint saved with val_iou=0.633350
2026-05-01 17:10:38,472 [Trainer] :: Starting epoch 32
2026-05-01 17:12:47,788 [Trainer] :: Completed epoch 32: train_loss=0.106773 train_iou=0.893886 val_loss=0.282254 val_iou=0.634743 lr=0.00009725
2026-05-01 17:12:48,160 [Trainer] :: Updated latest checkpoint at epoch 32
2026-05-01 17:12:48,516 [Trainer] :: New best checkpoint saved with val_iou=0.634743
2026-05-01 17:12:48,516 [Trainer] :: Starting epoch 33
2026-05-01 17:14:57,403 [Trainer] :: Completed epoch 33: train_loss=0.103869 train_iou=0.894334 val_loss=0.282482 val_iou=0.610132 lr=0.00009707
2026-05-01 17:14:57,760 [Trainer] :: Updated latest checkpoint at epoch 33
2026-05-01 17:14:57,761 [Trainer] :: No validation IoU improvement for 1 epoch(s)
2026-05-01 17:14:57,761 [Trainer] :: Starting epoch 34
2026-05-01 17:17:06,713 [Trainer] :: Completed epoch 34: train_loss=0.097559 train_iou=0.898765 val_loss=0.289493 val_iou=0.616262 lr=0.00009690
2026-05-01 17:17:07,340 [Trainer] :: Updated latest checkpoint at epoch 34
2026-05-01 17:17:07,340 [Trainer] :: No validation IoU improvement for 2 epoch(s)
2026-05-01 17:17:07,340 [Trainer] :: Starting epoch 35
2026-05-01 17:19:15,406 [Trainer] :: Completed epoch 35: train_loss=0.097354 train_iou=0.898541 val_loss=0.289471 val_iou=0.613448 lr=0.00009671
2026-05-01 17:19:15,793 [Trainer] :: Updated latest checkpoint at epoch 35
2026-05-01 17:19:15,793 [Trainer] :: No validation IoU improvement for 3 epoch(s)
2026-05-01 17:19:15,793 [Trainer] :: Starting epoch 36
2026-05-01 17:21:23,948 [Trainer] :: Completed epoch 36: train_loss=0.096103 train_iou=0.900474 val_loss=0.305856 val_iou=0.600453 lr=0.00009652
2026-05-01 17:21:24,350 [Trainer] :: Updated latest checkpoint at epoch 36
2026-05-01 17:21:24,350 [Trainer] :: No validation IoU improvement for 4 epoch(s)
2026-05-01 17:21:24,350 [Trainer] :: Starting epoch 37
2026-05-01 17:23:33,177 [Trainer] :: Completed epoch 37: train_loss=0.093017 train_iou=0.902035 val_loss=0.308382 val_iou=0.590087 lr=0.00009633
2026-05-01 17:23:34,301 [Trainer] :: Updated latest checkpoint at epoch 37
2026-05-01 17:23:34,302 [Trainer] :: No validation IoU improvement for 5 epoch(s)
2026-05-01 17:23:34,302 [Trainer] :: Starting epoch 38
2026-05-01 17:25:44,313 [Trainer] :: Completed epoch 38: train_loss=0.088255 train_iou=0.905982 val_loss=0.317581 val_iou=0.582194 lr=0.00009613
2026-05-01 17:25:44,694 [Trainer] :: Updated latest checkpoint at epoch 38
2026-05-01 17:25:44,694 [Trainer] :: No validation IoU improvement for 6 epoch(s)
2026-05-01 17:25:44,694 [Trainer] :: Starting epoch 39
2026-05-01 17:27:51,462 [Trainer] :: Completed epoch 39: train_loss=0.090140 train_iou=0.904909 val_loss=0.303889 val_iou=0.598782 lr=0.00009593
2026-05-01 17:27:51,831 [Trainer] :: Updated latest checkpoint at epoch 39
2026-05-01 17:27:51,832 [Trainer] :: No validation IoU improvement for 7 epoch(s)
2026-05-01 17:27:51,832 [Trainer] :: Starting epoch 40
2026-05-01 17:29:58,828 [Trainer] :: Completed epoch 40: train_loss=0.086903 train_iou=0.906146 val_loss=0.332293 val_iou=0.575348 lr=0.00009572
2026-05-01 17:29:59,204 [Trainer] :: Updated latest checkpoint at epoch 40
2026-05-01 17:29:59,204 [Trainer] :: No validation IoU improvement for 8 epoch(s)
2026-05-01 17:29:59,204 [Trainer] :: Starting epoch 41
2026-05-01 17:32:06,706 [Trainer] :: Completed epoch 41: train_loss=0.086148 train_iou=0.907814 val_loss=0.289910 val_iou=0.619548 lr=0.00009551
2026-05-01 17:32:07,081 [Trainer] :: Updated latest checkpoint at epoch 41
2026-05-01 17:32:07,081 [Trainer] :: No validation IoU improvement for 9 epoch(s)
2026-05-01 17:32:07,081 [Trainer] :: Starting epoch 42
2026-05-01 17:34:13,638 [Trainer] :: Completed epoch 42: train_loss=0.085206 train_iou=0.911532 val_loss=0.304587 val_iou=0.611835 lr=0.00009529
2026-05-01 17:34:14,012 [Trainer] :: Updated latest checkpoint at epoch 42
2026-05-01 17:34:14,012 [Trainer] :: No validation IoU improvement for 10 epoch(s)
2026-05-01 17:34:14,012 [Trainer] :: Starting epoch 43
2026-05-01 17:36:21,379 [Trainer] :: Completed epoch 43: train_loss=0.083429 train_iou=0.909934 val_loss=0.312390 val_iou=0.581675 lr=0.00009507
2026-05-01 17:36:21,752 [Trainer] :: Updated latest checkpoint at epoch 43
2026-05-01 17:36:21,752 [Trainer] :: No validation IoU improvement for 11 epoch(s)
2026-05-01 17:36:21,753 [Trainer] :: Starting epoch 44
2026-05-01 17:38:28,965 [Trainer] :: Completed epoch 44: train_loss=0.081065 train_iou=0.913714 val_loss=0.286806 val_iou=0.615677 lr=0.00009484
2026-05-01 17:38:29,337 [Trainer] :: Updated latest checkpoint at epoch 44
2026-05-01 17:38:29,337 [Trainer] :: No validation IoU improvement for 12 epoch(s)
2026-05-01 17:38:29,337 [Trainer] :: Starting epoch 45
2026-05-01 17:40:36,299 [Trainer] :: Completed epoch 45: train_loss=0.078663 train_iou=0.915146 val_loss=0.294225 val_iou=0.619184 lr=0.00009460
2026-05-01 17:40:36,718 [Trainer] :: Updated latest checkpoint at epoch 45
2026-05-01 17:40:36,718 [Trainer] :: No validation IoU improvement for 13 epoch(s)
2026-05-01 17:40:36,718 [Trainer] :: Starting epoch 46
2026-05-01 17:42:43,777 [Trainer] :: Completed epoch 46: train_loss=0.079901 train_iou=0.915775 val_loss=0.288441 val_iou=0.618024 lr=0.00009437
2026-05-01 17:42:44,147 [Trainer] :: Updated latest checkpoint at epoch 46
2026-05-01 17:42:44,147 [Trainer] :: No validation IoU improvement for 14 epoch(s)
2026-05-01 17:42:44,147 [Trainer] :: Starting epoch 47
2026-05-01 17:44:51,366 [Trainer] :: Completed epoch 47: train_loss=0.080470 train_iou=0.913686 val_loss=0.303024 val_iou=0.608187 lr=0.00009412
2026-05-01 17:44:51,729 [Trainer] :: Updated latest checkpoint at epoch 47
2026-05-01 17:44:51,730 [Trainer] :: No validation IoU improvement for 15 epoch(s)
2026-05-01 17:44:51,730 [Trainer] :: Starting epoch 48
2026-05-01 17:46:59,495 [Trainer] :: Completed epoch 48: train_loss=0.082231 train_iou=0.912778 val_loss=0.314860 val_iou=0.588917 lr=0.00009388
2026-05-01 17:46:59,941 [Trainer] :: Updated latest checkpoint at epoch 48
2026-05-01 17:46:59,941 [Trainer] :: No validation IoU improvement for 16 epoch(s)
2026-05-01 17:46:59,941 [Trainer] :: Starting epoch 49
2026-05-01 17:49:06,873 [Trainer] :: Completed epoch 49: train_loss=0.077597 train_iou=0.916117 val_loss=0.299294 val_iou=0.614471 lr=0.00009363
2026-05-01 17:49:07,256 [Trainer] :: Updated latest checkpoint at epoch 49
2026-05-01 17:49:07,256 [Trainer] :: No validation IoU improvement for 17 epoch(s)
2026-05-01 17:49:07,256 [Trainer] :: Starting epoch 50
2026-05-01 17:51:15,178 [Trainer] :: Completed epoch 50: train_loss=0.074147 train_iou=0.920424 val_loss=0.309203 val_iou=0.601587 lr=0.00009337
2026-05-01 17:51:15,556 [Trainer] :: Updated latest checkpoint at epoch 50
2026-05-01 17:51:15,556 [Trainer] :: No validation IoU improvement for 18 epoch(s)
2026-05-01 17:51:15,556 [Trainer] :: Starting epoch 51
2026-05-01 17:53:23,499 [Trainer] :: Completed epoch 51: train_loss=0.073699 train_iou=0.920306 val_loss=0.285827 val_iou=0.626653 lr=0.00009311
2026-05-01 17:53:23,871 [Trainer] :: Updated latest checkpoint at epoch 51
2026-05-01 17:53:23,871 [Trainer] :: No validation IoU improvement for 19 epoch(s)
2026-05-01 17:53:23,871 [Trainer] :: Starting epoch 52
2026-05-01 17:55:33,244 [Trainer] :: Completed epoch 52: train_loss=0.074004 train_iou=0.919920 val_loss=0.341312 val_iou=0.571738 lr=0.00009284
2026-05-01 17:55:33,636 [Trainer] :: Updated latest checkpoint at epoch 52
2026-05-01 17:55:33,637 [Trainer] :: No validation IoU improvement for 20 epoch(s)
2026-05-01 17:55:33,637 [Trainer] :: Starting epoch 53
2026-05-01 17:57:42,301 [Trainer] :: Completed epoch 53: train_loss=0.074789 train_iou=0.919546 val_loss=0.295569 val_iou=0.622086 lr=0.00009257
2026-05-01 17:57:42,729 [Trainer] :: Updated latest checkpoint at epoch 53
2026-05-01 17:57:42,729 [Trainer] :: No validation IoU improvement for 21 epoch(s)
2026-05-01 17:57:42,729 [Trainer] :: Starting epoch 54
2026-05-01 17:59:51,664 [Trainer] :: Completed epoch 54: train_loss=0.077152 train_iou=0.917963 val_loss=0.313696 val_iou=0.604236 lr=0.00009229
2026-05-01 17:59:52,031 [Trainer] :: Updated latest checkpoint at epoch 54
2026-05-01 17:59:52,032 [Trainer] :: No validation IoU improvement for 22 epoch(s)
2026-05-01 17:59:52,032 [Trainer] :: Starting epoch 55
2026-05-01 18:02:02,074 [Trainer] :: Completed epoch 55: train_loss=0.073772 train_iou=0.921466 val_loss=0.334606 val_iou=0.576056 lr=0.00009201
2026-05-01 18:02:02,453 [Trainer] :: Updated latest checkpoint at epoch 55
2026-05-01 18:02:02,453 [Trainer] :: No validation IoU improvement for 23 epoch(s)
2026-05-01 18:02:02,453 [Trainer] :: Starting epoch 56
2026-05-01 18:04:12,346 [Trainer] :: Completed epoch 56: train_loss=0.072709 train_iou=0.922249 val_loss=0.311185 val_iou=0.617303 lr=0.00009173
2026-05-01 18:04:12,715 [Trainer] :: Updated latest checkpoint at epoch 56
2026-05-01 18:04:12,715 [Trainer] :: No validation IoU improvement for 24 epoch(s)
2026-05-01 18:04:12,716 [Trainer] :: Starting epoch 57
2026-05-01 18:06:23,167 [Trainer] :: Completed epoch 57: train_loss=0.070923 train_iou=0.923096 val_loss=0.352559 val_iou=0.568358 lr=0.00009144
2026-05-01 18:06:23,535 [Trainer] :: Updated latest checkpoint at epoch 57
2026-05-01 18:06:23,535 [Trainer] :: No validation IoU improvement for 25 epoch(s)
2026-05-01 18:06:23,535 [Trainer] :: Starting epoch 58
2026-05-01 18:08:34,541 [Trainer] :: Completed epoch 58: train_loss=0.068565 train_iou=0.926049 val_loss=0.321565 val_iou=0.599056 lr=0.00009115
2026-05-01 18:08:34,913 [Trainer] :: Updated latest checkpoint at epoch 58
2026-05-01 18:08:34,913 [Trainer] :: No validation IoU improvement for 26 epoch(s)
2026-05-01 18:08:34,913 [Trainer] :: Starting epoch 59
2026-05-01 18:10:45,774 [Trainer] :: Completed epoch 59: train_loss=0.067136 train_iou=0.927222 val_loss=0.307284 val_iou=0.614391 lr=0.00009085
2026-05-01 18:10:46,157 [Trainer] :: Updated latest checkpoint at epoch 59
2026-05-01 18:10:46,157 [Trainer] :: No validation IoU improvement for 27 epoch(s)
2026-05-01 18:10:46,157 [Trainer] :: Starting epoch 60
2026-05-01 18:12:57,884 [Trainer] :: Completed epoch 60: train_loss=0.066268 train_iou=0.928374 val_loss=0.298804 val_iou=0.617739 lr=0.00009055
2026-05-01 18:12:58,275 [Trainer] :: Updated latest checkpoint at epoch 60
2026-05-01 18:12:58,275 [Trainer] :: No validation IoU improvement for 28 epoch(s)
2026-05-01 18:12:58,275 [Trainer] :: Starting epoch 61
2026-05-01 18:15:07,792 [Trainer] :: Completed epoch 61: train_loss=0.065301 train_iou=0.929954 val_loss=0.310241 val_iou=0.607614 lr=0.00009024
2026-05-01 18:15:08,157 [Trainer] :: Updated latest checkpoint at epoch 61
2026-05-01 18:15:08,158 [Trainer] :: No validation IoU improvement for 29 epoch(s)
2026-05-01 18:15:08,158 [Trainer] :: Starting epoch 62
2026-05-01 18:17:17,877 [Trainer] :: Completed epoch 62: train_loss=0.066316 train_iou=0.928739 val_loss=0.293614 val_iou=0.626626 lr=0.00008993
2026-05-01 18:17:18,259 [Trainer] :: Updated latest checkpoint at epoch 62
2026-05-01 18:17:18,259 [Trainer] :: No validation IoU improvement for 30 epoch(s)
2026-05-01 18:17:18,259 [Trainer] :: Starting epoch 63
2026-05-01 18:19:27,938 [Trainer] :: Completed epoch 63: train_loss=0.066128 train_iou=0.928237 val_loss=0.302175 val_iou=0.617382 lr=0.00008961
2026-05-01 18:19:28,317 [Trainer] :: Updated latest checkpoint at epoch 63
2026-05-01 18:19:28,317 [Trainer] :: No validation IoU improvement for 31 epoch(s)
2026-05-01 18:19:28,317 [Trainer] :: Starting epoch 64
2026-05-01 18:21:38,067 [Trainer] :: Completed epoch 64: train_loss=0.063972 train_iou=0.931632 val_loss=0.299746 val_iou=0.617185 lr=0.00008929
2026-05-01 18:21:38,452 [Trainer] :: Updated latest checkpoint at epoch 64
2026-05-01 18:21:38,452 [Trainer] :: No validation IoU improvement for 32 epoch(s)
2026-05-01 18:21:38,452 [Trainer] :: Starting epoch 65
2026-05-01 18:23:47,984 [Trainer] :: Completed epoch 65: train_loss=0.063923 train_iou=0.931420 val_loss=0.309187 val_iou=0.614792 lr=0.00008897
2026-05-01 18:23:48,367 [Trainer] :: Updated latest checkpoint at epoch 65
2026-05-01 18:23:48,367 [Trainer] :: No validation IoU improvement for 33 epoch(s)
2026-05-01 18:23:48,367 [Trainer] :: Starting epoch 66
2026-05-01 18:25:58,273 [Trainer] :: Completed epoch 66: train_loss=0.063522 train_iou=0.931187 val_loss=0.308967 val_iou=0.604791 lr=0.00008864
2026-05-01 18:25:58,654 [Trainer] :: Updated latest checkpoint at epoch 66
2026-05-01 18:25:58,654 [Trainer] :: No validation IoU improvement for 34 epoch(s)
2026-05-01 18:25:58,654 [Trainer] :: Starting epoch 67
2026-05-01 18:28:07,624 [Trainer] :: Completed epoch 67: train_loss=0.062744 train_iou=0.931640 val_loss=0.307687 val_iou=0.610153 lr=0.00008831
2026-05-01 18:28:08,029 [Trainer] :: Updated latest checkpoint at epoch 67
2026-05-01 18:28:08,029 [Trainer] :: No validation IoU improvement for 35 epoch(s)
2026-05-01 18:28:08,029 [Trainer] :: Starting epoch 68
2026-05-01 18:30:17,189 [Trainer] :: Completed epoch 68: train_loss=0.059640 train_iou=0.934482 val_loss=0.310987 val_iou=0.615424 lr=0.00008797
2026-05-01 18:30:17,571 [Trainer] :: Updated latest checkpoint at epoch 68
2026-05-01 18:30:17,572 [Trainer] :: No validation IoU improvement for 36 epoch(s)
2026-05-01 18:30:17,572 [Trainer] :: Starting epoch 69
2026-05-01 18:32:26,211 [Trainer] :: Completed epoch 69: train_loss=0.058311 train_iou=0.936098 val_loss=0.334392 val_iou=0.604734 lr=0.00008763
2026-05-01 18:32:26,978 [Trainer] :: Updated latest checkpoint at epoch 69
2026-05-01 18:32:26,978 [Trainer] :: No validation IoU improvement for 37 epoch(s)
2026-05-01 18:32:26,978 [Trainer] :: Starting epoch 70
2026-05-01 18:34:51,674 [Trainer] :: Completed epoch 70: train_loss=0.057982 train_iou=0.937619 val_loss=0.322792 val_iou=0.602222 lr=0.00008729
2026-05-01 18:34:52,069 [Trainer] :: Updated latest checkpoint at epoch 70
2026-05-01 18:34:52,069 [Trainer] :: No validation IoU improvement for 38 epoch(s)
2026-05-01 18:34:52,069 [Trainer] :: Starting epoch 71
2026-05-01 18:37:12,934 [Trainer] :: Completed epoch 71: train_loss=0.059011 train_iou=0.936530 val_loss=0.322482 val_iou=0.596284 lr=0.00008694
2026-05-01 18:37:13,592 [Trainer] :: Updated latest checkpoint at epoch 71
2026-05-01 18:37:13,592 [Trainer] :: No validation IoU improvement for 39 epoch(s)
2026-05-01 18:37:13,592 [Trainer] :: Starting epoch 72
2026-05-01 18:39:26,149 [Trainer] :: Completed epoch 72: train_loss=0.059107 train_iou=0.934968 val_loss=0.326360 val_iou=0.604064 lr=0.00008658
2026-05-01 18:39:26,530 [Trainer] :: Updated latest checkpoint at epoch 72
2026-05-01 18:39:26,530 [Trainer] :: No validation IoU improvement for 40 epoch(s)
2026-05-01 18:39:26,530 [Trainer] :: Starting epoch 73
2026-05-01 18:41:35,695 [Trainer] :: Completed epoch 73: train_loss=0.057705 train_iou=0.936323 val_loss=0.333442 val_iou=0.595811 lr=0.00008623
2026-05-01 18:41:36,163 [Trainer] :: Updated latest checkpoint at epoch 73
2026-05-01 18:41:36,163 [Trainer] :: No validation IoU improvement for 41 epoch(s)
2026-05-01 18:41:36,163 [Trainer] :: Starting epoch 74
2026-05-01 18:43:45,281 [Trainer] :: Completed epoch 74: train_loss=0.055730 train_iou=0.939004 val_loss=0.331195 val_iou=0.592877 lr=0.00008587
2026-05-01 18:43:45,665 [Trainer] :: Updated latest checkpoint at epoch 74
2026-05-01 18:43:45,665 [Trainer] :: No validation IoU improvement for 42 epoch(s)
2026-05-01 18:43:45,665 [Trainer] :: Starting epoch 75
2026-05-01 18:46:16,676 [Trainer] :: Completed epoch 75: train_loss=0.054512 train_iou=0.939943 val_loss=0.329638 val_iou=0.598443 lr=0.00008550
2026-05-01 18:46:17,165 [Trainer] :: Updated latest checkpoint at epoch 75
2026-05-01 18:46:17,165 [Trainer] :: No validation IoU improvement for 43 epoch(s)
2026-05-01 18:46:17,165 [Trainer] :: Starting epoch 76
2026-05-01 18:48:38,630 [Trainer] :: Completed epoch 76: train_loss=0.054799 train_iou=0.940052 val_loss=0.339875 val_iou=0.594713 lr=0.00008513
2026-05-01 18:48:39,019 [Trainer] :: Updated latest checkpoint at epoch 76
2026-05-01 18:48:39,019 [Trainer] :: No validation IoU improvement for 44 epoch(s)
2026-05-01 18:48:39,019 [Trainer] :: Starting epoch 77
2026-05-01 18:51:11,212 [Trainer] :: Completed epoch 77: train_loss=0.052950 train_iou=0.942178 val_loss=0.366184 val_iou=0.607290 lr=0.00008476
2026-05-01 18:51:11,856 [Trainer] :: Updated latest checkpoint at epoch 77
2026-05-01 18:51:11,856 [Trainer] :: No validation IoU improvement for 45 epoch(s)
2026-05-01 18:51:11,856 [Trainer] :: Starting epoch 78
2026-05-01 18:53:35,426 [Trainer] :: Completed epoch 78: train_loss=0.055188 train_iou=0.940630 val_loss=0.370541 val_iou=0.594042 lr=0.00008439
2026-05-01 18:53:35,818 [Trainer] :: Updated latest checkpoint at epoch 78
2026-05-01 18:53:35,818 [Trainer] :: No validation IoU improvement for 46 epoch(s)
2026-05-01 18:53:35,818 [Trainer] :: Starting epoch 79
2026-05-01 18:55:45,123 [Trainer] :: Completed epoch 79: train_loss=0.053913 train_iou=0.941515 val_loss=0.341866 val_iou=0.601358 lr=0.00008401
2026-05-01 18:55:45,523 [Trainer] :: Updated latest checkpoint at epoch 79
2026-05-01 18:55:45,523 [Trainer] :: No validation IoU improvement for 47 epoch(s)
2026-05-01 18:55:45,523 [Trainer] :: Starting epoch 80
2026-05-01 18:57:56,162 [Trainer] :: Completed epoch 80: train_loss=0.052317 train_iou=0.942308 val_loss=0.335093 val_iou=0.617711 lr=0.00008362
2026-05-01 18:57:56,549 [Trainer] :: Updated latest checkpoint at epoch 80
2026-05-01 18:57:56,549 [Trainer] :: No validation IoU improvement for 48 epoch(s)
2026-05-01 18:57:56,549 [Trainer] :: Starting epoch 81
2026-05-01 19:00:08,736 [Trainer] :: Completed epoch 81: train_loss=0.052815 train_iou=0.942916 val_loss=0.325477 val_iou=0.617481 lr=0.00008323
2026-05-01 19:00:09,138 [Trainer] :: Updated latest checkpoint at epoch 81
2026-05-01 19:00:09,138 [Trainer] :: No validation IoU improvement for 49 epoch(s)
2026-05-01 19:00:09,139 [Trainer] :: Starting epoch 82
2026-05-01 19:02:29,538 [Trainer] :: Completed epoch 82: train_loss=0.052656 train_iou=0.942139 val_loss=0.338862 val_iou=0.596970 lr=0.00008284
2026-05-01 19:02:29,941 [Trainer] :: Updated latest checkpoint at epoch 82
2026-05-01 19:02:29,941 [Trainer] :: No validation IoU improvement for 50 epoch(s)
2026-05-01 19:02:29,941 [Trainer] :: Starting epoch 83
2026-05-01 19:04:42,638 [Trainer] :: Completed epoch 83: train_loss=0.051617 train_iou=0.943060 val_loss=0.361918 val_iou=0.587350 lr=0.00008245
2026-05-01 19:04:43,112 [Trainer] :: Updated latest checkpoint at epoch 83
2026-05-01 19:04:43,112 [Trainer] :: No validation IoU improvement for 51 epoch(s)
2026-05-01 19:04:43,112 [Trainer] :: Starting epoch 84
2026-05-01 19:07:04,444 [Trainer] :: Completed epoch 84: train_loss=0.052692 train_iou=0.943961 val_loss=0.331402 val_iou=0.609610 lr=0.00008205
2026-05-01 19:07:04,823 [Trainer] :: Updated latest checkpoint at epoch 84
2026-05-01 19:07:04,823 [Trainer] :: No validation IoU improvement for 52 epoch(s)
2026-05-01 19:07:04,823 [Trainer] :: Starting epoch 85
2026-05-01 19:09:19,392 [Trainer] :: Completed epoch 85: train_loss=0.051423 train_iou=0.944110 val_loss=0.360268 val_iou=0.586746 lr=0.00008165
2026-05-01 19:09:19,970 [Trainer] :: Updated latest checkpoint at epoch 85
2026-05-01 19:09:19,971 [Trainer] :: No validation IoU improvement for 53 epoch(s)
2026-05-01 19:09:19,971 [Trainer] :: Starting epoch 86
2026-05-01 19:11:47,435 [Trainer] :: Completed epoch 86: train_loss=0.052366 train_iou=0.942434 val_loss=0.352158 val_iou=0.606976 lr=0.00008125
2026-05-01 19:11:48,126 [Trainer] :: Updated latest checkpoint at epoch 86
2026-05-01 19:11:48,127 [Trainer] :: No validation IoU improvement for 54 epoch(s)
2026-05-01 19:11:48,127 [Trainer] :: Starting epoch 87
2026-05-01 19:14:12,182 [Trainer] :: Completed epoch 87: train_loss=0.051802 train_iou=0.942421 val_loss=0.343041 val_iou=0.598959 lr=0.00008084
2026-05-01 19:14:12,604 [Trainer] :: Updated latest checkpoint at epoch 87
2026-05-01 19:14:12,604 [Trainer] :: No validation IoU improvement for 55 epoch(s)
2026-05-01 19:14:12,604 [Trainer] :: Starting epoch 88
2026-05-01 19:16:23,753 [Trainer] :: Completed epoch 88: train_loss=0.049401 train_iou=0.946480 val_loss=0.333284 val_iou=0.613301 lr=0.00008043
2026-05-01 19:16:24,193 [Trainer] :: Updated latest checkpoint at epoch 88
2026-05-01 19:16:24,193 [Trainer] :: No validation IoU improvement for 56 epoch(s)
2026-05-01 19:16:24,193 [Trainer] :: Starting epoch 89
2026-05-01 19:18:44,909 [Trainer] :: Completed epoch 89: train_loss=0.048476 train_iou=0.946743 val_loss=0.344080 val_iou=0.596708 lr=0.00008001
2026-05-01 19:18:45,288 [Trainer] :: Updated latest checkpoint at epoch 89
2026-05-01 19:18:45,288 [Trainer] :: No validation IoU improvement for 57 epoch(s)
2026-05-01 19:18:45,288 [Trainer] :: Starting epoch 90
2026-05-01 19:21:02,014 [Trainer] :: Completed epoch 90: train_loss=0.047753 train_iou=0.947363 val_loss=0.377925 val_iou=0.586528 lr=0.00007960
2026-05-01 19:21:02,584 [Trainer] :: Updated latest checkpoint at epoch 90
2026-05-01 19:21:02,584 [Trainer] :: No validation IoU improvement for 58 epoch(s)
2026-05-01 19:21:02,584 [Trainer] :: Starting epoch 91
2026-05-01 19:23:19,227 [Trainer] :: Completed epoch 91: train_loss=0.047695 train_iou=0.947339 val_loss=0.344210 val_iou=0.613171 lr=0.00007917
2026-05-01 19:23:19,668 [Trainer] :: Updated latest checkpoint at epoch 91
2026-05-01 19:23:19,668 [Trainer] :: No validation IoU improvement for 59 epoch(s)
2026-05-01 19:23:19,668 [Trainer] :: Starting epoch 92
2026-05-01 19:25:40,571 [Trainer] :: Completed epoch 92: train_loss=0.047923 train_iou=0.947566 val_loss=0.342863 val_iou=0.609920 lr=0.00007875
2026-05-01 19:25:41,217 [Trainer] :: Updated latest checkpoint at epoch 92
2026-05-01 19:25:41,217 [Trainer] :: No validation IoU improvement for 60 epoch(s)
2026-05-01 19:25:41,217 [Trainer] :: Early stopping triggered after 60 epoch(s) without improvement
2026-05-01 19:28:06,606 [Trainer] :: Wrote training history to outputs/runs/rgb_deeplabv3plus_resnet50_seed47_20260501T140323Z/metrics/history.json
2026-05-01 19:28:06,606 [Trainer] :: Wrote test summary to outputs/runs/rgb_deeplabv3plus_resnet50_seed47_20260501T140323Z/metrics/test_summary.json
2026-05-01 19:28:06,606 [Trainer] :: Training completed
