2026-05-15 19:43:25,373 [Trainer] :: Training run initialized at /ceph/home/student.aau.dk/qd36zu/fuzzy-p10/tbd/masking/outputs/runs/real_msi_deeplabv3plus_resnet50_seed44_20260515T174325Z
2026-05-15 19:43:25,374 [Trainer] :: Loaded config from /ceph/home/student.aau.dk/qd36zu/fuzzy-p10/tbd/masking/configs/binary/real_msi_deeplabv3plus_resnet50.yaml
2026-05-15 19:43:25,374 [Trainer] :: Using seed=44 and device=None
2026-05-15 19:43:25,374 [Trainer] :: Using model architecture=DeepLabV3Plus encoder=resnet50 encoder_weights=imagenet
2026-05-15 19:43:25,686 [Trainer] :: Resolved runtime device to cuda
2026-05-15 19:43:25,687 [Trainer] :: Prepared normalization from source=train_split_patch_stats
2026-05-15 19:43:29,976 [Trainer] :: Built dataloaders with batch_size=8, num_workers=0
2026-05-15 19:43:29,977 [Trainer] :: Starting epoch 1
2026-05-15 19:45:34,540 [Trainer] :: Completed epoch 1: train_loss=0.418493 train_iou=0.630923 val_loss=0.386352 val_iou=0.509092 lr=0.00010000
2026-05-15 19:45:35,211 [Trainer] :: Updated latest checkpoint at epoch 1
2026-05-15 19:45:35,696 [Trainer] :: New best checkpoint saved with val_iou=0.509092
2026-05-15 19:45:35,697 [Trainer] :: Starting epoch 2
2026-05-15 19:47:24,598 [Trainer] :: Completed epoch 2: train_loss=0.315803 train_iou=0.720345 val_loss=0.316421 val_iou=0.568309 lr=0.00009999
2026-05-15 19:47:24,951 [Trainer] :: Updated latest checkpoint at epoch 2
2026-05-15 19:47:25,306 [Trainer] :: New best checkpoint saved with val_iou=0.568309
2026-05-15 19:47:25,306 [Trainer] :: Starting epoch 3
2026-05-15 19:49:12,942 [Trainer] :: Completed epoch 3: train_loss=0.285299 train_iou=0.748029 val_loss=0.361479 val_iou=0.503962 lr=0.00009998
2026-05-15 19:49:13,326 [Trainer] :: Updated latest checkpoint at epoch 3
2026-05-15 19:49:13,326 [Trainer] :: No validation IoU improvement for 1 epoch(s)
2026-05-15 19:49:13,326 [Trainer] :: Starting epoch 4
2026-05-15 19:51:01,022 [Trainer] :: Completed epoch 4: train_loss=0.269776 train_iou=0.761165 val_loss=0.295702 val_iou=0.603937 lr=0.00009996
2026-05-15 19:51:01,402 [Trainer] :: Updated latest checkpoint at epoch 4
2026-05-15 19:51:01,895 [Trainer] :: New best checkpoint saved with val_iou=0.603937
2026-05-15 19:51:01,895 [Trainer] :: Starting epoch 5
2026-05-15 19:52:50,786 [Trainer] :: Completed epoch 5: train_loss=0.252846 train_iou=0.776145 val_loss=0.319697 val_iou=0.551650 lr=0.00009993
2026-05-15 19:52:51,143 [Trainer] :: Updated latest checkpoint at epoch 5
2026-05-15 19:52:51,143 [Trainer] :: No validation IoU improvement for 1 epoch(s)
2026-05-15 19:52:51,143 [Trainer] :: Starting epoch 6
2026-05-15 19:54:39,246 [Trainer] :: Completed epoch 6: train_loss=0.235434 train_iou=0.788516 val_loss=0.315752 val_iou=0.560397 lr=0.00009990
2026-05-15 19:54:39,735 [Trainer] :: Updated latest checkpoint at epoch 6
2026-05-15 19:54:39,735 [Trainer] :: No validation IoU improvement for 2 epoch(s)
2026-05-15 19:54:39,735 [Trainer] :: Starting epoch 7
2026-05-15 19:56:27,723 [Trainer] :: Completed epoch 7: train_loss=0.229274 train_iou=0.793791 val_loss=0.287890 val_iou=0.587521 lr=0.00009987
2026-05-15 19:56:28,107 [Trainer] :: Updated latest checkpoint at epoch 7
2026-05-15 19:56:28,107 [Trainer] :: No validation IoU improvement for 3 epoch(s)
2026-05-15 19:56:28,107 [Trainer] :: Starting epoch 8
2026-05-15 19:58:16,025 [Trainer] :: Completed epoch 8: train_loss=0.216762 train_iou=0.803575 val_loss=0.292266 val_iou=0.593134 lr=0.00009983
2026-05-15 19:58:16,418 [Trainer] :: Updated latest checkpoint at epoch 8
2026-05-15 19:58:16,418 [Trainer] :: No validation IoU improvement for 4 epoch(s)
2026-05-15 19:58:16,418 [Trainer] :: Starting epoch 9
2026-05-15 20:00:05,809 [Trainer] :: Completed epoch 9: train_loss=0.211334 train_iou=0.810403 val_loss=0.301523 val_iou=0.570545 lr=0.00009978
2026-05-15 20:00:06,625 [Trainer] :: Updated latest checkpoint at epoch 9
2026-05-15 20:00:06,625 [Trainer] :: No validation IoU improvement for 5 epoch(s)
2026-05-15 20:00:06,626 [Trainer] :: Starting epoch 10
2026-05-15 20:01:54,551 [Trainer] :: Completed epoch 10: train_loss=0.208146 train_iou=0.810710 val_loss=0.310042 val_iou=0.557819 lr=0.00009973
2026-05-15 20:01:55,089 [Trainer] :: Updated latest checkpoint at epoch 10
2026-05-15 20:01:55,089 [Trainer] :: No validation IoU improvement for 6 epoch(s)
2026-05-15 20:01:55,089 [Trainer] :: Starting epoch 11
2026-05-15 20:03:43,324 [Trainer] :: Completed epoch 11: train_loss=0.197801 train_iou=0.819303 val_loss=0.274916 val_iou=0.614025 lr=0.00009967
2026-05-15 20:03:43,740 [Trainer] :: Updated latest checkpoint at epoch 11
2026-05-15 20:03:44,152 [Trainer] :: New best checkpoint saved with val_iou=0.614025
2026-05-15 20:03:44,153 [Trainer] :: Starting epoch 12
2026-05-15 20:05:32,580 [Trainer] :: Completed epoch 12: train_loss=0.192479 train_iou=0.820133 val_loss=0.336335 val_iou=0.533859 lr=0.00009961
2026-05-15 20:05:32,962 [Trainer] :: Updated latest checkpoint at epoch 12
2026-05-15 20:05:32,962 [Trainer] :: No validation IoU improvement for 1 epoch(s)
2026-05-15 20:05:32,962 [Trainer] :: Starting epoch 13
2026-05-15 20:07:20,814 [Trainer] :: Completed epoch 13: train_loss=0.182946 train_iou=0.828374 val_loss=0.347234 val_iou=0.516997 lr=0.00009954
2026-05-15 20:07:21,270 [Trainer] :: Updated latest checkpoint at epoch 13
2026-05-15 20:07:21,270 [Trainer] :: No validation IoU improvement for 2 epoch(s)
2026-05-15 20:07:21,270 [Trainer] :: Starting epoch 14
2026-05-15 20:09:10,038 [Trainer] :: Completed epoch 14: train_loss=0.178692 train_iou=0.830029 val_loss=0.293639 val_iou=0.591142 lr=0.00009947
2026-05-15 20:09:10,604 [Trainer] :: Updated latest checkpoint at epoch 14
2026-05-15 20:09:10,604 [Trainer] :: No validation IoU improvement for 3 epoch(s)
2026-05-15 20:09:10,604 [Trainer] :: Starting epoch 15
2026-05-15 20:10:57,973 [Trainer] :: Completed epoch 15: train_loss=0.172663 train_iou=0.830815 val_loss=0.314882 val_iou=0.562662 lr=0.00009939
2026-05-15 20:10:58,587 [Trainer] :: Updated latest checkpoint at epoch 15
2026-05-15 20:10:58,587 [Trainer] :: No validation IoU improvement for 4 epoch(s)
2026-05-15 20:10:58,587 [Trainer] :: Starting epoch 16
2026-05-15 20:12:45,405 [Trainer] :: Completed epoch 16: train_loss=0.163129 train_iou=0.837548 val_loss=0.300253 val_iou=0.580918 lr=0.00009931
2026-05-15 20:12:46,673 [Trainer] :: Updated latest checkpoint at epoch 16
2026-05-15 20:12:46,673 [Trainer] :: No validation IoU improvement for 5 epoch(s)
2026-05-15 20:12:46,674 [Trainer] :: Starting epoch 17
2026-05-15 20:14:36,332 [Trainer] :: Completed epoch 17: train_loss=0.160121 train_iou=0.842904 val_loss=0.327239 val_iou=0.551360 lr=0.00009922
2026-05-15 20:14:36,709 [Trainer] :: Updated latest checkpoint at epoch 17
2026-05-15 20:14:36,710 [Trainer] :: No validation IoU improvement for 6 epoch(s)
2026-05-15 20:14:36,710 [Trainer] :: Starting epoch 18
2026-05-15 20:16:23,479 [Trainer] :: Completed epoch 18: train_loss=0.150580 train_iou=0.850210 val_loss=0.300809 val_iou=0.589493 lr=0.00009912
2026-05-15 20:16:23,944 [Trainer] :: Updated latest checkpoint at epoch 18
2026-05-15 20:16:23,944 [Trainer] :: No validation IoU improvement for 7 epoch(s)
2026-05-15 20:16:23,944 [Trainer] :: Starting epoch 19
2026-05-15 20:18:10,941 [Trainer] :: Completed epoch 19: train_loss=0.152432 train_iou=0.849140 val_loss=0.311942 val_iou=0.569676 lr=0.00009902
2026-05-15 20:18:11,321 [Trainer] :: Updated latest checkpoint at epoch 19
2026-05-15 20:18:11,321 [Trainer] :: No validation IoU improvement for 8 epoch(s)
2026-05-15 20:18:11,321 [Trainer] :: Starting epoch 20
2026-05-15 20:19:59,157 [Trainer] :: Completed epoch 20: train_loss=0.145441 train_iou=0.853899 val_loss=0.336025 val_iou=0.551339 lr=0.00009892
2026-05-15 20:19:59,530 [Trainer] :: Updated latest checkpoint at epoch 20
2026-05-15 20:19:59,531 [Trainer] :: No validation IoU improvement for 9 epoch(s)
2026-05-15 20:19:59,531 [Trainer] :: Starting epoch 21
2026-05-15 20:21:48,443 [Trainer] :: Completed epoch 21: train_loss=0.137992 train_iou=0.858886 val_loss=0.337496 val_iou=0.538753 lr=0.00009881
2026-05-15 20:21:48,842 [Trainer] :: Updated latest checkpoint at epoch 21
2026-05-15 20:21:48,843 [Trainer] :: No validation IoU improvement for 10 epoch(s)
2026-05-15 20:21:48,843 [Trainer] :: Starting epoch 22
2026-05-15 20:23:36,601 [Trainer] :: Completed epoch 22: train_loss=0.135983 train_iou=0.864950 val_loss=0.312261 val_iou=0.587178 lr=0.00009869
2026-05-15 20:23:36,984 [Trainer] :: Updated latest checkpoint at epoch 22
2026-05-15 20:23:36,984 [Trainer] :: No validation IoU improvement for 11 epoch(s)
2026-05-15 20:23:36,984 [Trainer] :: Starting epoch 23
2026-05-15 20:25:25,258 [Trainer] :: Completed epoch 23: train_loss=0.133945 train_iou=0.865014 val_loss=0.306982 val_iou=0.582288 lr=0.00009857
2026-05-15 20:25:25,646 [Trainer] :: Updated latest checkpoint at epoch 23
2026-05-15 20:25:25,646 [Trainer] :: No validation IoU improvement for 12 epoch(s)
2026-05-15 20:25:25,646 [Trainer] :: Starting epoch 24
2026-05-15 20:27:12,552 [Trainer] :: Completed epoch 24: train_loss=0.129712 train_iou=0.866546 val_loss=0.306454 val_iou=0.579415 lr=0.00009844
2026-05-15 20:27:12,968 [Trainer] :: Updated latest checkpoint at epoch 24
2026-05-15 20:27:12,968 [Trainer] :: No validation IoU improvement for 13 epoch(s)
2026-05-15 20:27:12,968 [Trainer] :: Starting epoch 25
2026-05-15 20:28:59,821 [Trainer] :: Completed epoch 25: train_loss=0.124121 train_iou=0.872324 val_loss=0.303493 val_iou=0.583535 lr=0.00009831
2026-05-15 20:29:00,202 [Trainer] :: Updated latest checkpoint at epoch 25
2026-05-15 20:29:00,202 [Trainer] :: No validation IoU improvement for 14 epoch(s)
2026-05-15 20:29:00,202 [Trainer] :: Starting epoch 26
2026-05-15 20:30:49,351 [Trainer] :: Completed epoch 26: train_loss=0.123728 train_iou=0.874957 val_loss=0.323522 val_iou=0.565399 lr=0.00009818
2026-05-15 20:30:49,785 [Trainer] :: Updated latest checkpoint at epoch 26
2026-05-15 20:30:49,785 [Trainer] :: No validation IoU improvement for 15 epoch(s)
2026-05-15 20:30:49,785 [Trainer] :: Starting epoch 27
2026-05-15 20:32:37,508 [Trainer] :: Completed epoch 27: train_loss=0.123343 train_iou=0.873858 val_loss=0.309453 val_iou=0.585320 lr=0.00009803
2026-05-15 20:32:37,905 [Trainer] :: Updated latest checkpoint at epoch 27
2026-05-15 20:32:37,905 [Trainer] :: No validation IoU improvement for 16 epoch(s)
2026-05-15 20:32:37,905 [Trainer] :: Starting epoch 28
2026-05-15 20:34:25,482 [Trainer] :: Completed epoch 28: train_loss=0.118051 train_iou=0.878288 val_loss=0.330468 val_iou=0.549634 lr=0.00009789
2026-05-15 20:34:25,945 [Trainer] :: Updated latest checkpoint at epoch 28
2026-05-15 20:34:25,945 [Trainer] :: No validation IoU improvement for 17 epoch(s)
2026-05-15 20:34:25,945 [Trainer] :: Starting epoch 29
2026-05-15 20:36:13,688 [Trainer] :: Completed epoch 29: train_loss=0.115303 train_iou=0.880648 val_loss=0.307146 val_iou=0.588544 lr=0.00009773
2026-05-15 20:36:14,153 [Trainer] :: Updated latest checkpoint at epoch 29
2026-05-15 20:36:14,153 [Trainer] :: No validation IoU improvement for 18 epoch(s)
2026-05-15 20:36:14,153 [Trainer] :: Starting epoch 30
2026-05-15 20:38:01,573 [Trainer] :: Completed epoch 30: train_loss=0.114126 train_iou=0.880994 val_loss=0.322889 val_iou=0.574741 lr=0.00009758
2026-05-15 20:38:02,024 [Trainer] :: Updated latest checkpoint at epoch 30
2026-05-15 20:38:02,024 [Trainer] :: No validation IoU improvement for 19 epoch(s)
2026-05-15 20:38:02,024 [Trainer] :: Starting epoch 31
2026-05-15 20:39:49,068 [Trainer] :: Completed epoch 31: train_loss=0.110130 train_iou=0.885008 val_loss=0.306124 val_iou=0.586058 lr=0.00009741
2026-05-15 20:39:49,530 [Trainer] :: Updated latest checkpoint at epoch 31
2026-05-15 20:39:49,530 [Trainer] :: No validation IoU improvement for 20 epoch(s)
2026-05-15 20:39:49,530 [Trainer] :: Starting epoch 32
2026-05-15 20:41:37,308 [Trainer] :: Completed epoch 32: train_loss=0.106355 train_iou=0.888792 val_loss=0.326702 val_iou=0.556832 lr=0.00009725
2026-05-15 20:41:37,756 [Trainer] :: Updated latest checkpoint at epoch 32
2026-05-15 20:41:37,756 [Trainer] :: No validation IoU improvement for 21 epoch(s)
2026-05-15 20:41:37,756 [Trainer] :: Starting epoch 33
2026-05-15 20:43:24,277 [Trainer] :: Completed epoch 33: train_loss=0.108313 train_iou=0.887846 val_loss=0.326092 val_iou=0.567577 lr=0.00009707
2026-05-15 20:43:24,816 [Trainer] :: Updated latest checkpoint at epoch 33
2026-05-15 20:43:24,816 [Trainer] :: No validation IoU improvement for 22 epoch(s)
2026-05-15 20:43:24,816 [Trainer] :: Starting epoch 34
2026-05-15 20:45:11,771 [Trainer] :: Completed epoch 34: train_loss=0.104923 train_iou=0.890635 val_loss=0.320268 val_iou=0.569595 lr=0.00009690
2026-05-15 20:45:12,675 [Trainer] :: Updated latest checkpoint at epoch 34
2026-05-15 20:45:12,675 [Trainer] :: No validation IoU improvement for 23 epoch(s)
2026-05-15 20:45:12,675 [Trainer] :: Starting epoch 35
2026-05-15 20:47:07,517 [Trainer] :: Completed epoch 35: train_loss=0.097774 train_iou=0.895725 val_loss=0.347875 val_iou=0.544379 lr=0.00009671
2026-05-15 20:47:08,037 [Trainer] :: Updated latest checkpoint at epoch 35
2026-05-15 20:47:08,037 [Trainer] :: No validation IoU improvement for 24 epoch(s)
2026-05-15 20:47:08,037 [Trainer] :: Starting epoch 36
2026-05-15 20:49:06,200 [Trainer] :: Completed epoch 36: train_loss=0.100347 train_iou=0.894851 val_loss=0.302818 val_iou=0.600464 lr=0.00009652
2026-05-15 20:49:06,711 [Trainer] :: Updated latest checkpoint at epoch 36
2026-05-15 20:49:06,711 [Trainer] :: No validation IoU improvement for 25 epoch(s)
2026-05-15 20:49:06,711 [Trainer] :: Starting epoch 37
2026-05-15 20:51:03,395 [Trainer] :: Completed epoch 37: train_loss=0.097447 train_iou=0.897704 val_loss=0.308433 val_iou=0.581668 lr=0.00009633
2026-05-15 20:51:03,882 [Trainer] :: Updated latest checkpoint at epoch 37
2026-05-15 20:51:03,882 [Trainer] :: No validation IoU improvement for 26 epoch(s)
2026-05-15 20:51:03,883 [Trainer] :: Starting epoch 38
2026-05-15 20:52:57,933 [Trainer] :: Completed epoch 38: train_loss=0.096132 train_iou=0.897170 val_loss=0.313544 val_iou=0.585143 lr=0.00009613
2026-05-15 20:52:58,450 [Trainer] :: Updated latest checkpoint at epoch 38
2026-05-15 20:52:58,450 [Trainer] :: No validation IoU improvement for 27 epoch(s)
2026-05-15 20:52:58,450 [Trainer] :: Starting epoch 39
2026-05-15 20:54:50,574 [Trainer] :: Completed epoch 39: train_loss=0.092988 train_iou=0.901888 val_loss=0.333110 val_iou=0.567884 lr=0.00009593
2026-05-15 20:54:51,008 [Trainer] :: Updated latest checkpoint at epoch 39
2026-05-15 20:54:51,008 [Trainer] :: No validation IoU improvement for 28 epoch(s)
2026-05-15 20:54:51,008 [Trainer] :: Starting epoch 40
2026-05-15 20:56:44,208 [Trainer] :: Completed epoch 40: train_loss=0.092353 train_iou=0.901433 val_loss=0.325335 val_iou=0.560901 lr=0.00009572
2026-05-15 20:56:44,859 [Trainer] :: Updated latest checkpoint at epoch 40
2026-05-15 20:56:44,859 [Trainer] :: No validation IoU improvement for 29 epoch(s)
2026-05-15 20:56:44,859 [Trainer] :: Starting epoch 41
2026-05-15 20:58:38,613 [Trainer] :: Completed epoch 41: train_loss=0.092801 train_iou=0.900150 val_loss=0.321608 val_iou=0.572854 lr=0.00009551
2026-05-15 20:58:39,092 [Trainer] :: Updated latest checkpoint at epoch 41
2026-05-15 20:58:39,092 [Trainer] :: No validation IoU improvement for 30 epoch(s)
2026-05-15 20:58:39,092 [Trainer] :: Starting epoch 42
2026-05-15 21:00:34,111 [Trainer] :: Completed epoch 42: train_loss=0.088446 train_iou=0.905676 val_loss=0.340617 val_iou=0.559177 lr=0.00009529
2026-05-15 21:00:34,729 [Trainer] :: Updated latest checkpoint at epoch 42
2026-05-15 21:00:34,729 [Trainer] :: No validation IoU improvement for 31 epoch(s)
2026-05-15 21:00:34,729 [Trainer] :: Starting epoch 43
2026-05-15 21:02:28,309 [Trainer] :: Completed epoch 43: train_loss=0.088646 train_iou=0.906098 val_loss=0.328662 val_iou=0.570306 lr=0.00009507
2026-05-15 21:02:28,817 [Trainer] :: Updated latest checkpoint at epoch 43
2026-05-15 21:02:28,817 [Trainer] :: No validation IoU improvement for 32 epoch(s)
2026-05-15 21:02:28,817 [Trainer] :: Starting epoch 44
2026-05-15 21:04:22,229 [Trainer] :: Completed epoch 44: train_loss=0.084592 train_iou=0.908680 val_loss=0.349516 val_iou=0.571917 lr=0.00009484
2026-05-15 21:04:22,820 [Trainer] :: Updated latest checkpoint at epoch 44
2026-05-15 21:04:22,820 [Trainer] :: No validation IoU improvement for 33 epoch(s)
2026-05-15 21:04:22,820 [Trainer] :: Starting epoch 45
2026-05-15 21:06:17,341 [Trainer] :: Completed epoch 45: train_loss=0.085510 train_iou=0.907739 val_loss=0.332084 val_iou=0.568953 lr=0.00009460
2026-05-15 21:06:17,858 [Trainer] :: Updated latest checkpoint at epoch 45
2026-05-15 21:06:17,858 [Trainer] :: No validation IoU improvement for 34 epoch(s)
2026-05-15 21:06:17,858 [Trainer] :: Starting epoch 46
2026-05-15 21:08:10,391 [Trainer] :: Completed epoch 46: train_loss=0.083462 train_iou=0.910567 val_loss=0.332370 val_iou=0.581393 lr=0.00009437
2026-05-15 21:08:10,975 [Trainer] :: Updated latest checkpoint at epoch 46
2026-05-15 21:08:10,975 [Trainer] :: No validation IoU improvement for 35 epoch(s)
2026-05-15 21:08:10,975 [Trainer] :: Starting epoch 47
2026-05-15 21:10:02,279 [Trainer] :: Completed epoch 47: train_loss=0.081579 train_iou=0.911337 val_loss=0.308136 val_iou=0.593773 lr=0.00009412
2026-05-15 21:10:02,785 [Trainer] :: Updated latest checkpoint at epoch 47
2026-05-15 21:10:02,785 [Trainer] :: No validation IoU improvement for 36 epoch(s)
2026-05-15 21:10:02,785 [Trainer] :: Starting epoch 48
2026-05-15 21:11:58,308 [Trainer] :: Completed epoch 48: train_loss=0.078655 train_iou=0.915264 val_loss=0.344318 val_iou=0.580591 lr=0.00009388
2026-05-15 21:11:58,778 [Trainer] :: Updated latest checkpoint at epoch 48
2026-05-15 21:11:58,778 [Trainer] :: No validation IoU improvement for 37 epoch(s)
2026-05-15 21:11:58,778 [Trainer] :: Starting epoch 49
2026-05-15 21:13:53,192 [Trainer] :: Completed epoch 49: train_loss=0.077482 train_iou=0.916971 val_loss=0.331225 val_iou=0.567125 lr=0.00009363
2026-05-15 21:13:53,924 [Trainer] :: Updated latest checkpoint at epoch 49
2026-05-15 21:13:53,924 [Trainer] :: No validation IoU improvement for 38 epoch(s)
2026-05-15 21:13:53,924 [Trainer] :: Starting epoch 50
2026-05-15 21:15:42,654 [Trainer] :: Completed epoch 50: train_loss=0.078580 train_iou=0.915597 val_loss=0.315843 val_iou=0.584672 lr=0.00009337
2026-05-15 21:15:43,110 [Trainer] :: Updated latest checkpoint at epoch 50
2026-05-15 21:15:43,110 [Trainer] :: No validation IoU improvement for 39 epoch(s)
2026-05-15 21:15:43,110 [Trainer] :: Starting epoch 51
2026-05-15 21:17:32,156 [Trainer] :: Completed epoch 51: train_loss=0.079329 train_iou=0.915043 val_loss=0.321778 val_iou=0.596320 lr=0.00009311
2026-05-15 21:17:33,528 [Trainer] :: Updated latest checkpoint at epoch 51
2026-05-15 21:17:33,528 [Trainer] :: No validation IoU improvement for 40 epoch(s)
2026-05-15 21:17:33,528 [Trainer] :: Starting epoch 52
2026-05-15 21:19:20,812 [Trainer] :: Completed epoch 52: train_loss=0.079991 train_iou=0.914412 val_loss=0.353615 val_iou=0.557344 lr=0.00009284
2026-05-15 21:19:21,275 [Trainer] :: Updated latest checkpoint at epoch 52
2026-05-15 21:19:21,275 [Trainer] :: No validation IoU improvement for 41 epoch(s)
2026-05-15 21:19:21,275 [Trainer] :: Starting epoch 53
2026-05-15 21:21:10,326 [Trainer] :: Completed epoch 53: train_loss=0.076988 train_iou=0.917121 val_loss=0.347483 val_iou=0.578043 lr=0.00009257
2026-05-15 21:21:10,900 [Trainer] :: Updated latest checkpoint at epoch 53
2026-05-15 21:21:10,901 [Trainer] :: No validation IoU improvement for 42 epoch(s)
2026-05-15 21:21:10,901 [Trainer] :: Starting epoch 54
2026-05-15 21:23:19,265 [Trainer] :: Completed epoch 54: train_loss=0.076667 train_iou=0.917534 val_loss=0.331608 val_iou=0.585137 lr=0.00009229
2026-05-15 21:23:19,834 [Trainer] :: Updated latest checkpoint at epoch 54
2026-05-15 21:23:19,834 [Trainer] :: No validation IoU improvement for 43 epoch(s)
2026-05-15 21:23:19,834 [Trainer] :: Starting epoch 55
2026-05-15 21:25:30,619 [Trainer] :: Completed epoch 55: train_loss=0.072519 train_iou=0.921378 val_loss=0.322570 val_iou=0.583897 lr=0.00009201
2026-05-15 21:25:31,104 [Trainer] :: Updated latest checkpoint at epoch 55
2026-05-15 21:25:31,104 [Trainer] :: No validation IoU improvement for 44 epoch(s)
2026-05-15 21:25:31,104 [Trainer] :: Starting epoch 56
2026-05-15 21:27:29,029 [Trainer] :: Completed epoch 56: train_loss=0.071015 train_iou=0.923497 val_loss=0.352252 val_iou=0.569939 lr=0.00009173
2026-05-15 21:27:29,556 [Trainer] :: Updated latest checkpoint at epoch 56
2026-05-15 21:27:29,557 [Trainer] :: No validation IoU improvement for 45 epoch(s)
2026-05-15 21:27:29,557 [Trainer] :: Starting epoch 57
2026-05-15 21:29:17,415 [Trainer] :: Completed epoch 57: train_loss=0.069912 train_iou=0.924923 val_loss=0.328315 val_iou=0.592073 lr=0.00009144
2026-05-15 21:29:17,794 [Trainer] :: Updated latest checkpoint at epoch 57
2026-05-15 21:29:17,794 [Trainer] :: No validation IoU improvement for 46 epoch(s)
2026-05-15 21:29:17,794 [Trainer] :: Starting epoch 58
2026-05-15 21:31:03,887 [Trainer] :: Completed epoch 58: train_loss=0.068521 train_iou=0.925433 val_loss=0.352089 val_iou=0.556289 lr=0.00009115
2026-05-15 21:31:04,541 [Trainer] :: Updated latest checkpoint at epoch 58
2026-05-15 21:31:04,541 [Trainer] :: No validation IoU improvement for 47 epoch(s)
2026-05-15 21:31:04,541 [Trainer] :: Starting epoch 59
2026-05-15 21:32:52,363 [Trainer] :: Completed epoch 59: train_loss=0.069049 train_iou=0.925681 val_loss=0.356878 val_iou=0.571331 lr=0.00009085
2026-05-15 21:32:52,789 [Trainer] :: Updated latest checkpoint at epoch 59
2026-05-15 21:32:52,789 [Trainer] :: No validation IoU improvement for 48 epoch(s)
2026-05-15 21:32:52,789 [Trainer] :: Starting epoch 60
2026-05-15 21:34:41,104 [Trainer] :: Completed epoch 60: train_loss=0.068545 train_iou=0.925383 val_loss=0.328940 val_iou=0.593242 lr=0.00009055
2026-05-15 21:34:41,539 [Trainer] :: Updated latest checkpoint at epoch 60
2026-05-15 21:34:41,539 [Trainer] :: No validation IoU improvement for 49 epoch(s)
2026-05-15 21:34:41,539 [Trainer] :: Starting epoch 61
2026-05-15 21:36:30,153 [Trainer] :: Completed epoch 61: train_loss=0.066636 train_iou=0.927571 val_loss=0.342641 val_iou=0.585482 lr=0.00009024
2026-05-15 21:36:30,559 [Trainer] :: Updated latest checkpoint at epoch 61
2026-05-15 21:36:30,559 [Trainer] :: No validation IoU improvement for 50 epoch(s)
2026-05-15 21:36:30,559 [Trainer] :: Starting epoch 62
2026-05-15 21:38:20,717 [Trainer] :: Completed epoch 62: train_loss=0.067664 train_iou=0.925201 val_loss=0.374032 val_iou=0.533318 lr=0.00008993
2026-05-15 21:38:21,086 [Trainer] :: Updated latest checkpoint at epoch 62
2026-05-15 21:38:21,086 [Trainer] :: No validation IoU improvement for 51 epoch(s)
2026-05-15 21:38:21,087 [Trainer] :: Starting epoch 63
2026-05-15 21:40:14,690 [Trainer] :: Completed epoch 63: train_loss=0.068558 train_iou=0.927263 val_loss=0.337905 val_iou=0.581758 lr=0.00008961
2026-05-15 21:40:15,304 [Trainer] :: Updated latest checkpoint at epoch 63
2026-05-15 21:40:15,304 [Trainer] :: No validation IoU improvement for 52 epoch(s)
2026-05-15 21:40:15,304 [Trainer] :: Starting epoch 64
2026-05-15 21:42:04,066 [Trainer] :: Completed epoch 64: train_loss=0.066267 train_iou=0.928072 val_loss=0.337592 val_iou=0.591555 lr=0.00008929
2026-05-15 21:42:04,731 [Trainer] :: Updated latest checkpoint at epoch 64
2026-05-15 21:42:04,731 [Trainer] :: No validation IoU improvement for 53 epoch(s)
2026-05-15 21:42:04,731 [Trainer] :: Starting epoch 65
2026-05-15 21:43:54,534 [Trainer] :: Completed epoch 65: train_loss=0.066792 train_iou=0.927553 val_loss=0.369764 val_iou=0.568898 lr=0.00008897
2026-05-15 21:43:54,901 [Trainer] :: Updated latest checkpoint at epoch 65
2026-05-15 21:43:54,901 [Trainer] :: No validation IoU improvement for 54 epoch(s)
2026-05-15 21:43:54,901 [Trainer] :: Starting epoch 66
2026-05-15 21:45:47,717 [Trainer] :: Completed epoch 66: train_loss=0.065317 train_iou=0.928971 val_loss=0.375480 val_iou=0.551317 lr=0.00008864
2026-05-15 21:45:48,886 [Trainer] :: Updated latest checkpoint at epoch 66
2026-05-15 21:45:48,886 [Trainer] :: No validation IoU improvement for 55 epoch(s)
2026-05-15 21:45:48,887 [Trainer] :: Starting epoch 67
2026-05-15 21:47:42,668 [Trainer] :: Completed epoch 67: train_loss=0.064312 train_iou=0.930994 val_loss=0.393532 val_iou=0.541094 lr=0.00008831
2026-05-15 21:47:43,060 [Trainer] :: Updated latest checkpoint at epoch 67
2026-05-15 21:47:43,060 [Trainer] :: No validation IoU improvement for 56 epoch(s)
2026-05-15 21:47:43,060 [Trainer] :: Starting epoch 68
2026-05-15 21:49:34,388 [Trainer] :: Completed epoch 68: train_loss=0.062858 train_iou=0.932109 val_loss=0.366889 val_iou=0.574041 lr=0.00008797
2026-05-15 21:49:34,767 [Trainer] :: Updated latest checkpoint at epoch 68
2026-05-15 21:49:34,767 [Trainer] :: No validation IoU improvement for 57 epoch(s)
2026-05-15 21:49:34,767 [Trainer] :: Starting epoch 69
2026-05-15 21:51:23,454 [Trainer] :: Completed epoch 69: train_loss=0.060346 train_iou=0.934824 val_loss=0.341532 val_iou=0.581769 lr=0.00008763
2026-05-15 21:51:23,862 [Trainer] :: Updated latest checkpoint at epoch 69
2026-05-15 21:51:23,862 [Trainer] :: No validation IoU improvement for 58 epoch(s)
2026-05-15 21:51:23,862 [Trainer] :: Starting epoch 70
2026-05-15 21:53:19,413 [Trainer] :: Completed epoch 70: train_loss=0.058856 train_iou=0.935621 val_loss=0.368784 val_iou=0.578743 lr=0.00008729
2026-05-15 21:53:19,844 [Trainer] :: Updated latest checkpoint at epoch 70
2026-05-15 21:53:19,844 [Trainer] :: No validation IoU improvement for 59 epoch(s)
2026-05-15 21:53:19,844 [Trainer] :: Starting epoch 71
2026-05-15 21:55:10,478 [Trainer] :: Completed epoch 71: train_loss=0.058485 train_iou=0.936487 val_loss=0.357179 val_iou=0.577316 lr=0.00008694
2026-05-15 21:55:10,869 [Trainer] :: Updated latest checkpoint at epoch 71
2026-05-15 21:55:10,869 [Trainer] :: No validation IoU improvement for 60 epoch(s)
2026-05-15 21:55:10,869 [Trainer] :: Early stopping triggered after 60 epoch(s) without improvement
2026-05-15 21:57:38,224 [Trainer] :: Wrote training history to outputs/runs/real_msi_deeplabv3plus_resnet50_seed44_20260515T174325Z/metrics/history.json
2026-05-15 21:57:38,224 [Trainer] :: Wrote test summary to outputs/runs/real_msi_deeplabv3plus_resnet50_seed44_20260515T174325Z/metrics/test_summary.json
2026-05-15 21:57:38,224 [Trainer] :: Training completed
