2026-05-06T08:05:58Z [INFO] Slurm masking job started
2026-05-06T08:05:58Z [INFO] task_id=225 group=fuzzy_train_multi_seed kind=train config=configs/fuzzy/rgb_segformer_b0.yaml split=test seed=47 attempt=2
2026-05-06T08:05:58Z [INFO] pwd=/ceph/home/student.aau.dk/qd36zu/fuzzy-p10/tbd/masking host=ailab-l4-08 slurm_job_id=823568 cuda_visible_devices=1
2026-05-06T08:05:58Z [INFO] python=python singularity_image=/ceph/container/pytorch/pytorch_26.02.sif venv_activate=p10_venv/bin/activate
2026-05-06T08:05:58Z [INFO] status_file=outputs/slurm/status/multi_seed_all_no_synth_20260430T192814Z/task_225_attempt_2.status
2026-05-06T08:05:58Z [INFO] PYTHONPATH=/ceph/home/student.aau.dk/qd36zu/fuzzy-p10/tbd/masking OMP_NUM_THREADS=15 MKL_NUM_THREADS=15
2026-05-06T08:05:58Z [INFO] singularity=/usr/bin/singularity

==== train ====
started_at=2026-05-06T08:05:58Z
command=python -u -m src.train --config 'configs/fuzzy/rgb_segformer_b0.yaml' --seed '47'
container_pwd=/ceph/home/student.aau.dk/qd36zu/fuzzy-p10/tbd/masking
container_python_before_venv=/usr/bin/python
using_venv=../../p10_venv/bin/activate
container_python_after_venv=/ceph/home/student.aau.dk/qd36zu/fuzzy-p10/p10_venv/bin/python
python_executable=/ceph/home/student.aau.dk/qd36zu/fuzzy-p10/p10_venv/bin/python
python_version=3.12.3
pythonpath=/ceph/home/student.aau.dk/qd36zu/fuzzy-p10/tbd/masking
/ceph/home/student.aau.dk/qd36zu/fuzzy-p10/tbd/masking/outputs/runs/rgb_segformer_b0_fuzzy_halo_seed47_20260506T080605Z

==== evaluate ====
started_at=2026-05-06T15:32:48Z
command=python -u -m src.evaluate --checkpoint '/ceph/home/student.aau.dk/qd36zu/fuzzy-p10/tbd/masking/outputs/runs/rgb_segformer_b0_fuzzy_halo_seed47_20260506T080605Z/checkpoints/best.pt' --split 'test'
container_pwd=/ceph/home/student.aau.dk/qd36zu/fuzzy-p10/tbd/masking
container_python_before_venv=/usr/bin/python
using_venv=../../p10_venv/bin/activate
container_python_after_venv=/ceph/home/student.aau.dk/qd36zu/fuzzy-p10/p10_venv/bin/python
python_executable=/ceph/home/student.aau.dk/qd36zu/fuzzy-p10/p10_venv/bin/python
python_version=3.12.3
pythonpath=/ceph/home/student.aau.dk/qd36zu/fuzzy-p10/tbd/masking
