2026-05-01T21:59:27Z [INFO] Slurm masking job started
2026-05-01T21:59:27Z [INFO] task_id=52 group=binary_train_multi_seed kind=train config=configs/binary/rgb_segformer_b1.yaml split=test seed=44 attempt=1
2026-05-01T21:59:27Z [INFO] pwd=/ceph/home/student.aau.dk/qd36zu/fuzzy-p10/tbd/masking host=ailab-l4-08 slurm_job_id=818498 cuda_visible_devices=4
2026-05-01T21:59:27Z [INFO] python=python singularity_image=/ceph/container/pytorch/pytorch_26.02.sif venv_activate=p10_venv/bin/activate
2026-05-01T21:59:27Z [INFO] status_file=outputs/slurm/status/multi_seed_all_no_synth_20260430T192814Z/task_52_attempt_1.status
2026-05-01T21:59:27Z [INFO] PYTHONPATH=/ceph/home/student.aau.dk/qd36zu/fuzzy-p10/tbd/masking OMP_NUM_THREADS=15 MKL_NUM_THREADS=15
2026-05-01T21:59:27Z [INFO] singularity=/usr/bin/singularity

==== train ====
started_at=2026-05-01T21:59:27Z
command=python -u -m src.train --config 'configs/binary/rgb_segformer_b1.yaml' --seed '44'
container_pwd=/ceph/home/student.aau.dk/qd36zu/fuzzy-p10/tbd/masking
container_python_before_venv=/usr/bin/python
using_venv=../../p10_venv/bin/activate
container_python_after_venv=/ceph/home/student.aau.dk/qd36zu/fuzzy-p10/p10_venv/bin/python
python_executable=/ceph/home/student.aau.dk/qd36zu/fuzzy-p10/p10_venv/bin/python
python_version=3.12.3
pythonpath=/ceph/home/student.aau.dk/qd36zu/fuzzy-p10/tbd/masking
/ceph/home/student.aau.dk/qd36zu/fuzzy-p10/tbd/masking/outputs/runs/rgb_segformer_b1_seed44_20260501T215933Z

==== evaluate ====
started_at=2026-05-02T00:53:59Z
command=python -u -m src.evaluate --checkpoint '/ceph/home/student.aau.dk/qd36zu/fuzzy-p10/tbd/masking/outputs/runs/rgb_segformer_b1_seed44_20260501T215933Z/checkpoints/best.pt' --split 'test'
container_pwd=/ceph/home/student.aau.dk/qd36zu/fuzzy-p10/tbd/masking
container_python_before_venv=/usr/bin/python
using_venv=../../p10_venv/bin/activate
container_python_after_venv=/ceph/home/student.aau.dk/qd36zu/fuzzy-p10/p10_venv/bin/python
python_executable=/ceph/home/student.aau.dk/qd36zu/fuzzy-p10/p10_venv/bin/python
python_version=3.12.3
pythonpath=/ceph/home/student.aau.dk/qd36zu/fuzzy-p10/tbd/masking
