2026-05-04T13:39:31Z [INFO] Slurm masking job started
2026-05-04T13:39:31Z [INFO] task_id=198 group=fuzzy_train_multi_seed kind=train config=configs/fuzzy/rgb_unetpp_resnet50.yaml split=test seed=50 attempt=1
2026-05-04T13:39:31Z [INFO] pwd=/ceph/home/student.aau.dk/qd36zu/fuzzy-p10/tbd/masking host=ailab-l4-06 slurm_job_id=820859 cuda_visible_devices=6
2026-05-04T13:39:31Z [INFO] python=python singularity_image=/ceph/container/pytorch/pytorch_26.02.sif venv_activate=p10_venv/bin/activate
2026-05-04T13:39:31Z [INFO] status_file=outputs/slurm/status/multi_seed_all_no_synth_20260430T192814Z/task_198_attempt_1.status
2026-05-04T13:39:31Z [INFO] PYTHONPATH=/ceph/home/student.aau.dk/qd36zu/fuzzy-p10/tbd/masking OMP_NUM_THREADS=15 MKL_NUM_THREADS=15
2026-05-04T13:39:31Z [INFO] singularity=/usr/bin/singularity

==== train ====
started_at=2026-05-04T13:39:31Z
command=python -u -m src.train --config 'configs/fuzzy/rgb_unetpp_resnet50.yaml' --seed '50'
container_pwd=/ceph/home/student.aau.dk/qd36zu/fuzzy-p10/tbd/masking
container_python_before_venv=/usr/bin/python
using_venv=../../p10_venv/bin/activate
container_python_after_venv=/ceph/home/student.aau.dk/qd36zu/fuzzy-p10/p10_venv/bin/python
python_executable=/ceph/home/student.aau.dk/qd36zu/fuzzy-p10/p10_venv/bin/python
python_version=3.12.3
pythonpath=/ceph/home/student.aau.dk/qd36zu/fuzzy-p10/tbd/masking
/ceph/home/student.aau.dk/qd36zu/fuzzy-p10/tbd/masking/outputs/runs/rgb_unetplusplus_resnet50_fuzzy_halo_seed50_20260504T133959Z

==== evaluate ====
started_at=2026-05-05T00:47:57Z
command=python -u -m src.evaluate --checkpoint '/ceph/home/student.aau.dk/qd36zu/fuzzy-p10/tbd/masking/outputs/runs/rgb_unetplusplus_resnet50_fuzzy_halo_seed50_20260504T133959Z/checkpoints/best.pt' --split 'test'
container_pwd=/ceph/home/student.aau.dk/qd36zu/fuzzy-p10/tbd/masking
container_python_before_venv=/usr/bin/python
using_venv=../../p10_venv/bin/activate
container_python_after_venv=/ceph/home/student.aau.dk/qd36zu/fuzzy-p10/p10_venv/bin/python
python_executable=/ceph/home/student.aau.dk/qd36zu/fuzzy-p10/p10_venv/bin/python
python_version=3.12.3
pythonpath=/ceph/home/student.aau.dk/qd36zu/fuzzy-p10/tbd/masking
