2026-05-10T05:53:17Z [INFO] Slurm masking job started
2026-05-10T05:53:17Z [INFO] task_id=337 group=fuzzy_train_multi_seed kind=train config=configs/fuzzy/rgb_real_msi_deeplabv3plus_resnet50.yaml split=test seed=49 attempt=4
2026-05-10T05:53:17Z [INFO] pwd=/ceph/home/student.aau.dk/qd36zu/fuzzy-p10/tbd/masking host=ailab-l4-05 slurm_job_id=830532 cuda_visible_devices=3
2026-05-10T05:53:17Z [INFO] python=python singularity_image=/ceph/container/pytorch/pytorch_26.02.sif venv_activate=p10_venv/bin/activate
2026-05-10T05:53:17Z [INFO] status_file=outputs/slurm/status/multi_seed_all_no_synth_20260430T192814Z/task_337_attempt_4.status
2026-05-10T05:53:17Z [INFO] PYTHONPATH=/ceph/home/student.aau.dk/qd36zu/fuzzy-p10/tbd/masking OMP_NUM_THREADS=15 MKL_NUM_THREADS=15
2026-05-10T05:53:17Z [INFO] singularity=/usr/bin/singularity

==== train ====
started_at=2026-05-10T05:53:17Z
command=python -u -m src.train --config 'configs/fuzzy/rgb_real_msi_deeplabv3plus_resnet50.yaml' --seed '49'
container_pwd=/ceph/home/student.aau.dk/qd36zu/fuzzy-p10/tbd/masking
container_python_before_venv=/usr/bin/python
using_venv=../../p10_venv/bin/activate
container_python_after_venv=/ceph/home/student.aau.dk/qd36zu/fuzzy-p10/p10_venv/bin/python
python_executable=/ceph/home/student.aau.dk/qd36zu/fuzzy-p10/p10_venv/bin/python
python_version=3.12.3
pythonpath=/ceph/home/student.aau.dk/qd36zu/fuzzy-p10/tbd/masking
Traceback (most recent call last):
  File "/ceph/home/student.aau.dk/qd36zu/fuzzy-p10/tbd/masking/src/train.py", line 329, in main
    handle.flush()
OSError: [Errno 9] Bad file descriptor

During handling of the above exception, another exception occurred:

OSError: [Errno 9] Bad file descriptor

During handling of the above exception, another exception occurred:

Traceback (most recent call last):
  File "<frozen runpy>", line 198, in _run_module_as_main
  File "<frozen runpy>", line 88, in _run_code
  File "/ceph/home/student.aau.dk/qd36zu/fuzzy-p10/tbd/masking/src/train.py", line 379, in <module>
    main()
  File "/ceph/home/student.aau.dk/qd36zu/fuzzy-p10/tbd/masking/src/train.py", line 274, in main
    with csv_path.open("w", newline="", encoding="utf-8") as handle:
OSError: [Errno 9] Bad file descriptor
