2026-05-02T04:26:05Z [INFO] Slurm masking job started
2026-05-02T04:26:05Z [INFO] task_id=91 group=binary_train_multi_seed kind=train config=configs/binary/real_msi_deeplabv3plus_resnet50.yaml split=test seed=43 attempt=4
2026-05-02T04:26:05Z [INFO] pwd=/ceph/home/student.aau.dk/qd36zu/fuzzy-p10/tbd/masking host=ailab-l4-04 slurm_job_id=818837 cuda_visible_devices=1
2026-05-02T04:26:05Z [INFO] python=python singularity_image=/ceph/container/pytorch/pytorch_26.02.sif venv_activate=p10_venv/bin/activate
2026-05-02T04:26:05Z [INFO] status_file=outputs/slurm/status/multi_seed_all_no_synth_20260430T192814Z/task_91_attempt_4.status
2026-05-02T04:26:05Z [INFO] PYTHONPATH=/ceph/home/student.aau.dk/qd36zu/fuzzy-p10/tbd/masking OMP_NUM_THREADS=15 MKL_NUM_THREADS=15
2026-05-02T04:26:05Z [INFO] singularity=/usr/bin/singularity

==== train ====
started_at=2026-05-02T04:26:05Z
command=python -u -m src.train --config 'configs/binary/real_msi_deeplabv3plus_resnet50.yaml' --seed '43'
container_pwd=/ceph/home/student.aau.dk/qd36zu/fuzzy-p10/tbd/masking
container_python_before_venv=/usr/bin/python
using_venv=../../p10_venv/bin/activate
container_python_after_venv=/ceph/home/student.aau.dk/qd36zu/fuzzy-p10/p10_venv/bin/python
python_executable=/ceph/home/student.aau.dk/qd36zu/fuzzy-p10/p10_venv/bin/python
python_version=3.12.3
pythonpath=/ceph/home/student.aau.dk/qd36zu/fuzzy-p10/tbd/masking
Traceback (most recent call last):
  File "<frozen runpy>", line 198, in _run_module_as_main
  File "<frozen runpy>", line 88, in _run_code
  File "/ceph/home/student.aau.dk/qd36zu/fuzzy-p10/tbd/masking/src/train.py", line 379, in <module>
    main()
  File "/ceph/home/student.aau.dk/qd36zu/fuzzy-p10/tbd/masking/src/train.py", line 244, in main
    model = build_model(int(config["in_channels"]), model_config).to(device)
            ^^^^^^^^^^^^^^^^^^^^^^^^^^^^^^^^^^^^^^^^^^^^^^^^^^^^^^^^^^^^^^^^
  File "/usr/local/lib/python3.12/dist-packages/torch/nn/modules/module.py", line 1383, in to
    return self._apply(convert)
           ^^^^^^^^^^^^^^^^^^^^
  File "/usr/local/lib/python3.12/dist-packages/torch/nn/modules/module.py", line 933, in _apply
    module._apply(fn)
  File "/usr/local/lib/python3.12/dist-packages/torch/nn/modules/module.py", line 933, in _apply
    module._apply(fn)
  File "/usr/local/lib/python3.12/dist-packages/torch/nn/modules/module.py", line 964, in _apply
    param_applied = fn(param)
                    ^^^^^^^^^
  File "/usr/local/lib/python3.12/dist-packages/torch/nn/modules/module.py", line 1369, in convert
    return t.to(
           ^^^^^
torch.AcceleratorError: CUDA error: uncorrectable ECC error encountered
Search for `cudaErrorECCUncorrectable' in https://docs.nvidia.com/cuda/cuda-runtime-api/group__CUDART__TYPES.html for more information.
CUDA kernel errors might be asynchronously reported at some other API call, so the stacktrace below might be incorrect.
For debugging consider passing CUDA_LAUNCH_BLOCKING=1
Compile with `TORCH_USE_CUDA_DSA` to enable device-side assertions.
