2026-05-09 09:41:49,304 [Trainer] :: Training run initialized at /ceph/home/student.aau.dk/qd36zu/fuzzy-p10/tbd/masking/outputs/runs/rgb_real_msi_unetplusplus_resnet50_fuzzy_halo_seed49_20260509T074148Z
2026-05-09 09:41:49,304 [Trainer] :: Loaded config from /ceph/home/student.aau.dk/qd36zu/fuzzy-p10/tbd/masking/configs/fuzzy/rgb_real_msi_unetpp_resnet50.yaml
2026-05-09 09:41:49,304 [Trainer] :: Using seed=49 and device=None
2026-05-09 09:41:49,304 [Trainer] :: Using model architecture=UnetPlusPlus encoder=resnet50 encoder_weights=imagenet
2026-05-09 09:41:49,593 [Trainer] :: Resolved runtime device to cuda
2026-05-09 09:41:49,593 [Trainer] :: Prepared normalization from source=train_split_patch_stats
2026-05-09 09:41:56,387 [Trainer] :: Built dataloaders with batch_size=16, num_workers=0
2026-05-09 09:41:56,388 [Trainer] :: Starting epoch 1
2026-05-09 09:57:45,044 [Trainer] :: Completed epoch 1: train_loss=0.462361 train_iou=0.665833 val_loss=0.466174 val_iou=0.556908 lr=0.00010000
2026-05-09 09:57:46,058 [Trainer] :: Updated latest checkpoint at epoch 1
2026-05-09 09:57:46,887 [Trainer] :: New best checkpoint saved with val_iou=0.556908
2026-05-09 09:57:46,888 [Trainer] :: Starting epoch 2
2026-05-09 10:10:56,511 [Trainer] :: Completed epoch 2: train_loss=0.351386 train_iou=0.771732 val_loss=0.385817 val_iou=0.608564 lr=0.00009999
2026-05-09 10:10:57,451 [Trainer] :: Updated latest checkpoint at epoch 2
2026-05-09 10:10:58,358 [Trainer] :: New best checkpoint saved with val_iou=0.608564
2026-05-09 10:10:58,359 [Trainer] :: Starting epoch 3
2026-05-09 10:23:49,924 [Trainer] :: Completed epoch 3: train_loss=0.305971 train_iou=0.788909 val_loss=0.377966 val_iou=0.496352 lr=0.00009998
2026-05-09 10:23:51,238 [Trainer] :: Updated latest checkpoint at epoch 3
2026-05-09 10:23:51,238 [Trainer] :: No validation IoU improvement for 1 epoch(s)
2026-05-09 10:23:51,238 [Trainer] :: Starting epoch 4
2026-05-09 10:36:54,296 [Trainer] :: Completed epoch 4: train_loss=0.285958 train_iou=0.792519 val_loss=0.344576 val_iou=0.604830 lr=0.00009996
2026-05-09 10:36:55,338 [Trainer] :: Updated latest checkpoint at epoch 4
2026-05-09 10:36:55,338 [Trainer] :: No validation IoU improvement for 2 epoch(s)
2026-05-09 10:36:55,338 [Trainer] :: Starting epoch 5
2026-05-09 10:49:02,977 [Trainer] :: Completed epoch 5: train_loss=0.256059 train_iou=0.811207 val_loss=0.355978 val_iou=0.522137 lr=0.00009993
2026-05-09 10:49:03,964 [Trainer] :: Updated latest checkpoint at epoch 5
2026-05-09 10:49:03,964 [Trainer] :: No validation IoU improvement for 3 epoch(s)
2026-05-09 10:49:03,964 [Trainer] :: Starting epoch 6
2026-05-09 11:00:36,641 [Trainer] :: Completed epoch 6: train_loss=0.242763 train_iou=0.814484 val_loss=0.324733 val_iou=0.589672 lr=0.00009990
2026-05-09 11:00:37,571 [Trainer] :: Updated latest checkpoint at epoch 6
2026-05-09 11:00:37,571 [Trainer] :: No validation IoU improvement for 4 epoch(s)
2026-05-09 11:00:37,571 [Trainer] :: Starting epoch 7
2026-05-09 11:13:00,817 [Trainer] :: Completed epoch 7: train_loss=0.233588 train_iou=0.819637 val_loss=0.317354 val_iou=0.629829 lr=0.00009987
2026-05-09 11:13:01,798 [Trainer] :: Updated latest checkpoint at epoch 7
2026-05-09 11:13:02,614 [Trainer] :: New best checkpoint saved with val_iou=0.629829
2026-05-09 11:13:02,614 [Trainer] :: Starting epoch 8
2026-05-09 11:26:17,768 [Trainer] :: Completed epoch 8: train_loss=0.224591 train_iou=0.823311 val_loss=0.332746 val_iou=0.521027 lr=0.00009983
2026-05-09 11:26:18,709 [Trainer] :: Updated latest checkpoint at epoch 8
2026-05-09 11:26:18,710 [Trainer] :: No validation IoU improvement for 1 epoch(s)
2026-05-09 11:26:18,710 [Trainer] :: Starting epoch 9
2026-05-09 11:38:22,682 [Trainer] :: Completed epoch 9: train_loss=0.218115 train_iou=0.826974 val_loss=0.301547 val_iou=0.584985 lr=0.00009978
2026-05-09 11:38:24,060 [Trainer] :: Updated latest checkpoint at epoch 9
2026-05-09 11:38:24,060 [Trainer] :: No validation IoU improvement for 2 epoch(s)
2026-05-09 11:38:24,060 [Trainer] :: Starting epoch 10
2026-05-09 11:50:28,843 [Trainer] :: Completed epoch 10: train_loss=0.205897 train_iou=0.838714 val_loss=0.339107 val_iou=0.548603 lr=0.00009973
2026-05-09 11:50:29,800 [Trainer] :: Updated latest checkpoint at epoch 10
2026-05-09 11:50:29,800 [Trainer] :: No validation IoU improvement for 3 epoch(s)
2026-05-09 11:50:29,800 [Trainer] :: Starting epoch 11
2026-05-09 12:03:24,551 [Trainer] :: Completed epoch 11: train_loss=0.194505 train_iou=0.847619 val_loss=0.319431 val_iou=0.548777 lr=0.00009967
2026-05-09 12:03:25,610 [Trainer] :: Updated latest checkpoint at epoch 11
2026-05-09 12:03:25,610 [Trainer] :: No validation IoU improvement for 4 epoch(s)
2026-05-09 12:03:25,610 [Trainer] :: Starting epoch 12
2026-05-09 12:15:33,220 [Trainer] :: Completed epoch 12: train_loss=0.192267 train_iou=0.848995 val_loss=0.305059 val_iou=0.607228 lr=0.00009961
2026-05-09 12:15:34,234 [Trainer] :: Updated latest checkpoint at epoch 12
2026-05-09 12:15:34,234 [Trainer] :: No validation IoU improvement for 5 epoch(s)
2026-05-09 12:15:34,234 [Trainer] :: Starting epoch 13
2026-05-09 12:26:19,184 [Trainer] :: Completed epoch 13: train_loss=0.190812 train_iou=0.847412 val_loss=0.287050 val_iou=0.609521 lr=0.00009954
2026-05-09 12:26:20,116 [Trainer] :: Updated latest checkpoint at epoch 13
2026-05-09 12:26:20,116 [Trainer] :: No validation IoU improvement for 6 epoch(s)
2026-05-09 12:26:20,116 [Trainer] :: Starting epoch 14
2026-05-09 12:38:33,885 [Trainer] :: Completed epoch 14: train_loss=0.184422 train_iou=0.853889 val_loss=0.298375 val_iou=0.598735 lr=0.00009947
2026-05-09 12:38:34,809 [Trainer] :: Updated latest checkpoint at epoch 14
2026-05-09 12:38:34,810 [Trainer] :: No validation IoU improvement for 7 epoch(s)
2026-05-09 12:38:34,810 [Trainer] :: Starting epoch 15
2026-05-09 12:51:01,276 [Trainer] :: Completed epoch 15: train_loss=0.176099 train_iou=0.860660 val_loss=0.309868 val_iou=0.600706 lr=0.00009939
2026-05-09 12:51:02,040 [Trainer] :: Updated latest checkpoint at epoch 15
2026-05-09 12:51:02,040 [Trainer] :: No validation IoU improvement for 8 epoch(s)
2026-05-09 12:51:02,040 [Trainer] :: Starting epoch 16
2026-05-09 13:03:47,220 [Trainer] :: Completed epoch 16: train_loss=0.173442 train_iou=0.864107 val_loss=0.301632 val_iou=0.618370 lr=0.00009931
2026-05-09 13:03:47,961 [Trainer] :: Updated latest checkpoint at epoch 16
2026-05-09 13:03:47,961 [Trainer] :: No validation IoU improvement for 9 epoch(s)
2026-05-09 13:03:47,961 [Trainer] :: Starting epoch 17
2026-05-09 13:15:49,762 [Trainer] :: Completed epoch 17: train_loss=0.162749 train_iou=0.873420 val_loss=0.310472 val_iou=0.568470 lr=0.00009922
2026-05-09 13:15:51,136 [Trainer] :: Updated latest checkpoint at epoch 17
2026-05-09 13:15:51,136 [Trainer] :: No validation IoU improvement for 10 epoch(s)
2026-05-09 13:15:51,137 [Trainer] :: Starting epoch 18
2026-05-09 13:27:22,289 [Trainer] :: Completed epoch 18: train_loss=0.157133 train_iou=0.878392 val_loss=0.294277 val_iou=0.608464 lr=0.00009912
2026-05-09 13:27:23,080 [Trainer] :: Updated latest checkpoint at epoch 18
2026-05-09 13:27:23,080 [Trainer] :: No validation IoU improvement for 11 epoch(s)
2026-05-09 13:27:23,080 [Trainer] :: Starting epoch 19
2026-05-09 13:39:25,023 [Trainer] :: Completed epoch 19: train_loss=0.154093 train_iou=0.880697 val_loss=0.291063 val_iou=0.630741 lr=0.00009902
2026-05-09 13:39:25,776 [Trainer] :: Updated latest checkpoint at epoch 19
2026-05-09 13:39:26,373 [Trainer] :: New best checkpoint saved with val_iou=0.630741
2026-05-09 13:39:26,373 [Trainer] :: Starting epoch 20
2026-05-09 13:51:20,199 [Trainer] :: Completed epoch 20: train_loss=0.153583 train_iou=0.881733 val_loss=0.291795 val_iou=0.611672 lr=0.00009892
2026-05-09 13:51:21,220 [Trainer] :: Updated latest checkpoint at epoch 20
2026-05-09 13:51:21,220 [Trainer] :: No validation IoU improvement for 1 epoch(s)
2026-05-09 13:51:21,220 [Trainer] :: Starting epoch 21
2026-05-09 14:03:34,953 [Trainer] :: Completed epoch 21: train_loss=0.151540 train_iou=0.884176 val_loss=0.298793 val_iou=0.625959 lr=0.00009881
2026-05-09 14:03:36,475 [Trainer] :: Updated latest checkpoint at epoch 21
2026-05-09 14:03:36,476 [Trainer] :: No validation IoU improvement for 2 epoch(s)
2026-05-09 14:03:36,476 [Trainer] :: Starting epoch 22
2026-05-09 14:15:34,524 [Trainer] :: Completed epoch 22: train_loss=0.143517 train_iou=0.890143 val_loss=0.308424 val_iou=0.602782 lr=0.00009869
2026-05-09 14:15:35,485 [Trainer] :: Updated latest checkpoint at epoch 22
2026-05-09 14:15:35,485 [Trainer] :: No validation IoU improvement for 3 epoch(s)
2026-05-09 14:15:35,485 [Trainer] :: Starting epoch 23
2026-05-09 14:26:52,393 [Trainer] :: Completed epoch 23: train_loss=0.144790 train_iou=0.889093 val_loss=0.338682 val_iou=0.559822 lr=0.00009857
2026-05-09 14:26:53,278 [Trainer] :: Updated latest checkpoint at epoch 23
2026-05-09 14:26:53,278 [Trainer] :: No validation IoU improvement for 4 epoch(s)
2026-05-09 14:26:53,278 [Trainer] :: Starting epoch 24
2026-05-09 14:37:50,644 [Trainer] :: Completed epoch 24: train_loss=0.139496 train_iou=0.894150 val_loss=0.305620 val_iou=0.609108 lr=0.00009844
2026-05-09 14:37:51,987 [Trainer] :: Updated latest checkpoint at epoch 24
2026-05-09 14:37:51,987 [Trainer] :: No validation IoU improvement for 5 epoch(s)
2026-05-09 14:37:51,987 [Trainer] :: Starting epoch 25
2026-05-09 14:49:47,407 [Trainer] :: Completed epoch 25: train_loss=0.138787 train_iou=0.893906 val_loss=0.301610 val_iou=0.615134 lr=0.00009831
2026-05-09 14:49:48,507 [Trainer] :: Updated latest checkpoint at epoch 25
2026-05-09 14:49:48,507 [Trainer] :: No validation IoU improvement for 6 epoch(s)
2026-05-09 14:49:48,507 [Trainer] :: Starting epoch 26
2026-05-09 15:02:23,910 [Trainer] :: Completed epoch 26: train_loss=0.137103 train_iou=0.895026 val_loss=0.335530 val_iou=0.579471 lr=0.00009818
2026-05-09 15:02:24,959 [Trainer] :: Updated latest checkpoint at epoch 26
2026-05-09 15:02:24,959 [Trainer] :: No validation IoU improvement for 7 epoch(s)
2026-05-09 15:02:24,959 [Trainer] :: Starting epoch 27
2026-05-09 15:14:12,976 [Trainer] :: Completed epoch 27: train_loss=0.132106 train_iou=0.901394 val_loss=0.346720 val_iou=0.552017 lr=0.00009803
2026-05-09 15:14:13,958 [Trainer] :: Updated latest checkpoint at epoch 27
2026-05-09 15:14:13,958 [Trainer] :: No validation IoU improvement for 8 epoch(s)
2026-05-09 15:14:13,958 [Trainer] :: Starting epoch 28
2026-05-09 15:26:56,502 [Trainer] :: Completed epoch 28: train_loss=0.140242 train_iou=0.893884 val_loss=0.299252 val_iou=0.604188 lr=0.00009789
2026-05-09 15:26:57,681 [Trainer] :: Updated latest checkpoint at epoch 28
2026-05-09 15:26:57,681 [Trainer] :: No validation IoU improvement for 9 epoch(s)
2026-05-09 15:26:57,681 [Trainer] :: Starting epoch 29
2026-05-09 15:38:23,213 [Trainer] :: Completed epoch 29: train_loss=0.131590 train_iou=0.899659 val_loss=0.307057 val_iou=0.602796 lr=0.00009773
2026-05-09 15:38:23,887 [Trainer] :: Updated latest checkpoint at epoch 29
2026-05-09 15:38:23,887 [Trainer] :: No validation IoU improvement for 10 epoch(s)
2026-05-09 15:38:23,887 [Trainer] :: Starting epoch 30
2026-05-09 15:50:37,152 [Trainer] :: Completed epoch 30: train_loss=0.126778 train_iou=0.904818 val_loss=0.309506 val_iou=0.615143 lr=0.00009758
2026-05-09 15:50:38,281 [Trainer] :: Updated latest checkpoint at epoch 30
2026-05-09 15:50:38,281 [Trainer] :: No validation IoU improvement for 11 epoch(s)
2026-05-09 15:50:38,281 [Trainer] :: Starting epoch 31
2026-05-09 16:03:04,872 [Trainer] :: Completed epoch 31: train_loss=0.127955 train_iou=0.903422 val_loss=0.337606 val_iou=0.576656 lr=0.00009741
2026-05-09 16:03:06,028 [Trainer] :: Updated latest checkpoint at epoch 31
2026-05-09 16:03:06,028 [Trainer] :: No validation IoU improvement for 12 epoch(s)
2026-05-09 16:03:06,028 [Trainer] :: Starting epoch 32
2026-05-09 16:14:14,843 [Trainer] :: Completed epoch 32: train_loss=0.126170 train_iou=0.904751 val_loss=0.307056 val_iou=0.596594 lr=0.00009725
2026-05-09 16:14:16,216 [Trainer] :: Updated latest checkpoint at epoch 32
2026-05-09 16:14:16,216 [Trainer] :: No validation IoU improvement for 13 epoch(s)
2026-05-09 16:14:16,216 [Trainer] :: Starting epoch 33
2026-05-09 16:23:26,966 [Trainer] :: Completed epoch 33: train_loss=0.120219 train_iou=0.910170 val_loss=0.337081 val_iou=0.560827 lr=0.00009707
2026-05-09 16:23:28,136 [Trainer] :: Updated latest checkpoint at epoch 33
2026-05-09 16:23:28,136 [Trainer] :: No validation IoU improvement for 14 epoch(s)
2026-05-09 16:23:28,136 [Trainer] :: Starting epoch 34
2026-05-09 16:31:34,215 [Trainer] :: Completed epoch 34: train_loss=0.120444 train_iou=0.908313 val_loss=0.325502 val_iou=0.574673 lr=0.00009690
2026-05-09 16:31:34,848 [Trainer] :: Updated latest checkpoint at epoch 34
2026-05-09 16:31:34,848 [Trainer] :: No validation IoU improvement for 15 epoch(s)
2026-05-09 16:31:34,848 [Trainer] :: Starting epoch 35
2026-05-09 16:39:57,265 [Trainer] :: Completed epoch 35: train_loss=0.118354 train_iou=0.906382 val_loss=0.320746 val_iou=0.582040 lr=0.00009671
2026-05-09 16:39:57,882 [Trainer] :: Updated latest checkpoint at epoch 35
2026-05-09 16:39:57,882 [Trainer] :: No validation IoU improvement for 16 epoch(s)
2026-05-09 16:39:57,882 [Trainer] :: Starting epoch 36
2026-05-09 16:48:00,476 [Trainer] :: Completed epoch 36: train_loss=0.116602 train_iou=0.909488 val_loss=0.330258 val_iou=0.591753 lr=0.00009652
2026-05-09 16:48:03,732 [Trainer] :: Updated latest checkpoint at epoch 36
2026-05-09 16:48:03,732 [Trainer] :: No validation IoU improvement for 17 epoch(s)
2026-05-09 16:48:03,732 [Trainer] :: Starting epoch 37
2026-05-09 17:00:03,955 [Trainer] :: Completed epoch 37: train_loss=0.118882 train_iou=0.904081 val_loss=0.333998 val_iou=0.593142 lr=0.00009633
2026-05-09 17:00:04,834 [Trainer] :: Updated latest checkpoint at epoch 37
2026-05-09 17:00:04,835 [Trainer] :: No validation IoU improvement for 18 epoch(s)
2026-05-09 17:00:04,835 [Trainer] :: Starting epoch 38
2026-05-09 17:10:36,815 [Trainer] :: Completed epoch 38: train_loss=0.112816 train_iou=0.908117 val_loss=0.355551 val_iou=0.554188 lr=0.00009613
2026-05-09 17:10:37,655 [Trainer] :: Updated latest checkpoint at epoch 38
2026-05-09 17:10:37,655 [Trainer] :: No validation IoU improvement for 19 epoch(s)
2026-05-09 17:10:37,655 [Trainer] :: Starting epoch 39
2026-05-09 17:20:52,701 [Trainer] :: Completed epoch 39: train_loss=0.113745 train_iou=0.906276 val_loss=0.303060 val_iou=0.624501 lr=0.00009593
2026-05-09 17:20:53,589 [Trainer] :: Updated latest checkpoint at epoch 39
2026-05-09 17:20:53,589 [Trainer] :: No validation IoU improvement for 20 epoch(s)
2026-05-09 17:20:53,589 [Trainer] :: Starting epoch 40
2026-05-09 17:31:34,449 [Trainer] :: Completed epoch 40: train_loss=0.103886 train_iou=0.912418 val_loss=0.350703 val_iou=0.569773 lr=0.00009572
2026-05-09 17:31:35,203 [Trainer] :: Updated latest checkpoint at epoch 40
2026-05-09 17:31:35,203 [Trainer] :: No validation IoU improvement for 21 epoch(s)
2026-05-09 17:31:35,203 [Trainer] :: Starting epoch 41
2026-05-09 17:41:48,510 [Trainer] :: Completed epoch 41: train_loss=0.105352 train_iou=0.911889 val_loss=0.370771 val_iou=0.561564 lr=0.00009551
2026-05-09 17:41:49,260 [Trainer] :: Updated latest checkpoint at epoch 41
2026-05-09 17:41:49,260 [Trainer] :: No validation IoU improvement for 22 epoch(s)
2026-05-09 17:41:49,260 [Trainer] :: Starting epoch 42
2026-05-09 17:53:06,709 [Trainer] :: Completed epoch 42: train_loss=0.100656 train_iou=0.912555 val_loss=0.334863 val_iou=0.607618 lr=0.00009529
2026-05-09 17:53:07,706 [Trainer] :: Updated latest checkpoint at epoch 42
2026-05-09 17:53:07,706 [Trainer] :: No validation IoU improvement for 23 epoch(s)
2026-05-09 17:53:07,706 [Trainer] :: Starting epoch 43
2026-05-09 18:04:14,430 [Trainer] :: Completed epoch 43: train_loss=0.096186 train_iou=0.916414 val_loss=0.323746 val_iou=0.594666 lr=0.00009507
2026-05-09 18:04:15,284 [Trainer] :: Updated latest checkpoint at epoch 43
2026-05-09 18:04:15,284 [Trainer] :: No validation IoU improvement for 24 epoch(s)
2026-05-09 18:04:15,284 [Trainer] :: Starting epoch 44
2026-05-09 18:14:27,237 [Trainer] :: Completed epoch 44: train_loss=0.098585 train_iou=0.914151 val_loss=0.314579 val_iou=0.631035 lr=0.00009484
2026-05-09 18:14:27,896 [Trainer] :: Updated latest checkpoint at epoch 44
2026-05-09 18:14:30,043 [Trainer] :: New best checkpoint saved with val_iou=0.631035
2026-05-09 18:14:30,043 [Trainer] :: Starting epoch 45
2026-05-09 18:25:19,803 [Trainer] :: Completed epoch 45: train_loss=0.093279 train_iou=0.916775 val_loss=0.338544 val_iou=0.583074 lr=0.00009460
2026-05-09 18:25:20,700 [Trainer] :: Updated latest checkpoint at epoch 45
2026-05-09 18:25:20,700 [Trainer] :: No validation IoU improvement for 1 epoch(s)
2026-05-09 18:25:20,700 [Trainer] :: Starting epoch 46
2026-05-09 18:36:36,520 [Trainer] :: Completed epoch 46: train_loss=0.094231 train_iou=0.915392 val_loss=0.339641 val_iou=0.605181 lr=0.00009437
2026-05-09 18:36:37,212 [Trainer] :: Updated latest checkpoint at epoch 46
2026-05-09 18:36:37,213 [Trainer] :: No validation IoU improvement for 2 epoch(s)
2026-05-09 18:36:37,213 [Trainer] :: Starting epoch 47
2026-05-09 18:50:36,424 [Trainer] :: Completed epoch 47: train_loss=0.092760 train_iou=0.915391 val_loss=0.327118 val_iou=0.609911 lr=0.00009412
2026-05-09 18:50:37,302 [Trainer] :: Updated latest checkpoint at epoch 47
2026-05-09 18:50:37,302 [Trainer] :: No validation IoU improvement for 3 epoch(s)
2026-05-09 18:50:37,302 [Trainer] :: Starting epoch 48
2026-05-09 19:02:04,462 [Trainer] :: Completed epoch 48: train_loss=0.090226 train_iou=0.919044 val_loss=0.338029 val_iou=0.595103 lr=0.00009388
2026-05-09 19:02:05,263 [Trainer] :: Updated latest checkpoint at epoch 48
2026-05-09 19:02:05,263 [Trainer] :: No validation IoU improvement for 4 epoch(s)
2026-05-09 19:02:05,263 [Trainer] :: Starting epoch 49
2026-05-09 19:12:23,490 [Trainer] :: Completed epoch 49: train_loss=0.088884 train_iou=0.918868 val_loss=0.399547 val_iou=0.574648 lr=0.00009363
2026-05-09 19:12:24,228 [Trainer] :: Updated latest checkpoint at epoch 49
2026-05-09 19:12:24,228 [Trainer] :: No validation IoU improvement for 5 epoch(s)
2026-05-09 19:12:24,228 [Trainer] :: Starting epoch 50
2026-05-09 19:22:10,501 [Trainer] :: Completed epoch 50: train_loss=0.085877 train_iou=0.921415 val_loss=0.339543 val_iou=0.593647 lr=0.00009337
2026-05-09 19:22:11,305 [Trainer] :: Updated latest checkpoint at epoch 50
2026-05-09 19:22:11,305 [Trainer] :: No validation IoU improvement for 6 epoch(s)
2026-05-09 19:22:11,305 [Trainer] :: Starting epoch 51
2026-05-09 19:32:44,836 [Trainer] :: Completed epoch 51: train_loss=0.085253 train_iou=0.922261 val_loss=0.339288 val_iou=0.588082 lr=0.00009311
2026-05-09 19:32:45,977 [Trainer] :: Updated latest checkpoint at epoch 51
2026-05-09 19:32:45,977 [Trainer] :: No validation IoU improvement for 7 epoch(s)
2026-05-09 19:32:45,978 [Trainer] :: Starting epoch 52
2026-05-09 19:43:39,858 [Trainer] :: Completed epoch 52: train_loss=0.084569 train_iou=0.922708 val_loss=0.367359 val_iou=0.594024 lr=0.00009284
2026-05-09 19:43:40,641 [Trainer] :: Updated latest checkpoint at epoch 52
2026-05-09 19:43:40,642 [Trainer] :: No validation IoU improvement for 8 epoch(s)
2026-05-09 19:43:40,642 [Trainer] :: Starting epoch 53
2026-05-09 19:53:32,449 [Trainer] :: Completed epoch 53: train_loss=0.081590 train_iou=0.924681 val_loss=0.339504 val_iou=0.616391 lr=0.00009257
2026-05-09 19:53:33,187 [Trainer] :: Updated latest checkpoint at epoch 53
2026-05-09 19:53:33,187 [Trainer] :: No validation IoU improvement for 9 epoch(s)
2026-05-09 19:53:33,187 [Trainer] :: Starting epoch 54
2026-05-09 20:05:01,471 [Trainer] :: Completed epoch 54: train_loss=0.080383 train_iou=0.925027 val_loss=0.343759 val_iou=0.608576 lr=0.00009229
2026-05-09 20:05:03,352 [Trainer] :: Updated latest checkpoint at epoch 54
2026-05-09 20:05:03,352 [Trainer] :: No validation IoU improvement for 10 epoch(s)
2026-05-09 20:05:03,352 [Trainer] :: Starting epoch 55
2026-05-09 20:15:43,262 [Trainer] :: Completed epoch 55: train_loss=0.083966 train_iou=0.921879 val_loss=0.344926 val_iou=0.598293 lr=0.00009201
2026-05-09 20:15:44,265 [Trainer] :: Updated latest checkpoint at epoch 55
2026-05-09 20:15:44,265 [Trainer] :: No validation IoU improvement for 11 epoch(s)
2026-05-09 20:15:44,265 [Trainer] :: Starting epoch 56
2026-05-09 20:24:55,551 [Trainer] :: Completed epoch 56: train_loss=0.081387 train_iou=0.924703 val_loss=0.337344 val_iou=0.604014 lr=0.00009173
2026-05-09 20:24:56,346 [Trainer] :: Updated latest checkpoint at epoch 56
2026-05-09 20:24:56,346 [Trainer] :: No validation IoU improvement for 12 epoch(s)
2026-05-09 20:24:56,346 [Trainer] :: Starting epoch 57
2026-05-09 20:35:30,043 [Trainer] :: Completed epoch 57: train_loss=0.078329 train_iou=0.927466 val_loss=0.338704 val_iou=0.613387 lr=0.00009144
2026-05-09 20:35:31,066 [Trainer] :: Updated latest checkpoint at epoch 57
2026-05-09 20:35:31,066 [Trainer] :: No validation IoU improvement for 13 epoch(s)
2026-05-09 20:35:31,066 [Trainer] :: Starting epoch 58
2026-05-09 20:46:54,061 [Trainer] :: Completed epoch 58: train_loss=0.079065 train_iou=0.927905 val_loss=0.408287 val_iou=0.552275 lr=0.00009115
2026-05-09 20:46:54,833 [Trainer] :: Updated latest checkpoint at epoch 58
2026-05-09 20:46:54,833 [Trainer] :: No validation IoU improvement for 14 epoch(s)
2026-05-09 20:46:54,833 [Trainer] :: Starting epoch 59
2026-05-09 20:57:43,589 [Trainer] :: Completed epoch 59: train_loss=0.078371 train_iou=0.926349 val_loss=0.367055 val_iou=0.573217 lr=0.00009085
2026-05-09 20:57:44,828 [Trainer] :: Updated latest checkpoint at epoch 59
2026-05-09 20:57:44,829 [Trainer] :: No validation IoU improvement for 15 epoch(s)
2026-05-09 20:57:44,829 [Trainer] :: Starting epoch 60
2026-05-09 21:07:10,305 [Trainer] :: Completed epoch 60: train_loss=0.078783 train_iou=0.927305 val_loss=0.371475 val_iou=0.594154 lr=0.00009055
2026-05-09 21:07:11,292 [Trainer] :: Updated latest checkpoint at epoch 60
2026-05-09 21:07:11,292 [Trainer] :: No validation IoU improvement for 16 epoch(s)
2026-05-09 21:07:11,292 [Trainer] :: Starting epoch 61
2026-05-09 21:16:51,409 [Trainer] :: Completed epoch 61: train_loss=0.075884 train_iou=0.928989 val_loss=0.393924 val_iou=0.565534 lr=0.00009024
2026-05-09 21:16:52,177 [Trainer] :: Updated latest checkpoint at epoch 61
2026-05-09 21:16:52,177 [Trainer] :: No validation IoU improvement for 17 epoch(s)
2026-05-09 21:16:52,177 [Trainer] :: Starting epoch 62
2026-05-09 21:26:51,720 [Trainer] :: Completed epoch 62: train_loss=0.074721 train_iou=0.930256 val_loss=0.364626 val_iou=0.586767 lr=0.00008993
2026-05-09 21:26:52,756 [Trainer] :: Updated latest checkpoint at epoch 62
2026-05-09 21:26:52,757 [Trainer] :: No validation IoU improvement for 18 epoch(s)
2026-05-09 21:26:52,757 [Trainer] :: Starting epoch 63
2026-05-09 21:36:50,356 [Trainer] :: Completed epoch 63: train_loss=0.075602 train_iou=0.929731 val_loss=0.407366 val_iou=0.580590 lr=0.00008961
2026-05-09 21:36:51,546 [Trainer] :: Updated latest checkpoint at epoch 63
2026-05-09 21:36:51,546 [Trainer] :: No validation IoU improvement for 19 epoch(s)
2026-05-09 21:36:51,546 [Trainer] :: Starting epoch 64
