2026-05-01 04:58:04,948 [Trainer] :: Training run initialized at /ceph/home/student.aau.dk/qd36zu/fuzzy-p10/tbd/masking/outputs/runs/rgb_unetplusplus_resnet50_seed50_20260501T025804Z
2026-05-01 04:58:04,948 [Trainer] :: Loaded config from /ceph/home/student.aau.dk/qd36zu/fuzzy-p10/tbd/masking/configs/binary/rgb_unetpp_resnet50.yaml
2026-05-01 04:58:04,948 [Trainer] :: Using seed=50 and device=None
2026-05-01 04:58:04,949 [Trainer] :: Using model architecture=UnetPlusPlus encoder=resnet50 encoder_weights=imagenet
2026-05-01 04:58:05,290 [Trainer] :: Resolved runtime device to cuda
2026-05-01 04:58:05,290 [Trainer] :: Prepared normalization from source=imagenet
2026-05-01 04:58:09,205 [Trainer] :: Built dataloaders with batch_size=16, num_workers=0
2026-05-01 04:58:09,207 [Trainer] :: Starting epoch 1
2026-05-01 05:02:25,900 [Trainer] :: Completed epoch 1: train_loss=0.432051 train_iou=0.664674 val_loss=0.431280 val_iou=0.498383 lr=0.00010000
2026-05-01 05:02:26,643 [Trainer] :: Updated latest checkpoint at epoch 1
2026-05-01 05:02:27,292 [Trainer] :: New best checkpoint saved with val_iou=0.498383
2026-05-01 05:02:27,293 [Trainer] :: Starting epoch 2
2026-05-01 05:06:40,963 [Trainer] :: Completed epoch 2: train_loss=0.334025 train_iou=0.741740 val_loss=0.354030 val_iou=0.597749 lr=0.00009999
2026-05-01 05:06:41,533 [Trainer] :: Updated latest checkpoint at epoch 2
2026-05-01 05:06:42,076 [Trainer] :: New best checkpoint saved with val_iou=0.597749
2026-05-01 05:06:42,076 [Trainer] :: Starting epoch 3
2026-05-01 05:10:52,246 [Trainer] :: Completed epoch 3: train_loss=0.297113 train_iou=0.759899 val_loss=0.333248 val_iou=0.553053 lr=0.00009998
2026-05-01 05:10:52,817 [Trainer] :: Updated latest checkpoint at epoch 3
2026-05-01 05:10:52,817 [Trainer] :: No validation IoU improvement for 1 epoch(s)
2026-05-01 05:10:52,817 [Trainer] :: Starting epoch 4
2026-05-01 05:15:04,617 [Trainer] :: Completed epoch 4: train_loss=0.270737 train_iou=0.774618 val_loss=0.309641 val_iou=0.607364 lr=0.00009996
2026-05-01 05:15:05,261 [Trainer] :: Updated latest checkpoint at epoch 4
2026-05-01 05:15:05,808 [Trainer] :: New best checkpoint saved with val_iou=0.607364
2026-05-01 05:15:05,809 [Trainer] :: Starting epoch 5
2026-05-01 05:19:20,688 [Trainer] :: Completed epoch 5: train_loss=0.255156 train_iou=0.781163 val_loss=0.334194 val_iou=0.552371 lr=0.00009993
2026-05-01 05:19:21,503 [Trainer] :: Updated latest checkpoint at epoch 5
2026-05-01 05:19:21,503 [Trainer] :: No validation IoU improvement for 1 epoch(s)
2026-05-01 05:19:21,503 [Trainer] :: Starting epoch 6
2026-05-01 05:23:35,551 [Trainer] :: Completed epoch 6: train_loss=0.248319 train_iou=0.784338 val_loss=0.329045 val_iou=0.551854 lr=0.00009990
2026-05-01 05:23:36,149 [Trainer] :: Updated latest checkpoint at epoch 6
2026-05-01 05:23:36,150 [Trainer] :: No validation IoU improvement for 2 epoch(s)
2026-05-01 05:23:36,150 [Trainer] :: Starting epoch 7
2026-05-01 05:27:49,211 [Trainer] :: Completed epoch 7: train_loss=0.226731 train_iou=0.805403 val_loss=0.329845 val_iou=0.531583 lr=0.00009987
2026-05-01 05:27:49,834 [Trainer] :: Updated latest checkpoint at epoch 7
2026-05-01 05:27:49,834 [Trainer] :: No validation IoU improvement for 3 epoch(s)
2026-05-01 05:27:49,834 [Trainer] :: Starting epoch 8
2026-05-01 05:32:03,140 [Trainer] :: Completed epoch 8: train_loss=0.221499 train_iou=0.807800 val_loss=0.292081 val_iou=0.588442 lr=0.00009983
2026-05-01 05:32:03,792 [Trainer] :: Updated latest checkpoint at epoch 8
2026-05-01 05:32:03,792 [Trainer] :: No validation IoU improvement for 4 epoch(s)
2026-05-01 05:32:03,792 [Trainer] :: Starting epoch 9
2026-05-01 05:36:14,996 [Trainer] :: Completed epoch 9: train_loss=0.213098 train_iou=0.815141 val_loss=0.282440 val_iou=0.607788 lr=0.00009978
2026-05-01 05:36:15,597 [Trainer] :: Updated latest checkpoint at epoch 9
2026-05-01 05:36:16,155 [Trainer] :: New best checkpoint saved with val_iou=0.607788
2026-05-01 05:36:16,155 [Trainer] :: Starting epoch 10
2026-05-01 05:40:28,743 [Trainer] :: Completed epoch 10: train_loss=0.205235 train_iou=0.818417 val_loss=0.293170 val_iou=0.597340 lr=0.00009973
2026-05-01 05:40:29,338 [Trainer] :: Updated latest checkpoint at epoch 10
2026-05-01 05:40:29,338 [Trainer] :: No validation IoU improvement for 1 epoch(s)
2026-05-01 05:40:29,338 [Trainer] :: Starting epoch 11
2026-05-01 05:44:55,950 [Trainer] :: Completed epoch 11: train_loss=0.195083 train_iou=0.830623 val_loss=0.340043 val_iou=0.521874 lr=0.00009967
2026-05-01 05:44:56,554 [Trainer] :: Updated latest checkpoint at epoch 11
2026-05-01 05:44:56,554 [Trainer] :: No validation IoU improvement for 2 epoch(s)
2026-05-01 05:44:56,554 [Trainer] :: Starting epoch 12
2026-05-01 05:49:05,900 [Trainer] :: Completed epoch 12: train_loss=0.194303 train_iou=0.829131 val_loss=0.308169 val_iou=0.558357 lr=0.00009961
2026-05-01 05:49:06,621 [Trainer] :: Updated latest checkpoint at epoch 12
2026-05-01 05:49:06,621 [Trainer] :: No validation IoU improvement for 3 epoch(s)
2026-05-01 05:49:06,621 [Trainer] :: Starting epoch 13
2026-05-01 05:53:23,135 [Trainer] :: Completed epoch 13: train_loss=0.176283 train_iou=0.846917 val_loss=0.287445 val_iou=0.604449 lr=0.00009954
2026-05-01 05:53:24,421 [Trainer] :: Updated latest checkpoint at epoch 13
2026-05-01 05:53:24,421 [Trainer] :: No validation IoU improvement for 4 epoch(s)
2026-05-01 05:53:24,421 [Trainer] :: Starting epoch 14
2026-05-01 05:57:44,751 [Trainer] :: Completed epoch 14: train_loss=0.185817 train_iou=0.833855 val_loss=0.277775 val_iou=0.611316 lr=0.00009947
2026-05-01 05:57:45,373 [Trainer] :: Updated latest checkpoint at epoch 14
2026-05-01 05:57:45,938 [Trainer] :: New best checkpoint saved with val_iou=0.611316
2026-05-01 05:57:45,938 [Trainer] :: Starting epoch 15
2026-05-01 06:01:55,338 [Trainer] :: Completed epoch 15: train_loss=0.174111 train_iou=0.849616 val_loss=0.341804 val_iou=0.496607 lr=0.00009939
2026-05-01 06:01:56,206 [Trainer] :: Updated latest checkpoint at epoch 15
2026-05-01 06:01:56,206 [Trainer] :: No validation IoU improvement for 1 epoch(s)
2026-05-01 06:01:56,206 [Trainer] :: Starting epoch 16
2026-05-01 06:06:07,905 [Trainer] :: Completed epoch 16: train_loss=0.169252 train_iou=0.849922 val_loss=0.273289 val_iou=0.627823 lr=0.00009931
2026-05-01 06:06:08,563 [Trainer] :: Updated latest checkpoint at epoch 16
2026-05-01 06:06:09,155 [Trainer] :: New best checkpoint saved with val_iou=0.627823
2026-05-01 06:06:09,156 [Trainer] :: Starting epoch 17
2026-05-01 06:10:25,829 [Trainer] :: Completed epoch 17: train_loss=0.164871 train_iou=0.857102 val_loss=0.291631 val_iou=0.592186 lr=0.00009922
2026-05-01 06:10:26,607 [Trainer] :: Updated latest checkpoint at epoch 17
2026-05-01 06:10:26,607 [Trainer] :: No validation IoU improvement for 1 epoch(s)
2026-05-01 06:10:26,607 [Trainer] :: Starting epoch 18
2026-05-01 06:14:46,613 [Trainer] :: Completed epoch 18: train_loss=0.164203 train_iou=0.855593 val_loss=0.303268 val_iou=0.557318 lr=0.00009912
2026-05-01 06:14:47,241 [Trainer] :: Updated latest checkpoint at epoch 18
2026-05-01 06:14:47,241 [Trainer] :: No validation IoU improvement for 2 epoch(s)
2026-05-01 06:14:47,241 [Trainer] :: Starting epoch 19
2026-05-01 06:19:05,524 [Trainer] :: Completed epoch 19: train_loss=0.159000 train_iou=0.863206 val_loss=0.305111 val_iou=0.575982 lr=0.00009902
2026-05-01 06:19:06,244 [Trainer] :: Updated latest checkpoint at epoch 19
2026-05-01 06:19:06,245 [Trainer] :: No validation IoU improvement for 3 epoch(s)
2026-05-01 06:19:06,245 [Trainer] :: Starting epoch 20
2026-05-01 06:23:20,451 [Trainer] :: Completed epoch 20: train_loss=0.154131 train_iou=0.868333 val_loss=0.300791 val_iou=0.588781 lr=0.00009892
2026-05-01 06:23:21,170 [Trainer] :: Updated latest checkpoint at epoch 20
2026-05-01 06:23:21,170 [Trainer] :: No validation IoU improvement for 4 epoch(s)
2026-05-01 06:23:21,170 [Trainer] :: Starting epoch 21
2026-05-01 06:27:34,158 [Trainer] :: Completed epoch 21: train_loss=0.150214 train_iou=0.869110 val_loss=0.319343 val_iou=0.549546 lr=0.00009881
2026-05-01 06:27:34,869 [Trainer] :: Updated latest checkpoint at epoch 21
2026-05-01 06:27:34,869 [Trainer] :: No validation IoU improvement for 5 epoch(s)
2026-05-01 06:27:34,869 [Trainer] :: Starting epoch 22
2026-05-01 06:31:52,025 [Trainer] :: Completed epoch 22: train_loss=0.147872 train_iou=0.870527 val_loss=0.289713 val_iou=0.603624 lr=0.00009869
2026-05-01 06:31:52,713 [Trainer] :: Updated latest checkpoint at epoch 22
2026-05-01 06:31:52,714 [Trainer] :: No validation IoU improvement for 6 epoch(s)
2026-05-01 06:31:52,714 [Trainer] :: Starting epoch 23
2026-05-01 06:36:17,970 [Trainer] :: Completed epoch 23: train_loss=0.145982 train_iou=0.872193 val_loss=0.291792 val_iou=0.595154 lr=0.00009857
2026-05-01 06:36:18,592 [Trainer] :: Updated latest checkpoint at epoch 23
2026-05-01 06:36:18,592 [Trainer] :: No validation IoU improvement for 7 epoch(s)
2026-05-01 06:36:18,592 [Trainer] :: Starting epoch 24
2026-05-01 06:40:34,075 [Trainer] :: Completed epoch 24: train_loss=0.137211 train_iou=0.883226 val_loss=0.324112 val_iou=0.549815 lr=0.00009844
2026-05-01 06:40:35,161 [Trainer] :: Updated latest checkpoint at epoch 24
2026-05-01 06:40:35,162 [Trainer] :: No validation IoU improvement for 8 epoch(s)
2026-05-01 06:40:35,162 [Trainer] :: Starting epoch 25
2026-05-01 06:44:54,597 [Trainer] :: Completed epoch 25: train_loss=0.136071 train_iou=0.877405 val_loss=0.300331 val_iou=0.578945 lr=0.00009831
2026-05-01 06:44:55,240 [Trainer] :: Updated latest checkpoint at epoch 25
2026-05-01 06:44:55,240 [Trainer] :: No validation IoU improvement for 9 epoch(s)
2026-05-01 06:44:55,240 [Trainer] :: Starting epoch 26
2026-05-01 06:49:05,705 [Trainer] :: Completed epoch 26: train_loss=0.128647 train_iou=0.884939 val_loss=0.285842 val_iou=0.613357 lr=0.00009818
2026-05-01 06:49:06,338 [Trainer] :: Updated latest checkpoint at epoch 26
2026-05-01 06:49:06,338 [Trainer] :: No validation IoU improvement for 10 epoch(s)
2026-05-01 06:49:06,338 [Trainer] :: Starting epoch 27
2026-05-01 06:53:17,016 [Trainer] :: Completed epoch 27: train_loss=0.126559 train_iou=0.883850 val_loss=0.330366 val_iou=0.556398 lr=0.00009803
2026-05-01 06:53:17,640 [Trainer] :: Updated latest checkpoint at epoch 27
2026-05-01 06:53:17,640 [Trainer] :: No validation IoU improvement for 11 epoch(s)
2026-05-01 06:53:17,640 [Trainer] :: Starting epoch 28
2026-05-01 06:57:27,657 [Trainer] :: Completed epoch 28: train_loss=0.121937 train_iou=0.888635 val_loss=0.284380 val_iou=0.598768 lr=0.00009789
2026-05-01 06:57:28,297 [Trainer] :: Updated latest checkpoint at epoch 28
2026-05-01 06:57:28,297 [Trainer] :: No validation IoU improvement for 12 epoch(s)
2026-05-01 06:57:28,297 [Trainer] :: Starting epoch 29
2026-05-01 07:01:39,451 [Trainer] :: Completed epoch 29: train_loss=0.118008 train_iou=0.888661 val_loss=0.318349 val_iou=0.574692 lr=0.00009773
2026-05-01 07:01:40,086 [Trainer] :: Updated latest checkpoint at epoch 29
2026-05-01 07:01:40,086 [Trainer] :: No validation IoU improvement for 13 epoch(s)
2026-05-01 07:01:40,086 [Trainer] :: Starting epoch 30
2026-05-01 07:05:50,157 [Trainer] :: Completed epoch 30: train_loss=0.111948 train_iou=0.893173 val_loss=0.314115 val_iou=0.570916 lr=0.00009758
2026-05-01 07:05:50,799 [Trainer] :: Updated latest checkpoint at epoch 30
2026-05-01 07:05:50,799 [Trainer] :: No validation IoU improvement for 14 epoch(s)
2026-05-01 07:05:50,799 [Trainer] :: Starting epoch 31
2026-05-01 07:10:00,137 [Trainer] :: Completed epoch 31: train_loss=0.111530 train_iou=0.895111 val_loss=0.300297 val_iou=0.598637 lr=0.00009741
2026-05-01 07:10:00,758 [Trainer] :: Updated latest checkpoint at epoch 31
2026-05-01 07:10:00,758 [Trainer] :: No validation IoU improvement for 15 epoch(s)
2026-05-01 07:10:00,758 [Trainer] :: Starting epoch 32
2026-05-01 07:14:09,934 [Trainer] :: Completed epoch 32: train_loss=0.107670 train_iou=0.894689 val_loss=0.326238 val_iou=0.557700 lr=0.00009725
2026-05-01 07:14:10,720 [Trainer] :: Updated latest checkpoint at epoch 32
2026-05-01 07:14:10,720 [Trainer] :: No validation IoU improvement for 16 epoch(s)
2026-05-01 07:14:10,720 [Trainer] :: Starting epoch 33
2026-05-01 07:18:33,094 [Trainer] :: Completed epoch 33: train_loss=0.103067 train_iou=0.899310 val_loss=0.325252 val_iou=0.548811 lr=0.00009707
2026-05-01 07:18:33,795 [Trainer] :: Updated latest checkpoint at epoch 33
2026-05-01 07:18:33,795 [Trainer] :: No validation IoU improvement for 17 epoch(s)
2026-05-01 07:18:33,795 [Trainer] :: Starting epoch 34
2026-05-01 07:22:53,670 [Trainer] :: Completed epoch 34: train_loss=0.104926 train_iou=0.896232 val_loss=0.283483 val_iou=0.624117 lr=0.00009690
2026-05-01 07:22:54,465 [Trainer] :: Updated latest checkpoint at epoch 34
2026-05-01 07:22:54,465 [Trainer] :: No validation IoU improvement for 18 epoch(s)
2026-05-01 07:22:54,465 [Trainer] :: Starting epoch 35
2026-05-01 07:27:15,544 [Trainer] :: Completed epoch 35: train_loss=0.106189 train_iou=0.892914 val_loss=0.315978 val_iou=0.563575 lr=0.00009671
2026-05-01 07:27:16,289 [Trainer] :: Updated latest checkpoint at epoch 35
2026-05-01 07:27:16,289 [Trainer] :: No validation IoU improvement for 19 epoch(s)
2026-05-01 07:27:16,289 [Trainer] :: Starting epoch 36
2026-05-01 07:31:34,728 [Trainer] :: Completed epoch 36: train_loss=0.102040 train_iou=0.898856 val_loss=0.287930 val_iou=0.600751 lr=0.00009652
2026-05-01 07:31:35,372 [Trainer] :: Updated latest checkpoint at epoch 36
2026-05-01 07:31:35,373 [Trainer] :: No validation IoU improvement for 20 epoch(s)
2026-05-01 07:31:35,373 [Trainer] :: Starting epoch 37
2026-05-01 07:35:45,116 [Trainer] :: Completed epoch 37: train_loss=0.097032 train_iou=0.901211 val_loss=0.315966 val_iou=0.596190 lr=0.00009633
2026-05-01 07:35:45,764 [Trainer] :: Updated latest checkpoint at epoch 37
2026-05-01 07:35:45,764 [Trainer] :: No validation IoU improvement for 21 epoch(s)
2026-05-01 07:35:45,764 [Trainer] :: Starting epoch 38
2026-05-01 07:40:02,919 [Trainer] :: Completed epoch 38: train_loss=0.091922 train_iou=0.906475 val_loss=0.329895 val_iou=0.563754 lr=0.00009613
2026-05-01 07:40:03,650 [Trainer] :: Updated latest checkpoint at epoch 38
2026-05-01 07:40:03,650 [Trainer] :: No validation IoU improvement for 22 epoch(s)
2026-05-01 07:40:03,650 [Trainer] :: Starting epoch 39
2026-05-01 07:44:31,556 [Trainer] :: Completed epoch 39: train_loss=0.090626 train_iou=0.906628 val_loss=0.337049 val_iou=0.540829 lr=0.00009593
2026-05-01 07:44:32,189 [Trainer] :: Updated latest checkpoint at epoch 39
2026-05-01 07:44:32,190 [Trainer] :: No validation IoU improvement for 23 epoch(s)
2026-05-01 07:44:32,190 [Trainer] :: Starting epoch 40
2026-05-01 07:48:49,317 [Trainer] :: Completed epoch 40: train_loss=0.090420 train_iou=0.907096 val_loss=0.301441 val_iou=0.586274 lr=0.00009572
2026-05-01 07:48:50,067 [Trainer] :: Updated latest checkpoint at epoch 40
2026-05-01 07:48:50,068 [Trainer] :: No validation IoU improvement for 24 epoch(s)
2026-05-01 07:48:50,068 [Trainer] :: Starting epoch 41
2026-05-01 07:53:00,091 [Trainer] :: Completed epoch 41: train_loss=0.089890 train_iou=0.909756 val_loss=0.307846 val_iou=0.584324 lr=0.00009551
2026-05-01 07:53:00,824 [Trainer] :: Updated latest checkpoint at epoch 41
2026-05-01 07:53:00,824 [Trainer] :: No validation IoU improvement for 25 epoch(s)
2026-05-01 07:53:00,824 [Trainer] :: Starting epoch 42
2026-05-01 07:57:11,663 [Trainer] :: Completed epoch 42: train_loss=0.092938 train_iou=0.906558 val_loss=0.320120 val_iou=0.553611 lr=0.00009529
2026-05-01 07:57:12,365 [Trainer] :: Updated latest checkpoint at epoch 42
2026-05-01 07:57:12,365 [Trainer] :: No validation IoU improvement for 26 epoch(s)
2026-05-01 07:57:12,365 [Trainer] :: Starting epoch 43
2026-05-01 08:01:27,682 [Trainer] :: Completed epoch 43: train_loss=0.086121 train_iou=0.909640 val_loss=0.332846 val_iou=0.564357 lr=0.00009507
2026-05-01 08:01:28,432 [Trainer] :: Updated latest checkpoint at epoch 43
2026-05-01 08:01:28,432 [Trainer] :: No validation IoU improvement for 27 epoch(s)
2026-05-01 08:01:28,432 [Trainer] :: Starting epoch 44
2026-05-01 08:05:39,916 [Trainer] :: Completed epoch 44: train_loss=0.086103 train_iou=0.911843 val_loss=0.316431 val_iou=0.589040 lr=0.00009484
2026-05-01 08:05:40,656 [Trainer] :: Updated latest checkpoint at epoch 44
2026-05-01 08:05:40,656 [Trainer] :: No validation IoU improvement for 28 epoch(s)
2026-05-01 08:05:40,656 [Trainer] :: Starting epoch 45
2026-05-01 08:10:05,121 [Trainer] :: Completed epoch 45: train_loss=0.086119 train_iou=0.911255 val_loss=0.331863 val_iou=0.556469 lr=0.00009460
2026-05-01 08:10:06,270 [Trainer] :: Updated latest checkpoint at epoch 45
2026-05-01 08:10:06,271 [Trainer] :: No validation IoU improvement for 29 epoch(s)
2026-05-01 08:10:06,271 [Trainer] :: Starting epoch 46
2026-05-01 08:14:35,667 [Trainer] :: Completed epoch 46: train_loss=0.081324 train_iou=0.915985 val_loss=0.335213 val_iou=0.578787 lr=0.00009437
2026-05-01 08:14:36,363 [Trainer] :: Updated latest checkpoint at epoch 46
2026-05-01 08:14:36,363 [Trainer] :: No validation IoU improvement for 30 epoch(s)
2026-05-01 08:14:36,363 [Trainer] :: Starting epoch 47
2026-05-01 08:18:46,633 [Trainer] :: Completed epoch 47: train_loss=0.078821 train_iou=0.918241 val_loss=0.371988 val_iou=0.506371 lr=0.00009412
2026-05-01 08:18:47,266 [Trainer] :: Updated latest checkpoint at epoch 47
2026-05-01 08:18:47,266 [Trainer] :: No validation IoU improvement for 31 epoch(s)
2026-05-01 08:18:47,266 [Trainer] :: Starting epoch 48
2026-05-01 08:22:57,789 [Trainer] :: Completed epoch 48: train_loss=0.080602 train_iou=0.916535 val_loss=0.302639 val_iou=0.612917 lr=0.00009388
2026-05-01 08:22:58,557 [Trainer] :: Updated latest checkpoint at epoch 48
2026-05-01 08:22:58,557 [Trainer] :: No validation IoU improvement for 32 epoch(s)
2026-05-01 08:22:58,557 [Trainer] :: Starting epoch 49
2026-05-01 08:27:06,962 [Trainer] :: Completed epoch 49: train_loss=0.079935 train_iou=0.915923 val_loss=0.316916 val_iou=0.588216 lr=0.00009363
2026-05-01 08:27:07,706 [Trainer] :: Updated latest checkpoint at epoch 49
2026-05-01 08:27:07,706 [Trainer] :: No validation IoU improvement for 33 epoch(s)
2026-05-01 08:27:07,706 [Trainer] :: Starting epoch 50
2026-05-01 08:31:18,516 [Trainer] :: Completed epoch 50: train_loss=0.077200 train_iou=0.920382 val_loss=0.315744 val_iou=0.588065 lr=0.00009337
2026-05-01 08:31:19,269 [Trainer] :: Updated latest checkpoint at epoch 50
2026-05-01 08:31:19,269 [Trainer] :: No validation IoU improvement for 34 epoch(s)
2026-05-01 08:31:19,269 [Trainer] :: Starting epoch 51
2026-05-01 08:35:30,513 [Trainer] :: Completed epoch 51: train_loss=0.075845 train_iou=0.920131 val_loss=0.322689 val_iou=0.584729 lr=0.00009311
2026-05-01 08:35:31,156 [Trainer] :: Updated latest checkpoint at epoch 51
2026-05-01 08:35:31,156 [Trainer] :: No validation IoU improvement for 35 epoch(s)
2026-05-01 08:35:31,156 [Trainer] :: Starting epoch 52
2026-05-01 08:39:43,245 [Trainer] :: Completed epoch 52: train_loss=0.074726 train_iou=0.921442 val_loss=0.323519 val_iou=0.579639 lr=0.00009284
2026-05-01 08:39:43,888 [Trainer] :: Updated latest checkpoint at epoch 52
2026-05-01 08:39:43,889 [Trainer] :: No validation IoU improvement for 36 epoch(s)
2026-05-01 08:39:43,889 [Trainer] :: Starting epoch 53
2026-05-01 08:43:55,861 [Trainer] :: Completed epoch 53: train_loss=0.074906 train_iou=0.922178 val_loss=0.293868 val_iou=0.612954 lr=0.00009257
2026-05-01 08:43:56,833 [Trainer] :: Updated latest checkpoint at epoch 53
2026-05-01 08:43:56,833 [Trainer] :: No validation IoU improvement for 37 epoch(s)
2026-05-01 08:43:56,833 [Trainer] :: Starting epoch 54
2026-05-01 08:48:10,914 [Trainer] :: Completed epoch 54: train_loss=0.072894 train_iou=0.922337 val_loss=0.344421 val_iou=0.548460 lr=0.00009229
2026-05-01 08:48:11,548 [Trainer] :: Updated latest checkpoint at epoch 54
2026-05-01 08:48:11,548 [Trainer] :: No validation IoU improvement for 38 epoch(s)
2026-05-01 08:48:11,548 [Trainer] :: Starting epoch 55
2026-05-01 08:52:24,297 [Trainer] :: Completed epoch 55: train_loss=0.070438 train_iou=0.925184 val_loss=0.311676 val_iou=0.603234 lr=0.00009201
2026-05-01 08:52:24,978 [Trainer] :: Updated latest checkpoint at epoch 55
2026-05-01 08:52:24,979 [Trainer] :: No validation IoU improvement for 39 epoch(s)
2026-05-01 08:52:24,979 [Trainer] :: Starting epoch 56
2026-05-01 08:56:39,491 [Trainer] :: Completed epoch 56: train_loss=0.068867 train_iou=0.926504 val_loss=0.323834 val_iou=0.594855 lr=0.00009173
2026-05-01 08:56:40,139 [Trainer] :: Updated latest checkpoint at epoch 56
2026-05-01 08:56:40,139 [Trainer] :: No validation IoU improvement for 40 epoch(s)
2026-05-01 08:56:40,139 [Trainer] :: Starting epoch 57
2026-05-01 09:00:53,180 [Trainer] :: Completed epoch 57: train_loss=0.071792 train_iou=0.923434 val_loss=0.320345 val_iou=0.589800 lr=0.00009144
2026-05-01 09:00:53,824 [Trainer] :: Updated latest checkpoint at epoch 57
2026-05-01 09:00:53,824 [Trainer] :: No validation IoU improvement for 41 epoch(s)
2026-05-01 09:00:53,824 [Trainer] :: Starting epoch 58
2026-05-01 09:05:14,041 [Trainer] :: Completed epoch 58: train_loss=0.069656 train_iou=0.926521 val_loss=0.309757 val_iou=0.602023 lr=0.00009115
2026-05-01 09:05:14,765 [Trainer] :: Updated latest checkpoint at epoch 58
2026-05-01 09:05:14,765 [Trainer] :: No validation IoU improvement for 42 epoch(s)
2026-05-01 09:05:14,765 [Trainer] :: Starting epoch 59
2026-05-01 09:09:36,583 [Trainer] :: Completed epoch 59: train_loss=0.066563 train_iou=0.928615 val_loss=0.353685 val_iou=0.549191 lr=0.00009085
2026-05-01 09:09:37,306 [Trainer] :: Updated latest checkpoint at epoch 59
2026-05-01 09:09:37,306 [Trainer] :: No validation IoU improvement for 43 epoch(s)
2026-05-01 09:09:37,306 [Trainer] :: Starting epoch 60
2026-05-01 09:13:59,580 [Trainer] :: Completed epoch 60: train_loss=0.067780 train_iou=0.927722 val_loss=0.356851 val_iou=0.576905 lr=0.00009055
2026-05-01 09:14:00,297 [Trainer] :: Updated latest checkpoint at epoch 60
2026-05-01 09:14:00,297 [Trainer] :: No validation IoU improvement for 44 epoch(s)
2026-05-01 09:14:00,297 [Trainer] :: Starting epoch 61
2026-05-01 09:18:22,716 [Trainer] :: Completed epoch 61: train_loss=0.067378 train_iou=0.928134 val_loss=0.318588 val_iou=0.593844 lr=0.00009024
2026-05-01 09:18:23,506 [Trainer] :: Updated latest checkpoint at epoch 61
2026-05-01 09:18:23,506 [Trainer] :: No validation IoU improvement for 45 epoch(s)
2026-05-01 09:18:23,506 [Trainer] :: Starting epoch 62
2026-05-01 09:22:45,065 [Trainer] :: Completed epoch 62: train_loss=0.062373 train_iou=0.931753 val_loss=0.321250 val_iou=0.602983 lr=0.00008993
2026-05-01 09:22:45,783 [Trainer] :: Updated latest checkpoint at epoch 62
2026-05-01 09:22:45,784 [Trainer] :: No validation IoU improvement for 46 epoch(s)
2026-05-01 09:22:45,784 [Trainer] :: Starting epoch 63
2026-05-01 09:27:06,143 [Trainer] :: Completed epoch 63: train_loss=0.066281 train_iou=0.931112 val_loss=0.317386 val_iou=0.599452 lr=0.00008961
2026-05-01 09:27:06,872 [Trainer] :: Updated latest checkpoint at epoch 63
2026-05-01 09:27:06,872 [Trainer] :: No validation IoU improvement for 47 epoch(s)
2026-05-01 09:27:06,872 [Trainer] :: Starting epoch 64
2026-05-01 09:31:28,250 [Trainer] :: Completed epoch 64: train_loss=0.061649 train_iou=0.934934 val_loss=0.338434 val_iou=0.583392 lr=0.00008929
2026-05-01 09:31:29,052 [Trainer] :: Updated latest checkpoint at epoch 64
2026-05-01 09:31:29,052 [Trainer] :: No validation IoU improvement for 48 epoch(s)
2026-05-01 09:31:29,052 [Trainer] :: Starting epoch 65
2026-05-01 09:35:52,932 [Trainer] :: Completed epoch 65: train_loss=0.061329 train_iou=0.933546 val_loss=0.344760 val_iou=0.571748 lr=0.00008897
2026-05-01 09:35:53,683 [Trainer] :: Updated latest checkpoint at epoch 65
2026-05-01 09:35:53,683 [Trainer] :: No validation IoU improvement for 49 epoch(s)
2026-05-01 09:35:53,683 [Trainer] :: Starting epoch 66
2026-05-01 09:40:18,018 [Trainer] :: Completed epoch 66: train_loss=0.061885 train_iou=0.933276 val_loss=0.386183 val_iou=0.552850 lr=0.00008864
2026-05-01 09:40:18,762 [Trainer] :: Updated latest checkpoint at epoch 66
2026-05-01 09:40:18,763 [Trainer] :: No validation IoU improvement for 50 epoch(s)
2026-05-01 09:40:18,763 [Trainer] :: Starting epoch 67
2026-05-01 09:45:08,793 [Trainer] :: Completed epoch 67: train_loss=0.059918 train_iou=0.935012 val_loss=0.371954 val_iou=0.550812 lr=0.00008831
2026-05-01 09:45:09,394 [Trainer] :: Updated latest checkpoint at epoch 67
2026-05-01 09:45:09,394 [Trainer] :: No validation IoU improvement for 51 epoch(s)
2026-05-01 09:45:09,394 [Trainer] :: Starting epoch 68
2026-05-01 09:49:33,557 [Trainer] :: Completed epoch 68: train_loss=0.059647 train_iou=0.935109 val_loss=0.355504 val_iou=0.583963 lr=0.00008797
2026-05-01 09:49:34,253 [Trainer] :: Updated latest checkpoint at epoch 68
2026-05-01 09:49:34,253 [Trainer] :: No validation IoU improvement for 52 epoch(s)
2026-05-01 09:49:34,253 [Trainer] :: Starting epoch 69
2026-05-01 09:53:54,651 [Trainer] :: Completed epoch 69: train_loss=0.061077 train_iou=0.933464 val_loss=0.361663 val_iou=0.558781 lr=0.00008763
2026-05-01 09:53:55,332 [Trainer] :: Updated latest checkpoint at epoch 69
2026-05-01 09:53:55,332 [Trainer] :: No validation IoU improvement for 53 epoch(s)
2026-05-01 09:53:55,332 [Trainer] :: Starting epoch 70
2026-05-01 09:58:17,423 [Trainer] :: Completed epoch 70: train_loss=0.058757 train_iou=0.936806 val_loss=0.341208 val_iou=0.576131 lr=0.00008729
2026-05-01 09:58:18,335 [Trainer] :: Updated latest checkpoint at epoch 70
2026-05-01 09:58:18,335 [Trainer] :: No validation IoU improvement for 54 epoch(s)
2026-05-01 09:58:18,335 [Trainer] :: Starting epoch 71
2026-05-01 10:02:40,416 [Trainer] :: Completed epoch 71: train_loss=0.058199 train_iou=0.936652 val_loss=0.372705 val_iou=0.562470 lr=0.00008694
2026-05-01 10:02:41,099 [Trainer] :: Updated latest checkpoint at epoch 71
2026-05-01 10:02:41,099 [Trainer] :: No validation IoU improvement for 55 epoch(s)
2026-05-01 10:02:41,099 [Trainer] :: Starting epoch 72
2026-05-01 10:07:04,261 [Trainer] :: Completed epoch 72: train_loss=0.057264 train_iou=0.937156 val_loss=0.363501 val_iou=0.561919 lr=0.00008658
2026-05-01 10:07:05,133 [Trainer] :: Updated latest checkpoint at epoch 72
2026-05-01 10:07:05,133 [Trainer] :: No validation IoU improvement for 56 epoch(s)
2026-05-01 10:07:05,133 [Trainer] :: Starting epoch 73
2026-05-01 10:11:27,988 [Trainer] :: Completed epoch 73: train_loss=0.056826 train_iou=0.938298 val_loss=0.344230 val_iou=0.583135 lr=0.00008623
2026-05-01 10:11:28,672 [Trainer] :: Updated latest checkpoint at epoch 73
2026-05-01 10:11:28,672 [Trainer] :: No validation IoU improvement for 57 epoch(s)
2026-05-01 10:11:28,672 [Trainer] :: Starting epoch 74
2026-05-01 10:15:52,334 [Trainer] :: Completed epoch 74: train_loss=0.058104 train_iou=0.936951 val_loss=0.417255 val_iou=0.503343 lr=0.00008587
2026-05-01 10:15:53,040 [Trainer] :: Updated latest checkpoint at epoch 74
2026-05-01 10:15:53,040 [Trainer] :: No validation IoU improvement for 58 epoch(s)
2026-05-01 10:15:53,040 [Trainer] :: Starting epoch 75
2026-05-01 10:20:14,785 [Trainer] :: Completed epoch 75: train_loss=0.055888 train_iou=0.939288 val_loss=0.350592 val_iou=0.576180 lr=0.00008550
2026-05-01 10:20:15,591 [Trainer] :: Updated latest checkpoint at epoch 75
2026-05-01 10:20:15,591 [Trainer] :: No validation IoU improvement for 59 epoch(s)
2026-05-01 10:20:15,591 [Trainer] :: Starting epoch 76
2026-05-01 10:24:35,291 [Trainer] :: Completed epoch 76: train_loss=0.054992 train_iou=0.939705 val_loss=0.323763 val_iou=0.591535 lr=0.00008513
2026-05-01 10:24:36,027 [Trainer] :: Updated latest checkpoint at epoch 76
2026-05-01 10:24:36,027 [Trainer] :: No validation IoU improvement for 60 epoch(s)
2026-05-01 10:24:36,027 [Trainer] :: Early stopping triggered after 60 epoch(s) without improvement
2026-05-01 10:28:30,335 [Trainer] :: Wrote training history to outputs/runs/rgb_unetplusplus_resnet50_seed50_20260501T025804Z/metrics/history.json
2026-05-01 10:28:30,873 [Trainer] :: Wrote test summary to outputs/runs/rgb_unetplusplus_resnet50_seed50_20260501T025804Z/metrics/test_summary.json
2026-05-01 10:28:30,873 [Trainer] :: Training completed
