2026-05-06 01:01:15,604 [Trainer] :: Training run initialized at /ceph/home/student.aau.dk/qd36zu/fuzzy-p10/tbd/masking/outputs/runs/rgb_segformer_b0_fuzzy_halo_seed44_20260505T230115Z
2026-05-06 01:01:15,604 [Trainer] :: Loaded config from /ceph/home/student.aau.dk/qd36zu/fuzzy-p10/tbd/masking/configs/fuzzy/rgb_segformer_b0.yaml
2026-05-06 01:01:15,604 [Trainer] :: Using seed=44 and device=None
2026-05-06 01:01:15,604 [Trainer] :: Using model architecture=Segformer encoder=mit_b0 encoder_weights=imagenet
2026-05-06 01:01:16,026 [Trainer] :: Resolved runtime device to cuda
2026-05-06 01:01:16,027 [Trainer] :: Prepared normalization from source=imagenet
2026-05-06 01:01:34,083 [Trainer] :: Built dataloaders with batch_size=16, num_workers=0
2026-05-06 01:01:34,096 [Trainer] :: Starting epoch 1
2026-05-06 01:08:55,744 [Trainer] :: Completed epoch 1: train_loss=0.344099 train_iou=0.707985 val_loss=0.359905 val_iou=0.472728 lr=0.00010000
2026-05-06 01:08:55,905 [Trainer] :: Updated latest checkpoint at epoch 1
2026-05-06 01:08:56,000 [Trainer] :: New best checkpoint saved with val_iou=0.472728
2026-05-06 01:08:56,000 [Trainer] :: Starting epoch 2
2026-05-06 01:14:34,180 [Trainer] :: Completed epoch 2: train_loss=0.275798 train_iou=0.770336 val_loss=0.363730 val_iou=0.571045 lr=0.00009999
2026-05-06 01:14:34,335 [Trainer] :: Updated latest checkpoint at epoch 2
2026-05-06 01:14:34,475 [Trainer] :: New best checkpoint saved with val_iou=0.571045
2026-05-06 01:14:34,476 [Trainer] :: Starting epoch 3
2026-05-06 01:19:41,756 [Trainer] :: Completed epoch 3: train_loss=0.258367 train_iou=0.785126 val_loss=0.317296 val_iou=0.564967 lr=0.00009998
2026-05-06 01:19:41,905 [Trainer] :: Updated latest checkpoint at epoch 3
2026-05-06 01:19:41,905 [Trainer] :: No validation IoU improvement for 1 epoch(s)
2026-05-06 01:19:41,905 [Trainer] :: Starting epoch 4
2026-05-06 01:24:51,811 [Trainer] :: Completed epoch 4: train_loss=0.246993 train_iou=0.795128 val_loss=0.326078 val_iou=0.501232 lr=0.00009996
2026-05-06 01:24:51,950 [Trainer] :: Updated latest checkpoint at epoch 4
2026-05-06 01:24:51,951 [Trainer] :: No validation IoU improvement for 2 epoch(s)
2026-05-06 01:24:51,951 [Trainer] :: Starting epoch 5
2026-05-06 01:29:58,027 [Trainer] :: Completed epoch 5: train_loss=0.236294 train_iou=0.802424 val_loss=0.282526 val_iou=0.619298 lr=0.00009993
2026-05-06 01:29:58,136 [Trainer] :: Updated latest checkpoint at epoch 5
2026-05-06 01:29:58,282 [Trainer] :: New best checkpoint saved with val_iou=0.619298
2026-05-06 01:29:58,282 [Trainer] :: Starting epoch 6
2026-05-06 01:36:37,948 [Trainer] :: Completed epoch 6: train_loss=0.233197 train_iou=0.805401 val_loss=0.316245 val_iou=0.645019 lr=0.00009990
2026-05-06 01:36:38,058 [Trainer] :: Updated latest checkpoint at epoch 6
2026-05-06 01:36:38,163 [Trainer] :: New best checkpoint saved with val_iou=0.645019
2026-05-06 01:36:38,164 [Trainer] :: Starting epoch 7
2026-05-06 01:43:42,288 [Trainer] :: Completed epoch 7: train_loss=0.224486 train_iou=0.815407 val_loss=0.281376 val_iou=0.623528 lr=0.00009987
2026-05-06 01:43:42,419 [Trainer] :: Updated latest checkpoint at epoch 7
2026-05-06 01:43:42,419 [Trainer] :: No validation IoU improvement for 1 epoch(s)
2026-05-06 01:43:42,419 [Trainer] :: Starting epoch 8
2026-05-06 01:51:54,847 [Trainer] :: Completed epoch 8: train_loss=0.217924 train_iou=0.820256 val_loss=0.266420 val_iou=0.634400 lr=0.00009983
2026-05-06 01:51:54,973 [Trainer] :: Updated latest checkpoint at epoch 8
2026-05-06 01:51:54,973 [Trainer] :: No validation IoU improvement for 2 epoch(s)
2026-05-06 01:51:54,973 [Trainer] :: Starting epoch 9
2026-05-06 01:57:33,134 [Trainer] :: Completed epoch 9: train_loss=0.210781 train_iou=0.826972 val_loss=0.265655 val_iou=0.669399 lr=0.00009978
2026-05-06 01:57:33,249 [Trainer] :: Updated latest checkpoint at epoch 9
2026-05-06 01:57:33,453 [Trainer] :: New best checkpoint saved with val_iou=0.669399
2026-05-06 01:57:33,453 [Trainer] :: Starting epoch 10
2026-05-06 02:02:43,479 [Trainer] :: Completed epoch 10: train_loss=0.209267 train_iou=0.825576 val_loss=0.277587 val_iou=0.612504 lr=0.00009973
2026-05-06 02:02:43,678 [Trainer] :: Updated latest checkpoint at epoch 10
2026-05-06 02:02:43,678 [Trainer] :: No validation IoU improvement for 1 epoch(s)
2026-05-06 02:02:43,678 [Trainer] :: Starting epoch 11
2026-05-06 02:07:46,510 [Trainer] :: Completed epoch 11: train_loss=0.207111 train_iou=0.826146 val_loss=0.290478 val_iou=0.561520 lr=0.00009967
2026-05-06 02:07:46,626 [Trainer] :: Updated latest checkpoint at epoch 11
2026-05-06 02:07:46,626 [Trainer] :: No validation IoU improvement for 2 epoch(s)
2026-05-06 02:07:46,626 [Trainer] :: Starting epoch 12
2026-05-06 02:12:53,389 [Trainer] :: Completed epoch 12: train_loss=0.196030 train_iou=0.825651 val_loss=0.277729 val_iou=0.621098 lr=0.00009961
2026-05-06 02:12:53,499 [Trainer] :: Updated latest checkpoint at epoch 12
2026-05-06 02:12:53,499 [Trainer] :: No validation IoU improvement for 3 epoch(s)
2026-05-06 02:12:53,499 [Trainer] :: Starting epoch 13
2026-05-06 02:18:34,803 [Trainer] :: Completed epoch 13: train_loss=0.190254 train_iou=0.832557 val_loss=0.277307 val_iou=0.608395 lr=0.00009954
2026-05-06 02:18:34,913 [Trainer] :: Updated latest checkpoint at epoch 13
2026-05-06 02:18:34,913 [Trainer] :: No validation IoU improvement for 4 epoch(s)
2026-05-06 02:18:34,913 [Trainer] :: Starting epoch 14
2026-05-06 02:25:40,028 [Trainer] :: Completed epoch 14: train_loss=0.188051 train_iou=0.832794 val_loss=0.289540 val_iou=0.614720 lr=0.00009947
2026-05-06 02:25:40,185 [Trainer] :: Updated latest checkpoint at epoch 14
2026-05-06 02:25:40,185 [Trainer] :: No validation IoU improvement for 5 epoch(s)
2026-05-06 02:25:40,185 [Trainer] :: Starting epoch 15
2026-05-06 02:32:44,832 [Trainer] :: Completed epoch 15: train_loss=0.184665 train_iou=0.836414 val_loss=0.279956 val_iou=0.653574 lr=0.00009939
2026-05-06 02:32:44,944 [Trainer] :: Updated latest checkpoint at epoch 15
2026-05-06 02:32:44,944 [Trainer] :: No validation IoU improvement for 6 epoch(s)
2026-05-06 02:32:44,944 [Trainer] :: Starting epoch 16
2026-05-06 02:38:23,886 [Trainer] :: Completed epoch 16: train_loss=0.179341 train_iou=0.839854 val_loss=0.275425 val_iou=0.646099 lr=0.00009931
2026-05-06 02:38:23,994 [Trainer] :: Updated latest checkpoint at epoch 16
2026-05-06 02:38:23,994 [Trainer] :: No validation IoU improvement for 7 epoch(s)
2026-05-06 02:38:23,994 [Trainer] :: Starting epoch 17
2026-05-06 02:43:47,590 [Trainer] :: Completed epoch 17: train_loss=0.176862 train_iou=0.840617 val_loss=0.275299 val_iou=0.646030 lr=0.00009922
2026-05-06 02:43:47,707 [Trainer] :: Updated latest checkpoint at epoch 17
2026-05-06 02:43:47,707 [Trainer] :: No validation IoU improvement for 8 epoch(s)
2026-05-06 02:43:47,707 [Trainer] :: Starting epoch 18
2026-05-06 02:49:31,435 [Trainer] :: Completed epoch 18: train_loss=0.173581 train_iou=0.843985 val_loss=0.315594 val_iou=0.640778 lr=0.00009912
2026-05-06 02:49:31,540 [Trainer] :: Updated latest checkpoint at epoch 18
2026-05-06 02:49:31,540 [Trainer] :: No validation IoU improvement for 9 epoch(s)
2026-05-06 02:49:31,540 [Trainer] :: Starting epoch 19
2026-05-06 02:55:01,824 [Trainer] :: Completed epoch 19: train_loss=0.175462 train_iou=0.841004 val_loss=0.330938 val_iou=0.639668 lr=0.00009902
2026-05-06 02:55:01,933 [Trainer] :: Updated latest checkpoint at epoch 19
2026-05-06 02:55:01,933 [Trainer] :: No validation IoU improvement for 10 epoch(s)
2026-05-06 02:55:01,933 [Trainer] :: Starting epoch 20
2026-05-06 03:00:54,232 [Trainer] :: Completed epoch 20: train_loss=0.175261 train_iou=0.839741 val_loss=0.263215 val_iou=0.662342 lr=0.00009892
2026-05-06 03:00:54,379 [Trainer] :: Updated latest checkpoint at epoch 20
2026-05-06 03:00:54,379 [Trainer] :: No validation IoU improvement for 11 epoch(s)
2026-05-06 03:00:54,379 [Trainer] :: Starting epoch 21
2026-05-06 03:06:54,840 [Trainer] :: Completed epoch 21: train_loss=0.164825 train_iou=0.850863 val_loss=0.305607 val_iou=0.647618 lr=0.00009881
2026-05-06 03:06:54,960 [Trainer] :: Updated latest checkpoint at epoch 21
2026-05-06 03:06:54,960 [Trainer] :: No validation IoU improvement for 12 epoch(s)
2026-05-06 03:06:54,960 [Trainer] :: Starting epoch 22
2026-05-06 03:13:03,653 [Trainer] :: Completed epoch 22: train_loss=0.167327 train_iou=0.845789 val_loss=0.291450 val_iou=0.662192 lr=0.00009869
2026-05-06 03:13:03,776 [Trainer] :: Updated latest checkpoint at epoch 22
2026-05-06 03:13:03,776 [Trainer] :: No validation IoU improvement for 13 epoch(s)
2026-05-06 03:13:03,777 [Trainer] :: Starting epoch 23
2026-05-06 03:18:25,911 [Trainer] :: Completed epoch 23: train_loss=0.164578 train_iou=0.848108 val_loss=0.313078 val_iou=0.637918 lr=0.00009857
2026-05-06 03:18:26,020 [Trainer] :: Updated latest checkpoint at epoch 23
2026-05-06 03:18:26,020 [Trainer] :: No validation IoU improvement for 14 epoch(s)
2026-05-06 03:18:26,020 [Trainer] :: Starting epoch 24
2026-05-06 03:23:29,368 [Trainer] :: Completed epoch 24: train_loss=0.169209 train_iou=0.848105 val_loss=0.274997 val_iou=0.653814 lr=0.00009844
2026-05-06 03:23:29,927 [Trainer] :: Updated latest checkpoint at epoch 24
2026-05-06 03:23:29,927 [Trainer] :: No validation IoU improvement for 15 epoch(s)
2026-05-06 03:23:29,927 [Trainer] :: Starting epoch 25
2026-05-06 03:30:38,108 [Trainer] :: Completed epoch 25: train_loss=0.159924 train_iou=0.851162 val_loss=0.272982 val_iou=0.657300 lr=0.00009831
2026-05-06 03:30:38,232 [Trainer] :: Updated latest checkpoint at epoch 25
2026-05-06 03:30:38,232 [Trainer] :: No validation IoU improvement for 16 epoch(s)
2026-05-06 03:30:38,232 [Trainer] :: Starting epoch 26
2026-05-06 03:35:36,712 [Trainer] :: Completed epoch 26: train_loss=0.156310 train_iou=0.855828 val_loss=0.274234 val_iou=0.645534 lr=0.00009818
2026-05-06 03:35:36,824 [Trainer] :: Updated latest checkpoint at epoch 26
2026-05-06 03:35:36,825 [Trainer] :: No validation IoU improvement for 17 epoch(s)
2026-05-06 03:35:36,825 [Trainer] :: Starting epoch 27
2026-05-06 03:40:38,762 [Trainer] :: Completed epoch 27: train_loss=0.158484 train_iou=0.850645 val_loss=0.284542 val_iou=0.651576 lr=0.00009803
2026-05-06 03:40:38,873 [Trainer] :: Updated latest checkpoint at epoch 27
2026-05-06 03:40:38,873 [Trainer] :: No validation IoU improvement for 18 epoch(s)
2026-05-06 03:40:38,873 [Trainer] :: Starting epoch 28
2026-05-06 03:45:38,672 [Trainer] :: Completed epoch 28: train_loss=0.150702 train_iou=0.857868 val_loss=0.277287 val_iou=0.638317 lr=0.00009789
2026-05-06 03:45:38,784 [Trainer] :: Updated latest checkpoint at epoch 28
2026-05-06 03:45:38,784 [Trainer] :: No validation IoU improvement for 19 epoch(s)
2026-05-06 03:45:38,784 [Trainer] :: Starting epoch 29
2026-05-06 03:50:35,342 [Trainer] :: Completed epoch 29: train_loss=0.153150 train_iou=0.857965 val_loss=0.272172 val_iou=0.667572 lr=0.00009773
2026-05-06 03:50:35,452 [Trainer] :: Updated latest checkpoint at epoch 29
2026-05-06 03:50:35,452 [Trainer] :: No validation IoU improvement for 20 epoch(s)
2026-05-06 03:50:35,452 [Trainer] :: Starting epoch 30
2026-05-06 03:55:39,062 [Trainer] :: Completed epoch 30: train_loss=0.149067 train_iou=0.862714 val_loss=0.294164 val_iou=0.620705 lr=0.00009758
2026-05-06 03:55:39,173 [Trainer] :: Updated latest checkpoint at epoch 30
2026-05-06 03:55:39,173 [Trainer] :: No validation IoU improvement for 21 epoch(s)
2026-05-06 03:55:39,173 [Trainer] :: Starting epoch 31
2026-05-06 04:01:06,740 [Trainer] :: Completed epoch 31: train_loss=0.145896 train_iou=0.861946 val_loss=0.297009 val_iou=0.644362 lr=0.00009741
2026-05-06 04:01:06,860 [Trainer] :: Updated latest checkpoint at epoch 31
2026-05-06 04:01:06,860 [Trainer] :: No validation IoU improvement for 22 epoch(s)
2026-05-06 04:01:06,860 [Trainer] :: Starting epoch 32
2026-05-06 04:06:06,111 [Trainer] :: Completed epoch 32: train_loss=0.146910 train_iou=0.864106 val_loss=0.282540 val_iou=0.655205 lr=0.00009725
2026-05-06 04:06:06,213 [Trainer] :: Updated latest checkpoint at epoch 32
2026-05-06 04:06:06,213 [Trainer] :: No validation IoU improvement for 23 epoch(s)
2026-05-06 04:06:06,213 [Trainer] :: Starting epoch 33
2026-05-06 04:11:05,065 [Trainer] :: Completed epoch 33: train_loss=0.145402 train_iou=0.862715 val_loss=0.282630 val_iou=0.645985 lr=0.00009707
2026-05-06 04:11:05,189 [Trainer] :: Updated latest checkpoint at epoch 33
2026-05-06 04:11:05,190 [Trainer] :: No validation IoU improvement for 24 epoch(s)
2026-05-06 04:11:05,190 [Trainer] :: Starting epoch 34
2026-05-06 04:16:06,238 [Trainer] :: Completed epoch 34: train_loss=0.141542 train_iou=0.867558 val_loss=0.278774 val_iou=0.660316 lr=0.00009690
2026-05-06 04:16:06,767 [Trainer] :: Updated latest checkpoint at epoch 34
2026-05-06 04:16:06,767 [Trainer] :: No validation IoU improvement for 25 epoch(s)
2026-05-06 04:16:06,767 [Trainer] :: Starting epoch 35
2026-05-06 04:21:15,494 [Trainer] :: Completed epoch 35: train_loss=0.139634 train_iou=0.867715 val_loss=0.303439 val_iou=0.618155 lr=0.00009671
2026-05-06 04:21:15,611 [Trainer] :: Updated latest checkpoint at epoch 35
2026-05-06 04:21:15,611 [Trainer] :: No validation IoU improvement for 26 epoch(s)
2026-05-06 04:21:15,611 [Trainer] :: Starting epoch 36
2026-05-06 04:26:22,782 [Trainer] :: Completed epoch 36: train_loss=0.139186 train_iou=0.869099 val_loss=0.286710 val_iou=0.670878 lr=0.00009652
2026-05-06 04:26:22,894 [Trainer] :: Updated latest checkpoint at epoch 36
2026-05-06 04:26:22,990 [Trainer] :: New best checkpoint saved with val_iou=0.670878
2026-05-06 04:26:22,991 [Trainer] :: Starting epoch 37
2026-05-06 04:31:23,902 [Trainer] :: Completed epoch 37: train_loss=0.138092 train_iou=0.869136 val_loss=0.279731 val_iou=0.643625 lr=0.00009633
2026-05-06 04:31:24,059 [Trainer] :: Updated latest checkpoint at epoch 37
2026-05-06 04:31:24,059 [Trainer] :: No validation IoU improvement for 1 epoch(s)
2026-05-06 04:31:24,059 [Trainer] :: Starting epoch 38
2026-05-06 04:36:32,964 [Trainer] :: Completed epoch 38: train_loss=0.134879 train_iou=0.873095 val_loss=0.287295 val_iou=0.647491 lr=0.00009613
2026-05-06 04:36:33,214 [Trainer] :: Updated latest checkpoint at epoch 38
2026-05-06 04:36:33,214 [Trainer] :: No validation IoU improvement for 2 epoch(s)
2026-05-06 04:36:33,214 [Trainer] :: Starting epoch 39
2026-05-06 04:41:49,826 [Trainer] :: Completed epoch 39: train_loss=0.134856 train_iou=0.871225 val_loss=0.281500 val_iou=0.667242 lr=0.00009593
2026-05-06 04:41:50,101 [Trainer] :: Updated latest checkpoint at epoch 39
2026-05-06 04:41:50,101 [Trainer] :: No validation IoU improvement for 3 epoch(s)
2026-05-06 04:41:50,101 [Trainer] :: Starting epoch 40
2026-05-06 04:47:48,320 [Trainer] :: Completed epoch 40: train_loss=0.139640 train_iou=0.871626 val_loss=0.309433 val_iou=0.649820 lr=0.00009572
2026-05-06 04:47:48,481 [Trainer] :: Updated latest checkpoint at epoch 40
2026-05-06 04:47:48,482 [Trainer] :: No validation IoU improvement for 4 epoch(s)
2026-05-06 04:47:48,482 [Trainer] :: Starting epoch 41
2026-05-06 04:52:48,206 [Trainer] :: Completed epoch 41: train_loss=0.134508 train_iou=0.873640 val_loss=0.279356 val_iou=0.641671 lr=0.00009551
2026-05-06 04:52:48,317 [Trainer] :: Updated latest checkpoint at epoch 41
2026-05-06 04:52:48,317 [Trainer] :: No validation IoU improvement for 5 epoch(s)
2026-05-06 04:52:48,317 [Trainer] :: Starting epoch 42
2026-05-06 04:57:46,266 [Trainer] :: Completed epoch 42: train_loss=0.131993 train_iou=0.874167 val_loss=0.285982 val_iou=0.664323 lr=0.00009529
2026-05-06 04:57:46,381 [Trainer] :: Updated latest checkpoint at epoch 42
2026-05-06 04:57:46,381 [Trainer] :: No validation IoU improvement for 6 epoch(s)
2026-05-06 04:57:46,381 [Trainer] :: Starting epoch 43
2026-05-06 05:02:43,024 [Trainer] :: Completed epoch 43: train_loss=0.131207 train_iou=0.876705 val_loss=0.300579 val_iou=0.615396 lr=0.00009507
2026-05-06 05:02:43,131 [Trainer] :: Updated latest checkpoint at epoch 43
2026-05-06 05:02:43,131 [Trainer] :: No validation IoU improvement for 7 epoch(s)
2026-05-06 05:02:43,131 [Trainer] :: Starting epoch 44
2026-05-06 05:07:38,736 [Trainer] :: Completed epoch 44: train_loss=0.128119 train_iou=0.878334 val_loss=0.283101 val_iou=0.665450 lr=0.00009484
2026-05-06 05:07:38,840 [Trainer] :: Updated latest checkpoint at epoch 44
2026-05-06 05:07:38,840 [Trainer] :: No validation IoU improvement for 8 epoch(s)
2026-05-06 05:07:38,840 [Trainer] :: Starting epoch 45
2026-05-06 05:12:42,913 [Trainer] :: Completed epoch 45: train_loss=0.126422 train_iou=0.880313 val_loss=0.302384 val_iou=0.657192 lr=0.00009460
2026-05-06 05:12:43,020 [Trainer] :: Updated latest checkpoint at epoch 45
2026-05-06 05:12:43,020 [Trainer] :: No validation IoU improvement for 9 epoch(s)
2026-05-06 05:12:43,020 [Trainer] :: Starting epoch 46
2026-05-06 05:17:46,126 [Trainer] :: Completed epoch 46: train_loss=0.124292 train_iou=0.881851 val_loss=0.295827 val_iou=0.622238 lr=0.00009437
2026-05-06 05:17:46,281 [Trainer] :: Updated latest checkpoint at epoch 46
2026-05-06 05:17:46,282 [Trainer] :: No validation IoU improvement for 10 epoch(s)
2026-05-06 05:17:46,282 [Trainer] :: Starting epoch 47
2026-05-06 05:22:46,924 [Trainer] :: Completed epoch 47: train_loss=0.124334 train_iou=0.880829 val_loss=0.298726 val_iou=0.665970 lr=0.00009412
2026-05-06 05:22:47,031 [Trainer] :: Updated latest checkpoint at epoch 47
2026-05-06 05:22:47,031 [Trainer] :: No validation IoU improvement for 11 epoch(s)
2026-05-06 05:22:47,032 [Trainer] :: Starting epoch 48
2026-05-06 05:27:46,697 [Trainer] :: Completed epoch 48: train_loss=0.126635 train_iou=0.880575 val_loss=0.284145 val_iou=0.653478 lr=0.00009388
2026-05-06 05:27:46,808 [Trainer] :: Updated latest checkpoint at epoch 48
2026-05-06 05:27:46,808 [Trainer] :: No validation IoU improvement for 12 epoch(s)
2026-05-06 05:27:46,808 [Trainer] :: Starting epoch 49
2026-05-06 05:32:49,792 [Trainer] :: Completed epoch 49: train_loss=0.125406 train_iou=0.880565 val_loss=0.326889 val_iou=0.581125 lr=0.00009363
2026-05-06 05:32:49,904 [Trainer] :: Updated latest checkpoint at epoch 49
2026-05-06 05:32:49,904 [Trainer] :: No validation IoU improvement for 13 epoch(s)
2026-05-06 05:32:49,904 [Trainer] :: Starting epoch 50
2026-05-06 05:37:50,411 [Trainer] :: Completed epoch 50: train_loss=0.121603 train_iou=0.882626 val_loss=0.286603 val_iou=0.656691 lr=0.00009337
2026-05-06 05:37:50,536 [Trainer] :: Updated latest checkpoint at epoch 50
2026-05-06 05:37:50,536 [Trainer] :: No validation IoU improvement for 14 epoch(s)
2026-05-06 05:37:50,536 [Trainer] :: Starting epoch 51
2026-05-06 05:42:50,904 [Trainer] :: Completed epoch 51: train_loss=0.119489 train_iou=0.885375 val_loss=0.301691 val_iou=0.633788 lr=0.00009311
2026-05-06 05:42:51,013 [Trainer] :: Updated latest checkpoint at epoch 51
2026-05-06 05:42:51,013 [Trainer] :: No validation IoU improvement for 15 epoch(s)
2026-05-06 05:42:51,013 [Trainer] :: Starting epoch 52
2026-05-06 05:47:50,074 [Trainer] :: Completed epoch 52: train_loss=0.121175 train_iou=0.884386 val_loss=0.292548 val_iou=0.644183 lr=0.00009284
2026-05-06 05:47:50,187 [Trainer] :: Updated latest checkpoint at epoch 52
2026-05-06 05:47:50,187 [Trainer] :: No validation IoU improvement for 16 epoch(s)
2026-05-06 05:47:50,187 [Trainer] :: Starting epoch 53
2026-05-06 05:52:47,956 [Trainer] :: Completed epoch 53: train_loss=0.122007 train_iou=0.885070 val_loss=0.309986 val_iou=0.644081 lr=0.00009257
2026-05-06 05:52:48,065 [Trainer] :: Updated latest checkpoint at epoch 53
2026-05-06 05:52:48,066 [Trainer] :: No validation IoU improvement for 17 epoch(s)
2026-05-06 05:52:48,066 [Trainer] :: Starting epoch 54
2026-05-06 05:57:50,839 [Trainer] :: Completed epoch 54: train_loss=0.116236 train_iou=0.889167 val_loss=0.285494 val_iou=0.659554 lr=0.00009229
2026-05-06 05:57:51,047 [Trainer] :: Updated latest checkpoint at epoch 54
2026-05-06 05:57:51,047 [Trainer] :: No validation IoU improvement for 18 epoch(s)
2026-05-06 05:57:51,047 [Trainer] :: Starting epoch 55
2026-05-06 06:02:50,493 [Trainer] :: Completed epoch 55: train_loss=0.115354 train_iou=0.889641 val_loss=0.303256 val_iou=0.619890 lr=0.00009201
2026-05-06 06:02:50,605 [Trainer] :: Updated latest checkpoint at epoch 55
2026-05-06 06:02:50,605 [Trainer] :: No validation IoU improvement for 19 epoch(s)
2026-05-06 06:02:50,605 [Trainer] :: Starting epoch 56
2026-05-06 06:07:53,057 [Trainer] :: Completed epoch 56: train_loss=0.117663 train_iou=0.887950 val_loss=0.291688 val_iou=0.640823 lr=0.00009173
2026-05-06 06:07:53,172 [Trainer] :: Updated latest checkpoint at epoch 56
2026-05-06 06:07:53,172 [Trainer] :: No validation IoU improvement for 20 epoch(s)
2026-05-06 06:07:53,172 [Trainer] :: Starting epoch 57
2026-05-06 06:13:00,753 [Trainer] :: Completed epoch 57: train_loss=0.114553 train_iou=0.891443 val_loss=0.288337 val_iou=0.655455 lr=0.00009144
2026-05-06 06:13:00,869 [Trainer] :: Updated latest checkpoint at epoch 57
2026-05-06 06:13:00,869 [Trainer] :: No validation IoU improvement for 21 epoch(s)
2026-05-06 06:13:00,869 [Trainer] :: Starting epoch 58
2026-05-06 06:18:04,353 [Trainer] :: Completed epoch 58: train_loss=0.112528 train_iou=0.892379 val_loss=0.281493 val_iou=0.666095 lr=0.00009115
2026-05-06 06:18:04,460 [Trainer] :: Updated latest checkpoint at epoch 58
2026-05-06 06:18:04,460 [Trainer] :: No validation IoU improvement for 22 epoch(s)
2026-05-06 06:18:04,460 [Trainer] :: Starting epoch 59
2026-05-06 06:23:09,585 [Trainer] :: Completed epoch 59: train_loss=0.111960 train_iou=0.892446 val_loss=0.300533 val_iou=0.637177 lr=0.00009085
2026-05-06 06:23:09,693 [Trainer] :: Updated latest checkpoint at epoch 59
2026-05-06 06:23:09,693 [Trainer] :: No validation IoU improvement for 23 epoch(s)
2026-05-06 06:23:09,694 [Trainer] :: Starting epoch 60
2026-05-06 06:28:14,530 [Trainer] :: Completed epoch 60: train_loss=0.114420 train_iou=0.891315 val_loss=0.298480 val_iou=0.662488 lr=0.00009055
2026-05-06 06:28:14,644 [Trainer] :: Updated latest checkpoint at epoch 60
2026-05-06 06:28:14,644 [Trainer] :: No validation IoU improvement for 24 epoch(s)
2026-05-06 06:28:14,644 [Trainer] :: Starting epoch 61
2026-05-06 06:33:17,005 [Trainer] :: Completed epoch 61: train_loss=0.112703 train_iou=0.892607 val_loss=0.287178 val_iou=0.655455 lr=0.00009024
2026-05-06 06:33:17,464 [Trainer] :: Updated latest checkpoint at epoch 61
2026-05-06 06:33:17,464 [Trainer] :: No validation IoU improvement for 25 epoch(s)
2026-05-06 06:33:17,464 [Trainer] :: Starting epoch 62
2026-05-06 06:38:24,917 [Trainer] :: Completed epoch 62: train_loss=0.110540 train_iou=0.894584 val_loss=0.288560 val_iou=0.649858 lr=0.00008993
2026-05-06 06:38:25,069 [Trainer] :: Updated latest checkpoint at epoch 62
2026-05-06 06:38:25,069 [Trainer] :: No validation IoU improvement for 26 epoch(s)
2026-05-06 06:38:25,070 [Trainer] :: Starting epoch 63
2026-05-06 06:43:33,024 [Trainer] :: Completed epoch 63: train_loss=0.109952 train_iou=0.895093 val_loss=0.295432 val_iou=0.658802 lr=0.00008961
2026-05-06 06:43:33,132 [Trainer] :: Updated latest checkpoint at epoch 63
2026-05-06 06:43:33,132 [Trainer] :: No validation IoU improvement for 27 epoch(s)
2026-05-06 06:43:33,132 [Trainer] :: Starting epoch 64
2026-05-06 06:48:37,326 [Trainer] :: Completed epoch 64: train_loss=0.111000 train_iou=0.892867 val_loss=0.305573 val_iou=0.666624 lr=0.00008929
2026-05-06 06:48:37,437 [Trainer] :: Updated latest checkpoint at epoch 64
2026-05-06 06:48:37,437 [Trainer] :: No validation IoU improvement for 28 epoch(s)
2026-05-06 06:48:37,437 [Trainer] :: Starting epoch 65
2026-05-06 06:53:44,919 [Trainer] :: Completed epoch 65: train_loss=0.109290 train_iou=0.895801 val_loss=0.303485 val_iou=0.653799 lr=0.00008897
2026-05-06 06:53:45,085 [Trainer] :: Updated latest checkpoint at epoch 65
2026-05-06 06:53:45,085 [Trainer] :: No validation IoU improvement for 29 epoch(s)
2026-05-06 06:53:45,085 [Trainer] :: Starting epoch 66
2026-05-06 06:58:47,924 [Trainer] :: Completed epoch 66: train_loss=0.107538 train_iou=0.897257 val_loss=0.284648 val_iou=0.663775 lr=0.00008864
2026-05-06 06:58:48,042 [Trainer] :: Updated latest checkpoint at epoch 66
2026-05-06 06:58:48,042 [Trainer] :: No validation IoU improvement for 30 epoch(s)
2026-05-06 06:58:48,042 [Trainer] :: Starting epoch 67
2026-05-06 07:03:48,885 [Trainer] :: Completed epoch 67: train_loss=0.109385 train_iou=0.894923 val_loss=0.310943 val_iou=0.666380 lr=0.00008831
2026-05-06 07:03:48,995 [Trainer] :: Updated latest checkpoint at epoch 67
2026-05-06 07:03:48,995 [Trainer] :: No validation IoU improvement for 31 epoch(s)
2026-05-06 07:03:48,995 [Trainer] :: Starting epoch 68
2026-05-06 07:08:50,816 [Trainer] :: Completed epoch 68: train_loss=0.107595 train_iou=0.896918 val_loss=0.290580 val_iou=0.659770 lr=0.00008797
2026-05-06 07:08:50,922 [Trainer] :: Updated latest checkpoint at epoch 68
2026-05-06 07:08:50,922 [Trainer] :: No validation IoU improvement for 32 epoch(s)
2026-05-06 07:08:50,922 [Trainer] :: Starting epoch 69
2026-05-06 07:13:54,220 [Trainer] :: Completed epoch 69: train_loss=0.106003 train_iou=0.897860 val_loss=0.296706 val_iou=0.649637 lr=0.00008763
2026-05-06 07:13:58,478 [Trainer] :: Updated latest checkpoint at epoch 69
2026-05-06 07:13:58,478 [Trainer] :: No validation IoU improvement for 33 epoch(s)
2026-05-06 07:13:58,478 [Trainer] :: Starting epoch 70
2026-05-06 07:19:00,806 [Trainer] :: Completed epoch 70: train_loss=0.105971 train_iou=0.898465 val_loss=0.301028 val_iou=0.658220 lr=0.00008729
2026-05-06 07:19:01,012 [Trainer] :: Updated latest checkpoint at epoch 70
2026-05-06 07:19:01,012 [Trainer] :: No validation IoU improvement for 34 epoch(s)
2026-05-06 07:19:01,012 [Trainer] :: Starting epoch 71
2026-05-06 07:24:00,289 [Trainer] :: Completed epoch 71: train_loss=0.104424 train_iou=0.900492 val_loss=0.293386 val_iou=0.652685 lr=0.00008694
2026-05-06 07:24:00,574 [Trainer] :: Updated latest checkpoint at epoch 71
2026-05-06 07:24:00,574 [Trainer] :: No validation IoU improvement for 35 epoch(s)
2026-05-06 07:24:00,574 [Trainer] :: Starting epoch 72
2026-05-06 07:28:58,882 [Trainer] :: Completed epoch 72: train_loss=0.105819 train_iou=0.898454 val_loss=0.296373 val_iou=0.659058 lr=0.00008658
2026-05-06 07:28:58,990 [Trainer] :: Updated latest checkpoint at epoch 72
2026-05-06 07:28:58,991 [Trainer] :: No validation IoU improvement for 36 epoch(s)
2026-05-06 07:28:58,991 [Trainer] :: Starting epoch 73
2026-05-06 07:33:57,206 [Trainer] :: Completed epoch 73: train_loss=0.101804 train_iou=0.900721 val_loss=0.304014 val_iou=0.655765 lr=0.00008623
2026-05-06 07:33:57,316 [Trainer] :: Updated latest checkpoint at epoch 73
2026-05-06 07:33:57,316 [Trainer] :: No validation IoU improvement for 37 epoch(s)
2026-05-06 07:33:57,316 [Trainer] :: Starting epoch 74
2026-05-06 07:39:13,919 [Trainer] :: Completed epoch 74: train_loss=0.103136 train_iou=0.900890 val_loss=0.301977 val_iou=0.655787 lr=0.00008587
2026-05-06 07:39:14,101 [Trainer] :: Updated latest checkpoint at epoch 74
2026-05-06 07:39:14,101 [Trainer] :: No validation IoU improvement for 38 epoch(s)
2026-05-06 07:39:14,101 [Trainer] :: Starting epoch 75
2026-05-06 07:44:31,092 [Trainer] :: Completed epoch 75: train_loss=0.101616 train_iou=0.901425 val_loss=0.298704 val_iou=0.667072 lr=0.00008550
2026-05-06 07:44:31,200 [Trainer] :: Updated latest checkpoint at epoch 75
2026-05-06 07:44:31,200 [Trainer] :: No validation IoU improvement for 39 epoch(s)
2026-05-06 07:44:31,200 [Trainer] :: Starting epoch 76
2026-05-06 07:49:42,289 [Trainer] :: Completed epoch 76: train_loss=0.103779 train_iou=0.901528 val_loss=0.291604 val_iou=0.652989 lr=0.00008513
2026-05-06 07:49:42,436 [Trainer] :: Updated latest checkpoint at epoch 76
2026-05-06 07:49:42,436 [Trainer] :: No validation IoU improvement for 40 epoch(s)
2026-05-06 07:49:42,436 [Trainer] :: Starting epoch 77
2026-05-06 07:54:58,164 [Trainer] :: Completed epoch 77: train_loss=0.103167 train_iou=0.903126 val_loss=0.306750 val_iou=0.629172 lr=0.00008476
2026-05-06 07:54:58,301 [Trainer] :: Updated latest checkpoint at epoch 77
2026-05-06 07:54:58,301 [Trainer] :: No validation IoU improvement for 41 epoch(s)
2026-05-06 07:54:58,301 [Trainer] :: Starting epoch 78
2026-05-06 08:00:14,971 [Trainer] :: Completed epoch 78: train_loss=0.100949 train_iou=0.901717 val_loss=0.302363 val_iou=0.653788 lr=0.00008439
2026-05-06 08:00:15,078 [Trainer] :: Updated latest checkpoint at epoch 78
2026-05-06 08:00:15,079 [Trainer] :: No validation IoU improvement for 42 epoch(s)
2026-05-06 08:00:15,079 [Trainer] :: Starting epoch 79
2026-05-06 08:05:30,300 [Trainer] :: Completed epoch 79: train_loss=0.099337 train_iou=0.904605 val_loss=0.299654 val_iou=0.641134 lr=0.00008401
2026-05-06 08:05:30,402 [Trainer] :: Updated latest checkpoint at epoch 79
2026-05-06 08:05:30,402 [Trainer] :: No validation IoU improvement for 43 epoch(s)
2026-05-06 08:05:30,402 [Trainer] :: Starting epoch 80
2026-05-06 08:10:46,858 [Trainer] :: Completed epoch 80: train_loss=0.102529 train_iou=0.902657 val_loss=0.314916 val_iou=0.635116 lr=0.00008362
2026-05-06 08:10:46,975 [Trainer] :: Updated latest checkpoint at epoch 80
2026-05-06 08:10:46,975 [Trainer] :: No validation IoU improvement for 44 epoch(s)
2026-05-06 08:10:46,975 [Trainer] :: Starting epoch 81
2026-05-06 08:16:03,363 [Trainer] :: Completed epoch 81: train_loss=0.098476 train_iou=0.905230 val_loss=0.305797 val_iou=0.656500 lr=0.00008323
2026-05-06 08:16:03,477 [Trainer] :: Updated latest checkpoint at epoch 81
2026-05-06 08:16:03,477 [Trainer] :: No validation IoU improvement for 45 epoch(s)
2026-05-06 08:16:03,477 [Trainer] :: Starting epoch 82
2026-05-06 08:22:04,386 [Trainer] :: Completed epoch 82: train_loss=0.098225 train_iou=0.904936 val_loss=0.311514 val_iou=0.649403 lr=0.00008284
2026-05-06 08:22:04,502 [Trainer] :: Updated latest checkpoint at epoch 82
2026-05-06 08:22:04,502 [Trainer] :: No validation IoU improvement for 46 epoch(s)
2026-05-06 08:22:04,502 [Trainer] :: Starting epoch 83
2026-05-06 08:27:31,533 [Trainer] :: Completed epoch 83: train_loss=0.098296 train_iou=0.907647 val_loss=0.302254 val_iou=0.656420 lr=0.00008245
2026-05-06 08:27:31,645 [Trainer] :: Updated latest checkpoint at epoch 83
2026-05-06 08:27:31,645 [Trainer] :: No validation IoU improvement for 47 epoch(s)
2026-05-06 08:27:31,645 [Trainer] :: Starting epoch 84
2026-05-06 08:32:52,445 [Trainer] :: Completed epoch 84: train_loss=0.099948 train_iou=0.905823 val_loss=0.303294 val_iou=0.653832 lr=0.00008205
2026-05-06 08:32:52,557 [Trainer] :: Updated latest checkpoint at epoch 84
2026-05-06 08:32:52,558 [Trainer] :: No validation IoU improvement for 48 epoch(s)
2026-05-06 08:32:52,558 [Trainer] :: Starting epoch 85
2026-05-06 08:38:04,654 [Trainer] :: Completed epoch 85: train_loss=0.097897 train_iou=0.905674 val_loss=0.317513 val_iou=0.628127 lr=0.00008165
2026-05-06 08:38:04,762 [Trainer] :: Updated latest checkpoint at epoch 85
2026-05-06 08:38:04,762 [Trainer] :: No validation IoU improvement for 49 epoch(s)
2026-05-06 08:38:04,762 [Trainer] :: Starting epoch 86
2026-05-06 08:43:20,575 [Trainer] :: Completed epoch 86: train_loss=0.097922 train_iou=0.905726 val_loss=0.314102 val_iou=0.642969 lr=0.00008125
2026-05-06 08:43:20,687 [Trainer] :: Updated latest checkpoint at epoch 86
2026-05-06 08:43:20,687 [Trainer] :: No validation IoU improvement for 50 epoch(s)
2026-05-06 08:43:20,687 [Trainer] :: Starting epoch 87
2026-05-06 08:48:59,759 [Trainer] :: Completed epoch 87: train_loss=0.097769 train_iou=0.907124 val_loss=0.310451 val_iou=0.648604 lr=0.00008084
2026-05-06 08:48:59,871 [Trainer] :: Updated latest checkpoint at epoch 87
2026-05-06 08:48:59,871 [Trainer] :: No validation IoU improvement for 51 epoch(s)
2026-05-06 08:48:59,871 [Trainer] :: Starting epoch 88
2026-05-06 08:54:37,676 [Trainer] :: Completed epoch 88: train_loss=0.096247 train_iou=0.906832 val_loss=0.334410 val_iou=0.605851 lr=0.00008043
2026-05-06 08:54:38,316 [Trainer] :: Updated latest checkpoint at epoch 88
2026-05-06 08:54:38,316 [Trainer] :: No validation IoU improvement for 52 epoch(s)
2026-05-06 08:54:38,316 [Trainer] :: Starting epoch 89
2026-05-06 09:00:16,157 [Trainer] :: Completed epoch 89: train_loss=0.096777 train_iou=0.905044 val_loss=0.307714 val_iou=0.648485 lr=0.00008001
2026-05-06 09:00:16,870 [Trainer] :: Updated latest checkpoint at epoch 89
2026-05-06 09:00:16,871 [Trainer] :: No validation IoU improvement for 53 epoch(s)
2026-05-06 09:00:16,871 [Trainer] :: Starting epoch 90
2026-05-06 09:05:47,293 [Trainer] :: Completed epoch 90: train_loss=0.096437 train_iou=0.908231 val_loss=0.309688 val_iou=0.636928 lr=0.00007960
2026-05-06 09:05:47,419 [Trainer] :: Updated latest checkpoint at epoch 90
2026-05-06 09:05:47,419 [Trainer] :: No validation IoU improvement for 54 epoch(s)
2026-05-06 09:05:47,419 [Trainer] :: Starting epoch 91
2026-05-06 09:11:06,524 [Trainer] :: Completed epoch 91: train_loss=0.096508 train_iou=0.907214 val_loss=0.311405 val_iou=0.642261 lr=0.00007917
2026-05-06 09:11:06,843 [Trainer] :: Updated latest checkpoint at epoch 91
2026-05-06 09:11:06,844 [Trainer] :: No validation IoU improvement for 55 epoch(s)
2026-05-06 09:11:06,844 [Trainer] :: Starting epoch 92
2026-05-06 09:16:34,042 [Trainer] :: Completed epoch 92: train_loss=0.094682 train_iou=0.910096 val_loss=0.311805 val_iou=0.656603 lr=0.00007875
2026-05-06 09:16:34,173 [Trainer] :: Updated latest checkpoint at epoch 92
2026-05-06 09:16:34,173 [Trainer] :: No validation IoU improvement for 56 epoch(s)
2026-05-06 09:16:34,173 [Trainer] :: Starting epoch 93
2026-05-06 09:22:13,508 [Trainer] :: Completed epoch 93: train_loss=0.094169 train_iou=0.910532 val_loss=0.302542 val_iou=0.650208 lr=0.00007832
2026-05-06 09:22:13,908 [Trainer] :: Updated latest checkpoint at epoch 93
2026-05-06 09:22:13,908 [Trainer] :: No validation IoU improvement for 57 epoch(s)
2026-05-06 09:22:13,908 [Trainer] :: Starting epoch 94
2026-05-06 09:29:34,147 [Trainer] :: Completed epoch 94: train_loss=0.094456 train_iou=0.908609 val_loss=0.319938 val_iou=0.652352 lr=0.00007789
2026-05-06 09:29:34,259 [Trainer] :: Updated latest checkpoint at epoch 94
2026-05-06 09:29:34,259 [Trainer] :: No validation IoU improvement for 58 epoch(s)
2026-05-06 09:29:34,259 [Trainer] :: Starting epoch 95
2026-05-06 09:36:58,499 [Trainer] :: Completed epoch 95: train_loss=0.092744 train_iou=0.910585 val_loss=0.311202 val_iou=0.647741 lr=0.00007746
2026-05-06 09:36:58,768 [Trainer] :: Updated latest checkpoint at epoch 95
2026-05-06 09:36:58,768 [Trainer] :: No validation IoU improvement for 59 epoch(s)
2026-05-06 09:36:58,768 [Trainer] :: Starting epoch 96
2026-05-06 09:44:37,994 [Trainer] :: Completed epoch 96: train_loss=0.096388 train_iou=0.909176 val_loss=0.308217 val_iou=0.648368 lr=0.00007702
2026-05-06 09:44:38,204 [Trainer] :: Updated latest checkpoint at epoch 96
2026-05-06 09:44:38,204 [Trainer] :: No validation IoU improvement for 60 epoch(s)
2026-05-06 09:44:38,204 [Trainer] :: Early stopping triggered after 60 epoch(s) without improvement
2026-05-06 09:55:13,050 [Trainer] :: Wrote training history to outputs/runs/rgb_segformer_b0_fuzzy_halo_seed44_20260505T230115Z/metrics/history.json
2026-05-06 09:55:13,062 [Trainer] :: Wrote test summary to outputs/runs/rgb_segformer_b0_fuzzy_halo_seed44_20260505T230115Z/metrics/test_summary.json
2026-05-06 09:55:13,062 [Trainer] :: Training completed
