2026-05-12 13:43:29,733 [Trainer] :: Training run initialized at /ceph/home/student.aau.dk/qd36zu/fuzzy-p10/tbd/masking/outputs/runs/rgb_real_msi_segformer_b1_fuzzy_halo_seed48_20260512T114329Z
2026-05-12 13:43:29,733 [Trainer] :: Loaded config from /ceph/home/student.aau.dk/qd36zu/fuzzy-p10/tbd/masking/configs/fuzzy/rgb_real_msi_segformer_b1.yaml
2026-05-12 13:43:29,733 [Trainer] :: Using seed=48 and device=None
2026-05-12 13:43:29,733 [Trainer] :: Using model architecture=Segformer encoder=mit_b1 encoder_weights=imagenet
2026-05-12 13:43:30,025 [Trainer] :: Resolved runtime device to cuda
2026-05-12 13:43:30,025 [Trainer] :: Prepared normalization from source=train_split_patch_stats
2026-05-12 13:43:48,612 [Trainer] :: Built dataloaders with batch_size=16, num_workers=0
2026-05-12 13:43:48,613 [Trainer] :: Starting epoch 1
2026-05-12 14:10:23,940 [Trainer] :: Completed epoch 1: train_loss=0.338811 train_iou=0.719828 val_loss=0.374582 val_iou=0.597749 lr=0.00010000
2026-05-12 14:10:26,509 [Trainer] :: Updated latest checkpoint at epoch 1
2026-05-12 14:10:26,735 [Trainer] :: New best checkpoint saved with val_iou=0.597749
2026-05-12 14:10:26,735 [Trainer] :: Starting epoch 2
2026-05-12 14:44:38,587 [Trainer] :: Completed epoch 2: train_loss=0.267572 train_iou=0.777080 val_loss=0.310966 val_iou=0.599446 lr=0.00009999
2026-05-12 14:44:39,042 [Trainer] :: Updated latest checkpoint at epoch 2
2026-05-12 14:44:39,314 [Trainer] :: New best checkpoint saved with val_iou=0.599446
2026-05-12 14:44:39,314 [Trainer] :: Starting epoch 3
2026-05-12 14:53:26,294 [Trainer] :: Completed epoch 3: train_loss=0.243577 train_iou=0.801495 val_loss=0.298645 val_iou=0.651967 lr=0.00009998
2026-05-12 14:53:26,563 [Trainer] :: Updated latest checkpoint at epoch 3
2026-05-12 14:53:26,803 [Trainer] :: New best checkpoint saved with val_iou=0.651967
2026-05-12 14:53:26,803 [Trainer] :: Starting epoch 4
2026-05-12 15:00:46,802 [Trainer] :: Completed epoch 4: train_loss=0.250751 train_iou=0.791298 val_loss=0.259176 val_iou=0.663685 lr=0.00009996
2026-05-12 15:00:47,051 [Trainer] :: Updated latest checkpoint at epoch 4
2026-05-12 15:00:47,700 [Trainer] :: New best checkpoint saved with val_iou=0.663685
2026-05-12 15:00:47,700 [Trainer] :: Starting epoch 5
2026-05-12 15:08:05,300 [Trainer] :: Completed epoch 5: train_loss=0.224974 train_iou=0.814691 val_loss=0.268212 val_iou=0.668859 lr=0.00009993
2026-05-12 15:08:05,547 [Trainer] :: Updated latest checkpoint at epoch 5
2026-05-12 15:08:05,798 [Trainer] :: New best checkpoint saved with val_iou=0.668859
2026-05-12 15:08:05,798 [Trainer] :: Starting epoch 6
2026-05-12 15:15:25,843 [Trainer] :: Completed epoch 6: train_loss=0.222021 train_iou=0.816024 val_loss=0.276731 val_iou=0.626801 lr=0.00009990
2026-05-12 15:15:26,098 [Trainer] :: Updated latest checkpoint at epoch 6
2026-05-12 15:15:26,099 [Trainer] :: No validation IoU improvement for 1 epoch(s)
2026-05-12 15:15:26,099 [Trainer] :: Starting epoch 7
2026-05-12 15:22:40,121 [Trainer] :: Completed epoch 7: train_loss=0.215618 train_iou=0.819899 val_loss=0.301435 val_iou=0.649773 lr=0.00009987
2026-05-12 15:22:40,501 [Trainer] :: Updated latest checkpoint at epoch 7
2026-05-12 15:22:40,502 [Trainer] :: No validation IoU improvement for 2 epoch(s)
2026-05-12 15:22:40,502 [Trainer] :: Starting epoch 8
2026-05-12 15:29:57,094 [Trainer] :: Completed epoch 8: train_loss=0.207531 train_iou=0.827745 val_loss=0.328986 val_iou=0.516729 lr=0.00009983
2026-05-12 15:29:57,334 [Trainer] :: Updated latest checkpoint at epoch 8
2026-05-12 15:29:57,334 [Trainer] :: No validation IoU improvement for 3 epoch(s)
2026-05-12 15:29:57,334 [Trainer] :: Starting epoch 9
2026-05-12 15:37:12,666 [Trainer] :: Completed epoch 9: train_loss=0.202837 train_iou=0.832488 val_loss=0.272006 val_iou=0.602782 lr=0.00009978
2026-05-12 15:37:12,923 [Trainer] :: Updated latest checkpoint at epoch 9
2026-05-12 15:37:12,923 [Trainer] :: No validation IoU improvement for 4 epoch(s)
2026-05-12 15:37:12,923 [Trainer] :: Starting epoch 10
2026-05-12 15:44:27,114 [Trainer] :: Completed epoch 10: train_loss=0.197563 train_iou=0.833791 val_loss=0.248772 val_iou=0.657381 lr=0.00009973
2026-05-12 15:44:27,414 [Trainer] :: Updated latest checkpoint at epoch 10
2026-05-12 15:44:27,414 [Trainer] :: No validation IoU improvement for 5 epoch(s)
2026-05-12 15:44:27,414 [Trainer] :: Starting epoch 11
2026-05-12 15:51:39,094 [Trainer] :: Completed epoch 11: train_loss=0.190043 train_iou=0.836108 val_loss=0.257954 val_iou=0.668832 lr=0.00009967
2026-05-12 15:51:39,383 [Trainer] :: Updated latest checkpoint at epoch 11
2026-05-12 15:51:39,383 [Trainer] :: No validation IoU improvement for 6 epoch(s)
2026-05-12 15:51:39,383 [Trainer] :: Starting epoch 12
2026-05-12 15:58:59,805 [Trainer] :: Completed epoch 12: train_loss=0.180744 train_iou=0.841627 val_loss=0.262856 val_iou=0.643528 lr=0.00009961
2026-05-12 15:59:00,072 [Trainer] :: Updated latest checkpoint at epoch 12
2026-05-12 15:59:00,072 [Trainer] :: No validation IoU improvement for 7 epoch(s)
2026-05-12 15:59:00,072 [Trainer] :: Starting epoch 13
2026-05-12 16:09:11,392 [Trainer] :: Completed epoch 13: train_loss=0.172180 train_iou=0.848608 val_loss=0.251988 val_iou=0.649080 lr=0.00009954
2026-05-12 16:09:11,636 [Trainer] :: Updated latest checkpoint at epoch 13
2026-05-12 16:09:11,636 [Trainer] :: No validation IoU improvement for 8 epoch(s)
2026-05-12 16:09:11,636 [Trainer] :: Starting epoch 14
2026-05-12 16:18:30,988 [Trainer] :: Completed epoch 14: train_loss=0.170218 train_iou=0.849733 val_loss=0.269948 val_iou=0.679139 lr=0.00009947
2026-05-12 16:18:31,232 [Trainer] :: Updated latest checkpoint at epoch 14
2026-05-12 16:18:31,461 [Trainer] :: New best checkpoint saved with val_iou=0.679139
2026-05-12 16:18:31,461 [Trainer] :: Starting epoch 15
2026-05-12 16:29:17,630 [Trainer] :: Completed epoch 15: train_loss=0.171535 train_iou=0.845536 val_loss=0.317520 val_iou=0.647986 lr=0.00009939
2026-05-12 16:29:17,943 [Trainer] :: Updated latest checkpoint at epoch 15
2026-05-12 16:29:17,943 [Trainer] :: No validation IoU improvement for 1 epoch(s)
2026-05-12 16:29:17,943 [Trainer] :: Starting epoch 16
2026-05-12 16:40:23,337 [Trainer] :: Completed epoch 16: train_loss=0.168565 train_iou=0.847177 val_loss=0.269209 val_iou=0.640208 lr=0.00009931
2026-05-12 16:40:23,634 [Trainer] :: Updated latest checkpoint at epoch 16
2026-05-12 16:40:23,634 [Trainer] :: No validation IoU improvement for 2 epoch(s)
2026-05-12 16:40:23,634 [Trainer] :: Starting epoch 17
2026-05-12 16:47:43,462 [Trainer] :: Completed epoch 17: train_loss=0.162239 train_iou=0.847578 val_loss=0.263312 val_iou=0.673820 lr=0.00009922
2026-05-12 16:47:43,764 [Trainer] :: Updated latest checkpoint at epoch 17
2026-05-12 16:47:43,764 [Trainer] :: No validation IoU improvement for 3 epoch(s)
2026-05-12 16:47:43,764 [Trainer] :: Starting epoch 18
2026-05-12 16:54:52,809 [Trainer] :: Completed epoch 18: train_loss=0.161677 train_iou=0.851550 val_loss=0.275036 val_iou=0.639428 lr=0.00009912
2026-05-12 16:54:53,048 [Trainer] :: Updated latest checkpoint at epoch 18
2026-05-12 16:54:53,048 [Trainer] :: No validation IoU improvement for 4 epoch(s)
2026-05-12 16:54:53,048 [Trainer] :: Starting epoch 19
2026-05-12 17:03:15,847 [Trainer] :: Completed epoch 19: train_loss=0.153771 train_iou=0.858992 val_loss=0.252376 val_iou=0.657640 lr=0.00009902
2026-05-12 17:03:16,139 [Trainer] :: Updated latest checkpoint at epoch 19
2026-05-12 17:03:16,140 [Trainer] :: No validation IoU improvement for 5 epoch(s)
2026-05-12 17:03:16,140 [Trainer] :: Starting epoch 20
2026-05-12 17:13:22,927 [Trainer] :: Completed epoch 20: train_loss=0.156201 train_iou=0.856756 val_loss=0.250903 val_iou=0.675474 lr=0.00009892
2026-05-12 17:13:23,160 [Trainer] :: Updated latest checkpoint at epoch 20
2026-05-12 17:13:23,160 [Trainer] :: No validation IoU improvement for 6 epoch(s)
2026-05-12 17:13:23,160 [Trainer] :: Starting epoch 21
2026-05-12 17:21:40,717 [Trainer] :: Completed epoch 21: train_loss=0.148861 train_iou=0.862700 val_loss=0.262056 val_iou=0.638505 lr=0.00009881
2026-05-12 17:21:40,956 [Trainer] :: Updated latest checkpoint at epoch 21
2026-05-12 17:21:40,956 [Trainer] :: No validation IoU improvement for 7 epoch(s)
2026-05-12 17:21:40,956 [Trainer] :: Starting epoch 22
2026-05-12 17:29:44,912 [Trainer] :: Completed epoch 22: train_loss=0.147223 train_iou=0.861789 val_loss=0.274473 val_iou=0.633472 lr=0.00009869
2026-05-12 17:29:45,169 [Trainer] :: Updated latest checkpoint at epoch 22
2026-05-12 17:29:45,169 [Trainer] :: No validation IoU improvement for 8 epoch(s)
2026-05-12 17:29:45,169 [Trainer] :: Starting epoch 23
2026-05-12 17:38:58,428 [Trainer] :: Completed epoch 23: train_loss=0.146127 train_iou=0.866116 val_loss=0.318095 val_iou=0.647570 lr=0.00009857
2026-05-12 17:38:59,110 [Trainer] :: Updated latest checkpoint at epoch 23
2026-05-12 17:38:59,110 [Trainer] :: No validation IoU improvement for 9 epoch(s)
2026-05-12 17:38:59,110 [Trainer] :: Starting epoch 24
2026-05-12 17:51:49,396 [Trainer] :: Completed epoch 24: train_loss=0.144823 train_iou=0.866478 val_loss=0.266649 val_iou=0.626815 lr=0.00009844
2026-05-12 17:51:49,634 [Trainer] :: Updated latest checkpoint at epoch 24
2026-05-12 17:51:49,634 [Trainer] :: No validation IoU improvement for 10 epoch(s)
2026-05-12 17:51:49,634 [Trainer] :: Starting epoch 25
2026-05-12 18:01:16,427 [Trainer] :: Completed epoch 25: train_loss=0.138216 train_iou=0.873024 val_loss=0.266058 val_iou=0.666728 lr=0.00009831
2026-05-12 18:01:16,955 [Trainer] :: Updated latest checkpoint at epoch 25
2026-05-12 18:01:16,955 [Trainer] :: No validation IoU improvement for 11 epoch(s)
2026-05-12 18:01:16,955 [Trainer] :: Starting epoch 26
2026-05-12 18:14:01,122 [Trainer] :: Completed epoch 26: train_loss=0.139609 train_iou=0.866665 val_loss=0.266408 val_iou=0.646396 lr=0.00009818
2026-05-12 18:14:01,377 [Trainer] :: Updated latest checkpoint at epoch 26
2026-05-12 18:14:01,377 [Trainer] :: No validation IoU improvement for 12 epoch(s)
2026-05-12 18:14:01,377 [Trainer] :: Starting epoch 27
2026-05-12 18:26:35,145 [Trainer] :: Completed epoch 27: train_loss=0.134202 train_iou=0.873881 val_loss=0.280288 val_iou=0.639584 lr=0.00009803
2026-05-12 18:26:35,413 [Trainer] :: Updated latest checkpoint at epoch 27
2026-05-12 18:26:35,413 [Trainer] :: No validation IoU improvement for 13 epoch(s)
2026-05-12 18:26:35,413 [Trainer] :: Starting epoch 28
2026-05-12 18:39:21,441 [Trainer] :: Completed epoch 28: train_loss=0.131439 train_iou=0.877269 val_loss=0.276033 val_iou=0.674756 lr=0.00009789
2026-05-12 18:39:21,785 [Trainer] :: Updated latest checkpoint at epoch 28
2026-05-12 18:39:21,786 [Trainer] :: No validation IoU improvement for 14 epoch(s)
2026-05-12 18:39:21,786 [Trainer] :: Starting epoch 29
2026-05-12 18:49:08,820 [Trainer] :: Completed epoch 29: train_loss=0.128646 train_iou=0.877025 val_loss=0.264134 val_iou=0.675146 lr=0.00009773
2026-05-12 18:49:09,165 [Trainer] :: Updated latest checkpoint at epoch 29
2026-05-12 18:49:09,165 [Trainer] :: No validation IoU improvement for 15 epoch(s)
2026-05-12 18:49:09,165 [Trainer] :: Starting epoch 30
2026-05-12 19:01:20,588 [Trainer] :: Completed epoch 30: train_loss=0.128601 train_iou=0.879862 val_loss=0.271776 val_iou=0.663158 lr=0.00009758
2026-05-12 19:01:20,860 [Trainer] :: Updated latest checkpoint at epoch 30
2026-05-12 19:01:20,860 [Trainer] :: No validation IoU improvement for 16 epoch(s)
2026-05-12 19:01:20,860 [Trainer] :: Starting epoch 31
2026-05-12 19:11:51,045 [Trainer] :: Completed epoch 31: train_loss=0.126898 train_iou=0.880129 val_loss=0.265915 val_iou=0.655592 lr=0.00009741
2026-05-12 19:11:51,375 [Trainer] :: Updated latest checkpoint at epoch 31
2026-05-12 19:11:51,375 [Trainer] :: No validation IoU improvement for 17 epoch(s)
2026-05-12 19:11:51,375 [Trainer] :: Starting epoch 32
2026-05-12 19:22:27,903 [Trainer] :: Completed epoch 32: train_loss=0.120396 train_iou=0.885788 val_loss=0.277216 val_iou=0.665164 lr=0.00009725
2026-05-12 19:22:28,174 [Trainer] :: Updated latest checkpoint at epoch 32
2026-05-12 19:22:28,175 [Trainer] :: No validation IoU improvement for 18 epoch(s)
2026-05-12 19:22:28,175 [Trainer] :: Starting epoch 33
2026-05-12 19:37:50,859 [Trainer] :: Completed epoch 33: train_loss=0.119653 train_iou=0.886979 val_loss=0.265976 val_iou=0.649095 lr=0.00009707
2026-05-12 19:37:53,407 [Trainer] :: Updated latest checkpoint at epoch 33
2026-05-12 19:37:53,407 [Trainer] :: No validation IoU improvement for 19 epoch(s)
2026-05-12 19:37:53,407 [Trainer] :: Starting epoch 34
2026-05-12 19:49:55,585 [Trainer] :: Completed epoch 34: train_loss=0.117345 train_iou=0.889521 val_loss=0.281506 val_iou=0.653564 lr=0.00009690
2026-05-12 19:49:55,849 [Trainer] :: Updated latest checkpoint at epoch 34
2026-05-12 19:49:55,850 [Trainer] :: No validation IoU improvement for 20 epoch(s)
2026-05-12 19:49:55,850 [Trainer] :: Starting epoch 35
2026-05-12 20:03:48,265 [Trainer] :: Completed epoch 35: train_loss=0.118817 train_iou=0.887360 val_loss=0.287202 val_iou=0.631527 lr=0.00009671
2026-05-12 20:03:48,526 [Trainer] :: Updated latest checkpoint at epoch 35
2026-05-12 20:03:48,526 [Trainer] :: No validation IoU improvement for 21 epoch(s)
2026-05-12 20:03:48,526 [Trainer] :: Starting epoch 36
2026-05-12 20:13:35,631 [Trainer] :: Completed epoch 36: train_loss=0.118819 train_iou=0.887187 val_loss=0.280749 val_iou=0.634890 lr=0.00009652
2026-05-12 20:13:35,903 [Trainer] :: Updated latest checkpoint at epoch 36
2026-05-12 20:13:35,903 [Trainer] :: No validation IoU improvement for 22 epoch(s)
2026-05-12 20:13:35,903 [Trainer] :: Starting epoch 37
2026-05-12 20:26:00,167 [Trainer] :: Completed epoch 37: train_loss=0.114388 train_iou=0.891277 val_loss=0.266977 val_iou=0.668071 lr=0.00009633
2026-05-12 20:26:00,498 [Trainer] :: Updated latest checkpoint at epoch 37
2026-05-12 20:26:00,498 [Trainer] :: No validation IoU improvement for 23 epoch(s)
2026-05-12 20:26:00,498 [Trainer] :: Starting epoch 38
2026-05-12 20:34:53,502 [Trainer] :: Completed epoch 38: train_loss=0.115745 train_iou=0.890561 val_loss=0.295119 val_iou=0.604112 lr=0.00009613
2026-05-12 20:34:53,752 [Trainer] :: Updated latest checkpoint at epoch 38
2026-05-12 20:34:53,752 [Trainer] :: No validation IoU improvement for 24 epoch(s)
2026-05-12 20:34:53,753 [Trainer] :: Starting epoch 39
2026-05-12 20:45:38,249 [Trainer] :: Completed epoch 39: train_loss=0.111110 train_iou=0.892216 val_loss=0.348359 val_iou=0.555557 lr=0.00009593
2026-05-12 20:45:38,512 [Trainer] :: Updated latest checkpoint at epoch 39
2026-05-12 20:45:38,512 [Trainer] :: No validation IoU improvement for 25 epoch(s)
2026-05-12 20:45:38,512 [Trainer] :: Starting epoch 40
2026-05-12 20:55:08,594 [Trainer] :: Completed epoch 40: train_loss=0.111659 train_iou=0.893336 val_loss=0.277512 val_iou=0.670008 lr=0.00009572
2026-05-12 20:55:08,898 [Trainer] :: Updated latest checkpoint at epoch 40
2026-05-12 20:55:08,898 [Trainer] :: No validation IoU improvement for 26 epoch(s)
2026-05-12 20:55:08,899 [Trainer] :: Starting epoch 41
2026-05-12 21:07:38,652 [Trainer] :: Completed epoch 41: train_loss=0.115090 train_iou=0.890228 val_loss=0.286285 val_iou=0.629710 lr=0.00009551
2026-05-12 21:07:38,904 [Trainer] :: Updated latest checkpoint at epoch 41
2026-05-12 21:07:38,904 [Trainer] :: No validation IoU improvement for 27 epoch(s)
2026-05-12 21:07:38,904 [Trainer] :: Starting epoch 42
2026-05-12 21:19:46,542 [Trainer] :: Completed epoch 42: train_loss=0.108126 train_iou=0.896022 val_loss=0.313382 val_iou=0.619293 lr=0.00009529
2026-05-12 21:19:47,402 [Trainer] :: Updated latest checkpoint at epoch 42
2026-05-12 21:19:47,402 [Trainer] :: No validation IoU improvement for 28 epoch(s)
2026-05-12 21:19:47,402 [Trainer] :: Starting epoch 43
2026-05-12 21:32:04,542 [Trainer] :: Completed epoch 43: train_loss=0.108517 train_iou=0.897891 val_loss=0.295542 val_iou=0.609470 lr=0.00009507
2026-05-12 21:32:04,936 [Trainer] :: Updated latest checkpoint at epoch 43
2026-05-12 21:32:04,936 [Trainer] :: No validation IoU improvement for 29 epoch(s)
2026-05-12 21:32:04,936 [Trainer] :: Starting epoch 44
2026-05-12 21:45:39,112 [Trainer] :: Completed epoch 44: train_loss=0.107750 train_iou=0.897558 val_loss=0.367383 val_iou=0.549410 lr=0.00009484
2026-05-12 21:45:39,389 [Trainer] :: Updated latest checkpoint at epoch 44
2026-05-12 21:45:39,389 [Trainer] :: No validation IoU improvement for 30 epoch(s)
2026-05-12 21:45:39,389 [Trainer] :: Starting epoch 45
2026-05-12 22:01:36,064 [Trainer] :: Completed epoch 45: train_loss=0.105399 train_iou=0.898302 val_loss=0.283308 val_iou=0.652859 lr=0.00009460
2026-05-12 22:01:36,317 [Trainer] :: Updated latest checkpoint at epoch 45
2026-05-12 22:01:36,318 [Trainer] :: No validation IoU improvement for 31 epoch(s)
2026-05-12 22:01:36,318 [Trainer] :: Starting epoch 46
2026-05-12 22:14:55,326 [Trainer] :: Completed epoch 46: train_loss=0.101870 train_iou=0.903081 val_loss=0.299264 val_iou=0.621572 lr=0.00009437
2026-05-12 22:14:55,678 [Trainer] :: Updated latest checkpoint at epoch 46
2026-05-12 22:14:55,679 [Trainer] :: No validation IoU improvement for 32 epoch(s)
2026-05-12 22:14:55,679 [Trainer] :: Starting epoch 47
2026-05-12 22:26:42,188 [Trainer] :: Completed epoch 47: train_loss=0.104149 train_iou=0.900325 val_loss=0.279900 val_iou=0.655929 lr=0.00009412
2026-05-12 22:26:42,443 [Trainer] :: Updated latest checkpoint at epoch 47
2026-05-12 22:26:42,443 [Trainer] :: No validation IoU improvement for 33 epoch(s)
2026-05-12 22:26:42,443 [Trainer] :: Starting epoch 48
2026-05-12 22:39:29,636 [Trainer] :: Completed epoch 48: train_loss=0.101326 train_iou=0.902638 val_loss=0.288725 val_iou=0.651517 lr=0.00009388
2026-05-12 22:39:29,896 [Trainer] :: Updated latest checkpoint at epoch 48
2026-05-12 22:39:29,896 [Trainer] :: No validation IoU improvement for 34 epoch(s)
2026-05-12 22:39:29,896 [Trainer] :: Starting epoch 49
2026-05-12 22:53:39,531 [Trainer] :: Completed epoch 49: train_loss=0.099124 train_iou=0.904263 val_loss=0.308521 val_iou=0.609376 lr=0.00009363
2026-05-12 22:53:39,849 [Trainer] :: Updated latest checkpoint at epoch 49
2026-05-12 22:53:39,850 [Trainer] :: No validation IoU improvement for 35 epoch(s)
2026-05-12 22:53:39,850 [Trainer] :: Starting epoch 50
2026-05-12 23:06:20,429 [Trainer] :: Completed epoch 50: train_loss=0.100887 train_iou=0.903399 val_loss=0.301129 val_iou=0.617540 lr=0.00009337
2026-05-12 23:06:20,913 [Trainer] :: Updated latest checkpoint at epoch 50
2026-05-12 23:06:20,913 [Trainer] :: No validation IoU improvement for 36 epoch(s)
2026-05-12 23:06:20,913 [Trainer] :: Starting epoch 51
2026-05-12 23:15:10,240 [Trainer] :: Completed epoch 51: train_loss=0.099402 train_iou=0.903490 val_loss=0.291352 val_iou=0.640653 lr=0.00009311
2026-05-12 23:15:10,602 [Trainer] :: Updated latest checkpoint at epoch 51
2026-05-12 23:15:10,602 [Trainer] :: No validation IoU improvement for 37 epoch(s)
2026-05-12 23:15:10,602 [Trainer] :: Starting epoch 52
2026-05-12 23:24:19,500 [Trainer] :: Completed epoch 52: train_loss=0.098191 train_iou=0.905332 val_loss=0.280639 val_iou=0.666434 lr=0.00009284
2026-05-12 23:24:19,762 [Trainer] :: Updated latest checkpoint at epoch 52
2026-05-12 23:24:19,762 [Trainer] :: No validation IoU improvement for 38 epoch(s)
2026-05-12 23:24:19,762 [Trainer] :: Starting epoch 53
2026-05-12 23:34:02,009 [Trainer] :: Completed epoch 53: train_loss=0.097757 train_iou=0.906248 val_loss=0.279505 val_iou=0.664294 lr=0.00009257
2026-05-12 23:34:02,332 [Trainer] :: Updated latest checkpoint at epoch 53
2026-05-12 23:34:02,333 [Trainer] :: No validation IoU improvement for 39 epoch(s)
2026-05-12 23:34:02,333 [Trainer] :: Starting epoch 54
2026-05-12 23:43:33,665 [Trainer] :: Completed epoch 54: train_loss=0.095889 train_iou=0.907635 val_loss=0.291104 val_iou=0.658832 lr=0.00009229
2026-05-12 23:43:33,940 [Trainer] :: Updated latest checkpoint at epoch 54
2026-05-12 23:43:33,940 [Trainer] :: No validation IoU improvement for 40 epoch(s)
2026-05-12 23:43:33,940 [Trainer] :: Starting epoch 55
2026-05-12 23:52:16,357 [Trainer] :: Completed epoch 55: train_loss=0.094435 train_iou=0.909038 val_loss=0.297681 val_iou=0.617459 lr=0.00009201
2026-05-12 23:52:16,700 [Trainer] :: Updated latest checkpoint at epoch 55
2026-05-12 23:52:16,700 [Trainer] :: No validation IoU improvement for 41 epoch(s)
2026-05-12 23:52:16,700 [Trainer] :: Starting epoch 56
2026-05-13 00:02:12,082 [Trainer] :: Completed epoch 56: train_loss=0.092020 train_iou=0.912350 val_loss=0.302017 val_iou=0.654063 lr=0.00009173
2026-05-13 00:02:12,325 [Trainer] :: Updated latest checkpoint at epoch 56
2026-05-13 00:02:12,325 [Trainer] :: No validation IoU improvement for 42 epoch(s)
2026-05-13 00:02:12,325 [Trainer] :: Starting epoch 57
2026-05-13 00:10:19,772 [Trainer] :: Completed epoch 57: train_loss=0.093392 train_iou=0.909536 val_loss=0.304379 val_iou=0.618748 lr=0.00009144
2026-05-13 00:10:20,045 [Trainer] :: Updated latest checkpoint at epoch 57
2026-05-13 00:10:20,045 [Trainer] :: No validation IoU improvement for 43 epoch(s)
2026-05-13 00:10:20,045 [Trainer] :: Starting epoch 58
2026-05-13 00:17:46,673 [Trainer] :: Completed epoch 58: train_loss=0.091766 train_iou=0.912240 val_loss=0.292022 val_iou=0.658315 lr=0.00009115
2026-05-13 00:17:47,004 [Trainer] :: Updated latest checkpoint at epoch 58
2026-05-13 00:17:47,005 [Trainer] :: No validation IoU improvement for 44 epoch(s)
2026-05-13 00:17:47,005 [Trainer] :: Starting epoch 59
2026-05-13 00:25:06,008 [Trainer] :: Completed epoch 59: train_loss=0.090648 train_iou=0.913111 val_loss=0.307897 val_iou=0.631670 lr=0.00009085
2026-05-13 00:25:06,399 [Trainer] :: Updated latest checkpoint at epoch 59
2026-05-13 00:25:06,399 [Trainer] :: No validation IoU improvement for 45 epoch(s)
2026-05-13 00:25:06,400 [Trainer] :: Starting epoch 60
2026-05-13 00:32:17,128 [Trainer] :: Completed epoch 60: train_loss=0.092834 train_iou=0.911991 val_loss=0.293040 val_iou=0.657475 lr=0.00009055
2026-05-13 00:32:17,386 [Trainer] :: Updated latest checkpoint at epoch 60
2026-05-13 00:32:17,386 [Trainer] :: No validation IoU improvement for 46 epoch(s)
2026-05-13 00:32:17,386 [Trainer] :: Starting epoch 61
2026-05-13 00:39:26,007 [Trainer] :: Completed epoch 61: train_loss=0.089424 train_iou=0.913964 val_loss=0.303752 val_iou=0.636434 lr=0.00009024
2026-05-13 00:39:26,273 [Trainer] :: Updated latest checkpoint at epoch 61
2026-05-13 00:39:26,273 [Trainer] :: No validation IoU improvement for 47 epoch(s)
2026-05-13 00:39:26,273 [Trainer] :: Starting epoch 62
2026-05-13 00:46:35,634 [Trainer] :: Completed epoch 62: train_loss=0.090063 train_iou=0.912927 val_loss=0.305252 val_iou=0.645991 lr=0.00008993
2026-05-13 00:46:35,887 [Trainer] :: Updated latest checkpoint at epoch 62
2026-05-13 00:46:35,887 [Trainer] :: No validation IoU improvement for 48 epoch(s)
2026-05-13 00:46:35,887 [Trainer] :: Starting epoch 63
2026-05-13 00:53:44,266 [Trainer] :: Completed epoch 63: train_loss=0.088606 train_iou=0.914762 val_loss=0.301524 val_iou=0.641172 lr=0.00008961
2026-05-13 00:53:44,746 [Trainer] :: Updated latest checkpoint at epoch 63
2026-05-13 00:53:44,746 [Trainer] :: No validation IoU improvement for 49 epoch(s)
2026-05-13 00:53:44,746 [Trainer] :: Starting epoch 64
2026-05-13 01:00:56,888 [Trainer] :: Completed epoch 64: train_loss=0.090991 train_iou=0.912785 val_loss=0.301488 val_iou=0.650889 lr=0.00008929
2026-05-13 01:00:57,149 [Trainer] :: Updated latest checkpoint at epoch 64
2026-05-13 01:00:57,149 [Trainer] :: No validation IoU improvement for 50 epoch(s)
2026-05-13 01:00:57,149 [Trainer] :: Starting epoch 65
2026-05-13 01:08:11,449 [Trainer] :: Completed epoch 65: train_loss=0.089325 train_iou=0.913739 val_loss=0.297727 val_iou=0.649213 lr=0.00008897
2026-05-13 01:08:11,703 [Trainer] :: Updated latest checkpoint at epoch 65
2026-05-13 01:08:11,703 [Trainer] :: No validation IoU improvement for 51 epoch(s)
2026-05-13 01:08:11,703 [Trainer] :: Starting epoch 66
2026-05-13 01:15:09,864 [Trainer] :: Completed epoch 66: train_loss=0.085357 train_iou=0.917497 val_loss=0.310908 val_iou=0.613664 lr=0.00008864
2026-05-13 01:15:10,100 [Trainer] :: Updated latest checkpoint at epoch 66
2026-05-13 01:15:10,100 [Trainer] :: No validation IoU improvement for 52 epoch(s)
2026-05-13 01:15:10,100 [Trainer] :: Starting epoch 67
2026-05-13 01:22:13,200 [Trainer] :: Completed epoch 67: train_loss=0.085807 train_iou=0.917177 val_loss=0.304067 val_iou=0.640019 lr=0.00008831
2026-05-13 01:22:13,445 [Trainer] :: Updated latest checkpoint at epoch 67
2026-05-13 01:22:13,446 [Trainer] :: No validation IoU improvement for 53 epoch(s)
2026-05-13 01:22:13,446 [Trainer] :: Starting epoch 68
2026-05-13 01:28:02,181 [Trainer] :: Completed epoch 68: train_loss=0.087915 train_iou=0.917730 val_loss=0.302067 val_iou=0.647840 lr=0.00008797
2026-05-13 01:28:02,402 [Trainer] :: Updated latest checkpoint at epoch 68
2026-05-13 01:28:02,402 [Trainer] :: No validation IoU improvement for 54 epoch(s)
2026-05-13 01:28:02,402 [Trainer] :: Starting epoch 69
2026-05-13 01:33:53,327 [Trainer] :: Completed epoch 69: train_loss=0.086600 train_iou=0.915831 val_loss=0.310766 val_iou=0.656170 lr=0.00008763
2026-05-13 01:33:53,914 [Trainer] :: Updated latest checkpoint at epoch 69
2026-05-13 01:33:53,914 [Trainer] :: No validation IoU improvement for 55 epoch(s)
2026-05-13 01:33:53,914 [Trainer] :: Starting epoch 70
2026-05-13 01:39:42,359 [Trainer] :: Completed epoch 70: train_loss=0.085711 train_iou=0.917534 val_loss=0.375785 val_iou=0.567806 lr=0.00008729
2026-05-13 01:39:42,581 [Trainer] :: Updated latest checkpoint at epoch 70
2026-05-13 01:39:42,582 [Trainer] :: No validation IoU improvement for 56 epoch(s)
2026-05-13 01:39:42,582 [Trainer] :: Starting epoch 71
