2026-05-15 00:50:16,855 [Trainer] :: Training run initialized at /ceph/home/student.aau.dk/qd36zu/fuzzy-p10/tbd/masking/outputs/runs/real_msi_unetplusplus_resnet50_seed47_20260514T225016Z
2026-05-15 00:50:16,855 [Trainer] :: Loaded config from /ceph/home/student.aau.dk/qd36zu/fuzzy-p10/tbd/masking/configs/binary/real_msi_unetpp_resnet50.yaml
2026-05-15 00:50:16,856 [Trainer] :: Using seed=47 and device=None
2026-05-15 00:50:16,856 [Trainer] :: Using model architecture=UnetPlusPlus encoder=resnet50 encoder_weights=imagenet
2026-05-15 00:50:17,202 [Trainer] :: Resolved runtime device to cuda
2026-05-15 00:50:17,203 [Trainer] :: Prepared normalization from source=train_split_patch_stats
2026-05-15 00:50:21,726 [Trainer] :: Built dataloaders with batch_size=16, num_workers=0
2026-05-15 00:50:21,727 [Trainer] :: Starting epoch 1
2026-05-15 00:54:27,747 [Trainer] :: Completed epoch 1: train_loss=0.420251 train_iou=0.650056 val_loss=0.411218 val_iou=0.486946 lr=0.00010000
2026-05-15 00:54:28,855 [Trainer] :: Updated latest checkpoint at epoch 1
2026-05-15 00:54:30,218 [Trainer] :: New best checkpoint saved with val_iou=0.486946
2026-05-15 00:54:30,218 [Trainer] :: Starting epoch 2
2026-05-15 00:58:32,630 [Trainer] :: Completed epoch 2: train_loss=0.325542 train_iou=0.730212 val_loss=0.343955 val_iou=0.562068 lr=0.00009999
2026-05-15 00:58:33,662 [Trainer] :: Updated latest checkpoint at epoch 2
2026-05-15 00:58:34,312 [Trainer] :: New best checkpoint saved with val_iou=0.562068
2026-05-15 00:58:34,312 [Trainer] :: Starting epoch 3
2026-05-15 01:02:33,259 [Trainer] :: Completed epoch 3: train_loss=0.292170 train_iou=0.752016 val_loss=0.332568 val_iou=0.576529 lr=0.00009998
2026-05-15 01:02:33,985 [Trainer] :: Updated latest checkpoint at epoch 3
2026-05-15 01:02:34,746 [Trainer] :: New best checkpoint saved with val_iou=0.576529
2026-05-15 01:02:34,746 [Trainer] :: Starting epoch 4
2026-05-15 01:06:34,142 [Trainer] :: Completed epoch 4: train_loss=0.273618 train_iou=0.765465 val_loss=0.317341 val_iou=0.587540 lr=0.00009996
2026-05-15 01:06:35,171 [Trainer] :: Updated latest checkpoint at epoch 4
2026-05-15 01:06:35,797 [Trainer] :: New best checkpoint saved with val_iou=0.587540
2026-05-15 01:06:35,797 [Trainer] :: Starting epoch 5
2026-05-15 01:10:35,613 [Trainer] :: Completed epoch 5: train_loss=0.255495 train_iou=0.778100 val_loss=0.324192 val_iou=0.577434 lr=0.00009993
2026-05-15 01:10:36,516 [Trainer] :: Updated latest checkpoint at epoch 5
2026-05-15 01:10:36,517 [Trainer] :: No validation IoU improvement for 1 epoch(s)
2026-05-15 01:10:36,517 [Trainer] :: Starting epoch 6
2026-05-15 01:14:31,929 [Trainer] :: Completed epoch 6: train_loss=0.237719 train_iou=0.791915 val_loss=0.324211 val_iou=0.548945 lr=0.00009990
2026-05-15 01:14:32,650 [Trainer] :: Updated latest checkpoint at epoch 6
2026-05-15 01:14:32,650 [Trainer] :: No validation IoU improvement for 2 epoch(s)
2026-05-15 01:14:32,650 [Trainer] :: Starting epoch 7
2026-05-15 01:18:29,923 [Trainer] :: Completed epoch 7: train_loss=0.233389 train_iou=0.794938 val_loss=0.304514 val_iou=0.575248 lr=0.00009987
2026-05-15 01:18:31,119 [Trainer] :: Updated latest checkpoint at epoch 7
2026-05-15 01:18:31,119 [Trainer] :: No validation IoU improvement for 3 epoch(s)
2026-05-15 01:18:31,119 [Trainer] :: Starting epoch 8
2026-05-15 01:22:32,038 [Trainer] :: Completed epoch 8: train_loss=0.221763 train_iou=0.805748 val_loss=0.307886 val_iou=0.566720 lr=0.00009983
2026-05-15 01:22:32,807 [Trainer] :: Updated latest checkpoint at epoch 8
2026-05-15 01:22:32,808 [Trainer] :: No validation IoU improvement for 4 epoch(s)
2026-05-15 01:22:32,808 [Trainer] :: Starting epoch 9
2026-05-15 01:26:32,256 [Trainer] :: Completed epoch 9: train_loss=0.214988 train_iou=0.807754 val_loss=0.299750 val_iou=0.580091 lr=0.00009978
2026-05-15 01:26:33,137 [Trainer] :: Updated latest checkpoint at epoch 9
2026-05-15 01:26:33,137 [Trainer] :: No validation IoU improvement for 5 epoch(s)
2026-05-15 01:26:33,137 [Trainer] :: Starting epoch 10
2026-05-15 01:30:33,431 [Trainer] :: Completed epoch 10: train_loss=0.204366 train_iou=0.818245 val_loss=0.316005 val_iou=0.563170 lr=0.00009973
2026-05-15 01:30:34,320 [Trainer] :: Updated latest checkpoint at epoch 10
2026-05-15 01:30:34,320 [Trainer] :: No validation IoU improvement for 6 epoch(s)
2026-05-15 01:30:34,320 [Trainer] :: Starting epoch 11
2026-05-15 01:34:34,242 [Trainer] :: Completed epoch 11: train_loss=0.193012 train_iou=0.830981 val_loss=0.297128 val_iou=0.584806 lr=0.00009967
2026-05-15 01:34:35,016 [Trainer] :: Updated latest checkpoint at epoch 11
2026-05-15 01:34:35,017 [Trainer] :: No validation IoU improvement for 7 epoch(s)
2026-05-15 01:34:35,017 [Trainer] :: Starting epoch 12
2026-05-15 01:38:35,830 [Trainer] :: Completed epoch 12: train_loss=0.193251 train_iou=0.828243 val_loss=0.303957 val_iou=0.581625 lr=0.00009961
2026-05-15 01:38:36,552 [Trainer] :: Updated latest checkpoint at epoch 12
2026-05-15 01:38:36,552 [Trainer] :: No validation IoU improvement for 8 epoch(s)
2026-05-15 01:38:36,552 [Trainer] :: Starting epoch 13
2026-05-15 01:42:36,406 [Trainer] :: Completed epoch 13: train_loss=0.187182 train_iou=0.836007 val_loss=0.296898 val_iou=0.584844 lr=0.00009954
2026-05-15 01:42:37,140 [Trainer] :: Updated latest checkpoint at epoch 13
2026-05-15 01:42:37,140 [Trainer] :: No validation IoU improvement for 9 epoch(s)
2026-05-15 01:42:37,141 [Trainer] :: Starting epoch 14
2026-05-15 01:46:36,148 [Trainer] :: Completed epoch 14: train_loss=0.180483 train_iou=0.841864 val_loss=0.298862 val_iou=0.580345 lr=0.00009947
2026-05-15 01:46:36,958 [Trainer] :: Updated latest checkpoint at epoch 14
2026-05-15 01:46:37,101 [Trainer] :: No validation IoU improvement for 10 epoch(s)
2026-05-15 01:46:37,102 [Trainer] :: Starting epoch 15
2026-05-15 01:50:38,586 [Trainer] :: Completed epoch 15: train_loss=0.178820 train_iou=0.844106 val_loss=0.311571 val_iou=0.565257 lr=0.00009939
2026-05-15 01:50:39,231 [Trainer] :: Updated latest checkpoint at epoch 15
2026-05-15 01:50:39,232 [Trainer] :: No validation IoU improvement for 11 epoch(s)
2026-05-15 01:50:39,232 [Trainer] :: Starting epoch 16
2026-05-15 01:54:39,533 [Trainer] :: Completed epoch 16: train_loss=0.170660 train_iou=0.851135 val_loss=0.294359 val_iou=0.592622 lr=0.00009931
2026-05-15 01:54:40,403 [Trainer] :: Updated latest checkpoint at epoch 16
2026-05-15 01:54:41,025 [Trainer] :: New best checkpoint saved with val_iou=0.592622
2026-05-15 01:54:41,025 [Trainer] :: Starting epoch 17
2026-05-15 01:58:41,799 [Trainer] :: Completed epoch 17: train_loss=0.163858 train_iou=0.857794 val_loss=0.333609 val_iou=0.522276 lr=0.00009922
2026-05-15 01:58:42,977 [Trainer] :: Updated latest checkpoint at epoch 17
2026-05-15 01:58:42,977 [Trainer] :: No validation IoU improvement for 1 epoch(s)
2026-05-15 01:58:42,977 [Trainer] :: Starting epoch 18
2026-05-15 02:02:48,448 [Trainer] :: Completed epoch 18: train_loss=0.158918 train_iou=0.860630 val_loss=0.302962 val_iou=0.570140 lr=0.00009912
2026-05-15 02:02:49,492 [Trainer] :: Updated latest checkpoint at epoch 18
2026-05-15 02:02:49,492 [Trainer] :: No validation IoU improvement for 2 epoch(s)
2026-05-15 02:02:49,492 [Trainer] :: Starting epoch 19
2026-05-15 02:06:54,239 [Trainer] :: Completed epoch 19: train_loss=0.159907 train_iou=0.858646 val_loss=0.292893 val_iou=0.597291 lr=0.00009902
2026-05-15 02:06:55,327 [Trainer] :: Updated latest checkpoint at epoch 19
2026-05-15 02:06:56,094 [Trainer] :: New best checkpoint saved with val_iou=0.597291
2026-05-15 02:06:56,094 [Trainer] :: Starting epoch 20
2026-05-15 02:10:53,859 [Trainer] :: Completed epoch 20: train_loss=0.152904 train_iou=0.869276 val_loss=0.296940 val_iou=0.587728 lr=0.00009892
2026-05-15 02:10:55,036 [Trainer] :: Updated latest checkpoint at epoch 20
2026-05-15 02:10:55,036 [Trainer] :: No validation IoU improvement for 1 epoch(s)
2026-05-15 02:10:55,036 [Trainer] :: Starting epoch 21
2026-05-15 02:15:54,671 [Trainer] :: Completed epoch 21: train_loss=0.144246 train_iou=0.876089 val_loss=0.305250 val_iou=0.577970 lr=0.00009881
2026-05-15 02:15:56,248 [Trainer] :: Updated latest checkpoint at epoch 21
2026-05-15 02:15:56,327 [Trainer] :: No validation IoU improvement for 2 epoch(s)
2026-05-15 02:15:56,327 [Trainer] :: Starting epoch 22
2026-05-15 02:20:10,371 [Trainer] :: Completed epoch 22: train_loss=0.143952 train_iou=0.876760 val_loss=0.316976 val_iou=0.557243 lr=0.00009869
2026-05-15 02:20:11,673 [Trainer] :: Updated latest checkpoint at epoch 22
2026-05-15 02:20:11,673 [Trainer] :: No validation IoU improvement for 3 epoch(s)
2026-05-15 02:20:11,674 [Trainer] :: Starting epoch 23
2026-05-15 02:24:12,018 [Trainer] :: Completed epoch 23: train_loss=0.139502 train_iou=0.880195 val_loss=0.312731 val_iou=0.555382 lr=0.00009857
2026-05-15 02:24:12,850 [Trainer] :: Updated latest checkpoint at epoch 23
2026-05-15 02:24:12,850 [Trainer] :: No validation IoU improvement for 4 epoch(s)
2026-05-15 02:24:12,850 [Trainer] :: Starting epoch 24
2026-05-15 02:28:13,122 [Trainer] :: Completed epoch 24: train_loss=0.141772 train_iou=0.877950 val_loss=0.298207 val_iou=0.582218 lr=0.00009844
2026-05-15 02:28:14,004 [Trainer] :: Updated latest checkpoint at epoch 24
2026-05-15 02:28:14,004 [Trainer] :: No validation IoU improvement for 5 epoch(s)
2026-05-15 02:28:14,004 [Trainer] :: Starting epoch 25
2026-05-15 02:32:12,053 [Trainer] :: Completed epoch 25: train_loss=0.134684 train_iou=0.884267 val_loss=0.303678 val_iou=0.583889 lr=0.00009831
2026-05-15 02:32:13,669 [Trainer] :: Updated latest checkpoint at epoch 25
2026-05-15 02:32:13,669 [Trainer] :: No validation IoU improvement for 6 epoch(s)
2026-05-15 02:32:13,669 [Trainer] :: Starting epoch 26
2026-05-15 02:36:09,715 [Trainer] :: Completed epoch 26: train_loss=0.127373 train_iou=0.890401 val_loss=0.305971 val_iou=0.588258 lr=0.00009818
2026-05-15 02:36:10,526 [Trainer] :: Updated latest checkpoint at epoch 26
2026-05-15 02:36:10,526 [Trainer] :: No validation IoU improvement for 7 epoch(s)
2026-05-15 02:36:10,526 [Trainer] :: Starting epoch 27
2026-05-15 02:40:10,179 [Trainer] :: Completed epoch 27: train_loss=0.122859 train_iou=0.892020 val_loss=0.371215 val_iou=0.506795 lr=0.00009803
2026-05-15 02:40:10,846 [Trainer] :: Updated latest checkpoint at epoch 27
2026-05-15 02:40:10,846 [Trainer] :: No validation IoU improvement for 8 epoch(s)
2026-05-15 02:40:10,846 [Trainer] :: Starting epoch 28
2026-05-15 02:44:09,796 [Trainer] :: Completed epoch 28: train_loss=0.123950 train_iou=0.890491 val_loss=0.311623 val_iou=0.582632 lr=0.00009789
2026-05-15 02:44:10,555 [Trainer] :: Updated latest checkpoint at epoch 28
2026-05-15 02:44:10,555 [Trainer] :: No validation IoU improvement for 9 epoch(s)
2026-05-15 02:44:10,555 [Trainer] :: Starting epoch 29
2026-05-15 02:48:09,109 [Trainer] :: Completed epoch 29: train_loss=0.119581 train_iou=0.891794 val_loss=0.349353 val_iou=0.525089 lr=0.00009773
2026-05-15 02:48:10,978 [Trainer] :: Updated latest checkpoint at epoch 29
2026-05-15 02:48:10,979 [Trainer] :: No validation IoU improvement for 10 epoch(s)
2026-05-15 02:48:10,979 [Trainer] :: Starting epoch 30
2026-05-15 02:52:08,682 [Trainer] :: Completed epoch 30: train_loss=0.119847 train_iou=0.888055 val_loss=0.334904 val_iou=0.550338 lr=0.00009758
2026-05-15 02:52:09,373 [Trainer] :: Updated latest checkpoint at epoch 30
2026-05-15 02:52:09,373 [Trainer] :: No validation IoU improvement for 11 epoch(s)
2026-05-15 02:52:09,373 [Trainer] :: Starting epoch 31
2026-05-15 02:56:09,500 [Trainer] :: Completed epoch 31: train_loss=0.111120 train_iou=0.895253 val_loss=0.294860 val_iou=0.600021 lr=0.00009741
2026-05-15 02:56:10,152 [Trainer] :: Updated latest checkpoint at epoch 31
2026-05-15 02:56:10,681 [Trainer] :: New best checkpoint saved with val_iou=0.600021
2026-05-15 02:56:10,681 [Trainer] :: Starting epoch 32
2026-05-15 03:00:10,565 [Trainer] :: Completed epoch 32: train_loss=0.107625 train_iou=0.896602 val_loss=0.308738 val_iou=0.584037 lr=0.00009725
2026-05-15 03:00:11,289 [Trainer] :: Updated latest checkpoint at epoch 32
2026-05-15 03:00:11,289 [Trainer] :: No validation IoU improvement for 1 epoch(s)
2026-05-15 03:00:11,289 [Trainer] :: Starting epoch 33
2026-05-15 03:04:08,619 [Trainer] :: Completed epoch 33: train_loss=0.104922 train_iou=0.897848 val_loss=0.319818 val_iou=0.575808 lr=0.00009707
2026-05-15 03:04:09,459 [Trainer] :: Updated latest checkpoint at epoch 33
2026-05-15 03:04:09,459 [Trainer] :: No validation IoU improvement for 2 epoch(s)
2026-05-15 03:04:09,459 [Trainer] :: Starting epoch 34
2026-05-15 03:08:30,541 [Trainer] :: Completed epoch 34: train_loss=0.103359 train_iou=0.898923 val_loss=0.321457 val_iou=0.564853 lr=0.00009690
2026-05-15 03:08:31,464 [Trainer] :: Updated latest checkpoint at epoch 34
2026-05-15 03:08:31,464 [Trainer] :: No validation IoU improvement for 3 epoch(s)
2026-05-15 03:08:31,464 [Trainer] :: Starting epoch 35
2026-05-15 03:12:40,515 [Trainer] :: Completed epoch 35: train_loss=0.104794 train_iou=0.896029 val_loss=0.342779 val_iou=0.540382 lr=0.00009671
2026-05-15 03:12:41,644 [Trainer] :: Updated latest checkpoint at epoch 35
2026-05-15 03:12:41,644 [Trainer] :: No validation IoU improvement for 4 epoch(s)
2026-05-15 03:12:41,644 [Trainer] :: Starting epoch 36
2026-05-15 03:16:48,586 [Trainer] :: Completed epoch 36: train_loss=0.099339 train_iou=0.902816 val_loss=0.338569 val_iou=0.543843 lr=0.00009652
2026-05-15 03:16:49,375 [Trainer] :: Updated latest checkpoint at epoch 36
2026-05-15 03:16:49,376 [Trainer] :: No validation IoU improvement for 5 epoch(s)
2026-05-15 03:16:49,376 [Trainer] :: Starting epoch 37
2026-05-15 03:20:46,053 [Trainer] :: Completed epoch 37: train_loss=0.100365 train_iou=0.899974 val_loss=0.345248 val_iou=0.546476 lr=0.00009633
2026-05-15 03:20:46,761 [Trainer] :: Updated latest checkpoint at epoch 37
2026-05-15 03:20:46,762 [Trainer] :: No validation IoU improvement for 6 epoch(s)
2026-05-15 03:20:46,762 [Trainer] :: Starting epoch 38
2026-05-15 03:24:41,159 [Trainer] :: Completed epoch 38: train_loss=0.099643 train_iou=0.899612 val_loss=0.349681 val_iou=0.562751 lr=0.00009613
2026-05-15 03:24:41,894 [Trainer] :: Updated latest checkpoint at epoch 38
2026-05-15 03:24:41,894 [Trainer] :: No validation IoU improvement for 7 epoch(s)
2026-05-15 03:24:41,894 [Trainer] :: Starting epoch 39
2026-05-15 03:28:38,056 [Trainer] :: Completed epoch 39: train_loss=0.097892 train_iou=0.899146 val_loss=0.333800 val_iou=0.554971 lr=0.00009593
2026-05-15 03:28:39,079 [Trainer] :: Updated latest checkpoint at epoch 39
2026-05-15 03:28:39,079 [Trainer] :: No validation IoU improvement for 8 epoch(s)
2026-05-15 03:28:39,079 [Trainer] :: Starting epoch 40
2026-05-15 03:32:35,354 [Trainer] :: Completed epoch 40: train_loss=0.088123 train_iou=0.909187 val_loss=0.336989 val_iou=0.567517 lr=0.00009572
2026-05-15 03:32:36,060 [Trainer] :: Updated latest checkpoint at epoch 40
2026-05-15 03:32:36,060 [Trainer] :: No validation IoU improvement for 9 epoch(s)
2026-05-15 03:32:36,060 [Trainer] :: Starting epoch 41
2026-05-15 03:36:32,236 [Trainer] :: Completed epoch 41: train_loss=0.088354 train_iou=0.911023 val_loss=0.309985 val_iou=0.589428 lr=0.00009551
2026-05-15 03:36:32,957 [Trainer] :: Updated latest checkpoint at epoch 41
2026-05-15 03:36:32,957 [Trainer] :: No validation IoU improvement for 10 epoch(s)
2026-05-15 03:36:32,957 [Trainer] :: Starting epoch 42
2026-05-15 03:40:30,112 [Trainer] :: Completed epoch 42: train_loss=0.083456 train_iou=0.913035 val_loss=0.341193 val_iou=0.565682 lr=0.00009529
2026-05-15 03:40:30,804 [Trainer] :: Updated latest checkpoint at epoch 42
2026-05-15 03:40:30,804 [Trainer] :: No validation IoU improvement for 11 epoch(s)
2026-05-15 03:40:30,804 [Trainer] :: Starting epoch 43
2026-05-15 03:44:35,163 [Trainer] :: Completed epoch 43: train_loss=0.082768 train_iou=0.914767 val_loss=0.363493 val_iou=0.566227 lr=0.00009507
2026-05-15 03:44:36,885 [Trainer] :: Updated latest checkpoint at epoch 43
2026-05-15 03:44:36,885 [Trainer] :: No validation IoU improvement for 12 epoch(s)
2026-05-15 03:44:36,885 [Trainer] :: Starting epoch 44
2026-05-15 03:48:37,533 [Trainer] :: Completed epoch 44: train_loss=0.083340 train_iou=0.913697 val_loss=0.359079 val_iou=0.534701 lr=0.00009484
2026-05-15 03:48:38,240 [Trainer] :: Updated latest checkpoint at epoch 44
2026-05-15 03:48:38,241 [Trainer] :: No validation IoU improvement for 13 epoch(s)
2026-05-15 03:48:38,241 [Trainer] :: Starting epoch 45
2026-05-15 03:52:36,151 [Trainer] :: Completed epoch 45: train_loss=0.084744 train_iou=0.911737 val_loss=0.331247 val_iou=0.573456 lr=0.00009460
2026-05-15 03:52:37,001 [Trainer] :: Updated latest checkpoint at epoch 45
2026-05-15 03:52:37,001 [Trainer] :: No validation IoU improvement for 14 epoch(s)
2026-05-15 03:52:37,002 [Trainer] :: Starting epoch 46
2026-05-15 03:56:40,985 [Trainer] :: Completed epoch 46: train_loss=0.079730 train_iou=0.917141 val_loss=0.328155 val_iou=0.563557 lr=0.00009437
2026-05-15 03:56:41,729 [Trainer] :: Updated latest checkpoint at epoch 46
2026-05-15 03:56:41,729 [Trainer] :: No validation IoU improvement for 15 epoch(s)
2026-05-15 03:56:41,729 [Trainer] :: Starting epoch 47
2026-05-15 04:00:45,882 [Trainer] :: Completed epoch 47: train_loss=0.077110 train_iou=0.918382 val_loss=0.324717 val_iou=0.592431 lr=0.00009412
2026-05-15 04:00:46,958 [Trainer] :: Updated latest checkpoint at epoch 47
2026-05-15 04:00:46,959 [Trainer] :: No validation IoU improvement for 16 epoch(s)
2026-05-15 04:00:46,959 [Trainer] :: Starting epoch 48
2026-05-15 04:04:50,825 [Trainer] :: Completed epoch 48: train_loss=0.075148 train_iou=0.919935 val_loss=0.337552 val_iou=0.560736 lr=0.00009388
2026-05-15 04:04:51,616 [Trainer] :: Updated latest checkpoint at epoch 48
2026-05-15 04:04:51,616 [Trainer] :: No validation IoU improvement for 17 epoch(s)
2026-05-15 04:04:51,616 [Trainer] :: Starting epoch 49
2026-05-15 04:08:55,573 [Trainer] :: Completed epoch 49: train_loss=0.077392 train_iou=0.919082 val_loss=0.338461 val_iou=0.572330 lr=0.00009363
2026-05-15 04:08:56,385 [Trainer] :: Updated latest checkpoint at epoch 49
2026-05-15 04:08:56,385 [Trainer] :: No validation IoU improvement for 18 epoch(s)
2026-05-15 04:08:56,385 [Trainer] :: Starting epoch 50
2026-05-15 04:13:01,175 [Trainer] :: Completed epoch 50: train_loss=0.077992 train_iou=0.918315 val_loss=0.357311 val_iou=0.549990 lr=0.00009337
2026-05-15 04:13:02,017 [Trainer] :: Updated latest checkpoint at epoch 50
2026-05-15 04:13:02,017 [Trainer] :: No validation IoU improvement for 19 epoch(s)
2026-05-15 04:13:02,017 [Trainer] :: Starting epoch 51
2026-05-15 04:17:06,478 [Trainer] :: Completed epoch 51: train_loss=0.077734 train_iou=0.918462 val_loss=0.326178 val_iou=0.595262 lr=0.00009311
2026-05-15 04:17:07,504 [Trainer] :: Updated latest checkpoint at epoch 51
2026-05-15 04:17:07,504 [Trainer] :: No validation IoU improvement for 20 epoch(s)
2026-05-15 04:17:07,504 [Trainer] :: Starting epoch 52
2026-05-15 04:21:11,863 [Trainer] :: Completed epoch 52: train_loss=0.073615 train_iou=0.921277 val_loss=0.327976 val_iou=0.564063 lr=0.00009284
2026-05-15 04:21:13,162 [Trainer] :: Updated latest checkpoint at epoch 52
2026-05-15 04:21:13,162 [Trainer] :: No validation IoU improvement for 21 epoch(s)
2026-05-15 04:21:13,162 [Trainer] :: Starting epoch 53
2026-05-15 04:25:20,148 [Trainer] :: Completed epoch 53: train_loss=0.074611 train_iou=0.921590 val_loss=0.330319 val_iou=0.572443 lr=0.00009257
2026-05-15 04:25:20,980 [Trainer] :: Updated latest checkpoint at epoch 53
2026-05-15 04:25:20,980 [Trainer] :: No validation IoU improvement for 22 epoch(s)
2026-05-15 04:25:20,980 [Trainer] :: Starting epoch 54
2026-05-15 04:29:26,423 [Trainer] :: Completed epoch 54: train_loss=0.075725 train_iou=0.919789 val_loss=0.352049 val_iou=0.561993 lr=0.00009229
2026-05-15 04:29:27,401 [Trainer] :: Updated latest checkpoint at epoch 54
2026-05-15 04:29:27,401 [Trainer] :: No validation IoU improvement for 23 epoch(s)
2026-05-15 04:29:27,401 [Trainer] :: Starting epoch 55
2026-05-15 04:33:34,485 [Trainer] :: Completed epoch 55: train_loss=0.070600 train_iou=0.925785 val_loss=0.349652 val_iou=0.551318 lr=0.00009201
2026-05-15 04:33:35,505 [Trainer] :: Updated latest checkpoint at epoch 55
2026-05-15 04:33:35,505 [Trainer] :: No validation IoU improvement for 24 epoch(s)
2026-05-15 04:33:35,505 [Trainer] :: Starting epoch 56
2026-05-15 04:37:43,089 [Trainer] :: Completed epoch 56: train_loss=0.066876 train_iou=0.928317 val_loss=0.339908 val_iou=0.574148 lr=0.00009173
2026-05-15 04:37:44,106 [Trainer] :: Updated latest checkpoint at epoch 56
2026-05-15 04:37:44,106 [Trainer] :: No validation IoU improvement for 25 epoch(s)
2026-05-15 04:37:44,106 [Trainer] :: Starting epoch 57
2026-05-15 04:41:50,081 [Trainer] :: Completed epoch 57: train_loss=0.066846 train_iou=0.929380 val_loss=0.348213 val_iou=0.566683 lr=0.00009144
2026-05-15 04:41:50,831 [Trainer] :: Updated latest checkpoint at epoch 57
2026-05-15 04:41:50,831 [Trainer] :: No validation IoU improvement for 26 epoch(s)
2026-05-15 04:41:50,831 [Trainer] :: Starting epoch 58
2026-05-15 04:45:57,182 [Trainer] :: Completed epoch 58: train_loss=0.067580 train_iou=0.929388 val_loss=0.328308 val_iou=0.579560 lr=0.00009115
2026-05-15 04:45:58,065 [Trainer] :: Updated latest checkpoint at epoch 58
2026-05-15 04:45:58,065 [Trainer] :: No validation IoU improvement for 27 epoch(s)
2026-05-15 04:45:58,065 [Trainer] :: Starting epoch 59
2026-05-15 04:50:05,627 [Trainer] :: Completed epoch 59: train_loss=0.065720 train_iou=0.929464 val_loss=0.355945 val_iou=0.559213 lr=0.00009085
2026-05-15 04:50:06,570 [Trainer] :: Updated latest checkpoint at epoch 59
2026-05-15 04:50:06,570 [Trainer] :: No validation IoU improvement for 28 epoch(s)
2026-05-15 04:50:06,571 [Trainer] :: Starting epoch 60
2026-05-15 04:54:14,162 [Trainer] :: Completed epoch 60: train_loss=0.064732 train_iou=0.930153 val_loss=0.338363 val_iou=0.574977 lr=0.00009055
2026-05-15 04:54:15,716 [Trainer] :: Updated latest checkpoint at epoch 60
2026-05-15 04:54:15,716 [Trainer] :: No validation IoU improvement for 29 epoch(s)
2026-05-15 04:54:15,716 [Trainer] :: Starting epoch 61
2026-05-15 04:59:35,860 [Trainer] :: Completed epoch 61: train_loss=0.063800 train_iou=0.931901 val_loss=0.346472 val_iou=0.581848 lr=0.00009024
2026-05-15 04:59:36,590 [Trainer] :: Updated latest checkpoint at epoch 61
2026-05-15 04:59:36,590 [Trainer] :: No validation IoU improvement for 30 epoch(s)
2026-05-15 04:59:36,590 [Trainer] :: Starting epoch 62
2026-05-15 05:03:42,520 [Trainer] :: Completed epoch 62: train_loss=0.060762 train_iou=0.934089 val_loss=0.349775 val_iou=0.562439 lr=0.00008993
2026-05-15 05:03:43,775 [Trainer] :: Updated latest checkpoint at epoch 62
2026-05-15 05:03:43,775 [Trainer] :: No validation IoU improvement for 31 epoch(s)
2026-05-15 05:03:43,775 [Trainer] :: Starting epoch 63
2026-05-15 05:07:44,983 [Trainer] :: Completed epoch 63: train_loss=0.061078 train_iou=0.933695 val_loss=0.353697 val_iou=0.577430 lr=0.00008961
2026-05-15 05:07:45,705 [Trainer] :: Updated latest checkpoint at epoch 63
2026-05-15 05:07:45,705 [Trainer] :: No validation IoU improvement for 32 epoch(s)
2026-05-15 05:07:45,705 [Trainer] :: Starting epoch 64
2026-05-15 05:11:48,343 [Trainer] :: Completed epoch 64: train_loss=0.062596 train_iou=0.932408 val_loss=0.366556 val_iou=0.548526 lr=0.00008929
2026-05-15 05:11:49,084 [Trainer] :: Updated latest checkpoint at epoch 64
2026-05-15 05:11:49,085 [Trainer] :: No validation IoU improvement for 33 epoch(s)
2026-05-15 05:11:49,085 [Trainer] :: Starting epoch 65
2026-05-15 05:15:51,345 [Trainer] :: Completed epoch 65: train_loss=0.062491 train_iou=0.933023 val_loss=0.354316 val_iou=0.561132 lr=0.00008897
2026-05-15 05:15:52,068 [Trainer] :: Updated latest checkpoint at epoch 65
2026-05-15 05:15:52,069 [Trainer] :: No validation IoU improvement for 34 epoch(s)
2026-05-15 05:15:52,069 [Trainer] :: Starting epoch 66
2026-05-15 05:19:55,496 [Trainer] :: Completed epoch 66: train_loss=0.064106 train_iou=0.933246 val_loss=0.387475 val_iou=0.561944 lr=0.00008864
2026-05-15 05:19:56,195 [Trainer] :: Updated latest checkpoint at epoch 66
2026-05-15 05:19:56,196 [Trainer] :: No validation IoU improvement for 35 epoch(s)
2026-05-15 05:19:56,196 [Trainer] :: Starting epoch 67
2026-05-15 05:23:59,266 [Trainer] :: Completed epoch 67: train_loss=0.059024 train_iou=0.935819 val_loss=0.353391 val_iou=0.561584 lr=0.00008831
2026-05-15 05:24:00,164 [Trainer] :: Updated latest checkpoint at epoch 67
2026-05-15 05:24:00,164 [Trainer] :: No validation IoU improvement for 36 epoch(s)
2026-05-15 05:24:00,164 [Trainer] :: Starting epoch 68
2026-05-15 05:28:02,991 [Trainer] :: Completed epoch 68: train_loss=0.056193 train_iou=0.938560 val_loss=0.348355 val_iou=0.582787 lr=0.00008797
2026-05-15 05:28:03,663 [Trainer] :: Updated latest checkpoint at epoch 68
2026-05-15 05:28:03,664 [Trainer] :: No validation IoU improvement for 37 epoch(s)
2026-05-15 05:28:03,664 [Trainer] :: Starting epoch 69
2026-05-15 05:32:02,059 [Trainer] :: Completed epoch 69: train_loss=0.057435 train_iou=0.936794 val_loss=0.364140 val_iou=0.581811 lr=0.00008763
2026-05-15 05:32:02,866 [Trainer] :: Updated latest checkpoint at epoch 69
2026-05-15 05:32:02,866 [Trainer] :: No validation IoU improvement for 38 epoch(s)
2026-05-15 05:32:02,866 [Trainer] :: Starting epoch 70
2026-05-15 05:35:58,239 [Trainer] :: Completed epoch 70: train_loss=0.057956 train_iou=0.937332 val_loss=0.360233 val_iou=0.569615 lr=0.00008729
2026-05-15 05:35:59,272 [Trainer] :: Updated latest checkpoint at epoch 70
2026-05-15 05:35:59,272 [Trainer] :: No validation IoU improvement for 39 epoch(s)
2026-05-15 05:35:59,272 [Trainer] :: Starting epoch 71
2026-05-15 05:39:55,233 [Trainer] :: Completed epoch 71: train_loss=0.057376 train_iou=0.938562 val_loss=0.352548 val_iou=0.580737 lr=0.00008694
2026-05-15 05:39:56,028 [Trainer] :: Updated latest checkpoint at epoch 71
2026-05-15 05:39:56,029 [Trainer] :: No validation IoU improvement for 40 epoch(s)
2026-05-15 05:39:56,029 [Trainer] :: Starting epoch 72
2026-05-15 05:44:00,139 [Trainer] :: Completed epoch 72: train_loss=0.058278 train_iou=0.937384 val_loss=0.381667 val_iou=0.568811 lr=0.00008658
2026-05-15 05:44:00,724 [Trainer] :: Updated latest checkpoint at epoch 72
2026-05-15 05:44:00,725 [Trainer] :: No validation IoU improvement for 41 epoch(s)
2026-05-15 05:44:00,725 [Trainer] :: Starting epoch 73
2026-05-15 05:48:03,813 [Trainer] :: Completed epoch 73: train_loss=0.056476 train_iou=0.938670 val_loss=0.426458 val_iou=0.520174 lr=0.00008623
2026-05-15 05:48:04,683 [Trainer] :: Updated latest checkpoint at epoch 73
2026-05-15 05:48:04,683 [Trainer] :: No validation IoU improvement for 42 epoch(s)
2026-05-15 05:48:04,683 [Trainer] :: Starting epoch 74
2026-05-15 05:52:06,087 [Trainer] :: Completed epoch 74: train_loss=0.055978 train_iou=0.939094 val_loss=0.354289 val_iou=0.573210 lr=0.00008587
2026-05-15 05:52:06,877 [Trainer] :: Updated latest checkpoint at epoch 74
2026-05-15 05:52:06,878 [Trainer] :: No validation IoU improvement for 43 epoch(s)
2026-05-15 05:52:06,878 [Trainer] :: Starting epoch 75
2026-05-15 05:56:09,067 [Trainer] :: Completed epoch 75: train_loss=0.055112 train_iou=0.939856 val_loss=0.372732 val_iou=0.562852 lr=0.00008550
2026-05-15 05:56:09,745 [Trainer] :: Updated latest checkpoint at epoch 75
2026-05-15 05:56:09,745 [Trainer] :: No validation IoU improvement for 44 epoch(s)
2026-05-15 05:56:09,745 [Trainer] :: Starting epoch 76
2026-05-15 06:00:09,866 [Trainer] :: Completed epoch 76: train_loss=0.052440 train_iou=0.942482 val_loss=0.376961 val_iou=0.569339 lr=0.00008513
2026-05-15 06:00:10,708 [Trainer] :: Updated latest checkpoint at epoch 76
2026-05-15 06:00:10,708 [Trainer] :: No validation IoU improvement for 45 epoch(s)
2026-05-15 06:00:10,708 [Trainer] :: Starting epoch 77
2026-05-15 06:04:12,917 [Trainer] :: Completed epoch 77: train_loss=0.051795 train_iou=0.943509 val_loss=0.365852 val_iou=0.567932 lr=0.00008476
2026-05-15 06:04:13,620 [Trainer] :: Updated latest checkpoint at epoch 77
2026-05-15 06:04:13,620 [Trainer] :: No validation IoU improvement for 46 epoch(s)
2026-05-15 06:04:13,620 [Trainer] :: Starting epoch 78
2026-05-15 06:08:15,923 [Trainer] :: Completed epoch 78: train_loss=0.050651 train_iou=0.944175 val_loss=0.353114 val_iou=0.579913 lr=0.00008439
2026-05-15 06:08:16,882 [Trainer] :: Updated latest checkpoint at epoch 78
2026-05-15 06:08:16,882 [Trainer] :: No validation IoU improvement for 47 epoch(s)
2026-05-15 06:08:16,882 [Trainer] :: Starting epoch 79
2026-05-15 06:12:19,692 [Trainer] :: Completed epoch 79: train_loss=0.052438 train_iou=0.942981 val_loss=0.380342 val_iou=0.556261 lr=0.00008401
2026-05-15 06:12:20,370 [Trainer] :: Updated latest checkpoint at epoch 79
2026-05-15 06:12:20,370 [Trainer] :: No validation IoU improvement for 48 epoch(s)
2026-05-15 06:12:20,370 [Trainer] :: Starting epoch 80
2026-05-15 06:16:23,215 [Trainer] :: Completed epoch 80: train_loss=0.053399 train_iou=0.942605 val_loss=0.426034 val_iou=0.546653 lr=0.00008362
2026-05-15 06:16:23,971 [Trainer] :: Updated latest checkpoint at epoch 80
2026-05-15 06:16:23,971 [Trainer] :: No validation IoU improvement for 49 epoch(s)
2026-05-15 06:16:23,971 [Trainer] :: Starting epoch 81
2026-05-15 06:20:48,983 [Trainer] :: Completed epoch 81: train_loss=0.053878 train_iou=0.941571 val_loss=0.380971 val_iou=0.555405 lr=0.00008323
2026-05-15 06:20:49,716 [Trainer] :: Updated latest checkpoint at epoch 81
2026-05-15 06:20:49,716 [Trainer] :: No validation IoU improvement for 50 epoch(s)
2026-05-15 06:20:49,716 [Trainer] :: Starting epoch 82
2026-05-15 06:25:05,042 [Trainer] :: Completed epoch 82: train_loss=0.050236 train_iou=0.945203 val_loss=0.382781 val_iou=0.562732 lr=0.00008284
2026-05-15 06:25:05,991 [Trainer] :: Updated latest checkpoint at epoch 82
2026-05-15 06:25:05,991 [Trainer] :: No validation IoU improvement for 51 epoch(s)
2026-05-15 06:25:05,991 [Trainer] :: Starting epoch 83
2026-05-15 06:29:08,090 [Trainer] :: Completed epoch 83: train_loss=0.050576 train_iou=0.944691 val_loss=0.400283 val_iou=0.544125 lr=0.00008245
2026-05-15 06:29:08,760 [Trainer] :: Updated latest checkpoint at epoch 83
2026-05-15 06:29:08,760 [Trainer] :: No validation IoU improvement for 52 epoch(s)
2026-05-15 06:29:08,760 [Trainer] :: Starting epoch 84
2026-05-15 06:33:11,698 [Trainer] :: Completed epoch 84: train_loss=0.049160 train_iou=0.946235 val_loss=0.387430 val_iou=0.553553 lr=0.00008205
2026-05-15 06:33:12,565 [Trainer] :: Updated latest checkpoint at epoch 84
2026-05-15 06:33:12,566 [Trainer] :: No validation IoU improvement for 53 epoch(s)
2026-05-15 06:33:12,566 [Trainer] :: Starting epoch 85
2026-05-15 06:37:21,293 [Trainer] :: Completed epoch 85: train_loss=0.047808 train_iou=0.948157 val_loss=0.371050 val_iou=0.563060 lr=0.00008165
2026-05-15 06:37:22,518 [Trainer] :: Updated latest checkpoint at epoch 85
2026-05-15 06:37:22,518 [Trainer] :: No validation IoU improvement for 54 epoch(s)
2026-05-15 06:37:22,518 [Trainer] :: Starting epoch 86
2026-05-15 06:41:27,371 [Trainer] :: Completed epoch 86: train_loss=0.047055 train_iou=0.948753 val_loss=0.368222 val_iou=0.580704 lr=0.00008125
2026-05-15 06:41:28,146 [Trainer] :: Updated latest checkpoint at epoch 86
2026-05-15 06:41:28,147 [Trainer] :: No validation IoU improvement for 55 epoch(s)
2026-05-15 06:41:28,147 [Trainer] :: Starting epoch 87
2026-05-15 06:45:36,783 [Trainer] :: Completed epoch 87: train_loss=0.045917 train_iou=0.949080 val_loss=0.389096 val_iou=0.565805 lr=0.00008084
2026-05-15 06:45:37,620 [Trainer] :: Updated latest checkpoint at epoch 87
2026-05-15 06:45:37,620 [Trainer] :: No validation IoU improvement for 56 epoch(s)
2026-05-15 06:45:37,620 [Trainer] :: Starting epoch 88
2026-05-15 06:49:40,058 [Trainer] :: Completed epoch 88: train_loss=0.047402 train_iou=0.948051 val_loss=0.398894 val_iou=0.555145 lr=0.00008043
2026-05-15 06:49:40,884 [Trainer] :: Updated latest checkpoint at epoch 88
2026-05-15 06:49:40,884 [Trainer] :: No validation IoU improvement for 57 epoch(s)
2026-05-15 06:49:40,884 [Trainer] :: Starting epoch 89
2026-05-15 06:53:43,673 [Trainer] :: Completed epoch 89: train_loss=0.045485 train_iou=0.949291 val_loss=0.412805 val_iou=0.547336 lr=0.00008001
2026-05-15 06:53:45,446 [Trainer] :: Updated latest checkpoint at epoch 89
2026-05-15 06:53:45,447 [Trainer] :: No validation IoU improvement for 58 epoch(s)
2026-05-15 06:53:45,447 [Trainer] :: Starting epoch 90
2026-05-15 06:58:20,030 [Trainer] :: Completed epoch 90: train_loss=0.044935 train_iou=0.950492 val_loss=0.384710 val_iou=0.569597 lr=0.00007960
2026-05-15 06:58:20,753 [Trainer] :: Updated latest checkpoint at epoch 90
2026-05-15 06:58:20,753 [Trainer] :: No validation IoU improvement for 59 epoch(s)
2026-05-15 06:58:20,753 [Trainer] :: Starting epoch 91
2026-05-15 07:03:09,897 [Trainer] :: Completed epoch 91: train_loss=0.044604 train_iou=0.950925 val_loss=0.404486 val_iou=0.547092 lr=0.00007917
2026-05-15 07:03:11,186 [Trainer] :: Updated latest checkpoint at epoch 91
2026-05-15 07:03:11,186 [Trainer] :: No validation IoU improvement for 60 epoch(s)
2026-05-15 07:03:11,187 [Trainer] :: Early stopping triggered after 60 epoch(s) without improvement
2026-05-15 07:08:11,278 [Trainer] :: Wrote training history to outputs/runs/real_msi_unetplusplus_resnet50_seed47_20260514T225016Z/metrics/history.json
2026-05-15 07:08:11,279 [Trainer] :: Wrote test summary to outputs/runs/real_msi_unetplusplus_resnet50_seed47_20260514T225016Z/metrics/test_summary.json
2026-05-15 07:08:11,279 [Trainer] :: Training completed
