2026-05-16 06:44:22,816 [Trainer] :: Training run initialized at /ceph/home/student.aau.dk/qd36zu/fuzzy-p10/tbd/masking/outputs/runs/rgb_real_msi_segformer_b1_seed51_20260516T044422Z
2026-05-16 06:44:22,816 [Trainer] :: Loaded config from /ceph/home/student.aau.dk/qd36zu/fuzzy-p10/tbd/masking/configs/binary/rgb_real_msi_segformer_b1.yaml
2026-05-16 06:44:22,816 [Trainer] :: Using seed=51 and device=None
2026-05-16 06:44:22,816 [Trainer] :: Using model architecture=Segformer encoder=mit_b1 encoder_weights=imagenet
2026-05-16 06:44:23,088 [Trainer] :: Resolved runtime device to cuda
2026-05-16 06:44:23,088 [Trainer] :: Prepared normalization from source=train_split_patch_stats
2026-05-16 06:44:29,069 [Trainer] :: Built dataloaders with batch_size=8, num_workers=0
2026-05-16 06:44:29,070 [Trainer] :: Starting epoch 1
2026-05-16 06:51:32,140 [Trainer] :: Completed epoch 1: train_loss=0.342104 train_iou=0.693880 val_loss=0.314360 val_iou=0.523897 lr=0.00010000
2026-05-16 06:51:32,605 [Trainer] :: Updated latest checkpoint at epoch 1
2026-05-16 06:51:33,072 [Trainer] :: New best checkpoint saved with val_iou=0.523897
2026-05-16 06:51:33,072 [Trainer] :: Starting epoch 2
2026-05-16 06:55:57,173 [Trainer] :: Completed epoch 2: train_loss=0.269343 train_iou=0.759919 val_loss=0.286249 val_iou=0.608720 lr=0.00009999
2026-05-16 06:55:57,384 [Trainer] :: Updated latest checkpoint at epoch 2
2026-05-16 06:55:57,658 [Trainer] :: New best checkpoint saved with val_iou=0.608720
2026-05-16 06:55:57,658 [Trainer] :: Starting epoch 3
2026-05-16 07:00:03,975 [Trainer] :: Completed epoch 3: train_loss=0.250154 train_iou=0.778351 val_loss=0.269117 val_iou=0.618728 lr=0.00009998
2026-05-16 07:00:04,185 [Trainer] :: Updated latest checkpoint at epoch 3
2026-05-16 07:00:04,506 [Trainer] :: New best checkpoint saved with val_iou=0.618728
2026-05-16 07:00:04,506 [Trainer] :: Starting epoch 4
2026-05-16 07:04:03,675 [Trainer] :: Completed epoch 4: train_loss=0.238467 train_iou=0.787031 val_loss=0.262281 val_iou=0.638904 lr=0.00009996
2026-05-16 07:04:03,929 [Trainer] :: Updated latest checkpoint at epoch 4
2026-05-16 07:04:04,221 [Trainer] :: New best checkpoint saved with val_iou=0.638904
2026-05-16 07:04:04,221 [Trainer] :: Starting epoch 5
2026-05-16 07:08:05,814 [Trainer] :: Completed epoch 5: train_loss=0.231108 train_iou=0.792487 val_loss=0.244687 val_iou=0.662017 lr=0.00009993
2026-05-16 07:08:06,072 [Trainer] :: Updated latest checkpoint at epoch 5
2026-05-16 07:08:06,459 [Trainer] :: New best checkpoint saved with val_iou=0.662017
2026-05-16 07:08:06,460 [Trainer] :: Starting epoch 6
2026-05-16 07:12:40,046 [Trainer] :: Completed epoch 6: train_loss=0.217529 train_iou=0.802570 val_loss=0.267320 val_iou=0.596206 lr=0.00009990
2026-05-16 07:12:40,271 [Trainer] :: Updated latest checkpoint at epoch 6
2026-05-16 07:12:40,271 [Trainer] :: No validation IoU improvement for 1 epoch(s)
2026-05-16 07:12:40,271 [Trainer] :: Starting epoch 7
2026-05-16 07:17:31,860 [Trainer] :: Completed epoch 7: train_loss=0.209706 train_iou=0.802618 val_loss=0.244563 val_iou=0.661078 lr=0.00009987
2026-05-16 07:17:32,289 [Trainer] :: Updated latest checkpoint at epoch 7
2026-05-16 07:17:32,289 [Trainer] :: No validation IoU improvement for 2 epoch(s)
2026-05-16 07:17:32,289 [Trainer] :: Starting epoch 8
2026-05-16 07:22:08,558 [Trainer] :: Completed epoch 8: train_loss=0.198119 train_iou=0.816238 val_loss=0.246422 val_iou=0.647779 lr=0.00009983
2026-05-16 07:22:08,783 [Trainer] :: Updated latest checkpoint at epoch 8
2026-05-16 07:22:08,783 [Trainer] :: No validation IoU improvement for 3 epoch(s)
2026-05-16 07:22:08,783 [Trainer] :: Starting epoch 9
2026-05-16 07:26:20,255 [Trainer] :: Completed epoch 9: train_loss=0.192230 train_iou=0.823374 val_loss=0.241182 val_iou=0.661043 lr=0.00009978
2026-05-16 07:26:20,588 [Trainer] :: Updated latest checkpoint at epoch 9
2026-05-16 07:26:20,589 [Trainer] :: No validation IoU improvement for 4 epoch(s)
2026-05-16 07:26:20,589 [Trainer] :: Starting epoch 10
2026-05-16 07:30:37,234 [Trainer] :: Completed epoch 10: train_loss=0.183212 train_iou=0.827183 val_loss=0.262995 val_iou=0.629438 lr=0.00009973
2026-05-16 07:30:37,496 [Trainer] :: Updated latest checkpoint at epoch 10
2026-05-16 07:30:37,496 [Trainer] :: No validation IoU improvement for 5 epoch(s)
2026-05-16 07:30:37,496 [Trainer] :: Starting epoch 11
2026-05-16 07:35:33,860 [Trainer] :: Completed epoch 11: train_loss=0.180523 train_iou=0.826858 val_loss=0.247174 val_iou=0.641094 lr=0.00009967
2026-05-16 07:35:34,212 [Trainer] :: Updated latest checkpoint at epoch 11
2026-05-16 07:35:34,213 [Trainer] :: No validation IoU improvement for 6 epoch(s)
2026-05-16 07:35:34,213 [Trainer] :: Starting epoch 12
2026-05-16 07:40:01,081 [Trainer] :: Completed epoch 12: train_loss=0.175924 train_iou=0.831415 val_loss=0.249630 val_iou=0.643663 lr=0.00009961
2026-05-16 07:40:01,299 [Trainer] :: Updated latest checkpoint at epoch 12
2026-05-16 07:40:01,300 [Trainer] :: No validation IoU improvement for 7 epoch(s)
2026-05-16 07:40:01,300 [Trainer] :: Starting epoch 13
2026-05-16 07:44:25,405 [Trainer] :: Completed epoch 13: train_loss=0.170774 train_iou=0.834746 val_loss=0.247477 val_iou=0.647765 lr=0.00009954
2026-05-16 07:44:25,650 [Trainer] :: Updated latest checkpoint at epoch 13
2026-05-16 07:44:25,650 [Trainer] :: No validation IoU improvement for 8 epoch(s)
2026-05-16 07:44:25,650 [Trainer] :: Starting epoch 14
2026-05-16 07:48:46,537 [Trainer] :: Completed epoch 14: train_loss=0.170936 train_iou=0.837344 val_loss=0.249245 val_iou=0.655223 lr=0.00009947
2026-05-16 07:48:46,760 [Trainer] :: Updated latest checkpoint at epoch 14
2026-05-16 07:48:46,760 [Trainer] :: No validation IoU improvement for 9 epoch(s)
2026-05-16 07:48:46,760 [Trainer] :: Starting epoch 15
2026-05-16 07:53:04,378 [Trainer] :: Completed epoch 15: train_loss=0.162546 train_iou=0.843605 val_loss=0.249865 val_iou=0.669188 lr=0.00009939
2026-05-16 07:53:04,608 [Trainer] :: Updated latest checkpoint at epoch 15
2026-05-16 07:53:04,792 [Trainer] :: New best checkpoint saved with val_iou=0.669188
2026-05-16 07:53:04,792 [Trainer] :: Starting epoch 16
2026-05-16 07:57:23,319 [Trainer] :: Completed epoch 16: train_loss=0.162458 train_iou=0.841559 val_loss=0.278906 val_iou=0.609163 lr=0.00009931
2026-05-16 07:57:23,532 [Trainer] :: Updated latest checkpoint at epoch 16
2026-05-16 07:57:23,532 [Trainer] :: No validation IoU improvement for 1 epoch(s)
2026-05-16 07:57:23,532 [Trainer] :: Starting epoch 17
2026-05-16 08:01:29,750 [Trainer] :: Completed epoch 17: train_loss=0.159618 train_iou=0.842655 val_loss=0.249527 val_iou=0.647880 lr=0.00009922
2026-05-16 08:01:29,943 [Trainer] :: Updated latest checkpoint at epoch 17
2026-05-16 08:01:29,943 [Trainer] :: No validation IoU improvement for 2 epoch(s)
2026-05-16 08:01:29,943 [Trainer] :: Starting epoch 18
2026-05-16 08:05:41,393 [Trainer] :: Completed epoch 18: train_loss=0.150795 train_iou=0.848039 val_loss=0.257631 val_iou=0.648598 lr=0.00009912
2026-05-16 08:05:41,750 [Trainer] :: Updated latest checkpoint at epoch 18
2026-05-16 08:05:41,750 [Trainer] :: No validation IoU improvement for 3 epoch(s)
2026-05-16 08:05:41,750 [Trainer] :: Starting epoch 19
2026-05-16 08:10:20,870 [Trainer] :: Completed epoch 19: train_loss=0.146571 train_iou=0.852330 val_loss=0.254828 val_iou=0.652184 lr=0.00009902
2026-05-16 08:10:21,097 [Trainer] :: Updated latest checkpoint at epoch 19
2026-05-16 08:10:21,098 [Trainer] :: No validation IoU improvement for 4 epoch(s)
2026-05-16 08:10:21,098 [Trainer] :: Starting epoch 20
2026-05-16 08:14:36,981 [Trainer] :: Completed epoch 20: train_loss=0.149241 train_iou=0.852469 val_loss=0.290659 val_iou=0.604287 lr=0.00009892
2026-05-16 08:14:37,245 [Trainer] :: Updated latest checkpoint at epoch 20
2026-05-16 08:14:37,245 [Trainer] :: No validation IoU improvement for 5 epoch(s)
2026-05-16 08:14:37,245 [Trainer] :: Starting epoch 21
2026-05-16 08:18:40,438 [Trainer] :: Completed epoch 21: train_loss=0.146246 train_iou=0.853499 val_loss=0.269015 val_iou=0.629697 lr=0.00009881
2026-05-16 08:18:40,689 [Trainer] :: Updated latest checkpoint at epoch 21
2026-05-16 08:18:40,689 [Trainer] :: No validation IoU improvement for 6 epoch(s)
2026-05-16 08:18:40,689 [Trainer] :: Starting epoch 22
2026-05-16 08:23:04,203 [Trainer] :: Completed epoch 22: train_loss=0.140341 train_iou=0.860538 val_loss=0.252496 val_iou=0.641298 lr=0.00009869
2026-05-16 08:23:04,410 [Trainer] :: Updated latest checkpoint at epoch 22
2026-05-16 08:23:04,410 [Trainer] :: No validation IoU improvement for 7 epoch(s)
2026-05-16 08:23:04,410 [Trainer] :: Starting epoch 23
2026-05-16 08:27:12,436 [Trainer] :: Completed epoch 23: train_loss=0.137315 train_iou=0.861181 val_loss=0.246399 val_iou=0.662174 lr=0.00009857
2026-05-16 08:27:12,636 [Trainer] :: Updated latest checkpoint at epoch 23
2026-05-16 08:27:12,636 [Trainer] :: No validation IoU improvement for 8 epoch(s)
2026-05-16 08:27:12,636 [Trainer] :: Starting epoch 24
2026-05-16 08:31:20,144 [Trainer] :: Completed epoch 24: train_loss=0.134179 train_iou=0.862142 val_loss=0.317033 val_iou=0.572715 lr=0.00009844
2026-05-16 08:31:20,362 [Trainer] :: Updated latest checkpoint at epoch 24
2026-05-16 08:31:20,362 [Trainer] :: No validation IoU improvement for 9 epoch(s)
2026-05-16 08:31:20,363 [Trainer] :: Starting epoch 25
2026-05-16 08:35:47,585 [Trainer] :: Completed epoch 25: train_loss=0.135135 train_iou=0.861814 val_loss=0.259803 val_iou=0.653617 lr=0.00009831
2026-05-16 08:35:47,854 [Trainer] :: Updated latest checkpoint at epoch 25
2026-05-16 08:35:47,854 [Trainer] :: No validation IoU improvement for 10 epoch(s)
2026-05-16 08:35:47,854 [Trainer] :: Starting epoch 26
2026-05-16 08:39:57,709 [Trainer] :: Completed epoch 26: train_loss=0.127129 train_iou=0.869064 val_loss=0.252453 val_iou=0.651612 lr=0.00009818
2026-05-16 08:39:57,931 [Trainer] :: Updated latest checkpoint at epoch 26
2026-05-16 08:39:57,931 [Trainer] :: No validation IoU improvement for 11 epoch(s)
2026-05-16 08:39:57,931 [Trainer] :: Starting epoch 27
2026-05-16 08:44:40,936 [Trainer] :: Completed epoch 27: train_loss=0.127736 train_iou=0.870720 val_loss=0.279985 val_iou=0.612527 lr=0.00009803
2026-05-16 08:44:41,146 [Trainer] :: Updated latest checkpoint at epoch 27
2026-05-16 08:44:41,146 [Trainer] :: No validation IoU improvement for 12 epoch(s)
2026-05-16 08:44:41,146 [Trainer] :: Starting epoch 28
2026-05-16 08:49:35,288 [Trainer] :: Completed epoch 28: train_loss=0.123617 train_iou=0.875080 val_loss=0.330865 val_iou=0.560447 lr=0.00009789
2026-05-16 08:49:35,573 [Trainer] :: Updated latest checkpoint at epoch 28
2026-05-16 08:49:35,574 [Trainer] :: No validation IoU improvement for 13 epoch(s)
2026-05-16 08:49:35,574 [Trainer] :: Starting epoch 29
2026-05-16 08:54:11,261 [Trainer] :: Completed epoch 29: train_loss=0.118694 train_iou=0.880574 val_loss=0.259864 val_iou=0.643275 lr=0.00009773
2026-05-16 08:54:11,482 [Trainer] :: Updated latest checkpoint at epoch 29
2026-05-16 08:54:11,482 [Trainer] :: No validation IoU improvement for 14 epoch(s)
2026-05-16 08:54:11,482 [Trainer] :: Starting epoch 30
2026-05-16 08:58:15,924 [Trainer] :: Completed epoch 30: train_loss=0.120661 train_iou=0.876890 val_loss=0.245255 val_iou=0.657837 lr=0.00009758
2026-05-16 08:58:16,114 [Trainer] :: Updated latest checkpoint at epoch 30
2026-05-16 08:58:16,114 [Trainer] :: No validation IoU improvement for 15 epoch(s)
2026-05-16 08:58:16,114 [Trainer] :: Starting epoch 31
2026-05-16 09:02:21,129 [Trainer] :: Completed epoch 31: train_loss=0.118285 train_iou=0.877885 val_loss=0.249824 val_iou=0.657527 lr=0.00009741
2026-05-16 09:02:21,346 [Trainer] :: Updated latest checkpoint at epoch 31
2026-05-16 09:02:21,346 [Trainer] :: No validation IoU improvement for 16 epoch(s)
2026-05-16 09:02:21,346 [Trainer] :: Starting epoch 32
2026-05-16 09:06:59,316 [Trainer] :: Completed epoch 32: train_loss=0.120333 train_iou=0.876221 val_loss=0.327532 val_iou=0.589740 lr=0.00009725
2026-05-16 09:06:59,641 [Trainer] :: Updated latest checkpoint at epoch 32
2026-05-16 09:06:59,641 [Trainer] :: No validation IoU improvement for 17 epoch(s)
2026-05-16 09:06:59,641 [Trainer] :: Starting epoch 33
2026-05-16 09:11:06,120 [Trainer] :: Completed epoch 33: train_loss=0.112473 train_iou=0.884835 val_loss=0.265799 val_iou=0.647985 lr=0.00009707
2026-05-16 09:11:06,341 [Trainer] :: Updated latest checkpoint at epoch 33
2026-05-16 09:11:06,341 [Trainer] :: No validation IoU improvement for 18 epoch(s)
2026-05-16 09:11:06,341 [Trainer] :: Starting epoch 34
2026-05-16 09:15:21,301 [Trainer] :: Completed epoch 34: train_loss=0.112000 train_iou=0.886204 val_loss=0.244043 val_iou=0.669922 lr=0.00009690
2026-05-16 09:15:21,574 [Trainer] :: Updated latest checkpoint at epoch 34
2026-05-16 09:15:21,783 [Trainer] :: New best checkpoint saved with val_iou=0.669922
2026-05-16 09:15:21,783 [Trainer] :: Starting epoch 35
2026-05-16 09:19:25,345 [Trainer] :: Completed epoch 35: train_loss=0.107135 train_iou=0.888847 val_loss=0.264160 val_iou=0.650999 lr=0.00009671
2026-05-16 09:19:25,840 [Trainer] :: Updated latest checkpoint at epoch 35
2026-05-16 09:19:25,840 [Trainer] :: No validation IoU improvement for 1 epoch(s)
2026-05-16 09:19:25,840 [Trainer] :: Starting epoch 36
2026-05-16 09:23:24,661 [Trainer] :: Completed epoch 36: train_loss=0.109851 train_iou=0.888220 val_loss=0.246141 val_iou=0.664571 lr=0.00009652
2026-05-16 09:23:24,899 [Trainer] :: Updated latest checkpoint at epoch 36
2026-05-16 09:23:24,900 [Trainer] :: No validation IoU improvement for 2 epoch(s)
2026-05-16 09:23:24,900 [Trainer] :: Starting epoch 37
2026-05-16 09:27:33,017 [Trainer] :: Completed epoch 37: train_loss=0.105738 train_iou=0.888757 val_loss=0.277745 val_iou=0.625524 lr=0.00009633
2026-05-16 09:27:33,271 [Trainer] :: Updated latest checkpoint at epoch 37
2026-05-16 09:27:33,271 [Trainer] :: No validation IoU improvement for 3 epoch(s)
2026-05-16 09:27:33,271 [Trainer] :: Starting epoch 38
2026-05-16 09:31:34,954 [Trainer] :: Completed epoch 38: train_loss=0.104501 train_iou=0.891833 val_loss=0.261979 val_iou=0.646089 lr=0.00009613
2026-05-16 09:31:35,191 [Trainer] :: Updated latest checkpoint at epoch 38
2026-05-16 09:31:35,191 [Trainer] :: No validation IoU improvement for 4 epoch(s)
2026-05-16 09:31:35,191 [Trainer] :: Starting epoch 39
2026-05-16 09:36:07,916 [Trainer] :: Completed epoch 39: train_loss=0.103885 train_iou=0.893238 val_loss=0.276482 val_iou=0.631612 lr=0.00009593
2026-05-16 09:36:08,258 [Trainer] :: Updated latest checkpoint at epoch 39
2026-05-16 09:36:08,258 [Trainer] :: No validation IoU improvement for 5 epoch(s)
2026-05-16 09:36:08,258 [Trainer] :: Starting epoch 40
2026-05-16 09:40:15,769 [Trainer] :: Completed epoch 40: train_loss=0.099249 train_iou=0.895587 val_loss=0.271663 val_iou=0.645362 lr=0.00009572
2026-05-16 09:40:16,007 [Trainer] :: Updated latest checkpoint at epoch 40
2026-05-16 09:40:16,007 [Trainer] :: No validation IoU improvement for 6 epoch(s)
2026-05-16 09:40:16,007 [Trainer] :: Starting epoch 41
2026-05-16 09:44:16,567 [Trainer] :: Completed epoch 41: train_loss=0.097430 train_iou=0.898312 val_loss=0.283671 val_iou=0.631708 lr=0.00009551
2026-05-16 09:44:16,813 [Trainer] :: Updated latest checkpoint at epoch 41
2026-05-16 09:44:16,813 [Trainer] :: No validation IoU improvement for 7 epoch(s)
2026-05-16 09:44:16,813 [Trainer] :: Starting epoch 42
2026-05-16 09:48:14,029 [Trainer] :: Completed epoch 42: train_loss=0.096876 train_iou=0.899084 val_loss=0.263282 val_iou=0.639900 lr=0.00009529
2026-05-16 09:48:14,263 [Trainer] :: Updated latest checkpoint at epoch 42
2026-05-16 09:48:14,263 [Trainer] :: No validation IoU improvement for 8 epoch(s)
2026-05-16 09:48:14,263 [Trainer] :: Starting epoch 43
2026-05-16 09:52:21,553 [Trainer] :: Completed epoch 43: train_loss=0.095608 train_iou=0.899493 val_loss=0.274394 val_iou=0.634107 lr=0.00009507
2026-05-16 09:52:21,806 [Trainer] :: Updated latest checkpoint at epoch 43
2026-05-16 09:52:21,807 [Trainer] :: No validation IoU improvement for 9 epoch(s)
2026-05-16 09:52:21,807 [Trainer] :: Starting epoch 44
2026-05-16 09:56:27,410 [Trainer] :: Completed epoch 44: train_loss=0.092476 train_iou=0.903510 val_loss=0.276720 val_iou=0.641147 lr=0.00009484
2026-05-16 09:56:27,643 [Trainer] :: Updated latest checkpoint at epoch 44
2026-05-16 09:56:27,644 [Trainer] :: No validation IoU improvement for 10 epoch(s)
2026-05-16 09:56:27,644 [Trainer] :: Starting epoch 45
2026-05-16 10:00:19,949 [Trainer] :: Completed epoch 45: train_loss=0.094110 train_iou=0.902731 val_loss=0.269653 val_iou=0.644780 lr=0.00009460
2026-05-16 10:00:20,154 [Trainer] :: Updated latest checkpoint at epoch 45
2026-05-16 10:00:20,154 [Trainer] :: No validation IoU improvement for 11 epoch(s)
2026-05-16 10:00:20,154 [Trainer] :: Starting epoch 46
2026-05-16 10:04:16,506 [Trainer] :: Completed epoch 46: train_loss=0.093544 train_iou=0.901939 val_loss=0.327638 val_iou=0.596513 lr=0.00009437
2026-05-16 10:04:16,725 [Trainer] :: Updated latest checkpoint at epoch 46
2026-05-16 10:04:16,725 [Trainer] :: No validation IoU improvement for 12 epoch(s)
2026-05-16 10:04:16,725 [Trainer] :: Starting epoch 47
2026-05-16 10:08:16,589 [Trainer] :: Completed epoch 47: train_loss=0.089658 train_iou=0.905900 val_loss=0.260608 val_iou=0.659586 lr=0.00009412
2026-05-16 10:08:16,833 [Trainer] :: Updated latest checkpoint at epoch 47
2026-05-16 10:08:16,833 [Trainer] :: No validation IoU improvement for 13 epoch(s)
2026-05-16 10:08:16,833 [Trainer] :: Starting epoch 48
2026-05-16 10:12:23,643 [Trainer] :: Completed epoch 48: train_loss=0.090489 train_iou=0.904605 val_loss=0.271687 val_iou=0.647517 lr=0.00009388
2026-05-16 10:12:23,870 [Trainer] :: Updated latest checkpoint at epoch 48
2026-05-16 10:12:23,870 [Trainer] :: No validation IoU improvement for 14 epoch(s)
2026-05-16 10:12:23,870 [Trainer] :: Starting epoch 49
2026-05-16 10:16:31,537 [Trainer] :: Completed epoch 49: train_loss=0.087714 train_iou=0.908335 val_loss=0.301327 val_iou=0.621379 lr=0.00009363
2026-05-16 10:16:31,828 [Trainer] :: Updated latest checkpoint at epoch 49
2026-05-16 10:16:31,828 [Trainer] :: No validation IoU improvement for 15 epoch(s)
2026-05-16 10:16:31,828 [Trainer] :: Starting epoch 50
2026-05-16 10:21:36,435 [Trainer] :: Completed epoch 50: train_loss=0.085247 train_iou=0.909304 val_loss=0.278976 val_iou=0.636274 lr=0.00009337
2026-05-16 10:21:36,638 [Trainer] :: Updated latest checkpoint at epoch 50
2026-05-16 10:21:36,638 [Trainer] :: No validation IoU improvement for 16 epoch(s)
2026-05-16 10:21:36,638 [Trainer] :: Starting epoch 51
2026-05-16 10:26:14,273 [Trainer] :: Completed epoch 51: train_loss=0.088150 train_iou=0.907461 val_loss=0.282888 val_iou=0.641883 lr=0.00009311
2026-05-16 10:26:14,478 [Trainer] :: Updated latest checkpoint at epoch 51
2026-05-16 10:26:14,478 [Trainer] :: No validation IoU improvement for 17 epoch(s)
2026-05-16 10:26:14,478 [Trainer] :: Starting epoch 52
2026-05-16 10:30:53,856 [Trainer] :: Completed epoch 52: train_loss=0.086790 train_iou=0.909825 val_loss=0.269479 val_iou=0.636638 lr=0.00009284
2026-05-16 10:30:54,099 [Trainer] :: Updated latest checkpoint at epoch 52
2026-05-16 10:30:54,099 [Trainer] :: No validation IoU improvement for 18 epoch(s)
2026-05-16 10:30:54,099 [Trainer] :: Starting epoch 53
2026-05-16 10:35:05,691 [Trainer] :: Completed epoch 53: train_loss=0.085101 train_iou=0.911503 val_loss=0.279556 val_iou=0.641717 lr=0.00009257
2026-05-16 10:35:06,358 [Trainer] :: Updated latest checkpoint at epoch 53
2026-05-16 10:35:06,358 [Trainer] :: No validation IoU improvement for 19 epoch(s)
2026-05-16 10:35:06,358 [Trainer] :: Starting epoch 54
2026-05-16 10:39:33,031 [Trainer] :: Completed epoch 54: train_loss=0.083190 train_iou=0.910545 val_loss=0.271113 val_iou=0.654104 lr=0.00009229
2026-05-16 10:39:33,223 [Trainer] :: Updated latest checkpoint at epoch 54
2026-05-16 10:39:33,223 [Trainer] :: No validation IoU improvement for 20 epoch(s)
2026-05-16 10:39:33,223 [Trainer] :: Starting epoch 55
2026-05-16 10:43:43,607 [Trainer] :: Completed epoch 55: train_loss=0.081199 train_iou=0.914608 val_loss=0.289334 val_iou=0.625736 lr=0.00009201
2026-05-16 10:43:43,803 [Trainer] :: Updated latest checkpoint at epoch 55
2026-05-16 10:43:43,803 [Trainer] :: No validation IoU improvement for 21 epoch(s)
2026-05-16 10:43:43,803 [Trainer] :: Starting epoch 56
2026-05-16 10:47:47,981 [Trainer] :: Completed epoch 56: train_loss=0.080120 train_iou=0.915062 val_loss=0.280930 val_iou=0.649385 lr=0.00009173
2026-05-16 10:47:48,205 [Trainer] :: Updated latest checkpoint at epoch 56
2026-05-16 10:47:48,205 [Trainer] :: No validation IoU improvement for 22 epoch(s)
2026-05-16 10:47:48,205 [Trainer] :: Starting epoch 57
2026-05-16 10:52:33,203 [Trainer] :: Completed epoch 57: train_loss=0.079122 train_iou=0.915296 val_loss=0.288651 val_iou=0.630525 lr=0.00009144
2026-05-16 10:52:33,420 [Trainer] :: Updated latest checkpoint at epoch 57
2026-05-16 10:52:33,421 [Trainer] :: No validation IoU improvement for 23 epoch(s)
2026-05-16 10:52:33,421 [Trainer] :: Starting epoch 58
2026-05-16 10:57:28,833 [Trainer] :: Completed epoch 58: train_loss=0.079976 train_iou=0.915867 val_loss=0.275421 val_iou=0.653181 lr=0.00009115
2026-05-16 10:57:29,059 [Trainer] :: Updated latest checkpoint at epoch 58
2026-05-16 10:57:29,059 [Trainer] :: No validation IoU improvement for 24 epoch(s)
2026-05-16 10:57:29,059 [Trainer] :: Starting epoch 59
2026-05-16 11:01:27,495 [Trainer] :: Completed epoch 59: train_loss=0.079779 train_iou=0.915808 val_loss=0.289327 val_iou=0.640272 lr=0.00009085
2026-05-16 11:01:27,740 [Trainer] :: Updated latest checkpoint at epoch 59
2026-05-16 11:01:27,740 [Trainer] :: No validation IoU improvement for 25 epoch(s)
2026-05-16 11:01:27,740 [Trainer] :: Starting epoch 60
2026-05-16 11:05:52,429 [Trainer] :: Completed epoch 60: train_loss=0.079008 train_iou=0.916746 val_loss=0.303130 val_iou=0.628131 lr=0.00009055
2026-05-16 11:05:52,679 [Trainer] :: Updated latest checkpoint at epoch 60
2026-05-16 11:05:52,679 [Trainer] :: No validation IoU improvement for 26 epoch(s)
2026-05-16 11:05:52,680 [Trainer] :: Starting epoch 61
2026-05-16 11:09:41,039 [Trainer] :: Completed epoch 61: train_loss=0.075773 train_iou=0.919097 val_loss=0.286777 val_iou=0.640931 lr=0.00009024
2026-05-16 11:09:41,275 [Trainer] :: Updated latest checkpoint at epoch 61
2026-05-16 11:09:41,275 [Trainer] :: No validation IoU improvement for 27 epoch(s)
2026-05-16 11:09:41,275 [Trainer] :: Starting epoch 62
2026-05-16 11:13:31,948 [Trainer] :: Completed epoch 62: train_loss=0.078228 train_iou=0.915060 val_loss=0.293394 val_iou=0.627458 lr=0.00008993
2026-05-16 11:13:32,294 [Trainer] :: Updated latest checkpoint at epoch 62
2026-05-16 11:13:32,294 [Trainer] :: No validation IoU improvement for 28 epoch(s)
2026-05-16 11:13:32,294 [Trainer] :: Starting epoch 63
2026-05-16 11:18:04,152 [Trainer] :: Completed epoch 63: train_loss=0.074162 train_iou=0.919940 val_loss=0.285726 val_iou=0.640165 lr=0.00008961
2026-05-16 11:18:04,484 [Trainer] :: Updated latest checkpoint at epoch 63
2026-05-16 11:18:04,484 [Trainer] :: No validation IoU improvement for 29 epoch(s)
2026-05-16 11:18:04,484 [Trainer] :: Starting epoch 64
2026-05-16 11:22:28,383 [Trainer] :: Completed epoch 64: train_loss=0.073902 train_iou=0.921055 val_loss=0.286916 val_iou=0.648241 lr=0.00008929
2026-05-16 11:22:28,723 [Trainer] :: Updated latest checkpoint at epoch 64
2026-05-16 11:22:28,723 [Trainer] :: No validation IoU improvement for 30 epoch(s)
2026-05-16 11:22:28,723 [Trainer] :: Starting epoch 65
2026-05-16 11:27:01,196 [Trainer] :: Completed epoch 65: train_loss=0.075310 train_iou=0.920069 val_loss=0.298889 val_iou=0.637460 lr=0.00008897
2026-05-16 11:27:01,442 [Trainer] :: Updated latest checkpoint at epoch 65
2026-05-16 11:27:01,442 [Trainer] :: No validation IoU improvement for 31 epoch(s)
2026-05-16 11:27:01,442 [Trainer] :: Starting epoch 66
2026-05-16 11:31:24,970 [Trainer] :: Completed epoch 66: train_loss=0.074147 train_iou=0.919618 val_loss=0.298057 val_iou=0.633266 lr=0.00008864
2026-05-16 11:31:25,202 [Trainer] :: Updated latest checkpoint at epoch 66
2026-05-16 11:31:25,203 [Trainer] :: No validation IoU improvement for 32 epoch(s)
2026-05-16 11:31:25,203 [Trainer] :: Starting epoch 67
2026-05-16 11:36:17,107 [Trainer] :: Completed epoch 67: train_loss=0.072045 train_iou=0.922185 val_loss=0.291848 val_iou=0.643300 lr=0.00008831
2026-05-16 11:36:17,336 [Trainer] :: Updated latest checkpoint at epoch 67
2026-05-16 11:36:17,337 [Trainer] :: No validation IoU improvement for 33 epoch(s)
2026-05-16 11:36:17,337 [Trainer] :: Starting epoch 68
2026-05-16 11:40:42,776 [Trainer] :: Completed epoch 68: train_loss=0.071216 train_iou=0.925641 val_loss=0.280753 val_iou=0.653060 lr=0.00008797
2026-05-16 11:40:43,533 [Trainer] :: Updated latest checkpoint at epoch 68
2026-05-16 11:40:43,534 [Trainer] :: No validation IoU improvement for 34 epoch(s)
2026-05-16 11:40:43,534 [Trainer] :: Starting epoch 69
2026-05-16 11:45:49,601 [Trainer] :: Completed epoch 69: train_loss=0.071096 train_iou=0.923733 val_loss=0.292718 val_iou=0.646326 lr=0.00008763
2026-05-16 11:45:50,539 [Trainer] :: Updated latest checkpoint at epoch 69
2026-05-16 11:45:50,539 [Trainer] :: No validation IoU improvement for 35 epoch(s)
2026-05-16 11:45:50,539 [Trainer] :: Starting epoch 70
2026-05-16 11:50:35,693 [Trainer] :: Completed epoch 70: train_loss=0.069785 train_iou=0.925739 val_loss=0.282562 val_iou=0.647516 lr=0.00008729
2026-05-16 11:50:35,986 [Trainer] :: Updated latest checkpoint at epoch 70
2026-05-16 11:50:35,986 [Trainer] :: No validation IoU improvement for 36 epoch(s)
2026-05-16 11:50:35,986 [Trainer] :: Starting epoch 71
2026-05-16 11:55:31,949 [Trainer] :: Completed epoch 71: train_loss=0.070957 train_iou=0.925552 val_loss=0.329590 val_iou=0.606297 lr=0.00008694
2026-05-16 11:55:32,215 [Trainer] :: Updated latest checkpoint at epoch 71
2026-05-16 11:55:32,215 [Trainer] :: No validation IoU improvement for 37 epoch(s)
2026-05-16 11:55:32,215 [Trainer] :: Starting epoch 72
2026-05-16 12:00:01,346 [Trainer] :: Completed epoch 72: train_loss=0.071467 train_iou=0.923500 val_loss=0.299659 val_iou=0.641187 lr=0.00008658
2026-05-16 12:00:01,569 [Trainer] :: Updated latest checkpoint at epoch 72
2026-05-16 12:00:01,569 [Trainer] :: No validation IoU improvement for 38 epoch(s)
2026-05-16 12:00:01,569 [Trainer] :: Starting epoch 73
2026-05-16 12:04:47,274 [Trainer] :: Completed epoch 73: train_loss=0.068765 train_iou=0.925714 val_loss=0.301457 val_iou=0.647778 lr=0.00008623
2026-05-16 12:04:47,490 [Trainer] :: Updated latest checkpoint at epoch 73
2026-05-16 12:04:47,491 [Trainer] :: No validation IoU improvement for 39 epoch(s)
2026-05-16 12:04:47,491 [Trainer] :: Starting epoch 74
2026-05-16 12:09:16,694 [Trainer] :: Completed epoch 74: train_loss=0.068194 train_iou=0.927253 val_loss=0.308950 val_iou=0.627255 lr=0.00008587
2026-05-16 12:09:16,897 [Trainer] :: Updated latest checkpoint at epoch 74
2026-05-16 12:09:16,897 [Trainer] :: No validation IoU improvement for 40 epoch(s)
2026-05-16 12:09:16,897 [Trainer] :: Starting epoch 75
2026-05-16 12:14:07,143 [Trainer] :: Completed epoch 75: train_loss=0.068024 train_iou=0.926181 val_loss=0.312611 val_iou=0.630266 lr=0.00008550
2026-05-16 12:14:07,342 [Trainer] :: Updated latest checkpoint at epoch 75
2026-05-16 12:14:07,342 [Trainer] :: No validation IoU improvement for 41 epoch(s)
2026-05-16 12:14:07,342 [Trainer] :: Starting epoch 76
2026-05-16 12:20:10,150 [Trainer] :: Completed epoch 76: train_loss=0.068287 train_iou=0.927750 val_loss=0.304262 val_iou=0.634561 lr=0.00008513
2026-05-16 12:20:10,347 [Trainer] :: Updated latest checkpoint at epoch 76
2026-05-16 12:20:10,348 [Trainer] :: No validation IoU improvement for 42 epoch(s)
2026-05-16 12:20:10,348 [Trainer] :: Starting epoch 77
2026-05-16 12:25:07,364 [Trainer] :: Completed epoch 77: train_loss=0.066321 train_iou=0.929351 val_loss=0.285879 val_iou=0.655943 lr=0.00008476
2026-05-16 12:25:07,578 [Trainer] :: Updated latest checkpoint at epoch 77
2026-05-16 12:25:07,579 [Trainer] :: No validation IoU improvement for 43 epoch(s)
2026-05-16 12:25:07,579 [Trainer] :: Starting epoch 78
2026-05-16 12:31:51,836 [Trainer] :: Completed epoch 78: train_loss=0.063987 train_iou=0.931635 val_loss=0.288315 val_iou=0.655348 lr=0.00008439
2026-05-16 12:31:52,197 [Trainer] :: Updated latest checkpoint at epoch 78
2026-05-16 12:31:52,198 [Trainer] :: No validation IoU improvement for 44 epoch(s)
2026-05-16 12:31:52,198 [Trainer] :: Starting epoch 79
2026-05-16 12:45:27,532 [Trainer] :: Completed epoch 79: train_loss=0.063486 train_iou=0.930989 val_loss=0.306671 val_iou=0.640192 lr=0.00008401
2026-05-16 12:45:27,911 [Trainer] :: Updated latest checkpoint at epoch 79
2026-05-16 12:45:27,911 [Trainer] :: No validation IoU improvement for 45 epoch(s)
2026-05-16 12:45:27,911 [Trainer] :: Starting epoch 80
2026-05-16 12:53:42,995 [Trainer] :: Completed epoch 80: train_loss=0.064799 train_iou=0.931413 val_loss=0.293103 val_iou=0.651405 lr=0.00008362
2026-05-16 12:53:43,346 [Trainer] :: Updated latest checkpoint at epoch 80
2026-05-16 12:53:43,346 [Trainer] :: No validation IoU improvement for 46 epoch(s)
2026-05-16 12:53:43,346 [Trainer] :: Starting epoch 81
2026-05-16 12:59:28,127 [Trainer] :: Completed epoch 81: train_loss=0.063278 train_iou=0.931732 val_loss=0.306810 val_iou=0.640186 lr=0.00008323
2026-05-16 12:59:28,330 [Trainer] :: Updated latest checkpoint at epoch 81
2026-05-16 12:59:28,330 [Trainer] :: No validation IoU improvement for 47 epoch(s)
2026-05-16 12:59:28,330 [Trainer] :: Starting epoch 82
2026-05-16 13:05:25,398 [Trainer] :: Completed epoch 82: train_loss=0.063187 train_iou=0.932589 val_loss=0.294792 val_iou=0.649031 lr=0.00008284
2026-05-16 13:05:25,610 [Trainer] :: Updated latest checkpoint at epoch 82
2026-05-16 13:05:25,610 [Trainer] :: No validation IoU improvement for 48 epoch(s)
2026-05-16 13:05:25,610 [Trainer] :: Starting epoch 83
2026-05-16 13:13:11,600 [Trainer] :: Completed epoch 83: train_loss=0.063775 train_iou=0.931468 val_loss=0.321010 val_iou=0.628642 lr=0.00008245
2026-05-16 13:13:12,031 [Trainer] :: Updated latest checkpoint at epoch 83
2026-05-16 13:13:12,031 [Trainer] :: No validation IoU improvement for 49 epoch(s)
2026-05-16 13:13:12,031 [Trainer] :: Starting epoch 84
2026-05-16 13:21:05,603 [Trainer] :: Completed epoch 84: train_loss=0.067697 train_iou=0.926005 val_loss=0.325540 val_iou=0.630177 lr=0.00008205
2026-05-16 13:21:05,956 [Trainer] :: Updated latest checkpoint at epoch 84
2026-05-16 13:21:05,956 [Trainer] :: No validation IoU improvement for 50 epoch(s)
2026-05-16 13:21:05,956 [Trainer] :: Starting epoch 85
2026-05-16 13:27:15,696 [Trainer] :: Completed epoch 85: train_loss=0.061359 train_iou=0.933481 val_loss=0.310062 val_iou=0.645360 lr=0.00008165
2026-05-16 13:27:15,965 [Trainer] :: Updated latest checkpoint at epoch 85
2026-05-16 13:27:15,965 [Trainer] :: No validation IoU improvement for 51 epoch(s)
2026-05-16 13:27:15,965 [Trainer] :: Starting epoch 86
2026-05-16 13:32:30,787 [Trainer] :: Completed epoch 86: train_loss=0.062014 train_iou=0.933280 val_loss=0.299705 val_iou=0.647170 lr=0.00008125
2026-05-16 13:32:31,195 [Trainer] :: Updated latest checkpoint at epoch 86
2026-05-16 13:32:31,195 [Trainer] :: No validation IoU improvement for 52 epoch(s)
2026-05-16 13:32:31,195 [Trainer] :: Starting epoch 87
2026-05-16 13:40:03,575 [Trainer] :: Completed epoch 87: train_loss=0.059838 train_iou=0.935067 val_loss=0.307452 val_iou=0.638079 lr=0.00008084
2026-05-16 13:40:03,970 [Trainer] :: Updated latest checkpoint at epoch 87
2026-05-16 13:40:03,970 [Trainer] :: No validation IoU improvement for 53 epoch(s)
2026-05-16 13:40:03,970 [Trainer] :: Starting epoch 88
2026-05-16 13:47:44,875 [Trainer] :: Completed epoch 88: train_loss=0.058319 train_iou=0.936339 val_loss=0.306010 val_iou=0.644871 lr=0.00008043
2026-05-16 13:47:45,239 [Trainer] :: Updated latest checkpoint at epoch 88
2026-05-16 13:47:45,239 [Trainer] :: No validation IoU improvement for 54 epoch(s)
2026-05-16 13:47:45,239 [Trainer] :: Starting epoch 89
2026-05-16 13:53:03,484 [Trainer] :: Completed epoch 89: train_loss=0.059548 train_iou=0.936065 val_loss=0.306462 val_iou=0.644309 lr=0.00008001
2026-05-16 13:53:03,703 [Trainer] :: Updated latest checkpoint at epoch 89
2026-05-16 13:53:03,703 [Trainer] :: No validation IoU improvement for 55 epoch(s)
2026-05-16 13:53:03,703 [Trainer] :: Starting epoch 90
2026-05-16 13:59:13,058 [Trainer] :: Completed epoch 90: train_loss=0.058501 train_iou=0.935766 val_loss=0.297634 val_iou=0.650372 lr=0.00007960
2026-05-16 13:59:13,633 [Trainer] :: Updated latest checkpoint at epoch 90
2026-05-16 13:59:13,633 [Trainer] :: No validation IoU improvement for 56 epoch(s)
2026-05-16 13:59:13,633 [Trainer] :: Starting epoch 91
2026-05-16 14:03:54,911 [Trainer] :: Completed epoch 91: train_loss=0.058433 train_iou=0.935986 val_loss=0.311221 val_iou=0.633443 lr=0.00007917
2026-05-16 14:03:55,157 [Trainer] :: Updated latest checkpoint at epoch 91
2026-05-16 14:03:55,157 [Trainer] :: No validation IoU improvement for 57 epoch(s)
2026-05-16 14:03:55,157 [Trainer] :: Starting epoch 92
2026-05-16 14:11:52,092 [Trainer] :: Completed epoch 92: train_loss=0.057497 train_iou=0.937594 val_loss=0.326017 val_iou=0.630103 lr=0.00007875
2026-05-16 14:11:52,777 [Trainer] :: Updated latest checkpoint at epoch 92
2026-05-16 14:11:52,778 [Trainer] :: No validation IoU improvement for 58 epoch(s)
2026-05-16 14:11:52,778 [Trainer] :: Starting epoch 93
2026-05-16 14:19:34,196 [Trainer] :: Completed epoch 93: train_loss=0.057557 train_iou=0.936763 val_loss=0.328225 val_iou=0.627578 lr=0.00007832
2026-05-16 14:19:34,454 [Trainer] :: Updated latest checkpoint at epoch 93
2026-05-16 14:19:34,454 [Trainer] :: No validation IoU improvement for 59 epoch(s)
2026-05-16 14:19:34,454 [Trainer] :: Starting epoch 94
2026-05-16 14:24:54,968 [Trainer] :: Completed epoch 94: train_loss=0.057396 train_iou=0.937330 val_loss=0.301180 val_iou=0.644172 lr=0.00007789
2026-05-16 14:24:55,211 [Trainer] :: Updated latest checkpoint at epoch 94
2026-05-16 14:24:55,211 [Trainer] :: No validation IoU improvement for 60 epoch(s)
2026-05-16 14:24:55,212 [Trainer] :: Early stopping triggered after 60 epoch(s) without improvement
2026-05-16 14:30:50,108 [Trainer] :: Wrote training history to outputs/runs/rgb_real_msi_segformer_b1_seed51_20260516T044422Z/metrics/history.json
2026-05-16 14:30:50,209 [Trainer] :: Wrote test summary to outputs/runs/rgb_real_msi_segformer_b1_seed51_20260516T044422Z/metrics/test_summary.json
2026-05-16 14:30:50,209 [Trainer] :: Training completed
