2026-05-19 05:50:34,569 [Trainer] :: Training run initialized at /ceph/home/student.aau.dk/qd36zu/fuzzy-p10/tbd/masking/outputs/runs/real_msi_deeplabv3plus_resnet34_fuzzy_halo_seed44_20260519T035034Z
2026-05-19 05:50:34,569 [Trainer] :: Loaded config from /ceph/home/student.aau.dk/qd36zu/fuzzy-p10/tbd/masking/configs/fuzzy/real_msi_deeplabv3plus_resnet34.yaml
2026-05-19 05:50:34,569 [Trainer] :: Using seed=44 and device=None
2026-05-19 05:50:34,569 [Trainer] :: Using model architecture=DeepLabV3Plus encoder=resnet34 encoder_weights=imagenet
2026-05-19 05:50:35,065 [Trainer] :: Resolved runtime device to cuda
2026-05-19 05:50:35,066 [Trainer] :: Prepared normalization from source=train_split_patch_stats
2026-05-19 05:50:51,204 [Trainer] :: Built dataloaders with batch_size=8, num_workers=0
2026-05-19 05:50:51,206 [Trainer] :: Starting epoch 1
2026-05-19 05:55:05,941 [Trainer] :: Completed epoch 1: train_loss=0.396384 train_iou=0.664111 val_loss=0.391727 val_iou=0.515099 lr=0.00010000
2026-05-19 05:55:06,246 [Trainer] :: Updated latest checkpoint at epoch 1
2026-05-19 05:55:06,675 [Trainer] :: New best checkpoint saved with val_iou=0.515099
2026-05-19 05:55:06,675 [Trainer] :: Starting epoch 2
2026-05-19 05:58:36,683 [Trainer] :: Completed epoch 2: train_loss=0.305682 train_iou=0.744973 val_loss=0.387572 val_iou=0.553318 lr=0.00009999
2026-05-19 05:58:37,269 [Trainer] :: Updated latest checkpoint at epoch 2
2026-05-19 05:58:37,778 [Trainer] :: New best checkpoint saved with val_iou=0.553318
2026-05-19 05:58:37,778 [Trainer] :: Starting epoch 3
2026-05-19 06:02:18,159 [Trainer] :: Completed epoch 3: train_loss=0.278428 train_iou=0.772914 val_loss=0.325573 val_iou=0.583367 lr=0.00009998
2026-05-19 06:02:18,624 [Trainer] :: Updated latest checkpoint at epoch 3
2026-05-19 06:02:18,948 [Trainer] :: New best checkpoint saved with val_iou=0.583367
2026-05-19 06:02:18,948 [Trainer] :: Starting epoch 4
2026-05-19 06:06:06,027 [Trainer] :: Completed epoch 4: train_loss=0.258994 train_iou=0.789370 val_loss=0.302674 val_iou=0.605399 lr=0.00009996
2026-05-19 06:06:06,419 [Trainer] :: Updated latest checkpoint at epoch 4
2026-05-19 06:06:06,883 [Trainer] :: New best checkpoint saved with val_iou=0.605399
2026-05-19 06:06:06,883 [Trainer] :: Starting epoch 5
2026-05-19 06:09:48,504 [Trainer] :: Completed epoch 5: train_loss=0.254199 train_iou=0.789196 val_loss=0.312021 val_iou=0.591024 lr=0.00009993
2026-05-19 06:09:48,839 [Trainer] :: Updated latest checkpoint at epoch 5
2026-05-19 06:09:48,839 [Trainer] :: No validation IoU improvement for 1 epoch(s)
2026-05-19 06:09:48,839 [Trainer] :: Starting epoch 6
2026-05-19 06:13:30,941 [Trainer] :: Completed epoch 6: train_loss=0.237251 train_iou=0.801789 val_loss=0.358287 val_iou=0.531917 lr=0.00009990
2026-05-19 06:13:31,239 [Trainer] :: Updated latest checkpoint at epoch 6
2026-05-19 06:13:31,240 [Trainer] :: No validation IoU improvement for 2 epoch(s)
2026-05-19 06:13:31,240 [Trainer] :: Starting epoch 7
2026-05-19 06:17:06,187 [Trainer] :: Completed epoch 7: train_loss=0.225269 train_iou=0.814753 val_loss=0.344399 val_iou=0.581562 lr=0.00009987
2026-05-19 06:17:06,593 [Trainer] :: Updated latest checkpoint at epoch 7
2026-05-19 06:17:06,594 [Trainer] :: No validation IoU improvement for 3 epoch(s)
2026-05-19 06:17:06,594 [Trainer] :: Starting epoch 8
2026-05-19 06:20:41,361 [Trainer] :: Completed epoch 8: train_loss=0.229283 train_iou=0.808097 val_loss=0.304232 val_iou=0.597856 lr=0.00009983
2026-05-19 06:20:41,648 [Trainer] :: Updated latest checkpoint at epoch 8
2026-05-19 06:20:41,649 [Trainer] :: No validation IoU improvement for 4 epoch(s)
2026-05-19 06:20:41,649 [Trainer] :: Starting epoch 9
2026-05-19 06:24:15,997 [Trainer] :: Completed epoch 9: train_loss=0.214930 train_iou=0.821172 val_loss=0.338670 val_iou=0.578701 lr=0.00009978
2026-05-19 06:24:16,293 [Trainer] :: Updated latest checkpoint at epoch 9
2026-05-19 06:24:16,293 [Trainer] :: No validation IoU improvement for 5 epoch(s)
2026-05-19 06:24:16,293 [Trainer] :: Starting epoch 10
2026-05-19 06:27:50,848 [Trainer] :: Completed epoch 10: train_loss=0.211634 train_iou=0.823104 val_loss=0.342715 val_iou=0.589294 lr=0.00009973
2026-05-19 06:27:51,326 [Trainer] :: Updated latest checkpoint at epoch 10
2026-05-19 06:27:51,326 [Trainer] :: No validation IoU improvement for 6 epoch(s)
2026-05-19 06:27:51,326 [Trainer] :: Starting epoch 11
2026-05-19 06:31:25,864 [Trainer] :: Completed epoch 11: train_loss=0.202548 train_iou=0.826248 val_loss=0.320892 val_iou=0.574372 lr=0.00009967
2026-05-19 06:31:26,172 [Trainer] :: Updated latest checkpoint at epoch 11
2026-05-19 06:31:26,172 [Trainer] :: No validation IoU improvement for 7 epoch(s)
2026-05-19 06:31:26,173 [Trainer] :: Starting epoch 12
2026-05-19 06:34:59,815 [Trainer] :: Completed epoch 12: train_loss=0.192958 train_iou=0.832936 val_loss=0.306352 val_iou=0.585531 lr=0.00009961
2026-05-19 06:35:00,131 [Trainer] :: Updated latest checkpoint at epoch 12
2026-05-19 06:35:00,131 [Trainer] :: No validation IoU improvement for 8 epoch(s)
2026-05-19 06:35:00,131 [Trainer] :: Starting epoch 13
2026-05-19 06:38:33,522 [Trainer] :: Completed epoch 13: train_loss=0.185378 train_iou=0.836895 val_loss=0.313052 val_iou=0.611709 lr=0.00009954
2026-05-19 06:38:33,816 [Trainer] :: Updated latest checkpoint at epoch 13
2026-05-19 06:38:34,114 [Trainer] :: New best checkpoint saved with val_iou=0.611709
2026-05-19 06:38:34,114 [Trainer] :: Starting epoch 14
2026-05-19 06:42:07,546 [Trainer] :: Completed epoch 14: train_loss=0.185711 train_iou=0.836777 val_loss=0.312728 val_iou=0.572721 lr=0.00009947
2026-05-19 06:42:07,877 [Trainer] :: Updated latest checkpoint at epoch 14
2026-05-19 06:42:07,877 [Trainer] :: No validation IoU improvement for 1 epoch(s)
2026-05-19 06:42:07,877 [Trainer] :: Starting epoch 15
2026-05-19 06:45:54,987 [Trainer] :: Completed epoch 15: train_loss=0.174845 train_iou=0.841984 val_loss=0.304406 val_iou=0.597391 lr=0.00009939
2026-05-19 06:45:55,337 [Trainer] :: Updated latest checkpoint at epoch 15
2026-05-19 06:45:55,338 [Trainer] :: No validation IoU improvement for 2 epoch(s)
2026-05-19 06:45:55,338 [Trainer] :: Starting epoch 16
2026-05-19 06:49:29,964 [Trainer] :: Completed epoch 16: train_loss=0.165932 train_iou=0.850239 val_loss=0.298334 val_iou=0.616119 lr=0.00009931
2026-05-19 06:49:30,348 [Trainer] :: Updated latest checkpoint at epoch 16
2026-05-19 06:49:30,678 [Trainer] :: New best checkpoint saved with val_iou=0.616119
2026-05-19 06:49:30,678 [Trainer] :: Starting epoch 17
2026-05-19 06:53:04,963 [Trainer] :: Completed epoch 17: train_loss=0.166028 train_iou=0.853336 val_loss=0.335328 val_iou=0.569611 lr=0.00009922
2026-05-19 06:53:05,271 [Trainer] :: Updated latest checkpoint at epoch 17
2026-05-19 06:53:05,271 [Trainer] :: No validation IoU improvement for 1 epoch(s)
2026-05-19 06:53:05,271 [Trainer] :: Starting epoch 18
2026-05-19 06:56:38,438 [Trainer] :: Completed epoch 18: train_loss=0.160399 train_iou=0.853274 val_loss=0.314454 val_iou=0.602934 lr=0.00009912
2026-05-19 06:56:38,777 [Trainer] :: Updated latest checkpoint at epoch 18
2026-05-19 06:56:38,777 [Trainer] :: No validation IoU improvement for 2 epoch(s)
2026-05-19 06:56:38,777 [Trainer] :: Starting epoch 19
2026-05-19 07:00:16,285 [Trainer] :: Completed epoch 19: train_loss=0.156307 train_iou=0.855649 val_loss=0.316102 val_iou=0.571519 lr=0.00009902
2026-05-19 07:00:17,035 [Trainer] :: Updated latest checkpoint at epoch 19
2026-05-19 07:00:17,035 [Trainer] :: No validation IoU improvement for 3 epoch(s)
2026-05-19 07:00:17,035 [Trainer] :: Starting epoch 20
2026-05-19 07:03:50,946 [Trainer] :: Completed epoch 20: train_loss=0.150724 train_iou=0.862478 val_loss=0.305648 val_iou=0.617359 lr=0.00009892
2026-05-19 07:03:51,261 [Trainer] :: Updated latest checkpoint at epoch 20
2026-05-19 07:03:51,595 [Trainer] :: New best checkpoint saved with val_iou=0.617359
2026-05-19 07:03:51,595 [Trainer] :: Starting epoch 21
2026-05-19 07:07:25,265 [Trainer] :: Completed epoch 21: train_loss=0.147073 train_iou=0.863723 val_loss=0.347491 val_iou=0.548005 lr=0.00009881
2026-05-19 07:07:25,590 [Trainer] :: Updated latest checkpoint at epoch 21
2026-05-19 07:07:25,590 [Trainer] :: No validation IoU improvement for 1 epoch(s)
2026-05-19 07:07:25,590 [Trainer] :: Starting epoch 22
2026-05-19 07:11:02,305 [Trainer] :: Completed epoch 22: train_loss=0.142993 train_iou=0.868485 val_loss=0.308278 val_iou=0.612840 lr=0.00009869
2026-05-19 07:11:02,688 [Trainer] :: Updated latest checkpoint at epoch 22
2026-05-19 07:11:02,688 [Trainer] :: No validation IoU improvement for 2 epoch(s)
2026-05-19 07:11:02,688 [Trainer] :: Starting epoch 23
2026-05-19 07:14:38,336 [Trainer] :: Completed epoch 23: train_loss=0.149091 train_iou=0.863796 val_loss=0.313524 val_iou=0.582920 lr=0.00009857
2026-05-19 07:14:38,747 [Trainer] :: Updated latest checkpoint at epoch 23
2026-05-19 07:14:38,747 [Trainer] :: No validation IoU improvement for 3 epoch(s)
2026-05-19 07:14:38,747 [Trainer] :: Starting epoch 24
2026-05-19 07:18:14,943 [Trainer] :: Completed epoch 24: train_loss=0.137067 train_iou=0.871999 val_loss=0.337138 val_iou=0.611715 lr=0.00009844
2026-05-19 07:18:15,297 [Trainer] :: Updated latest checkpoint at epoch 24
2026-05-19 07:18:15,297 [Trainer] :: No validation IoU improvement for 4 epoch(s)
2026-05-19 07:18:15,297 [Trainer] :: Starting epoch 25
2026-05-19 07:21:51,692 [Trainer] :: Completed epoch 25: train_loss=0.137063 train_iou=0.872961 val_loss=0.331377 val_iou=0.573266 lr=0.00009831
2026-05-19 07:21:52,087 [Trainer] :: Updated latest checkpoint at epoch 25
2026-05-19 07:21:52,087 [Trainer] :: No validation IoU improvement for 5 epoch(s)
2026-05-19 07:21:52,087 [Trainer] :: Starting epoch 26
2026-05-19 07:25:31,176 [Trainer] :: Completed epoch 26: train_loss=0.136074 train_iou=0.875532 val_loss=0.368621 val_iou=0.537398 lr=0.00009818
2026-05-19 07:25:31,968 [Trainer] :: Updated latest checkpoint at epoch 26
2026-05-19 07:25:31,968 [Trainer] :: No validation IoU improvement for 6 epoch(s)
2026-05-19 07:25:31,968 [Trainer] :: Starting epoch 27
2026-05-19 07:29:41,811 [Trainer] :: Completed epoch 27: train_loss=0.131486 train_iou=0.877889 val_loss=0.318264 val_iou=0.578694 lr=0.00009803
2026-05-19 07:29:42,288 [Trainer] :: Updated latest checkpoint at epoch 27
2026-05-19 07:29:42,288 [Trainer] :: No validation IoU improvement for 7 epoch(s)
2026-05-19 07:29:42,288 [Trainer] :: Starting epoch 28
2026-05-19 07:33:37,764 [Trainer] :: Completed epoch 28: train_loss=0.130704 train_iou=0.878950 val_loss=0.391271 val_iou=0.529320 lr=0.00009789
2026-05-19 07:33:38,136 [Trainer] :: Updated latest checkpoint at epoch 28
2026-05-19 07:33:38,136 [Trainer] :: No validation IoU improvement for 8 epoch(s)
2026-05-19 07:33:38,136 [Trainer] :: Starting epoch 29
2026-05-19 07:37:23,038 [Trainer] :: Completed epoch 29: train_loss=0.128976 train_iou=0.880382 val_loss=0.347302 val_iou=0.581113 lr=0.00009773
2026-05-19 07:37:23,400 [Trainer] :: Updated latest checkpoint at epoch 29
2026-05-19 07:37:23,400 [Trainer] :: No validation IoU improvement for 9 epoch(s)
2026-05-19 07:37:23,400 [Trainer] :: Starting epoch 30
2026-05-19 07:40:59,672 [Trainer] :: Completed epoch 30: train_loss=0.124580 train_iou=0.883184 val_loss=0.332083 val_iou=0.576603 lr=0.00009758
2026-05-19 07:41:00,385 [Trainer] :: Updated latest checkpoint at epoch 30
2026-05-19 07:41:00,386 [Trainer] :: No validation IoU improvement for 10 epoch(s)
2026-05-19 07:41:00,386 [Trainer] :: Starting epoch 31
2026-05-19 07:44:37,694 [Trainer] :: Completed epoch 31: train_loss=0.120395 train_iou=0.885663 val_loss=0.328529 val_iou=0.599130 lr=0.00009741
2026-05-19 07:44:38,158 [Trainer] :: Updated latest checkpoint at epoch 31
2026-05-19 07:44:38,158 [Trainer] :: No validation IoU improvement for 11 epoch(s)
2026-05-19 07:44:38,158 [Trainer] :: Starting epoch 32
2026-05-19 07:48:16,810 [Trainer] :: Completed epoch 32: train_loss=0.117384 train_iou=0.890568 val_loss=0.314297 val_iou=0.597942 lr=0.00009725
2026-05-19 07:48:17,117 [Trainer] :: Updated latest checkpoint at epoch 32
2026-05-19 07:48:17,117 [Trainer] :: No validation IoU improvement for 12 epoch(s)
2026-05-19 07:48:17,117 [Trainer] :: Starting epoch 33
2026-05-19 07:51:53,153 [Trainer] :: Completed epoch 33: train_loss=0.114611 train_iou=0.890887 val_loss=0.334010 val_iou=0.604407 lr=0.00009707
2026-05-19 07:51:53,484 [Trainer] :: Updated latest checkpoint at epoch 33
2026-05-19 07:51:53,484 [Trainer] :: No validation IoU improvement for 13 epoch(s)
2026-05-19 07:51:53,484 [Trainer] :: Starting epoch 34
2026-05-19 07:55:29,028 [Trainer] :: Completed epoch 34: train_loss=0.113790 train_iou=0.892689 val_loss=0.365866 val_iou=0.555177 lr=0.00009690
2026-05-19 07:55:29,336 [Trainer] :: Updated latest checkpoint at epoch 34
2026-05-19 07:55:29,336 [Trainer] :: No validation IoU improvement for 14 epoch(s)
2026-05-19 07:55:29,336 [Trainer] :: Starting epoch 35
2026-05-19 07:59:04,843 [Trainer] :: Completed epoch 35: train_loss=0.112080 train_iou=0.895013 val_loss=0.371215 val_iou=0.534978 lr=0.00009671
2026-05-19 07:59:05,234 [Trainer] :: Updated latest checkpoint at epoch 35
2026-05-19 07:59:05,234 [Trainer] :: No validation IoU improvement for 15 epoch(s)
2026-05-19 07:59:05,234 [Trainer] :: Starting epoch 36
2026-05-19 08:02:41,099 [Trainer] :: Completed epoch 36: train_loss=0.112578 train_iou=0.893818 val_loss=0.340693 val_iou=0.573516 lr=0.00009652
2026-05-19 08:02:41,413 [Trainer] :: Updated latest checkpoint at epoch 36
2026-05-19 08:02:41,413 [Trainer] :: No validation IoU improvement for 16 epoch(s)
2026-05-19 08:02:41,413 [Trainer] :: Starting epoch 37
2026-05-19 08:06:17,008 [Trainer] :: Completed epoch 37: train_loss=0.106490 train_iou=0.898174 val_loss=0.324865 val_iou=0.595921 lr=0.00009633
2026-05-19 08:06:17,373 [Trainer] :: Updated latest checkpoint at epoch 37
2026-05-19 08:06:17,373 [Trainer] :: No validation IoU improvement for 17 epoch(s)
2026-05-19 08:06:17,373 [Trainer] :: Starting epoch 38
2026-05-19 08:09:54,051 [Trainer] :: Completed epoch 38: train_loss=0.113198 train_iou=0.895180 val_loss=0.360613 val_iou=0.558315 lr=0.00009613
2026-05-19 08:09:54,360 [Trainer] :: Updated latest checkpoint at epoch 38
2026-05-19 08:09:54,360 [Trainer] :: No validation IoU improvement for 18 epoch(s)
2026-05-19 08:09:54,360 [Trainer] :: Starting epoch 39
2026-05-19 08:14:46,808 [Trainer] :: Completed epoch 39: train_loss=0.105754 train_iou=0.900052 val_loss=0.381885 val_iou=0.561727 lr=0.00009593
2026-05-19 08:14:47,250 [Trainer] :: Updated latest checkpoint at epoch 39
2026-05-19 08:14:47,250 [Trainer] :: No validation IoU improvement for 19 epoch(s)
2026-05-19 08:14:47,250 [Trainer] :: Starting epoch 40
2026-05-19 08:22:04,932 [Trainer] :: Completed epoch 40: train_loss=0.102369 train_iou=0.902899 val_loss=0.347045 val_iou=0.583605 lr=0.00009572
2026-05-19 08:22:05,266 [Trainer] :: Updated latest checkpoint at epoch 40
2026-05-19 08:22:05,266 [Trainer] :: No validation IoU improvement for 20 epoch(s)
2026-05-19 08:22:05,266 [Trainer] :: Starting epoch 41
2026-05-19 08:25:43,946 [Trainer] :: Completed epoch 41: train_loss=0.104694 train_iou=0.902332 val_loss=0.335502 val_iou=0.612023 lr=0.00009551
2026-05-19 08:25:44,246 [Trainer] :: Updated latest checkpoint at epoch 41
2026-05-19 08:25:44,246 [Trainer] :: No validation IoU improvement for 21 epoch(s)
2026-05-19 08:25:44,246 [Trainer] :: Starting epoch 42
2026-05-19 08:29:19,274 [Trainer] :: Completed epoch 42: train_loss=0.100020 train_iou=0.904474 val_loss=0.371284 val_iou=0.533894 lr=0.00009529
2026-05-19 08:29:19,655 [Trainer] :: Updated latest checkpoint at epoch 42
2026-05-19 08:29:19,655 [Trainer] :: No validation IoU improvement for 22 epoch(s)
2026-05-19 08:29:19,655 [Trainer] :: Starting epoch 43
2026-05-19 08:32:53,818 [Trainer] :: Completed epoch 43: train_loss=0.099403 train_iou=0.905750 val_loss=0.327943 val_iou=0.615974 lr=0.00009507
2026-05-19 08:32:54,135 [Trainer] :: Updated latest checkpoint at epoch 43
2026-05-19 08:32:54,135 [Trainer] :: No validation IoU improvement for 23 epoch(s)
2026-05-19 08:32:54,135 [Trainer] :: Starting epoch 44
2026-05-19 08:36:27,274 [Trainer] :: Completed epoch 44: train_loss=0.098734 train_iou=0.905100 val_loss=0.357574 val_iou=0.552121 lr=0.00009484
2026-05-19 08:36:27,976 [Trainer] :: Updated latest checkpoint at epoch 44
2026-05-19 08:36:27,976 [Trainer] :: No validation IoU improvement for 24 epoch(s)
2026-05-19 08:36:27,976 [Trainer] :: Starting epoch 45
2026-05-19 08:40:03,306 [Trainer] :: Completed epoch 45: train_loss=0.095233 train_iou=0.908204 val_loss=0.393054 val_iou=0.571018 lr=0.00009460
2026-05-19 08:40:03,620 [Trainer] :: Updated latest checkpoint at epoch 45
2026-05-19 08:40:03,620 [Trainer] :: No validation IoU improvement for 25 epoch(s)
2026-05-19 08:40:03,620 [Trainer] :: Starting epoch 46
2026-05-19 08:43:45,571 [Trainer] :: Completed epoch 46: train_loss=0.095037 train_iou=0.909212 val_loss=0.349715 val_iou=0.611086 lr=0.00009437
2026-05-19 08:43:45,987 [Trainer] :: Updated latest checkpoint at epoch 46
2026-05-19 08:43:45,987 [Trainer] :: No validation IoU improvement for 26 epoch(s)
2026-05-19 08:43:45,987 [Trainer] :: Starting epoch 47
2026-05-19 08:47:24,503 [Trainer] :: Completed epoch 47: train_loss=0.092798 train_iou=0.910520 val_loss=0.343707 val_iou=0.599493 lr=0.00009412
2026-05-19 08:47:24,815 [Trainer] :: Updated latest checkpoint at epoch 47
2026-05-19 08:47:24,815 [Trainer] :: No validation IoU improvement for 27 epoch(s)
2026-05-19 08:47:24,816 [Trainer] :: Starting epoch 48
2026-05-19 08:51:01,863 [Trainer] :: Completed epoch 48: train_loss=0.093077 train_iou=0.911693 val_loss=0.336894 val_iou=0.601008 lr=0.00009388
2026-05-19 08:51:02,211 [Trainer] :: Updated latest checkpoint at epoch 48
2026-05-19 08:51:02,211 [Trainer] :: No validation IoU improvement for 28 epoch(s)
2026-05-19 08:51:02,211 [Trainer] :: Starting epoch 49
2026-05-19 08:55:28,944 [Trainer] :: Completed epoch 49: train_loss=0.091192 train_iou=0.912274 val_loss=0.346228 val_iou=0.603839 lr=0.00009363
2026-05-19 08:55:29,380 [Trainer] :: Updated latest checkpoint at epoch 49
2026-05-19 08:55:29,380 [Trainer] :: No validation IoU improvement for 29 epoch(s)
2026-05-19 08:55:29,380 [Trainer] :: Starting epoch 50
2026-05-19 08:59:34,502 [Trainer] :: Completed epoch 50: train_loss=0.089413 train_iou=0.913660 val_loss=0.367452 val_iou=0.579271 lr=0.00009337
2026-05-19 08:59:35,033 [Trainer] :: Updated latest checkpoint at epoch 50
2026-05-19 08:59:35,033 [Trainer] :: No validation IoU improvement for 30 epoch(s)
2026-05-19 08:59:35,033 [Trainer] :: Starting epoch 51
2026-05-19 09:03:35,649 [Trainer] :: Completed epoch 51: train_loss=0.091464 train_iou=0.911500 val_loss=0.343905 val_iou=0.566484 lr=0.00009311
2026-05-19 09:03:36,247 [Trainer] :: Updated latest checkpoint at epoch 51
2026-05-19 09:03:36,247 [Trainer] :: No validation IoU improvement for 31 epoch(s)
2026-05-19 09:03:36,247 [Trainer] :: Starting epoch 52
2026-05-19 09:07:27,826 [Trainer] :: Completed epoch 52: train_loss=0.089240 train_iou=0.915312 val_loss=0.338791 val_iou=0.596588 lr=0.00009284
2026-05-19 09:07:28,229 [Trainer] :: Updated latest checkpoint at epoch 52
2026-05-19 09:07:28,229 [Trainer] :: No validation IoU improvement for 32 epoch(s)
2026-05-19 09:07:28,229 [Trainer] :: Starting epoch 53
2026-05-19 09:11:31,278 [Trainer] :: Completed epoch 53: train_loss=0.090538 train_iou=0.913794 val_loss=0.351985 val_iou=0.593173 lr=0.00009257
2026-05-19 09:11:31,622 [Trainer] :: Updated latest checkpoint at epoch 53
2026-05-19 09:11:31,622 [Trainer] :: No validation IoU improvement for 33 epoch(s)
2026-05-19 09:11:31,623 [Trainer] :: Starting epoch 54
2026-05-19 09:16:01,488 [Trainer] :: Completed epoch 54: train_loss=0.089139 train_iou=0.915205 val_loss=0.345736 val_iou=0.595444 lr=0.00009229
2026-05-19 09:16:01,854 [Trainer] :: Updated latest checkpoint at epoch 54
2026-05-19 09:16:01,854 [Trainer] :: No validation IoU improvement for 34 epoch(s)
2026-05-19 09:16:01,854 [Trainer] :: Starting epoch 55
2026-05-19 09:20:26,149 [Trainer] :: Completed epoch 55: train_loss=0.088196 train_iou=0.916879 val_loss=0.358581 val_iou=0.575248 lr=0.00009201
2026-05-19 09:20:26,476 [Trainer] :: Updated latest checkpoint at epoch 55
2026-05-19 09:20:26,476 [Trainer] :: No validation IoU improvement for 35 epoch(s)
2026-05-19 09:20:26,476 [Trainer] :: Starting epoch 56
2026-05-19 09:24:16,327 [Trainer] :: Completed epoch 56: train_loss=0.088028 train_iou=0.916058 val_loss=0.416603 val_iou=0.561800 lr=0.00009173
2026-05-19 09:24:16,706 [Trainer] :: Updated latest checkpoint at epoch 56
2026-05-19 09:24:16,706 [Trainer] :: No validation IoU improvement for 36 epoch(s)
2026-05-19 09:24:16,706 [Trainer] :: Starting epoch 57
2026-05-19 09:28:16,393 [Trainer] :: Completed epoch 57: train_loss=0.086536 train_iou=0.918290 val_loss=0.357866 val_iou=0.603727 lr=0.00009144
2026-05-19 09:28:16,870 [Trainer] :: Updated latest checkpoint at epoch 57
2026-05-19 09:28:16,870 [Trainer] :: No validation IoU improvement for 37 epoch(s)
2026-05-19 09:28:16,871 [Trainer] :: Starting epoch 58
2026-05-19 09:32:21,494 [Trainer] :: Completed epoch 58: train_loss=0.084692 train_iou=0.920093 val_loss=0.357142 val_iou=0.591650 lr=0.00009115
2026-05-19 09:32:21,877 [Trainer] :: Updated latest checkpoint at epoch 58
2026-05-19 09:32:21,877 [Trainer] :: No validation IoU improvement for 38 epoch(s)
2026-05-19 09:32:21,877 [Trainer] :: Starting epoch 59
2026-05-19 09:36:22,295 [Trainer] :: Completed epoch 59: train_loss=0.085692 train_iou=0.919104 val_loss=0.391116 val_iou=0.552838 lr=0.00009085
2026-05-19 09:36:22,733 [Trainer] :: Updated latest checkpoint at epoch 59
2026-05-19 09:36:22,733 [Trainer] :: No validation IoU improvement for 39 epoch(s)
2026-05-19 09:36:22,733 [Trainer] :: Starting epoch 60
2026-05-19 09:40:11,450 [Trainer] :: Completed epoch 60: train_loss=0.085115 train_iou=0.917586 val_loss=0.349796 val_iou=0.578590 lr=0.00009055
2026-05-19 09:40:11,797 [Trainer] :: Updated latest checkpoint at epoch 60
2026-05-19 09:40:11,797 [Trainer] :: No validation IoU improvement for 40 epoch(s)
2026-05-19 09:40:11,797 [Trainer] :: Starting epoch 61
2026-05-19 09:44:16,193 [Trainer] :: Completed epoch 61: train_loss=0.082582 train_iou=0.919826 val_loss=0.387276 val_iou=0.571074 lr=0.00009024
2026-05-19 09:44:16,570 [Trainer] :: Updated latest checkpoint at epoch 61
2026-05-19 09:44:16,570 [Trainer] :: No validation IoU improvement for 41 epoch(s)
2026-05-19 09:44:16,570 [Trainer] :: Starting epoch 62
2026-05-19 09:48:44,055 [Trainer] :: Completed epoch 62: train_loss=0.079521 train_iou=0.923238 val_loss=0.340609 val_iou=0.602745 lr=0.00008993
2026-05-19 09:48:44,552 [Trainer] :: Updated latest checkpoint at epoch 62
2026-05-19 09:48:44,552 [Trainer] :: No validation IoU improvement for 42 epoch(s)
2026-05-19 09:48:44,552 [Trainer] :: Starting epoch 63
2026-05-19 09:53:14,165 [Trainer] :: Completed epoch 63: train_loss=0.080997 train_iou=0.922751 val_loss=0.372291 val_iou=0.547279 lr=0.00008961
2026-05-19 09:53:14,712 [Trainer] :: Updated latest checkpoint at epoch 63
2026-05-19 09:53:14,713 [Trainer] :: No validation IoU improvement for 43 epoch(s)
2026-05-19 09:53:14,713 [Trainer] :: Starting epoch 64
2026-05-19 09:57:15,152 [Trainer] :: Completed epoch 64: train_loss=0.078691 train_iou=0.924917 val_loss=0.354886 val_iou=0.593967 lr=0.00008929
2026-05-19 09:57:15,901 [Trainer] :: Updated latest checkpoint at epoch 64
2026-05-19 09:57:15,901 [Trainer] :: No validation IoU improvement for 44 epoch(s)
2026-05-19 09:57:15,902 [Trainer] :: Starting epoch 65
2026-05-19 10:01:28,483 [Trainer] :: Completed epoch 65: train_loss=0.076849 train_iou=0.926188 val_loss=0.371679 val_iou=0.591356 lr=0.00008897
2026-05-19 10:01:29,390 [Trainer] :: Updated latest checkpoint at epoch 65
2026-05-19 10:01:29,390 [Trainer] :: No validation IoU improvement for 45 epoch(s)
2026-05-19 10:01:29,390 [Trainer] :: Starting epoch 66
2026-05-19 10:05:28,439 [Trainer] :: Completed epoch 66: train_loss=0.077482 train_iou=0.925945 val_loss=0.359439 val_iou=0.591284 lr=0.00008864
2026-05-19 10:05:28,813 [Trainer] :: Updated latest checkpoint at epoch 66
2026-05-19 10:05:28,813 [Trainer] :: No validation IoU improvement for 46 epoch(s)
2026-05-19 10:05:28,813 [Trainer] :: Starting epoch 67
2026-05-19 10:09:26,699 [Trainer] :: Completed epoch 67: train_loss=0.077714 train_iou=0.925233 val_loss=0.394400 val_iou=0.547608 lr=0.00008831
2026-05-19 10:09:27,122 [Trainer] :: Updated latest checkpoint at epoch 67
2026-05-19 10:09:27,122 [Trainer] :: No validation IoU improvement for 47 epoch(s)
2026-05-19 10:09:27,122 [Trainer] :: Starting epoch 68
2026-05-19 10:13:22,007 [Trainer] :: Completed epoch 68: train_loss=0.079390 train_iou=0.923041 val_loss=0.372344 val_iou=0.587553 lr=0.00008797
2026-05-19 10:13:22,733 [Trainer] :: Updated latest checkpoint at epoch 68
2026-05-19 10:13:22,733 [Trainer] :: No validation IoU improvement for 48 epoch(s)
2026-05-19 10:13:22,733 [Trainer] :: Starting epoch 69
2026-05-19 10:17:22,232 [Trainer] :: Completed epoch 69: train_loss=0.078367 train_iou=0.925504 val_loss=0.385759 val_iou=0.601182 lr=0.00008763
2026-05-19 10:17:22,626 [Trainer] :: Updated latest checkpoint at epoch 69
2026-05-19 10:17:22,626 [Trainer] :: No validation IoU improvement for 49 epoch(s)
2026-05-19 10:17:22,626 [Trainer] :: Starting epoch 70
2026-05-19 10:21:26,261 [Trainer] :: Completed epoch 70: train_loss=0.076883 train_iou=0.926583 val_loss=0.358524 val_iou=0.593107 lr=0.00008729
2026-05-19 10:21:26,631 [Trainer] :: Updated latest checkpoint at epoch 70
2026-05-19 10:21:26,631 [Trainer] :: No validation IoU improvement for 50 epoch(s)
2026-05-19 10:21:26,631 [Trainer] :: Starting epoch 71
2026-05-19 10:25:27,736 [Trainer] :: Completed epoch 71: train_loss=0.076968 train_iou=0.927363 val_loss=0.364248 val_iou=0.595763 lr=0.00008694
2026-05-19 10:25:28,157 [Trainer] :: Updated latest checkpoint at epoch 71
2026-05-19 10:25:28,158 [Trainer] :: No validation IoU improvement for 51 epoch(s)
2026-05-19 10:25:28,158 [Trainer] :: Starting epoch 72
2026-05-19 10:29:33,564 [Trainer] :: Completed epoch 72: train_loss=0.074990 train_iou=0.928258 val_loss=0.390652 val_iou=0.573579 lr=0.00008658
2026-05-19 10:29:34,008 [Trainer] :: Updated latest checkpoint at epoch 72
2026-05-19 10:29:34,008 [Trainer] :: No validation IoU improvement for 52 epoch(s)
2026-05-19 10:29:34,009 [Trainer] :: Starting epoch 73
2026-05-19 10:33:32,029 [Trainer] :: Completed epoch 73: train_loss=0.073630 train_iou=0.929781 val_loss=0.372225 val_iou=0.591034 lr=0.00008623
2026-05-19 10:33:32,509 [Trainer] :: Updated latest checkpoint at epoch 73
2026-05-19 10:33:32,509 [Trainer] :: No validation IoU improvement for 53 epoch(s)
2026-05-19 10:33:32,509 [Trainer] :: Starting epoch 74
2026-05-19 10:37:25,535 [Trainer] :: Completed epoch 74: train_loss=0.074892 train_iou=0.928307 val_loss=0.367251 val_iou=0.591139 lr=0.00008587
2026-05-19 10:37:25,924 [Trainer] :: Updated latest checkpoint at epoch 74
2026-05-19 10:37:25,924 [Trainer] :: No validation IoU improvement for 54 epoch(s)
2026-05-19 10:37:25,924 [Trainer] :: Starting epoch 75
2026-05-19 10:41:22,522 [Trainer] :: Completed epoch 75: train_loss=0.072916 train_iou=0.930170 val_loss=0.355317 val_iou=0.594118 lr=0.00008550
2026-05-19 10:41:23,297 [Trainer] :: Updated latest checkpoint at epoch 75
2026-05-19 10:41:23,297 [Trainer] :: No validation IoU improvement for 55 epoch(s)
2026-05-19 10:41:23,297 [Trainer] :: Starting epoch 76
2026-05-19 10:45:03,304 [Trainer] :: Completed epoch 76: train_loss=0.073344 train_iou=0.929699 val_loss=0.373266 val_iou=0.585810 lr=0.00008513
2026-05-19 10:45:03,677 [Trainer] :: Updated latest checkpoint at epoch 76
2026-05-19 10:45:03,677 [Trainer] :: No validation IoU improvement for 56 epoch(s)
2026-05-19 10:45:03,677 [Trainer] :: Starting epoch 77
2026-05-19 10:48:43,579 [Trainer] :: Completed epoch 77: train_loss=0.073558 train_iou=0.929502 val_loss=0.394134 val_iou=0.582200 lr=0.00008476
2026-05-19 10:48:44,208 [Trainer] :: Updated latest checkpoint at epoch 77
2026-05-19 10:48:44,208 [Trainer] :: No validation IoU improvement for 57 epoch(s)
2026-05-19 10:48:44,208 [Trainer] :: Starting epoch 78
2026-05-19 10:52:19,670 [Trainer] :: Completed epoch 78: train_loss=0.072122 train_iou=0.931714 val_loss=0.407477 val_iou=0.576520 lr=0.00008439
2026-05-19 10:52:20,019 [Trainer] :: Updated latest checkpoint at epoch 78
2026-05-19 10:52:20,019 [Trainer] :: No validation IoU improvement for 58 epoch(s)
2026-05-19 10:52:20,019 [Trainer] :: Starting epoch 79
2026-05-19 10:55:49,983 [Trainer] :: Completed epoch 79: train_loss=0.072406 train_iou=0.931176 val_loss=0.409980 val_iou=0.585996 lr=0.00008401
2026-05-19 10:55:50,323 [Trainer] :: Updated latest checkpoint at epoch 79
2026-05-19 10:55:50,323 [Trainer] :: No validation IoU improvement for 59 epoch(s)
2026-05-19 10:55:50,323 [Trainer] :: Starting epoch 80
2026-05-19 10:59:27,831 [Trainer] :: Completed epoch 80: train_loss=0.071577 train_iou=0.931125 val_loss=0.379769 val_iou=0.600225 lr=0.00008362
2026-05-19 10:59:28,342 [Trainer] :: Updated latest checkpoint at epoch 80
2026-05-19 10:59:28,342 [Trainer] :: No validation IoU improvement for 60 epoch(s)
2026-05-19 10:59:28,342 [Trainer] :: Early stopping triggered after 60 epoch(s) without improvement
2026-05-19 11:04:52,183 [Trainer] :: Wrote training history to outputs/runs/real_msi_deeplabv3plus_resnet34_fuzzy_halo_seed44_20260519T035034Z/metrics/history.json
2026-05-19 11:04:52,196 [Trainer] :: Wrote test summary to outputs/runs/real_msi_deeplabv3plus_resnet34_fuzzy_halo_seed44_20260519T035034Z/metrics/test_summary.json
2026-05-19 11:04:52,196 [Trainer] :: Training completed
