2026-05-19 09:21:48,185 [Trainer] :: Training run initialized at /ceph/home/student.aau.dk/qd36zu/fuzzy-p10/tbd/masking/outputs/runs/real_msi_deeplabv3plus_resnet34_fuzzy_halo_seed46_20260519T072147Z
2026-05-19 09:21:48,186 [Trainer] :: Loaded config from /ceph/home/student.aau.dk/qd36zu/fuzzy-p10/tbd/masking/configs/fuzzy/real_msi_deeplabv3plus_resnet34.yaml
2026-05-19 09:21:48,186 [Trainer] :: Using seed=46 and device=None
2026-05-19 09:21:48,186 [Trainer] :: Using model architecture=DeepLabV3Plus encoder=resnet34 encoder_weights=imagenet
2026-05-19 09:21:48,495 [Trainer] :: Resolved runtime device to cuda
2026-05-19 09:21:48,496 [Trainer] :: Prepared normalization from source=train_split_patch_stats
2026-05-19 09:22:01,542 [Trainer] :: Built dataloaders with batch_size=8, num_workers=0
2026-05-19 09:22:01,543 [Trainer] :: Starting epoch 1
2026-05-19 09:26:01,294 [Trainer] :: Completed epoch 1: train_loss=0.395174 train_iou=0.677027 val_loss=0.364135 val_iou=0.549133 lr=0.00010000
2026-05-19 09:26:01,598 [Trainer] :: Updated latest checkpoint at epoch 1
2026-05-19 09:26:01,978 [Trainer] :: New best checkpoint saved with val_iou=0.549133
2026-05-19 09:26:01,978 [Trainer] :: Starting epoch 2
2026-05-19 09:29:38,806 [Trainer] :: Completed epoch 2: train_loss=0.311254 train_iou=0.744512 val_loss=0.335659 val_iou=0.589567 lr=0.00009999
2026-05-19 09:29:39,158 [Trainer] :: Updated latest checkpoint at epoch 2
2026-05-19 09:29:39,535 [Trainer] :: New best checkpoint saved with val_iou=0.589567
2026-05-19 09:29:39,535 [Trainer] :: Starting epoch 3
2026-05-19 09:34:20,255 [Trainer] :: Completed epoch 3: train_loss=0.291097 train_iou=0.760792 val_loss=0.336275 val_iou=0.557118 lr=0.00009998
2026-05-19 09:34:20,602 [Trainer] :: Updated latest checkpoint at epoch 3
2026-05-19 09:34:20,602 [Trainer] :: No validation IoU improvement for 1 epoch(s)
2026-05-19 09:34:20,602 [Trainer] :: Starting epoch 4
2026-05-19 09:38:47,015 [Trainer] :: Completed epoch 4: train_loss=0.261639 train_iou=0.788569 val_loss=0.314612 val_iou=0.617809 lr=0.00009996
2026-05-19 09:38:47,462 [Trainer] :: Updated latest checkpoint at epoch 4
2026-05-19 09:38:48,301 [Trainer] :: New best checkpoint saved with val_iou=0.617809
2026-05-19 09:38:48,301 [Trainer] :: Starting epoch 5
2026-05-19 09:43:10,255 [Trainer] :: Completed epoch 5: train_loss=0.250587 train_iou=0.793836 val_loss=0.312325 val_iou=0.597570 lr=0.00009993
2026-05-19 09:43:10,735 [Trainer] :: Updated latest checkpoint at epoch 5
2026-05-19 09:43:10,736 [Trainer] :: No validation IoU improvement for 1 epoch(s)
2026-05-19 09:43:10,736 [Trainer] :: Starting epoch 6
2026-05-19 09:47:23,276 [Trainer] :: Completed epoch 6: train_loss=0.235414 train_iou=0.809916 val_loss=0.319847 val_iou=0.580569 lr=0.00009990
2026-05-19 09:47:23,865 [Trainer] :: Updated latest checkpoint at epoch 6
2026-05-19 09:47:23,865 [Trainer] :: No validation IoU improvement for 2 epoch(s)
2026-05-19 09:47:23,865 [Trainer] :: Starting epoch 7
2026-05-19 09:51:29,754 [Trainer] :: Completed epoch 7: train_loss=0.229882 train_iou=0.810048 val_loss=0.323408 val_iou=0.567282 lr=0.00009987
2026-05-19 09:51:30,406 [Trainer] :: Updated latest checkpoint at epoch 7
2026-05-19 09:51:30,406 [Trainer] :: No validation IoU improvement for 3 epoch(s)
2026-05-19 09:51:30,406 [Trainer] :: Starting epoch 8
2026-05-19 09:55:45,044 [Trainer] :: Completed epoch 8: train_loss=0.224704 train_iou=0.815256 val_loss=0.336879 val_iou=0.564447 lr=0.00009983
2026-05-19 09:55:45,405 [Trainer] :: Updated latest checkpoint at epoch 8
2026-05-19 09:55:45,405 [Trainer] :: No validation IoU improvement for 4 epoch(s)
2026-05-19 09:55:45,405 [Trainer] :: Starting epoch 9
2026-05-19 09:59:44,410 [Trainer] :: Completed epoch 9: train_loss=0.218576 train_iou=0.819349 val_loss=0.324893 val_iou=0.569856 lr=0.00009978
2026-05-19 09:59:44,885 [Trainer] :: Updated latest checkpoint at epoch 9
2026-05-19 09:59:44,885 [Trainer] :: No validation IoU improvement for 5 epoch(s)
2026-05-19 09:59:44,885 [Trainer] :: Starting epoch 10
2026-05-19 10:03:43,111 [Trainer] :: Completed epoch 10: train_loss=0.210200 train_iou=0.827522 val_loss=0.300345 val_iou=0.611969 lr=0.00009973
2026-05-19 10:03:43,444 [Trainer] :: Updated latest checkpoint at epoch 10
2026-05-19 10:03:43,444 [Trainer] :: No validation IoU improvement for 6 epoch(s)
2026-05-19 10:03:43,444 [Trainer] :: Starting epoch 11
2026-05-19 10:07:42,430 [Trainer] :: Completed epoch 11: train_loss=0.209245 train_iou=0.827909 val_loss=0.299910 val_iou=0.622469 lr=0.00009967
2026-05-19 10:07:42,843 [Trainer] :: Updated latest checkpoint at epoch 11
2026-05-19 10:07:43,188 [Trainer] :: New best checkpoint saved with val_iou=0.622469
2026-05-19 10:07:43,188 [Trainer] :: Starting epoch 12
2026-05-19 10:11:46,335 [Trainer] :: Completed epoch 12: train_loss=0.199516 train_iou=0.833799 val_loss=0.303751 val_iou=0.620076 lr=0.00009961
2026-05-19 10:11:46,803 [Trainer] :: Updated latest checkpoint at epoch 12
2026-05-19 10:11:46,803 [Trainer] :: No validation IoU improvement for 1 epoch(s)
2026-05-19 10:11:46,803 [Trainer] :: Starting epoch 13
2026-05-19 10:15:53,533 [Trainer] :: Completed epoch 13: train_loss=0.193501 train_iou=0.837880 val_loss=0.322727 val_iou=0.604571 lr=0.00009954
2026-05-19 10:15:54,010 [Trainer] :: Updated latest checkpoint at epoch 13
2026-05-19 10:15:54,011 [Trainer] :: No validation IoU improvement for 2 epoch(s)
2026-05-19 10:15:54,011 [Trainer] :: Starting epoch 14
2026-05-19 10:19:43,469 [Trainer] :: Completed epoch 14: train_loss=0.186169 train_iou=0.838745 val_loss=0.397702 val_iou=0.501308 lr=0.00009947
2026-05-19 10:19:43,940 [Trainer] :: Updated latest checkpoint at epoch 14
2026-05-19 10:19:43,940 [Trainer] :: No validation IoU improvement for 3 epoch(s)
2026-05-19 10:19:43,940 [Trainer] :: Starting epoch 15
2026-05-19 10:23:42,439 [Trainer] :: Completed epoch 15: train_loss=0.177411 train_iou=0.847021 val_loss=0.337413 val_iou=0.586643 lr=0.00009939
2026-05-19 10:23:42,850 [Trainer] :: Updated latest checkpoint at epoch 15
2026-05-19 10:23:42,850 [Trainer] :: No validation IoU improvement for 4 epoch(s)
2026-05-19 10:23:42,851 [Trainer] :: Starting epoch 16
2026-05-19 10:27:43,034 [Trainer] :: Completed epoch 16: train_loss=0.176833 train_iou=0.843651 val_loss=0.313352 val_iou=0.580083 lr=0.00009931
2026-05-19 10:27:43,445 [Trainer] :: Updated latest checkpoint at epoch 16
2026-05-19 10:27:43,445 [Trainer] :: No validation IoU improvement for 5 epoch(s)
2026-05-19 10:27:43,445 [Trainer] :: Starting epoch 17
2026-05-19 10:31:49,636 [Trainer] :: Completed epoch 17: train_loss=0.165946 train_iou=0.854244 val_loss=0.354169 val_iou=0.576449 lr=0.00009922
2026-05-19 10:31:50,114 [Trainer] :: Updated latest checkpoint at epoch 17
2026-05-19 10:31:50,115 [Trainer] :: No validation IoU improvement for 6 epoch(s)
2026-05-19 10:31:50,115 [Trainer] :: Starting epoch 18
2026-05-19 10:35:56,358 [Trainer] :: Completed epoch 18: train_loss=0.169346 train_iou=0.848787 val_loss=0.332238 val_iou=0.552815 lr=0.00009912
2026-05-19 10:35:56,710 [Trainer] :: Updated latest checkpoint at epoch 18
2026-05-19 10:35:56,710 [Trainer] :: No validation IoU improvement for 7 epoch(s)
2026-05-19 10:35:56,710 [Trainer] :: Starting epoch 19
2026-05-19 10:40:10,960 [Trainer] :: Completed epoch 19: train_loss=0.161146 train_iou=0.855676 val_loss=0.327007 val_iou=0.590901 lr=0.00009902
2026-05-19 10:40:11,262 [Trainer] :: Updated latest checkpoint at epoch 19
2026-05-19 10:40:11,262 [Trainer] :: No validation IoU improvement for 8 epoch(s)
2026-05-19 10:40:11,262 [Trainer] :: Starting epoch 20
2026-05-19 10:43:58,360 [Trainer] :: Completed epoch 20: train_loss=0.154998 train_iou=0.861561 val_loss=0.335218 val_iou=0.600107 lr=0.00009892
2026-05-19 10:43:58,658 [Trainer] :: Updated latest checkpoint at epoch 20
2026-05-19 10:43:58,658 [Trainer] :: No validation IoU improvement for 9 epoch(s)
2026-05-19 10:43:58,658 [Trainer] :: Starting epoch 21
2026-05-19 10:47:35,027 [Trainer] :: Completed epoch 21: train_loss=0.151041 train_iou=0.862016 val_loss=0.370107 val_iou=0.554379 lr=0.00009881
2026-05-19 10:47:35,518 [Trainer] :: Updated latest checkpoint at epoch 21
2026-05-19 10:47:35,519 [Trainer] :: No validation IoU improvement for 10 epoch(s)
2026-05-19 10:47:35,519 [Trainer] :: Starting epoch 22
2026-05-19 10:51:11,542 [Trainer] :: Completed epoch 22: train_loss=0.145208 train_iou=0.869083 val_loss=0.366414 val_iou=0.547271 lr=0.00009869
2026-05-19 10:51:11,871 [Trainer] :: Updated latest checkpoint at epoch 22
2026-05-19 10:51:11,872 [Trainer] :: No validation IoU improvement for 11 epoch(s)
2026-05-19 10:51:11,872 [Trainer] :: Starting epoch 23
2026-05-19 10:54:43,393 [Trainer] :: Completed epoch 23: train_loss=0.142141 train_iou=0.868777 val_loss=0.346756 val_iou=0.559292 lr=0.00009857
2026-05-19 10:54:43,720 [Trainer] :: Updated latest checkpoint at epoch 23
2026-05-19 10:54:43,720 [Trainer] :: No validation IoU improvement for 12 epoch(s)
2026-05-19 10:54:43,720 [Trainer] :: Starting epoch 24
2026-05-19 10:58:16,293 [Trainer] :: Completed epoch 24: train_loss=0.137505 train_iou=0.871270 val_loss=0.350244 val_iou=0.548481 lr=0.00009844
2026-05-19 10:58:16,816 [Trainer] :: Updated latest checkpoint at epoch 24
2026-05-19 10:58:16,816 [Trainer] :: No validation IoU improvement for 13 epoch(s)
2026-05-19 10:58:16,816 [Trainer] :: Starting epoch 25
2026-05-19 11:01:53,986 [Trainer] :: Completed epoch 25: train_loss=0.136174 train_iou=0.874772 val_loss=0.350514 val_iou=0.557482 lr=0.00009831
2026-05-19 11:01:54,282 [Trainer] :: Updated latest checkpoint at epoch 25
2026-05-19 11:01:54,282 [Trainer] :: No validation IoU improvement for 14 epoch(s)
2026-05-19 11:01:54,282 [Trainer] :: Starting epoch 26
2026-05-19 11:05:34,351 [Trainer] :: Completed epoch 26: train_loss=0.135241 train_iou=0.875387 val_loss=0.337648 val_iou=0.567522 lr=0.00009818
2026-05-19 11:05:34,659 [Trainer] :: Updated latest checkpoint at epoch 26
2026-05-19 11:05:34,659 [Trainer] :: No validation IoU improvement for 15 epoch(s)
2026-05-19 11:05:34,659 [Trainer] :: Starting epoch 27
2026-05-19 11:09:12,700 [Trainer] :: Completed epoch 27: train_loss=0.130847 train_iou=0.880935 val_loss=0.335777 val_iou=0.589422 lr=0.00009803
2026-05-19 11:09:13,521 [Trainer] :: Updated latest checkpoint at epoch 27
2026-05-19 11:09:13,522 [Trainer] :: No validation IoU improvement for 16 epoch(s)
2026-05-19 11:09:13,522 [Trainer] :: Starting epoch 28
2026-05-19 11:12:59,089 [Trainer] :: Completed epoch 28: train_loss=0.126249 train_iou=0.881828 val_loss=0.333922 val_iou=0.575430 lr=0.00009789
2026-05-19 11:12:59,515 [Trainer] :: Updated latest checkpoint at epoch 28
2026-05-19 11:12:59,515 [Trainer] :: No validation IoU improvement for 17 epoch(s)
2026-05-19 11:12:59,515 [Trainer] :: Starting epoch 29
2026-05-19 11:16:44,956 [Trainer] :: Completed epoch 29: train_loss=0.127188 train_iou=0.880633 val_loss=0.334017 val_iou=0.591215 lr=0.00009773
2026-05-19 11:16:45,318 [Trainer] :: Updated latest checkpoint at epoch 29
2026-05-19 11:16:45,318 [Trainer] :: No validation IoU improvement for 18 epoch(s)
2026-05-19 11:16:45,318 [Trainer] :: Starting epoch 30
2026-05-19 11:20:21,260 [Trainer] :: Completed epoch 30: train_loss=0.123736 train_iou=0.884524 val_loss=0.336049 val_iou=0.589541 lr=0.00009758
2026-05-19 11:20:21,641 [Trainer] :: Updated latest checkpoint at epoch 30
2026-05-19 11:20:21,641 [Trainer] :: No validation IoU improvement for 19 epoch(s)
2026-05-19 11:20:21,641 [Trainer] :: Starting epoch 31
2026-05-19 11:24:02,215 [Trainer] :: Completed epoch 31: train_loss=0.119416 train_iou=0.889343 val_loss=0.350488 val_iou=0.567019 lr=0.00009741
2026-05-19 11:24:02,527 [Trainer] :: Updated latest checkpoint at epoch 31
2026-05-19 11:24:02,528 [Trainer] :: No validation IoU improvement for 20 epoch(s)
2026-05-19 11:24:02,528 [Trainer] :: Starting epoch 32
2026-05-19 11:27:43,804 [Trainer] :: Completed epoch 32: train_loss=0.121472 train_iou=0.886050 val_loss=0.324519 val_iou=0.609740 lr=0.00009725
2026-05-19 11:27:44,296 [Trainer] :: Updated latest checkpoint at epoch 32
2026-05-19 11:27:44,296 [Trainer] :: No validation IoU improvement for 21 epoch(s)
2026-05-19 11:27:44,296 [Trainer] :: Starting epoch 33
2026-05-19 11:31:20,957 [Trainer] :: Completed epoch 33: train_loss=0.118602 train_iou=0.889402 val_loss=0.343695 val_iou=0.561512 lr=0.00009707
2026-05-19 11:31:21,519 [Trainer] :: Updated latest checkpoint at epoch 33
2026-05-19 11:31:21,519 [Trainer] :: No validation IoU improvement for 22 epoch(s)
2026-05-19 11:31:21,519 [Trainer] :: Starting epoch 34
2026-05-19 11:34:59,598 [Trainer] :: Completed epoch 34: train_loss=0.115810 train_iou=0.893323 val_loss=0.370479 val_iou=0.579393 lr=0.00009690
2026-05-19 11:35:00,280 [Trainer] :: Updated latest checkpoint at epoch 34
2026-05-19 11:35:00,280 [Trainer] :: No validation IoU improvement for 23 epoch(s)
2026-05-19 11:35:00,280 [Trainer] :: Starting epoch 35
2026-05-19 11:38:34,328 [Trainer] :: Completed epoch 35: train_loss=0.109966 train_iou=0.895557 val_loss=0.373568 val_iou=0.544624 lr=0.00009671
2026-05-19 11:38:34,632 [Trainer] :: Updated latest checkpoint at epoch 35
2026-05-19 11:38:34,632 [Trainer] :: No validation IoU improvement for 24 epoch(s)
2026-05-19 11:38:34,632 [Trainer] :: Starting epoch 36
2026-05-19 11:42:10,085 [Trainer] :: Completed epoch 36: train_loss=0.111635 train_iou=0.896362 val_loss=0.362775 val_iou=0.564854 lr=0.00009652
2026-05-19 11:42:10,388 [Trainer] :: Updated latest checkpoint at epoch 36
2026-05-19 11:42:10,389 [Trainer] :: No validation IoU improvement for 25 epoch(s)
2026-05-19 11:42:10,389 [Trainer] :: Starting epoch 37
2026-05-19 11:45:46,284 [Trainer] :: Completed epoch 37: train_loss=0.109016 train_iou=0.896422 val_loss=0.371153 val_iou=0.584322 lr=0.00009633
2026-05-19 11:45:46,665 [Trainer] :: Updated latest checkpoint at epoch 37
2026-05-19 11:45:46,665 [Trainer] :: No validation IoU improvement for 26 epoch(s)
2026-05-19 11:45:46,665 [Trainer] :: Starting epoch 38
2026-05-19 11:49:34,030 [Trainer] :: Completed epoch 38: train_loss=0.108202 train_iou=0.898525 val_loss=0.421694 val_iou=0.489274 lr=0.00009613
2026-05-19 11:49:34,383 [Trainer] :: Updated latest checkpoint at epoch 38
2026-05-19 11:49:34,383 [Trainer] :: No validation IoU improvement for 27 epoch(s)
2026-05-19 11:49:34,383 [Trainer] :: Starting epoch 39
2026-05-19 11:53:28,215 [Trainer] :: Completed epoch 39: train_loss=0.105110 train_iou=0.903312 val_loss=0.360065 val_iou=0.553646 lr=0.00009593
2026-05-19 11:53:28,632 [Trainer] :: Updated latest checkpoint at epoch 39
2026-05-19 11:53:28,632 [Trainer] :: No validation IoU improvement for 28 epoch(s)
2026-05-19 11:53:28,632 [Trainer] :: Starting epoch 40
2026-05-19 11:57:12,998 [Trainer] :: Completed epoch 40: train_loss=0.105166 train_iou=0.901502 val_loss=0.373963 val_iou=0.570648 lr=0.00009572
2026-05-19 11:57:13,354 [Trainer] :: Updated latest checkpoint at epoch 40
2026-05-19 11:57:13,354 [Trainer] :: No validation IoU improvement for 29 epoch(s)
2026-05-19 11:57:13,354 [Trainer] :: Starting epoch 41
2026-05-19 12:01:02,016 [Trainer] :: Completed epoch 41: train_loss=0.102514 train_iou=0.902249 val_loss=0.370565 val_iou=0.556574 lr=0.00009551
2026-05-19 12:01:02,339 [Trainer] :: Updated latest checkpoint at epoch 41
2026-05-19 12:01:02,340 [Trainer] :: No validation IoU improvement for 30 epoch(s)
2026-05-19 12:01:02,340 [Trainer] :: Starting epoch 42
2026-05-19 12:04:43,778 [Trainer] :: Completed epoch 42: train_loss=0.103111 train_iou=0.902499 val_loss=0.353690 val_iou=0.587456 lr=0.00009529
2026-05-19 12:04:44,180 [Trainer] :: Updated latest checkpoint at epoch 42
2026-05-19 12:04:44,181 [Trainer] :: No validation IoU improvement for 31 epoch(s)
2026-05-19 12:04:44,181 [Trainer] :: Starting epoch 43
2026-05-19 12:08:26,062 [Trainer] :: Completed epoch 43: train_loss=0.100689 train_iou=0.905220 val_loss=0.358879 val_iou=0.578609 lr=0.00009507
2026-05-19 12:08:26,572 [Trainer] :: Updated latest checkpoint at epoch 43
2026-05-19 12:08:26,572 [Trainer] :: No validation IoU improvement for 32 epoch(s)
2026-05-19 12:08:26,572 [Trainer] :: Starting epoch 44
2026-05-19 12:12:07,886 [Trainer] :: Completed epoch 44: train_loss=0.098659 train_iou=0.907856 val_loss=0.331479 val_iou=0.597346 lr=0.00009484
2026-05-19 12:12:08,218 [Trainer] :: Updated latest checkpoint at epoch 44
2026-05-19 12:12:08,218 [Trainer] :: No validation IoU improvement for 33 epoch(s)
2026-05-19 12:12:08,218 [Trainer] :: Starting epoch 45
2026-05-19 12:15:49,560 [Trainer] :: Completed epoch 45: train_loss=0.094861 train_iou=0.910515 val_loss=0.362633 val_iou=0.601508 lr=0.00009460
2026-05-19 12:15:49,858 [Trainer] :: Updated latest checkpoint at epoch 45
2026-05-19 12:15:49,858 [Trainer] :: No validation IoU improvement for 34 epoch(s)
2026-05-19 12:15:49,859 [Trainer] :: Starting epoch 46
2026-05-19 12:19:26,670 [Trainer] :: Completed epoch 46: train_loss=0.095595 train_iou=0.907992 val_loss=0.368792 val_iou=0.555029 lr=0.00009437
2026-05-19 12:19:27,032 [Trainer] :: Updated latest checkpoint at epoch 46
2026-05-19 12:19:27,032 [Trainer] :: No validation IoU improvement for 35 epoch(s)
2026-05-19 12:19:27,032 [Trainer] :: Starting epoch 47
2026-05-19 12:23:01,665 [Trainer] :: Completed epoch 47: train_loss=0.096461 train_iou=0.907946 val_loss=0.352879 val_iou=0.588459 lr=0.00009412
2026-05-19 12:23:02,508 [Trainer] :: Updated latest checkpoint at epoch 47
2026-05-19 12:23:02,508 [Trainer] :: No validation IoU improvement for 36 epoch(s)
2026-05-19 12:23:02,508 [Trainer] :: Starting epoch 48
2026-05-19 12:26:38,758 [Trainer] :: Completed epoch 48: train_loss=0.093934 train_iou=0.911054 val_loss=0.356095 val_iou=0.593182 lr=0.00009388
2026-05-19 12:26:39,150 [Trainer] :: Updated latest checkpoint at epoch 48
2026-05-19 12:26:39,150 [Trainer] :: No validation IoU improvement for 37 epoch(s)
2026-05-19 12:26:39,150 [Trainer] :: Starting epoch 49
2026-05-19 12:30:14,357 [Trainer] :: Completed epoch 49: train_loss=0.093049 train_iou=0.911231 val_loss=0.423651 val_iou=0.527847 lr=0.00009363
2026-05-19 12:30:14,832 [Trainer] :: Updated latest checkpoint at epoch 49
2026-05-19 12:30:14,832 [Trainer] :: No validation IoU improvement for 38 epoch(s)
2026-05-19 12:30:14,832 [Trainer] :: Starting epoch 50
2026-05-19 12:33:48,794 [Trainer] :: Completed epoch 50: train_loss=0.091062 train_iou=0.913707 val_loss=0.370459 val_iou=0.571412 lr=0.00009337
2026-05-19 12:33:49,304 [Trainer] :: Updated latest checkpoint at epoch 50
2026-05-19 12:33:49,304 [Trainer] :: No validation IoU improvement for 39 epoch(s)
2026-05-19 12:33:49,304 [Trainer] :: Starting epoch 51
2026-05-19 12:37:29,393 [Trainer] :: Completed epoch 51: train_loss=0.091146 train_iou=0.913195 val_loss=0.391423 val_iou=0.563863 lr=0.00009311
2026-05-19 12:37:29,682 [Trainer] :: Updated latest checkpoint at epoch 51
2026-05-19 12:37:29,682 [Trainer] :: No validation IoU improvement for 40 epoch(s)
2026-05-19 12:37:29,682 [Trainer] :: Starting epoch 52
2026-05-19 12:41:05,082 [Trainer] :: Completed epoch 52: train_loss=0.089846 train_iou=0.914594 val_loss=0.337980 val_iou=0.595480 lr=0.00009284
2026-05-19 12:41:05,383 [Trainer] :: Updated latest checkpoint at epoch 52
2026-05-19 12:41:05,383 [Trainer] :: No validation IoU improvement for 41 epoch(s)
2026-05-19 12:41:05,383 [Trainer] :: Starting epoch 53
2026-05-19 12:45:01,376 [Trainer] :: Completed epoch 53: train_loss=0.089961 train_iou=0.914885 val_loss=0.407750 val_iou=0.536538 lr=0.00009257
2026-05-19 12:45:01,830 [Trainer] :: Updated latest checkpoint at epoch 53
2026-05-19 12:45:01,830 [Trainer] :: No validation IoU improvement for 42 epoch(s)
2026-05-19 12:45:01,830 [Trainer] :: Starting epoch 54
2026-05-19 12:48:59,523 [Trainer] :: Completed epoch 54: train_loss=0.088201 train_iou=0.915745 val_loss=0.424395 val_iou=0.539017 lr=0.00009229
2026-05-19 12:48:59,843 [Trainer] :: Updated latest checkpoint at epoch 54
2026-05-19 12:48:59,843 [Trainer] :: No validation IoU improvement for 43 epoch(s)
2026-05-19 12:48:59,843 [Trainer] :: Starting epoch 55
2026-05-19 12:52:48,256 [Trainer] :: Completed epoch 55: train_loss=0.088004 train_iou=0.915944 val_loss=0.385663 val_iou=0.582036 lr=0.00009201
2026-05-19 12:52:48,606 [Trainer] :: Updated latest checkpoint at epoch 55
2026-05-19 12:52:48,606 [Trainer] :: No validation IoU improvement for 44 epoch(s)
2026-05-19 12:52:48,606 [Trainer] :: Starting epoch 56
2026-05-19 12:56:50,098 [Trainer] :: Completed epoch 56: train_loss=0.089743 train_iou=0.915928 val_loss=0.351338 val_iou=0.598878 lr=0.00009173
2026-05-19 12:56:50,436 [Trainer] :: Updated latest checkpoint at epoch 56
2026-05-19 12:56:50,436 [Trainer] :: No validation IoU improvement for 45 epoch(s)
2026-05-19 12:56:50,437 [Trainer] :: Starting epoch 57
2026-05-19 13:00:44,915 [Trainer] :: Completed epoch 57: train_loss=0.086644 train_iou=0.917119 val_loss=0.395131 val_iou=0.540912 lr=0.00009144
2026-05-19 13:00:45,235 [Trainer] :: Updated latest checkpoint at epoch 57
2026-05-19 13:00:45,235 [Trainer] :: No validation IoU improvement for 46 epoch(s)
2026-05-19 13:00:45,235 [Trainer] :: Starting epoch 58
2026-05-19 13:04:33,401 [Trainer] :: Completed epoch 58: train_loss=0.086393 train_iou=0.918781 val_loss=0.371662 val_iou=0.561694 lr=0.00009115
2026-05-19 13:04:33,699 [Trainer] :: Updated latest checkpoint at epoch 58
2026-05-19 13:04:33,699 [Trainer] :: No validation IoU improvement for 47 epoch(s)
2026-05-19 13:04:33,699 [Trainer] :: Starting epoch 59
2026-05-19 13:08:16,004 [Trainer] :: Completed epoch 59: train_loss=0.084546 train_iou=0.919745 val_loss=0.405983 val_iou=0.547368 lr=0.00009085
2026-05-19 13:08:16,368 [Trainer] :: Updated latest checkpoint at epoch 59
2026-05-19 13:08:16,369 [Trainer] :: No validation IoU improvement for 48 epoch(s)
2026-05-19 13:08:16,369 [Trainer] :: Starting epoch 60
2026-05-19 13:12:03,122 [Trainer] :: Completed epoch 60: train_loss=0.084169 train_iou=0.920519 val_loss=0.383680 val_iou=0.570692 lr=0.00009055
2026-05-19 13:12:03,437 [Trainer] :: Updated latest checkpoint at epoch 60
2026-05-19 13:12:03,437 [Trainer] :: No validation IoU improvement for 49 epoch(s)
2026-05-19 13:12:03,437 [Trainer] :: Starting epoch 61
2026-05-19 13:15:53,152 [Trainer] :: Completed epoch 61: train_loss=0.083269 train_iou=0.921326 val_loss=0.367684 val_iou=0.592164 lr=0.00009024
2026-05-19 13:15:53,574 [Trainer] :: Updated latest checkpoint at epoch 61
2026-05-19 13:15:53,574 [Trainer] :: No validation IoU improvement for 50 epoch(s)
2026-05-19 13:15:53,574 [Trainer] :: Starting epoch 62
2026-05-19 13:19:35,652 [Trainer] :: Completed epoch 62: train_loss=0.081835 train_iou=0.922266 val_loss=0.416197 val_iou=0.567526 lr=0.00008993
2026-05-19 13:19:36,059 [Trainer] :: Updated latest checkpoint at epoch 62
2026-05-19 13:19:36,059 [Trainer] :: No validation IoU improvement for 51 epoch(s)
2026-05-19 13:19:36,059 [Trainer] :: Starting epoch 63
2026-05-19 13:23:35,941 [Trainer] :: Completed epoch 63: train_loss=0.081600 train_iou=0.922131 val_loss=0.372857 val_iou=0.583788 lr=0.00008961
2026-05-19 13:23:36,403 [Trainer] :: Updated latest checkpoint at epoch 63
2026-05-19 13:23:36,403 [Trainer] :: No validation IoU improvement for 52 epoch(s)
2026-05-19 13:23:36,403 [Trainer] :: Starting epoch 64
2026-05-19 13:27:43,800 [Trainer] :: Completed epoch 64: train_loss=0.081287 train_iou=0.923742 val_loss=0.390615 val_iou=0.556496 lr=0.00008929
2026-05-19 13:27:44,191 [Trainer] :: Updated latest checkpoint at epoch 64
2026-05-19 13:27:44,191 [Trainer] :: No validation IoU improvement for 53 epoch(s)
2026-05-19 13:27:44,191 [Trainer] :: Starting epoch 65
2026-05-19 13:31:30,640 [Trainer] :: Completed epoch 65: train_loss=0.079729 train_iou=0.923728 val_loss=0.374481 val_iou=0.581727 lr=0.00008897
2026-05-19 13:31:30,948 [Trainer] :: Updated latest checkpoint at epoch 65
2026-05-19 13:31:30,948 [Trainer] :: No validation IoU improvement for 54 epoch(s)
2026-05-19 13:31:30,949 [Trainer] :: Starting epoch 66
2026-05-19 13:35:20,277 [Trainer] :: Completed epoch 66: train_loss=0.080237 train_iou=0.924031 val_loss=0.469729 val_iou=0.548116 lr=0.00008864
2026-05-19 13:35:20,621 [Trainer] :: Updated latest checkpoint at epoch 66
2026-05-19 13:35:20,621 [Trainer] :: No validation IoU improvement for 55 epoch(s)
2026-05-19 13:35:20,621 [Trainer] :: Starting epoch 67
2026-05-19 13:39:14,869 [Trainer] :: Completed epoch 67: train_loss=0.079252 train_iou=0.924363 val_loss=0.364053 val_iou=0.598852 lr=0.00008831
2026-05-19 13:39:15,178 [Trainer] :: Updated latest checkpoint at epoch 67
2026-05-19 13:39:15,178 [Trainer] :: No validation IoU improvement for 56 epoch(s)
2026-05-19 13:39:15,178 [Trainer] :: Starting epoch 68
2026-05-19 13:43:00,499 [Trainer] :: Completed epoch 68: train_loss=0.075637 train_iou=0.927135 val_loss=0.390247 val_iou=0.594643 lr=0.00008797
2026-05-19 13:43:00,800 [Trainer] :: Updated latest checkpoint at epoch 68
2026-05-19 13:43:00,800 [Trainer] :: No validation IoU improvement for 57 epoch(s)
2026-05-19 13:43:00,800 [Trainer] :: Starting epoch 69
2026-05-19 13:46:41,899 [Trainer] :: Completed epoch 69: train_loss=0.076804 train_iou=0.926539 val_loss=0.361242 val_iou=0.592858 lr=0.00008763
2026-05-19 13:46:42,305 [Trainer] :: Updated latest checkpoint at epoch 69
2026-05-19 13:46:42,306 [Trainer] :: No validation IoU improvement for 58 epoch(s)
2026-05-19 13:46:42,306 [Trainer] :: Starting epoch 70
2026-05-19 13:50:24,384 [Trainer] :: Completed epoch 70: train_loss=0.077517 train_iou=0.926234 val_loss=0.364711 val_iou=0.608019 lr=0.00008729
2026-05-19 13:50:24,734 [Trainer] :: Updated latest checkpoint at epoch 70
2026-05-19 13:50:24,734 [Trainer] :: No validation IoU improvement for 59 epoch(s)
2026-05-19 13:50:24,734 [Trainer] :: Starting epoch 71
2026-05-19 13:54:01,199 [Trainer] :: Completed epoch 71: train_loss=0.077217 train_iou=0.926307 val_loss=0.378169 val_iou=0.602642 lr=0.00008694
2026-05-19 13:54:01,501 [Trainer] :: Updated latest checkpoint at epoch 71
2026-05-19 13:54:01,501 [Trainer] :: No validation IoU improvement for 60 epoch(s)
2026-05-19 13:54:01,501 [Trainer] :: Early stopping triggered after 60 epoch(s) without improvement
2026-05-19 13:59:18,896 [Trainer] :: Wrote training history to outputs/runs/real_msi_deeplabv3plus_resnet34_fuzzy_halo_seed46_20260519T072147Z/metrics/history.json
2026-05-19 13:59:18,900 [Trainer] :: Wrote test summary to outputs/runs/real_msi_deeplabv3plus_resnet34_fuzzy_halo_seed46_20260519T072147Z/metrics/test_summary.json
2026-05-19 13:59:18,900 [Trainer] :: Training completed
