2026-05-15 22:45:54,000 [Trainer] :: Training run initialized at /ceph/home/student.aau.dk/qd36zu/fuzzy-p10/tbd/masking/outputs/runs/real_msi_deeplabv3plus_resnet50_seed46_20260515T204553Z
2026-05-15 22:45:54,000 [Trainer] :: Loaded config from /ceph/home/student.aau.dk/qd36zu/fuzzy-p10/tbd/masking/configs/binary/real_msi_deeplabv3plus_resnet50.yaml
2026-05-15 22:45:54,000 [Trainer] :: Using seed=46 and device=None
2026-05-15 22:45:54,000 [Trainer] :: Using model architecture=DeepLabV3Plus encoder=resnet50 encoder_weights=imagenet
2026-05-15 22:45:54,361 [Trainer] :: Resolved runtime device to cuda
2026-05-15 22:45:54,361 [Trainer] :: Prepared normalization from source=train_split_patch_stats
2026-05-15 22:46:06,382 [Trainer] :: Built dataloaders with batch_size=8, num_workers=0
2026-05-15 22:46:06,383 [Trainer] :: Starting epoch 1
2026-05-15 22:53:39,513 [Trainer] :: Completed epoch 1: train_loss=0.412332 train_iou=0.634108 val_loss=0.361894 val_iou=0.537496 lr=0.00010000
2026-05-15 22:53:40,056 [Trainer] :: Updated latest checkpoint at epoch 1
2026-05-15 22:53:40,515 [Trainer] :: New best checkpoint saved with val_iou=0.537496
2026-05-15 22:53:40,516 [Trainer] :: Starting epoch 2
2026-05-15 22:55:38,843 [Trainer] :: Completed epoch 2: train_loss=0.315460 train_iou=0.721727 val_loss=0.370264 val_iou=0.498969 lr=0.00009999
2026-05-15 22:55:39,400 [Trainer] :: Updated latest checkpoint at epoch 2
2026-05-15 22:55:39,400 [Trainer] :: No validation IoU improvement for 1 epoch(s)
2026-05-15 22:55:39,400 [Trainer] :: Starting epoch 3
2026-05-15 22:57:36,406 [Trainer] :: Completed epoch 3: train_loss=0.280518 train_iou=0.754854 val_loss=0.306564 val_iou=0.582016 lr=0.00009998
2026-05-15 22:57:36,846 [Trainer] :: Updated latest checkpoint at epoch 3
2026-05-15 22:57:37,231 [Trainer] :: New best checkpoint saved with val_iou=0.582016
2026-05-15 22:57:37,231 [Trainer] :: Starting epoch 4
2026-05-15 22:59:41,629 [Trainer] :: Completed epoch 4: train_loss=0.264129 train_iou=0.765110 val_loss=0.303489 val_iou=0.578896 lr=0.00009996
2026-05-15 22:59:42,251 [Trainer] :: Updated latest checkpoint at epoch 4
2026-05-15 22:59:42,251 [Trainer] :: No validation IoU improvement for 1 epoch(s)
2026-05-15 22:59:42,251 [Trainer] :: Starting epoch 5
2026-05-15 23:01:37,242 [Trainer] :: Completed epoch 5: train_loss=0.252429 train_iou=0.774045 val_loss=0.282578 val_iou=0.603360 lr=0.00009993
2026-05-15 23:01:37,593 [Trainer] :: Updated latest checkpoint at epoch 5
2026-05-15 23:01:37,919 [Trainer] :: New best checkpoint saved with val_iou=0.603360
2026-05-15 23:01:37,919 [Trainer] :: Starting epoch 6
2026-05-15 23:03:23,518 [Trainer] :: Completed epoch 6: train_loss=0.233670 train_iou=0.790491 val_loss=0.306335 val_iou=0.578409 lr=0.00009990
2026-05-15 23:03:23,850 [Trainer] :: Updated latest checkpoint at epoch 6
2026-05-15 23:03:23,850 [Trainer] :: No validation IoU improvement for 1 epoch(s)
2026-05-15 23:03:23,850 [Trainer] :: Starting epoch 7
2026-05-15 23:05:13,911 [Trainer] :: Completed epoch 7: train_loss=0.226182 train_iou=0.795399 val_loss=0.290252 val_iou=0.595867 lr=0.00009987
2026-05-15 23:05:14,443 [Trainer] :: Updated latest checkpoint at epoch 7
2026-05-15 23:05:14,443 [Trainer] :: No validation IoU improvement for 2 epoch(s)
2026-05-15 23:05:14,443 [Trainer] :: Starting epoch 8
2026-05-15 23:07:06,854 [Trainer] :: Completed epoch 8: train_loss=0.219118 train_iou=0.801962 val_loss=0.301766 val_iou=0.589700 lr=0.00009983
2026-05-15 23:07:07,208 [Trainer] :: Updated latest checkpoint at epoch 8
2026-05-15 23:07:07,208 [Trainer] :: No validation IoU improvement for 3 epoch(s)
2026-05-15 23:07:07,208 [Trainer] :: Starting epoch 9
2026-05-15 23:08:55,820 [Trainer] :: Completed epoch 9: train_loss=0.211296 train_iou=0.808094 val_loss=0.315226 val_iou=0.562334 lr=0.00009978
2026-05-15 23:08:56,203 [Trainer] :: Updated latest checkpoint at epoch 9
2026-05-15 23:08:56,203 [Trainer] :: No validation IoU improvement for 4 epoch(s)
2026-05-15 23:08:56,203 [Trainer] :: Starting epoch 10
2026-05-15 23:10:53,615 [Trainer] :: Completed epoch 10: train_loss=0.200310 train_iou=0.815882 val_loss=0.286834 val_iou=0.597457 lr=0.00009973
2026-05-15 23:10:53,999 [Trainer] :: Updated latest checkpoint at epoch 10
2026-05-15 23:10:54,000 [Trainer] :: No validation IoU improvement for 5 epoch(s)
2026-05-15 23:10:54,000 [Trainer] :: Starting epoch 11
2026-05-15 23:12:43,175 [Trainer] :: Completed epoch 11: train_loss=0.197897 train_iou=0.816752 val_loss=0.295697 val_iou=0.594375 lr=0.00009967
2026-05-15 23:12:43,797 [Trainer] :: Updated latest checkpoint at epoch 11
2026-05-15 23:12:43,797 [Trainer] :: No validation IoU improvement for 6 epoch(s)
2026-05-15 23:12:43,797 [Trainer] :: Starting epoch 12
2026-05-15 23:14:36,083 [Trainer] :: Completed epoch 12: train_loss=0.188864 train_iou=0.822652 val_loss=0.303038 val_iou=0.584599 lr=0.00009961
2026-05-15 23:14:36,415 [Trainer] :: Updated latest checkpoint at epoch 12
2026-05-15 23:14:36,415 [Trainer] :: No validation IoU improvement for 7 epoch(s)
2026-05-15 23:14:36,415 [Trainer] :: Starting epoch 13
2026-05-15 23:16:31,273 [Trainer] :: Completed epoch 13: train_loss=0.187040 train_iou=0.820895 val_loss=0.349553 val_iou=0.517022 lr=0.00009954
2026-05-15 23:16:31,636 [Trainer] :: Updated latest checkpoint at epoch 13
2026-05-15 23:16:31,636 [Trainer] :: No validation IoU improvement for 8 epoch(s)
2026-05-15 23:16:31,636 [Trainer] :: Starting epoch 14
2026-05-15 23:18:23,786 [Trainer] :: Completed epoch 14: train_loss=0.176161 train_iou=0.830708 val_loss=0.297840 val_iou=0.591237 lr=0.00009947
2026-05-15 23:18:24,196 [Trainer] :: Updated latest checkpoint at epoch 14
2026-05-15 23:18:24,196 [Trainer] :: No validation IoU improvement for 9 epoch(s)
2026-05-15 23:18:24,196 [Trainer] :: Starting epoch 15
2026-05-15 23:20:22,314 [Trainer] :: Completed epoch 15: train_loss=0.169480 train_iou=0.835984 val_loss=0.356899 val_iou=0.524126 lr=0.00009939
2026-05-15 23:20:22,797 [Trainer] :: Updated latest checkpoint at epoch 15
2026-05-15 23:20:22,797 [Trainer] :: No validation IoU improvement for 10 epoch(s)
2026-05-15 23:20:22,797 [Trainer] :: Starting epoch 16
2026-05-15 23:22:18,463 [Trainer] :: Completed epoch 16: train_loss=0.165077 train_iou=0.837661 val_loss=0.305219 val_iou=0.581747 lr=0.00009931
2026-05-15 23:22:18,816 [Trainer] :: Updated latest checkpoint at epoch 16
2026-05-15 23:22:18,816 [Trainer] :: No validation IoU improvement for 11 epoch(s)
2026-05-15 23:22:18,816 [Trainer] :: Starting epoch 17
2026-05-15 23:24:13,156 [Trainer] :: Completed epoch 17: train_loss=0.156011 train_iou=0.844068 val_loss=0.305565 val_iou=0.585269 lr=0.00009922
2026-05-15 23:24:13,525 [Trainer] :: Updated latest checkpoint at epoch 17
2026-05-15 23:24:13,525 [Trainer] :: No validation IoU improvement for 12 epoch(s)
2026-05-15 23:24:13,525 [Trainer] :: Starting epoch 18
2026-05-15 23:26:09,073 [Trainer] :: Completed epoch 18: train_loss=0.156356 train_iou=0.846141 val_loss=0.303825 val_iou=0.578462 lr=0.00009912
2026-05-15 23:26:09,694 [Trainer] :: Updated latest checkpoint at epoch 18
2026-05-15 23:26:09,694 [Trainer] :: No validation IoU improvement for 13 epoch(s)
2026-05-15 23:26:09,694 [Trainer] :: Starting epoch 19
2026-05-15 23:28:00,170 [Trainer] :: Completed epoch 19: train_loss=0.149132 train_iou=0.852556 val_loss=0.326570 val_iou=0.557465 lr=0.00009902
2026-05-15 23:28:00,533 [Trainer] :: Updated latest checkpoint at epoch 19
2026-05-15 23:28:00,533 [Trainer] :: No validation IoU improvement for 14 epoch(s)
2026-05-15 23:28:00,533 [Trainer] :: Starting epoch 20
2026-05-15 23:29:51,570 [Trainer] :: Completed epoch 20: train_loss=0.146537 train_iou=0.851932 val_loss=0.300518 val_iou=0.594359 lr=0.00009892
2026-05-15 23:29:51,911 [Trainer] :: Updated latest checkpoint at epoch 20
2026-05-15 23:29:51,911 [Trainer] :: No validation IoU improvement for 15 epoch(s)
2026-05-15 23:29:51,911 [Trainer] :: Starting epoch 21
2026-05-15 23:31:46,657 [Trainer] :: Completed epoch 21: train_loss=0.137586 train_iou=0.860955 val_loss=0.308555 val_iou=0.581858 lr=0.00009881
2026-05-15 23:31:47,005 [Trainer] :: Updated latest checkpoint at epoch 21
2026-05-15 23:31:47,005 [Trainer] :: No validation IoU improvement for 16 epoch(s)
2026-05-15 23:31:47,005 [Trainer] :: Starting epoch 22
2026-05-15 23:33:33,253 [Trainer] :: Completed epoch 22: train_loss=0.138768 train_iou=0.859295 val_loss=0.294826 val_iou=0.598572 lr=0.00009869
2026-05-15 23:33:33,647 [Trainer] :: Updated latest checkpoint at epoch 22
2026-05-15 23:33:33,647 [Trainer] :: No validation IoU improvement for 17 epoch(s)
2026-05-15 23:33:33,647 [Trainer] :: Starting epoch 23
2026-05-15 23:35:24,719 [Trainer] :: Completed epoch 23: train_loss=0.133358 train_iou=0.865161 val_loss=0.305779 val_iou=0.592007 lr=0.00009857
2026-05-15 23:35:25,092 [Trainer] :: Updated latest checkpoint at epoch 23
2026-05-15 23:35:25,092 [Trainer] :: No validation IoU improvement for 18 epoch(s)
2026-05-15 23:35:25,092 [Trainer] :: Starting epoch 24
2026-05-15 23:37:11,700 [Trainer] :: Completed epoch 24: train_loss=0.131789 train_iou=0.866643 val_loss=0.323187 val_iou=0.552359 lr=0.00009844
2026-05-15 23:37:12,100 [Trainer] :: Updated latest checkpoint at epoch 24
2026-05-15 23:37:12,100 [Trainer] :: No validation IoU improvement for 19 epoch(s)
2026-05-15 23:37:12,100 [Trainer] :: Starting epoch 25
2026-05-15 23:38:59,391 [Trainer] :: Completed epoch 25: train_loss=0.127360 train_iou=0.869109 val_loss=0.294712 val_iou=0.593558 lr=0.00009831
2026-05-15 23:38:59,828 [Trainer] :: Updated latest checkpoint at epoch 25
2026-05-15 23:38:59,828 [Trainer] :: No validation IoU improvement for 20 epoch(s)
2026-05-15 23:38:59,828 [Trainer] :: Starting epoch 26
2026-05-15 23:40:49,256 [Trainer] :: Completed epoch 26: train_loss=0.119359 train_iou=0.878207 val_loss=0.311863 val_iou=0.563680 lr=0.00009818
2026-05-15 23:40:49,652 [Trainer] :: Updated latest checkpoint at epoch 26
2026-05-15 23:40:49,653 [Trainer] :: No validation IoU improvement for 21 epoch(s)
2026-05-15 23:40:49,653 [Trainer] :: Starting epoch 27
2026-05-15 23:42:36,300 [Trainer] :: Completed epoch 27: train_loss=0.119803 train_iou=0.876103 val_loss=0.317523 val_iou=0.573625 lr=0.00009803
2026-05-15 23:42:36,678 [Trainer] :: Updated latest checkpoint at epoch 27
2026-05-15 23:42:36,678 [Trainer] :: No validation IoU improvement for 22 epoch(s)
2026-05-15 23:42:36,678 [Trainer] :: Starting epoch 28
2026-05-15 23:44:23,060 [Trainer] :: Completed epoch 28: train_loss=0.117942 train_iou=0.878023 val_loss=0.310853 val_iou=0.576555 lr=0.00009789
2026-05-15 23:44:24,023 [Trainer] :: Updated latest checkpoint at epoch 28
2026-05-15 23:44:24,023 [Trainer] :: No validation IoU improvement for 23 epoch(s)
2026-05-15 23:44:24,023 [Trainer] :: Starting epoch 29
2026-05-15 23:46:21,100 [Trainer] :: Completed epoch 29: train_loss=0.115106 train_iou=0.878968 val_loss=0.314611 val_iou=0.580373 lr=0.00009773
2026-05-15 23:46:21,576 [Trainer] :: Updated latest checkpoint at epoch 29
2026-05-15 23:46:21,576 [Trainer] :: No validation IoU improvement for 24 epoch(s)
2026-05-15 23:46:21,576 [Trainer] :: Starting epoch 30
2026-05-15 23:48:16,915 [Trainer] :: Completed epoch 30: train_loss=0.112259 train_iou=0.884261 val_loss=0.308071 val_iou=0.579683 lr=0.00009758
2026-05-15 23:48:17,346 [Trainer] :: Updated latest checkpoint at epoch 30
2026-05-15 23:48:17,346 [Trainer] :: No validation IoU improvement for 25 epoch(s)
2026-05-15 23:48:17,346 [Trainer] :: Starting epoch 31
2026-05-15 23:50:12,546 [Trainer] :: Completed epoch 31: train_loss=0.106575 train_iou=0.889647 val_loss=0.335267 val_iou=0.558284 lr=0.00009741
2026-05-15 23:50:13,071 [Trainer] :: Updated latest checkpoint at epoch 31
2026-05-15 23:50:13,072 [Trainer] :: No validation IoU improvement for 26 epoch(s)
2026-05-15 23:50:13,072 [Trainer] :: Starting epoch 32
2026-05-15 23:52:03,327 [Trainer] :: Completed epoch 32: train_loss=0.112994 train_iou=0.882943 val_loss=0.301342 val_iou=0.592695 lr=0.00009725
2026-05-15 23:52:08,596 [Trainer] :: Updated latest checkpoint at epoch 32
2026-05-15 23:52:08,597 [Trainer] :: No validation IoU improvement for 27 epoch(s)
2026-05-15 23:52:08,597 [Trainer] :: Starting epoch 33
2026-05-15 23:53:55,733 [Trainer] :: Completed epoch 33: train_loss=0.103484 train_iou=0.891666 val_loss=0.314541 val_iou=0.571309 lr=0.00009707
2026-05-15 23:53:56,178 [Trainer] :: Updated latest checkpoint at epoch 33
2026-05-15 23:53:56,178 [Trainer] :: No validation IoU improvement for 28 epoch(s)
2026-05-15 23:53:56,178 [Trainer] :: Starting epoch 34
2026-05-15 23:55:43,798 [Trainer] :: Completed epoch 34: train_loss=0.105039 train_iou=0.890587 val_loss=0.329385 val_iou=0.572120 lr=0.00009690
2026-05-15 23:55:44,277 [Trainer] :: Updated latest checkpoint at epoch 34
2026-05-15 23:55:44,277 [Trainer] :: No validation IoU improvement for 29 epoch(s)
2026-05-15 23:55:44,277 [Trainer] :: Starting epoch 35
2026-05-15 23:57:30,712 [Trainer] :: Completed epoch 35: train_loss=0.103171 train_iou=0.892418 val_loss=0.322497 val_iou=0.574428 lr=0.00009671
2026-05-15 23:57:31,086 [Trainer] :: Updated latest checkpoint at epoch 35
2026-05-15 23:57:31,086 [Trainer] :: No validation IoU improvement for 30 epoch(s)
2026-05-15 23:57:31,086 [Trainer] :: Starting epoch 36
2026-05-15 23:59:21,538 [Trainer] :: Completed epoch 36: train_loss=0.102247 train_iou=0.891134 val_loss=0.331585 val_iou=0.560765 lr=0.00009652
2026-05-15 23:59:21,938 [Trainer] :: Updated latest checkpoint at epoch 36
2026-05-15 23:59:21,938 [Trainer] :: No validation IoU improvement for 31 epoch(s)
2026-05-15 23:59:21,938 [Trainer] :: Starting epoch 37
2026-05-16 00:01:17,043 [Trainer] :: Completed epoch 37: train_loss=0.098170 train_iou=0.896111 val_loss=0.325006 val_iou=0.578672 lr=0.00009633
2026-05-16 00:01:17,421 [Trainer] :: Updated latest checkpoint at epoch 37
2026-05-16 00:01:17,421 [Trainer] :: No validation IoU improvement for 32 epoch(s)
2026-05-16 00:01:17,421 [Trainer] :: Starting epoch 38
2026-05-16 00:03:10,328 [Trainer] :: Completed epoch 38: train_loss=0.097816 train_iou=0.897343 val_loss=0.328003 val_iou=0.563704 lr=0.00009613
2026-05-16 00:03:10,682 [Trainer] :: Updated latest checkpoint at epoch 38
2026-05-16 00:03:10,682 [Trainer] :: No validation IoU improvement for 33 epoch(s)
2026-05-16 00:03:10,682 [Trainer] :: Starting epoch 39
2026-05-16 00:05:01,836 [Trainer] :: Completed epoch 39: train_loss=0.094522 train_iou=0.899892 val_loss=0.348063 val_iou=0.550819 lr=0.00009593
2026-05-16 00:05:02,203 [Trainer] :: Updated latest checkpoint at epoch 39
2026-05-16 00:05:02,203 [Trainer] :: No validation IoU improvement for 34 epoch(s)
2026-05-16 00:05:02,203 [Trainer] :: Starting epoch 40
2026-05-16 00:06:52,363 [Trainer] :: Completed epoch 40: train_loss=0.089911 train_iou=0.905038 val_loss=0.352417 val_iou=0.551272 lr=0.00009572
2026-05-16 00:06:52,868 [Trainer] :: Updated latest checkpoint at epoch 40
2026-05-16 00:06:52,868 [Trainer] :: No validation IoU improvement for 35 epoch(s)
2026-05-16 00:06:52,868 [Trainer] :: Starting epoch 41
2026-05-16 00:08:45,794 [Trainer] :: Completed epoch 41: train_loss=0.089806 train_iou=0.905046 val_loss=0.352218 val_iou=0.549624 lr=0.00009551
2026-05-16 00:08:46,215 [Trainer] :: Updated latest checkpoint at epoch 41
2026-05-16 00:08:46,216 [Trainer] :: No validation IoU improvement for 36 epoch(s)
2026-05-16 00:08:46,216 [Trainer] :: Starting epoch 42
2026-05-16 00:10:32,471 [Trainer] :: Completed epoch 42: train_loss=0.089743 train_iou=0.903557 val_loss=0.306229 val_iou=0.590417 lr=0.00009529
2026-05-16 00:10:32,831 [Trainer] :: Updated latest checkpoint at epoch 42
2026-05-16 00:10:32,831 [Trainer] :: No validation IoU improvement for 37 epoch(s)
2026-05-16 00:10:32,831 [Trainer] :: Starting epoch 43
2026-05-16 00:12:19,463 [Trainer] :: Completed epoch 43: train_loss=0.088180 train_iou=0.904945 val_loss=0.332509 val_iou=0.575849 lr=0.00009507
2026-05-16 00:12:20,125 [Trainer] :: Updated latest checkpoint at epoch 43
2026-05-16 00:12:20,125 [Trainer] :: No validation IoU improvement for 38 epoch(s)
2026-05-16 00:12:20,125 [Trainer] :: Starting epoch 44
2026-05-16 00:14:13,094 [Trainer] :: Completed epoch 44: train_loss=0.085988 train_iou=0.908064 val_loss=0.320840 val_iou=0.582708 lr=0.00009484
2026-05-16 00:14:13,481 [Trainer] :: Updated latest checkpoint at epoch 44
2026-05-16 00:14:13,481 [Trainer] :: No validation IoU improvement for 39 epoch(s)
2026-05-16 00:14:13,481 [Trainer] :: Starting epoch 45
2026-05-16 00:16:08,916 [Trainer] :: Completed epoch 45: train_loss=0.082413 train_iou=0.910105 val_loss=0.319916 val_iou=0.585889 lr=0.00009460
2026-05-16 00:16:17,965 [Trainer] :: Updated latest checkpoint at epoch 45
2026-05-16 00:16:17,965 [Trainer] :: No validation IoU improvement for 40 epoch(s)
2026-05-16 00:16:17,965 [Trainer] :: Starting epoch 46
2026-05-16 00:18:09,083 [Trainer] :: Completed epoch 46: train_loss=0.084000 train_iou=0.911638 val_loss=0.329105 val_iou=0.569062 lr=0.00009437
2026-05-16 00:18:09,568 [Trainer] :: Updated latest checkpoint at epoch 46
2026-05-16 00:18:09,568 [Trainer] :: No validation IoU improvement for 41 epoch(s)
2026-05-16 00:18:09,568 [Trainer] :: Starting epoch 47
2026-05-16 00:20:03,872 [Trainer] :: Completed epoch 47: train_loss=0.082971 train_iou=0.910620 val_loss=0.336473 val_iou=0.563925 lr=0.00009412
2026-05-16 00:20:04,256 [Trainer] :: Updated latest checkpoint at epoch 47
2026-05-16 00:20:04,257 [Trainer] :: No validation IoU improvement for 42 epoch(s)
2026-05-16 00:20:04,257 [Trainer] :: Starting epoch 48
2026-05-16 00:21:58,554 [Trainer] :: Completed epoch 48: train_loss=0.079885 train_iou=0.914379 val_loss=0.325430 val_iou=0.580399 lr=0.00009388
2026-05-16 00:21:58,919 [Trainer] :: Updated latest checkpoint at epoch 48
2026-05-16 00:21:58,919 [Trainer] :: No validation IoU improvement for 43 epoch(s)
2026-05-16 00:21:58,919 [Trainer] :: Starting epoch 49
2026-05-16 00:23:51,394 [Trainer] :: Completed epoch 49: train_loss=0.081308 train_iou=0.912564 val_loss=0.323469 val_iou=0.595543 lr=0.00009363
2026-05-16 00:23:51,817 [Trainer] :: Updated latest checkpoint at epoch 49
2026-05-16 00:23:51,817 [Trainer] :: No validation IoU improvement for 44 epoch(s)
2026-05-16 00:23:51,817 [Trainer] :: Starting epoch 50
2026-05-16 00:25:38,642 [Trainer] :: Completed epoch 50: train_loss=0.078925 train_iou=0.914426 val_loss=0.337052 val_iou=0.575773 lr=0.00009337
2026-05-16 00:25:39,105 [Trainer] :: Updated latest checkpoint at epoch 50
2026-05-16 00:25:39,105 [Trainer] :: No validation IoU improvement for 45 epoch(s)
2026-05-16 00:25:39,105 [Trainer] :: Starting epoch 51
2026-05-16 00:27:26,557 [Trainer] :: Completed epoch 51: train_loss=0.077121 train_iou=0.916999 val_loss=0.321365 val_iou=0.584219 lr=0.00009311
2026-05-16 00:27:27,109 [Trainer] :: Updated latest checkpoint at epoch 51
2026-05-16 00:27:27,109 [Trainer] :: No validation IoU improvement for 46 epoch(s)
2026-05-16 00:27:27,109 [Trainer] :: Starting epoch 52
2026-05-16 00:29:13,490 [Trainer] :: Completed epoch 52: train_loss=0.079244 train_iou=0.915050 val_loss=0.353558 val_iou=0.549854 lr=0.00009284
2026-05-16 00:29:13,856 [Trainer] :: Updated latest checkpoint at epoch 52
2026-05-16 00:29:13,856 [Trainer] :: No validation IoU improvement for 47 epoch(s)
2026-05-16 00:29:13,856 [Trainer] :: Starting epoch 53
2026-05-16 00:31:09,284 [Trainer] :: Completed epoch 53: train_loss=0.077179 train_iou=0.916541 val_loss=0.332672 val_iou=0.570237 lr=0.00009257
2026-05-16 00:31:09,641 [Trainer] :: Updated latest checkpoint at epoch 53
2026-05-16 00:31:09,641 [Trainer] :: No validation IoU improvement for 48 epoch(s)
2026-05-16 00:31:09,641 [Trainer] :: Starting epoch 54
2026-05-16 00:33:02,019 [Trainer] :: Completed epoch 54: train_loss=0.075555 train_iou=0.917539 val_loss=0.321352 val_iou=0.591213 lr=0.00009229
2026-05-16 00:33:02,362 [Trainer] :: Updated latest checkpoint at epoch 54
2026-05-16 00:33:02,362 [Trainer] :: No validation IoU improvement for 49 epoch(s)
2026-05-16 00:33:02,362 [Trainer] :: Starting epoch 55
2026-05-16 00:34:48,034 [Trainer] :: Completed epoch 55: train_loss=0.073161 train_iou=0.921128 val_loss=0.340023 val_iou=0.573171 lr=0.00009201
2026-05-16 00:34:48,390 [Trainer] :: Updated latest checkpoint at epoch 55
2026-05-16 00:34:48,390 [Trainer] :: No validation IoU improvement for 50 epoch(s)
2026-05-16 00:34:48,390 [Trainer] :: Starting epoch 56
2026-05-16 00:36:34,214 [Trainer] :: Completed epoch 56: train_loss=0.071711 train_iou=0.922902 val_loss=0.345518 val_iou=0.581322 lr=0.00009173
2026-05-16 00:36:34,679 [Trainer] :: Updated latest checkpoint at epoch 56
2026-05-16 00:36:34,679 [Trainer] :: No validation IoU improvement for 51 epoch(s)
2026-05-16 00:36:34,679 [Trainer] :: Starting epoch 57
2026-05-16 00:38:19,925 [Trainer] :: Completed epoch 57: train_loss=0.071590 train_iou=0.921366 val_loss=0.330129 val_iou=0.596792 lr=0.00009144
2026-05-16 00:38:20,339 [Trainer] :: Updated latest checkpoint at epoch 57
2026-05-16 00:38:20,339 [Trainer] :: No validation IoU improvement for 52 epoch(s)
2026-05-16 00:38:20,339 [Trainer] :: Starting epoch 58
2026-05-16 00:40:08,600 [Trainer] :: Completed epoch 58: train_loss=0.070167 train_iou=0.923748 val_loss=0.364067 val_iou=0.572432 lr=0.00009115
2026-05-16 00:40:09,030 [Trainer] :: Updated latest checkpoint at epoch 58
2026-05-16 00:40:09,030 [Trainer] :: No validation IoU improvement for 53 epoch(s)
2026-05-16 00:40:09,030 [Trainer] :: Starting epoch 59
2026-05-16 00:41:58,919 [Trainer] :: Completed epoch 59: train_loss=0.068153 train_iou=0.926086 val_loss=0.349618 val_iou=0.568877 lr=0.00009085
2026-05-16 00:41:59,525 [Trainer] :: Updated latest checkpoint at epoch 59
2026-05-16 00:41:59,525 [Trainer] :: No validation IoU improvement for 54 epoch(s)
2026-05-16 00:41:59,525 [Trainer] :: Starting epoch 60
2026-05-16 00:43:49,270 [Trainer] :: Completed epoch 60: train_loss=0.066920 train_iou=0.927704 val_loss=0.350178 val_iou=0.559723 lr=0.00009055
2026-05-16 00:43:49,640 [Trainer] :: Updated latest checkpoint at epoch 60
2026-05-16 00:43:49,640 [Trainer] :: No validation IoU improvement for 55 epoch(s)
2026-05-16 00:43:49,640 [Trainer] :: Starting epoch 61
2026-05-16 00:45:46,163 [Trainer] :: Completed epoch 61: train_loss=0.066370 train_iou=0.927654 val_loss=0.364154 val_iou=0.561244 lr=0.00009024
2026-05-16 00:45:46,612 [Trainer] :: Updated latest checkpoint at epoch 61
2026-05-16 00:45:46,612 [Trainer] :: No validation IoU improvement for 56 epoch(s)
2026-05-16 00:45:46,612 [Trainer] :: Starting epoch 62
2026-05-16 00:47:40,602 [Trainer] :: Completed epoch 62: train_loss=0.066848 train_iou=0.928066 val_loss=0.358903 val_iou=0.566644 lr=0.00008993
2026-05-16 00:47:40,954 [Trainer] :: Updated latest checkpoint at epoch 62
2026-05-16 00:47:40,954 [Trainer] :: No validation IoU improvement for 57 epoch(s)
2026-05-16 00:47:40,954 [Trainer] :: Starting epoch 63
2026-05-16 00:49:33,235 [Trainer] :: Completed epoch 63: train_loss=0.066019 train_iou=0.927835 val_loss=0.329156 val_iou=0.594310 lr=0.00008961
2026-05-16 00:49:33,604 [Trainer] :: Updated latest checkpoint at epoch 63
2026-05-16 00:49:33,604 [Trainer] :: No validation IoU improvement for 58 epoch(s)
2026-05-16 00:49:33,604 [Trainer] :: Starting epoch 64
2026-05-16 00:51:25,977 [Trainer] :: Completed epoch 64: train_loss=0.064372 train_iou=0.930001 val_loss=0.357802 val_iou=0.561402 lr=0.00008929
2026-05-16 00:51:26,351 [Trainer] :: Updated latest checkpoint at epoch 64
2026-05-16 00:51:26,351 [Trainer] :: No validation IoU improvement for 59 epoch(s)
2026-05-16 00:51:26,351 [Trainer] :: Starting epoch 65
2026-05-16 00:53:17,328 [Trainer] :: Completed epoch 65: train_loss=0.062992 train_iou=0.931017 val_loss=0.359096 val_iou=0.576001 lr=0.00008897
2026-05-16 00:53:17,945 [Trainer] :: Updated latest checkpoint at epoch 65
2026-05-16 00:53:17,945 [Trainer] :: No validation IoU improvement for 60 epoch(s)
2026-05-16 00:53:17,945 [Trainer] :: Early stopping triggered after 60 epoch(s) without improvement
2026-05-16 00:57:40,945 [Trainer] :: Wrote training history to outputs/runs/real_msi_deeplabv3plus_resnet50_seed46_20260515T204553Z/metrics/history.json
2026-05-16 00:57:40,946 [Trainer] :: Wrote test summary to outputs/runs/real_msi_deeplabv3plus_resnet50_seed46_20260515T204553Z/metrics/test_summary.json
2026-05-16 00:57:40,946 [Trainer] :: Training completed
