2026-05-05 17:11:49,298 [Trainer] :: Training run initialized at /ceph/home/student.aau.dk/qd36zu/fuzzy-p10/tbd/masking/outputs/runs/rgb_deeplabv3plus_resnet50_fuzzy_halo_seed50_20260505T151148Z
2026-05-05 17:11:49,298 [Trainer] :: Loaded config from /ceph/home/student.aau.dk/qd36zu/fuzzy-p10/tbd/masking/configs/fuzzy/rgb_deeplabv3plus_resnet50.yaml
2026-05-05 17:11:49,299 [Trainer] :: Using seed=50 and device=None
2026-05-05 17:11:49,299 [Trainer] :: Using model architecture=DeepLabV3Plus encoder=resnet50 encoder_weights=imagenet
2026-05-05 17:11:49,591 [Trainer] :: Resolved runtime device to cuda
2026-05-05 17:11:49,592 [Trainer] :: Prepared normalization from source=imagenet
2026-05-05 17:11:53,518 [Trainer] :: Built dataloaders with batch_size=16, num_workers=0
2026-05-05 17:11:53,519 [Trainer] :: Starting epoch 1
2026-05-05 17:16:41,101 [Trainer] :: Completed epoch 1: train_loss=0.369310 train_iou=0.704899 val_loss=0.403358 val_iou=0.577160 lr=0.00010000
2026-05-05 17:16:41,843 [Trainer] :: Updated latest checkpoint at epoch 1
2026-05-05 17:16:42,415 [Trainer] :: New best checkpoint saved with val_iou=0.577160
2026-05-05 17:16:42,415 [Trainer] :: Starting epoch 2
2026-05-05 17:20:49,706 [Trainer] :: Completed epoch 2: train_loss=0.282042 train_iou=0.771717 val_loss=0.307334 val_iou=0.605057 lr=0.00009999
2026-05-05 17:20:50,124 [Trainer] :: Updated latest checkpoint at epoch 2
2026-05-05 17:20:50,529 [Trainer] :: New best checkpoint saved with val_iou=0.605057
2026-05-05 17:20:50,530 [Trainer] :: Starting epoch 3
2026-05-05 17:25:01,151 [Trainer] :: Completed epoch 3: train_loss=0.259382 train_iou=0.789751 val_loss=0.330540 val_iou=0.590642 lr=0.00009998
2026-05-05 17:25:01,548 [Trainer] :: Updated latest checkpoint at epoch 3
2026-05-05 17:25:01,548 [Trainer] :: No validation IoU improvement for 1 epoch(s)
2026-05-05 17:25:01,548 [Trainer] :: Starting epoch 4
2026-05-05 17:29:26,755 [Trainer] :: Completed epoch 4: train_loss=0.242114 train_iou=0.805285 val_loss=0.298707 val_iou=0.603283 lr=0.00009996
2026-05-05 17:29:27,232 [Trainer] :: Updated latest checkpoint at epoch 4
2026-05-05 17:29:27,232 [Trainer] :: No validation IoU improvement for 2 epoch(s)
2026-05-05 17:29:27,232 [Trainer] :: Starting epoch 5
2026-05-05 17:33:34,664 [Trainer] :: Completed epoch 5: train_loss=0.229291 train_iou=0.816722 val_loss=0.338736 val_iou=0.583079 lr=0.00009993
2026-05-05 17:33:35,044 [Trainer] :: Updated latest checkpoint at epoch 5
2026-05-05 17:33:35,044 [Trainer] :: No validation IoU improvement for 3 epoch(s)
2026-05-05 17:33:35,045 [Trainer] :: Starting epoch 6
2026-05-05 17:37:45,333 [Trainer] :: Completed epoch 6: train_loss=0.221262 train_iou=0.819489 val_loss=0.300275 val_iou=0.611705 lr=0.00009990
2026-05-05 17:37:45,747 [Trainer] :: Updated latest checkpoint at epoch 6
2026-05-05 17:37:46,116 [Trainer] :: New best checkpoint saved with val_iou=0.611705
2026-05-05 17:37:46,116 [Trainer] :: Starting epoch 7
2026-05-05 17:41:51,490 [Trainer] :: Completed epoch 7: train_loss=0.212955 train_iou=0.828081 val_loss=0.299073 val_iou=0.606507 lr=0.00009987
2026-05-05 17:41:52,601 [Trainer] :: Updated latest checkpoint at epoch 7
2026-05-05 17:41:52,602 [Trainer] :: No validation IoU improvement for 1 epoch(s)
2026-05-05 17:41:52,602 [Trainer] :: Starting epoch 8
2026-05-05 17:46:14,407 [Trainer] :: Completed epoch 8: train_loss=0.205338 train_iou=0.834078 val_loss=0.301944 val_iou=0.594034 lr=0.00009983
2026-05-05 17:46:14,862 [Trainer] :: Updated latest checkpoint at epoch 8
2026-05-05 17:46:14,862 [Trainer] :: No validation IoU improvement for 2 epoch(s)
2026-05-05 17:46:14,862 [Trainer] :: Starting epoch 9
2026-05-05 17:50:20,773 [Trainer] :: Completed epoch 9: train_loss=0.202471 train_iou=0.835780 val_loss=0.329601 val_iou=0.617653 lr=0.00009978
2026-05-05 17:50:21,221 [Trainer] :: Updated latest checkpoint at epoch 9
2026-05-05 17:50:21,600 [Trainer] :: New best checkpoint saved with val_iou=0.617653
2026-05-05 17:50:21,600 [Trainer] :: Starting epoch 10
2026-05-05 17:54:27,197 [Trainer] :: Completed epoch 10: train_loss=0.202666 train_iou=0.832635 val_loss=0.290791 val_iou=0.620922 lr=0.00009973
2026-05-05 17:54:27,701 [Trainer] :: Updated latest checkpoint at epoch 10
2026-05-05 17:54:28,190 [Trainer] :: New best checkpoint saved with val_iou=0.620922
2026-05-05 17:54:28,191 [Trainer] :: Starting epoch 11
2026-05-05 17:58:38,528 [Trainer] :: Completed epoch 11: train_loss=0.186562 train_iou=0.846956 val_loss=0.299388 val_iou=0.607436 lr=0.00009967
2026-05-05 17:58:38,968 [Trainer] :: Updated latest checkpoint at epoch 11
2026-05-05 17:58:38,968 [Trainer] :: No validation IoU improvement for 1 epoch(s)
2026-05-05 17:58:38,968 [Trainer] :: Starting epoch 12
2026-05-05 18:02:53,472 [Trainer] :: Completed epoch 12: train_loss=0.186879 train_iou=0.846034 val_loss=0.312943 val_iou=0.558879 lr=0.00009961
2026-05-05 18:02:53,866 [Trainer] :: Updated latest checkpoint at epoch 12
2026-05-05 18:02:53,866 [Trainer] :: No validation IoU improvement for 2 epoch(s)
2026-05-05 18:02:53,866 [Trainer] :: Starting epoch 13
2026-05-05 18:07:06,005 [Trainer] :: Completed epoch 13: train_loss=0.178430 train_iou=0.845814 val_loss=0.294114 val_iou=0.606205 lr=0.00009954
2026-05-05 18:07:06,425 [Trainer] :: Updated latest checkpoint at epoch 13
2026-05-05 18:07:06,425 [Trainer] :: No validation IoU improvement for 3 epoch(s)
2026-05-05 18:07:06,425 [Trainer] :: Starting epoch 14
2026-05-05 18:11:32,355 [Trainer] :: Completed epoch 14: train_loss=0.166735 train_iou=0.856058 val_loss=0.298409 val_iou=0.614731 lr=0.00009947
2026-05-05 18:11:33,047 [Trainer] :: Updated latest checkpoint at epoch 14
2026-05-05 18:11:33,048 [Trainer] :: No validation IoU improvement for 4 epoch(s)
2026-05-05 18:11:33,048 [Trainer] :: Starting epoch 15
2026-05-05 18:15:46,570 [Trainer] :: Completed epoch 15: train_loss=0.162597 train_iou=0.858011 val_loss=0.318939 val_iou=0.603192 lr=0.00009939
2026-05-05 18:15:47,201 [Trainer] :: Updated latest checkpoint at epoch 15
2026-05-05 18:15:47,202 [Trainer] :: No validation IoU improvement for 5 epoch(s)
2026-05-05 18:15:47,202 [Trainer] :: Starting epoch 16
2026-05-05 18:20:04,559 [Trainer] :: Completed epoch 16: train_loss=0.167554 train_iou=0.852201 val_loss=0.291807 val_iou=0.612565 lr=0.00009931
2026-05-05 18:20:04,950 [Trainer] :: Updated latest checkpoint at epoch 16
2026-05-05 18:20:04,950 [Trainer] :: No validation IoU improvement for 6 epoch(s)
2026-05-05 18:20:04,951 [Trainer] :: Starting epoch 17
2026-05-05 18:24:17,098 [Trainer] :: Completed epoch 17: train_loss=0.149821 train_iou=0.863971 val_loss=0.328332 val_iou=0.591711 lr=0.00009922
2026-05-05 18:24:17,520 [Trainer] :: Updated latest checkpoint at epoch 17
2026-05-05 18:24:17,520 [Trainer] :: No validation IoU improvement for 7 epoch(s)
2026-05-05 18:24:17,520 [Trainer] :: Starting epoch 18
2026-05-05 18:28:49,071 [Trainer] :: Completed epoch 18: train_loss=0.148540 train_iou=0.867759 val_loss=0.295897 val_iou=0.621360 lr=0.00009912
2026-05-05 18:28:49,455 [Trainer] :: Updated latest checkpoint at epoch 18
2026-05-05 18:28:49,837 [Trainer] :: New best checkpoint saved with val_iou=0.621360
2026-05-05 18:28:49,838 [Trainer] :: Starting epoch 19
2026-05-05 18:33:05,707 [Trainer] :: Completed epoch 19: train_loss=0.139837 train_iou=0.874897 val_loss=0.296026 val_iou=0.613885 lr=0.00009902
2026-05-05 18:33:06,459 [Trainer] :: Updated latest checkpoint at epoch 19
2026-05-05 18:33:06,460 [Trainer] :: No validation IoU improvement for 1 epoch(s)
2026-05-05 18:33:06,460 [Trainer] :: Starting epoch 20
2026-05-05 18:37:25,754 [Trainer] :: Completed epoch 20: train_loss=0.134368 train_iou=0.875716 val_loss=0.312457 val_iou=0.621960 lr=0.00009892
2026-05-05 18:37:26,167 [Trainer] :: Updated latest checkpoint at epoch 20
2026-05-05 18:37:26,639 [Trainer] :: New best checkpoint saved with val_iou=0.621960
2026-05-05 18:37:26,639 [Trainer] :: Starting epoch 21
2026-05-05 18:41:33,888 [Trainer] :: Completed epoch 21: train_loss=0.136847 train_iou=0.875302 val_loss=0.332219 val_iou=0.580162 lr=0.00009881
2026-05-05 18:41:34,293 [Trainer] :: Updated latest checkpoint at epoch 21
2026-05-05 18:41:34,294 [Trainer] :: No validation IoU improvement for 1 epoch(s)
2026-05-05 18:41:34,294 [Trainer] :: Starting epoch 22
2026-05-05 18:45:35,516 [Trainer] :: Completed epoch 22: train_loss=0.130788 train_iou=0.878607 val_loss=0.333228 val_iou=0.587908 lr=0.00009869
2026-05-05 18:45:35,893 [Trainer] :: Updated latest checkpoint at epoch 22
2026-05-05 18:45:35,893 [Trainer] :: No validation IoU improvement for 2 epoch(s)
2026-05-05 18:45:35,893 [Trainer] :: Starting epoch 23
2026-05-05 18:49:43,142 [Trainer] :: Completed epoch 23: train_loss=0.130951 train_iou=0.879660 val_loss=0.324931 val_iou=0.595373 lr=0.00009857
2026-05-05 18:49:43,523 [Trainer] :: Updated latest checkpoint at epoch 23
2026-05-05 18:49:43,523 [Trainer] :: No validation IoU improvement for 3 epoch(s)
2026-05-05 18:49:43,523 [Trainer] :: Starting epoch 24
2026-05-05 18:53:45,998 [Trainer] :: Completed epoch 24: train_loss=0.127156 train_iou=0.880899 val_loss=0.309888 val_iou=0.603200 lr=0.00009844
2026-05-05 18:53:46,404 [Trainer] :: Updated latest checkpoint at epoch 24
2026-05-05 18:53:46,404 [Trainer] :: No validation IoU improvement for 4 epoch(s)
2026-05-05 18:53:46,404 [Trainer] :: Starting epoch 25
2026-05-05 18:57:51,249 [Trainer] :: Completed epoch 25: train_loss=0.127271 train_iou=0.882606 val_loss=0.326441 val_iou=0.616208 lr=0.00009831
2026-05-05 18:57:51,667 [Trainer] :: Updated latest checkpoint at epoch 25
2026-05-05 18:57:51,667 [Trainer] :: No validation IoU improvement for 5 epoch(s)
2026-05-05 18:57:51,667 [Trainer] :: Starting epoch 26
2026-05-05 19:02:00,305 [Trainer] :: Completed epoch 26: train_loss=0.123627 train_iou=0.886065 val_loss=0.324305 val_iou=0.606253 lr=0.00009818
2026-05-05 19:02:00,836 [Trainer] :: Updated latest checkpoint at epoch 26
2026-05-05 19:02:00,836 [Trainer] :: No validation IoU improvement for 6 epoch(s)
2026-05-05 19:02:00,836 [Trainer] :: Starting epoch 27
2026-05-05 19:06:02,882 [Trainer] :: Completed epoch 27: train_loss=0.120820 train_iou=0.885401 val_loss=0.340198 val_iou=0.588189 lr=0.00009803
2026-05-05 19:06:03,548 [Trainer] :: Updated latest checkpoint at epoch 27
2026-05-05 19:06:03,548 [Trainer] :: No validation IoU improvement for 7 epoch(s)
2026-05-05 19:06:03,548 [Trainer] :: Starting epoch 28
2026-05-05 19:10:06,222 [Trainer] :: Completed epoch 28: train_loss=0.118723 train_iou=0.890128 val_loss=0.333551 val_iou=0.592499 lr=0.00009789
2026-05-05 19:10:06,680 [Trainer] :: Updated latest checkpoint at epoch 28
2026-05-05 19:10:06,680 [Trainer] :: No validation IoU improvement for 8 epoch(s)
2026-05-05 19:10:06,680 [Trainer] :: Starting epoch 29
2026-05-05 19:14:23,467 [Trainer] :: Completed epoch 29: train_loss=0.116706 train_iou=0.891893 val_loss=0.318619 val_iou=0.619372 lr=0.00009773
2026-05-05 19:14:23,927 [Trainer] :: Updated latest checkpoint at epoch 29
2026-05-05 19:14:23,927 [Trainer] :: No validation IoU improvement for 9 epoch(s)
2026-05-05 19:14:23,927 [Trainer] :: Starting epoch 30
2026-05-05 19:18:35,053 [Trainer] :: Completed epoch 30: train_loss=0.113320 train_iou=0.896247 val_loss=0.315865 val_iou=0.608555 lr=0.00009758
2026-05-05 19:18:35,440 [Trainer] :: Updated latest checkpoint at epoch 30
2026-05-05 19:18:35,440 [Trainer] :: No validation IoU improvement for 10 epoch(s)
2026-05-05 19:18:35,440 [Trainer] :: Starting epoch 31
2026-05-05 19:22:53,042 [Trainer] :: Completed epoch 31: train_loss=0.108557 train_iou=0.896559 val_loss=0.334895 val_iou=0.606488 lr=0.00009741
2026-05-05 19:22:53,413 [Trainer] :: Updated latest checkpoint at epoch 31
2026-05-05 19:22:53,413 [Trainer] :: No validation IoU improvement for 11 epoch(s)
2026-05-05 19:22:53,413 [Trainer] :: Starting epoch 32
2026-05-05 19:27:00,637 [Trainer] :: Completed epoch 32: train_loss=0.107877 train_iou=0.899179 val_loss=0.329022 val_iou=0.588984 lr=0.00009725
2026-05-05 19:27:01,022 [Trainer] :: Updated latest checkpoint at epoch 32
2026-05-05 19:27:01,022 [Trainer] :: No validation IoU improvement for 12 epoch(s)
2026-05-05 19:27:01,022 [Trainer] :: Starting epoch 33
2026-05-05 19:31:11,229 [Trainer] :: Completed epoch 33: train_loss=0.105513 train_iou=0.901704 val_loss=0.327879 val_iou=0.627052 lr=0.00009707
2026-05-05 19:31:11,658 [Trainer] :: Updated latest checkpoint at epoch 33
2026-05-05 19:31:12,121 [Trainer] :: New best checkpoint saved with val_iou=0.627052
2026-05-05 19:31:12,121 [Trainer] :: Starting epoch 34
2026-05-05 19:35:16,656 [Trainer] :: Completed epoch 34: train_loss=0.104906 train_iou=0.901437 val_loss=0.319762 val_iou=0.604805 lr=0.00009690
2026-05-05 19:35:17,209 [Trainer] :: Updated latest checkpoint at epoch 34
2026-05-05 19:35:17,209 [Trainer] :: No validation IoU improvement for 1 epoch(s)
2026-05-05 19:35:17,210 [Trainer] :: Starting epoch 35
2026-05-05 19:39:29,622 [Trainer] :: Completed epoch 35: train_loss=0.102504 train_iou=0.902456 val_loss=0.316836 val_iou=0.605863 lr=0.00009671
2026-05-05 19:39:30,009 [Trainer] :: Updated latest checkpoint at epoch 35
2026-05-05 19:39:30,010 [Trainer] :: No validation IoU improvement for 2 epoch(s)
2026-05-05 19:39:30,010 [Trainer] :: Starting epoch 36
2026-05-05 19:43:39,761 [Trainer] :: Completed epoch 36: train_loss=0.101905 train_iou=0.904500 val_loss=0.326583 val_iou=0.622461 lr=0.00009652
2026-05-05 19:43:40,177 [Trainer] :: Updated latest checkpoint at epoch 36
2026-05-05 19:43:40,177 [Trainer] :: No validation IoU improvement for 3 epoch(s)
2026-05-05 19:43:40,178 [Trainer] :: Starting epoch 37
2026-05-05 19:47:44,196 [Trainer] :: Completed epoch 37: train_loss=0.097893 train_iou=0.907085 val_loss=0.334429 val_iou=0.619963 lr=0.00009633
2026-05-05 19:47:44,576 [Trainer] :: Updated latest checkpoint at epoch 37
2026-05-05 19:47:44,576 [Trainer] :: No validation IoU improvement for 4 epoch(s)
2026-05-05 19:47:44,576 [Trainer] :: Starting epoch 38
2026-05-05 19:51:50,289 [Trainer] :: Completed epoch 38: train_loss=0.094878 train_iou=0.909171 val_loss=0.321831 val_iou=0.621310 lr=0.00009613
2026-05-05 19:51:50,738 [Trainer] :: Updated latest checkpoint at epoch 38
2026-05-05 19:51:50,739 [Trainer] :: No validation IoU improvement for 5 epoch(s)
2026-05-05 19:51:50,739 [Trainer] :: Starting epoch 39
2026-05-05 19:56:08,623 [Trainer] :: Completed epoch 39: train_loss=0.096460 train_iou=0.908401 val_loss=0.347670 val_iou=0.599309 lr=0.00009593
2026-05-05 19:56:08,990 [Trainer] :: Updated latest checkpoint at epoch 39
2026-05-05 19:56:08,990 [Trainer] :: No validation IoU improvement for 6 epoch(s)
2026-05-05 19:56:08,990 [Trainer] :: Starting epoch 40
2026-05-05 20:00:10,365 [Trainer] :: Completed epoch 40: train_loss=0.096209 train_iou=0.907998 val_loss=0.354590 val_iou=0.588913 lr=0.00009572
2026-05-05 20:00:11,090 [Trainer] :: Updated latest checkpoint at epoch 40
2026-05-05 20:00:11,090 [Trainer] :: No validation IoU improvement for 7 epoch(s)
2026-05-05 20:00:11,090 [Trainer] :: Starting epoch 41
2026-05-05 20:04:16,370 [Trainer] :: Completed epoch 41: train_loss=0.096111 train_iou=0.910118 val_loss=0.333243 val_iou=0.607516 lr=0.00009551
2026-05-05 20:04:16,730 [Trainer] :: Updated latest checkpoint at epoch 41
2026-05-05 20:04:16,730 [Trainer] :: No validation IoU improvement for 8 epoch(s)
2026-05-05 20:04:16,730 [Trainer] :: Starting epoch 42
2026-05-05 20:08:36,681 [Trainer] :: Completed epoch 42: train_loss=0.092406 train_iou=0.911539 val_loss=0.341181 val_iou=0.596997 lr=0.00009529
2026-05-05 20:08:37,097 [Trainer] :: Updated latest checkpoint at epoch 42
2026-05-05 20:08:37,097 [Trainer] :: No validation IoU improvement for 9 epoch(s)
2026-05-05 20:08:37,097 [Trainer] :: Starting epoch 43
2026-05-05 20:12:43,092 [Trainer] :: Completed epoch 43: train_loss=0.092732 train_iou=0.911134 val_loss=0.345488 val_iou=0.620668 lr=0.00009507
2026-05-05 20:12:43,442 [Trainer] :: Updated latest checkpoint at epoch 43
2026-05-05 20:12:43,443 [Trainer] :: No validation IoU improvement for 10 epoch(s)
2026-05-05 20:12:43,443 [Trainer] :: Starting epoch 44
2026-05-05 20:16:53,830 [Trainer] :: Completed epoch 44: train_loss=0.092338 train_iou=0.912097 val_loss=0.341291 val_iou=0.606881 lr=0.00009484
2026-05-05 20:16:54,178 [Trainer] :: Updated latest checkpoint at epoch 44
2026-05-05 20:16:54,178 [Trainer] :: No validation IoU improvement for 11 epoch(s)
2026-05-05 20:16:54,178 [Trainer] :: Starting epoch 45
2026-05-05 20:20:56,657 [Trainer] :: Completed epoch 45: train_loss=0.094273 train_iou=0.911547 val_loss=0.348945 val_iou=0.604058 lr=0.00009460
2026-05-05 20:20:57,088 [Trainer] :: Updated latest checkpoint at epoch 45
2026-05-05 20:20:57,088 [Trainer] :: No validation IoU improvement for 12 epoch(s)
2026-05-05 20:20:57,088 [Trainer] :: Starting epoch 46
2026-05-05 20:25:07,410 [Trainer] :: Completed epoch 46: train_loss=0.090241 train_iou=0.913923 val_loss=0.326915 val_iou=0.610131 lr=0.00009437
2026-05-05 20:25:07,801 [Trainer] :: Updated latest checkpoint at epoch 46
2026-05-05 20:25:07,802 [Trainer] :: No validation IoU improvement for 13 epoch(s)
2026-05-05 20:25:07,802 [Trainer] :: Starting epoch 47
2026-05-05 20:29:19,961 [Trainer] :: Completed epoch 47: train_loss=0.089701 train_iou=0.915818 val_loss=0.321630 val_iou=0.616705 lr=0.00009412
2026-05-05 20:29:21,517 [Trainer] :: Updated latest checkpoint at epoch 47
2026-05-05 20:29:21,518 [Trainer] :: No validation IoU improvement for 14 epoch(s)
2026-05-05 20:29:21,518 [Trainer] :: Starting epoch 48
2026-05-05 20:33:27,635 [Trainer] :: Completed epoch 48: train_loss=0.087436 train_iou=0.916224 val_loss=0.351571 val_iou=0.619304 lr=0.00009388
2026-05-05 20:33:27,995 [Trainer] :: Updated latest checkpoint at epoch 48
2026-05-05 20:33:27,996 [Trainer] :: No validation IoU improvement for 15 epoch(s)
2026-05-05 20:33:27,996 [Trainer] :: Starting epoch 49
2026-05-05 20:37:34,976 [Trainer] :: Completed epoch 49: train_loss=0.088337 train_iou=0.915474 val_loss=0.347623 val_iou=0.588731 lr=0.00009363
2026-05-05 20:37:35,395 [Trainer] :: Updated latest checkpoint at epoch 49
2026-05-05 20:37:35,395 [Trainer] :: No validation IoU improvement for 16 epoch(s)
2026-05-05 20:37:35,395 [Trainer] :: Starting epoch 50
2026-05-05 20:41:45,029 [Trainer] :: Completed epoch 50: train_loss=0.083267 train_iou=0.920372 val_loss=0.359374 val_iou=0.596715 lr=0.00009337
2026-05-05 20:41:45,412 [Trainer] :: Updated latest checkpoint at epoch 50
2026-05-05 20:41:45,412 [Trainer] :: No validation IoU improvement for 17 epoch(s)
2026-05-05 20:41:45,412 [Trainer] :: Starting epoch 51
2026-05-05 20:46:04,018 [Trainer] :: Completed epoch 51: train_loss=0.084817 train_iou=0.918652 val_loss=0.400943 val_iou=0.558027 lr=0.00009311
2026-05-05 20:46:04,665 [Trainer] :: Updated latest checkpoint at epoch 51
2026-05-05 20:46:04,665 [Trainer] :: No validation IoU improvement for 18 epoch(s)
2026-05-05 20:46:04,666 [Trainer] :: Starting epoch 52
2026-05-05 20:50:20,338 [Trainer] :: Completed epoch 52: train_loss=0.083936 train_iou=0.918929 val_loss=0.355250 val_iou=0.602783 lr=0.00009284
2026-05-05 20:50:20,764 [Trainer] :: Updated latest checkpoint at epoch 52
2026-05-05 20:50:20,764 [Trainer] :: No validation IoU improvement for 19 epoch(s)
2026-05-05 20:50:20,764 [Trainer] :: Starting epoch 53
2026-05-05 20:54:42,847 [Trainer] :: Completed epoch 53: train_loss=0.081475 train_iou=0.921227 val_loss=0.365293 val_iou=0.592180 lr=0.00009257
2026-05-05 20:54:43,237 [Trainer] :: Updated latest checkpoint at epoch 53
2026-05-05 20:54:43,237 [Trainer] :: No validation IoU improvement for 20 epoch(s)
2026-05-05 20:54:43,237 [Trainer] :: Starting epoch 54
2026-05-05 20:58:48,378 [Trainer] :: Completed epoch 54: train_loss=0.083080 train_iou=0.920558 val_loss=0.359787 val_iou=0.568942 lr=0.00009229
2026-05-05 20:58:48,747 [Trainer] :: Updated latest checkpoint at epoch 54
2026-05-05 20:58:48,748 [Trainer] :: No validation IoU improvement for 21 epoch(s)
2026-05-05 20:58:48,748 [Trainer] :: Starting epoch 55
2026-05-05 21:02:55,383 [Trainer] :: Completed epoch 55: train_loss=0.080472 train_iou=0.923053 val_loss=0.346354 val_iou=0.609516 lr=0.00009201
2026-05-05 21:02:55,794 [Trainer] :: Updated latest checkpoint at epoch 55
2026-05-05 21:02:55,794 [Trainer] :: No validation IoU improvement for 22 epoch(s)
2026-05-05 21:02:55,794 [Trainer] :: Starting epoch 56
2026-05-05 21:07:15,764 [Trainer] :: Completed epoch 56: train_loss=0.081513 train_iou=0.922646 val_loss=0.347563 val_iou=0.600377 lr=0.00009173
2026-05-05 21:07:16,165 [Trainer] :: Updated latest checkpoint at epoch 56
2026-05-05 21:07:16,165 [Trainer] :: No validation IoU improvement for 23 epoch(s)
2026-05-05 21:07:16,165 [Trainer] :: Starting epoch 57
2026-05-05 21:11:51,689 [Trainer] :: Completed epoch 57: train_loss=0.082596 train_iou=0.922352 val_loss=0.346252 val_iou=0.621215 lr=0.00009144
2026-05-05 21:11:52,075 [Trainer] :: Updated latest checkpoint at epoch 57
2026-05-05 21:11:52,075 [Trainer] :: No validation IoU improvement for 24 epoch(s)
2026-05-05 21:11:52,075 [Trainer] :: Starting epoch 58
2026-05-05 21:15:56,912 [Trainer] :: Completed epoch 58: train_loss=0.080757 train_iou=0.922178 val_loss=0.401873 val_iou=0.584932 lr=0.00009115
2026-05-05 21:15:57,290 [Trainer] :: Updated latest checkpoint at epoch 58
2026-05-05 21:15:57,290 [Trainer] :: No validation IoU improvement for 25 epoch(s)
2026-05-05 21:15:57,290 [Trainer] :: Starting epoch 59
2026-05-05 21:20:10,075 [Trainer] :: Completed epoch 59: train_loss=0.080321 train_iou=0.923010 val_loss=0.329372 val_iou=0.624118 lr=0.00009085
2026-05-05 21:20:12,244 [Trainer] :: Updated latest checkpoint at epoch 59
2026-05-05 21:20:12,244 [Trainer] :: No validation IoU improvement for 26 epoch(s)
2026-05-05 21:20:12,244 [Trainer] :: Starting epoch 60
2026-05-05 21:24:26,874 [Trainer] :: Completed epoch 60: train_loss=0.079873 train_iou=0.923614 val_loss=0.342977 val_iou=0.622400 lr=0.00009055
2026-05-05 21:24:27,315 [Trainer] :: Updated latest checkpoint at epoch 60
2026-05-05 21:24:27,316 [Trainer] :: No validation IoU improvement for 27 epoch(s)
2026-05-05 21:24:27,316 [Trainer] :: Starting epoch 61
2026-05-05 21:28:28,043 [Trainer] :: Completed epoch 61: train_loss=0.077667 train_iou=0.925154 val_loss=0.376524 val_iou=0.610893 lr=0.00009024
2026-05-05 21:28:28,409 [Trainer] :: Updated latest checkpoint at epoch 61
2026-05-05 21:28:28,410 [Trainer] :: No validation IoU improvement for 28 epoch(s)
2026-05-05 21:28:28,410 [Trainer] :: Starting epoch 62
2026-05-05 21:32:38,850 [Trainer] :: Completed epoch 62: train_loss=0.077271 train_iou=0.926000 val_loss=0.352342 val_iou=0.608831 lr=0.00008993
2026-05-05 21:32:39,241 [Trainer] :: Updated latest checkpoint at epoch 62
2026-05-05 21:32:39,241 [Trainer] :: No validation IoU improvement for 29 epoch(s)
2026-05-05 21:32:39,241 [Trainer] :: Starting epoch 63
2026-05-05 21:36:46,993 [Trainer] :: Completed epoch 63: train_loss=0.076808 train_iou=0.926286 val_loss=0.400606 val_iou=0.591114 lr=0.00008961
2026-05-05 21:36:47,391 [Trainer] :: Updated latest checkpoint at epoch 63
2026-05-05 21:36:47,391 [Trainer] :: No validation IoU improvement for 30 epoch(s)
2026-05-05 21:36:47,391 [Trainer] :: Starting epoch 64
2026-05-05 21:40:53,409 [Trainer] :: Completed epoch 64: train_loss=0.077912 train_iou=0.926018 val_loss=0.366657 val_iou=0.608210 lr=0.00008929
2026-05-05 21:40:53,814 [Trainer] :: Updated latest checkpoint at epoch 64
2026-05-05 21:40:53,814 [Trainer] :: No validation IoU improvement for 31 epoch(s)
2026-05-05 21:40:53,814 [Trainer] :: Starting epoch 65
2026-05-05 21:45:13,918 [Trainer] :: Completed epoch 65: train_loss=0.073687 train_iou=0.928423 val_loss=0.368659 val_iou=0.610246 lr=0.00008897
2026-05-05 21:45:14,433 [Trainer] :: Updated latest checkpoint at epoch 65
2026-05-05 21:45:14,433 [Trainer] :: No validation IoU improvement for 32 epoch(s)
2026-05-05 21:45:14,433 [Trainer] :: Starting epoch 66
2026-05-05 21:49:46,718 [Trainer] :: Completed epoch 66: train_loss=0.074786 train_iou=0.928621 val_loss=0.355410 val_iou=0.605898 lr=0.00008864
2026-05-05 21:49:47,181 [Trainer] :: Updated latest checkpoint at epoch 66
2026-05-05 21:49:47,181 [Trainer] :: No validation IoU improvement for 33 epoch(s)
2026-05-05 21:49:47,181 [Trainer] :: Starting epoch 67
2026-05-05 21:53:53,331 [Trainer] :: Completed epoch 67: train_loss=0.073562 train_iou=0.929540 val_loss=0.359309 val_iou=0.617058 lr=0.00008831
2026-05-05 21:53:53,731 [Trainer] :: Updated latest checkpoint at epoch 67
2026-05-05 21:53:53,731 [Trainer] :: No validation IoU improvement for 34 epoch(s)
2026-05-05 21:53:53,731 [Trainer] :: Starting epoch 68
2026-05-05 21:58:10,096 [Trainer] :: Completed epoch 68: train_loss=0.072696 train_iou=0.930398 val_loss=0.350287 val_iou=0.625048 lr=0.00008797
2026-05-05 21:58:10,669 [Trainer] :: Updated latest checkpoint at epoch 68
2026-05-05 21:58:10,669 [Trainer] :: No validation IoU improvement for 35 epoch(s)
2026-05-05 21:58:10,669 [Trainer] :: Starting epoch 69
2026-05-05 22:02:15,896 [Trainer] :: Completed epoch 69: train_loss=0.072225 train_iou=0.931147 val_loss=0.397696 val_iou=0.608239 lr=0.00008763
2026-05-05 22:02:16,360 [Trainer] :: Updated latest checkpoint at epoch 69
2026-05-05 22:02:16,360 [Trainer] :: No validation IoU improvement for 36 epoch(s)
2026-05-05 22:02:16,360 [Trainer] :: Starting epoch 70
2026-05-05 22:06:19,776 [Trainer] :: Completed epoch 70: train_loss=0.072577 train_iou=0.930819 val_loss=0.354796 val_iou=0.615028 lr=0.00008729
2026-05-05 22:06:20,223 [Trainer] :: Updated latest checkpoint at epoch 70
2026-05-05 22:06:20,224 [Trainer] :: No validation IoU improvement for 37 epoch(s)
2026-05-05 22:06:20,224 [Trainer] :: Starting epoch 71
2026-05-05 22:10:25,732 [Trainer] :: Completed epoch 71: train_loss=0.072388 train_iou=0.930085 val_loss=0.374959 val_iou=0.598154 lr=0.00008694
2026-05-05 22:10:26,134 [Trainer] :: Updated latest checkpoint at epoch 71
2026-05-05 22:10:26,134 [Trainer] :: No validation IoU improvement for 38 epoch(s)
2026-05-05 22:10:26,134 [Trainer] :: Starting epoch 72
2026-05-05 22:14:33,397 [Trainer] :: Completed epoch 72: train_loss=0.072632 train_iou=0.930224 val_loss=0.347685 val_iou=0.619078 lr=0.00008658
2026-05-05 22:14:33,811 [Trainer] :: Updated latest checkpoint at epoch 72
2026-05-05 22:14:33,811 [Trainer] :: No validation IoU improvement for 39 epoch(s)
2026-05-05 22:14:33,811 [Trainer] :: Starting epoch 73
2026-05-05 22:18:40,582 [Trainer] :: Completed epoch 73: train_loss=0.070827 train_iou=0.932565 val_loss=0.332763 val_iou=0.632080 lr=0.00008623
2026-05-05 22:18:40,986 [Trainer] :: Updated latest checkpoint at epoch 73
2026-05-05 22:18:41,355 [Trainer] :: New best checkpoint saved with val_iou=0.632080
2026-05-05 22:18:41,356 [Trainer] :: Starting epoch 74
2026-05-05 22:22:49,363 [Trainer] :: Completed epoch 74: train_loss=0.070691 train_iou=0.932476 val_loss=0.378546 val_iou=0.592162 lr=0.00008587
2026-05-05 22:22:49,736 [Trainer] :: Updated latest checkpoint at epoch 74
2026-05-05 22:22:49,736 [Trainer] :: No validation IoU improvement for 1 epoch(s)
2026-05-05 22:22:49,736 [Trainer] :: Starting epoch 75
2026-05-05 22:27:01,025 [Trainer] :: Completed epoch 75: train_loss=0.071830 train_iou=0.932623 val_loss=0.353073 val_iou=0.622459 lr=0.00008550
2026-05-05 22:27:01,423 [Trainer] :: Updated latest checkpoint at epoch 75
2026-05-05 22:27:01,423 [Trainer] :: No validation IoU improvement for 2 epoch(s)
2026-05-05 22:27:01,423 [Trainer] :: Starting epoch 76
2026-05-05 22:31:16,355 [Trainer] :: Completed epoch 76: train_loss=0.070204 train_iou=0.932482 val_loss=0.348841 val_iou=0.625682 lr=0.00008513
2026-05-05 22:31:16,969 [Trainer] :: Updated latest checkpoint at epoch 76
2026-05-05 22:31:16,969 [Trainer] :: No validation IoU improvement for 3 epoch(s)
2026-05-05 22:31:16,969 [Trainer] :: Starting epoch 77
2026-05-05 22:35:38,258 [Trainer] :: Completed epoch 77: train_loss=0.070788 train_iou=0.932210 val_loss=0.352888 val_iou=0.619175 lr=0.00008476
2026-05-05 22:35:38,650 [Trainer] :: Updated latest checkpoint at epoch 77
2026-05-05 22:35:38,650 [Trainer] :: No validation IoU improvement for 4 epoch(s)
2026-05-05 22:35:38,650 [Trainer] :: Starting epoch 78
2026-05-05 22:39:57,182 [Trainer] :: Completed epoch 78: train_loss=0.068142 train_iou=0.934486 val_loss=0.412825 val_iou=0.596529 lr=0.00008439
2026-05-05 22:39:57,619 [Trainer] :: Updated latest checkpoint at epoch 78
2026-05-05 22:39:57,620 [Trainer] :: No validation IoU improvement for 5 epoch(s)
2026-05-05 22:39:57,620 [Trainer] :: Starting epoch 79
2026-05-05 22:44:14,298 [Trainer] :: Completed epoch 79: train_loss=0.067697 train_iou=0.935258 val_loss=0.369056 val_iou=0.614064 lr=0.00008401
2026-05-05 22:44:14,707 [Trainer] :: Updated latest checkpoint at epoch 79
2026-05-05 22:44:14,707 [Trainer] :: No validation IoU improvement for 6 epoch(s)
2026-05-05 22:44:14,707 [Trainer] :: Starting epoch 80
2026-05-05 22:48:22,232 [Trainer] :: Completed epoch 80: train_loss=0.067498 train_iou=0.935225 val_loss=0.370819 val_iou=0.618118 lr=0.00008362
2026-05-05 22:48:22,707 [Trainer] :: Updated latest checkpoint at epoch 80
2026-05-05 22:48:22,708 [Trainer] :: No validation IoU improvement for 7 epoch(s)
2026-05-05 22:48:22,708 [Trainer] :: Starting epoch 81
2026-05-05 22:52:36,939 [Trainer] :: Completed epoch 81: train_loss=0.066774 train_iou=0.936644 val_loss=0.385774 val_iou=0.609384 lr=0.00008323
2026-05-05 22:52:37,342 [Trainer] :: Updated latest checkpoint at epoch 81
2026-05-05 22:52:37,343 [Trainer] :: No validation IoU improvement for 8 epoch(s)
2026-05-05 22:52:37,343 [Trainer] :: Starting epoch 82
2026-05-05 22:56:53,688 [Trainer] :: Completed epoch 82: train_loss=0.067785 train_iou=0.935075 val_loss=0.381712 val_iou=0.591650 lr=0.00008284
2026-05-05 22:56:54,089 [Trainer] :: Updated latest checkpoint at epoch 82
2026-05-05 22:56:54,089 [Trainer] :: No validation IoU improvement for 9 epoch(s)
2026-05-05 22:56:54,090 [Trainer] :: Starting epoch 83
2026-05-05 23:01:13,600 [Trainer] :: Completed epoch 83: train_loss=0.066340 train_iou=0.936703 val_loss=0.368087 val_iou=0.616722 lr=0.00008245
2026-05-05 23:01:14,022 [Trainer] :: Updated latest checkpoint at epoch 83
2026-05-05 23:01:14,022 [Trainer] :: No validation IoU improvement for 10 epoch(s)
2026-05-05 23:01:14,022 [Trainer] :: Starting epoch 84
2026-05-05 23:05:50,048 [Trainer] :: Completed epoch 84: train_loss=0.066557 train_iou=0.936111 val_loss=0.368317 val_iou=0.606891 lr=0.00008205
2026-05-05 23:05:50,478 [Trainer] :: Updated latest checkpoint at epoch 84
2026-05-05 23:05:50,479 [Trainer] :: No validation IoU improvement for 11 epoch(s)
2026-05-05 23:05:50,479 [Trainer] :: Starting epoch 85
2026-05-05 23:10:11,485 [Trainer] :: Completed epoch 85: train_loss=0.066392 train_iou=0.936515 val_loss=0.363273 val_iou=0.613950 lr=0.00008165
2026-05-05 23:10:11,891 [Trainer] :: Updated latest checkpoint at epoch 85
2026-05-05 23:10:11,891 [Trainer] :: No validation IoU improvement for 12 epoch(s)
2026-05-05 23:10:11,891 [Trainer] :: Starting epoch 86
2026-05-05 23:14:24,186 [Trainer] :: Completed epoch 86: train_loss=0.064672 train_iou=0.938333 val_loss=0.385127 val_iou=0.617351 lr=0.00008125
2026-05-05 23:14:24,596 [Trainer] :: Updated latest checkpoint at epoch 86
2026-05-05 23:14:24,596 [Trainer] :: No validation IoU improvement for 13 epoch(s)
2026-05-05 23:14:24,596 [Trainer] :: Starting epoch 87
2026-05-05 23:18:33,486 [Trainer] :: Completed epoch 87: train_loss=0.064978 train_iou=0.937921 val_loss=0.379564 val_iou=0.615869 lr=0.00008084
2026-05-05 23:18:33,977 [Trainer] :: Updated latest checkpoint at epoch 87
2026-05-05 23:18:33,977 [Trainer] :: No validation IoU improvement for 14 epoch(s)
2026-05-05 23:18:33,977 [Trainer] :: Starting epoch 88
2026-05-05 23:22:55,909 [Trainer] :: Completed epoch 88: train_loss=0.062901 train_iou=0.939333 val_loss=0.376788 val_iou=0.614343 lr=0.00008043
2026-05-05 23:22:56,336 [Trainer] :: Updated latest checkpoint at epoch 88
2026-05-05 23:22:56,336 [Trainer] :: No validation IoU improvement for 15 epoch(s)
2026-05-05 23:22:56,336 [Trainer] :: Starting epoch 89
2026-05-05 23:27:08,714 [Trainer] :: Completed epoch 89: train_loss=0.065012 train_iou=0.938277 val_loss=0.374776 val_iou=0.610323 lr=0.00008001
2026-05-05 23:27:09,120 [Trainer] :: Updated latest checkpoint at epoch 89
2026-05-05 23:27:09,121 [Trainer] :: No validation IoU improvement for 16 epoch(s)
2026-05-05 23:27:09,121 [Trainer] :: Starting epoch 90
2026-05-05 23:31:36,365 [Trainer] :: Completed epoch 90: train_loss=0.064291 train_iou=0.938504 val_loss=0.373568 val_iou=0.606922 lr=0.00007960
2026-05-05 23:31:36,889 [Trainer] :: Updated latest checkpoint at epoch 90
2026-05-05 23:31:36,889 [Trainer] :: No validation IoU improvement for 17 epoch(s)
2026-05-05 23:31:36,889 [Trainer] :: Starting epoch 91
2026-05-05 23:36:07,927 [Trainer] :: Completed epoch 91: train_loss=0.064447 train_iou=0.938442 val_loss=0.423501 val_iou=0.578061 lr=0.00007917
2026-05-05 23:36:08,358 [Trainer] :: Updated latest checkpoint at epoch 91
2026-05-05 23:36:08,358 [Trainer] :: No validation IoU improvement for 18 epoch(s)
2026-05-05 23:36:08,358 [Trainer] :: Starting epoch 92
2026-05-05 23:40:40,874 [Trainer] :: Completed epoch 92: train_loss=0.064554 train_iou=0.938357 val_loss=0.402375 val_iou=0.591471 lr=0.00007875
2026-05-05 23:40:41,246 [Trainer] :: Updated latest checkpoint at epoch 92
2026-05-05 23:40:41,246 [Trainer] :: No validation IoU improvement for 19 epoch(s)
2026-05-05 23:40:41,246 [Trainer] :: Starting epoch 93
2026-05-05 23:44:50,007 [Trainer] :: Completed epoch 93: train_loss=0.065187 train_iou=0.938281 val_loss=0.399348 val_iou=0.599834 lr=0.00007832
2026-05-05 23:44:50,445 [Trainer] :: Updated latest checkpoint at epoch 93
2026-05-05 23:44:50,446 [Trainer] :: No validation IoU improvement for 20 epoch(s)
2026-05-05 23:44:50,446 [Trainer] :: Starting epoch 94
2026-05-05 23:49:12,394 [Trainer] :: Completed epoch 94: train_loss=0.065999 train_iou=0.938602 val_loss=0.392229 val_iou=0.587211 lr=0.00007789
2026-05-05 23:49:12,945 [Trainer] :: Updated latest checkpoint at epoch 94
2026-05-05 23:49:12,945 [Trainer] :: No validation IoU improvement for 21 epoch(s)
2026-05-05 23:49:12,945 [Trainer] :: Starting epoch 95
2026-05-05 23:54:00,698 [Trainer] :: Completed epoch 95: train_loss=0.063324 train_iou=0.939181 val_loss=0.394444 val_iou=0.614027 lr=0.00007746
2026-05-05 23:54:01,172 [Trainer] :: Updated latest checkpoint at epoch 95
2026-05-05 23:54:01,172 [Trainer] :: No validation IoU improvement for 22 epoch(s)
2026-05-05 23:54:01,172 [Trainer] :: Starting epoch 96
2026-05-05 23:58:33,046 [Trainer] :: Completed epoch 96: train_loss=0.061582 train_iou=0.941712 val_loss=0.401378 val_iou=0.599427 lr=0.00007702
2026-05-05 23:58:33,465 [Trainer] :: Updated latest checkpoint at epoch 96
2026-05-05 23:58:33,465 [Trainer] :: No validation IoU improvement for 23 epoch(s)
2026-05-05 23:58:33,465 [Trainer] :: Starting epoch 97
2026-05-06 00:02:47,108 [Trainer] :: Completed epoch 97: train_loss=0.063144 train_iou=0.939477 val_loss=0.400492 val_iou=0.600929 lr=0.00007658
2026-05-06 00:02:47,520 [Trainer] :: Updated latest checkpoint at epoch 97
2026-05-06 00:02:47,520 [Trainer] :: No validation IoU improvement for 24 epoch(s)
2026-05-06 00:02:47,520 [Trainer] :: Starting epoch 98
2026-05-06 00:06:57,607 [Trainer] :: Completed epoch 98: train_loss=0.061678 train_iou=0.941109 val_loss=0.394167 val_iou=0.618203 lr=0.00007614
2026-05-06 00:06:57,992 [Trainer] :: Updated latest checkpoint at epoch 98
2026-05-06 00:06:57,992 [Trainer] :: No validation IoU improvement for 25 epoch(s)
2026-05-06 00:06:57,992 [Trainer] :: Starting epoch 99
2026-05-06 00:11:08,555 [Trainer] :: Completed epoch 99: train_loss=0.062051 train_iou=0.941144 val_loss=0.373444 val_iou=0.609165 lr=0.00007570
2026-05-06 00:11:08,937 [Trainer] :: Updated latest checkpoint at epoch 99
2026-05-06 00:11:08,937 [Trainer] :: No validation IoU improvement for 26 epoch(s)
2026-05-06 00:11:08,937 [Trainer] :: Starting epoch 100
2026-05-06 00:15:16,401 [Trainer] :: Completed epoch 100: train_loss=0.062813 train_iou=0.940776 val_loss=0.384624 val_iou=0.620575 lr=0.00007525
2026-05-06 00:15:17,363 [Trainer] :: Updated latest checkpoint at epoch 100
2026-05-06 00:15:17,363 [Trainer] :: No validation IoU improvement for 27 epoch(s)
2026-05-06 00:15:17,363 [Trainer] :: Starting epoch 101
2026-05-06 00:19:30,254 [Trainer] :: Completed epoch 101: train_loss=0.064552 train_iou=0.939910 val_loss=0.385882 val_iou=0.606404 lr=0.00007480
2026-05-06 00:19:30,877 [Trainer] :: Updated latest checkpoint at epoch 101
2026-05-06 00:19:30,877 [Trainer] :: No validation IoU improvement for 28 epoch(s)
2026-05-06 00:19:30,877 [Trainer] :: Starting epoch 102
2026-05-06 00:23:35,765 [Trainer] :: Completed epoch 102: train_loss=0.062531 train_iou=0.940505 val_loss=0.416686 val_iou=0.599821 lr=0.00007435
2026-05-06 00:23:36,141 [Trainer] :: Updated latest checkpoint at epoch 102
2026-05-06 00:23:36,141 [Trainer] :: No validation IoU improvement for 29 epoch(s)
2026-05-06 00:23:36,141 [Trainer] :: Starting epoch 103
2026-05-06 00:27:48,529 [Trainer] :: Completed epoch 103: train_loss=0.060236 train_iou=0.943475 val_loss=0.441475 val_iou=0.588983 lr=0.00007389
2026-05-06 00:27:48,916 [Trainer] :: Updated latest checkpoint at epoch 103
2026-05-06 00:27:48,916 [Trainer] :: No validation IoU improvement for 30 epoch(s)
2026-05-06 00:27:48,916 [Trainer] :: Starting epoch 104
2026-05-06 00:32:07,417 [Trainer] :: Completed epoch 104: train_loss=0.059654 train_iou=0.943102 val_loss=0.370886 val_iou=0.619956 lr=0.00007343
2026-05-06 00:32:07,787 [Trainer] :: Updated latest checkpoint at epoch 104
2026-05-06 00:32:07,787 [Trainer] :: No validation IoU improvement for 31 epoch(s)
2026-05-06 00:32:07,787 [Trainer] :: Starting epoch 105
2026-05-06 00:36:44,517 [Trainer] :: Completed epoch 105: train_loss=0.060837 train_iou=0.942284 val_loss=0.387781 val_iou=0.607700 lr=0.00007297
2026-05-06 00:36:44,907 [Trainer] :: Updated latest checkpoint at epoch 105
2026-05-06 00:36:44,907 [Trainer] :: No validation IoU improvement for 32 epoch(s)
2026-05-06 00:36:44,907 [Trainer] :: Starting epoch 106
2026-05-06 00:40:52,607 [Trainer] :: Completed epoch 106: train_loss=0.062678 train_iou=0.940060 val_loss=0.387047 val_iou=0.602285 lr=0.00007251
2026-05-06 00:40:53,056 [Trainer] :: Updated latest checkpoint at epoch 106
2026-05-06 00:40:53,056 [Trainer] :: No validation IoU improvement for 33 epoch(s)
2026-05-06 00:40:53,056 [Trainer] :: Starting epoch 107
2026-05-06 00:45:04,014 [Trainer] :: Completed epoch 107: train_loss=0.063898 train_iou=0.939264 val_loss=0.423662 val_iou=0.588978 lr=0.00007204
2026-05-06 00:45:04,400 [Trainer] :: Updated latest checkpoint at epoch 107
2026-05-06 00:45:04,400 [Trainer] :: No validation IoU improvement for 34 epoch(s)
2026-05-06 00:45:04,400 [Trainer] :: Starting epoch 108
2026-05-06 00:49:04,350 [Trainer] :: Completed epoch 108: train_loss=0.062672 train_iou=0.940431 val_loss=0.402292 val_iou=0.595037 lr=0.00007158
2026-05-06 00:49:04,715 [Trainer] :: Updated latest checkpoint at epoch 108
2026-05-06 00:49:04,716 [Trainer] :: No validation IoU improvement for 35 epoch(s)
2026-05-06 00:49:04,716 [Trainer] :: Starting epoch 109
2026-05-06 00:53:28,325 [Trainer] :: Completed epoch 109: train_loss=0.061553 train_iou=0.940868 val_loss=0.376174 val_iou=0.623968 lr=0.00007111
2026-05-06 00:53:28,925 [Trainer] :: Updated latest checkpoint at epoch 109
2026-05-06 00:53:28,925 [Trainer] :: No validation IoU improvement for 36 epoch(s)
2026-05-06 00:53:28,926 [Trainer] :: Starting epoch 110
2026-05-06 00:57:49,988 [Trainer] :: Completed epoch 110: train_loss=0.060820 train_iou=0.942330 val_loss=0.392630 val_iou=0.607066 lr=0.00007063
2026-05-06 00:57:50,382 [Trainer] :: Updated latest checkpoint at epoch 110
2026-05-06 00:57:50,382 [Trainer] :: No validation IoU improvement for 37 epoch(s)
2026-05-06 00:57:50,382 [Trainer] :: Starting epoch 111
2026-05-06 01:01:55,483 [Trainer] :: Completed epoch 111: train_loss=0.061586 train_iou=0.941972 val_loss=0.381332 val_iou=0.608474 lr=0.00007016
2026-05-06 01:01:55,886 [Trainer] :: Updated latest checkpoint at epoch 111
2026-05-06 01:01:55,886 [Trainer] :: No validation IoU improvement for 38 epoch(s)
2026-05-06 01:01:55,886 [Trainer] :: Starting epoch 112
2026-05-06 01:06:12,735 [Trainer] :: Completed epoch 112: train_loss=0.060180 train_iou=0.943163 val_loss=0.382942 val_iou=0.616562 lr=0.00006968
2026-05-06 01:06:13,174 [Trainer] :: Updated latest checkpoint at epoch 112
2026-05-06 01:06:13,174 [Trainer] :: No validation IoU improvement for 39 epoch(s)
2026-05-06 01:06:13,174 [Trainer] :: Starting epoch 113
2026-05-06 01:10:18,365 [Trainer] :: Completed epoch 113: train_loss=0.058988 train_iou=0.943828 val_loss=0.409744 val_iou=0.608413 lr=0.00006920
2026-05-06 01:10:18,785 [Trainer] :: Updated latest checkpoint at epoch 113
2026-05-06 01:10:18,785 [Trainer] :: No validation IoU improvement for 40 epoch(s)
2026-05-06 01:10:18,785 [Trainer] :: Starting epoch 114
2026-05-06 01:14:38,252 [Trainer] :: Completed epoch 114: train_loss=0.060074 train_iou=0.942772 val_loss=0.386940 val_iou=0.609278 lr=0.00006872
2026-05-06 01:14:38,681 [Trainer] :: Updated latest checkpoint at epoch 114
2026-05-06 01:14:38,681 [Trainer] :: No validation IoU improvement for 41 epoch(s)
2026-05-06 01:14:38,681 [Trainer] :: Starting epoch 115
2026-05-06 01:18:54,847 [Trainer] :: Completed epoch 115: train_loss=0.057848 train_iou=0.945408 val_loss=0.380864 val_iou=0.617491 lr=0.00006824
2026-05-06 01:18:55,268 [Trainer] :: Updated latest checkpoint at epoch 115
2026-05-06 01:18:55,268 [Trainer] :: No validation IoU improvement for 42 epoch(s)
2026-05-06 01:18:55,268 [Trainer] :: Starting epoch 116
2026-05-06 01:23:03,970 [Trainer] :: Completed epoch 116: train_loss=0.057125 train_iou=0.945937 val_loss=0.406007 val_iou=0.588161 lr=0.00006775
2026-05-06 01:23:04,367 [Trainer] :: Updated latest checkpoint at epoch 116
2026-05-06 01:23:04,367 [Trainer] :: No validation IoU improvement for 43 epoch(s)
2026-05-06 01:23:04,367 [Trainer] :: Starting epoch 117
2026-05-06 01:27:11,408 [Trainer] :: Completed epoch 117: train_loss=0.057510 train_iou=0.945916 val_loss=0.402916 val_iou=0.607796 lr=0.00006727
2026-05-06 01:27:11,813 [Trainer] :: Updated latest checkpoint at epoch 117
2026-05-06 01:27:11,813 [Trainer] :: No validation IoU improvement for 44 epoch(s)
2026-05-06 01:27:11,813 [Trainer] :: Starting epoch 118
2026-05-06 01:31:08,296 [Trainer] :: Completed epoch 118: train_loss=0.057178 train_iou=0.946230 val_loss=0.375840 val_iou=0.625046 lr=0.00006678
2026-05-06 01:31:08,786 [Trainer] :: Updated latest checkpoint at epoch 118
2026-05-06 01:31:08,786 [Trainer] :: No validation IoU improvement for 45 epoch(s)
2026-05-06 01:31:08,786 [Trainer] :: Starting epoch 119
2026-05-06 01:35:17,796 [Trainer] :: Completed epoch 119: train_loss=0.056228 train_iou=0.946623 val_loss=0.405730 val_iou=0.600898 lr=0.00006629
2026-05-06 01:35:18,181 [Trainer] :: Updated latest checkpoint at epoch 119
2026-05-06 01:35:18,181 [Trainer] :: No validation IoU improvement for 46 epoch(s)
2026-05-06 01:35:18,181 [Trainer] :: Starting epoch 120
2026-05-06 01:39:18,384 [Trainer] :: Completed epoch 120: train_loss=0.056586 train_iou=0.946469 val_loss=0.402199 val_iou=0.605854 lr=0.00006580
2026-05-06 01:39:18,776 [Trainer] :: Updated latest checkpoint at epoch 120
2026-05-06 01:39:18,776 [Trainer] :: No validation IoU improvement for 47 epoch(s)
2026-05-06 01:39:18,776 [Trainer] :: Starting epoch 121
2026-05-06 01:43:55,138 [Trainer] :: Completed epoch 121: train_loss=0.055856 train_iou=0.947188 val_loss=0.406914 val_iou=0.608107 lr=0.00006530
2026-05-06 01:43:55,505 [Trainer] :: Updated latest checkpoint at epoch 121
2026-05-06 01:43:55,505 [Trainer] :: No validation IoU improvement for 48 epoch(s)
2026-05-06 01:43:55,505 [Trainer] :: Starting epoch 122
2026-05-06 01:48:00,237 [Trainer] :: Completed epoch 122: train_loss=0.055253 train_iou=0.947922 val_loss=0.416271 val_iou=0.598453 lr=0.00006481
2026-05-06 01:48:00,601 [Trainer] :: Updated latest checkpoint at epoch 122
2026-05-06 01:48:00,601 [Trainer] :: No validation IoU improvement for 49 epoch(s)
2026-05-06 01:48:00,601 [Trainer] :: Starting epoch 123
2026-05-06 01:52:08,306 [Trainer] :: Completed epoch 123: train_loss=0.055174 train_iou=0.948350 val_loss=0.432038 val_iou=0.590195 lr=0.00006431
2026-05-06 01:52:08,716 [Trainer] :: Updated latest checkpoint at epoch 123
2026-05-06 01:52:08,716 [Trainer] :: No validation IoU improvement for 50 epoch(s)
2026-05-06 01:52:08,717 [Trainer] :: Starting epoch 124
2026-05-06 01:56:17,654 [Trainer] :: Completed epoch 124: train_loss=0.055199 train_iou=0.947535 val_loss=0.389779 val_iou=0.621967 lr=0.00006381
2026-05-06 01:56:18,476 [Trainer] :: Updated latest checkpoint at epoch 124
2026-05-06 01:56:18,476 [Trainer] :: No validation IoU improvement for 51 epoch(s)
2026-05-06 01:56:18,476 [Trainer] :: Starting epoch 125
2026-05-06 02:00:22,627 [Trainer] :: Completed epoch 125: train_loss=0.056982 train_iou=0.947059 val_loss=0.415892 val_iou=0.604392 lr=0.00006331
2026-05-06 02:00:23,127 [Trainer] :: Updated latest checkpoint at epoch 125
2026-05-06 02:00:23,127 [Trainer] :: No validation IoU improvement for 52 epoch(s)
2026-05-06 02:00:23,127 [Trainer] :: Starting epoch 126
2026-05-06 02:04:25,261 [Trainer] :: Completed epoch 126: train_loss=0.057027 train_iou=0.946986 val_loss=0.407428 val_iou=0.602228 lr=0.00006281
2026-05-06 02:04:25,909 [Trainer] :: Updated latest checkpoint at epoch 126
2026-05-06 02:04:25,909 [Trainer] :: No validation IoU improvement for 53 epoch(s)
2026-05-06 02:04:25,909 [Trainer] :: Starting epoch 127
2026-05-06 02:08:33,228 [Trainer] :: Completed epoch 127: train_loss=0.055789 train_iou=0.947382 val_loss=0.437885 val_iou=0.578641 lr=0.00006231
2026-05-06 02:08:33,594 [Trainer] :: Updated latest checkpoint at epoch 127
2026-05-06 02:08:33,595 [Trainer] :: No validation IoU improvement for 54 epoch(s)
2026-05-06 02:08:33,595 [Trainer] :: Starting epoch 128
2026-05-06 02:12:30,609 [Trainer] :: Completed epoch 128: train_loss=0.055128 train_iou=0.947949 val_loss=0.427344 val_iou=0.598667 lr=0.00006180
2026-05-06 02:12:30,975 [Trainer] :: Updated latest checkpoint at epoch 128
2026-05-06 02:12:30,975 [Trainer] :: No validation IoU improvement for 55 epoch(s)
2026-05-06 02:12:30,975 [Trainer] :: Starting epoch 129
2026-05-06 02:16:50,041 [Trainer] :: Completed epoch 129: train_loss=0.055257 train_iou=0.947914 val_loss=0.419596 val_iou=0.598799 lr=0.00006130
2026-05-06 02:16:50,693 [Trainer] :: Updated latest checkpoint at epoch 129
2026-05-06 02:16:50,694 [Trainer] :: No validation IoU improvement for 56 epoch(s)
2026-05-06 02:16:50,694 [Trainer] :: Starting epoch 130
2026-05-06 02:20:56,826 [Trainer] :: Completed epoch 130: train_loss=0.057415 train_iou=0.945906 val_loss=0.390672 val_iou=0.611692 lr=0.00006079
2026-05-06 02:20:57,241 [Trainer] :: Updated latest checkpoint at epoch 130
2026-05-06 02:20:57,241 [Trainer] :: No validation IoU improvement for 57 epoch(s)
2026-05-06 02:20:57,241 [Trainer] :: Starting epoch 131
2026-05-06 02:24:57,244 [Trainer] :: Completed epoch 131: train_loss=0.055978 train_iou=0.947253 val_loss=0.382959 val_iou=0.615514 lr=0.00006028
2026-05-06 02:24:57,701 [Trainer] :: Updated latest checkpoint at epoch 131
2026-05-06 02:24:57,701 [Trainer] :: No validation IoU improvement for 58 epoch(s)
2026-05-06 02:24:57,701 [Trainer] :: Starting epoch 132
2026-05-06 02:29:43,723 [Trainer] :: Completed epoch 132: train_loss=0.054753 train_iou=0.948438 val_loss=0.401537 val_iou=0.605020 lr=0.00005978
2026-05-06 02:29:44,130 [Trainer] :: Updated latest checkpoint at epoch 132
2026-05-06 02:29:44,131 [Trainer] :: No validation IoU improvement for 59 epoch(s)
2026-05-06 02:29:44,131 [Trainer] :: Starting epoch 133
2026-05-06 02:33:42,936 [Trainer] :: Completed epoch 133: train_loss=0.055041 train_iou=0.948522 val_loss=0.380096 val_iou=0.623005 lr=0.00005927
2026-05-06 02:33:43,393 [Trainer] :: Updated latest checkpoint at epoch 133
2026-05-06 02:33:43,393 [Trainer] :: No validation IoU improvement for 60 epoch(s)
2026-05-06 02:33:43,393 [Trainer] :: Early stopping triggered after 60 epoch(s) without improvement
2026-05-06 02:38:14,893 [Trainer] :: Wrote training history to outputs/runs/rgb_deeplabv3plus_resnet50_fuzzy_halo_seed50_20260505T151148Z/metrics/history.json
2026-05-06 02:38:14,910 [Trainer] :: Wrote test summary to outputs/runs/rgb_deeplabv3plus_resnet50_fuzzy_halo_seed50_20260505T151148Z/metrics/test_summary.json
2026-05-06 02:38:14,910 [Trainer] :: Training completed
