ailab-l4-09
Thu May 14 14:35:36 CEST 2026
2026-05-14T12:35:36Z [INFO] Slurm masking job started
2026-05-14T12:35:36Z [INFO] task_id=6 group=binary_train_multi_seed kind=train config=configs/binary/real_msi_unetpp_resnet34.yaml split=test seed=51 attempt=2
2026-05-14T12:35:36Z [INFO] pwd=/ceph/home/student.aau.dk/qd36zu/fuzzy-p10/tbd/masking host=ailab-l4-09 slurm_job_id=837173 cuda_visible_devices=4
2026-05-14T12:35:36Z [INFO] python=python singularity_image=/ceph/container/pytorch/pytorch_26.02.sif venv_activate=p10_venv/bin/activate
2026-05-14T12:35:37Z [INFO] status_file=outputs/slurm/status/retry-manifest_20260514T083657Z/task_6_attempt_2.status
2026-05-14T12:35:37Z [INFO] PYTHONPATH=/ceph/home/student.aau.dk/qd36zu/fuzzy-p10/tbd/masking OMP_NUM_THREADS=15 MKL_NUM_THREADS=15
2026-05-14T12:35:37Z [INFO] singularity=/usr/bin/singularity
Training configs/binary/real_msi_unetpp_resnet34.yaml
container_pwd=/ceph/home/student.aau.dk/qd36zu/fuzzy-p10/tbd/masking
container_python_before_venv=/usr/bin/python
using_venv=../../p10_venv/bin/activate
container_python_after_venv=/ceph/home/student.aau.dk/qd36zu/fuzzy-p10/p10_venv/bin/python
python_executable=/ceph/home/student.aau.dk/qd36zu/fuzzy-p10/p10_venv/bin/python
python_version=3.12.3
pythonpath=/ceph/home/student.aau.dk/qd36zu/fuzzy-p10/tbd/masking
/ceph/home/student.aau.dk/qd36zu/fuzzy-p10/tbd/masking/outputs/runs/real_msi_unetplusplus_resnet34_seed51_20260514T123602Z
Run directory: /ceph/home/student.aau.dk/qd36zu/fuzzy-p10/tbd/masking/outputs/runs/real_msi_unetplusplus_resnet34_seed51_20260514T123602Z
Evaluating /ceph/home/student.aau.dk/qd36zu/fuzzy-p10/tbd/masking/outputs/runs/real_msi_unetplusplus_resnet34_seed51_20260514T123602Z
container_pwd=/ceph/home/student.aau.dk/qd36zu/fuzzy-p10/tbd/masking
container_python_before_venv=/usr/bin/python
using_venv=../../p10_venv/bin/activate
container_python_after_venv=/ceph/home/student.aau.dk/qd36zu/fuzzy-p10/p10_venv/bin/python
python_executable=/ceph/home/student.aau.dk/qd36zu/fuzzy-p10/p10_venv/bin/python
python_version=3.12.3
pythonpath=/ceph/home/student.aau.dk/qd36zu/fuzzy-p10/tbd/masking
Thu May 14 18:10:27 CEST 2026
