ailab-l4-10
Fri May  8 03:36:20 CEST 2026
2026-05-08T01:36:20Z [INFO] Slurm masking job started
2026-05-08T01:36:20Z [INFO] task_id=301 group=fuzzy_train_multi_seed kind=train config=configs/fuzzy/rgb_real_msi_unetpp_resnet34.yaml split=test seed=43 attempt=1
2026-05-08T01:36:20Z [INFO] pwd=/ceph/home/student.aau.dk/qd36zu/fuzzy-p10/tbd/masking host=ailab-l4-10 slurm_job_id=826841 cuda_visible_devices=3
2026-05-08T01:36:20Z [INFO] python=python singularity_image=/ceph/container/pytorch/pytorch_26.02.sif venv_activate=p10_venv/bin/activate
2026-05-08T01:36:20Z [INFO] status_file=outputs/slurm/status/multi_seed_all_no_synth_20260430T192814Z/task_301_attempt_1.status
2026-05-08T01:36:20Z [INFO] PYTHONPATH=/ceph/home/student.aau.dk/qd36zu/fuzzy-p10/tbd/masking OMP_NUM_THREADS=15 MKL_NUM_THREADS=15
2026-05-08T01:36:20Z [INFO] singularity=/usr/bin/singularity
Training configs/fuzzy/rgb_real_msi_unetpp_resnet34.yaml
container_pwd=/ceph/home/student.aau.dk/qd36zu/fuzzy-p10/tbd/masking
container_python_before_venv=/usr/bin/python
using_venv=../../p10_venv/bin/activate
container_python_after_venv=/ceph/home/student.aau.dk/qd36zu/fuzzy-p10/p10_venv/bin/python
python_executable=/ceph/home/student.aau.dk/qd36zu/fuzzy-p10/p10_venv/bin/python
python_version=3.12.3
pythonpath=/ceph/home/student.aau.dk/qd36zu/fuzzy-p10/tbd/masking
/ceph/home/student.aau.dk/qd36zu/fuzzy-p10/tbd/masking/outputs/runs/rgb_real_msi_unetplusplus_resnet34_fuzzy_halo_seed43_20260508T013626Z
Run directory: /ceph/home/student.aau.dk/qd36zu/fuzzy-p10/tbd/masking/outputs/runs/rgb_real_msi_unetplusplus_resnet34_fuzzy_halo_seed43_20260508T013626Z
Evaluating /ceph/home/student.aau.dk/qd36zu/fuzzy-p10/tbd/masking/outputs/runs/rgb_real_msi_unetplusplus_resnet34_fuzzy_halo_seed43_20260508T013626Z
container_pwd=/ceph/home/student.aau.dk/qd36zu/fuzzy-p10/tbd/masking
container_python_before_venv=/usr/bin/python
using_venv=../../p10_venv/bin/activate
container_python_after_venv=/ceph/home/student.aau.dk/qd36zu/fuzzy-p10/p10_venv/bin/python
python_executable=/ceph/home/student.aau.dk/qd36zu/fuzzy-p10/p10_venv/bin/python
python_version=3.12.3
pythonpath=/ceph/home/student.aau.dk/qd36zu/fuzzy-p10/tbd/masking
Fri May  8 12:13:52 CEST 2026
