ailab-l4-10
Tue May  5 04:17:53 CEST 2026
2026-05-05T02:17:53Z [INFO] Slurm masking job started
2026-05-05T02:17:53Z [INFO] task_id=208 group=fuzzy_train_multi_seed kind=train config=configs/fuzzy/rgb_deeplabv3plus_resnet34.yaml split=test seed=50 attempt=1
2026-05-05T02:17:53Z [INFO] pwd=/ceph/home/student.aau.dk/qd36zu/fuzzy-p10/tbd/masking host=ailab-l4-10 slurm_job_id=821944 cuda_visible_devices=7
2026-05-05T02:17:53Z [INFO] python=python singularity_image=/ceph/container/pytorch/pytorch_26.02.sif venv_activate=p10_venv/bin/activate
2026-05-05T02:17:53Z [INFO] status_file=outputs/slurm/status/multi_seed_all_no_synth_20260430T192814Z/task_208_attempt_1.status
2026-05-05T02:17:53Z [INFO] PYTHONPATH=/ceph/home/student.aau.dk/qd36zu/fuzzy-p10/tbd/masking OMP_NUM_THREADS=15 MKL_NUM_THREADS=15
2026-05-05T02:17:53Z [INFO] singularity=/usr/bin/singularity
Training configs/fuzzy/rgb_deeplabv3plus_resnet34.yaml
container_pwd=/ceph/home/student.aau.dk/qd36zu/fuzzy-p10/tbd/masking
container_python_before_venv=/usr/bin/python
using_venv=../../p10_venv/bin/activate
container_python_after_venv=/ceph/home/student.aau.dk/qd36zu/fuzzy-p10/p10_venv/bin/python
python_executable=/ceph/home/student.aau.dk/qd36zu/fuzzy-p10/p10_venv/bin/python
python_version=3.12.3
pythonpath=/ceph/home/student.aau.dk/qd36zu/fuzzy-p10/tbd/masking
/ceph/home/student.aau.dk/qd36zu/fuzzy-p10/tbd/masking/outputs/runs/rgb_deeplabv3plus_resnet34_fuzzy_halo_seed50_20260505T021820Z
Run directory: /ceph/home/student.aau.dk/qd36zu/fuzzy-p10/tbd/masking/outputs/runs/rgb_deeplabv3plus_resnet34_fuzzy_halo_seed50_20260505T021820Z
Evaluating /ceph/home/student.aau.dk/qd36zu/fuzzy-p10/tbd/masking/outputs/runs/rgb_deeplabv3plus_resnet34_fuzzy_halo_seed50_20260505T021820Z
container_pwd=/ceph/home/student.aau.dk/qd36zu/fuzzy-p10/tbd/masking
container_python_before_venv=/usr/bin/python
using_venv=../../p10_venv/bin/activate
container_python_after_venv=/ceph/home/student.aau.dk/qd36zu/fuzzy-p10/p10_venv/bin/python
python_executable=/ceph/home/student.aau.dk/qd36zu/fuzzy-p10/p10_venv/bin/python
python_version=3.12.3
pythonpath=/ceph/home/student.aau.dk/qd36zu/fuzzy-p10/tbd/masking
Tue May  5 10:40:57 CEST 2026
