ailab-l4-09
Tue May 19 05:50:26 CEST 2026
2026-05-19T03:50:26Z [INFO] Slurm masking job started
2026-05-19T03:50:26Z [INFO] task_id=71 group=fuzzy_train_multi_seed kind=train config=configs/fuzzy/real_msi_deeplabv3plus_resnet34.yaml split=test seed=44 attempt=1
2026-05-19T03:50:26Z [INFO] pwd=/ceph/home/student.aau.dk/qd36zu/fuzzy-p10/tbd/masking host=ailab-l4-09 slurm_job_id=848191 cuda_visible_devices=1
2026-05-19T03:50:26Z [INFO] python=python singularity_image=/ceph/container/pytorch/pytorch_26.02.sif venv_activate=p10_venv/bin/activate
2026-05-19T03:50:26Z [INFO] status_file=outputs/slurm/status/retry-manifest_20260514T083657Z/task_71_attempt_1.status
2026-05-19T03:50:26Z [INFO] PYTHONPATH=/ceph/home/student.aau.dk/qd36zu/fuzzy-p10/tbd/masking OMP_NUM_THREADS=15 MKL_NUM_THREADS=15
2026-05-19T03:50:26Z [INFO] singularity=/usr/bin/singularity
Training configs/fuzzy/real_msi_deeplabv3plus_resnet34.yaml
container_pwd=/ceph/home/student.aau.dk/qd36zu/fuzzy-p10/tbd/masking
container_python_before_venv=/usr/bin/python
using_venv=../../p10_venv/bin/activate
container_python_after_venv=/ceph/home/student.aau.dk/qd36zu/fuzzy-p10/p10_venv/bin/python
python_executable=/ceph/home/student.aau.dk/qd36zu/fuzzy-p10/p10_venv/bin/python
python_version=3.12.3
pythonpath=/ceph/home/student.aau.dk/qd36zu/fuzzy-p10/tbd/masking
/ceph/home/student.aau.dk/qd36zu/fuzzy-p10/tbd/masking/outputs/runs/real_msi_deeplabv3plus_resnet34_fuzzy_halo_seed44_20260519T035034Z
Run directory: /ceph/home/student.aau.dk/qd36zu/fuzzy-p10/tbd/masking/outputs/runs/real_msi_deeplabv3plus_resnet34_fuzzy_halo_seed44_20260519T035034Z
Evaluating /ceph/home/student.aau.dk/qd36zu/fuzzy-p10/tbd/masking/outputs/runs/real_msi_deeplabv3plus_resnet34_fuzzy_halo_seed44_20260519T035034Z
container_pwd=/ceph/home/student.aau.dk/qd36zu/fuzzy-p10/tbd/masking
container_python_before_venv=/usr/bin/python
using_venv=../../p10_venv/bin/activate
container_python_after_venv=/ceph/home/student.aau.dk/qd36zu/fuzzy-p10/p10_venv/bin/python
python_executable=/ceph/home/student.aau.dk/qd36zu/fuzzy-p10/p10_venv/bin/python
python_version=3.12.3
pythonpath=/ceph/home/student.aau.dk/qd36zu/fuzzy-p10/tbd/masking
Tue May 19 11:08:28 CEST 2026
