ailab-l4-01
Tue May  5 23:49:46 CEST 2026
2026-05-05T21:49:46Z [INFO] Slurm masking job started
2026-05-05T21:49:46Z [INFO] task_id=229 group=fuzzy_train_multi_seed kind=train config=configs/fuzzy/rgb_segformer_b0.yaml split=test seed=51 attempt=1
2026-05-05T21:49:46Z [INFO] pwd=/ceph/home/student.aau.dk/qd36zu/fuzzy-p10/tbd/masking host=ailab-l4-01 slurm_job_id=823393 cuda_visible_devices=7
2026-05-05T21:49:46Z [INFO] python=python singularity_image=/ceph/container/pytorch/pytorch_26.02.sif venv_activate=p10_venv/bin/activate
2026-05-05T21:49:46Z [INFO] status_file=outputs/slurm/status/multi_seed_all_no_synth_20260430T192814Z/task_229_attempt_1.status
2026-05-05T21:49:46Z [INFO] PYTHONPATH=/ceph/home/student.aau.dk/qd36zu/fuzzy-p10/tbd/masking OMP_NUM_THREADS=15 MKL_NUM_THREADS=15
2026-05-05T21:49:46Z [INFO] singularity=/usr/bin/singularity
Training configs/fuzzy/rgb_segformer_b0.yaml
container_pwd=/ceph/home/student.aau.dk/qd36zu/fuzzy-p10/tbd/masking
container_python_before_venv=/usr/bin/python
using_venv=../../p10_venv/bin/activate
container_python_after_venv=/ceph/home/student.aau.dk/qd36zu/fuzzy-p10/p10_venv/bin/python
python_executable=/ceph/home/student.aau.dk/qd36zu/fuzzy-p10/p10_venv/bin/python
python_version=3.12.3
pythonpath=/ceph/home/student.aau.dk/qd36zu/fuzzy-p10/tbd/masking
/ceph/home/student.aau.dk/qd36zu/fuzzy-p10/tbd/masking/outputs/runs/rgb_segformer_b0_fuzzy_halo_seed51_20260505T215009Z
Run directory: /ceph/home/student.aau.dk/qd36zu/fuzzy-p10/tbd/masking/outputs/runs/rgb_segformer_b0_fuzzy_halo_seed51_20260505T215009Z
Evaluating /ceph/home/student.aau.dk/qd36zu/fuzzy-p10/tbd/masking/outputs/runs/rgb_segformer_b0_fuzzy_halo_seed51_20260505T215009Z
[33mWARNING:[0m Could not lookup the current user's information: user: unknown userid 225154
[31mFATAL:  [0m Couldn't determine user account information: user: unknown userid 225154
