ailab-l4-04
Fri May 15 00:02:39 CEST 2026
2026-05-14T22:02:39Z [INFO] Slurm masking job started
2026-05-14T22:02:39Z [INFO] task_id=10 group=binary_train_multi_seed kind=train config=configs/binary/real_msi_unetpp_resnet50.yaml split=test seed=45 attempt=1
2026-05-14T22:02:39Z [INFO] pwd=/ceph/home/student.aau.dk/qd36zu/fuzzy-p10/tbd/masking host=ailab-l4-04 slurm_job_id=838769 cuda_visible_devices=4
2026-05-14T22:02:39Z [INFO] python=python singularity_image=/ceph/container/pytorch/pytorch_26.02.sif venv_activate=p10_venv/bin/activate
2026-05-14T22:02:39Z [INFO] status_file=outputs/slurm/status/retry-manifest_20260514T083657Z/task_10_attempt_1.status
2026-05-14T22:02:39Z [INFO] PYTHONPATH=/ceph/home/student.aau.dk/qd36zu/fuzzy-p10/tbd/masking OMP_NUM_THREADS=15 MKL_NUM_THREADS=15
2026-05-14T22:02:39Z [INFO] singularity=/usr/bin/singularity
Training configs/binary/real_msi_unetpp_resnet50.yaml
container_pwd=/ceph/home/student.aau.dk/qd36zu/fuzzy-p10/tbd/masking
container_python_before_venv=/usr/bin/python
using_venv=../../p10_venv/bin/activate
container_python_after_venv=/ceph/home/student.aau.dk/qd36zu/fuzzy-p10/p10_venv/bin/python
python_executable=/ceph/home/student.aau.dk/qd36zu/fuzzy-p10/p10_venv/bin/python
python_version=3.12.3
pythonpath=/ceph/home/student.aau.dk/qd36zu/fuzzy-p10/tbd/masking
/ceph/home/student.aau.dk/qd36zu/fuzzy-p10/tbd/masking/outputs/runs/real_msi_unetplusplus_resnet50_seed45_20260514T220303Z
Run directory: /ceph/home/student.aau.dk/qd36zu/fuzzy-p10/tbd/masking/outputs/runs/real_msi_unetplusplus_resnet50_seed45_20260514T220303Z
Evaluating /ceph/home/student.aau.dk/qd36zu/fuzzy-p10/tbd/masking/outputs/runs/real_msi_unetplusplus_resnet50_seed45_20260514T220303Z
container_pwd=/ceph/home/student.aau.dk/qd36zu/fuzzy-p10/tbd/masking
container_python_before_venv=/usr/bin/python
using_venv=../../p10_venv/bin/activate
container_python_after_venv=/ceph/home/student.aau.dk/qd36zu/fuzzy-p10/p10_venv/bin/python
python_executable=/ceph/home/student.aau.dk/qd36zu/fuzzy-p10/p10_venv/bin/python
python_version=3.12.3
pythonpath=/ceph/home/student.aau.dk/qd36zu/fuzzy-p10/tbd/masking
Fri May 15 05:49:42 CEST 2026
