ailab-l4-07
Mon May  4 14:41:14 CEST 2026
2026-05-04T12:41:14Z [INFO] Slurm masking job started
2026-05-04T12:41:14Z [INFO] task_id=197 group=fuzzy_train_multi_seed kind=train config=configs/fuzzy/rgb_unetpp_resnet50.yaml split=test seed=49 attempt=1
2026-05-04T12:41:14Z [INFO] pwd=/ceph/home/student.aau.dk/qd36zu/fuzzy-p10/tbd/masking host=ailab-l4-07 slurm_job_id=820858 cuda_visible_devices=7
2026-05-04T12:41:14Z [INFO] python=python singularity_image=/ceph/container/pytorch/pytorch_26.02.sif venv_activate=p10_venv/bin/activate
2026-05-04T12:41:14Z [INFO] status_file=outputs/slurm/status/multi_seed_all_no_synth_20260430T192814Z/task_197_attempt_1.status
2026-05-04T12:41:14Z [INFO] PYTHONPATH=/ceph/home/student.aau.dk/qd36zu/fuzzy-p10/tbd/masking OMP_NUM_THREADS=15 MKL_NUM_THREADS=15
2026-05-04T12:41:14Z [INFO] singularity=/usr/bin/singularity
Training configs/fuzzy/rgb_unetpp_resnet50.yaml
container_pwd=/ceph/home/student.aau.dk/qd36zu/fuzzy-p10/tbd/masking
container_python_before_venv=/usr/bin/python
using_venv=../../p10_venv/bin/activate
container_python_after_venv=/ceph/home/student.aau.dk/qd36zu/fuzzy-p10/p10_venv/bin/python
python_executable=/ceph/home/student.aau.dk/qd36zu/fuzzy-p10/p10_venv/bin/python
python_version=3.12.3
pythonpath=/ceph/home/student.aau.dk/qd36zu/fuzzy-p10/tbd/masking
/ceph/home/student.aau.dk/qd36zu/fuzzy-p10/tbd/masking/outputs/runs/rgb_unetplusplus_resnet50_fuzzy_halo_seed49_20260504T124120Z
Run directory: /ceph/home/student.aau.dk/qd36zu/fuzzy-p10/tbd/masking/outputs/runs/rgb_unetplusplus_resnet50_fuzzy_halo_seed49_20260504T124120Z
Evaluating /ceph/home/student.aau.dk/qd36zu/fuzzy-p10/tbd/masking/outputs/runs/rgb_unetplusplus_resnet50_fuzzy_halo_seed49_20260504T124120Z
container_pwd=/ceph/home/student.aau.dk/qd36zu/fuzzy-p10/tbd/masking
container_python_before_venv=/usr/bin/python
using_venv=../../p10_venv/bin/activate
container_python_after_venv=/ceph/home/student.aau.dk/qd36zu/fuzzy-p10/p10_venv/bin/python
python_executable=/ceph/home/student.aau.dk/qd36zu/fuzzy-p10/p10_venv/bin/python
python_version=3.12.3
pythonpath=/ceph/home/student.aau.dk/qd36zu/fuzzy-p10/tbd/masking
Mon May  4 22:03:03 CEST 2026
