ailab-l4-04
Mon May 11 12:17:17 CEST 2026
2026-05-11T10:17:17Z [INFO] Slurm masking job started
2026-05-11T10:17:17Z [INFO] task_id=355 group=fuzzy_train_multi_seed kind=train config=configs/fuzzy/rgb_real_msi_segformer_b1.yaml split=test seed=47 attempt=4
2026-05-11T10:17:17Z [INFO] pwd=/ceph/home/student.aau.dk/qd36zu/fuzzy-p10/tbd/masking host=ailab-l4-04 slurm_job_id=832570 cuda_visible_devices=0
2026-05-11T10:17:17Z [INFO] python=python singularity_image=/ceph/container/pytorch/pytorch_26.02.sif venv_activate=p10_venv/bin/activate
2026-05-11T10:17:17Z [INFO] status_file=outputs/slurm/status/multi_seed_all_no_synth_20260430T192814Z/task_355_attempt_4.status
2026-05-11T10:17:17Z [INFO] PYTHONPATH=/ceph/home/student.aau.dk/qd36zu/fuzzy-p10/tbd/masking OMP_NUM_THREADS=15 MKL_NUM_THREADS=15
2026-05-11T10:17:17Z [INFO] singularity=/usr/bin/singularity
Training configs/fuzzy/rgb_real_msi_segformer_b1.yaml
container_pwd=/ceph/home/student.aau.dk/qd36zu/fuzzy-p10/tbd/masking
container_python_before_venv=/usr/bin/python
using_venv=../../p10_venv/bin/activate
container_python_after_venv=/ceph/home/student.aau.dk/qd36zu/fuzzy-p10/p10_venv/bin/python
python_executable=/ceph/home/student.aau.dk/qd36zu/fuzzy-p10/p10_venv/bin/python
python_version=3.12.3
pythonpath=/ceph/home/student.aau.dk/qd36zu/fuzzy-p10/tbd/masking
/ceph/home/student.aau.dk/qd36zu/fuzzy-p10/tbd/masking/outputs/runs/rgb_real_msi_segformer_b1_fuzzy_halo_seed47_20260511T101724Z
Run directory: /ceph/home/student.aau.dk/qd36zu/fuzzy-p10/tbd/masking/outputs/runs/rgb_real_msi_segformer_b1_fuzzy_halo_seed47_20260511T101724Z
Evaluating /ceph/home/student.aau.dk/qd36zu/fuzzy-p10/tbd/masking/outputs/runs/rgb_real_msi_segformer_b1_fuzzy_halo_seed47_20260511T101724Z
container_pwd=/ceph/home/student.aau.dk/qd36zu/fuzzy-p10/tbd/masking
container_python_before_venv=/usr/bin/python
using_venv=../../p10_venv/bin/activate
container_python_after_venv=/ceph/home/student.aau.dk/qd36zu/fuzzy-p10/p10_venv/bin/python
python_executable=/ceph/home/student.aau.dk/qd36zu/fuzzy-p10/p10_venv/bin/python
python_version=3.12.3
pythonpath=/ceph/home/student.aau.dk/qd36zu/fuzzy-p10/tbd/masking
Mon May 11 21:46:01 CEST 2026
