ailab-l4-10
Sat May 16 06:47:16 CEST 2026
2026-05-16T04:47:16Z [INFO] Slurm masking job started
2026-05-16T04:47:16Z [INFO] task_id=52 group=fuzzy_train_multi_seed kind=train config=configs/fuzzy/rgb_unetpp_resnet34.yaml split=test seed=42 attempt=1
2026-05-16T04:47:16Z [INFO] pwd=/ceph/home/student.aau.dk/qd36zu/fuzzy-p10/tbd/masking host=ailab-l4-10 slurm_job_id=841831 cuda_visible_devices=6
2026-05-16T04:47:16Z [INFO] python=python singularity_image=/ceph/container/pytorch/pytorch_26.02.sif venv_activate=p10_venv/bin/activate
2026-05-16T04:47:16Z [INFO] status_file=outputs/slurm/status/retry-manifest_20260514T083657Z/task_52_attempt_1.status
2026-05-16T04:47:16Z [INFO] PYTHONPATH=/ceph/home/student.aau.dk/qd36zu/fuzzy-p10/tbd/masking OMP_NUM_THREADS=15 MKL_NUM_THREADS=15
2026-05-16T04:47:16Z [INFO] singularity=/usr/bin/singularity
Training configs/fuzzy/rgb_unetpp_resnet34.yaml
container_pwd=/ceph/home/student.aau.dk/qd36zu/fuzzy-p10/tbd/masking
container_python_before_venv=/usr/bin/python
using_venv=../../p10_venv/bin/activate
container_python_after_venv=/ceph/home/student.aau.dk/qd36zu/fuzzy-p10/p10_venv/bin/python
python_executable=/ceph/home/student.aau.dk/qd36zu/fuzzy-p10/p10_venv/bin/python
python_version=3.12.3
pythonpath=/ceph/home/student.aau.dk/qd36zu/fuzzy-p10/tbd/masking
/ceph/home/student.aau.dk/qd36zu/fuzzy-p10/tbd/masking/outputs/runs/rgb_unetplusplus_resnet34_fuzzy_halo_seed42_20260516T044741Z
Run directory: /ceph/home/student.aau.dk/qd36zu/fuzzy-p10/tbd/masking/outputs/runs/rgb_unetplusplus_resnet34_fuzzy_halo_seed42_20260516T044741Z
Evaluating /ceph/home/student.aau.dk/qd36zu/fuzzy-p10/tbd/masking/outputs/runs/rgb_unetplusplus_resnet34_fuzzy_halo_seed42_20260516T044741Z
container_pwd=/ceph/home/student.aau.dk/qd36zu/fuzzy-p10/tbd/masking
container_python_before_venv=/usr/bin/python
using_venv=../../p10_venv/bin/activate
container_python_after_venv=/ceph/home/student.aau.dk/qd36zu/fuzzy-p10/p10_venv/bin/python
python_executable=/ceph/home/student.aau.dk/qd36zu/fuzzy-p10/p10_venv/bin/python
python_version=3.12.3
pythonpath=/ceph/home/student.aau.dk/qd36zu/fuzzy-p10/tbd/masking
Sat May 16 12:37:07 CEST 2026
