2026-05-03 11:21:55,436 [Trainer] :: Training run initialized at /ceph/home/student.aau.dk/qd36zu/fuzzy-p10/tbd/masking/outputs/runs/rgb_real_msi_deeplabv3plus_resnet34_seed45_20260503T092155Z
2026-05-03 11:21:55,437 [Trainer] :: Loaded config from /ceph/home/student.aau.dk/qd36zu/fuzzy-p10/tbd/masking/configs/binary/rgb_real_msi_deeplabv3plus_resnet34.yaml
2026-05-03 11:21:55,437 [Trainer] :: Using seed=45 and device=None
2026-05-03 11:21:55,437 [Trainer] :: Using model architecture=DeepLabV3Plus encoder=resnet34 encoder_weights=imagenet
2026-05-03 11:21:56,152 [Trainer] :: Resolved runtime device to cuda
2026-05-03 11:21:56,153 [Trainer] :: Prepared normalization from source=train_split_patch_stats
2026-05-03 11:22:19,111 [Trainer] :: Built dataloaders with batch_size=16, num_workers=0
2026-05-03 11:22:19,113 [Trainer] :: Starting epoch 1
2026-05-03 11:41:37,695 [Trainer] :: Completed epoch 1: train_loss=0.407582 train_iou=0.651588 val_loss=0.345754 val_iou=0.541156 lr=0.00010000
2026-05-03 11:41:38,587 [Trainer] :: Updated latest checkpoint at epoch 1
2026-05-03 11:41:39,480 [Trainer] :: New best checkpoint saved with val_iou=0.541156
2026-05-03 11:41:39,480 [Trainer] :: Starting epoch 2
2026-05-03 11:55:12,128 [Trainer] :: Completed epoch 2: train_loss=0.300572 train_iou=0.739257 val_loss=0.332502 val_iou=0.555563 lr=0.00009999
2026-05-03 11:55:13,082 [Trainer] :: Updated latest checkpoint at epoch 2
2026-05-03 11:55:14,002 [Trainer] :: New best checkpoint saved with val_iou=0.555563
2026-05-03 11:55:14,002 [Trainer] :: Starting epoch 3
2026-05-03 12:09:59,492 [Trainer] :: Completed epoch 3: train_loss=0.272370 train_iou=0.762618 val_loss=0.327512 val_iou=0.567455 lr=0.00009998
2026-05-03 12:10:00,473 [Trainer] :: Updated latest checkpoint at epoch 3
2026-05-03 12:10:01,602 [Trainer] :: New best checkpoint saved with val_iou=0.567455
2026-05-03 12:10:01,602 [Trainer] :: Starting epoch 4
2026-05-03 12:25:51,675 [Trainer] :: Completed epoch 4: train_loss=0.254439 train_iou=0.777004 val_loss=0.302836 val_iou=0.580833 lr=0.00009996
2026-05-03 12:25:52,910 [Trainer] :: Updated latest checkpoint at epoch 4
2026-05-03 12:25:54,003 [Trainer] :: New best checkpoint saved with val_iou=0.580833
2026-05-03 12:25:54,003 [Trainer] :: Starting epoch 5
2026-05-03 12:41:35,710 [Trainer] :: Completed epoch 5: train_loss=0.236573 train_iou=0.791455 val_loss=0.306637 val_iou=0.581599 lr=0.00009993
2026-05-03 12:41:36,794 [Trainer] :: Updated latest checkpoint at epoch 5
2026-05-03 12:41:37,898 [Trainer] :: New best checkpoint saved with val_iou=0.581599
2026-05-03 12:41:37,898 [Trainer] :: Starting epoch 6
2026-05-03 12:57:10,977 [Trainer] :: Completed epoch 6: train_loss=0.229283 train_iou=0.797132 val_loss=0.285951 val_iou=0.596258 lr=0.00009990
2026-05-03 12:57:11,991 [Trainer] :: Updated latest checkpoint at epoch 6
2026-05-03 12:57:13,184 [Trainer] :: New best checkpoint saved with val_iou=0.596258
2026-05-03 12:57:13,185 [Trainer] :: Starting epoch 7
2026-05-03 13:13:03,198 [Trainer] :: Completed epoch 7: train_loss=0.223877 train_iou=0.801026 val_loss=0.286744 val_iou=0.588324 lr=0.00009987
2026-05-03 13:13:04,283 [Trainer] :: Updated latest checkpoint at epoch 7
2026-05-03 13:13:04,284 [Trainer] :: No validation IoU improvement for 1 epoch(s)
2026-05-03 13:13:04,284 [Trainer] :: Starting epoch 8
2026-05-03 13:28:59,737 [Trainer] :: Completed epoch 8: train_loss=0.214348 train_iou=0.808085 val_loss=0.276058 val_iou=0.610242 lr=0.00009983
2026-05-03 13:29:00,867 [Trainer] :: Updated latest checkpoint at epoch 8
2026-05-03 13:29:01,992 [Trainer] :: New best checkpoint saved with val_iou=0.610242
2026-05-03 13:29:01,992 [Trainer] :: Starting epoch 9
2026-05-03 13:41:09,538 [Trainer] :: Completed epoch 9: train_loss=0.204006 train_iou=0.819899 val_loss=0.274278 val_iou=0.617284 lr=0.00009978
2026-05-03 13:41:09,940 [Trainer] :: Updated latest checkpoint at epoch 9
2026-05-03 13:41:10,352 [Trainer] :: New best checkpoint saved with val_iou=0.617284
2026-05-03 13:41:10,352 [Trainer] :: Starting epoch 10
2026-05-03 13:45:03,067 [Trainer] :: Completed epoch 10: train_loss=0.204385 train_iou=0.816966 val_loss=0.264049 val_iou=0.623345 lr=0.00009973
2026-05-03 13:45:03,421 [Trainer] :: Updated latest checkpoint at epoch 10
2026-05-03 13:45:03,752 [Trainer] :: New best checkpoint saved with val_iou=0.623345
2026-05-03 13:45:03,752 [Trainer] :: Starting epoch 11
2026-05-03 13:48:46,435 [Trainer] :: Completed epoch 11: train_loss=0.195900 train_iou=0.827114 val_loss=0.263908 val_iou=0.631768 lr=0.00009967
2026-05-03 13:48:46,766 [Trainer] :: Updated latest checkpoint at epoch 11
2026-05-03 13:48:47,073 [Trainer] :: New best checkpoint saved with val_iou=0.631768
2026-05-03 13:48:47,073 [Trainer] :: Starting epoch 12
2026-05-03 13:52:44,056 [Trainer] :: Completed epoch 12: train_loss=0.185820 train_iou=0.832629 val_loss=0.276876 val_iou=0.616104 lr=0.00009961
2026-05-03 13:52:44,877 [Trainer] :: Updated latest checkpoint at epoch 12
2026-05-03 13:52:44,877 [Trainer] :: No validation IoU improvement for 1 epoch(s)
2026-05-03 13:52:44,877 [Trainer] :: Starting epoch 13
2026-05-03 13:56:57,721 [Trainer] :: Completed epoch 13: train_loss=0.178877 train_iou=0.836249 val_loss=0.283967 val_iou=0.607066 lr=0.00009954
2026-05-03 13:56:58,280 [Trainer] :: Updated latest checkpoint at epoch 13
2026-05-03 13:56:58,280 [Trainer] :: No validation IoU improvement for 2 epoch(s)
2026-05-03 13:56:58,280 [Trainer] :: Starting epoch 14
2026-05-03 14:01:11,437 [Trainer] :: Completed epoch 14: train_loss=0.173297 train_iou=0.838743 val_loss=0.297904 val_iou=0.595319 lr=0.00009947
2026-05-03 14:01:11,788 [Trainer] :: Updated latest checkpoint at epoch 14
2026-05-03 14:01:11,789 [Trainer] :: No validation IoU improvement for 3 epoch(s)
2026-05-03 14:01:11,789 [Trainer] :: Starting epoch 15
2026-05-03 14:05:51,199 [Trainer] :: Completed epoch 15: train_loss=0.170874 train_iou=0.839858 val_loss=0.293787 val_iou=0.601475 lr=0.00009939
2026-05-03 14:05:51,685 [Trainer] :: Updated latest checkpoint at epoch 15
2026-05-03 14:05:51,686 [Trainer] :: No validation IoU improvement for 4 epoch(s)
2026-05-03 14:05:51,686 [Trainer] :: Starting epoch 16
2026-05-03 14:10:39,735 [Trainer] :: Completed epoch 16: train_loss=0.168323 train_iou=0.844037 val_loss=0.284878 val_iou=0.608450 lr=0.00009931
2026-05-03 14:10:40,307 [Trainer] :: Updated latest checkpoint at epoch 16
2026-05-03 14:10:40,308 [Trainer] :: No validation IoU improvement for 5 epoch(s)
2026-05-03 14:10:40,308 [Trainer] :: Starting epoch 17
2026-05-03 14:15:11,880 [Trainer] :: Completed epoch 17: train_loss=0.166983 train_iou=0.840405 val_loss=0.274150 val_iou=0.615367 lr=0.00009922
2026-05-03 14:15:12,331 [Trainer] :: Updated latest checkpoint at epoch 17
2026-05-03 14:15:12,331 [Trainer] :: No validation IoU improvement for 6 epoch(s)
2026-05-03 14:15:12,331 [Trainer] :: Starting epoch 18
2026-05-03 14:19:36,437 [Trainer] :: Completed epoch 18: train_loss=0.151346 train_iou=0.850727 val_loss=0.309245 val_iou=0.587279 lr=0.00009912
2026-05-03 14:19:36,941 [Trainer] :: Updated latest checkpoint at epoch 18
2026-05-03 14:19:36,941 [Trainer] :: No validation IoU improvement for 7 epoch(s)
2026-05-03 14:19:36,941 [Trainer] :: Starting epoch 19
2026-05-03 14:24:01,614 [Trainer] :: Completed epoch 19: train_loss=0.153217 train_iou=0.850998 val_loss=0.285522 val_iou=0.622753 lr=0.00009902
2026-05-03 14:24:02,113 [Trainer] :: Updated latest checkpoint at epoch 19
2026-05-03 14:24:02,113 [Trainer] :: No validation IoU improvement for 8 epoch(s)
2026-05-03 14:24:02,113 [Trainer] :: Starting epoch 20
2026-05-03 14:28:53,615 [Trainer] :: Completed epoch 20: train_loss=0.146081 train_iou=0.858725 val_loss=0.334763 val_iou=0.567691 lr=0.00009892
2026-05-03 14:28:54,032 [Trainer] :: Updated latest checkpoint at epoch 20
2026-05-03 14:28:54,032 [Trainer] :: No validation IoU improvement for 9 epoch(s)
2026-05-03 14:28:54,032 [Trainer] :: Starting epoch 21
2026-05-03 14:34:49,395 [Trainer] :: Completed epoch 21: train_loss=0.146934 train_iou=0.852611 val_loss=0.282244 val_iou=0.604922 lr=0.00009881
2026-05-03 14:34:49,882 [Trainer] :: Updated latest checkpoint at epoch 21
2026-05-03 14:34:49,883 [Trainer] :: No validation IoU improvement for 10 epoch(s)
2026-05-03 14:34:49,883 [Trainer] :: Starting epoch 22
2026-05-03 14:39:09,644 [Trainer] :: Completed epoch 22: train_loss=0.139875 train_iou=0.858307 val_loss=0.306572 val_iou=0.581846 lr=0.00009869
2026-05-03 14:39:10,078 [Trainer] :: Updated latest checkpoint at epoch 22
2026-05-03 14:39:10,079 [Trainer] :: No validation IoU improvement for 11 epoch(s)
2026-05-03 14:39:10,079 [Trainer] :: Starting epoch 23
2026-05-03 14:43:28,280 [Trainer] :: Completed epoch 23: train_loss=0.134773 train_iou=0.865805 val_loss=0.353430 val_iou=0.564521 lr=0.00009857
2026-05-03 14:43:28,806 [Trainer] :: Updated latest checkpoint at epoch 23
2026-05-03 14:43:28,806 [Trainer] :: No validation IoU improvement for 12 epoch(s)
2026-05-03 14:43:28,806 [Trainer] :: Starting epoch 24
2026-05-03 14:47:49,593 [Trainer] :: Completed epoch 24: train_loss=0.134314 train_iou=0.864386 val_loss=0.331153 val_iou=0.572558 lr=0.00009844
2026-05-03 14:47:50,045 [Trainer] :: Updated latest checkpoint at epoch 24
2026-05-03 14:47:50,045 [Trainer] :: No validation IoU improvement for 13 epoch(s)
2026-05-03 14:47:50,045 [Trainer] :: Starting epoch 25
2026-05-03 14:52:13,790 [Trainer] :: Completed epoch 25: train_loss=0.132059 train_iou=0.866452 val_loss=0.291815 val_iou=0.612878 lr=0.00009831
2026-05-03 14:52:14,157 [Trainer] :: Updated latest checkpoint at epoch 25
2026-05-03 14:52:14,157 [Trainer] :: No validation IoU improvement for 14 epoch(s)
2026-05-03 14:52:14,157 [Trainer] :: Starting epoch 26
2026-05-03 14:56:40,120 [Trainer] :: Completed epoch 26: train_loss=0.128546 train_iou=0.868348 val_loss=0.318855 val_iou=0.573034 lr=0.00009818
2026-05-03 14:56:40,538 [Trainer] :: Updated latest checkpoint at epoch 26
2026-05-03 14:56:40,538 [Trainer] :: No validation IoU improvement for 15 epoch(s)
2026-05-03 14:56:40,538 [Trainer] :: Starting epoch 27
2026-05-03 15:01:05,843 [Trainer] :: Completed epoch 27: train_loss=0.120991 train_iou=0.877795 val_loss=0.281533 val_iou=0.601987 lr=0.00009803
2026-05-03 15:01:06,238 [Trainer] :: Updated latest checkpoint at epoch 27
2026-05-03 15:01:06,238 [Trainer] :: No validation IoU improvement for 16 epoch(s)
2026-05-03 15:01:06,238 [Trainer] :: Starting epoch 28
2026-05-03 15:05:29,433 [Trainer] :: Completed epoch 28: train_loss=0.117912 train_iou=0.879522 val_loss=0.357850 val_iou=0.522797 lr=0.00009789
2026-05-03 15:05:29,868 [Trainer] :: Updated latest checkpoint at epoch 28
2026-05-03 15:05:29,869 [Trainer] :: No validation IoU improvement for 17 epoch(s)
2026-05-03 15:05:29,869 [Trainer] :: Starting epoch 29
2026-05-03 15:09:55,903 [Trainer] :: Completed epoch 29: train_loss=0.115522 train_iou=0.880993 val_loss=0.318417 val_iou=0.589960 lr=0.00009773
2026-05-03 15:09:56,375 [Trainer] :: Updated latest checkpoint at epoch 29
2026-05-03 15:09:56,375 [Trainer] :: No validation IoU improvement for 18 epoch(s)
2026-05-03 15:09:56,375 [Trainer] :: Starting epoch 30
2026-05-03 15:14:22,389 [Trainer] :: Completed epoch 30: train_loss=0.112952 train_iou=0.884155 val_loss=0.339388 val_iou=0.575421 lr=0.00009758
2026-05-03 15:14:22,859 [Trainer] :: Updated latest checkpoint at epoch 30
2026-05-03 15:14:22,859 [Trainer] :: No validation IoU improvement for 19 epoch(s)
2026-05-03 15:14:22,859 [Trainer] :: Starting epoch 31
2026-05-03 15:18:44,626 [Trainer] :: Completed epoch 31: train_loss=0.112274 train_iou=0.886411 val_loss=0.304817 val_iou=0.593195 lr=0.00009741
2026-05-03 15:18:45,219 [Trainer] :: Updated latest checkpoint at epoch 31
2026-05-03 15:18:45,219 [Trainer] :: No validation IoU improvement for 20 epoch(s)
2026-05-03 15:18:45,219 [Trainer] :: Starting epoch 32
2026-05-03 15:23:12,274 [Trainer] :: Completed epoch 32: train_loss=0.110275 train_iou=0.887277 val_loss=0.317114 val_iou=0.578800 lr=0.00009725
2026-05-03 15:23:12,771 [Trainer] :: Updated latest checkpoint at epoch 32
2026-05-03 15:23:12,771 [Trainer] :: No validation IoU improvement for 21 epoch(s)
2026-05-03 15:23:12,771 [Trainer] :: Starting epoch 33
2026-05-03 15:27:39,124 [Trainer] :: Completed epoch 33: train_loss=0.111200 train_iou=0.886292 val_loss=0.343475 val_iou=0.566575 lr=0.00009707
2026-05-03 15:27:39,889 [Trainer] :: Updated latest checkpoint at epoch 33
2026-05-03 15:27:39,889 [Trainer] :: No validation IoU improvement for 22 epoch(s)
2026-05-03 15:27:39,889 [Trainer] :: Starting epoch 34
2026-05-03 15:32:14,979 [Trainer] :: Completed epoch 34: train_loss=0.102105 train_iou=0.894606 val_loss=0.277450 val_iou=0.628767 lr=0.00009690
2026-05-03 15:32:15,395 [Trainer] :: Updated latest checkpoint at epoch 34
2026-05-03 15:32:15,395 [Trainer] :: No validation IoU improvement for 23 epoch(s)
2026-05-03 15:32:15,395 [Trainer] :: Starting epoch 35
2026-05-03 15:36:44,625 [Trainer] :: Completed epoch 35: train_loss=0.105701 train_iou=0.891201 val_loss=0.298792 val_iou=0.611107 lr=0.00009671
2026-05-03 15:36:45,246 [Trainer] :: Updated latest checkpoint at epoch 35
2026-05-03 15:36:45,246 [Trainer] :: No validation IoU improvement for 24 epoch(s)
2026-05-03 15:36:45,246 [Trainer] :: Starting epoch 36
2026-05-03 15:41:09,401 [Trainer] :: Completed epoch 36: train_loss=0.103327 train_iou=0.894912 val_loss=0.326396 val_iou=0.579232 lr=0.00009652
2026-05-03 15:41:09,844 [Trainer] :: Updated latest checkpoint at epoch 36
2026-05-03 15:41:09,844 [Trainer] :: No validation IoU improvement for 25 epoch(s)
2026-05-03 15:41:09,844 [Trainer] :: Starting epoch 37
2026-05-03 15:45:41,827 [Trainer] :: Completed epoch 37: train_loss=0.100712 train_iou=0.895432 val_loss=0.307667 val_iou=0.598499 lr=0.00009633
2026-05-03 15:45:42,657 [Trainer] :: Updated latest checkpoint at epoch 37
2026-05-03 15:45:42,658 [Trainer] :: No validation IoU improvement for 26 epoch(s)
2026-05-03 15:45:42,658 [Trainer] :: Starting epoch 38
2026-05-03 15:50:14,515 [Trainer] :: Completed epoch 38: train_loss=0.097596 train_iou=0.897772 val_loss=0.291248 val_iou=0.610821 lr=0.00009613
2026-05-03 15:50:15,050 [Trainer] :: Updated latest checkpoint at epoch 38
2026-05-03 15:50:15,051 [Trainer] :: No validation IoU improvement for 27 epoch(s)
2026-05-03 15:50:15,051 [Trainer] :: Starting epoch 39
2026-05-03 15:54:34,384 [Trainer] :: Completed epoch 39: train_loss=0.097807 train_iou=0.897509 val_loss=0.324322 val_iou=0.586527 lr=0.00009593
2026-05-03 15:54:34,803 [Trainer] :: Updated latest checkpoint at epoch 39
2026-05-03 15:54:34,803 [Trainer] :: No validation IoU improvement for 28 epoch(s)
2026-05-03 15:54:34,803 [Trainer] :: Starting epoch 40
2026-05-03 15:58:54,887 [Trainer] :: Completed epoch 40: train_loss=0.097144 train_iou=0.899405 val_loss=0.306592 val_iou=0.608996 lr=0.00009572
2026-05-03 15:58:55,296 [Trainer] :: Updated latest checkpoint at epoch 40
2026-05-03 15:58:55,296 [Trainer] :: No validation IoU improvement for 29 epoch(s)
2026-05-03 15:58:55,296 [Trainer] :: Starting epoch 41
2026-05-03 16:03:19,857 [Trainer] :: Completed epoch 41: train_loss=0.094464 train_iou=0.902385 val_loss=0.359510 val_iou=0.572517 lr=0.00009551
2026-05-03 16:03:20,282 [Trainer] :: Updated latest checkpoint at epoch 41
2026-05-03 16:03:20,282 [Trainer] :: No validation IoU improvement for 30 epoch(s)
2026-05-03 16:03:20,282 [Trainer] :: Starting epoch 42
2026-05-03 16:07:41,106 [Trainer] :: Completed epoch 42: train_loss=0.092724 train_iou=0.902507 val_loss=0.320741 val_iou=0.594754 lr=0.00009529
2026-05-03 16:07:41,683 [Trainer] :: Updated latest checkpoint at epoch 42
2026-05-03 16:07:41,683 [Trainer] :: No validation IoU improvement for 31 epoch(s)
2026-05-03 16:07:41,683 [Trainer] :: Starting epoch 43
2026-05-03 16:11:56,543 [Trainer] :: Completed epoch 43: train_loss=0.093776 train_iou=0.902312 val_loss=0.310310 val_iou=0.589325 lr=0.00009507
2026-05-03 16:11:57,144 [Trainer] :: Updated latest checkpoint at epoch 43
2026-05-03 16:11:57,144 [Trainer] :: No validation IoU improvement for 32 epoch(s)
2026-05-03 16:11:57,144 [Trainer] :: Starting epoch 44
2026-05-03 16:16:13,835 [Trainer] :: Completed epoch 44: train_loss=0.089420 train_iou=0.906196 val_loss=0.331166 val_iou=0.581281 lr=0.00009484
2026-05-03 16:16:14,195 [Trainer] :: Updated latest checkpoint at epoch 44
2026-05-03 16:16:14,195 [Trainer] :: No validation IoU improvement for 33 epoch(s)
2026-05-03 16:16:14,195 [Trainer] :: Starting epoch 45
2026-05-03 16:20:26,530 [Trainer] :: Completed epoch 45: train_loss=0.089703 train_iou=0.905539 val_loss=0.320236 val_iou=0.602770 lr=0.00009460
2026-05-03 16:20:26,973 [Trainer] :: Updated latest checkpoint at epoch 45
2026-05-03 16:20:26,973 [Trainer] :: No validation IoU improvement for 34 epoch(s)
2026-05-03 16:20:26,973 [Trainer] :: Starting epoch 46
2026-05-03 16:24:41,048 [Trainer] :: Completed epoch 46: train_loss=0.087504 train_iou=0.908182 val_loss=0.312537 val_iou=0.614849 lr=0.00009437
2026-05-03 16:24:41,442 [Trainer] :: Updated latest checkpoint at epoch 46
2026-05-03 16:24:41,442 [Trainer] :: No validation IoU improvement for 35 epoch(s)
2026-05-03 16:24:41,442 [Trainer] :: Starting epoch 47
2026-05-03 16:28:54,067 [Trainer] :: Completed epoch 47: train_loss=0.086759 train_iou=0.908182 val_loss=0.313466 val_iou=0.594632 lr=0.00009412
2026-05-03 16:28:54,455 [Trainer] :: Updated latest checkpoint at epoch 47
2026-05-03 16:28:54,455 [Trainer] :: No validation IoU improvement for 36 epoch(s)
2026-05-03 16:28:54,455 [Trainer] :: Starting epoch 48
2026-05-03 16:33:07,271 [Trainer] :: Completed epoch 48: train_loss=0.085896 train_iou=0.909633 val_loss=0.296991 val_iou=0.614820 lr=0.00009388
2026-05-03 16:33:07,783 [Trainer] :: Updated latest checkpoint at epoch 48
2026-05-03 16:33:07,783 [Trainer] :: No validation IoU improvement for 37 epoch(s)
2026-05-03 16:33:07,783 [Trainer] :: Starting epoch 49
2026-05-03 16:37:24,815 [Trainer] :: Completed epoch 49: train_loss=0.085188 train_iou=0.908443 val_loss=0.303898 val_iou=0.604813 lr=0.00009363
2026-05-03 16:37:25,269 [Trainer] :: Updated latest checkpoint at epoch 49
2026-05-03 16:37:25,269 [Trainer] :: No validation IoU improvement for 38 epoch(s)
2026-05-03 16:37:25,270 [Trainer] :: Starting epoch 50
2026-05-03 16:41:41,754 [Trainer] :: Completed epoch 50: train_loss=0.082582 train_iou=0.912242 val_loss=0.290129 val_iou=0.613506 lr=0.00009337
2026-05-03 16:41:42,248 [Trainer] :: Updated latest checkpoint at epoch 50
2026-05-03 16:41:42,248 [Trainer] :: No validation IoU improvement for 39 epoch(s)
2026-05-03 16:41:42,248 [Trainer] :: Starting epoch 51
2026-05-03 16:46:00,899 [Trainer] :: Completed epoch 51: train_loss=0.081134 train_iou=0.914455 val_loss=0.305625 val_iou=0.614760 lr=0.00009311
2026-05-03 16:46:01,319 [Trainer] :: Updated latest checkpoint at epoch 51
2026-05-03 16:46:01,319 [Trainer] :: No validation IoU improvement for 40 epoch(s)
2026-05-03 16:46:01,320 [Trainer] :: Starting epoch 52
2026-05-03 16:50:25,320 [Trainer] :: Completed epoch 52: train_loss=0.079686 train_iou=0.915728 val_loss=0.314129 val_iou=0.591333 lr=0.00009284
2026-05-03 16:50:26,265 [Trainer] :: Updated latest checkpoint at epoch 52
2026-05-03 16:50:26,265 [Trainer] :: No validation IoU improvement for 41 epoch(s)
2026-05-03 16:50:26,265 [Trainer] :: Starting epoch 53
2026-05-03 16:54:48,964 [Trainer] :: Completed epoch 53: train_loss=0.080280 train_iou=0.914695 val_loss=0.341203 val_iou=0.566957 lr=0.00009257
2026-05-03 16:54:49,420 [Trainer] :: Updated latest checkpoint at epoch 53
2026-05-03 16:54:49,420 [Trainer] :: No validation IoU improvement for 42 epoch(s)
2026-05-03 16:54:49,420 [Trainer] :: Starting epoch 54
2026-05-03 16:59:08,487 [Trainer] :: Completed epoch 54: train_loss=0.075534 train_iou=0.919605 val_loss=0.312481 val_iou=0.613824 lr=0.00009229
2026-05-03 16:59:08,923 [Trainer] :: Updated latest checkpoint at epoch 54
2026-05-03 16:59:08,923 [Trainer] :: No validation IoU improvement for 43 epoch(s)
2026-05-03 16:59:08,923 [Trainer] :: Starting epoch 55
2026-05-03 17:03:29,934 [Trainer] :: Completed epoch 55: train_loss=0.078676 train_iou=0.916264 val_loss=0.406235 val_iou=0.517755 lr=0.00009201
2026-05-03 17:03:30,361 [Trainer] :: Updated latest checkpoint at epoch 55
2026-05-03 17:03:30,362 [Trainer] :: No validation IoU improvement for 44 epoch(s)
2026-05-03 17:03:30,362 [Trainer] :: Starting epoch 56
2026-05-03 17:07:51,450 [Trainer] :: Completed epoch 56: train_loss=0.076322 train_iou=0.918166 val_loss=0.297948 val_iou=0.611874 lr=0.00009173
2026-05-03 17:07:51,922 [Trainer] :: Updated latest checkpoint at epoch 56
2026-05-03 17:07:51,922 [Trainer] :: No validation IoU improvement for 45 epoch(s)
2026-05-03 17:07:51,922 [Trainer] :: Starting epoch 57
2026-05-03 17:12:08,703 [Trainer] :: Completed epoch 57: train_loss=0.074950 train_iou=0.920247 val_loss=0.285989 val_iou=0.616066 lr=0.00009144
2026-05-03 17:12:09,121 [Trainer] :: Updated latest checkpoint at epoch 57
2026-05-03 17:12:09,121 [Trainer] :: No validation IoU improvement for 46 epoch(s)
2026-05-03 17:12:09,122 [Trainer] :: Starting epoch 58
2026-05-03 17:16:35,609 [Trainer] :: Completed epoch 58: train_loss=0.073583 train_iou=0.921031 val_loss=0.309778 val_iou=0.593507 lr=0.00009115
2026-05-03 17:16:36,192 [Trainer] :: Updated latest checkpoint at epoch 58
2026-05-03 17:16:36,192 [Trainer] :: No validation IoU improvement for 47 epoch(s)
2026-05-03 17:16:36,192 [Trainer] :: Starting epoch 59
2026-05-03 17:20:57,930 [Trainer] :: Completed epoch 59: train_loss=0.070801 train_iou=0.923470 val_loss=0.326892 val_iou=0.597936 lr=0.00009085
2026-05-03 17:20:58,750 [Trainer] :: Updated latest checkpoint at epoch 59
2026-05-03 17:20:58,750 [Trainer] :: No validation IoU improvement for 48 epoch(s)
2026-05-03 17:20:58,750 [Trainer] :: Starting epoch 60
2026-05-03 17:25:23,141 [Trainer] :: Completed epoch 60: train_loss=0.073979 train_iou=0.921666 val_loss=0.360134 val_iou=0.563178 lr=0.00009055
2026-05-03 17:25:23,592 [Trainer] :: Updated latest checkpoint at epoch 60
2026-05-03 17:25:23,592 [Trainer] :: No validation IoU improvement for 49 epoch(s)
2026-05-03 17:25:23,592 [Trainer] :: Starting epoch 61
2026-05-03 17:29:44,048 [Trainer] :: Completed epoch 61: train_loss=0.070821 train_iou=0.924457 val_loss=0.321015 val_iou=0.595811 lr=0.00009024
2026-05-03 17:29:44,430 [Trainer] :: Updated latest checkpoint at epoch 61
2026-05-03 17:29:44,430 [Trainer] :: No validation IoU improvement for 50 epoch(s)
2026-05-03 17:29:44,430 [Trainer] :: Starting epoch 62
2026-05-03 17:34:07,700 [Trainer] :: Completed epoch 62: train_loss=0.072091 train_iou=0.923196 val_loss=0.318075 val_iou=0.598719 lr=0.00008993
2026-05-03 17:34:08,141 [Trainer] :: Updated latest checkpoint at epoch 62
2026-05-03 17:34:08,141 [Trainer] :: No validation IoU improvement for 51 epoch(s)
2026-05-03 17:34:08,141 [Trainer] :: Starting epoch 63
2026-05-03 17:38:28,633 [Trainer] :: Completed epoch 63: train_loss=0.071189 train_iou=0.923540 val_loss=0.324108 val_iou=0.594355 lr=0.00008961
2026-05-03 17:38:29,100 [Trainer] :: Updated latest checkpoint at epoch 63
2026-05-03 17:38:29,100 [Trainer] :: No validation IoU improvement for 52 epoch(s)
2026-05-03 17:38:29,100 [Trainer] :: Starting epoch 64
2026-05-03 17:42:47,943 [Trainer] :: Completed epoch 64: train_loss=0.068413 train_iou=0.926200 val_loss=0.313356 val_iou=0.606386 lr=0.00008929
2026-05-03 17:42:48,282 [Trainer] :: Updated latest checkpoint at epoch 64
2026-05-03 17:42:48,282 [Trainer] :: No validation IoU improvement for 53 epoch(s)
2026-05-03 17:42:48,282 [Trainer] :: Starting epoch 65
2026-05-03 17:47:15,394 [Trainer] :: Completed epoch 65: train_loss=0.068877 train_iou=0.925503 val_loss=0.324924 val_iou=0.601001 lr=0.00008897
2026-05-03 17:47:15,918 [Trainer] :: Updated latest checkpoint at epoch 65
2026-05-03 17:47:15,918 [Trainer] :: No validation IoU improvement for 54 epoch(s)
2026-05-03 17:47:15,918 [Trainer] :: Starting epoch 66
2026-05-03 17:52:08,130 [Trainer] :: Completed epoch 66: train_loss=0.068531 train_iou=0.926485 val_loss=0.324791 val_iou=0.597218 lr=0.00008864
2026-05-03 17:52:08,634 [Trainer] :: Updated latest checkpoint at epoch 66
2026-05-03 17:52:08,635 [Trainer] :: No validation IoU improvement for 55 epoch(s)
2026-05-03 17:52:08,635 [Trainer] :: Starting epoch 67
2026-05-03 17:56:40,915 [Trainer] :: Completed epoch 67: train_loss=0.067333 train_iou=0.927831 val_loss=0.322366 val_iou=0.592786 lr=0.00008831
2026-05-03 17:56:41,423 [Trainer] :: Updated latest checkpoint at epoch 67
2026-05-03 17:56:41,423 [Trainer] :: No validation IoU improvement for 56 epoch(s)
2026-05-03 17:56:41,423 [Trainer] :: Starting epoch 68
2026-05-03 18:01:11,974 [Trainer] :: Completed epoch 68: train_loss=0.064521 train_iou=0.930864 val_loss=0.347527 val_iou=0.569251 lr=0.00008797
2026-05-03 18:01:12,464 [Trainer] :: Updated latest checkpoint at epoch 68
2026-05-03 18:01:12,464 [Trainer] :: No validation IoU improvement for 57 epoch(s)
2026-05-03 18:01:12,464 [Trainer] :: Starting epoch 69
2026-05-03 18:05:50,223 [Trainer] :: Completed epoch 69: train_loss=0.065440 train_iou=0.929715 val_loss=0.330910 val_iou=0.590071 lr=0.00008763
2026-05-03 18:05:50,731 [Trainer] :: Updated latest checkpoint at epoch 69
2026-05-03 18:05:50,731 [Trainer] :: No validation IoU improvement for 58 epoch(s)
2026-05-03 18:05:50,731 [Trainer] :: Starting epoch 70
2026-05-03 18:10:21,716 [Trainer] :: Completed epoch 70: train_loss=0.065523 train_iou=0.930460 val_loss=0.318435 val_iou=0.610832 lr=0.00008729
2026-05-03 18:10:22,200 [Trainer] :: Updated latest checkpoint at epoch 70
2026-05-03 18:10:22,201 [Trainer] :: No validation IoU improvement for 59 epoch(s)
2026-05-03 18:10:22,201 [Trainer] :: Starting epoch 71
2026-05-03 18:14:43,356 [Trainer] :: Completed epoch 71: train_loss=0.063791 train_iou=0.931580 val_loss=0.366418 val_iou=0.568355 lr=0.00008694
2026-05-03 18:14:43,736 [Trainer] :: Updated latest checkpoint at epoch 71
2026-05-03 18:14:43,736 [Trainer] :: No validation IoU improvement for 60 epoch(s)
2026-05-03 18:14:43,736 [Trainer] :: Early stopping triggered after 60 epoch(s) without improvement
2026-05-03 18:19:38,254 [Trainer] :: Wrote training history to outputs/runs/rgb_real_msi_deeplabv3plus_resnet34_seed45_20260503T092155Z/metrics/history.json
2026-05-03 18:19:38,258 [Trainer] :: Wrote test summary to outputs/runs/rgb_real_msi_deeplabv3plus_resnet34_seed45_20260503T092155Z/metrics/test_summary.json
2026-05-03 18:19:38,258 [Trainer] :: Training completed
