2026-05-18 09:52:12,944 [Trainer] :: Training run initialized at /ceph/home/student.aau.dk/qd36zu/fuzzy-p10/tbd/masking/outputs/runs/rgb_unetplusplus_resnet50_fuzzy_halo_seed43_20260518T075212Z
2026-05-18 09:52:12,945 [Trainer] :: Loaded config from /ceph/home/student.aau.dk/qd36zu/fuzzy-p10/tbd/masking/configs/fuzzy/rgb_unetpp_resnet50.yaml
2026-05-18 09:52:12,945 [Trainer] :: Using seed=43 and device=None
2026-05-18 09:52:12,945 [Trainer] :: Using model architecture=UnetPlusPlus encoder=resnet50 encoder_weights=imagenet
2026-05-18 09:52:14,004 [Trainer] :: Resolved runtime device to cuda
2026-05-18 09:52:14,005 [Trainer] :: Prepared normalization from source=imagenet
2026-05-18 09:52:31,486 [Trainer] :: Built dataloaders with batch_size=8, num_workers=0
2026-05-18 09:52:31,488 [Trainer] :: Starting epoch 1
2026-05-18 10:01:38,768 [Trainer] :: Completed epoch 1: train_loss=0.457173 train_iou=0.646184 val_loss=0.434687 val_iou=0.557776 lr=0.00010000
2026-05-18 10:01:39,467 [Trainer] :: Updated latest checkpoint at epoch 1
2026-05-18 10:01:40,205 [Trainer] :: New best checkpoint saved with val_iou=0.557776
2026-05-18 10:01:40,205 [Trainer] :: Starting epoch 2
2026-05-18 10:10:07,932 [Trainer] :: Completed epoch 2: train_loss=0.357791 train_iou=0.740090 val_loss=0.448175 val_iou=0.477013 lr=0.00009999
2026-05-18 10:10:08,884 [Trainer] :: Updated latest checkpoint at epoch 2
2026-05-18 10:10:08,884 [Trainer] :: No validation IoU improvement for 1 epoch(s)
2026-05-18 10:10:08,884 [Trainer] :: Starting epoch 3
2026-05-18 10:18:33,875 [Trainer] :: Completed epoch 3: train_loss=0.307285 train_iou=0.775160 val_loss=0.347336 val_iou=0.597391 lr=0.00009998
2026-05-18 10:18:34,658 [Trainer] :: Updated latest checkpoint at epoch 3
2026-05-18 10:18:35,449 [Trainer] :: New best checkpoint saved with val_iou=0.597391
2026-05-18 10:18:35,449 [Trainer] :: Starting epoch 4
2026-05-18 10:27:01,890 [Trainer] :: Completed epoch 4: train_loss=0.279895 train_iou=0.793121 val_loss=0.373020 val_iou=0.597801 lr=0.00009996
2026-05-18 10:27:02,770 [Trainer] :: Updated latest checkpoint at epoch 4
2026-05-18 10:27:03,541 [Trainer] :: New best checkpoint saved with val_iou=0.597801
2026-05-18 10:27:03,541 [Trainer] :: Starting epoch 5
2026-05-18 10:35:33,624 [Trainer] :: Completed epoch 5: train_loss=0.258798 train_iou=0.805085 val_loss=0.318150 val_iou=0.585568 lr=0.00009993
2026-05-18 10:35:34,526 [Trainer] :: Updated latest checkpoint at epoch 5
2026-05-18 10:35:34,526 [Trainer] :: No validation IoU improvement for 1 epoch(s)
2026-05-18 10:35:34,526 [Trainer] :: Starting epoch 6
2026-05-18 10:44:01,371 [Trainer] :: Completed epoch 6: train_loss=0.250681 train_iou=0.806126 val_loss=0.324938 val_iou=0.553148 lr=0.00009990
2026-05-18 10:44:02,417 [Trainer] :: Updated latest checkpoint at epoch 6
2026-05-18 10:44:02,417 [Trainer] :: No validation IoU improvement for 2 epoch(s)
2026-05-18 10:44:02,417 [Trainer] :: Starting epoch 7
2026-05-18 10:52:31,259 [Trainer] :: Completed epoch 7: train_loss=0.236783 train_iou=0.812629 val_loss=0.305292 val_iou=0.612883 lr=0.00009987
2026-05-18 10:52:32,287 [Trainer] :: Updated latest checkpoint at epoch 7
2026-05-18 10:52:33,104 [Trainer] :: New best checkpoint saved with val_iou=0.612883
2026-05-18 10:52:33,104 [Trainer] :: Starting epoch 8
2026-05-18 11:25:41,898 [Trainer] :: Completed epoch 8: train_loss=0.223030 train_iou=0.825421 val_loss=0.339041 val_iou=0.540198 lr=0.00009983
2026-05-18 11:25:45,261 [Trainer] :: Updated latest checkpoint at epoch 8
2026-05-18 11:25:45,261 [Trainer] :: No validation IoU improvement for 1 epoch(s)
2026-05-18 11:25:45,261 [Trainer] :: Starting epoch 9
2026-05-18 12:15:49,667 [Trainer] :: Completed epoch 9: train_loss=0.218051 train_iou=0.828749 val_loss=0.292123 val_iou=0.615385 lr=0.00009978
2026-05-18 12:15:51,559 [Trainer] :: Updated latest checkpoint at epoch 9
2026-05-18 12:15:53,884 [Trainer] :: New best checkpoint saved with val_iou=0.615385
2026-05-18 12:15:53,884 [Trainer] :: Starting epoch 10
2026-05-18 13:06:36,767 [Trainer] :: Completed epoch 10: train_loss=0.206704 train_iou=0.834607 val_loss=0.318422 val_iou=0.592196 lr=0.00009973
2026-05-18 13:06:41,625 [Trainer] :: Updated latest checkpoint at epoch 10
2026-05-18 13:06:41,625 [Trainer] :: No validation IoU improvement for 1 epoch(s)
2026-05-18 13:06:41,626 [Trainer] :: Starting epoch 11
2026-05-18 13:56:55,698 [Trainer] :: Completed epoch 11: train_loss=0.203232 train_iou=0.837575 val_loss=0.315064 val_iou=0.568226 lr=0.00009967
2026-05-18 13:56:57,692 [Trainer] :: Updated latest checkpoint at epoch 11
2026-05-18 13:56:57,693 [Trainer] :: No validation IoU improvement for 2 epoch(s)
2026-05-18 13:56:57,693 [Trainer] :: Starting epoch 12
2026-05-18 14:48:12,819 [Trainer] :: Completed epoch 12: train_loss=0.193475 train_iou=0.846869 val_loss=0.343486 val_iou=0.557054 lr=0.00009961
2026-05-18 14:48:18,537 [Trainer] :: Updated latest checkpoint at epoch 12
2026-05-18 14:48:18,537 [Trainer] :: No validation IoU improvement for 3 epoch(s)
2026-05-18 14:48:18,537 [Trainer] :: Starting epoch 13
2026-05-18 15:36:51,959 [Trainer] :: Completed epoch 13: train_loss=0.188709 train_iou=0.849385 val_loss=0.321768 val_iou=0.578705 lr=0.00009954
2026-05-18 15:36:55,358 [Trainer] :: Updated latest checkpoint at epoch 13
2026-05-18 15:36:55,359 [Trainer] :: No validation IoU improvement for 4 epoch(s)
2026-05-18 15:36:55,359 [Trainer] :: Starting epoch 14
2026-05-18 16:33:25,237 [Trainer] :: Completed epoch 14: train_loss=0.181789 train_iou=0.855143 val_loss=0.310368 val_iou=0.593700 lr=0.00009947
2026-05-18 16:33:28,981 [Trainer] :: Updated latest checkpoint at epoch 14
2026-05-18 16:33:28,982 [Trainer] :: No validation IoU improvement for 5 epoch(s)
2026-05-18 16:33:28,982 [Trainer] :: Starting epoch 15
2026-05-18 17:27:26,016 [Trainer] :: Completed epoch 15: train_loss=0.177417 train_iou=0.859827 val_loss=0.341325 val_iou=0.523060 lr=0.00009939
2026-05-18 17:27:31,749 [Trainer] :: Updated latest checkpoint at epoch 15
2026-05-18 17:27:31,749 [Trainer] :: No validation IoU improvement for 6 epoch(s)
2026-05-18 17:27:31,749 [Trainer] :: Starting epoch 16
2026-05-18 18:23:08,290 [Trainer] :: Completed epoch 16: train_loss=0.176258 train_iou=0.858102 val_loss=0.320118 val_iou=0.562617 lr=0.00009931
2026-05-18 18:23:09,069 [Trainer] :: Updated latest checkpoint at epoch 16
2026-05-18 18:23:09,070 [Trainer] :: No validation IoU improvement for 7 epoch(s)
2026-05-18 18:23:09,070 [Trainer] :: Starting epoch 17
2026-05-18 19:18:44,141 [Trainer] :: Completed epoch 17: train_loss=0.172560 train_iou=0.861913 val_loss=0.310868 val_iou=0.567729 lr=0.00009922
2026-05-18 19:18:49,572 [Trainer] :: Updated latest checkpoint at epoch 17
2026-05-18 19:18:49,572 [Trainer] :: No validation IoU improvement for 8 epoch(s)
2026-05-18 19:18:49,572 [Trainer] :: Starting epoch 18
2026-05-18 20:12:52,964 [Trainer] :: Completed epoch 18: train_loss=0.167101 train_iou=0.868241 val_loss=0.330733 val_iou=0.547831 lr=0.00009912
2026-05-18 20:12:53,645 [Trainer] :: Updated latest checkpoint at epoch 18
2026-05-18 20:12:53,645 [Trainer] :: No validation IoU improvement for 9 epoch(s)
2026-05-18 20:12:53,645 [Trainer] :: Starting epoch 19
2026-05-18 21:05:51,949 [Trainer] :: Completed epoch 19: train_loss=0.165380 train_iou=0.868680 val_loss=0.328172 val_iou=0.574381 lr=0.00009902
2026-05-18 21:05:56,687 [Trainer] :: Updated latest checkpoint at epoch 19
2026-05-18 21:05:56,688 [Trainer] :: No validation IoU improvement for 10 epoch(s)
2026-05-18 21:05:56,688 [Trainer] :: Starting epoch 20
2026-05-18 21:48:40,965 [Trainer] :: Completed epoch 20: train_loss=0.158597 train_iou=0.873098 val_loss=0.295176 val_iou=0.631612 lr=0.00009892
2026-05-18 21:48:42,251 [Trainer] :: Updated latest checkpoint at epoch 20
2026-05-18 21:48:45,565 [Trainer] :: New best checkpoint saved with val_iou=0.631612
2026-05-18 21:48:45,566 [Trainer] :: Starting epoch 21
