2026-05-15 06:44:55,113 [Trainer] :: Training run initialized at /ceph/home/student.aau.dk/qd36zu/fuzzy-p10/tbd/masking/outputs/runs/real_msi_unetplusplus_resnet50_seed51_20260515T044454Z
2026-05-15 06:44:55,114 [Trainer] :: Loaded config from /ceph/home/student.aau.dk/qd36zu/fuzzy-p10/tbd/masking/configs/binary/real_msi_unetpp_resnet50.yaml
2026-05-15 06:44:55,114 [Trainer] :: Using seed=51 and device=None
2026-05-15 06:44:55,114 [Trainer] :: Using model architecture=UnetPlusPlus encoder=resnet50 encoder_weights=imagenet
2026-05-15 06:44:55,445 [Trainer] :: Resolved runtime device to cuda
2026-05-15 06:44:55,446 [Trainer] :: Prepared normalization from source=train_split_patch_stats
2026-05-15 06:45:17,989 [Trainer] :: Built dataloaders with batch_size=16, num_workers=0
2026-05-15 06:45:17,991 [Trainer] :: Starting epoch 1
2026-05-15 06:53:20,404 [Trainer] :: Completed epoch 1: train_loss=0.427343 train_iou=0.653447 val_loss=0.452498 val_iou=0.522262 lr=0.00010000
2026-05-15 06:53:21,375 [Trainer] :: Updated latest checkpoint at epoch 1
2026-05-15 06:53:22,403 [Trainer] :: New best checkpoint saved with val_iou=0.522262
2026-05-15 06:53:22,404 [Trainer] :: Starting epoch 2
2026-05-15 06:57:22,179 [Trainer] :: Completed epoch 2: train_loss=0.341449 train_iou=0.727662 val_loss=0.388515 val_iou=0.536341 lr=0.00009999
2026-05-15 06:57:22,773 [Trainer] :: Updated latest checkpoint at epoch 2
2026-05-15 06:57:23,399 [Trainer] :: New best checkpoint saved with val_iou=0.536341
2026-05-15 06:57:23,399 [Trainer] :: Starting epoch 3
2026-05-15 07:01:22,267 [Trainer] :: Completed epoch 3: train_loss=0.309286 train_iou=0.745369 val_loss=0.386908 val_iou=0.464572 lr=0.00009998
2026-05-15 07:01:22,876 [Trainer] :: Updated latest checkpoint at epoch 3
2026-05-15 07:01:22,877 [Trainer] :: No validation IoU improvement for 1 epoch(s)
2026-05-15 07:01:22,877 [Trainer] :: Starting epoch 4
2026-05-15 07:05:34,856 [Trainer] :: Completed epoch 4: train_loss=0.285352 train_iou=0.759971 val_loss=0.331271 val_iou=0.576857 lr=0.00009996
2026-05-15 07:05:35,505 [Trainer] :: Updated latest checkpoint at epoch 4
2026-05-15 07:05:36,137 [Trainer] :: New best checkpoint saved with val_iou=0.576857
2026-05-15 07:05:36,138 [Trainer] :: Starting epoch 5
2026-05-15 07:09:58,601 [Trainer] :: Completed epoch 5: train_loss=0.265851 train_iou=0.775132 val_loss=0.354157 val_iou=0.524470 lr=0.00009993
2026-05-15 07:09:59,802 [Trainer] :: Updated latest checkpoint at epoch 5
2026-05-15 07:09:59,803 [Trainer] :: No validation IoU improvement for 1 epoch(s)
2026-05-15 07:09:59,803 [Trainer] :: Starting epoch 6
2026-05-15 07:14:12,632 [Trainer] :: Completed epoch 6: train_loss=0.251924 train_iou=0.787531 val_loss=0.329288 val_iou=0.519386 lr=0.00009990
2026-05-15 07:14:13,381 [Trainer] :: Updated latest checkpoint at epoch 6
2026-05-15 07:14:13,382 [Trainer] :: No validation IoU improvement for 2 epoch(s)
2026-05-15 07:14:13,382 [Trainer] :: Starting epoch 7
2026-05-15 07:18:12,850 [Trainer] :: Completed epoch 7: train_loss=0.243389 train_iou=0.790215 val_loss=0.306582 val_iou=0.581077 lr=0.00009987
2026-05-15 07:18:13,458 [Trainer] :: Updated latest checkpoint at epoch 7
2026-05-15 07:18:14,252 [Trainer] :: New best checkpoint saved with val_iou=0.581077
2026-05-15 07:18:14,252 [Trainer] :: Starting epoch 8
2026-05-15 07:24:22,455 [Trainer] :: Completed epoch 8: train_loss=0.221541 train_iou=0.808454 val_loss=0.304900 val_iou=0.582717 lr=0.00009983
2026-05-15 07:24:23,192 [Trainer] :: Updated latest checkpoint at epoch 8
2026-05-15 07:24:24,380 [Trainer] :: New best checkpoint saved with val_iou=0.582717
2026-05-15 07:24:24,380 [Trainer] :: Starting epoch 9
2026-05-15 07:29:16,032 [Trainer] :: Completed epoch 9: train_loss=0.213845 train_iou=0.814136 val_loss=0.314268 val_iou=0.571120 lr=0.00009978
2026-05-15 07:29:16,756 [Trainer] :: Updated latest checkpoint at epoch 9
2026-05-15 07:29:16,757 [Trainer] :: No validation IoU improvement for 1 epoch(s)
2026-05-15 07:29:16,757 [Trainer] :: Starting epoch 10
2026-05-15 07:33:42,343 [Trainer] :: Completed epoch 10: train_loss=0.205791 train_iou=0.822040 val_loss=0.313961 val_iou=0.578472 lr=0.00009973
2026-05-15 07:33:43,255 [Trainer] :: Updated latest checkpoint at epoch 10
2026-05-15 07:33:43,255 [Trainer] :: No validation IoU improvement for 2 epoch(s)
2026-05-15 07:33:43,255 [Trainer] :: Starting epoch 11
2026-05-15 07:38:11,803 [Trainer] :: Completed epoch 11: train_loss=0.197678 train_iou=0.826534 val_loss=0.306906 val_iou=0.571578 lr=0.00009967
2026-05-15 07:38:12,493 [Trainer] :: Updated latest checkpoint at epoch 11
2026-05-15 07:38:12,493 [Trainer] :: No validation IoU improvement for 3 epoch(s)
2026-05-15 07:38:12,493 [Trainer] :: Starting epoch 12
2026-05-15 07:42:35,441 [Trainer] :: Completed epoch 12: train_loss=0.195239 train_iou=0.829385 val_loss=0.287687 val_iou=0.607330 lr=0.00009961
2026-05-15 07:42:36,080 [Trainer] :: Updated latest checkpoint at epoch 12
2026-05-15 07:42:36,687 [Trainer] :: New best checkpoint saved with val_iou=0.607330
2026-05-15 07:42:36,687 [Trainer] :: Starting epoch 13
2026-05-15 07:48:24,253 [Trainer] :: Completed epoch 13: train_loss=0.191360 train_iou=0.833146 val_loss=0.309965 val_iou=0.572737 lr=0.00009954
2026-05-15 07:48:25,374 [Trainer] :: Updated latest checkpoint at epoch 13
2026-05-15 07:48:25,374 [Trainer] :: No validation IoU improvement for 1 epoch(s)
2026-05-15 07:48:25,374 [Trainer] :: Starting epoch 14
2026-05-15 07:53:22,763 [Trainer] :: Completed epoch 14: train_loss=0.179741 train_iou=0.842525 val_loss=0.298228 val_iou=0.575631 lr=0.00009947
2026-05-15 07:53:23,425 [Trainer] :: Updated latest checkpoint at epoch 14
2026-05-15 07:53:23,425 [Trainer] :: No validation IoU improvement for 2 epoch(s)
2026-05-15 07:53:23,425 [Trainer] :: Starting epoch 15
2026-05-15 07:57:56,632 [Trainer] :: Completed epoch 15: train_loss=0.170911 train_iou=0.850485 val_loss=0.358724 val_iou=0.501791 lr=0.00009939
2026-05-15 07:57:57,315 [Trainer] :: Updated latest checkpoint at epoch 15
2026-05-15 07:57:57,315 [Trainer] :: No validation IoU improvement for 3 epoch(s)
2026-05-15 07:57:57,315 [Trainer] :: Starting epoch 16
2026-05-15 08:02:50,791 [Trainer] :: Completed epoch 16: train_loss=0.167808 train_iou=0.855814 val_loss=0.293084 val_iou=0.593923 lr=0.00009931
2026-05-15 08:02:51,748 [Trainer] :: Updated latest checkpoint at epoch 16
2026-05-15 08:02:51,748 [Trainer] :: No validation IoU improvement for 4 epoch(s)
2026-05-15 08:02:51,748 [Trainer] :: Starting epoch 17
2026-05-15 08:06:55,934 [Trainer] :: Completed epoch 17: train_loss=0.162170 train_iou=0.861263 val_loss=0.301966 val_iou=0.596096 lr=0.00009922
2026-05-15 08:06:57,124 [Trainer] :: Updated latest checkpoint at epoch 17
2026-05-15 08:06:57,125 [Trainer] :: No validation IoU improvement for 5 epoch(s)
2026-05-15 08:06:57,125 [Trainer] :: Starting epoch 18
2026-05-15 08:12:06,327 [Trainer] :: Completed epoch 18: train_loss=0.159184 train_iou=0.863943 val_loss=0.341076 val_iou=0.543409 lr=0.00009912
2026-05-15 08:12:07,512 [Trainer] :: Updated latest checkpoint at epoch 18
2026-05-15 08:12:07,513 [Trainer] :: No validation IoU improvement for 6 epoch(s)
2026-05-15 08:12:07,513 [Trainer] :: Starting epoch 19
2026-05-15 08:17:51,585 [Trainer] :: Completed epoch 19: train_loss=0.156027 train_iou=0.864589 val_loss=0.300975 val_iou=0.583280 lr=0.00009902
2026-05-15 08:17:52,671 [Trainer] :: Updated latest checkpoint at epoch 19
2026-05-15 08:17:52,671 [Trainer] :: No validation IoU improvement for 7 epoch(s)
2026-05-15 08:17:52,671 [Trainer] :: Starting epoch 20
2026-05-15 08:22:21,763 [Trainer] :: Completed epoch 20: train_loss=0.151674 train_iou=0.870992 val_loss=0.284506 val_iou=0.596139 lr=0.00009892
2026-05-15 08:22:23,021 [Trainer] :: Updated latest checkpoint at epoch 20
2026-05-15 08:22:23,021 [Trainer] :: No validation IoU improvement for 8 epoch(s)
2026-05-15 08:22:23,022 [Trainer] :: Starting epoch 21
2026-05-15 08:26:46,192 [Trainer] :: Completed epoch 21: train_loss=0.145537 train_iou=0.874909 val_loss=0.295134 val_iou=0.589070 lr=0.00009881
2026-05-15 08:26:46,875 [Trainer] :: Updated latest checkpoint at epoch 21
2026-05-15 08:26:46,875 [Trainer] :: No validation IoU improvement for 9 epoch(s)
2026-05-15 08:26:46,875 [Trainer] :: Starting epoch 22
2026-05-15 08:31:24,096 [Trainer] :: Completed epoch 22: train_loss=0.141620 train_iou=0.879834 val_loss=0.336051 val_iou=0.547130 lr=0.00009869
2026-05-15 08:31:24,900 [Trainer] :: Updated latest checkpoint at epoch 22
2026-05-15 08:31:24,900 [Trainer] :: No validation IoU improvement for 10 epoch(s)
2026-05-15 08:31:24,900 [Trainer] :: Starting epoch 23
2026-05-15 08:37:11,210 [Trainer] :: Completed epoch 23: train_loss=0.136739 train_iou=0.882962 val_loss=0.327964 val_iou=0.558578 lr=0.00009857
2026-05-15 08:37:11,923 [Trainer] :: Updated latest checkpoint at epoch 23
2026-05-15 08:37:11,923 [Trainer] :: No validation IoU improvement for 11 epoch(s)
2026-05-15 08:37:11,923 [Trainer] :: Starting epoch 24
2026-05-15 08:43:03,879 [Trainer] :: Completed epoch 24: train_loss=0.134529 train_iou=0.885701 val_loss=0.309310 val_iou=0.576995 lr=0.00009844
2026-05-15 08:43:04,579 [Trainer] :: Updated latest checkpoint at epoch 24
2026-05-15 08:43:04,579 [Trainer] :: No validation IoU improvement for 12 epoch(s)
2026-05-15 08:43:04,579 [Trainer] :: Starting epoch 25
2026-05-15 08:47:16,593 [Trainer] :: Completed epoch 25: train_loss=0.133680 train_iou=0.886846 val_loss=0.307266 val_iou=0.586135 lr=0.00009831
2026-05-15 08:47:17,276 [Trainer] :: Updated latest checkpoint at epoch 25
2026-05-15 08:47:17,276 [Trainer] :: No validation IoU improvement for 13 epoch(s)
2026-05-15 08:47:17,276 [Trainer] :: Starting epoch 26
2026-05-15 08:51:38,314 [Trainer] :: Completed epoch 26: train_loss=0.136420 train_iou=0.883316 val_loss=0.306390 val_iou=0.592470 lr=0.00009818
2026-05-15 08:51:39,000 [Trainer] :: Updated latest checkpoint at epoch 26
2026-05-15 08:51:39,000 [Trainer] :: No validation IoU improvement for 14 epoch(s)
2026-05-15 08:51:39,000 [Trainer] :: Starting epoch 27
2026-05-15 08:56:02,345 [Trainer] :: Completed epoch 27: train_loss=0.133091 train_iou=0.886498 val_loss=0.316017 val_iou=0.564693 lr=0.00009803
2026-05-15 08:56:03,360 [Trainer] :: Updated latest checkpoint at epoch 27
2026-05-15 08:56:03,360 [Trainer] :: No validation IoU improvement for 15 epoch(s)
2026-05-15 08:56:03,360 [Trainer] :: Starting epoch 28
2026-05-15 09:00:36,763 [Trainer] :: Completed epoch 28: train_loss=0.124050 train_iou=0.893593 val_loss=0.306930 val_iou=0.581390 lr=0.00009789
2026-05-15 09:00:37,917 [Trainer] :: Updated latest checkpoint at epoch 28
2026-05-15 09:00:37,917 [Trainer] :: No validation IoU improvement for 16 epoch(s)
2026-05-15 09:00:37,917 [Trainer] :: Starting epoch 29
2026-05-15 09:05:40,154 [Trainer] :: Completed epoch 29: train_loss=0.121730 train_iou=0.895145 val_loss=0.303111 val_iou=0.587234 lr=0.00009773
2026-05-15 09:05:41,507 [Trainer] :: Updated latest checkpoint at epoch 29
2026-05-15 09:05:41,507 [Trainer] :: No validation IoU improvement for 17 epoch(s)
2026-05-15 09:05:41,507 [Trainer] :: Starting epoch 30
2026-05-15 09:10:47,147 [Trainer] :: Completed epoch 30: train_loss=0.116940 train_iou=0.897092 val_loss=0.305174 val_iou=0.599268 lr=0.00009758
2026-05-15 09:10:48,093 [Trainer] :: Updated latest checkpoint at epoch 30
2026-05-15 09:10:48,093 [Trainer] :: No validation IoU improvement for 18 epoch(s)
2026-05-15 09:10:48,093 [Trainer] :: Starting epoch 31
2026-05-15 09:15:54,479 [Trainer] :: Completed epoch 31: train_loss=0.122720 train_iou=0.888387 val_loss=0.314550 val_iou=0.575094 lr=0.00009741
2026-05-15 09:15:56,006 [Trainer] :: Updated latest checkpoint at epoch 31
2026-05-15 09:15:56,006 [Trainer] :: No validation IoU improvement for 19 epoch(s)
2026-05-15 09:15:56,006 [Trainer] :: Starting epoch 32
2026-05-15 09:20:12,014 [Trainer] :: Completed epoch 32: train_loss=0.113346 train_iou=0.898899 val_loss=0.318974 val_iou=0.580228 lr=0.00009725
2026-05-15 09:20:12,662 [Trainer] :: Updated latest checkpoint at epoch 32
2026-05-15 09:20:12,662 [Trainer] :: No validation IoU improvement for 20 epoch(s)
2026-05-15 09:20:12,662 [Trainer] :: Starting epoch 33
2026-05-15 09:24:50,236 [Trainer] :: Completed epoch 33: train_loss=0.112551 train_iou=0.895942 val_loss=0.310285 val_iou=0.588322 lr=0.00009707
2026-05-15 09:24:50,965 [Trainer] :: Updated latest checkpoint at epoch 33
2026-05-15 09:24:50,966 [Trainer] :: No validation IoU improvement for 21 epoch(s)
2026-05-15 09:24:50,966 [Trainer] :: Starting epoch 34
2026-05-15 09:29:05,689 [Trainer] :: Completed epoch 34: train_loss=0.104236 train_iou=0.901812 val_loss=0.330789 val_iou=0.560532 lr=0.00009690
2026-05-15 09:29:06,930 [Trainer] :: Updated latest checkpoint at epoch 34
2026-05-15 09:29:06,930 [Trainer] :: No validation IoU improvement for 22 epoch(s)
2026-05-15 09:29:06,930 [Trainer] :: Starting epoch 35
2026-05-15 09:34:14,875 [Trainer] :: Completed epoch 35: train_loss=0.101328 train_iou=0.903238 val_loss=0.351930 val_iou=0.549625 lr=0.00009671
2026-05-15 09:34:15,968 [Trainer] :: Updated latest checkpoint at epoch 35
2026-05-15 09:34:15,969 [Trainer] :: No validation IoU improvement for 23 epoch(s)
2026-05-15 09:34:15,969 [Trainer] :: Starting epoch 36
2026-05-15 09:38:32,707 [Trainer] :: Completed epoch 36: train_loss=0.095251 train_iou=0.907924 val_loss=0.359202 val_iou=0.543064 lr=0.00009652
2026-05-15 09:38:33,405 [Trainer] :: Updated latest checkpoint at epoch 36
2026-05-15 09:38:33,405 [Trainer] :: No validation IoU improvement for 24 epoch(s)
2026-05-15 09:38:33,405 [Trainer] :: Starting epoch 37
2026-05-15 09:43:13,505 [Trainer] :: Completed epoch 37: train_loss=0.099545 train_iou=0.902848 val_loss=0.386747 val_iou=0.520192 lr=0.00009633
2026-05-15 09:43:14,581 [Trainer] :: Updated latest checkpoint at epoch 37
2026-05-15 09:43:14,581 [Trainer] :: No validation IoU improvement for 25 epoch(s)
2026-05-15 09:43:14,581 [Trainer] :: Starting epoch 38
2026-05-15 09:47:21,077 [Trainer] :: Completed epoch 38: train_loss=0.097348 train_iou=0.904965 val_loss=0.334670 val_iou=0.561494 lr=0.00009613
2026-05-15 09:47:21,787 [Trainer] :: Updated latest checkpoint at epoch 38
2026-05-15 09:47:21,787 [Trainer] :: No validation IoU improvement for 26 epoch(s)
2026-05-15 09:47:21,787 [Trainer] :: Starting epoch 39
2026-05-15 09:52:13,206 [Trainer] :: Completed epoch 39: train_loss=0.092599 train_iou=0.907193 val_loss=0.315468 val_iou=0.589469 lr=0.00009593
2026-05-15 09:52:14,188 [Trainer] :: Updated latest checkpoint at epoch 39
2026-05-15 09:52:14,188 [Trainer] :: No validation IoU improvement for 27 epoch(s)
2026-05-15 09:52:14,188 [Trainer] :: Starting epoch 40
2026-05-15 09:57:35,715 [Trainer] :: Completed epoch 40: train_loss=0.088017 train_iou=0.911526 val_loss=0.328895 val_iou=0.567730 lr=0.00009572
2026-05-15 09:57:36,415 [Trainer] :: Updated latest checkpoint at epoch 40
2026-05-15 09:57:36,415 [Trainer] :: No validation IoU improvement for 28 epoch(s)
2026-05-15 09:57:36,415 [Trainer] :: Starting epoch 41
2026-05-15 10:03:28,997 [Trainer] :: Completed epoch 41: train_loss=0.088742 train_iou=0.912174 val_loss=0.338926 val_iou=0.571683 lr=0.00009551
2026-05-15 10:03:30,196 [Trainer] :: Updated latest checkpoint at epoch 41
2026-05-15 10:03:30,196 [Trainer] :: No validation IoU improvement for 29 epoch(s)
2026-05-15 10:03:30,196 [Trainer] :: Starting epoch 42
2026-05-15 10:08:51,616 [Trainer] :: Completed epoch 42: train_loss=0.086010 train_iou=0.912375 val_loss=0.354315 val_iou=0.556158 lr=0.00009529
2026-05-15 10:08:52,753 [Trainer] :: Updated latest checkpoint at epoch 42
2026-05-15 10:08:52,753 [Trainer] :: No validation IoU improvement for 30 epoch(s)
2026-05-15 10:08:52,753 [Trainer] :: Starting epoch 43
2026-05-15 10:14:05,368 [Trainer] :: Completed epoch 43: train_loss=0.086168 train_iou=0.914369 val_loss=0.338364 val_iou=0.591873 lr=0.00009507
2026-05-15 10:14:06,137 [Trainer] :: Updated latest checkpoint at epoch 43
2026-05-15 10:14:06,137 [Trainer] :: No validation IoU improvement for 31 epoch(s)
2026-05-15 10:14:06,137 [Trainer] :: Starting epoch 44
2026-05-15 10:19:17,130 [Trainer] :: Completed epoch 44: train_loss=0.084337 train_iou=0.914756 val_loss=0.320798 val_iou=0.583079 lr=0.00009484
2026-05-15 10:19:18,261 [Trainer] :: Updated latest checkpoint at epoch 44
2026-05-15 10:19:18,261 [Trainer] :: No validation IoU improvement for 32 epoch(s)
2026-05-15 10:19:18,261 [Trainer] :: Starting epoch 45
2026-05-15 10:24:03,115 [Trainer] :: Completed epoch 45: train_loss=0.081495 train_iou=0.914920 val_loss=0.362641 val_iou=0.545254 lr=0.00009460
2026-05-15 10:24:04,216 [Trainer] :: Updated latest checkpoint at epoch 45
2026-05-15 10:24:04,216 [Trainer] :: No validation IoU improvement for 33 epoch(s)
2026-05-15 10:24:04,216 [Trainer] :: Starting epoch 46
2026-05-15 10:28:13,239 [Trainer] :: Completed epoch 46: train_loss=0.081153 train_iou=0.916892 val_loss=0.349166 val_iou=0.569011 lr=0.00009437
2026-05-15 10:28:14,036 [Trainer] :: Updated latest checkpoint at epoch 46
2026-05-15 10:28:14,036 [Trainer] :: No validation IoU improvement for 34 epoch(s)
2026-05-15 10:28:14,036 [Trainer] :: Starting epoch 47
2026-05-15 10:35:15,797 [Trainer] :: Completed epoch 47: train_loss=0.079064 train_iou=0.918172 val_loss=0.360477 val_iou=0.572754 lr=0.00009412
2026-05-15 10:35:16,550 [Trainer] :: Updated latest checkpoint at epoch 47
2026-05-15 10:35:16,550 [Trainer] :: No validation IoU improvement for 35 epoch(s)
2026-05-15 10:35:16,550 [Trainer] :: Starting epoch 48
2026-05-15 10:41:26,620 [Trainer] :: Completed epoch 48: train_loss=0.074559 train_iou=0.921993 val_loss=0.339956 val_iou=0.571461 lr=0.00009388
2026-05-15 10:41:27,607 [Trainer] :: Updated latest checkpoint at epoch 48
2026-05-15 10:41:27,607 [Trainer] :: No validation IoU improvement for 36 epoch(s)
2026-05-15 10:41:27,607 [Trainer] :: Starting epoch 49
2026-05-15 10:49:37,030 [Trainer] :: Completed epoch 49: train_loss=0.075585 train_iou=0.921429 val_loss=0.324710 val_iou=0.592527 lr=0.00009363
2026-05-15 10:49:38,405 [Trainer] :: Updated latest checkpoint at epoch 49
2026-05-15 10:49:38,405 [Trainer] :: No validation IoU improvement for 37 epoch(s)
2026-05-15 10:49:38,406 [Trainer] :: Starting epoch 50
2026-05-15 10:55:52,771 [Trainer] :: Completed epoch 50: train_loss=0.074775 train_iou=0.922115 val_loss=0.327140 val_iou=0.587764 lr=0.00009337
2026-05-15 10:55:53,689 [Trainer] :: Updated latest checkpoint at epoch 50
2026-05-15 10:55:53,689 [Trainer] :: No validation IoU improvement for 38 epoch(s)
2026-05-15 10:55:53,689 [Trainer] :: Starting epoch 51
2026-05-15 11:00:26,900 [Trainer] :: Completed epoch 51: train_loss=0.077035 train_iou=0.919233 val_loss=0.371380 val_iou=0.547213 lr=0.00009311
2026-05-15 11:00:27,846 [Trainer] :: Updated latest checkpoint at epoch 51
2026-05-15 11:00:27,846 [Trainer] :: No validation IoU improvement for 39 epoch(s)
2026-05-15 11:00:27,847 [Trainer] :: Starting epoch 52
2026-05-15 11:06:16,708 [Trainer] :: Completed epoch 52: train_loss=0.073017 train_iou=0.924063 val_loss=0.364212 val_iou=0.564484 lr=0.00009284
2026-05-15 11:06:17,435 [Trainer] :: Updated latest checkpoint at epoch 52
2026-05-15 11:06:17,436 [Trainer] :: No validation IoU improvement for 40 epoch(s)
2026-05-15 11:06:17,436 [Trainer] :: Starting epoch 53
2026-05-15 11:11:05,930 [Trainer] :: Completed epoch 53: train_loss=0.071892 train_iou=0.924969 val_loss=0.338484 val_iou=0.580561 lr=0.00009257
2026-05-15 11:11:06,703 [Trainer] :: Updated latest checkpoint at epoch 53
2026-05-15 11:11:06,703 [Trainer] :: No validation IoU improvement for 41 epoch(s)
2026-05-15 11:11:06,703 [Trainer] :: Starting epoch 54
2026-05-15 11:17:03,577 [Trainer] :: Completed epoch 54: train_loss=0.069624 train_iou=0.926426 val_loss=0.366821 val_iou=0.567114 lr=0.00009229
2026-05-15 11:17:04,584 [Trainer] :: Updated latest checkpoint at epoch 54
2026-05-15 11:17:04,585 [Trainer] :: No validation IoU improvement for 42 epoch(s)
2026-05-15 11:17:04,585 [Trainer] :: Starting epoch 55
2026-05-15 11:21:50,320 [Trainer] :: Completed epoch 55: train_loss=0.069307 train_iou=0.927300 val_loss=0.321974 val_iou=0.588682 lr=0.00009201
2026-05-15 11:21:51,034 [Trainer] :: Updated latest checkpoint at epoch 55
2026-05-15 11:21:51,034 [Trainer] :: No validation IoU improvement for 43 epoch(s)
2026-05-15 11:21:51,034 [Trainer] :: Starting epoch 56
2026-05-15 11:26:24,432 [Trainer] :: Completed epoch 56: train_loss=0.066101 train_iou=0.929963 val_loss=0.362084 val_iou=0.566652 lr=0.00009173
2026-05-15 11:26:25,148 [Trainer] :: Updated latest checkpoint at epoch 56
2026-05-15 11:26:25,148 [Trainer] :: No validation IoU improvement for 44 epoch(s)
2026-05-15 11:26:25,148 [Trainer] :: Starting epoch 57
2026-05-15 11:33:29,446 [Trainer] :: Completed epoch 57: train_loss=0.065058 train_iou=0.931316 val_loss=0.373185 val_iou=0.558168 lr=0.00009144
2026-05-15 11:33:30,209 [Trainer] :: Updated latest checkpoint at epoch 57
2026-05-15 11:33:30,210 [Trainer] :: No validation IoU improvement for 45 epoch(s)
2026-05-15 11:33:30,210 [Trainer] :: Starting epoch 58
2026-05-15 11:40:06,844 [Trainer] :: Completed epoch 58: train_loss=0.068332 train_iou=0.929467 val_loss=0.345019 val_iou=0.580941 lr=0.00009115
2026-05-15 11:40:07,587 [Trainer] :: Updated latest checkpoint at epoch 58
2026-05-15 11:40:07,587 [Trainer] :: No validation IoU improvement for 46 epoch(s)
2026-05-15 11:40:07,587 [Trainer] :: Starting epoch 59
2026-05-15 11:45:35,386 [Trainer] :: Completed epoch 59: train_loss=0.063816 train_iou=0.932307 val_loss=0.393962 val_iou=0.536144 lr=0.00009085
2026-05-15 11:45:36,414 [Trainer] :: Updated latest checkpoint at epoch 59
2026-05-15 11:45:36,414 [Trainer] :: No validation IoU improvement for 47 epoch(s)
2026-05-15 11:45:36,414 [Trainer] :: Starting epoch 60
2026-05-15 11:52:11,635 [Trainer] :: Completed epoch 60: train_loss=0.063894 train_iou=0.931863 val_loss=0.386569 val_iou=0.567830 lr=0.00009055
2026-05-15 11:52:12,809 [Trainer] :: Updated latest checkpoint at epoch 60
2026-05-15 11:52:12,809 [Trainer] :: No validation IoU improvement for 48 epoch(s)
2026-05-15 11:52:12,809 [Trainer] :: Starting epoch 61
2026-05-15 11:58:29,737 [Trainer] :: Completed epoch 61: train_loss=0.062574 train_iou=0.933785 val_loss=0.388445 val_iou=0.548825 lr=0.00009024
2026-05-15 11:58:30,876 [Trainer] :: Updated latest checkpoint at epoch 61
2026-05-15 11:58:30,876 [Trainer] :: No validation IoU improvement for 49 epoch(s)
2026-05-15 11:58:30,876 [Trainer] :: Starting epoch 62
2026-05-15 12:03:55,484 [Trainer] :: Completed epoch 62: train_loss=0.064891 train_iou=0.930886 val_loss=0.358028 val_iou=0.563986 lr=0.00008993
2026-05-15 12:03:56,601 [Trainer] :: Updated latest checkpoint at epoch 62
2026-05-15 12:03:56,601 [Trainer] :: No validation IoU improvement for 50 epoch(s)
2026-05-15 12:03:56,601 [Trainer] :: Starting epoch 63
2026-05-15 12:09:11,935 [Trainer] :: Completed epoch 63: train_loss=0.062186 train_iou=0.933701 val_loss=0.346342 val_iou=0.580094 lr=0.00008961
2026-05-15 12:09:12,899 [Trainer] :: Updated latest checkpoint at epoch 63
2026-05-15 12:09:12,899 [Trainer] :: No validation IoU improvement for 51 epoch(s)
2026-05-15 12:09:12,899 [Trainer] :: Starting epoch 64
2026-05-15 12:14:55,454 [Trainer] :: Completed epoch 64: train_loss=0.061448 train_iou=0.934199 val_loss=0.374392 val_iou=0.561204 lr=0.00008929
2026-05-15 12:14:56,464 [Trainer] :: Updated latest checkpoint at epoch 64
2026-05-15 12:14:56,464 [Trainer] :: No validation IoU improvement for 52 epoch(s)
2026-05-15 12:14:56,464 [Trainer] :: Starting epoch 65
2026-05-15 12:20:21,615 [Trainer] :: Completed epoch 65: train_loss=0.060358 train_iou=0.934694 val_loss=0.387229 val_iou=0.551792 lr=0.00008897
2026-05-15 12:20:22,495 [Trainer] :: Updated latest checkpoint at epoch 65
2026-05-15 12:20:22,495 [Trainer] :: No validation IoU improvement for 53 epoch(s)
2026-05-15 12:20:22,495 [Trainer] :: Starting epoch 66
2026-05-15 12:25:20,763 [Trainer] :: Completed epoch 66: train_loss=0.061556 train_iou=0.933853 val_loss=0.343382 val_iou=0.589714 lr=0.00008864
2026-05-15 12:25:21,474 [Trainer] :: Updated latest checkpoint at epoch 66
2026-05-15 12:25:21,474 [Trainer] :: No validation IoU improvement for 54 epoch(s)
2026-05-15 12:25:21,474 [Trainer] :: Starting epoch 67
2026-05-15 12:33:08,097 [Trainer] :: Completed epoch 67: train_loss=0.058322 train_iou=0.937421 val_loss=0.364014 val_iou=0.580371 lr=0.00008831
2026-05-15 12:33:09,055 [Trainer] :: Updated latest checkpoint at epoch 67
2026-05-15 12:33:09,055 [Trainer] :: No validation IoU improvement for 55 epoch(s)
2026-05-15 12:33:09,055 [Trainer] :: Starting epoch 68
2026-05-15 12:38:13,236 [Trainer] :: Completed epoch 68: train_loss=0.055920 train_iou=0.938907 val_loss=0.375223 val_iou=0.568949 lr=0.00008797
2026-05-15 12:38:14,001 [Trainer] :: Updated latest checkpoint at epoch 68
2026-05-15 12:38:14,001 [Trainer] :: No validation IoU improvement for 56 epoch(s)
2026-05-15 12:38:14,001 [Trainer] :: Starting epoch 69
2026-05-15 12:45:52,332 [Trainer] :: Completed epoch 69: train_loss=0.056226 train_iou=0.939383 val_loss=0.355723 val_iou=0.576924 lr=0.00008763
2026-05-15 12:45:54,230 [Trainer] :: Updated latest checkpoint at epoch 69
2026-05-15 12:45:54,230 [Trainer] :: No validation IoU improvement for 57 epoch(s)
2026-05-15 12:45:54,230 [Trainer] :: Starting epoch 70
2026-05-15 12:53:20,051 [Trainer] :: Completed epoch 70: train_loss=0.055606 train_iou=0.939984 val_loss=0.377909 val_iou=0.547907 lr=0.00008729
2026-05-15 12:53:21,438 [Trainer] :: Updated latest checkpoint at epoch 70
2026-05-15 12:53:21,438 [Trainer] :: No validation IoU improvement for 58 epoch(s)
2026-05-15 12:53:21,438 [Trainer] :: Starting epoch 71
2026-05-15 12:59:29,150 [Trainer] :: Completed epoch 71: train_loss=0.055108 train_iou=0.940439 val_loss=0.378665 val_iou=0.559040 lr=0.00008694
2026-05-15 12:59:30,547 [Trainer] :: Updated latest checkpoint at epoch 71
2026-05-15 12:59:30,548 [Trainer] :: No validation IoU improvement for 59 epoch(s)
2026-05-15 12:59:30,548 [Trainer] :: Starting epoch 72
2026-05-15 13:06:20,568 [Trainer] :: Completed epoch 72: train_loss=0.056322 train_iou=0.940880 val_loss=0.360031 val_iou=0.565798 lr=0.00008658
2026-05-15 13:06:21,275 [Trainer] :: Updated latest checkpoint at epoch 72
2026-05-15 13:06:21,276 [Trainer] :: No validation IoU improvement for 60 epoch(s)
2026-05-15 13:06:21,276 [Trainer] :: Early stopping triggered after 60 epoch(s) without improvement
2026-05-15 13:11:47,049 [Trainer] :: Wrote training history to outputs/runs/real_msi_unetplusplus_resnet50_seed51_20260515T044454Z/metrics/history.json
2026-05-15 13:11:47,052 [Trainer] :: Wrote test summary to outputs/runs/real_msi_unetplusplus_resnet50_seed51_20260515T044454Z/metrics/test_summary.json
2026-05-15 13:11:47,052 [Trainer] :: Training completed
