2026-05-08 14:46:22,152 [Trainer] :: Training run initialized at /ceph/home/student.aau.dk/qd36zu/fuzzy-p10/tbd/masking/outputs/runs/rgb_real_msi_unetplusplus_resnet34_fuzzy_halo_seed46_20260508T124622Z
2026-05-08 14:46:22,153 [Trainer] :: Loaded config from /ceph/home/student.aau.dk/qd36zu/fuzzy-p10/tbd/masking/configs/fuzzy/rgb_real_msi_unetpp_resnet34.yaml
2026-05-08 14:46:22,153 [Trainer] :: Using seed=46 and device=None
2026-05-08 14:46:22,153 [Trainer] :: Using model architecture=UnetPlusPlus encoder=resnet34 encoder_weights=imagenet
2026-05-08 14:46:22,314 [Trainer] :: Resolved runtime device to cuda
2026-05-08 14:46:22,314 [Trainer] :: Prepared normalization from source=train_split_patch_stats
2026-05-08 14:46:26,006 [Trainer] :: Built dataloaders with batch_size=16, num_workers=0
2026-05-08 14:46:26,007 [Trainer] :: Starting epoch 1
2026-05-08 14:54:35,947 [Trainer] :: Completed epoch 1: train_loss=0.393488 train_iou=0.674312 val_loss=0.378587 val_iou=0.565883 lr=0.00010000
2026-05-08 14:54:36,653 [Trainer] :: Updated latest checkpoint at epoch 1
2026-05-08 14:54:37,123 [Trainer] :: New best checkpoint saved with val_iou=0.565883
2026-05-08 14:54:37,123 [Trainer] :: Starting epoch 2
2026-05-08 15:02:34,130 [Trainer] :: Completed epoch 2: train_loss=0.295248 train_iou=0.767136 val_loss=0.335432 val_iou=0.546576 lr=0.00009999
2026-05-08 15:02:34,554 [Trainer] :: Updated latest checkpoint at epoch 2
2026-05-08 15:02:34,554 [Trainer] :: No validation IoU improvement for 1 epoch(s)
2026-05-08 15:02:34,554 [Trainer] :: Starting epoch 3
2026-05-08 15:10:35,876 [Trainer] :: Completed epoch 3: train_loss=0.271750 train_iou=0.787794 val_loss=0.330475 val_iou=0.563365 lr=0.00009998
2026-05-08 15:10:36,283 [Trainer] :: Updated latest checkpoint at epoch 3
2026-05-08 15:10:36,283 [Trainer] :: No validation IoU improvement for 2 epoch(s)
2026-05-08 15:10:36,283 [Trainer] :: Starting epoch 4
2026-05-08 15:18:38,664 [Trainer] :: Completed epoch 4: train_loss=0.256357 train_iou=0.796968 val_loss=0.321805 val_iou=0.576301 lr=0.00009996
2026-05-08 15:18:39,149 [Trainer] :: Updated latest checkpoint at epoch 4
2026-05-08 15:18:39,496 [Trainer] :: New best checkpoint saved with val_iou=0.576301
2026-05-08 15:18:39,497 [Trainer] :: Starting epoch 5
2026-05-08 15:26:44,628 [Trainer] :: Completed epoch 5: train_loss=0.243106 train_iou=0.805551 val_loss=0.317072 val_iou=0.567808 lr=0.00009993
2026-05-08 15:26:44,979 [Trainer] :: Updated latest checkpoint at epoch 5
2026-05-08 15:26:44,979 [Trainer] :: No validation IoU improvement for 1 epoch(s)
2026-05-08 15:26:44,979 [Trainer] :: Starting epoch 6
2026-05-08 15:34:44,969 [Trainer] :: Completed epoch 6: train_loss=0.235882 train_iou=0.811532 val_loss=0.384306 val_iou=0.467314 lr=0.00009990
2026-05-08 15:34:45,500 [Trainer] :: Updated latest checkpoint at epoch 6
2026-05-08 15:34:45,500 [Trainer] :: No validation IoU improvement for 2 epoch(s)
2026-05-08 15:34:45,500 [Trainer] :: Starting epoch 7
2026-05-08 15:42:41,410 [Trainer] :: Completed epoch 7: train_loss=0.226421 train_iou=0.819921 val_loss=0.303402 val_iou=0.591317 lr=0.00009987
2026-05-08 15:42:41,820 [Trainer] :: Updated latest checkpoint at epoch 7
2026-05-08 15:42:42,175 [Trainer] :: New best checkpoint saved with val_iou=0.591317
2026-05-08 15:42:42,175 [Trainer] :: Starting epoch 8
2026-05-08 15:51:18,659 [Trainer] :: Completed epoch 8: train_loss=0.222508 train_iou=0.824233 val_loss=0.343777 val_iou=0.600035 lr=0.00009983
2026-05-08 15:51:54,238 [Trainer] :: Updated latest checkpoint at epoch 8
2026-05-08 15:51:54,662 [Trainer] :: New best checkpoint saved with val_iou=0.600035
2026-05-08 15:51:54,662 [Trainer] :: Starting epoch 9
2026-05-08 15:59:51,961 [Trainer] :: Completed epoch 9: train_loss=0.211932 train_iou=0.829314 val_loss=0.321375 val_iou=0.555849 lr=0.00009978
2026-05-08 15:59:52,352 [Trainer] :: Updated latest checkpoint at epoch 9
2026-05-08 15:59:52,353 [Trainer] :: No validation IoU improvement for 1 epoch(s)
2026-05-08 15:59:52,353 [Trainer] :: Starting epoch 10
2026-05-08 16:07:45,159 [Trainer] :: Completed epoch 10: train_loss=0.207140 train_iou=0.834120 val_loss=0.365523 val_iou=0.477391 lr=0.00009973
2026-05-08 16:07:45,711 [Trainer] :: Updated latest checkpoint at epoch 10
2026-05-08 16:07:45,711 [Trainer] :: No validation IoU improvement for 2 epoch(s)
2026-05-08 16:07:45,711 [Trainer] :: Starting epoch 11
2026-05-08 16:15:40,888 [Trainer] :: Completed epoch 11: train_loss=0.201004 train_iou=0.837261 val_loss=0.291128 val_iou=0.633533 lr=0.00009967
2026-05-08 16:15:41,305 [Trainer] :: Updated latest checkpoint at epoch 11
2026-05-08 16:15:41,719 [Trainer] :: New best checkpoint saved with val_iou=0.633533
2026-05-08 16:15:41,719 [Trainer] :: Starting epoch 12
2026-05-08 16:23:37,687 [Trainer] :: Completed epoch 12: train_loss=0.195776 train_iou=0.842187 val_loss=0.355408 val_iou=0.519230 lr=0.00009961
2026-05-08 16:23:38,115 [Trainer] :: Updated latest checkpoint at epoch 12
2026-05-08 16:23:38,115 [Trainer] :: No validation IoU improvement for 1 epoch(s)
2026-05-08 16:23:38,115 [Trainer] :: Starting epoch 13
2026-05-08 16:31:37,264 [Trainer] :: Completed epoch 13: train_loss=0.189317 train_iou=0.850677 val_loss=0.312629 val_iou=0.585386 lr=0.00009954
2026-05-08 16:31:37,710 [Trainer] :: Updated latest checkpoint at epoch 13
2026-05-08 16:31:37,711 [Trainer] :: No validation IoU improvement for 2 epoch(s)
2026-05-08 16:31:37,711 [Trainer] :: Starting epoch 14
2026-05-08 16:39:32,129 [Trainer] :: Completed epoch 14: train_loss=0.183597 train_iou=0.853970 val_loss=0.316640 val_iou=0.577372 lr=0.00009947
2026-05-08 16:39:32,614 [Trainer] :: Updated latest checkpoint at epoch 14
2026-05-08 16:39:32,614 [Trainer] :: No validation IoU improvement for 3 epoch(s)
2026-05-08 16:39:32,614 [Trainer] :: Starting epoch 15
2026-05-08 16:47:31,497 [Trainer] :: Completed epoch 15: train_loss=0.177825 train_iou=0.857891 val_loss=0.328144 val_iou=0.563135 lr=0.00009939
2026-05-08 16:47:31,918 [Trainer] :: Updated latest checkpoint at epoch 15
2026-05-08 16:47:31,918 [Trainer] :: No validation IoU improvement for 4 epoch(s)
2026-05-08 16:47:31,918 [Trainer] :: Starting epoch 16
2026-05-08 16:55:21,767 [Trainer] :: Completed epoch 16: train_loss=0.174639 train_iou=0.862064 val_loss=0.280285 val_iou=0.652399 lr=0.00009931
2026-05-08 16:55:22,359 [Trainer] :: Updated latest checkpoint at epoch 16
2026-05-08 16:55:22,952 [Trainer] :: New best checkpoint saved with val_iou=0.652399
2026-05-08 16:55:22,953 [Trainer] :: Starting epoch 17
2026-05-08 17:03:13,105 [Trainer] :: Completed epoch 17: train_loss=0.173794 train_iou=0.860269 val_loss=0.299882 val_iou=0.635670 lr=0.00009922
2026-05-08 17:03:13,549 [Trainer] :: Updated latest checkpoint at epoch 17
2026-05-08 17:03:13,549 [Trainer] :: No validation IoU improvement for 1 epoch(s)
2026-05-08 17:03:13,549 [Trainer] :: Starting epoch 18
2026-05-08 17:11:00,119 [Trainer] :: Completed epoch 18: train_loss=0.165864 train_iou=0.868403 val_loss=0.311978 val_iou=0.597650 lr=0.00009912
2026-05-08 17:11:00,592 [Trainer] :: Updated latest checkpoint at epoch 18
2026-05-08 17:11:00,592 [Trainer] :: No validation IoU improvement for 2 epoch(s)
2026-05-08 17:11:00,592 [Trainer] :: Starting epoch 19
2026-05-08 17:18:48,801 [Trainer] :: Completed epoch 19: train_loss=0.161456 train_iou=0.872594 val_loss=0.305306 val_iou=0.593590 lr=0.00009902
2026-05-08 17:18:49,226 [Trainer] :: Updated latest checkpoint at epoch 19
2026-05-08 17:18:49,227 [Trainer] :: No validation IoU improvement for 3 epoch(s)
2026-05-08 17:18:49,227 [Trainer] :: Starting epoch 20
2026-05-08 17:26:37,622 [Trainer] :: Completed epoch 20: train_loss=0.165636 train_iou=0.867261 val_loss=0.305432 val_iou=0.593898 lr=0.00009892
2026-05-08 17:26:38,097 [Trainer] :: Updated latest checkpoint at epoch 20
2026-05-08 17:26:38,097 [Trainer] :: No validation IoU improvement for 4 epoch(s)
2026-05-08 17:26:38,097 [Trainer] :: Starting epoch 21
2026-05-08 17:34:27,882 [Trainer] :: Completed epoch 21: train_loss=0.160860 train_iou=0.870875 val_loss=0.303453 val_iou=0.609753 lr=0.00009881
2026-05-08 17:34:28,418 [Trainer] :: Updated latest checkpoint at epoch 21
2026-05-08 17:34:28,418 [Trainer] :: No validation IoU improvement for 5 epoch(s)
2026-05-08 17:34:28,418 [Trainer] :: Starting epoch 22
2026-05-08 17:42:16,530 [Trainer] :: Completed epoch 22: train_loss=0.155072 train_iou=0.874251 val_loss=0.332419 val_iou=0.552379 lr=0.00009869
2026-05-08 17:42:16,977 [Trainer] :: Updated latest checkpoint at epoch 22
2026-05-08 17:42:16,977 [Trainer] :: No validation IoU improvement for 6 epoch(s)
2026-05-08 17:42:16,977 [Trainer] :: Starting epoch 23
2026-05-08 17:50:05,495 [Trainer] :: Completed epoch 23: train_loss=0.145289 train_iou=0.880327 val_loss=0.311403 val_iou=0.626842 lr=0.00009857
2026-05-08 17:50:06,443 [Trainer] :: Updated latest checkpoint at epoch 23
2026-05-08 17:50:06,443 [Trainer] :: No validation IoU improvement for 7 epoch(s)
2026-05-08 17:50:06,443 [Trainer] :: Starting epoch 24
2026-05-08 17:57:57,846 [Trainer] :: Completed epoch 24: train_loss=0.142840 train_iou=0.881573 val_loss=0.306457 val_iou=0.638523 lr=0.00009844
2026-05-08 17:57:58,321 [Trainer] :: Updated latest checkpoint at epoch 24
2026-05-08 17:57:58,322 [Trainer] :: No validation IoU improvement for 8 epoch(s)
2026-05-08 17:57:58,322 [Trainer] :: Starting epoch 25
2026-05-08 18:05:45,688 [Trainer] :: Completed epoch 25: train_loss=0.143842 train_iou=0.879034 val_loss=0.299469 val_iou=0.605917 lr=0.00009831
2026-05-08 18:05:46,178 [Trainer] :: Updated latest checkpoint at epoch 25
2026-05-08 18:05:46,178 [Trainer] :: No validation IoU improvement for 9 epoch(s)
2026-05-08 18:05:46,179 [Trainer] :: Starting epoch 26
2026-05-08 18:13:34,398 [Trainer] :: Completed epoch 26: train_loss=0.146317 train_iou=0.876021 val_loss=0.358231 val_iou=0.516615 lr=0.00009818
2026-05-08 18:13:35,055 [Trainer] :: Updated latest checkpoint at epoch 26
2026-05-08 18:13:35,056 [Trainer] :: No validation IoU improvement for 10 epoch(s)
2026-05-08 18:13:35,056 [Trainer] :: Starting epoch 27
2026-05-08 18:27:45,237 [Trainer] :: Completed epoch 27: train_loss=0.136208 train_iou=0.883482 val_loss=0.306864 val_iou=0.609080 lr=0.00009803
2026-05-08 18:27:46,588 [Trainer] :: Updated latest checkpoint at epoch 27
2026-05-08 18:27:46,588 [Trainer] :: No validation IoU improvement for 11 epoch(s)
2026-05-08 18:27:46,588 [Trainer] :: Starting epoch 28
2026-05-08 18:55:45,645 [Trainer] :: Completed epoch 28: train_loss=0.130231 train_iou=0.888205 val_loss=0.318160 val_iou=0.618547 lr=0.00009789
2026-05-08 18:55:46,635 [Trainer] :: Updated latest checkpoint at epoch 28
2026-05-08 18:55:46,635 [Trainer] :: No validation IoU improvement for 12 epoch(s)
2026-05-08 18:55:46,635 [Trainer] :: Starting epoch 29
2026-05-08 19:23:54,022 [Trainer] :: Completed epoch 29: train_loss=0.131467 train_iou=0.887553 val_loss=0.321689 val_iou=0.613364 lr=0.00009773
2026-05-08 19:23:55,101 [Trainer] :: Updated latest checkpoint at epoch 29
2026-05-08 19:23:55,101 [Trainer] :: No validation IoU improvement for 13 epoch(s)
2026-05-08 19:23:55,101 [Trainer] :: Starting epoch 30
2026-05-08 19:52:29,787 [Trainer] :: Completed epoch 30: train_loss=0.127686 train_iou=0.889064 val_loss=0.306994 val_iou=0.612320 lr=0.00009758
2026-05-08 19:52:30,749 [Trainer] :: Updated latest checkpoint at epoch 30
2026-05-08 19:52:30,749 [Trainer] :: No validation IoU improvement for 14 epoch(s)
2026-05-08 19:52:30,749 [Trainer] :: Starting epoch 31
2026-05-08 20:21:00,431 [Trainer] :: Completed epoch 31: train_loss=0.123992 train_iou=0.890157 val_loss=0.294717 val_iou=0.626956 lr=0.00009741
2026-05-08 20:21:02,204 [Trainer] :: Updated latest checkpoint at epoch 31
2026-05-08 20:21:02,204 [Trainer] :: No validation IoU improvement for 15 epoch(s)
2026-05-08 20:21:02,204 [Trainer] :: Starting epoch 32
2026-05-08 20:49:26,669 [Trainer] :: Completed epoch 32: train_loss=0.119226 train_iou=0.898106 val_loss=0.312624 val_iou=0.600054 lr=0.00009725
2026-05-08 20:49:27,984 [Trainer] :: Updated latest checkpoint at epoch 32
2026-05-08 20:49:27,984 [Trainer] :: No validation IoU improvement for 16 epoch(s)
2026-05-08 20:49:27,984 [Trainer] :: Starting epoch 33
2026-05-08 21:17:21,178 [Trainer] :: Completed epoch 33: train_loss=0.114089 train_iou=0.899544 val_loss=0.347339 val_iou=0.569891 lr=0.00009707
2026-05-08 21:17:22,261 [Trainer] :: Updated latest checkpoint at epoch 33
2026-05-08 21:17:22,261 [Trainer] :: No validation IoU improvement for 17 epoch(s)
2026-05-08 21:17:22,261 [Trainer] :: Starting epoch 34
2026-05-08 21:45:33,446 [Trainer] :: Completed epoch 34: train_loss=0.109410 train_iou=0.901685 val_loss=0.320581 val_iou=0.589189 lr=0.00009690
2026-05-08 21:45:34,663 [Trainer] :: Updated latest checkpoint at epoch 34
2026-05-08 21:45:34,663 [Trainer] :: No validation IoU improvement for 18 epoch(s)
2026-05-08 21:45:34,663 [Trainer] :: Starting epoch 35
2026-05-08 22:15:13,799 [Trainer] :: Completed epoch 35: train_loss=0.110843 train_iou=0.902412 val_loss=0.335558 val_iou=0.599235 lr=0.00009671
2026-05-08 22:15:15,322 [Trainer] :: Updated latest checkpoint at epoch 35
2026-05-08 22:15:15,323 [Trainer] :: No validation IoU improvement for 19 epoch(s)
2026-05-08 22:15:15,323 [Trainer] :: Starting epoch 36
2026-05-08 22:45:30,372 [Trainer] :: Completed epoch 36: train_loss=0.109723 train_iou=0.900645 val_loss=0.325774 val_iou=0.601987 lr=0.00009652
2026-05-08 22:45:31,770 [Trainer] :: Updated latest checkpoint at epoch 36
2026-05-08 22:45:31,770 [Trainer] :: No validation IoU improvement for 20 epoch(s)
2026-05-08 22:45:31,770 [Trainer] :: Starting epoch 37
2026-05-08 23:10:36,095 [Trainer] :: Completed epoch 37: train_loss=0.109510 train_iou=0.902404 val_loss=0.337364 val_iou=0.575679 lr=0.00009633
2026-05-08 23:10:36,596 [Trainer] :: Updated latest checkpoint at epoch 37
2026-05-08 23:10:36,597 [Trainer] :: No validation IoU improvement for 21 epoch(s)
2026-05-08 23:10:36,597 [Trainer] :: Starting epoch 38
2026-05-08 23:18:29,563 [Trainer] :: Completed epoch 38: train_loss=0.107684 train_iou=0.905905 val_loss=0.382247 val_iou=0.552941 lr=0.00009613
2026-05-08 23:18:30,054 [Trainer] :: Updated latest checkpoint at epoch 38
2026-05-08 23:18:30,054 [Trainer] :: No validation IoU improvement for 22 epoch(s)
2026-05-08 23:18:30,054 [Trainer] :: Starting epoch 39
2026-05-08 23:26:21,873 [Trainer] :: Completed epoch 39: train_loss=0.104641 train_iou=0.904240 val_loss=0.339286 val_iou=0.579961 lr=0.00009593
2026-05-08 23:26:22,408 [Trainer] :: Updated latest checkpoint at epoch 39
2026-05-08 23:26:22,408 [Trainer] :: No validation IoU improvement for 23 epoch(s)
2026-05-08 23:26:22,408 [Trainer] :: Starting epoch 40
2026-05-08 23:34:13,612 [Trainer] :: Completed epoch 40: train_loss=0.106848 train_iou=0.904789 val_loss=0.349598 val_iou=0.579601 lr=0.00009572
2026-05-08 23:34:14,125 [Trainer] :: Updated latest checkpoint at epoch 40
2026-05-08 23:34:14,125 [Trainer] :: No validation IoU improvement for 24 epoch(s)
2026-05-08 23:34:14,125 [Trainer] :: Starting epoch 41
2026-05-08 23:42:04,221 [Trainer] :: Completed epoch 41: train_loss=0.102287 train_iou=0.907924 val_loss=0.356999 val_iou=0.569406 lr=0.00009551
2026-05-08 23:42:04,723 [Trainer] :: Updated latest checkpoint at epoch 41
2026-05-08 23:42:04,723 [Trainer] :: No validation IoU improvement for 25 epoch(s)
2026-05-08 23:42:04,723 [Trainer] :: Starting epoch 42
2026-05-08 23:49:52,956 [Trainer] :: Completed epoch 42: train_loss=0.101436 train_iou=0.907403 val_loss=0.382436 val_iou=0.552266 lr=0.00009529
2026-05-08 23:49:53,441 [Trainer] :: Updated latest checkpoint at epoch 42
2026-05-08 23:49:53,441 [Trainer] :: No validation IoU improvement for 26 epoch(s)
2026-05-08 23:49:53,441 [Trainer] :: Starting epoch 43
2026-05-08 23:57:42,028 [Trainer] :: Completed epoch 43: train_loss=0.101550 train_iou=0.907981 val_loss=0.315724 val_iou=0.623230 lr=0.00009507
2026-05-08 23:57:42,495 [Trainer] :: Updated latest checkpoint at epoch 43
2026-05-08 23:57:42,495 [Trainer] :: No validation IoU improvement for 27 epoch(s)
2026-05-08 23:57:42,495 [Trainer] :: Starting epoch 44
2026-05-09 00:05:35,640 [Trainer] :: Completed epoch 44: train_loss=0.095164 train_iou=0.914107 val_loss=0.344046 val_iou=0.603377 lr=0.00009484
2026-05-09 00:05:36,242 [Trainer] :: Updated latest checkpoint at epoch 44
2026-05-09 00:05:36,242 [Trainer] :: No validation IoU improvement for 28 epoch(s)
2026-05-09 00:05:36,242 [Trainer] :: Starting epoch 45
2026-05-09 00:13:36,398 [Trainer] :: Completed epoch 45: train_loss=0.098726 train_iou=0.909980 val_loss=0.344587 val_iou=0.584609 lr=0.00009460
2026-05-09 00:13:36,854 [Trainer] :: Updated latest checkpoint at epoch 45
2026-05-09 00:13:36,854 [Trainer] :: No validation IoU improvement for 29 epoch(s)
2026-05-09 00:13:36,854 [Trainer] :: Starting epoch 46
2026-05-09 00:21:32,190 [Trainer] :: Completed epoch 46: train_loss=0.097386 train_iou=0.911759 val_loss=0.319699 val_iou=0.615798 lr=0.00009437
2026-05-09 00:21:32,681 [Trainer] :: Updated latest checkpoint at epoch 46
2026-05-09 00:21:32,681 [Trainer] :: No validation IoU improvement for 30 epoch(s)
2026-05-09 00:21:32,681 [Trainer] :: Starting epoch 47
2026-05-09 00:29:21,067 [Trainer] :: Completed epoch 47: train_loss=0.093377 train_iou=0.914366 val_loss=0.336459 val_iou=0.597532 lr=0.00009412
2026-05-09 00:29:21,792 [Trainer] :: Updated latest checkpoint at epoch 47
2026-05-09 00:29:21,792 [Trainer] :: No validation IoU improvement for 31 epoch(s)
2026-05-09 00:29:21,793 [Trainer] :: Starting epoch 48
2026-05-09 00:37:10,566 [Trainer] :: Completed epoch 48: train_loss=0.097054 train_iou=0.912330 val_loss=0.368855 val_iou=0.583499 lr=0.00009388
2026-05-09 00:37:11,054 [Trainer] :: Updated latest checkpoint at epoch 48
2026-05-09 00:37:11,054 [Trainer] :: No validation IoU improvement for 32 epoch(s)
2026-05-09 00:37:11,054 [Trainer] :: Starting epoch 49
2026-05-09 00:45:13,101 [Trainer] :: Completed epoch 49: train_loss=0.096988 train_iou=0.911644 val_loss=0.453933 val_iou=0.491990 lr=0.00009363
2026-05-09 00:45:13,619 [Trainer] :: Updated latest checkpoint at epoch 49
2026-05-09 00:45:13,619 [Trainer] :: No validation IoU improvement for 33 epoch(s)
2026-05-09 00:45:13,619 [Trainer] :: Starting epoch 50
2026-05-09 00:53:10,147 [Trainer] :: Completed epoch 50: train_loss=0.091161 train_iou=0.916888 val_loss=0.315957 val_iou=0.626045 lr=0.00009337
2026-05-09 00:53:10,620 [Trainer] :: Updated latest checkpoint at epoch 50
2026-05-09 00:53:10,620 [Trainer] :: No validation IoU improvement for 34 epoch(s)
2026-05-09 00:53:10,620 [Trainer] :: Starting epoch 51
2026-05-09 01:01:10,025 [Trainer] :: Completed epoch 51: train_loss=0.092380 train_iou=0.915317 val_loss=0.350639 val_iou=0.587474 lr=0.00009311
2026-05-09 01:01:10,412 [Trainer] :: Updated latest checkpoint at epoch 51
2026-05-09 01:01:10,412 [Trainer] :: No validation IoU improvement for 35 epoch(s)
2026-05-09 01:01:10,412 [Trainer] :: Starting epoch 52
2026-05-09 01:09:01,274 [Trainer] :: Completed epoch 52: train_loss=0.087144 train_iou=0.919052 val_loss=0.360973 val_iou=0.580675 lr=0.00009284
2026-05-09 01:09:01,719 [Trainer] :: Updated latest checkpoint at epoch 52
2026-05-09 01:09:01,720 [Trainer] :: No validation IoU improvement for 36 epoch(s)
2026-05-09 01:09:01,720 [Trainer] :: Starting epoch 53
2026-05-09 01:16:57,351 [Trainer] :: Completed epoch 53: train_loss=0.088582 train_iou=0.919343 val_loss=0.339526 val_iou=0.617977 lr=0.00009257
2026-05-09 01:16:57,936 [Trainer] :: Updated latest checkpoint at epoch 53
2026-05-09 01:16:57,937 [Trainer] :: No validation IoU improvement for 37 epoch(s)
2026-05-09 01:16:57,937 [Trainer] :: Starting epoch 54
2026-05-09 01:24:21,241 [Trainer] :: Completed epoch 54: train_loss=0.086872 train_iou=0.920428 val_loss=0.325917 val_iou=0.630402 lr=0.00009229
2026-05-09 01:24:21,652 [Trainer] :: Updated latest checkpoint at epoch 54
2026-05-09 01:24:21,652 [Trainer] :: No validation IoU improvement for 38 epoch(s)
2026-05-09 01:24:21,652 [Trainer] :: Starting epoch 55
2026-05-09 01:31:48,317 [Trainer] :: Completed epoch 55: train_loss=0.085975 train_iou=0.921143 val_loss=0.334580 val_iou=0.620197 lr=0.00009201
2026-05-09 01:31:48,721 [Trainer] :: Updated latest checkpoint at epoch 55
2026-05-09 01:31:48,721 [Trainer] :: No validation IoU improvement for 39 epoch(s)
2026-05-09 01:31:48,721 [Trainer] :: Starting epoch 56
2026-05-09 01:41:04,403 [Trainer] :: Completed epoch 56: train_loss=0.085696 train_iou=0.920707 val_loss=0.411789 val_iou=0.537230 lr=0.00009173
2026-05-09 01:41:04,824 [Trainer] :: Updated latest checkpoint at epoch 56
2026-05-09 01:41:04,825 [Trainer] :: No validation IoU improvement for 40 epoch(s)
2026-05-09 01:41:04,825 [Trainer] :: Starting epoch 57
2026-05-09 01:48:50,191 [Trainer] :: Completed epoch 57: train_loss=0.085348 train_iou=0.921426 val_loss=0.332315 val_iou=0.603585 lr=0.00009144
2026-05-09 01:48:50,637 [Trainer] :: Updated latest checkpoint at epoch 57
2026-05-09 01:48:50,637 [Trainer] :: No validation IoU improvement for 41 epoch(s)
2026-05-09 01:48:50,637 [Trainer] :: Starting epoch 58
2026-05-09 01:56:12,228 [Trainer] :: Completed epoch 58: train_loss=0.084055 train_iou=0.922200 val_loss=0.375625 val_iou=0.582410 lr=0.00009115
2026-05-09 01:56:12,866 [Trainer] :: Updated latest checkpoint at epoch 58
2026-05-09 01:56:12,866 [Trainer] :: No validation IoU improvement for 42 epoch(s)
2026-05-09 01:56:12,866 [Trainer] :: Starting epoch 59
2026-05-09 02:03:53,419 [Trainer] :: Completed epoch 59: train_loss=0.086943 train_iou=0.921370 val_loss=0.335519 val_iou=0.625623 lr=0.00009085
2026-05-09 02:03:54,019 [Trainer] :: Updated latest checkpoint at epoch 59
2026-05-09 02:03:54,019 [Trainer] :: No validation IoU improvement for 43 epoch(s)
2026-05-09 02:03:54,019 [Trainer] :: Starting epoch 60
2026-05-09 02:11:26,571 [Trainer] :: Completed epoch 60: train_loss=0.084270 train_iou=0.921470 val_loss=0.351627 val_iou=0.587225 lr=0.00009055
2026-05-09 02:11:27,257 [Trainer] :: Updated latest checkpoint at epoch 60
2026-05-09 02:11:27,258 [Trainer] :: No validation IoU improvement for 44 epoch(s)
2026-05-09 02:11:27,258 [Trainer] :: Starting epoch 61
2026-05-09 02:19:20,474 [Trainer] :: Completed epoch 61: train_loss=0.081719 train_iou=0.924882 val_loss=0.354119 val_iou=0.594341 lr=0.00009024
2026-05-09 02:19:20,901 [Trainer] :: Updated latest checkpoint at epoch 61
2026-05-09 02:19:20,901 [Trainer] :: No validation IoU improvement for 45 epoch(s)
2026-05-09 02:19:20,901 [Trainer] :: Starting epoch 62
2026-05-09 02:27:09,947 [Trainer] :: Completed epoch 62: train_loss=0.081602 train_iou=0.924816 val_loss=0.385532 val_iou=0.567045 lr=0.00008993
2026-05-09 02:27:10,349 [Trainer] :: Updated latest checkpoint at epoch 62
2026-05-09 02:27:10,350 [Trainer] :: No validation IoU improvement for 46 epoch(s)
2026-05-09 02:27:10,350 [Trainer] :: Starting epoch 63
2026-05-09 02:34:28,986 [Trainer] :: Completed epoch 63: train_loss=0.080033 train_iou=0.925545 val_loss=0.379563 val_iou=0.570418 lr=0.00008961
2026-05-09 02:34:29,316 [Trainer] :: Updated latest checkpoint at epoch 63
2026-05-09 02:34:29,316 [Trainer] :: No validation IoU improvement for 47 epoch(s)
2026-05-09 02:34:29,316 [Trainer] :: Starting epoch 64
2026-05-09 02:42:00,311 [Trainer] :: Completed epoch 64: train_loss=0.082069 train_iou=0.923057 val_loss=0.391912 val_iou=0.620305 lr=0.00008929
2026-05-09 02:42:00,693 [Trainer] :: Updated latest checkpoint at epoch 64
2026-05-09 02:42:00,693 [Trainer] :: No validation IoU improvement for 48 epoch(s)
2026-05-09 02:42:00,693 [Trainer] :: Starting epoch 65
