2026-05-10 18:47:24,669 [Trainer] :: Training run initialized at /ceph/home/student.aau.dk/qd36zu/fuzzy-p10/tbd/masking/outputs/runs/rgb_real_msi_segformer_b0_fuzzy_halo_seed50_20260510T164724Z
2026-05-10 18:47:24,670 [Trainer] :: Loaded config from /ceph/home/student.aau.dk/qd36zu/fuzzy-p10/tbd/masking/configs/fuzzy/rgb_real_msi_segformer_b0.yaml
2026-05-10 18:47:24,670 [Trainer] :: Using seed=50 and device=None
2026-05-10 18:47:24,670 [Trainer] :: Using model architecture=Segformer encoder=mit_b0 encoder_weights=imagenet
2026-05-10 18:47:24,957 [Trainer] :: Resolved runtime device to cuda
2026-05-10 18:47:24,958 [Trainer] :: Prepared normalization from source=train_split_patch_stats
2026-05-10 18:47:29,033 [Trainer] :: Built dataloaders with batch_size=16, num_workers=0
2026-05-10 18:47:29,034 [Trainer] :: Starting epoch 1
2026-05-10 18:53:29,755 [Trainer] :: Completed epoch 1: train_loss=0.342871 train_iou=0.709041 val_loss=0.367216 val_iou=0.583581 lr=0.00010000
2026-05-10 18:53:29,864 [Trainer] :: Updated latest checkpoint at epoch 1
2026-05-10 18:53:30,238 [Trainer] :: New best checkpoint saved with val_iou=0.583581
2026-05-10 18:53:30,238 [Trainer] :: Starting epoch 2
2026-05-10 18:59:55,091 [Trainer] :: Completed epoch 2: train_loss=0.279744 train_iou=0.768579 val_loss=0.324495 val_iou=0.597676 lr=0.00009999
2026-05-10 18:59:55,219 [Trainer] :: Updated latest checkpoint at epoch 2
2026-05-10 18:59:55,373 [Trainer] :: New best checkpoint saved with val_iou=0.597676
2026-05-10 18:59:55,374 [Trainer] :: Starting epoch 3
2026-05-10 19:06:09,296 [Trainer] :: Completed epoch 3: train_loss=0.264584 train_iou=0.778885 val_loss=0.321243 val_iou=0.567866 lr=0.00009998
2026-05-10 19:06:09,698 [Trainer] :: Updated latest checkpoint at epoch 3
2026-05-10 19:06:09,698 [Trainer] :: No validation IoU improvement for 1 epoch(s)
2026-05-10 19:06:09,698 [Trainer] :: Starting epoch 4
2026-05-10 19:12:46,772 [Trainer] :: Completed epoch 4: train_loss=0.246511 train_iou=0.797664 val_loss=0.461296 val_iou=0.522885 lr=0.00009996
2026-05-10 19:12:47,868 [Trainer] :: Updated latest checkpoint at epoch 4
2026-05-10 19:12:47,868 [Trainer] :: No validation IoU improvement for 2 epoch(s)
2026-05-10 19:12:47,868 [Trainer] :: Starting epoch 5
2026-05-10 19:19:13,535 [Trainer] :: Completed epoch 5: train_loss=0.238606 train_iou=0.801494 val_loss=0.303389 val_iou=0.643889 lr=0.00009993
2026-05-10 19:19:13,661 [Trainer] :: Updated latest checkpoint at epoch 5
2026-05-10 19:19:13,830 [Trainer] :: New best checkpoint saved with val_iou=0.643889
2026-05-10 19:19:13,830 [Trainer] :: Starting epoch 6
2026-05-10 19:25:39,018 [Trainer] :: Completed epoch 6: train_loss=0.235525 train_iou=0.801791 val_loss=0.310030 val_iou=0.631686 lr=0.00009990
2026-05-10 19:25:39,540 [Trainer] :: Updated latest checkpoint at epoch 6
2026-05-10 19:25:39,540 [Trainer] :: No validation IoU improvement for 1 epoch(s)
2026-05-10 19:25:39,540 [Trainer] :: Starting epoch 7
2026-05-10 19:32:12,473 [Trainer] :: Completed epoch 7: train_loss=0.224661 train_iou=0.812474 val_loss=0.269144 val_iou=0.662550 lr=0.00009987
2026-05-10 19:32:12,631 [Trainer] :: Updated latest checkpoint at epoch 7
2026-05-10 19:32:12,803 [Trainer] :: New best checkpoint saved with val_iou=0.662550
2026-05-10 19:32:12,803 [Trainer] :: Starting epoch 8
2026-05-10 19:38:51,873 [Trainer] :: Completed epoch 8: train_loss=0.216940 train_iou=0.821178 val_loss=0.280320 val_iou=0.661695 lr=0.00009983
2026-05-10 19:38:51,991 [Trainer] :: Updated latest checkpoint at epoch 8
2026-05-10 19:38:51,991 [Trainer] :: No validation IoU improvement for 1 epoch(s)
2026-05-10 19:38:51,991 [Trainer] :: Starting epoch 9
2026-05-10 19:45:02,096 [Trainer] :: Completed epoch 9: train_loss=0.212718 train_iou=0.824216 val_loss=0.308746 val_iou=0.533483 lr=0.00009978
2026-05-10 19:45:02,201 [Trainer] :: Updated latest checkpoint at epoch 9
2026-05-10 19:45:02,201 [Trainer] :: No validation IoU improvement for 2 epoch(s)
2026-05-10 19:45:02,201 [Trainer] :: Starting epoch 10
2026-05-10 19:51:13,041 [Trainer] :: Completed epoch 10: train_loss=0.211189 train_iou=0.823985 val_loss=0.274023 val_iou=0.624248 lr=0.00009973
2026-05-10 19:51:13,155 [Trainer] :: Updated latest checkpoint at epoch 10
2026-05-10 19:51:13,156 [Trainer] :: No validation IoU improvement for 3 epoch(s)
2026-05-10 19:51:13,156 [Trainer] :: Starting epoch 11
2026-05-10 19:57:29,419 [Trainer] :: Completed epoch 11: train_loss=0.209874 train_iou=0.825122 val_loss=0.283918 val_iou=0.656145 lr=0.00009967
2026-05-10 19:57:29,602 [Trainer] :: Updated latest checkpoint at epoch 11
2026-05-10 19:57:29,603 [Trainer] :: No validation IoU improvement for 4 epoch(s)
2026-05-10 19:57:29,603 [Trainer] :: Starting epoch 12
2026-05-10 20:04:00,826 [Trainer] :: Completed epoch 12: train_loss=0.198800 train_iou=0.829359 val_loss=0.270611 val_iou=0.641408 lr=0.00009961
2026-05-10 20:04:00,927 [Trainer] :: Updated latest checkpoint at epoch 12
2026-05-10 20:04:00,928 [Trainer] :: No validation IoU improvement for 5 epoch(s)
2026-05-10 20:04:00,928 [Trainer] :: Starting epoch 13
2026-05-10 20:10:26,700 [Trainer] :: Completed epoch 13: train_loss=0.194108 train_iou=0.830076 val_loss=0.291711 val_iou=0.648511 lr=0.00009954
2026-05-10 20:10:26,850 [Trainer] :: Updated latest checkpoint at epoch 13
2026-05-10 20:10:26,850 [Trainer] :: No validation IoU improvement for 6 epoch(s)
2026-05-10 20:10:26,850 [Trainer] :: Starting epoch 14
2026-05-10 20:16:48,828 [Trainer] :: Completed epoch 14: train_loss=0.194715 train_iou=0.830485 val_loss=0.272806 val_iou=0.666011 lr=0.00009947
2026-05-10 20:16:48,988 [Trainer] :: Updated latest checkpoint at epoch 14
2026-05-10 20:16:49,139 [Trainer] :: New best checkpoint saved with val_iou=0.666011
2026-05-10 20:16:49,139 [Trainer] :: Starting epoch 15
2026-05-10 20:23:28,738 [Trainer] :: Completed epoch 15: train_loss=0.186087 train_iou=0.834800 val_loss=0.280318 val_iou=0.660181 lr=0.00009939
2026-05-10 20:23:28,832 [Trainer] :: Updated latest checkpoint at epoch 15
2026-05-10 20:23:28,832 [Trainer] :: No validation IoU improvement for 1 epoch(s)
2026-05-10 20:23:28,832 [Trainer] :: Starting epoch 16
2026-05-10 20:29:55,821 [Trainer] :: Completed epoch 16: train_loss=0.187017 train_iou=0.832728 val_loss=0.263876 val_iou=0.641323 lr=0.00009931
2026-05-10 20:29:55,910 [Trainer] :: Updated latest checkpoint at epoch 16
2026-05-10 20:29:55,910 [Trainer] :: No validation IoU improvement for 2 epoch(s)
2026-05-10 20:29:55,910 [Trainer] :: Starting epoch 17
2026-05-10 20:36:02,856 [Trainer] :: Completed epoch 17: train_loss=0.182414 train_iou=0.837008 val_loss=0.267517 val_iou=0.655141 lr=0.00009922
2026-05-10 20:36:02,956 [Trainer] :: Updated latest checkpoint at epoch 17
2026-05-10 20:36:02,957 [Trainer] :: No validation IoU improvement for 3 epoch(s)
2026-05-10 20:36:02,957 [Trainer] :: Starting epoch 18
2026-05-10 20:42:34,579 [Trainer] :: Completed epoch 18: train_loss=0.178399 train_iou=0.838651 val_loss=0.270602 val_iou=0.661511 lr=0.00009912
2026-05-10 20:42:34,677 [Trainer] :: Updated latest checkpoint at epoch 18
2026-05-10 20:42:34,677 [Trainer] :: No validation IoU improvement for 4 epoch(s)
2026-05-10 20:42:34,677 [Trainer] :: Starting epoch 19
2026-05-10 20:48:53,829 [Trainer] :: Completed epoch 19: train_loss=0.171959 train_iou=0.843762 val_loss=0.269180 val_iou=0.663394 lr=0.00009902
2026-05-10 20:48:53,926 [Trainer] :: Updated latest checkpoint at epoch 19
2026-05-10 20:48:53,926 [Trainer] :: No validation IoU improvement for 5 epoch(s)
2026-05-10 20:48:53,926 [Trainer] :: Starting epoch 20
2026-05-10 20:55:11,128 [Trainer] :: Completed epoch 20: train_loss=0.171006 train_iou=0.846207 val_loss=0.284243 val_iou=0.666080 lr=0.00009892
2026-05-10 20:55:11,236 [Trainer] :: Updated latest checkpoint at epoch 20
2026-05-10 20:55:11,341 [Trainer] :: New best checkpoint saved with val_iou=0.666080
2026-05-10 20:55:11,341 [Trainer] :: Starting epoch 21
2026-05-10 21:01:34,992 [Trainer] :: Completed epoch 21: train_loss=0.168240 train_iou=0.849488 val_loss=0.294033 val_iou=0.668648 lr=0.00009881
2026-05-10 21:01:35,206 [Trainer] :: Updated latest checkpoint at epoch 21
2026-05-10 21:01:35,398 [Trainer] :: New best checkpoint saved with val_iou=0.668648
2026-05-10 21:01:35,398 [Trainer] :: Starting epoch 22
2026-05-10 21:07:55,726 [Trainer] :: Completed epoch 22: train_loss=0.163776 train_iou=0.847746 val_loss=0.272050 val_iou=0.635642 lr=0.00009869
2026-05-10 21:07:55,826 [Trainer] :: Updated latest checkpoint at epoch 22
2026-05-10 21:07:55,826 [Trainer] :: No validation IoU improvement for 1 epoch(s)
2026-05-10 21:07:55,826 [Trainer] :: Starting epoch 23
2026-05-10 21:14:15,635 [Trainer] :: Completed epoch 23: train_loss=0.163087 train_iou=0.850731 val_loss=0.260982 val_iou=0.646622 lr=0.00009857
2026-05-10 21:14:15,786 [Trainer] :: Updated latest checkpoint at epoch 23
2026-05-10 21:14:15,787 [Trainer] :: No validation IoU improvement for 2 epoch(s)
2026-05-10 21:14:15,787 [Trainer] :: Starting epoch 24
2026-05-10 21:20:33,216 [Trainer] :: Completed epoch 24: train_loss=0.164849 train_iou=0.848668 val_loss=0.276443 val_iou=0.678499 lr=0.00009844
2026-05-10 21:20:33,643 [Trainer] :: Updated latest checkpoint at epoch 24
2026-05-10 21:20:33,731 [Trainer] :: New best checkpoint saved with val_iou=0.678499
2026-05-10 21:20:33,732 [Trainer] :: Starting epoch 25
2026-05-10 21:27:49,612 [Trainer] :: Completed epoch 25: train_loss=0.158456 train_iou=0.853923 val_loss=0.285162 val_iou=0.659863 lr=0.00009831
2026-05-10 21:27:49,730 [Trainer] :: Updated latest checkpoint at epoch 25
2026-05-10 21:27:49,730 [Trainer] :: No validation IoU improvement for 1 epoch(s)
2026-05-10 21:27:49,730 [Trainer] :: Starting epoch 26
2026-05-10 21:35:19,869 [Trainer] :: Completed epoch 26: train_loss=0.155756 train_iou=0.855126 val_loss=0.294366 val_iou=0.653835 lr=0.00009818
2026-05-10 21:35:20,224 [Trainer] :: Updated latest checkpoint at epoch 26
2026-05-10 21:35:20,225 [Trainer] :: No validation IoU improvement for 2 epoch(s)
2026-05-10 21:35:20,225 [Trainer] :: Starting epoch 27
2026-05-10 21:42:38,268 [Trainer] :: Completed epoch 27: train_loss=0.154407 train_iou=0.856317 val_loss=0.267289 val_iou=0.665274 lr=0.00009803
2026-05-10 21:42:38,383 [Trainer] :: Updated latest checkpoint at epoch 27
2026-05-10 21:42:38,383 [Trainer] :: No validation IoU improvement for 3 epoch(s)
2026-05-10 21:42:38,383 [Trainer] :: Starting epoch 28
2026-05-10 21:50:43,264 [Trainer] :: Completed epoch 28: train_loss=0.151907 train_iou=0.859267 val_loss=0.268054 val_iou=0.663212 lr=0.00009789
2026-05-10 21:50:43,400 [Trainer] :: Updated latest checkpoint at epoch 28
2026-05-10 21:50:43,400 [Trainer] :: No validation IoU improvement for 4 epoch(s)
2026-05-10 21:50:43,400 [Trainer] :: Starting epoch 29
2026-05-10 21:58:04,111 [Trainer] :: Completed epoch 29: train_loss=0.148016 train_iou=0.861661 val_loss=0.293956 val_iou=0.659485 lr=0.00009773
2026-05-10 21:58:04,249 [Trainer] :: Updated latest checkpoint at epoch 29
2026-05-10 21:58:04,249 [Trainer] :: No validation IoU improvement for 5 epoch(s)
2026-05-10 21:58:04,249 [Trainer] :: Starting epoch 30
2026-05-10 22:05:25,715 [Trainer] :: Completed epoch 30: train_loss=0.150976 train_iou=0.856887 val_loss=0.289368 val_iou=0.621898 lr=0.00009758
2026-05-10 22:05:25,929 [Trainer] :: Updated latest checkpoint at epoch 30
2026-05-10 22:05:25,929 [Trainer] :: No validation IoU improvement for 6 epoch(s)
2026-05-10 22:05:25,929 [Trainer] :: Starting epoch 31
2026-05-10 22:12:38,201 [Trainer] :: Completed epoch 31: train_loss=0.148286 train_iou=0.863015 val_loss=0.284715 val_iou=0.671753 lr=0.00009741
2026-05-10 22:12:38,311 [Trainer] :: Updated latest checkpoint at epoch 31
2026-05-10 22:12:38,311 [Trainer] :: No validation IoU improvement for 7 epoch(s)
2026-05-10 22:12:38,311 [Trainer] :: Starting epoch 32
2026-05-10 22:19:51,970 [Trainer] :: Completed epoch 32: train_loss=0.145765 train_iou=0.863298 val_loss=0.276752 val_iou=0.672238 lr=0.00009725
2026-05-10 22:19:52,082 [Trainer] :: Updated latest checkpoint at epoch 32
2026-05-10 22:19:52,082 [Trainer] :: No validation IoU improvement for 8 epoch(s)
2026-05-10 22:19:52,082 [Trainer] :: Starting epoch 33
2026-05-10 22:27:01,433 [Trainer] :: Completed epoch 33: train_loss=0.143392 train_iou=0.865832 val_loss=0.289599 val_iou=0.662228 lr=0.00009707
2026-05-10 22:27:01,543 [Trainer] :: Updated latest checkpoint at epoch 33
2026-05-10 22:27:01,543 [Trainer] :: No validation IoU improvement for 9 epoch(s)
2026-05-10 22:27:01,544 [Trainer] :: Starting epoch 34
2026-05-10 22:34:00,608 [Trainer] :: Completed epoch 34: train_loss=0.143039 train_iou=0.865868 val_loss=0.277191 val_iou=0.653978 lr=0.00009690
2026-05-10 22:34:00,713 [Trainer] :: Updated latest checkpoint at epoch 34
2026-05-10 22:34:00,714 [Trainer] :: No validation IoU improvement for 10 epoch(s)
2026-05-10 22:34:00,714 [Trainer] :: Starting epoch 35
2026-05-10 22:40:07,529 [Trainer] :: Completed epoch 35: train_loss=0.137849 train_iou=0.868469 val_loss=0.291095 val_iou=0.627724 lr=0.00009671
2026-05-10 22:40:07,645 [Trainer] :: Updated latest checkpoint at epoch 35
2026-05-10 22:40:07,645 [Trainer] :: No validation IoU improvement for 11 epoch(s)
2026-05-10 22:40:07,645 [Trainer] :: Starting epoch 36
2026-05-10 22:46:28,821 [Trainer] :: Completed epoch 36: train_loss=0.141824 train_iou=0.866019 val_loss=0.288467 val_iou=0.629281 lr=0.00009652
2026-05-10 22:46:28,915 [Trainer] :: Updated latest checkpoint at epoch 36
2026-05-10 22:46:28,916 [Trainer] :: No validation IoU improvement for 12 epoch(s)
2026-05-10 22:46:28,916 [Trainer] :: Starting epoch 37
2026-05-10 22:52:24,330 [Trainer] :: Completed epoch 37: train_loss=0.138562 train_iou=0.870559 val_loss=0.290740 val_iou=0.663728 lr=0.00009633
2026-05-10 22:52:24,452 [Trainer] :: Updated latest checkpoint at epoch 37
2026-05-10 22:52:24,452 [Trainer] :: No validation IoU improvement for 13 epoch(s)
2026-05-10 22:52:24,452 [Trainer] :: Starting epoch 38
2026-05-10 22:58:53,630 [Trainer] :: Completed epoch 38: train_loss=0.134199 train_iou=0.872978 val_loss=0.312951 val_iou=0.654514 lr=0.00009613
2026-05-10 22:58:53,744 [Trainer] :: Updated latest checkpoint at epoch 38
2026-05-10 22:58:53,744 [Trainer] :: No validation IoU improvement for 14 epoch(s)
2026-05-10 22:58:53,744 [Trainer] :: Starting epoch 39
2026-05-10 23:05:05,229 [Trainer] :: Completed epoch 39: train_loss=0.136699 train_iou=0.872435 val_loss=0.296022 val_iou=0.657884 lr=0.00009593
2026-05-10 23:05:05,325 [Trainer] :: Updated latest checkpoint at epoch 39
2026-05-10 23:05:05,325 [Trainer] :: No validation IoU improvement for 15 epoch(s)
2026-05-10 23:05:05,325 [Trainer] :: Starting epoch 40
2026-05-10 23:11:08,946 [Trainer] :: Completed epoch 40: train_loss=0.140908 train_iou=0.867680 val_loss=0.283750 val_iou=0.644454 lr=0.00009572
2026-05-10 23:11:09,046 [Trainer] :: Updated latest checkpoint at epoch 40
2026-05-10 23:11:09,046 [Trainer] :: No validation IoU improvement for 16 epoch(s)
2026-05-10 23:11:09,046 [Trainer] :: Starting epoch 41
2026-05-10 23:17:24,778 [Trainer] :: Completed epoch 41: train_loss=0.134595 train_iou=0.872156 val_loss=0.277731 val_iou=0.646003 lr=0.00009551
2026-05-10 23:17:24,881 [Trainer] :: Updated latest checkpoint at epoch 41
2026-05-10 23:17:24,881 [Trainer] :: No validation IoU improvement for 17 epoch(s)
2026-05-10 23:17:24,881 [Trainer] :: Starting epoch 42
2026-05-10 23:23:44,164 [Trainer] :: Completed epoch 42: train_loss=0.130291 train_iou=0.875232 val_loss=0.283435 val_iou=0.677254 lr=0.00009529
2026-05-10 23:23:44,268 [Trainer] :: Updated latest checkpoint at epoch 42
2026-05-10 23:23:44,268 [Trainer] :: No validation IoU improvement for 18 epoch(s)
2026-05-10 23:23:44,268 [Trainer] :: Starting epoch 43
2026-05-10 23:29:55,911 [Trainer] :: Completed epoch 43: train_loss=0.137096 train_iou=0.871832 val_loss=0.288513 val_iou=0.650819 lr=0.00009507
2026-05-10 23:29:56,026 [Trainer] :: Updated latest checkpoint at epoch 43
2026-05-10 23:29:56,027 [Trainer] :: No validation IoU improvement for 19 epoch(s)
2026-05-10 23:29:56,027 [Trainer] :: Starting epoch 44
2026-05-10 23:35:47,623 [Trainer] :: Completed epoch 44: train_loss=0.130330 train_iou=0.874093 val_loss=0.292982 val_iou=0.656186 lr=0.00009484
2026-05-10 23:35:47,871 [Trainer] :: Updated latest checkpoint at epoch 44
2026-05-10 23:35:47,871 [Trainer] :: No validation IoU improvement for 20 epoch(s)
2026-05-10 23:35:47,871 [Trainer] :: Starting epoch 45
2026-05-10 23:41:58,442 [Trainer] :: Completed epoch 45: train_loss=0.129501 train_iou=0.876199 val_loss=0.309749 val_iou=0.652922 lr=0.00009460
2026-05-10 23:41:58,604 [Trainer] :: Updated latest checkpoint at epoch 45
2026-05-10 23:41:58,604 [Trainer] :: No validation IoU improvement for 21 epoch(s)
2026-05-10 23:41:58,604 [Trainer] :: Starting epoch 46
2026-05-10 23:48:17,099 [Trainer] :: Completed epoch 46: train_loss=0.125853 train_iou=0.878276 val_loss=0.276748 val_iou=0.645959 lr=0.00009437
2026-05-10 23:48:17,205 [Trainer] :: Updated latest checkpoint at epoch 46
2026-05-10 23:48:17,206 [Trainer] :: No validation IoU improvement for 22 epoch(s)
2026-05-10 23:48:17,206 [Trainer] :: Starting epoch 47
2026-05-10 23:54:33,647 [Trainer] :: Completed epoch 47: train_loss=0.124495 train_iou=0.880526 val_loss=0.297193 val_iou=0.664481 lr=0.00009412
2026-05-10 23:54:33,738 [Trainer] :: Updated latest checkpoint at epoch 47
2026-05-10 23:54:33,738 [Trainer] :: No validation IoU improvement for 23 epoch(s)
2026-05-10 23:54:33,738 [Trainer] :: Starting epoch 48
2026-05-11 00:01:12,001 [Trainer] :: Completed epoch 48: train_loss=0.124023 train_iou=0.881422 val_loss=0.284484 val_iou=0.671195 lr=0.00009388
2026-05-11 00:01:12,169 [Trainer] :: Updated latest checkpoint at epoch 48
2026-05-11 00:01:12,169 [Trainer] :: No validation IoU improvement for 24 epoch(s)
2026-05-11 00:01:12,169 [Trainer] :: Starting epoch 49
2026-05-11 00:08:06,529 [Trainer] :: Completed epoch 49: train_loss=0.125889 train_iou=0.881115 val_loss=0.281063 val_iou=0.662345 lr=0.00009363
2026-05-11 00:08:06,646 [Trainer] :: Updated latest checkpoint at epoch 49
2026-05-11 00:08:06,646 [Trainer] :: No validation IoU improvement for 25 epoch(s)
2026-05-11 00:08:06,646 [Trainer] :: Starting epoch 50
2026-05-11 00:14:27,370 [Trainer] :: Completed epoch 50: train_loss=0.120647 train_iou=0.884286 val_loss=0.292029 val_iou=0.657365 lr=0.00009337
2026-05-11 00:14:27,497 [Trainer] :: Updated latest checkpoint at epoch 50
2026-05-11 00:14:27,497 [Trainer] :: No validation IoU improvement for 26 epoch(s)
2026-05-11 00:14:27,497 [Trainer] :: Starting epoch 51
2026-05-11 00:20:34,376 [Trainer] :: Completed epoch 51: train_loss=0.120266 train_iou=0.884469 val_loss=0.281857 val_iou=0.634655 lr=0.00009311
2026-05-11 00:20:34,483 [Trainer] :: Updated latest checkpoint at epoch 51
2026-05-11 00:20:34,483 [Trainer] :: No validation IoU improvement for 27 epoch(s)
2026-05-11 00:20:34,483 [Trainer] :: Starting epoch 52
2026-05-11 00:26:40,706 [Trainer] :: Completed epoch 52: train_loss=0.123165 train_iou=0.880741 val_loss=0.271159 val_iou=0.661365 lr=0.00009284
2026-05-11 00:26:40,825 [Trainer] :: Updated latest checkpoint at epoch 52
2026-05-11 00:26:40,825 [Trainer] :: No validation IoU improvement for 28 epoch(s)
2026-05-11 00:26:40,825 [Trainer] :: Starting epoch 53
2026-05-11 00:32:43,782 [Trainer] :: Completed epoch 53: train_loss=0.118284 train_iou=0.885773 val_loss=0.307279 val_iou=0.615114 lr=0.00009257
2026-05-11 00:32:44,268 [Trainer] :: Updated latest checkpoint at epoch 53
2026-05-11 00:32:44,268 [Trainer] :: No validation IoU improvement for 29 epoch(s)
2026-05-11 00:32:44,268 [Trainer] :: Starting epoch 54
2026-05-11 00:39:26,596 [Trainer] :: Completed epoch 54: train_loss=0.124038 train_iou=0.880350 val_loss=0.282270 val_iou=0.650805 lr=0.00009229
2026-05-11 00:39:26,691 [Trainer] :: Updated latest checkpoint at epoch 54
2026-05-11 00:39:26,691 [Trainer] :: No validation IoU improvement for 30 epoch(s)
2026-05-11 00:39:26,691 [Trainer] :: Starting epoch 55
2026-05-11 00:45:23,234 [Trainer] :: Completed epoch 55: train_loss=0.119270 train_iou=0.885110 val_loss=0.295871 val_iou=0.650390 lr=0.00009201
2026-05-11 00:45:23,325 [Trainer] :: Updated latest checkpoint at epoch 55
2026-05-11 00:45:23,325 [Trainer] :: No validation IoU improvement for 31 epoch(s)
2026-05-11 00:45:23,325 [Trainer] :: Starting epoch 56
2026-05-11 00:51:00,722 [Trainer] :: Completed epoch 56: train_loss=0.118507 train_iou=0.888524 val_loss=0.299075 val_iou=0.633697 lr=0.00009173
2026-05-11 00:51:00,817 [Trainer] :: Updated latest checkpoint at epoch 56
2026-05-11 00:51:00,817 [Trainer] :: No validation IoU improvement for 32 epoch(s)
2026-05-11 00:51:00,817 [Trainer] :: Starting epoch 57
2026-05-11 00:56:37,141 [Trainer] :: Completed epoch 57: train_loss=0.113339 train_iou=0.889848 val_loss=0.292963 val_iou=0.646732 lr=0.00009144
2026-05-11 00:56:37,232 [Trainer] :: Updated latest checkpoint at epoch 57
2026-05-11 00:56:37,232 [Trainer] :: No validation IoU improvement for 33 epoch(s)
2026-05-11 00:56:37,232 [Trainer] :: Starting epoch 58
2026-05-11 01:02:14,776 [Trainer] :: Completed epoch 58: train_loss=0.115576 train_iou=0.891735 val_loss=0.284659 val_iou=0.650415 lr=0.00009115
2026-05-11 01:02:14,866 [Trainer] :: Updated latest checkpoint at epoch 58
2026-05-11 01:02:14,866 [Trainer] :: No validation IoU improvement for 34 epoch(s)
2026-05-11 01:02:14,866 [Trainer] :: Starting epoch 59
2026-05-11 01:07:51,537 [Trainer] :: Completed epoch 59: train_loss=0.113505 train_iou=0.889678 val_loss=0.284034 val_iou=0.654032 lr=0.00009085
2026-05-11 01:07:51,638 [Trainer] :: Updated latest checkpoint at epoch 59
2026-05-11 01:07:51,638 [Trainer] :: No validation IoU improvement for 35 epoch(s)
2026-05-11 01:07:51,638 [Trainer] :: Starting epoch 60
2026-05-11 01:13:32,728 [Trainer] :: Completed epoch 60: train_loss=0.112501 train_iou=0.891129 val_loss=0.292424 val_iou=0.636034 lr=0.00009055
2026-05-11 01:13:32,816 [Trainer] :: Updated latest checkpoint at epoch 60
2026-05-11 01:13:32,816 [Trainer] :: No validation IoU improvement for 36 epoch(s)
2026-05-11 01:13:32,816 [Trainer] :: Starting epoch 61
2026-05-11 01:19:19,845 [Trainer] :: Completed epoch 61: train_loss=0.113200 train_iou=0.893107 val_loss=0.277566 val_iou=0.653922 lr=0.00009024
2026-05-11 01:19:19,933 [Trainer] :: Updated latest checkpoint at epoch 61
2026-05-11 01:19:19,933 [Trainer] :: No validation IoU improvement for 37 epoch(s)
2026-05-11 01:19:19,933 [Trainer] :: Starting epoch 62
2026-05-11 01:25:06,459 [Trainer] :: Completed epoch 62: train_loss=0.110720 train_iou=0.893950 val_loss=0.290454 val_iou=0.642556 lr=0.00008993
2026-05-11 01:25:06,761 [Trainer] :: Updated latest checkpoint at epoch 62
2026-05-11 01:25:06,761 [Trainer] :: No validation IoU improvement for 38 epoch(s)
2026-05-11 01:25:06,761 [Trainer] :: Starting epoch 63
2026-05-11 01:30:47,111 [Trainer] :: Completed epoch 63: train_loss=0.109999 train_iou=0.894140 val_loss=0.282097 val_iou=0.654542 lr=0.00008961
2026-05-11 01:30:47,204 [Trainer] :: Updated latest checkpoint at epoch 63
2026-05-11 01:30:47,205 [Trainer] :: No validation IoU improvement for 39 epoch(s)
2026-05-11 01:30:47,205 [Trainer] :: Starting epoch 64
2026-05-11 01:36:35,137 [Trainer] :: Completed epoch 64: train_loss=0.110483 train_iou=0.893669 val_loss=0.288728 val_iou=0.649997 lr=0.00008929
2026-05-11 01:36:35,230 [Trainer] :: Updated latest checkpoint at epoch 64
2026-05-11 01:36:35,230 [Trainer] :: No validation IoU improvement for 40 epoch(s)
2026-05-11 01:36:35,230 [Trainer] :: Starting epoch 65
2026-05-11 01:42:17,438 [Trainer] :: Completed epoch 65: train_loss=0.110544 train_iou=0.894563 val_loss=0.291715 val_iou=0.667091 lr=0.00008897
2026-05-11 01:42:17,555 [Trainer] :: Updated latest checkpoint at epoch 65
2026-05-11 01:42:17,555 [Trainer] :: No validation IoU improvement for 41 epoch(s)
2026-05-11 01:42:17,555 [Trainer] :: Starting epoch 66
2026-05-11 01:47:56,076 [Trainer] :: Completed epoch 66: train_loss=0.107494 train_iou=0.896746 val_loss=0.294902 val_iou=0.638903 lr=0.00008864
2026-05-11 01:47:56,168 [Trainer] :: Updated latest checkpoint at epoch 66
2026-05-11 01:47:56,168 [Trainer] :: No validation IoU improvement for 42 epoch(s)
2026-05-11 01:47:56,168 [Trainer] :: Starting epoch 67
2026-05-11 01:53:37,658 [Trainer] :: Completed epoch 67: train_loss=0.107546 train_iou=0.895752 val_loss=0.281983 val_iou=0.664952 lr=0.00008831
2026-05-11 01:53:37,753 [Trainer] :: Updated latest checkpoint at epoch 67
2026-05-11 01:53:37,753 [Trainer] :: No validation IoU improvement for 43 epoch(s)
2026-05-11 01:53:37,753 [Trainer] :: Starting epoch 68
2026-05-11 01:59:14,688 [Trainer] :: Completed epoch 68: train_loss=0.106261 train_iou=0.896985 val_loss=0.287435 val_iou=0.656910 lr=0.00008797
2026-05-11 01:59:14,777 [Trainer] :: Updated latest checkpoint at epoch 68
2026-05-11 01:59:14,777 [Trainer] :: No validation IoU improvement for 44 epoch(s)
2026-05-11 01:59:14,777 [Trainer] :: Starting epoch 69
2026-05-11 02:04:55,458 [Trainer] :: Completed epoch 69: train_loss=0.107791 train_iou=0.895613 val_loss=0.282982 val_iou=0.670759 lr=0.00008763
2026-05-11 02:04:55,548 [Trainer] :: Updated latest checkpoint at epoch 69
2026-05-11 02:04:55,549 [Trainer] :: No validation IoU improvement for 45 epoch(s)
2026-05-11 02:04:55,549 [Trainer] :: Starting epoch 70
2026-05-11 02:10:51,154 [Trainer] :: Completed epoch 70: train_loss=0.106779 train_iou=0.897338 val_loss=0.285664 val_iou=0.660892 lr=0.00008729
2026-05-11 02:10:51,489 [Trainer] :: Updated latest checkpoint at epoch 70
2026-05-11 02:10:51,489 [Trainer] :: No validation IoU improvement for 46 epoch(s)
2026-05-11 02:10:51,489 [Trainer] :: Starting epoch 71
2026-05-11 02:16:58,590 [Trainer] :: Completed epoch 71: train_loss=0.105218 train_iou=0.899068 val_loss=0.294403 val_iou=0.654285 lr=0.00008694
2026-05-11 02:16:58,707 [Trainer] :: Updated latest checkpoint at epoch 71
2026-05-11 02:16:58,707 [Trainer] :: No validation IoU improvement for 47 epoch(s)
2026-05-11 02:16:58,707 [Trainer] :: Starting epoch 72
2026-05-11 02:23:01,861 [Trainer] :: Completed epoch 72: train_loss=0.103806 train_iou=0.899702 val_loss=0.291371 val_iou=0.665396 lr=0.00008658
2026-05-11 02:23:01,949 [Trainer] :: Updated latest checkpoint at epoch 72
2026-05-11 02:23:01,949 [Trainer] :: No validation IoU improvement for 48 epoch(s)
2026-05-11 02:23:01,949 [Trainer] :: Starting epoch 73
2026-05-11 02:29:11,895 [Trainer] :: Completed epoch 73: train_loss=0.106898 train_iou=0.896590 val_loss=0.296065 val_iou=0.642734 lr=0.00008623
2026-05-11 02:29:11,989 [Trainer] :: Updated latest checkpoint at epoch 73
2026-05-11 02:29:11,990 [Trainer] :: No validation IoU improvement for 49 epoch(s)
2026-05-11 02:29:11,990 [Trainer] :: Starting epoch 74
2026-05-11 02:35:11,735 [Trainer] :: Completed epoch 74: train_loss=0.106284 train_iou=0.897654 val_loss=0.303377 val_iou=0.650068 lr=0.00008587
2026-05-11 02:35:11,827 [Trainer] :: Updated latest checkpoint at epoch 74
2026-05-11 02:35:11,827 [Trainer] :: No validation IoU improvement for 50 epoch(s)
2026-05-11 02:35:11,827 [Trainer] :: Starting epoch 75
2026-05-11 02:41:08,033 [Trainer] :: Completed epoch 75: train_loss=0.101876 train_iou=0.900859 val_loss=0.302318 val_iou=0.641407 lr=0.00008550
2026-05-11 02:41:08,140 [Trainer] :: Updated latest checkpoint at epoch 75
2026-05-11 02:41:08,140 [Trainer] :: No validation IoU improvement for 51 epoch(s)
2026-05-11 02:41:08,140 [Trainer] :: Starting epoch 76
2026-05-11 02:47:04,217 [Trainer] :: Completed epoch 76: train_loss=0.103028 train_iou=0.901784 val_loss=0.303223 val_iou=0.624636 lr=0.00008513
2026-05-11 02:47:04,363 [Trainer] :: Updated latest checkpoint at epoch 76
2026-05-11 02:47:04,363 [Trainer] :: No validation IoU improvement for 52 epoch(s)
2026-05-11 02:47:04,363 [Trainer] :: Starting epoch 77
2026-05-11 02:52:54,220 [Trainer] :: Completed epoch 77: train_loss=0.102926 train_iou=0.901243 val_loss=0.293693 val_iou=0.644461 lr=0.00008476
2026-05-11 02:52:54,305 [Trainer] :: Updated latest checkpoint at epoch 77
2026-05-11 02:52:54,306 [Trainer] :: No validation IoU improvement for 53 epoch(s)
2026-05-11 02:52:54,306 [Trainer] :: Starting epoch 78
2026-05-11 02:58:43,108 [Trainer] :: Completed epoch 78: train_loss=0.103924 train_iou=0.901338 val_loss=0.297592 val_iou=0.662982 lr=0.00008439
2026-05-11 02:58:43,202 [Trainer] :: Updated latest checkpoint at epoch 78
2026-05-11 02:58:43,202 [Trainer] :: No validation IoU improvement for 54 epoch(s)
2026-05-11 02:58:43,202 [Trainer] :: Starting epoch 79
2026-05-11 03:04:33,516 [Trainer] :: Completed epoch 79: train_loss=0.104048 train_iou=0.900406 val_loss=0.300895 val_iou=0.653205 lr=0.00008401
2026-05-11 03:04:33,605 [Trainer] :: Updated latest checkpoint at epoch 79
2026-05-11 03:04:33,605 [Trainer] :: No validation IoU improvement for 55 epoch(s)
2026-05-11 03:04:33,605 [Trainer] :: Starting epoch 80
2026-05-11 03:10:30,206 [Trainer] :: Completed epoch 80: train_loss=0.099272 train_iou=0.903623 val_loss=0.298194 val_iou=0.649640 lr=0.00008362
2026-05-11 03:10:30,684 [Trainer] :: Updated latest checkpoint at epoch 80
2026-05-11 03:10:30,685 [Trainer] :: No validation IoU improvement for 56 epoch(s)
2026-05-11 03:10:30,685 [Trainer] :: Starting epoch 81
2026-05-11 03:17:03,515 [Trainer] :: Completed epoch 81: train_loss=0.099232 train_iou=0.904984 val_loss=0.298316 val_iou=0.667018 lr=0.00008323
2026-05-11 03:17:03,679 [Trainer] :: Updated latest checkpoint at epoch 81
2026-05-11 03:17:03,679 [Trainer] :: No validation IoU improvement for 57 epoch(s)
2026-05-11 03:17:03,679 [Trainer] :: Starting epoch 82
2026-05-11 03:36:09,643 [Trainer] :: Completed epoch 82: train_loss=0.097956 train_iou=0.905590 val_loss=0.298879 val_iou=0.656162 lr=0.00008284
2026-05-11 03:36:10,530 [Trainer] :: Updated latest checkpoint at epoch 82
2026-05-11 03:36:10,530 [Trainer] :: No validation IoU improvement for 58 epoch(s)
2026-05-11 03:36:10,530 [Trainer] :: Starting epoch 83
2026-05-11 03:51:35,183 [Trainer] :: Completed epoch 83: train_loss=0.097158 train_iou=0.904874 val_loss=0.312204 val_iou=0.652684 lr=0.00008245
2026-05-11 03:51:35,537 [Trainer] :: Updated latest checkpoint at epoch 83
2026-05-11 03:51:35,538 [Trainer] :: No validation IoU improvement for 59 epoch(s)
2026-05-11 03:51:35,538 [Trainer] :: Starting epoch 84
2026-05-11 04:02:31,942 [Trainer] :: Completed epoch 84: train_loss=0.098012 train_iou=0.905204 val_loss=0.301234 val_iou=0.648036 lr=0.00008205
2026-05-11 04:02:32,134 [Trainer] :: Updated latest checkpoint at epoch 84
2026-05-11 04:02:32,134 [Trainer] :: No validation IoU improvement for 60 epoch(s)
2026-05-11 04:02:32,134 [Trainer] :: Early stopping triggered after 60 epoch(s) without improvement
2026-05-11 04:10:40,766 [Trainer] :: Wrote training history to outputs/runs/rgb_real_msi_segformer_b0_fuzzy_halo_seed50_20260510T164724Z/metrics/history.json
2026-05-11 04:10:40,924 [Trainer] :: Wrote test summary to outputs/runs/rgb_real_msi_segformer_b0_fuzzy_halo_seed50_20260510T164724Z/metrics/test_summary.json
2026-05-11 04:10:40,925 [Trainer] :: Training completed
