2026-05-08 21:00:17,730 [Trainer] :: Training run initialized at /ceph/home/student.aau.dk/qd36zu/fuzzy-p10/tbd/masking/outputs/runs/real_msi_unetplusplus_resnet50_fuzzy_halo_seed46_20260508T190017Z
2026-05-08 21:00:17,731 [Trainer] :: Loaded config from /ceph/home/student.aau.dk/qd36zu/fuzzy-p10/tbd/masking/configs/fuzzy/real_msi_unetpp_resnet50.yaml
2026-05-08 21:00:17,731 [Trainer] :: Using seed=46 and device=None
2026-05-08 21:00:17,731 [Trainer] :: Using model architecture=UnetPlusPlus encoder=resnet50 encoder_weights=imagenet
2026-05-08 21:00:18,009 [Trainer] :: Resolved runtime device to cuda
2026-05-08 21:00:18,009 [Trainer] :: Prepared normalization from source=train_split_patch_stats
2026-05-08 21:00:28,941 [Trainer] :: Built dataloaders with batch_size=16, num_workers=0
2026-05-08 21:00:28,942 [Trainer] :: Starting epoch 1
2026-05-08 21:07:49,488 [Trainer] :: Completed epoch 1: train_loss=0.400070 train_iou=0.684332 val_loss=0.424822 val_iou=0.509335 lr=0.00010000
2026-05-08 21:07:51,525 [Trainer] :: Updated latest checkpoint at epoch 1
2026-05-08 21:07:53,529 [Trainer] :: New best checkpoint saved with val_iou=0.509335
2026-05-08 21:07:53,530 [Trainer] :: Starting epoch 2
2026-05-08 21:15:22,300 [Trainer] :: Completed epoch 2: train_loss=0.306665 train_iou=0.764240 val_loss=0.359204 val_iou=0.575236 lr=0.00009999
2026-05-08 21:15:22,995 [Trainer] :: Updated latest checkpoint at epoch 2
2026-05-08 21:15:23,657 [Trainer] :: New best checkpoint saved with val_iou=0.575236
2026-05-08 21:15:23,657 [Trainer] :: Starting epoch 3
2026-05-08 21:23:20,003 [Trainer] :: Completed epoch 3: train_loss=0.286661 train_iou=0.771941 val_loss=0.330126 val_iou=0.582532 lr=0.00009998
2026-05-08 21:23:21,567 [Trainer] :: Updated latest checkpoint at epoch 3
2026-05-08 21:23:22,457 [Trainer] :: New best checkpoint saved with val_iou=0.582532
2026-05-08 21:23:22,457 [Trainer] :: Starting epoch 4
2026-05-08 21:31:49,528 [Trainer] :: Completed epoch 4: train_loss=0.263691 train_iou=0.789804 val_loss=0.384502 val_iou=0.573335 lr=0.00009996
2026-05-08 21:31:50,727 [Trainer] :: Updated latest checkpoint at epoch 4
2026-05-08 21:31:50,728 [Trainer] :: No validation IoU improvement for 1 epoch(s)
2026-05-08 21:31:50,728 [Trainer] :: Starting epoch 5
2026-05-08 21:44:23,176 [Trainer] :: Completed epoch 5: train_loss=0.250801 train_iou=0.798143 val_loss=0.336765 val_iou=0.554679 lr=0.00009993
2026-05-08 21:44:23,881 [Trainer] :: Updated latest checkpoint at epoch 5
2026-05-08 21:44:23,881 [Trainer] :: No validation IoU improvement for 2 epoch(s)
2026-05-08 21:44:23,881 [Trainer] :: Starting epoch 6
2026-05-08 21:59:07,114 [Trainer] :: Completed epoch 6: train_loss=0.241052 train_iou=0.806613 val_loss=0.332975 val_iou=0.587645 lr=0.00009990
2026-05-08 21:59:08,146 [Trainer] :: Updated latest checkpoint at epoch 6
2026-05-08 21:59:08,870 [Trainer] :: New best checkpoint saved with val_iou=0.587645
2026-05-08 21:59:08,870 [Trainer] :: Starting epoch 7
2026-05-08 22:05:56,766 [Trainer] :: Completed epoch 7: train_loss=0.229985 train_iou=0.813333 val_loss=0.326278 val_iou=0.554133 lr=0.00009987
2026-05-08 22:05:57,374 [Trainer] :: Updated latest checkpoint at epoch 7
2026-05-08 22:05:57,374 [Trainer] :: No validation IoU improvement for 1 epoch(s)
2026-05-08 22:05:57,374 [Trainer] :: Starting epoch 8
2026-05-08 22:13:52,605 [Trainer] :: Completed epoch 8: train_loss=0.221488 train_iou=0.823777 val_loss=0.315206 val_iou=0.586616 lr=0.00009983
2026-05-08 22:13:53,906 [Trainer] :: Updated latest checkpoint at epoch 8
2026-05-08 22:13:53,906 [Trainer] :: No validation IoU improvement for 2 epoch(s)
2026-05-08 22:13:53,906 [Trainer] :: Starting epoch 9
2026-05-08 22:23:35,272 [Trainer] :: Completed epoch 9: train_loss=0.214869 train_iou=0.826227 val_loss=0.293591 val_iou=0.612902 lr=0.00009978
2026-05-08 22:23:35,971 [Trainer] :: Updated latest checkpoint at epoch 9
2026-05-08 22:23:36,722 [Trainer] :: New best checkpoint saved with val_iou=0.612902
2026-05-08 22:23:36,722 [Trainer] :: Starting epoch 10
2026-05-08 22:33:17,942 [Trainer] :: Completed epoch 10: train_loss=0.207261 train_iou=0.833713 val_loss=0.321860 val_iou=0.593396 lr=0.00009973
2026-05-08 22:33:18,689 [Trainer] :: Updated latest checkpoint at epoch 10
2026-05-08 22:33:18,690 [Trainer] :: No validation IoU improvement for 1 epoch(s)
2026-05-08 22:33:18,690 [Trainer] :: Starting epoch 11
2026-05-08 22:42:05,309 [Trainer] :: Completed epoch 11: train_loss=0.199541 train_iou=0.839381 val_loss=0.310699 val_iou=0.609950 lr=0.00009967
2026-05-08 22:42:06,782 [Trainer] :: Updated latest checkpoint at epoch 11
2026-05-08 22:42:06,782 [Trainer] :: No validation IoU improvement for 2 epoch(s)
2026-05-08 22:42:06,782 [Trainer] :: Starting epoch 12
2026-05-08 22:51:04,676 [Trainer] :: Completed epoch 12: train_loss=0.195575 train_iou=0.844902 val_loss=0.306986 val_iou=0.605077 lr=0.00009961
2026-05-08 22:51:05,633 [Trainer] :: Updated latest checkpoint at epoch 12
2026-05-08 22:51:05,633 [Trainer] :: No validation IoU improvement for 3 epoch(s)
2026-05-08 22:51:05,633 [Trainer] :: Starting epoch 13
2026-05-08 23:01:09,813 [Trainer] :: Completed epoch 13: train_loss=0.187602 train_iou=0.845917 val_loss=0.328635 val_iou=0.556368 lr=0.00009954
2026-05-08 23:01:10,679 [Trainer] :: Updated latest checkpoint at epoch 13
2026-05-08 23:01:10,679 [Trainer] :: No validation IoU improvement for 4 epoch(s)
2026-05-08 23:01:10,679 [Trainer] :: Starting epoch 14
2026-05-08 23:17:09,528 [Trainer] :: Completed epoch 14: train_loss=0.181216 train_iou=0.856730 val_loss=0.334504 val_iou=0.562724 lr=0.00009947
2026-05-08 23:17:10,184 [Trainer] :: Updated latest checkpoint at epoch 14
2026-05-08 23:17:10,184 [Trainer] :: No validation IoU improvement for 5 epoch(s)
2026-05-08 23:17:10,184 [Trainer] :: Starting epoch 15
2026-05-08 23:27:19,457 [Trainer] :: Completed epoch 15: train_loss=0.179980 train_iou=0.857784 val_loss=0.311704 val_iou=0.610849 lr=0.00009939
2026-05-08 23:27:20,419 [Trainer] :: Updated latest checkpoint at epoch 15
2026-05-08 23:27:20,419 [Trainer] :: No validation IoU improvement for 6 epoch(s)
2026-05-08 23:27:20,419 [Trainer] :: Starting epoch 16
2026-05-08 23:33:58,389 [Trainer] :: Completed epoch 16: train_loss=0.176945 train_iou=0.856942 val_loss=0.342792 val_iou=0.550174 lr=0.00009931
2026-05-08 23:33:59,000 [Trainer] :: Updated latest checkpoint at epoch 16
2026-05-08 23:33:59,000 [Trainer] :: No validation IoU improvement for 7 epoch(s)
2026-05-08 23:33:59,000 [Trainer] :: Starting epoch 17
2026-05-08 23:46:08,254 [Trainer] :: Completed epoch 17: train_loss=0.168300 train_iou=0.865854 val_loss=0.339437 val_iou=0.556219 lr=0.00009922
2026-05-08 23:46:08,909 [Trainer] :: Updated latest checkpoint at epoch 17
2026-05-08 23:46:08,909 [Trainer] :: No validation IoU improvement for 8 epoch(s)
2026-05-08 23:46:08,909 [Trainer] :: Starting epoch 18
2026-05-08 23:56:50,521 [Trainer] :: Completed epoch 18: train_loss=0.167323 train_iou=0.868173 val_loss=0.351233 val_iou=0.543697 lr=0.00009912
2026-05-08 23:56:51,722 [Trainer] :: Updated latest checkpoint at epoch 18
2026-05-08 23:56:51,722 [Trainer] :: No validation IoU improvement for 9 epoch(s)
2026-05-08 23:56:51,722 [Trainer] :: Starting epoch 19
2026-05-09 00:05:58,320 [Trainer] :: Completed epoch 19: train_loss=0.161160 train_iou=0.871848 val_loss=0.324385 val_iou=0.579552 lr=0.00009902
2026-05-09 00:05:59,345 [Trainer] :: Updated latest checkpoint at epoch 19
2026-05-09 00:05:59,346 [Trainer] :: No validation IoU improvement for 10 epoch(s)
2026-05-09 00:05:59,346 [Trainer] :: Starting epoch 20
2026-05-09 00:13:23,468 [Trainer] :: Completed epoch 20: train_loss=0.153178 train_iou=0.879070 val_loss=0.302386 val_iou=0.607765 lr=0.00009892
2026-05-09 00:13:24,091 [Trainer] :: Updated latest checkpoint at epoch 20
2026-05-09 00:13:24,091 [Trainer] :: No validation IoU improvement for 11 epoch(s)
2026-05-09 00:13:24,091 [Trainer] :: Starting epoch 21
2026-05-09 00:21:22,999 [Trainer] :: Completed epoch 21: train_loss=0.150863 train_iou=0.882839 val_loss=0.405954 val_iou=0.506819 lr=0.00009881
2026-05-09 00:21:23,859 [Trainer] :: Updated latest checkpoint at epoch 21
2026-05-09 00:21:23,859 [Trainer] :: No validation IoU improvement for 12 epoch(s)
2026-05-09 00:21:23,859 [Trainer] :: Starting epoch 22
2026-05-09 00:29:12,674 [Trainer] :: Completed epoch 22: train_loss=0.153498 train_iou=0.878063 val_loss=0.321239 val_iou=0.599756 lr=0.00009869
2026-05-09 00:29:13,869 [Trainer] :: Updated latest checkpoint at epoch 22
2026-05-09 00:29:13,870 [Trainer] :: No validation IoU improvement for 13 epoch(s)
2026-05-09 00:29:13,870 [Trainer] :: Starting epoch 23
2026-05-09 00:37:48,018 [Trainer] :: Completed epoch 23: train_loss=0.154692 train_iou=0.877194 val_loss=0.338543 val_iou=0.566598 lr=0.00009857
2026-05-09 00:37:49,249 [Trainer] :: Updated latest checkpoint at epoch 23
2026-05-09 00:37:49,249 [Trainer] :: No validation IoU improvement for 14 epoch(s)
2026-05-09 00:37:49,249 [Trainer] :: Starting epoch 24
2026-05-09 00:43:57,262 [Trainer] :: Completed epoch 24: train_loss=0.145461 train_iou=0.887035 val_loss=0.318869 val_iou=0.589184 lr=0.00009844
2026-05-09 00:43:57,901 [Trainer] :: Updated latest checkpoint at epoch 24
2026-05-09 00:43:57,901 [Trainer] :: No validation IoU improvement for 15 epoch(s)
2026-05-09 00:43:57,901 [Trainer] :: Starting epoch 25
2026-05-09 00:50:46,523 [Trainer] :: Completed epoch 25: train_loss=0.144928 train_iou=0.886755 val_loss=0.313686 val_iou=0.608168 lr=0.00009831
2026-05-09 00:50:47,190 [Trainer] :: Updated latest checkpoint at epoch 25
2026-05-09 00:50:47,190 [Trainer] :: No validation IoU improvement for 16 epoch(s)
2026-05-09 00:50:47,190 [Trainer] :: Starting epoch 26
2026-05-09 00:57:46,017 [Trainer] :: Completed epoch 26: train_loss=0.142938 train_iou=0.887998 val_loss=0.329648 val_iou=0.577782 lr=0.00009818
2026-05-09 00:57:47,047 [Trainer] :: Updated latest checkpoint at epoch 26
2026-05-09 00:57:47,047 [Trainer] :: No validation IoU improvement for 17 epoch(s)
2026-05-09 00:57:47,047 [Trainer] :: Starting epoch 27
2026-05-09 01:04:35,057 [Trainer] :: Completed epoch 27: train_loss=0.134034 train_iou=0.893904 val_loss=0.311343 val_iou=0.603119 lr=0.00009803
2026-05-09 01:04:35,676 [Trainer] :: Updated latest checkpoint at epoch 27
2026-05-09 01:04:35,676 [Trainer] :: No validation IoU improvement for 18 epoch(s)
2026-05-09 01:04:35,676 [Trainer] :: Starting epoch 28
2026-05-09 01:12:21,274 [Trainer] :: Completed epoch 28: train_loss=0.130743 train_iou=0.894475 val_loss=0.316753 val_iou=0.588409 lr=0.00009789
2026-05-09 01:12:21,998 [Trainer] :: Updated latest checkpoint at epoch 28
2026-05-09 01:12:21,998 [Trainer] :: No validation IoU improvement for 19 epoch(s)
2026-05-09 01:12:21,998 [Trainer] :: Starting epoch 29
2026-05-09 01:20:39,366 [Trainer] :: Completed epoch 29: train_loss=0.128007 train_iou=0.895953 val_loss=0.326369 val_iou=0.608733 lr=0.00009773
2026-05-09 01:20:40,073 [Trainer] :: Updated latest checkpoint at epoch 29
2026-05-09 01:20:40,073 [Trainer] :: No validation IoU improvement for 20 epoch(s)
2026-05-09 01:20:40,073 [Trainer] :: Starting epoch 30
2026-05-09 01:27:12,646 [Trainer] :: Completed epoch 30: train_loss=0.124828 train_iou=0.896641 val_loss=0.316269 val_iou=0.618622 lr=0.00009758
2026-05-09 01:27:13,567 [Trainer] :: Updated latest checkpoint at epoch 30
2026-05-09 01:27:14,382 [Trainer] :: New best checkpoint saved with val_iou=0.618622
2026-05-09 01:27:14,383 [Trainer] :: Starting epoch 31
2026-05-09 01:33:56,046 [Trainer] :: Completed epoch 31: train_loss=0.121550 train_iou=0.899042 val_loss=0.309825 val_iou=0.609204 lr=0.00009741
2026-05-09 01:33:56,614 [Trainer] :: Updated latest checkpoint at epoch 31
2026-05-09 01:33:56,614 [Trainer] :: No validation IoU improvement for 1 epoch(s)
2026-05-09 01:33:56,614 [Trainer] :: Starting epoch 32
2026-05-09 01:40:38,919 [Trainer] :: Completed epoch 32: train_loss=0.117664 train_iou=0.901202 val_loss=0.325023 val_iou=0.591864 lr=0.00009725
2026-05-09 01:40:39,692 [Trainer] :: Updated latest checkpoint at epoch 32
2026-05-09 01:40:39,692 [Trainer] :: No validation IoU improvement for 2 epoch(s)
2026-05-09 01:40:39,692 [Trainer] :: Starting epoch 33
2026-05-09 01:47:49,285 [Trainer] :: Completed epoch 33: train_loss=0.113199 train_iou=0.902527 val_loss=0.326219 val_iou=0.600547 lr=0.00009707
2026-05-09 01:47:50,025 [Trainer] :: Updated latest checkpoint at epoch 33
2026-05-09 01:47:50,025 [Trainer] :: No validation IoU improvement for 3 epoch(s)
2026-05-09 01:47:50,025 [Trainer] :: Starting epoch 34
2026-05-09 01:55:01,492 [Trainer] :: Completed epoch 34: train_loss=0.114526 train_iou=0.901861 val_loss=0.347307 val_iou=0.575555 lr=0.00009690
2026-05-09 01:55:02,464 [Trainer] :: Updated latest checkpoint at epoch 34
2026-05-09 01:55:02,464 [Trainer] :: No validation IoU improvement for 4 epoch(s)
2026-05-09 01:55:02,464 [Trainer] :: Starting epoch 35
2026-05-09 02:01:58,212 [Trainer] :: Completed epoch 35: train_loss=0.108568 train_iou=0.906187 val_loss=0.323533 val_iou=0.587953 lr=0.00009671
2026-05-09 02:01:58,931 [Trainer] :: Updated latest checkpoint at epoch 35
2026-05-09 02:01:58,931 [Trainer] :: No validation IoU improvement for 5 epoch(s)
2026-05-09 02:01:58,931 [Trainer] :: Starting epoch 36
2026-05-09 02:11:44,749 [Trainer] :: Completed epoch 36: train_loss=0.111391 train_iou=0.902225 val_loss=0.322260 val_iou=0.579392 lr=0.00009652
2026-05-09 02:11:45,472 [Trainer] :: Updated latest checkpoint at epoch 36
2026-05-09 02:11:45,472 [Trainer] :: No validation IoU improvement for 6 epoch(s)
2026-05-09 02:11:45,472 [Trainer] :: Starting epoch 37
2026-05-09 02:19:25,674 [Trainer] :: Completed epoch 37: train_loss=0.105796 train_iou=0.905812 val_loss=0.341606 val_iou=0.584435 lr=0.00009633
2026-05-09 02:19:26,411 [Trainer] :: Updated latest checkpoint at epoch 37
2026-05-09 02:19:26,411 [Trainer] :: No validation IoU improvement for 7 epoch(s)
2026-05-09 02:19:26,411 [Trainer] :: Starting epoch 38
2026-05-09 02:25:20,297 [Trainer] :: Completed epoch 38: train_loss=0.101195 train_iou=0.907605 val_loss=0.333054 val_iou=0.599247 lr=0.00009613
2026-05-09 02:25:20,954 [Trainer] :: Updated latest checkpoint at epoch 38
2026-05-09 02:25:20,954 [Trainer] :: No validation IoU improvement for 8 epoch(s)
2026-05-09 02:25:20,954 [Trainer] :: Starting epoch 39
2026-05-09 02:35:38,425 [Trainer] :: Completed epoch 39: train_loss=0.102037 train_iou=0.909144 val_loss=0.348284 val_iou=0.604441 lr=0.00009593
2026-05-09 02:35:39,238 [Trainer] :: Updated latest checkpoint at epoch 39
2026-05-09 02:35:39,238 [Trainer] :: No validation IoU improvement for 9 epoch(s)
2026-05-09 02:35:39,238 [Trainer] :: Starting epoch 40
2026-05-09 02:41:59,613 [Trainer] :: Completed epoch 40: train_loss=0.098352 train_iou=0.910458 val_loss=0.334967 val_iou=0.583421 lr=0.00009572
2026-05-09 02:42:00,741 [Trainer] :: Updated latest checkpoint at epoch 40
2026-05-09 02:42:00,741 [Trainer] :: No validation IoU improvement for 10 epoch(s)
2026-05-09 02:42:00,741 [Trainer] :: Starting epoch 41
2026-05-09 02:47:54,069 [Trainer] :: Completed epoch 41: train_loss=0.102208 train_iou=0.906917 val_loss=0.349930 val_iou=0.606103 lr=0.00009551
2026-05-09 02:47:54,809 [Trainer] :: Updated latest checkpoint at epoch 41
2026-05-09 02:47:54,809 [Trainer] :: No validation IoU improvement for 11 epoch(s)
2026-05-09 02:47:54,809 [Trainer] :: Starting epoch 42
2026-05-09 02:54:44,464 [Trainer] :: Completed epoch 42: train_loss=0.100403 train_iou=0.909838 val_loss=0.337963 val_iou=0.593505 lr=0.00009529
2026-05-09 02:54:45,441 [Trainer] :: Updated latest checkpoint at epoch 42
2026-05-09 02:54:45,441 [Trainer] :: No validation IoU improvement for 12 epoch(s)
2026-05-09 02:54:45,441 [Trainer] :: Starting epoch 43
2026-05-09 03:06:34,361 [Trainer] :: Completed epoch 43: train_loss=0.099936 train_iou=0.910458 val_loss=0.352988 val_iou=0.577070 lr=0.00009507
2026-05-09 03:06:35,563 [Trainer] :: Updated latest checkpoint at epoch 43
2026-05-09 03:06:35,563 [Trainer] :: No validation IoU improvement for 13 epoch(s)
2026-05-09 03:06:35,563 [Trainer] :: Starting epoch 44
2026-05-09 03:20:59,153 [Trainer] :: Completed epoch 44: train_loss=0.093643 train_iou=0.914146 val_loss=0.373165 val_iou=0.591416 lr=0.00009484
2026-05-09 03:21:00,449 [Trainer] :: Updated latest checkpoint at epoch 44
2026-05-09 03:21:00,449 [Trainer] :: No validation IoU improvement for 14 epoch(s)
2026-05-09 03:21:00,449 [Trainer] :: Starting epoch 45
2026-05-09 03:32:11,895 [Trainer] :: Completed epoch 45: train_loss=0.097653 train_iou=0.911407 val_loss=0.361101 val_iou=0.578924 lr=0.00009460
2026-05-09 03:32:12,929 [Trainer] :: Updated latest checkpoint at epoch 45
2026-05-09 03:32:12,929 [Trainer] :: No validation IoU improvement for 15 epoch(s)
2026-05-09 03:32:12,929 [Trainer] :: Starting epoch 46
2026-05-09 03:41:33,800 [Trainer] :: Completed epoch 46: train_loss=0.094793 train_iou=0.913810 val_loss=0.364489 val_iou=0.579527 lr=0.00009437
2026-05-09 03:41:34,654 [Trainer] :: Updated latest checkpoint at epoch 46
2026-05-09 03:41:34,654 [Trainer] :: No validation IoU improvement for 16 epoch(s)
2026-05-09 03:41:34,654 [Trainer] :: Starting epoch 47
2026-05-09 03:49:01,221 [Trainer] :: Completed epoch 47: train_loss=0.092647 train_iou=0.916392 val_loss=0.363109 val_iou=0.598317 lr=0.00009412
2026-05-09 03:49:02,242 [Trainer] :: Updated latest checkpoint at epoch 47
2026-05-09 03:49:02,242 [Trainer] :: No validation IoU improvement for 17 epoch(s)
2026-05-09 03:49:02,242 [Trainer] :: Starting epoch 48
2026-05-09 03:59:36,689 [Trainer] :: Completed epoch 48: train_loss=0.089943 train_iou=0.916410 val_loss=0.374773 val_iou=0.594394 lr=0.00009388
2026-05-09 03:59:39,115 [Trainer] :: Updated latest checkpoint at epoch 48
2026-05-09 03:59:39,115 [Trainer] :: No validation IoU improvement for 18 epoch(s)
2026-05-09 03:59:39,116 [Trainer] :: Starting epoch 49
2026-05-09 04:09:02,644 [Trainer] :: Completed epoch 49: train_loss=0.089163 train_iou=0.918786 val_loss=0.370352 val_iou=0.576535 lr=0.00009363
2026-05-09 04:09:03,751 [Trainer] :: Updated latest checkpoint at epoch 49
2026-05-09 04:09:03,751 [Trainer] :: No validation IoU improvement for 19 epoch(s)
2026-05-09 04:09:03,751 [Trainer] :: Starting epoch 50
2026-05-09 04:17:25,814 [Trainer] :: Completed epoch 50: train_loss=0.090132 train_iou=0.917932 val_loss=0.363446 val_iou=0.580054 lr=0.00009337
2026-05-09 04:17:26,719 [Trainer] :: Updated latest checkpoint at epoch 50
2026-05-09 04:17:26,719 [Trainer] :: No validation IoU improvement for 20 epoch(s)
2026-05-09 04:17:26,719 [Trainer] :: Starting epoch 51
2026-05-09 04:26:14,639 [Trainer] :: Completed epoch 51: train_loss=0.087564 train_iou=0.918056 val_loss=0.376642 val_iou=0.595325 lr=0.00009311
2026-05-09 04:26:15,837 [Trainer] :: Updated latest checkpoint at epoch 51
2026-05-09 04:26:15,837 [Trainer] :: No validation IoU improvement for 21 epoch(s)
2026-05-09 04:26:15,837 [Trainer] :: Starting epoch 52
2026-05-09 04:33:29,428 [Trainer] :: Completed epoch 52: train_loss=0.087051 train_iou=0.920482 val_loss=0.361443 val_iou=0.609551 lr=0.00009284
2026-05-09 04:33:30,682 [Trainer] :: Updated latest checkpoint at epoch 52
2026-05-09 04:33:30,682 [Trainer] :: No validation IoU improvement for 22 epoch(s)
2026-05-09 04:33:30,682 [Trainer] :: Starting epoch 53
2026-05-09 04:42:37,938 [Trainer] :: Completed epoch 53: train_loss=0.083975 train_iou=0.919817 val_loss=0.388689 val_iou=0.543432 lr=0.00009257
2026-05-09 04:42:38,974 [Trainer] :: Updated latest checkpoint at epoch 53
2026-05-09 04:42:38,974 [Trainer] :: No validation IoU improvement for 23 epoch(s)
2026-05-09 04:42:38,974 [Trainer] :: Starting epoch 54
2026-05-09 04:51:39,831 [Trainer] :: Completed epoch 54: train_loss=0.083495 train_iou=0.921926 val_loss=0.370129 val_iou=0.577281 lr=0.00009229
2026-05-09 04:51:40,560 [Trainer] :: Updated latest checkpoint at epoch 54
2026-05-09 04:51:40,560 [Trainer] :: No validation IoU improvement for 24 epoch(s)
2026-05-09 04:51:40,560 [Trainer] :: Starting epoch 55
2026-05-09 05:01:54,090 [Trainer] :: Completed epoch 55: train_loss=0.085087 train_iou=0.923052 val_loss=0.394351 val_iou=0.565508 lr=0.00009201
2026-05-09 05:01:54,729 [Trainer] :: Updated latest checkpoint at epoch 55
2026-05-09 05:01:54,729 [Trainer] :: No validation IoU improvement for 25 epoch(s)
2026-05-09 05:01:54,729 [Trainer] :: Starting epoch 56
2026-05-09 05:12:27,956 [Trainer] :: Completed epoch 56: train_loss=0.081522 train_iou=0.923601 val_loss=0.355310 val_iou=0.585001 lr=0.00009173
2026-05-09 05:12:28,585 [Trainer] :: Updated latest checkpoint at epoch 56
2026-05-09 05:12:28,585 [Trainer] :: No validation IoU improvement for 26 epoch(s)
2026-05-09 05:12:28,585 [Trainer] :: Starting epoch 57
2026-05-09 05:20:18,009 [Trainer] :: Completed epoch 57: train_loss=0.080398 train_iou=0.924822 val_loss=0.384789 val_iou=0.592384 lr=0.00009144
2026-05-09 05:20:19,116 [Trainer] :: Updated latest checkpoint at epoch 57
2026-05-09 05:20:19,116 [Trainer] :: No validation IoU improvement for 27 epoch(s)
2026-05-09 05:20:19,116 [Trainer] :: Starting epoch 58
2026-05-09 05:32:53,811 [Trainer] :: Completed epoch 58: train_loss=0.079420 train_iou=0.926051 val_loss=0.342857 val_iou=0.597574 lr=0.00009115
2026-05-09 05:32:55,439 [Trainer] :: Updated latest checkpoint at epoch 58
2026-05-09 05:32:55,439 [Trainer] :: No validation IoU improvement for 28 epoch(s)
2026-05-09 05:32:55,439 [Trainer] :: Starting epoch 59
2026-05-09 05:47:11,237 [Trainer] :: Completed epoch 59: train_loss=0.079432 train_iou=0.926511 val_loss=0.357474 val_iou=0.594337 lr=0.00009085
2026-05-09 05:47:12,286 [Trainer] :: Updated latest checkpoint at epoch 59
2026-05-09 05:47:12,286 [Trainer] :: No validation IoU improvement for 29 epoch(s)
2026-05-09 05:47:12,286 [Trainer] :: Starting epoch 60
2026-05-09 06:00:08,329 [Trainer] :: Completed epoch 60: train_loss=0.080800 train_iou=0.924570 val_loss=0.369755 val_iou=0.580805 lr=0.00009055
2026-05-09 06:00:09,482 [Trainer] :: Updated latest checkpoint at epoch 60
2026-05-09 06:00:09,482 [Trainer] :: No validation IoU improvement for 30 epoch(s)
2026-05-09 06:00:09,482 [Trainer] :: Starting epoch 61
2026-05-09 06:12:26,497 [Trainer] :: Completed epoch 61: train_loss=0.078956 train_iou=0.925820 val_loss=0.380034 val_iou=0.579600 lr=0.00009024
2026-05-09 06:12:27,735 [Trainer] :: Updated latest checkpoint at epoch 61
2026-05-09 06:12:27,735 [Trainer] :: No validation IoU improvement for 31 epoch(s)
2026-05-09 06:12:27,735 [Trainer] :: Starting epoch 62
2026-05-09 06:26:56,263 [Trainer] :: Completed epoch 62: train_loss=0.078405 train_iou=0.927181 val_loss=0.374773 val_iou=0.595620 lr=0.00008993
2026-05-09 06:26:57,155 [Trainer] :: Updated latest checkpoint at epoch 62
2026-05-09 06:26:57,155 [Trainer] :: No validation IoU improvement for 32 epoch(s)
2026-05-09 06:26:57,155 [Trainer] :: Starting epoch 63
2026-05-09 06:45:11,279 [Trainer] :: Completed epoch 63: train_loss=0.077834 train_iou=0.926987 val_loss=0.372150 val_iou=0.584776 lr=0.00008961
2026-05-09 06:45:12,876 [Trainer] :: Updated latest checkpoint at epoch 63
2026-05-09 06:45:12,876 [Trainer] :: No validation IoU improvement for 33 epoch(s)
2026-05-09 06:45:12,876 [Trainer] :: Starting epoch 64
2026-05-09 07:01:28,258 [Trainer] :: Completed epoch 64: train_loss=0.076760 train_iou=0.928042 val_loss=0.384024 val_iou=0.578458 lr=0.00008929
2026-05-09 07:01:29,180 [Trainer] :: Updated latest checkpoint at epoch 64
2026-05-09 07:01:29,180 [Trainer] :: No validation IoU improvement for 34 epoch(s)
2026-05-09 07:01:29,180 [Trainer] :: Starting epoch 65
2026-05-09 07:11:05,051 [Trainer] :: Completed epoch 65: train_loss=0.075893 train_iou=0.927834 val_loss=0.391092 val_iou=0.561411 lr=0.00008897
2026-05-09 07:11:05,675 [Trainer] :: Updated latest checkpoint at epoch 65
2026-05-09 07:11:05,676 [Trainer] :: No validation IoU improvement for 35 epoch(s)
2026-05-09 07:11:05,676 [Trainer] :: Starting epoch 66
2026-05-09 07:23:30,619 [Trainer] :: Completed epoch 66: train_loss=0.076086 train_iou=0.929037 val_loss=0.374693 val_iou=0.596853 lr=0.00008864
2026-05-09 07:23:31,639 [Trainer] :: Updated latest checkpoint at epoch 66
2026-05-09 07:23:31,639 [Trainer] :: No validation IoU improvement for 36 epoch(s)
2026-05-09 07:23:31,640 [Trainer] :: Starting epoch 67
2026-05-09 07:36:13,279 [Trainer] :: Completed epoch 67: train_loss=0.074935 train_iou=0.929652 val_loss=0.387611 val_iou=0.572832 lr=0.00008831
2026-05-09 07:36:14,555 [Trainer] :: Updated latest checkpoint at epoch 67
2026-05-09 07:36:14,555 [Trainer] :: No validation IoU improvement for 37 epoch(s)
2026-05-09 07:36:14,555 [Trainer] :: Starting epoch 68
2026-05-09 07:49:20,954 [Trainer] :: Completed epoch 68: train_loss=0.076184 train_iou=0.928729 val_loss=0.381882 val_iou=0.586778 lr=0.00008797
2026-05-09 07:49:22,105 [Trainer] :: Updated latest checkpoint at epoch 68
2026-05-09 07:49:22,106 [Trainer] :: No validation IoU improvement for 38 epoch(s)
2026-05-09 07:49:22,106 [Trainer] :: Starting epoch 69
2026-05-09 08:00:10,313 [Trainer] :: Completed epoch 69: train_loss=0.073363 train_iou=0.930407 val_loss=0.401862 val_iou=0.574231 lr=0.00008763
2026-05-09 08:00:11,136 [Trainer] :: Updated latest checkpoint at epoch 69
2026-05-09 08:00:11,136 [Trainer] :: No validation IoU improvement for 39 epoch(s)
2026-05-09 08:00:11,137 [Trainer] :: Starting epoch 70
2026-05-09 08:11:51,122 [Trainer] :: Completed epoch 70: train_loss=0.075833 train_iou=0.929453 val_loss=0.410200 val_iou=0.570312 lr=0.00008729
2026-05-09 08:11:52,076 [Trainer] :: Updated latest checkpoint at epoch 70
2026-05-09 08:11:52,077 [Trainer] :: No validation IoU improvement for 40 epoch(s)
2026-05-09 08:11:52,077 [Trainer] :: Starting epoch 71
2026-05-09 08:28:18,435 [Trainer] :: Completed epoch 71: train_loss=0.072162 train_iou=0.932395 val_loss=0.358465 val_iou=0.608814 lr=0.00008694
2026-05-09 08:28:19,031 [Trainer] :: Updated latest checkpoint at epoch 71
2026-05-09 08:28:19,031 [Trainer] :: No validation IoU improvement for 41 epoch(s)
2026-05-09 08:28:19,031 [Trainer] :: Starting epoch 72
2026-05-09 08:40:42,742 [Trainer] :: Completed epoch 72: train_loss=0.070033 train_iou=0.933248 val_loss=0.380830 val_iou=0.574742 lr=0.00008658
2026-05-09 08:40:43,849 [Trainer] :: Updated latest checkpoint at epoch 72
2026-05-09 08:40:43,849 [Trainer] :: No validation IoU improvement for 42 epoch(s)
2026-05-09 08:40:43,850 [Trainer] :: Starting epoch 73
2026-05-09 08:48:46,187 [Trainer] :: Completed epoch 73: train_loss=0.069579 train_iou=0.934511 val_loss=0.384950 val_iou=0.587287 lr=0.00008623
2026-05-09 08:48:47,281 [Trainer] :: Updated latest checkpoint at epoch 73
2026-05-09 08:48:47,281 [Trainer] :: No validation IoU improvement for 43 epoch(s)
2026-05-09 08:48:47,281 [Trainer] :: Starting epoch 74
