2026-05-10 23:35:41,074 [Trainer] :: Training run initialized at /ceph/home/student.aau.dk/qd36zu/fuzzy-p10/tbd/masking/outputs/runs/rgb_real_msi_deeplabv3plus_resnet34_fuzzy_halo_seed46_20260510T213540Z
2026-05-10 23:35:41,074 [Trainer] :: Loaded config from /ceph/home/student.aau.dk/qd36zu/fuzzy-p10/tbd/masking/configs/fuzzy/rgb_real_msi_deeplabv3plus_resnet34.yaml
2026-05-10 23:35:41,074 [Trainer] :: Using seed=46 and device=None
2026-05-10 23:35:41,074 [Trainer] :: Using model architecture=DeepLabV3Plus encoder=resnet34 encoder_weights=imagenet
2026-05-10 23:35:41,702 [Trainer] :: Resolved runtime device to cuda
2026-05-10 23:35:41,703 [Trainer] :: Prepared normalization from source=train_split_patch_stats
2026-05-10 23:36:04,505 [Trainer] :: Built dataloaders with batch_size=16, num_workers=0
2026-05-10 23:36:04,518 [Trainer] :: Starting epoch 1
2026-05-10 23:49:12,285 [Trainer] :: Completed epoch 1: train_loss=0.396745 train_iou=0.685155 val_loss=0.343064 val_iou=0.591996 lr=0.00010000
2026-05-10 23:49:12,668 [Trainer] :: Updated latest checkpoint at epoch 1
2026-05-10 23:49:13,016 [Trainer] :: New best checkpoint saved with val_iou=0.591996
2026-05-10 23:49:13,016 [Trainer] :: Starting epoch 2
2026-05-10 23:56:23,451 [Trainer] :: Completed epoch 2: train_loss=0.294473 train_iou=0.768891 val_loss=0.335798 val_iou=0.579928 lr=0.00009999
2026-05-10 23:56:23,793 [Trainer] :: Updated latest checkpoint at epoch 2
2026-05-10 23:56:23,793 [Trainer] :: No validation IoU improvement for 1 epoch(s)
2026-05-10 23:56:23,793 [Trainer] :: Starting epoch 3
2026-05-11 00:03:34,887 [Trainer] :: Completed epoch 3: train_loss=0.269192 train_iou=0.784889 val_loss=0.319782 val_iou=0.560630 lr=0.00009998
2026-05-11 00:03:35,286 [Trainer] :: Updated latest checkpoint at epoch 3
2026-05-11 00:03:35,286 [Trainer] :: No validation IoU improvement for 2 epoch(s)
2026-05-11 00:03:35,286 [Trainer] :: Starting epoch 4
2026-05-11 00:11:00,804 [Trainer] :: Completed epoch 4: train_loss=0.254641 train_iou=0.797690 val_loss=0.315683 val_iou=0.622713 lr=0.00009996
2026-05-11 00:11:01,217 [Trainer] :: Updated latest checkpoint at epoch 4
2026-05-11 00:11:01,616 [Trainer] :: New best checkpoint saved with val_iou=0.622713
2026-05-11 00:11:01,616 [Trainer] :: Starting epoch 5
2026-05-11 00:18:17,878 [Trainer] :: Completed epoch 5: train_loss=0.236582 train_iou=0.809215 val_loss=0.336470 val_iou=0.535788 lr=0.00009993
2026-05-11 00:18:18,224 [Trainer] :: Updated latest checkpoint at epoch 5
2026-05-11 00:18:18,224 [Trainer] :: No validation IoU improvement for 1 epoch(s)
2026-05-11 00:18:18,224 [Trainer] :: Starting epoch 6
2026-05-11 00:25:23,493 [Trainer] :: Completed epoch 6: train_loss=0.225975 train_iou=0.819595 val_loss=0.317990 val_iou=0.620893 lr=0.00009990
2026-05-11 00:25:23,994 [Trainer] :: Updated latest checkpoint at epoch 6
2026-05-11 00:25:23,995 [Trainer] :: No validation IoU improvement for 2 epoch(s)
2026-05-11 00:25:23,995 [Trainer] :: Starting epoch 7
2026-05-11 00:32:32,436 [Trainer] :: Completed epoch 7: train_loss=0.225627 train_iou=0.818470 val_loss=0.346699 val_iou=0.529628 lr=0.00009987
2026-05-11 00:32:32,745 [Trainer] :: Updated latest checkpoint at epoch 7
2026-05-11 00:32:32,746 [Trainer] :: No validation IoU improvement for 3 epoch(s)
2026-05-11 00:32:32,746 [Trainer] :: Starting epoch 8
2026-05-11 00:39:36,042 [Trainer] :: Completed epoch 8: train_loss=0.214945 train_iou=0.826148 val_loss=0.303825 val_iou=0.598477 lr=0.00009983
2026-05-11 00:39:36,381 [Trainer] :: Updated latest checkpoint at epoch 8
2026-05-11 00:39:36,381 [Trainer] :: No validation IoU improvement for 4 epoch(s)
2026-05-11 00:39:36,381 [Trainer] :: Starting epoch 9
2026-05-11 00:47:04,341 [Trainer] :: Completed epoch 9: train_loss=0.209072 train_iou=0.832800 val_loss=0.286237 val_iou=0.624985 lr=0.00009978
2026-05-11 00:47:04,927 [Trainer] :: Updated latest checkpoint at epoch 9
2026-05-11 00:47:05,522 [Trainer] :: New best checkpoint saved with val_iou=0.624985
2026-05-11 00:47:05,523 [Trainer] :: Starting epoch 10
2026-05-11 00:53:30,125 [Trainer] :: Completed epoch 10: train_loss=0.206053 train_iou=0.831646 val_loss=0.324370 val_iou=0.565069 lr=0.00009973
2026-05-11 00:53:30,519 [Trainer] :: Updated latest checkpoint at epoch 10
2026-05-11 00:53:30,519 [Trainer] :: No validation IoU improvement for 1 epoch(s)
2026-05-11 00:53:30,519 [Trainer] :: Starting epoch 11
2026-05-11 01:00:25,943 [Trainer] :: Completed epoch 11: train_loss=0.193166 train_iou=0.843090 val_loss=0.306711 val_iou=0.582802 lr=0.00009967
2026-05-11 01:00:26,475 [Trainer] :: Updated latest checkpoint at epoch 11
2026-05-11 01:00:26,475 [Trainer] :: No validation IoU improvement for 2 epoch(s)
2026-05-11 01:00:26,475 [Trainer] :: Starting epoch 12
2026-05-11 01:07:51,342 [Trainer] :: Completed epoch 12: train_loss=0.193125 train_iou=0.842270 val_loss=0.305876 val_iou=0.594712 lr=0.00009961
2026-05-11 01:07:51,942 [Trainer] :: Updated latest checkpoint at epoch 12
2026-05-11 01:07:51,942 [Trainer] :: No validation IoU improvement for 3 epoch(s)
2026-05-11 01:07:51,942 [Trainer] :: Starting epoch 13
2026-05-11 01:15:14,872 [Trainer] :: Completed epoch 13: train_loss=0.183041 train_iou=0.851007 val_loss=0.298980 val_iou=0.607614 lr=0.00009954
2026-05-11 01:15:15,524 [Trainer] :: Updated latest checkpoint at epoch 13
2026-05-11 01:15:15,524 [Trainer] :: No validation IoU improvement for 4 epoch(s)
2026-05-11 01:15:15,525 [Trainer] :: Starting epoch 14
2026-05-11 01:22:15,586 [Trainer] :: Completed epoch 14: train_loss=0.183074 train_iou=0.852390 val_loss=0.306325 val_iou=0.580069 lr=0.00009947
2026-05-11 01:22:16,049 [Trainer] :: Updated latest checkpoint at epoch 14
2026-05-11 01:22:16,049 [Trainer] :: No validation IoU improvement for 5 epoch(s)
2026-05-11 01:22:16,049 [Trainer] :: Starting epoch 15
2026-05-11 01:28:55,144 [Trainer] :: Completed epoch 15: train_loss=0.176415 train_iou=0.856331 val_loss=0.282239 val_iou=0.622623 lr=0.00009939
2026-05-11 01:28:55,899 [Trainer] :: Updated latest checkpoint at epoch 15
2026-05-11 01:28:55,900 [Trainer] :: No validation IoU improvement for 6 epoch(s)
2026-05-11 01:28:55,900 [Trainer] :: Starting epoch 16
2026-05-11 01:35:43,832 [Trainer] :: Completed epoch 16: train_loss=0.172581 train_iou=0.853038 val_loss=0.311515 val_iou=0.583481 lr=0.00009931
2026-05-11 01:35:44,459 [Trainer] :: Updated latest checkpoint at epoch 16
2026-05-11 01:35:44,459 [Trainer] :: No validation IoU improvement for 7 epoch(s)
2026-05-11 01:35:44,459 [Trainer] :: Starting epoch 17
2026-05-11 01:42:32,997 [Trainer] :: Completed epoch 17: train_loss=0.158098 train_iou=0.867524 val_loss=0.304805 val_iou=0.623711 lr=0.00009922
2026-05-11 01:42:33,498 [Trainer] :: Updated latest checkpoint at epoch 17
2026-05-11 01:42:33,498 [Trainer] :: No validation IoU improvement for 8 epoch(s)
2026-05-11 01:42:33,498 [Trainer] :: Starting epoch 18
2026-05-11 01:49:25,086 [Trainer] :: Completed epoch 18: train_loss=0.164385 train_iou=0.863777 val_loss=0.293614 val_iou=0.630841 lr=0.00009912
2026-05-11 01:49:25,434 [Trainer] :: Updated latest checkpoint at epoch 18
2026-05-11 01:49:25,780 [Trainer] :: New best checkpoint saved with val_iou=0.630841
2026-05-11 01:49:25,780 [Trainer] :: Starting epoch 19
2026-05-11 01:56:13,098 [Trainer] :: Completed epoch 19: train_loss=0.152103 train_iou=0.866419 val_loss=0.314743 val_iou=0.595997 lr=0.00009902
2026-05-11 01:56:13,434 [Trainer] :: Updated latest checkpoint at epoch 19
2026-05-11 01:56:13,434 [Trainer] :: No validation IoU improvement for 1 epoch(s)
2026-05-11 01:56:13,434 [Trainer] :: Starting epoch 20
2026-05-11 02:02:54,940 [Trainer] :: Completed epoch 20: train_loss=0.150054 train_iou=0.869279 val_loss=0.338243 val_iou=0.563224 lr=0.00009892
2026-05-11 02:02:55,271 [Trainer] :: Updated latest checkpoint at epoch 20
2026-05-11 02:02:55,271 [Trainer] :: No validation IoU improvement for 2 epoch(s)
2026-05-11 02:02:55,271 [Trainer] :: Starting epoch 21
2026-05-11 02:09:41,065 [Trainer] :: Completed epoch 21: train_loss=0.150149 train_iou=0.869340 val_loss=0.356188 val_iou=0.560855 lr=0.00009881
2026-05-11 02:09:41,432 [Trainer] :: Updated latest checkpoint at epoch 21
2026-05-11 02:09:41,432 [Trainer] :: No validation IoU improvement for 3 epoch(s)
2026-05-11 02:09:41,432 [Trainer] :: Starting epoch 22
2026-05-11 02:16:07,185 [Trainer] :: Completed epoch 22: train_loss=0.139056 train_iou=0.876819 val_loss=0.329140 val_iou=0.595283 lr=0.00009869
2026-05-11 02:16:07,722 [Trainer] :: Updated latest checkpoint at epoch 22
2026-05-11 02:16:07,722 [Trainer] :: No validation IoU improvement for 4 epoch(s)
2026-05-11 02:16:07,722 [Trainer] :: Starting epoch 23
2026-05-11 02:22:29,219 [Trainer] :: Completed epoch 23: train_loss=0.133172 train_iou=0.881140 val_loss=0.324883 val_iou=0.605612 lr=0.00009857
2026-05-11 02:22:29,535 [Trainer] :: Updated latest checkpoint at epoch 23
2026-05-11 02:22:29,536 [Trainer] :: No validation IoU improvement for 5 epoch(s)
2026-05-11 02:22:29,536 [Trainer] :: Starting epoch 24
2026-05-11 02:28:41,623 [Trainer] :: Completed epoch 24: train_loss=0.130187 train_iou=0.881906 val_loss=0.334170 val_iou=0.592060 lr=0.00009844
2026-05-11 02:28:42,127 [Trainer] :: Updated latest checkpoint at epoch 24
2026-05-11 02:28:42,127 [Trainer] :: No validation IoU improvement for 6 epoch(s)
2026-05-11 02:28:42,127 [Trainer] :: Starting epoch 25
2026-05-11 02:34:58,105 [Trainer] :: Completed epoch 25: train_loss=0.127124 train_iou=0.883249 val_loss=0.289558 val_iou=0.625979 lr=0.00009831
2026-05-11 02:34:58,417 [Trainer] :: Updated latest checkpoint at epoch 25
2026-05-11 02:34:58,417 [Trainer] :: No validation IoU improvement for 7 epoch(s)
2026-05-11 02:34:58,417 [Trainer] :: Starting epoch 26
2026-05-11 02:41:23,309 [Trainer] :: Completed epoch 26: train_loss=0.131290 train_iou=0.883657 val_loss=0.318416 val_iou=0.612520 lr=0.00009818
2026-05-11 02:41:23,782 [Trainer] :: Updated latest checkpoint at epoch 26
2026-05-11 02:41:23,782 [Trainer] :: No validation IoU improvement for 8 epoch(s)
2026-05-11 02:41:23,782 [Trainer] :: Starting epoch 27
2026-05-11 02:47:47,351 [Trainer] :: Completed epoch 27: train_loss=0.129204 train_iou=0.882828 val_loss=0.315713 val_iou=0.610436 lr=0.00009803
2026-05-11 02:47:47,701 [Trainer] :: Updated latest checkpoint at epoch 27
2026-05-11 02:47:47,701 [Trainer] :: No validation IoU improvement for 9 epoch(s)
2026-05-11 02:47:47,701 [Trainer] :: Starting epoch 28
2026-05-11 02:55:10,822 [Trainer] :: Completed epoch 28: train_loss=0.120710 train_iou=0.886671 val_loss=0.322901 val_iou=0.610245 lr=0.00009789
2026-05-11 02:55:11,168 [Trainer] :: Updated latest checkpoint at epoch 28
2026-05-11 02:55:11,169 [Trainer] :: No validation IoU improvement for 10 epoch(s)
2026-05-11 02:55:11,169 [Trainer] :: Starting epoch 29
2026-05-11 03:02:55,968 [Trainer] :: Completed epoch 29: train_loss=0.124502 train_iou=0.885301 val_loss=0.332702 val_iou=0.582269 lr=0.00009773
2026-05-11 03:02:56,298 [Trainer] :: Updated latest checkpoint at epoch 29
2026-05-11 03:02:56,298 [Trainer] :: No validation IoU improvement for 11 epoch(s)
2026-05-11 03:02:56,298 [Trainer] :: Starting epoch 30
2026-05-11 03:10:50,466 [Trainer] :: Completed epoch 30: train_loss=0.114342 train_iou=0.895506 val_loss=0.348111 val_iou=0.590817 lr=0.00009758
2026-05-11 03:10:51,052 [Trainer] :: Updated latest checkpoint at epoch 30
2026-05-11 03:10:51,053 [Trainer] :: No validation IoU improvement for 12 epoch(s)
2026-05-11 03:10:51,053 [Trainer] :: Starting epoch 31
2026-05-11 03:17:59,540 [Trainer] :: Completed epoch 31: train_loss=0.116874 train_iou=0.891002 val_loss=0.382332 val_iou=0.527375 lr=0.00009741
2026-05-11 03:18:00,234 [Trainer] :: Updated latest checkpoint at epoch 31
2026-05-11 03:18:00,234 [Trainer] :: No validation IoU improvement for 13 epoch(s)
2026-05-11 03:18:00,234 [Trainer] :: Starting epoch 32
2026-05-11 03:25:02,163 [Trainer] :: Completed epoch 32: train_loss=0.112697 train_iou=0.894065 val_loss=0.332834 val_iou=0.623010 lr=0.00009725
2026-05-11 03:25:02,794 [Trainer] :: Updated latest checkpoint at epoch 32
2026-05-11 03:25:02,794 [Trainer] :: No validation IoU improvement for 14 epoch(s)
2026-05-11 03:25:02,795 [Trainer] :: Starting epoch 33
2026-05-11 03:31:57,565 [Trainer] :: Completed epoch 33: train_loss=0.114981 train_iou=0.893111 val_loss=0.330662 val_iou=0.608419 lr=0.00009707
2026-05-11 03:31:58,152 [Trainer] :: Updated latest checkpoint at epoch 33
2026-05-11 03:31:58,152 [Trainer] :: No validation IoU improvement for 15 epoch(s)
2026-05-11 03:31:58,152 [Trainer] :: Starting epoch 34
2026-05-11 03:39:28,614 [Trainer] :: Completed epoch 34: train_loss=0.112898 train_iou=0.897973 val_loss=0.317357 val_iou=0.619097 lr=0.00009690
2026-05-11 03:39:29,196 [Trainer] :: Updated latest checkpoint at epoch 34
2026-05-11 03:39:29,196 [Trainer] :: No validation IoU improvement for 16 epoch(s)
2026-05-11 03:39:29,197 [Trainer] :: Starting epoch 35
2026-05-11 03:46:44,227 [Trainer] :: Completed epoch 35: train_loss=0.107095 train_iou=0.899472 val_loss=0.329726 val_iou=0.599099 lr=0.00009671
2026-05-11 03:46:44,641 [Trainer] :: Updated latest checkpoint at epoch 35
2026-05-11 03:46:44,641 [Trainer] :: No validation IoU improvement for 17 epoch(s)
2026-05-11 03:46:44,641 [Trainer] :: Starting epoch 36
2026-05-11 03:53:36,759 [Trainer] :: Completed epoch 36: train_loss=0.105391 train_iou=0.902458 val_loss=0.342338 val_iou=0.585834 lr=0.00009652
2026-05-11 03:53:37,383 [Trainer] :: Updated latest checkpoint at epoch 36
2026-05-11 03:53:37,383 [Trainer] :: No validation IoU improvement for 18 epoch(s)
2026-05-11 03:53:37,383 [Trainer] :: Starting epoch 37
2026-05-11 04:01:07,055 [Trainer] :: Completed epoch 37: train_loss=0.103699 train_iou=0.902811 val_loss=0.322079 val_iou=0.617624 lr=0.00009633
2026-05-11 04:01:07,465 [Trainer] :: Updated latest checkpoint at epoch 37
2026-05-11 04:01:07,465 [Trainer] :: No validation IoU improvement for 19 epoch(s)
2026-05-11 04:01:07,465 [Trainer] :: Starting epoch 38
2026-05-11 04:07:55,815 [Trainer] :: Completed epoch 38: train_loss=0.106934 train_iou=0.901205 val_loss=0.365197 val_iou=0.561403 lr=0.00009613
2026-05-11 04:07:56,331 [Trainer] :: Updated latest checkpoint at epoch 38
2026-05-11 04:07:56,331 [Trainer] :: No validation IoU improvement for 20 epoch(s)
2026-05-11 04:07:56,331 [Trainer] :: Starting epoch 39
2026-05-11 04:18:34,630 [Trainer] :: Completed epoch 39: train_loss=0.100502 train_iou=0.904741 val_loss=0.376636 val_iou=0.564013 lr=0.00009593
2026-05-11 04:18:35,407 [Trainer] :: Updated latest checkpoint at epoch 39
2026-05-11 04:18:35,407 [Trainer] :: No validation IoU improvement for 21 epoch(s)
2026-05-11 04:18:35,407 [Trainer] :: Starting epoch 40
2026-05-11 04:25:36,464 [Trainer] :: Completed epoch 40: train_loss=0.099538 train_iou=0.906983 val_loss=0.335689 val_iou=0.614878 lr=0.00009572
2026-05-11 04:25:37,069 [Trainer] :: Updated latest checkpoint at epoch 40
2026-05-11 04:25:37,069 [Trainer] :: No validation IoU improvement for 22 epoch(s)
2026-05-11 04:25:37,069 [Trainer] :: Starting epoch 41
2026-05-11 04:32:50,613 [Trainer] :: Completed epoch 41: train_loss=0.096625 train_iou=0.910004 val_loss=0.387081 val_iou=0.537573 lr=0.00009551
2026-05-11 04:32:51,202 [Trainer] :: Updated latest checkpoint at epoch 41
2026-05-11 04:32:51,203 [Trainer] :: No validation IoU improvement for 23 epoch(s)
2026-05-11 04:32:51,203 [Trainer] :: Starting epoch 42
2026-05-11 04:39:51,600 [Trainer] :: Completed epoch 42: train_loss=0.095370 train_iou=0.908835 val_loss=0.325196 val_iou=0.617128 lr=0.00009529
2026-05-11 04:39:52,724 [Trainer] :: Updated latest checkpoint at epoch 42
2026-05-11 04:39:52,724 [Trainer] :: No validation IoU improvement for 24 epoch(s)
2026-05-11 04:39:52,724 [Trainer] :: Starting epoch 43
2026-05-11 04:46:18,390 [Trainer] :: Completed epoch 43: train_loss=0.095251 train_iou=0.910455 val_loss=0.353577 val_iou=0.595109 lr=0.00009507
2026-05-11 04:46:19,100 [Trainer] :: Updated latest checkpoint at epoch 43
2026-05-11 04:46:19,101 [Trainer] :: No validation IoU improvement for 25 epoch(s)
2026-05-11 04:46:19,101 [Trainer] :: Starting epoch 44
2026-05-11 04:53:03,697 [Trainer] :: Completed epoch 44: train_loss=0.094719 train_iou=0.911595 val_loss=0.342098 val_iou=0.607833 lr=0.00009484
2026-05-11 04:53:04,045 [Trainer] :: Updated latest checkpoint at epoch 44
2026-05-11 04:53:04,045 [Trainer] :: No validation IoU improvement for 26 epoch(s)
2026-05-11 04:53:04,045 [Trainer] :: Starting epoch 45
2026-05-11 05:01:45,582 [Trainer] :: Completed epoch 45: train_loss=0.094032 train_iou=0.910898 val_loss=0.361938 val_iou=0.582929 lr=0.00009460
2026-05-11 05:01:46,435 [Trainer] :: Updated latest checkpoint at epoch 45
2026-05-11 05:01:46,435 [Trainer] :: No validation IoU improvement for 27 epoch(s)
2026-05-11 05:01:46,436 [Trainer] :: Starting epoch 46
2026-05-11 05:09:07,991 [Trainer] :: Completed epoch 46: train_loss=0.092382 train_iou=0.912299 val_loss=0.335041 val_iou=0.606165 lr=0.00009437
2026-05-11 05:09:08,594 [Trainer] :: Updated latest checkpoint at epoch 46
2026-05-11 05:09:08,595 [Trainer] :: No validation IoU improvement for 28 epoch(s)
2026-05-11 05:09:08,595 [Trainer] :: Starting epoch 47
2026-05-11 05:15:41,921 [Trainer] :: Completed epoch 47: train_loss=0.094043 train_iou=0.910914 val_loss=0.329984 val_iou=0.612941 lr=0.00009412
2026-05-11 05:15:42,299 [Trainer] :: Updated latest checkpoint at epoch 47
2026-05-11 05:15:42,299 [Trainer] :: No validation IoU improvement for 29 epoch(s)
2026-05-11 05:15:42,299 [Trainer] :: Starting epoch 48
2026-05-11 05:22:20,655 [Trainer] :: Completed epoch 48: train_loss=0.094759 train_iou=0.913038 val_loss=0.331798 val_iou=0.621652 lr=0.00009388
2026-05-11 05:22:21,287 [Trainer] :: Updated latest checkpoint at epoch 48
2026-05-11 05:22:21,287 [Trainer] :: No validation IoU improvement for 30 epoch(s)
2026-05-11 05:22:21,287 [Trainer] :: Starting epoch 49
2026-05-11 05:29:09,114 [Trainer] :: Completed epoch 49: train_loss=0.090340 train_iou=0.914085 val_loss=0.327756 val_iou=0.611439 lr=0.00009363
2026-05-11 05:29:09,488 [Trainer] :: Updated latest checkpoint at epoch 49
2026-05-11 05:29:09,488 [Trainer] :: No validation IoU improvement for 31 epoch(s)
2026-05-11 05:29:09,488 [Trainer] :: Starting epoch 50
2026-05-11 05:35:21,080 [Trainer] :: Completed epoch 50: train_loss=0.089108 train_iou=0.916123 val_loss=0.366585 val_iou=0.582884 lr=0.00009337
2026-05-11 05:35:21,529 [Trainer] :: Updated latest checkpoint at epoch 50
2026-05-11 05:35:21,529 [Trainer] :: No validation IoU improvement for 32 epoch(s)
2026-05-11 05:35:21,529 [Trainer] :: Starting epoch 51
2026-05-11 05:41:54,958 [Trainer] :: Completed epoch 51: train_loss=0.086263 train_iou=0.917821 val_loss=0.341041 val_iou=0.609486 lr=0.00009311
2026-05-11 05:41:55,615 [Trainer] :: Updated latest checkpoint at epoch 51
2026-05-11 05:41:55,615 [Trainer] :: No validation IoU improvement for 33 epoch(s)
2026-05-11 05:41:55,615 [Trainer] :: Starting epoch 52
2026-05-11 05:48:54,461 [Trainer] :: Completed epoch 52: train_loss=0.088100 train_iou=0.917569 val_loss=0.358332 val_iou=0.595063 lr=0.00009284
2026-05-11 05:48:55,482 [Trainer] :: Updated latest checkpoint at epoch 52
2026-05-11 05:48:55,482 [Trainer] :: No validation IoU improvement for 34 epoch(s)
2026-05-11 05:48:55,482 [Trainer] :: Starting epoch 53
2026-05-11 05:55:48,714 [Trainer] :: Completed epoch 53: train_loss=0.089278 train_iou=0.915774 val_loss=0.356341 val_iou=0.606701 lr=0.00009257
2026-05-11 05:55:49,342 [Trainer] :: Updated latest checkpoint at epoch 53
2026-05-11 05:55:49,342 [Trainer] :: No validation IoU improvement for 35 epoch(s)
2026-05-11 05:55:49,342 [Trainer] :: Starting epoch 54
2026-05-11 06:04:24,997 [Trainer] :: Completed epoch 54: train_loss=0.086238 train_iou=0.917680 val_loss=0.351374 val_iou=0.602020 lr=0.00009229
2026-05-11 06:04:25,580 [Trainer] :: Updated latest checkpoint at epoch 54
2026-05-11 06:04:25,580 [Trainer] :: No validation IoU improvement for 36 epoch(s)
2026-05-11 06:04:25,580 [Trainer] :: Starting epoch 55
2026-05-11 06:14:53,508 [Trainer] :: Completed epoch 55: train_loss=0.087293 train_iou=0.918375 val_loss=0.408593 val_iou=0.592512 lr=0.00009201
2026-05-11 06:14:54,075 [Trainer] :: Updated latest checkpoint at epoch 55
2026-05-11 06:14:54,076 [Trainer] :: No validation IoU improvement for 37 epoch(s)
2026-05-11 06:14:54,076 [Trainer] :: Starting epoch 56
2026-05-11 06:23:15,487 [Trainer] :: Completed epoch 56: train_loss=0.087165 train_iou=0.918504 val_loss=0.333105 val_iou=0.629726 lr=0.00009173
2026-05-11 06:23:16,121 [Trainer] :: Updated latest checkpoint at epoch 56
2026-05-11 06:23:16,122 [Trainer] :: No validation IoU improvement for 38 epoch(s)
2026-05-11 06:23:16,122 [Trainer] :: Starting epoch 57
2026-05-11 06:33:02,996 [Trainer] :: Completed epoch 57: train_loss=0.084587 train_iou=0.920528 val_loss=0.355793 val_iou=0.600823 lr=0.00009144
2026-05-11 06:33:03,556 [Trainer] :: Updated latest checkpoint at epoch 57
2026-05-11 06:33:03,556 [Trainer] :: No validation IoU improvement for 39 epoch(s)
2026-05-11 06:33:03,556 [Trainer] :: Starting epoch 58
2026-05-11 06:42:47,072 [Trainer] :: Completed epoch 58: train_loss=0.083325 train_iou=0.920425 val_loss=0.353621 val_iou=0.611453 lr=0.00009115
2026-05-11 06:42:47,488 [Trainer] :: Updated latest checkpoint at epoch 58
2026-05-11 06:42:47,488 [Trainer] :: No validation IoU improvement for 40 epoch(s)
2026-05-11 06:42:47,488 [Trainer] :: Starting epoch 59
2026-05-11 06:51:37,358 [Trainer] :: Completed epoch 59: train_loss=0.082690 train_iou=0.921607 val_loss=0.329302 val_iou=0.617298 lr=0.00009085
2026-05-11 06:51:37,731 [Trainer] :: Updated latest checkpoint at epoch 59
2026-05-11 06:51:37,731 [Trainer] :: No validation IoU improvement for 41 epoch(s)
2026-05-11 06:51:37,731 [Trainer] :: Starting epoch 60
2026-05-11 07:03:00,809 [Trainer] :: Completed epoch 60: train_loss=0.083193 train_iou=0.920674 val_loss=0.369513 val_iou=0.619951 lr=0.00009055
2026-05-11 07:03:01,177 [Trainer] :: Updated latest checkpoint at epoch 60
2026-05-11 07:03:01,177 [Trainer] :: No validation IoU improvement for 42 epoch(s)
2026-05-11 07:03:01,177 [Trainer] :: Starting epoch 61
2026-05-11 07:12:52,031 [Trainer] :: Completed epoch 61: train_loss=0.082461 train_iou=0.921281 val_loss=0.347121 val_iou=0.602191 lr=0.00009024
2026-05-11 07:12:52,980 [Trainer] :: Updated latest checkpoint at epoch 61
2026-05-11 07:12:52,981 [Trainer] :: No validation IoU improvement for 43 epoch(s)
2026-05-11 07:12:52,981 [Trainer] :: Starting epoch 62
2026-05-11 07:21:01,182 [Trainer] :: Completed epoch 62: train_loss=0.081395 train_iou=0.924062 val_loss=0.333986 val_iou=0.622455 lr=0.00008993
2026-05-11 07:21:01,905 [Trainer] :: Updated latest checkpoint at epoch 62
2026-05-11 07:21:01,906 [Trainer] :: No validation IoU improvement for 44 epoch(s)
2026-05-11 07:21:01,906 [Trainer] :: Starting epoch 63
2026-05-11 07:28:48,244 [Trainer] :: Completed epoch 63: train_loss=0.084689 train_iou=0.922472 val_loss=0.311740 val_iou=0.640540 lr=0.00008961
2026-05-11 07:28:48,571 [Trainer] :: Updated latest checkpoint at epoch 63
2026-05-11 07:28:49,088 [Trainer] :: New best checkpoint saved with val_iou=0.640540
2026-05-11 07:28:49,088 [Trainer] :: Starting epoch 64
2026-05-11 07:36:21,865 [Trainer] :: Completed epoch 64: train_loss=0.078723 train_iou=0.925263 val_loss=0.335087 val_iou=0.620036 lr=0.00008929
2026-05-11 07:36:22,742 [Trainer] :: Updated latest checkpoint at epoch 64
2026-05-11 07:36:22,742 [Trainer] :: No validation IoU improvement for 1 epoch(s)
2026-05-11 07:36:22,743 [Trainer] :: Starting epoch 65
2026-05-11 07:43:25,259 [Trainer] :: Completed epoch 65: train_loss=0.079182 train_iou=0.926757 val_loss=0.347983 val_iou=0.609583 lr=0.00008897
2026-05-11 07:43:25,916 [Trainer] :: Updated latest checkpoint at epoch 65
2026-05-11 07:43:25,916 [Trainer] :: No validation IoU improvement for 2 epoch(s)
2026-05-11 07:43:25,916 [Trainer] :: Starting epoch 66
2026-05-11 07:52:06,416 [Trainer] :: Completed epoch 66: train_loss=0.076106 train_iou=0.927164 val_loss=0.364433 val_iou=0.619450 lr=0.00008864
2026-05-11 07:52:06,799 [Trainer] :: Updated latest checkpoint at epoch 66
2026-05-11 07:52:06,800 [Trainer] :: No validation IoU improvement for 3 epoch(s)
2026-05-11 07:52:06,800 [Trainer] :: Starting epoch 67
2026-05-11 08:00:50,586 [Trainer] :: Completed epoch 67: train_loss=0.077666 train_iou=0.926877 val_loss=0.326739 val_iou=0.632373 lr=0.00008831
2026-05-11 08:00:51,132 [Trainer] :: Updated latest checkpoint at epoch 67
2026-05-11 08:00:51,132 [Trainer] :: No validation IoU improvement for 4 epoch(s)
2026-05-11 08:00:51,132 [Trainer] :: Starting epoch 68
2026-05-11 08:09:32,851 [Trainer] :: Completed epoch 68: train_loss=0.077451 train_iou=0.925830 val_loss=0.390119 val_iou=0.606154 lr=0.00008797
2026-05-11 08:09:33,218 [Trainer] :: Updated latest checkpoint at epoch 68
2026-05-11 08:09:33,218 [Trainer] :: No validation IoU improvement for 5 epoch(s)
2026-05-11 08:09:33,218 [Trainer] :: Starting epoch 69
2026-05-11 08:18:52,628 [Trainer] :: Completed epoch 69: train_loss=0.078401 train_iou=0.925589 val_loss=0.407064 val_iou=0.604325 lr=0.00008763
2026-05-11 08:18:52,989 [Trainer] :: Updated latest checkpoint at epoch 69
2026-05-11 08:18:52,989 [Trainer] :: No validation IoU improvement for 6 epoch(s)
2026-05-11 08:18:52,989 [Trainer] :: Starting epoch 70
2026-05-11 08:27:30,957 [Trainer] :: Completed epoch 70: train_loss=0.076799 train_iou=0.927395 val_loss=0.342618 val_iou=0.614268 lr=0.00008729
2026-05-11 08:27:31,610 [Trainer] :: Updated latest checkpoint at epoch 70
2026-05-11 08:27:31,610 [Trainer] :: No validation IoU improvement for 7 epoch(s)
2026-05-11 08:27:31,610 [Trainer] :: Starting epoch 71
2026-05-11 08:35:22,356 [Trainer] :: Completed epoch 71: train_loss=0.074665 train_iou=0.928237 val_loss=0.364496 val_iou=0.596338 lr=0.00008694
2026-05-11 08:35:22,777 [Trainer] :: Updated latest checkpoint at epoch 71
2026-05-11 08:35:22,778 [Trainer] :: No validation IoU improvement for 8 epoch(s)
2026-05-11 08:35:22,778 [Trainer] :: Starting epoch 72
2026-05-11 08:43:38,037 [Trainer] :: Completed epoch 72: train_loss=0.074477 train_iou=0.929861 val_loss=0.400715 val_iou=0.570540 lr=0.00008658
2026-05-11 08:43:38,956 [Trainer] :: Updated latest checkpoint at epoch 72
2026-05-11 08:43:38,956 [Trainer] :: No validation IoU improvement for 9 epoch(s)
2026-05-11 08:43:38,956 [Trainer] :: Starting epoch 73
2026-05-11 08:50:49,046 [Trainer] :: Completed epoch 73: train_loss=0.076451 train_iou=0.928593 val_loss=0.381350 val_iou=0.617344 lr=0.00008623
2026-05-11 08:50:49,580 [Trainer] :: Updated latest checkpoint at epoch 73
2026-05-11 08:50:49,580 [Trainer] :: No validation IoU improvement for 10 epoch(s)
2026-05-11 08:50:49,580 [Trainer] :: Starting epoch 74
2026-05-11 08:57:07,908 [Trainer] :: Completed epoch 74: train_loss=0.073496 train_iou=0.930522 val_loss=0.407403 val_iou=0.557751 lr=0.00008587
2026-05-11 08:57:08,265 [Trainer] :: Updated latest checkpoint at epoch 74
2026-05-11 08:57:08,265 [Trainer] :: No validation IoU improvement for 11 epoch(s)
2026-05-11 08:57:08,265 [Trainer] :: Starting epoch 75
2026-05-11 09:04:14,736 [Trainer] :: Completed epoch 75: train_loss=0.073985 train_iou=0.930022 val_loss=0.381845 val_iou=0.600528 lr=0.00008550
2026-05-11 09:04:15,223 [Trainer] :: Updated latest checkpoint at epoch 75
2026-05-11 09:04:15,223 [Trainer] :: No validation IoU improvement for 12 epoch(s)
2026-05-11 09:04:15,223 [Trainer] :: Starting epoch 76
2026-05-11 09:10:32,621 [Trainer] :: Completed epoch 76: train_loss=0.072592 train_iou=0.931118 val_loss=0.341863 val_iou=0.620368 lr=0.00008513
2026-05-11 09:10:33,248 [Trainer] :: Updated latest checkpoint at epoch 76
2026-05-11 09:10:33,248 [Trainer] :: No validation IoU improvement for 13 epoch(s)
2026-05-11 09:10:33,248 [Trainer] :: Starting epoch 77
2026-05-11 09:17:20,695 [Trainer] :: Completed epoch 77: train_loss=0.072997 train_iou=0.931120 val_loss=0.390226 val_iou=0.579703 lr=0.00008476
2026-05-11 09:17:21,135 [Trainer] :: Updated latest checkpoint at epoch 77
2026-05-11 09:17:21,135 [Trainer] :: No validation IoU improvement for 14 epoch(s)
2026-05-11 09:17:21,135 [Trainer] :: Starting epoch 78
2026-05-11 09:25:11,689 [Trainer] :: Completed epoch 78: train_loss=0.071620 train_iou=0.931375 val_loss=0.377336 val_iou=0.600591 lr=0.00008439
2026-05-11 09:25:12,262 [Trainer] :: Updated latest checkpoint at epoch 78
2026-05-11 09:25:12,263 [Trainer] :: No validation IoU improvement for 15 epoch(s)
2026-05-11 09:25:12,263 [Trainer] :: Starting epoch 79
2026-05-11 09:34:18,981 [Trainer] :: Completed epoch 79: train_loss=0.071775 train_iou=0.931852 val_loss=0.345501 val_iou=0.627798 lr=0.00008401
2026-05-11 09:34:19,439 [Trainer] :: Updated latest checkpoint at epoch 79
2026-05-11 09:34:19,439 [Trainer] :: No validation IoU improvement for 16 epoch(s)
2026-05-11 09:34:19,439 [Trainer] :: Starting epoch 80
2026-05-11 09:42:53,696 [Trainer] :: Completed epoch 80: train_loss=0.070654 train_iou=0.932645 val_loss=0.354811 val_iou=0.603597 lr=0.00008362
2026-05-11 09:42:54,186 [Trainer] :: Updated latest checkpoint at epoch 80
2026-05-11 09:42:54,187 [Trainer] :: No validation IoU improvement for 17 epoch(s)
2026-05-11 09:42:54,187 [Trainer] :: Starting epoch 81
2026-05-11 09:52:38,488 [Trainer] :: Completed epoch 81: train_loss=0.069603 train_iou=0.933733 val_loss=0.365970 val_iou=0.609091 lr=0.00008323
2026-05-11 09:52:39,034 [Trainer] :: Updated latest checkpoint at epoch 81
2026-05-11 09:52:39,034 [Trainer] :: No validation IoU improvement for 18 epoch(s)
2026-05-11 09:52:39,034 [Trainer] :: Starting epoch 82
2026-05-11 10:00:42,749 [Trainer] :: Completed epoch 82: train_loss=0.070515 train_iou=0.932539 val_loss=0.368362 val_iou=0.605857 lr=0.00008284
2026-05-11 10:00:43,091 [Trainer] :: Updated latest checkpoint at epoch 82
2026-05-11 10:00:43,091 [Trainer] :: No validation IoU improvement for 19 epoch(s)
2026-05-11 10:00:43,091 [Trainer] :: Starting epoch 83
2026-05-11 10:12:29,935 [Trainer] :: Completed epoch 83: train_loss=0.069424 train_iou=0.934422 val_loss=0.377139 val_iou=0.597730 lr=0.00008245
2026-05-11 10:12:30,425 [Trainer] :: Updated latest checkpoint at epoch 83
2026-05-11 10:12:30,426 [Trainer] :: No validation IoU improvement for 20 epoch(s)
2026-05-11 10:12:30,426 [Trainer] :: Starting epoch 84
2026-05-11 10:23:23,972 [Trainer] :: Completed epoch 84: train_loss=0.069362 train_iou=0.934108 val_loss=0.369332 val_iou=0.594672 lr=0.00008205
2026-05-11 10:23:24,416 [Trainer] :: Updated latest checkpoint at epoch 84
2026-05-11 10:23:24,417 [Trainer] :: No validation IoU improvement for 21 epoch(s)
2026-05-11 10:23:24,417 [Trainer] :: Starting epoch 85
2026-05-11 10:33:52,867 [Trainer] :: Completed epoch 85: train_loss=0.069951 train_iou=0.933668 val_loss=0.339343 val_iou=0.629148 lr=0.00008165
2026-05-11 10:33:53,199 [Trainer] :: Updated latest checkpoint at epoch 85
2026-05-11 10:33:53,199 [Trainer] :: No validation IoU improvement for 22 epoch(s)
2026-05-11 10:33:53,199 [Trainer] :: Starting epoch 86
2026-05-11 10:43:11,498 [Trainer] :: Completed epoch 86: train_loss=0.068166 train_iou=0.935620 val_loss=0.363728 val_iou=0.612697 lr=0.00008125
2026-05-11 10:43:12,143 [Trainer] :: Updated latest checkpoint at epoch 86
2026-05-11 10:43:12,144 [Trainer] :: No validation IoU improvement for 23 epoch(s)
2026-05-11 10:43:12,144 [Trainer] :: Starting epoch 87
2026-05-11 10:52:51,595 [Trainer] :: Completed epoch 87: train_loss=0.067999 train_iou=0.935034 val_loss=0.351073 val_iou=0.639170 lr=0.00008084
2026-05-11 10:52:52,488 [Trainer] :: Updated latest checkpoint at epoch 87
2026-05-11 10:52:52,489 [Trainer] :: No validation IoU improvement for 24 epoch(s)
2026-05-11 10:52:52,489 [Trainer] :: Starting epoch 88
2026-05-11 11:02:14,561 [Trainer] :: Completed epoch 88: train_loss=0.068083 train_iou=0.935164 val_loss=0.353269 val_iou=0.627063 lr=0.00008043
2026-05-11 11:02:15,222 [Trainer] :: Updated latest checkpoint at epoch 88
2026-05-11 11:02:15,222 [Trainer] :: No validation IoU improvement for 25 epoch(s)
2026-05-11 11:02:15,222 [Trainer] :: Starting epoch 89
2026-05-11 11:10:17,338 [Trainer] :: Completed epoch 89: train_loss=0.067758 train_iou=0.935258 val_loss=0.361920 val_iou=0.617473 lr=0.00008001
2026-05-11 11:10:17,940 [Trainer] :: Updated latest checkpoint at epoch 89
2026-05-11 11:10:17,940 [Trainer] :: No validation IoU improvement for 26 epoch(s)
2026-05-11 11:10:17,940 [Trainer] :: Starting epoch 90
2026-05-11 11:18:51,089 [Trainer] :: Completed epoch 90: train_loss=0.066442 train_iou=0.937243 val_loss=0.361633 val_iou=0.612923 lr=0.00007960
2026-05-11 11:18:51,876 [Trainer] :: Updated latest checkpoint at epoch 90
2026-05-11 11:18:51,876 [Trainer] :: No validation IoU improvement for 27 epoch(s)
2026-05-11 11:18:51,876 [Trainer] :: Starting epoch 91
2026-05-11 11:26:50,445 [Trainer] :: Completed epoch 91: train_loss=0.066825 train_iou=0.936395 val_loss=0.357980 val_iou=0.623791 lr=0.00007917
2026-05-11 11:26:50,992 [Trainer] :: Updated latest checkpoint at epoch 91
2026-05-11 11:26:50,992 [Trainer] :: No validation IoU improvement for 28 epoch(s)
2026-05-11 11:26:50,992 [Trainer] :: Starting epoch 92
2026-05-11 11:34:46,727 [Trainer] :: Completed epoch 92: train_loss=0.067902 train_iou=0.935320 val_loss=0.358118 val_iou=0.630668 lr=0.00007875
2026-05-11 11:34:47,206 [Trainer] :: Updated latest checkpoint at epoch 92
2026-05-11 11:34:47,206 [Trainer] :: No validation IoU improvement for 29 epoch(s)
2026-05-11 11:34:47,206 [Trainer] :: Starting epoch 93
