2026-05-05 00:59:53,588 [Trainer] :: Training run initialized at /ceph/home/student.aau.dk/qd36zu/fuzzy-p10/tbd/masking/outputs/runs/rgb_deeplabv3plus_resnet34_fuzzy_halo_seed46_20260504T225953Z
2026-05-05 00:59:53,588 [Trainer] :: Loaded config from /ceph/home/student.aau.dk/qd36zu/fuzzy-p10/tbd/masking/configs/fuzzy/rgb_deeplabv3plus_resnet34.yaml
2026-05-05 00:59:53,588 [Trainer] :: Using seed=46 and device=None
2026-05-05 00:59:53,588 [Trainer] :: Using model architecture=DeepLabV3Plus encoder=resnet34 encoder_weights=imagenet
2026-05-05 00:59:53,875 [Trainer] :: Resolved runtime device to cuda
2026-05-05 00:59:53,876 [Trainer] :: Prepared normalization from source=imagenet
2026-05-05 00:59:58,995 [Trainer] :: Built dataloaders with batch_size=16, num_workers=0
2026-05-05 00:59:58,997 [Trainer] :: Starting epoch 1
2026-05-05 01:04:10,652 [Trainer] :: Completed epoch 1: train_loss=0.400958 train_iou=0.683367 val_loss=0.397727 val_iou=0.540297 lr=0.00010000
2026-05-05 01:04:10,913 [Trainer] :: Updated latest checkpoint at epoch 1
2026-05-05 01:04:12,095 [Trainer] :: New best checkpoint saved with val_iou=0.540297
2026-05-05 01:04:12,095 [Trainer] :: Starting epoch 2
2026-05-05 01:08:16,279 [Trainer] :: Completed epoch 2: train_loss=0.295232 train_iou=0.768434 val_loss=0.319352 val_iou=0.605948 lr=0.00009999
2026-05-05 01:08:16,603 [Trainer] :: Updated latest checkpoint at epoch 2
2026-05-05 01:08:16,927 [Trainer] :: New best checkpoint saved with val_iou=0.605948
2026-05-05 01:08:16,927 [Trainer] :: Starting epoch 3
2026-05-05 01:12:33,417 [Trainer] :: Completed epoch 3: train_loss=0.269166 train_iou=0.786165 val_loss=0.305592 val_iou=0.590855 lr=0.00009998
2026-05-05 01:12:33,777 [Trainer] :: Updated latest checkpoint at epoch 3
2026-05-05 01:12:33,778 [Trainer] :: No validation IoU improvement for 1 epoch(s)
2026-05-05 01:12:33,778 [Trainer] :: Starting epoch 4
2026-05-05 01:16:43,735 [Trainer] :: Completed epoch 4: train_loss=0.254035 train_iou=0.797430 val_loss=0.298962 val_iou=0.628473 lr=0.00009996
2026-05-05 01:16:44,037 [Trainer] :: Updated latest checkpoint at epoch 4
2026-05-05 01:16:44,334 [Trainer] :: New best checkpoint saved with val_iou=0.628473
2026-05-05 01:16:44,335 [Trainer] :: Starting epoch 5
2026-05-05 01:20:40,265 [Trainer] :: Completed epoch 5: train_loss=0.235956 train_iou=0.812381 val_loss=0.300702 val_iou=0.618718 lr=0.00009993
2026-05-05 01:20:40,610 [Trainer] :: Updated latest checkpoint at epoch 5
2026-05-05 01:20:40,611 [Trainer] :: No validation IoU improvement for 1 epoch(s)
2026-05-05 01:20:40,611 [Trainer] :: Starting epoch 6
2026-05-05 01:24:45,815 [Trainer] :: Completed epoch 6: train_loss=0.226055 train_iou=0.821799 val_loss=0.305795 val_iou=0.587441 lr=0.00009990
2026-05-05 01:24:46,157 [Trainer] :: Updated latest checkpoint at epoch 6
2026-05-05 01:24:46,158 [Trainer] :: No validation IoU improvement for 2 epoch(s)
2026-05-05 01:24:46,158 [Trainer] :: Starting epoch 7
2026-05-05 01:28:59,322 [Trainer] :: Completed epoch 7: train_loss=0.224474 train_iou=0.819776 val_loss=0.289332 val_iou=0.610274 lr=0.00009987
2026-05-05 01:28:59,622 [Trainer] :: Updated latest checkpoint at epoch 7
2026-05-05 01:28:59,622 [Trainer] :: No validation IoU improvement for 3 epoch(s)
2026-05-05 01:28:59,622 [Trainer] :: Starting epoch 8
2026-05-05 01:33:00,272 [Trainer] :: Completed epoch 8: train_loss=0.213726 train_iou=0.827305 val_loss=0.314509 val_iou=0.603436 lr=0.00009983
2026-05-05 01:33:00,782 [Trainer] :: Updated latest checkpoint at epoch 8
2026-05-05 01:33:00,783 [Trainer] :: No validation IoU improvement for 4 epoch(s)
2026-05-05 01:33:00,783 [Trainer] :: Starting epoch 9
2026-05-05 01:37:07,199 [Trainer] :: Completed epoch 9: train_loss=0.209124 train_iou=0.833957 val_loss=0.295962 val_iou=0.606436 lr=0.00009978
2026-05-05 01:37:07,525 [Trainer] :: Updated latest checkpoint at epoch 9
2026-05-05 01:37:07,525 [Trainer] :: No validation IoU improvement for 5 epoch(s)
2026-05-05 01:37:07,525 [Trainer] :: Starting epoch 10
2026-05-05 01:41:08,004 [Trainer] :: Completed epoch 10: train_loss=0.206428 train_iou=0.832425 val_loss=0.311509 val_iou=0.588638 lr=0.00009973
2026-05-05 01:41:08,424 [Trainer] :: Updated latest checkpoint at epoch 10
2026-05-05 01:41:08,424 [Trainer] :: No validation IoU improvement for 6 epoch(s)
2026-05-05 01:41:08,424 [Trainer] :: Starting epoch 11
2026-05-05 01:45:09,513 [Trainer] :: Completed epoch 11: train_loss=0.195757 train_iou=0.843306 val_loss=0.298132 val_iou=0.585208 lr=0.00009967
2026-05-05 01:45:09,934 [Trainer] :: Updated latest checkpoint at epoch 11
2026-05-05 01:45:09,934 [Trainer] :: No validation IoU improvement for 7 epoch(s)
2026-05-05 01:45:09,934 [Trainer] :: Starting epoch 12
2026-05-05 01:49:41,121 [Trainer] :: Completed epoch 12: train_loss=0.196171 train_iou=0.840322 val_loss=0.309062 val_iou=0.573362 lr=0.00009961
2026-05-05 01:49:41,417 [Trainer] :: Updated latest checkpoint at epoch 12
2026-05-05 01:49:41,418 [Trainer] :: No validation IoU improvement for 8 epoch(s)
2026-05-05 01:49:41,418 [Trainer] :: Starting epoch 13
2026-05-05 01:53:48,874 [Trainer] :: Completed epoch 13: train_loss=0.183485 train_iou=0.851513 val_loss=0.308739 val_iou=0.612447 lr=0.00009954
2026-05-05 01:53:49,164 [Trainer] :: Updated latest checkpoint at epoch 13
2026-05-05 01:53:49,164 [Trainer] :: No validation IoU improvement for 9 epoch(s)
2026-05-05 01:53:49,164 [Trainer] :: Starting epoch 14
2026-05-05 01:57:56,550 [Trainer] :: Completed epoch 14: train_loss=0.182477 train_iou=0.851915 val_loss=0.287764 val_iou=0.626636 lr=0.00009947
2026-05-05 01:57:56,867 [Trainer] :: Updated latest checkpoint at epoch 14
2026-05-05 01:57:56,867 [Trainer] :: No validation IoU improvement for 10 epoch(s)
2026-05-05 01:57:56,867 [Trainer] :: Starting epoch 15
2026-05-05 02:02:06,835 [Trainer] :: Completed epoch 15: train_loss=0.168202 train_iou=0.864922 val_loss=0.305381 val_iou=0.596473 lr=0.00009939
2026-05-05 02:02:07,128 [Trainer] :: Updated latest checkpoint at epoch 15
2026-05-05 02:02:07,128 [Trainer] :: No validation IoU improvement for 11 epoch(s)
2026-05-05 02:02:07,128 [Trainer] :: Starting epoch 16
2026-05-05 02:06:00,932 [Trainer] :: Completed epoch 16: train_loss=0.170796 train_iou=0.855803 val_loss=0.298370 val_iou=0.614668 lr=0.00009931
2026-05-05 02:06:01,414 [Trainer] :: Updated latest checkpoint at epoch 16
2026-05-05 02:06:01,415 [Trainer] :: No validation IoU improvement for 12 epoch(s)
2026-05-05 02:06:01,415 [Trainer] :: Starting epoch 17
2026-05-05 02:10:01,561 [Trainer] :: Completed epoch 17: train_loss=0.163556 train_iou=0.862265 val_loss=0.307893 val_iou=0.618219 lr=0.00009922
2026-05-05 02:10:01,877 [Trainer] :: Updated latest checkpoint at epoch 17
2026-05-05 02:10:01,878 [Trainer] :: No validation IoU improvement for 13 epoch(s)
2026-05-05 02:10:01,878 [Trainer] :: Starting epoch 18
2026-05-05 02:13:54,897 [Trainer] :: Completed epoch 18: train_loss=0.164757 train_iou=0.861934 val_loss=0.307288 val_iou=0.609305 lr=0.00009912
2026-05-05 02:13:55,431 [Trainer] :: Updated latest checkpoint at epoch 18
2026-05-05 02:13:55,431 [Trainer] :: No validation IoU improvement for 14 epoch(s)
2026-05-05 02:13:55,431 [Trainer] :: Starting epoch 19
2026-05-05 02:18:00,941 [Trainer] :: Completed epoch 19: train_loss=0.157792 train_iou=0.861838 val_loss=0.328180 val_iou=0.576629 lr=0.00009902
2026-05-05 02:18:01,259 [Trainer] :: Updated latest checkpoint at epoch 19
2026-05-05 02:18:01,259 [Trainer] :: No validation IoU improvement for 15 epoch(s)
2026-05-05 02:18:01,259 [Trainer] :: Starting epoch 20
2026-05-05 02:22:14,157 [Trainer] :: Completed epoch 20: train_loss=0.152477 train_iou=0.866868 val_loss=0.353679 val_iou=0.572558 lr=0.00009892
2026-05-05 02:22:14,473 [Trainer] :: Updated latest checkpoint at epoch 20
2026-05-05 02:22:14,473 [Trainer] :: No validation IoU improvement for 16 epoch(s)
2026-05-05 02:22:14,473 [Trainer] :: Starting epoch 21
2026-05-05 02:26:15,718 [Trainer] :: Completed epoch 21: train_loss=0.149395 train_iou=0.868355 val_loss=0.319278 val_iou=0.598006 lr=0.00009881
2026-05-05 02:26:16,013 [Trainer] :: Updated latest checkpoint at epoch 21
2026-05-05 02:26:16,014 [Trainer] :: No validation IoU improvement for 17 epoch(s)
2026-05-05 02:26:16,014 [Trainer] :: Starting epoch 22
2026-05-05 02:30:45,409 [Trainer] :: Completed epoch 22: train_loss=0.133916 train_iou=0.878980 val_loss=0.312727 val_iou=0.607699 lr=0.00009869
2026-05-05 02:30:45,745 [Trainer] :: Updated latest checkpoint at epoch 22
2026-05-05 02:30:45,745 [Trainer] :: No validation IoU improvement for 18 epoch(s)
2026-05-05 02:30:45,745 [Trainer] :: Starting epoch 23
2026-05-05 02:35:29,639 [Trainer] :: Completed epoch 23: train_loss=0.137230 train_iou=0.878795 val_loss=0.307044 val_iou=0.610631 lr=0.00009857
2026-05-05 02:35:29,967 [Trainer] :: Updated latest checkpoint at epoch 23
2026-05-05 02:35:29,967 [Trainer] :: No validation IoU improvement for 19 epoch(s)
2026-05-05 02:35:29,967 [Trainer] :: Starting epoch 24
2026-05-05 02:39:59,442 [Trainer] :: Completed epoch 24: train_loss=0.136275 train_iou=0.878179 val_loss=0.331188 val_iou=0.594688 lr=0.00009844
2026-05-05 02:39:59,873 [Trainer] :: Updated latest checkpoint at epoch 24
2026-05-05 02:39:59,873 [Trainer] :: No validation IoU improvement for 20 epoch(s)
2026-05-05 02:39:59,873 [Trainer] :: Starting epoch 25
2026-05-05 02:44:22,039 [Trainer] :: Completed epoch 25: train_loss=0.134255 train_iou=0.877537 val_loss=0.309865 val_iou=0.607123 lr=0.00009831
2026-05-05 02:44:22,441 [Trainer] :: Updated latest checkpoint at epoch 25
2026-05-05 02:44:22,441 [Trainer] :: No validation IoU improvement for 21 epoch(s)
2026-05-05 02:44:22,441 [Trainer] :: Starting epoch 26
2026-05-05 02:49:55,262 [Trainer] :: Completed epoch 26: train_loss=0.139157 train_iou=0.876745 val_loss=0.328370 val_iou=0.598780 lr=0.00009818
2026-05-05 02:49:55,583 [Trainer] :: Updated latest checkpoint at epoch 26
2026-05-05 02:49:55,583 [Trainer] :: No validation IoU improvement for 22 epoch(s)
2026-05-05 02:49:55,583 [Trainer] :: Starting epoch 27
2026-05-05 02:54:47,684 [Trainer] :: Completed epoch 27: train_loss=0.124719 train_iou=0.885166 val_loss=0.321084 val_iou=0.600799 lr=0.00009803
2026-05-05 02:54:48,906 [Trainer] :: Updated latest checkpoint at epoch 27
2026-05-05 02:54:48,906 [Trainer] :: No validation IoU improvement for 23 epoch(s)
2026-05-05 02:54:48,906 [Trainer] :: Starting epoch 28
2026-05-05 02:59:34,884 [Trainer] :: Completed epoch 28: train_loss=0.124167 train_iou=0.883789 val_loss=0.355807 val_iou=0.560540 lr=0.00009789
2026-05-05 02:59:35,435 [Trainer] :: Updated latest checkpoint at epoch 28
2026-05-05 02:59:35,436 [Trainer] :: No validation IoU improvement for 24 epoch(s)
2026-05-05 02:59:35,436 [Trainer] :: Starting epoch 29
2026-05-05 03:05:23,261 [Trainer] :: Completed epoch 29: train_loss=0.120842 train_iou=0.888709 val_loss=0.307470 val_iou=0.605129 lr=0.00009773
2026-05-05 03:05:23,776 [Trainer] :: Updated latest checkpoint at epoch 29
2026-05-05 03:05:23,776 [Trainer] :: No validation IoU improvement for 25 epoch(s)
2026-05-05 03:05:23,776 [Trainer] :: Starting epoch 30
2026-05-05 03:10:34,288 [Trainer] :: Completed epoch 30: train_loss=0.114774 train_iou=0.894664 val_loss=0.332904 val_iou=0.613044 lr=0.00009758
2026-05-05 03:10:34,831 [Trainer] :: Updated latest checkpoint at epoch 30
2026-05-05 03:10:34,831 [Trainer] :: No validation IoU improvement for 26 epoch(s)
2026-05-05 03:10:34,831 [Trainer] :: Starting epoch 31
2026-05-05 03:15:23,395 [Trainer] :: Completed epoch 31: train_loss=0.111982 train_iou=0.895907 val_loss=0.326208 val_iou=0.592739 lr=0.00009741
2026-05-05 03:15:23,720 [Trainer] :: Updated latest checkpoint at epoch 31
2026-05-05 03:15:23,721 [Trainer] :: No validation IoU improvement for 27 epoch(s)
2026-05-05 03:15:23,721 [Trainer] :: Starting epoch 32
2026-05-05 03:20:06,046 [Trainer] :: Completed epoch 32: train_loss=0.112886 train_iou=0.896027 val_loss=0.342235 val_iou=0.612972 lr=0.00009725
2026-05-05 03:20:06,718 [Trainer] :: Updated latest checkpoint at epoch 32
2026-05-05 03:20:06,718 [Trainer] :: No validation IoU improvement for 28 epoch(s)
2026-05-05 03:20:06,718 [Trainer] :: Starting epoch 33
2026-05-05 03:26:23,491 [Trainer] :: Completed epoch 33: train_loss=0.112010 train_iou=0.896613 val_loss=0.320722 val_iou=0.606853 lr=0.00009707
2026-05-05 03:26:23,787 [Trainer] :: Updated latest checkpoint at epoch 33
2026-05-05 03:26:23,787 [Trainer] :: No validation IoU improvement for 29 epoch(s)
2026-05-05 03:26:23,787 [Trainer] :: Starting epoch 34
2026-05-05 03:31:40,488 [Trainer] :: Completed epoch 34: train_loss=0.108891 train_iou=0.898418 val_loss=0.321154 val_iou=0.622643 lr=0.00009690
2026-05-05 03:31:40,786 [Trainer] :: Updated latest checkpoint at epoch 34
2026-05-05 03:31:40,786 [Trainer] :: No validation IoU improvement for 30 epoch(s)
2026-05-05 03:31:40,787 [Trainer] :: Starting epoch 35
2026-05-05 03:37:00,097 [Trainer] :: Completed epoch 35: train_loss=0.107880 train_iou=0.897714 val_loss=0.323823 val_iou=0.610812 lr=0.00009671
2026-05-05 03:37:00,622 [Trainer] :: Updated latest checkpoint at epoch 35
2026-05-05 03:37:00,622 [Trainer] :: No validation IoU improvement for 31 epoch(s)
2026-05-05 03:37:00,622 [Trainer] :: Starting epoch 36
2026-05-05 03:41:42,634 [Trainer] :: Completed epoch 36: train_loss=0.106667 train_iou=0.901160 val_loss=0.303863 val_iou=0.639648 lr=0.00009652
2026-05-05 03:41:43,187 [Trainer] :: Updated latest checkpoint at epoch 36
2026-05-05 03:41:43,681 [Trainer] :: New best checkpoint saved with val_iou=0.639648
2026-05-05 03:41:43,682 [Trainer] :: Starting epoch 37
2026-05-05 03:46:54,490 [Trainer] :: Completed epoch 37: train_loss=0.106080 train_iou=0.899980 val_loss=0.337913 val_iou=0.597117 lr=0.00009633
2026-05-05 03:46:54,847 [Trainer] :: Updated latest checkpoint at epoch 37
2026-05-05 03:46:54,848 [Trainer] :: No validation IoU improvement for 1 epoch(s)
2026-05-05 03:46:54,848 [Trainer] :: Starting epoch 38
2026-05-05 03:51:16,492 [Trainer] :: Completed epoch 38: train_loss=0.110049 train_iou=0.899978 val_loss=0.430603 val_iou=0.552801 lr=0.00009613
2026-05-05 03:51:17,092 [Trainer] :: Updated latest checkpoint at epoch 38
2026-05-05 03:51:17,092 [Trainer] :: No validation IoU improvement for 2 epoch(s)
2026-05-05 03:51:17,092 [Trainer] :: Starting epoch 39
2026-05-05 03:56:13,906 [Trainer] :: Completed epoch 39: train_loss=0.102529 train_iou=0.903234 val_loss=0.360375 val_iou=0.575246 lr=0.00009593
2026-05-05 03:56:14,245 [Trainer] :: Updated latest checkpoint at epoch 39
2026-05-05 03:56:14,246 [Trainer] :: No validation IoU improvement for 3 epoch(s)
2026-05-05 03:56:14,246 [Trainer] :: Starting epoch 40
2026-05-05 04:00:35,062 [Trainer] :: Completed epoch 40: train_loss=0.104686 train_iou=0.903573 val_loss=0.335176 val_iou=0.605587 lr=0.00009572
2026-05-05 04:00:35,401 [Trainer] :: Updated latest checkpoint at epoch 40
2026-05-05 04:00:35,401 [Trainer] :: No validation IoU improvement for 4 epoch(s)
2026-05-05 04:00:35,401 [Trainer] :: Starting epoch 41
2026-05-05 04:06:03,091 [Trainer] :: Completed epoch 41: train_loss=0.099852 train_iou=0.906459 val_loss=0.337839 val_iou=0.583593 lr=0.00009551
2026-05-05 04:06:03,616 [Trainer] :: Updated latest checkpoint at epoch 41
2026-05-05 04:06:03,616 [Trainer] :: No validation IoU improvement for 5 epoch(s)
2026-05-05 04:06:03,616 [Trainer] :: Starting epoch 42
2026-05-05 04:12:07,022 [Trainer] :: Completed epoch 42: train_loss=0.099771 train_iou=0.906612 val_loss=0.325400 val_iou=0.604280 lr=0.00009529
2026-05-05 04:12:07,552 [Trainer] :: Updated latest checkpoint at epoch 42
2026-05-05 04:12:07,552 [Trainer] :: No validation IoU improvement for 6 epoch(s)
2026-05-05 04:12:07,552 [Trainer] :: Starting epoch 43
2026-05-05 04:17:06,262 [Trainer] :: Completed epoch 43: train_loss=0.099022 train_iou=0.906896 val_loss=0.336849 val_iou=0.613468 lr=0.00009507
2026-05-05 04:17:06,784 [Trainer] :: Updated latest checkpoint at epoch 43
2026-05-05 04:17:06,785 [Trainer] :: No validation IoU improvement for 7 epoch(s)
2026-05-05 04:17:06,785 [Trainer] :: Starting epoch 44
2026-05-05 04:21:52,240 [Trainer] :: Completed epoch 44: train_loss=0.093009 train_iou=0.911860 val_loss=0.326131 val_iou=0.609269 lr=0.00009484
2026-05-05 04:21:52,584 [Trainer] :: Updated latest checkpoint at epoch 44
2026-05-05 04:21:52,584 [Trainer] :: No validation IoU improvement for 8 epoch(s)
2026-05-05 04:21:52,584 [Trainer] :: Starting epoch 45
2026-05-05 04:26:23,731 [Trainer] :: Completed epoch 45: train_loss=0.094477 train_iou=0.911233 val_loss=0.323068 val_iou=0.620623 lr=0.00009460
2026-05-05 04:26:24,055 [Trainer] :: Updated latest checkpoint at epoch 45
2026-05-05 04:26:24,055 [Trainer] :: No validation IoU improvement for 9 epoch(s)
2026-05-05 04:26:24,055 [Trainer] :: Starting epoch 46
2026-05-05 04:32:54,012 [Trainer] :: Completed epoch 46: train_loss=0.094801 train_iou=0.911108 val_loss=0.365929 val_iou=0.569517 lr=0.00009437
2026-05-05 04:32:54,543 [Trainer] :: Updated latest checkpoint at epoch 46
2026-05-05 04:32:54,543 [Trainer] :: No validation IoU improvement for 10 epoch(s)
2026-05-05 04:32:54,543 [Trainer] :: Starting epoch 47
2026-05-05 04:38:03,294 [Trainer] :: Completed epoch 47: train_loss=0.094315 train_iou=0.909604 val_loss=0.313952 val_iou=0.642634 lr=0.00009412
2026-05-05 04:38:03,669 [Trainer] :: Updated latest checkpoint at epoch 47
2026-05-05 04:38:03,967 [Trainer] :: New best checkpoint saved with val_iou=0.642634
2026-05-05 04:38:03,967 [Trainer] :: Starting epoch 48
2026-05-05 04:43:25,855 [Trainer] :: Completed epoch 48: train_loss=0.094051 train_iou=0.913196 val_loss=0.316004 val_iou=0.630855 lr=0.00009388
2026-05-05 04:43:26,515 [Trainer] :: Updated latest checkpoint at epoch 48
2026-05-05 04:43:26,516 [Trainer] :: No validation IoU improvement for 1 epoch(s)
2026-05-05 04:43:26,516 [Trainer] :: Starting epoch 49
2026-05-05 04:48:12,221 [Trainer] :: Completed epoch 49: train_loss=0.091624 train_iou=0.913342 val_loss=0.340317 val_iou=0.619076 lr=0.00009363
2026-05-05 04:48:12,566 [Trainer] :: Updated latest checkpoint at epoch 49
2026-05-05 04:48:12,567 [Trainer] :: No validation IoU improvement for 2 epoch(s)
2026-05-05 04:48:12,567 [Trainer] :: Starting epoch 50
2026-05-05 04:52:58,636 [Trainer] :: Completed epoch 50: train_loss=0.092117 train_iou=0.912933 val_loss=0.369692 val_iou=0.564390 lr=0.00009337
2026-05-05 04:52:59,152 [Trainer] :: Updated latest checkpoint at epoch 50
2026-05-05 04:52:59,152 [Trainer] :: No validation IoU improvement for 3 epoch(s)
2026-05-05 04:52:59,152 [Trainer] :: Starting epoch 51
2026-05-05 04:58:21,337 [Trainer] :: Completed epoch 51: train_loss=0.094791 train_iou=0.909909 val_loss=0.354165 val_iou=0.604135 lr=0.00009311
2026-05-05 04:58:21,670 [Trainer] :: Updated latest checkpoint at epoch 51
2026-05-05 04:58:21,670 [Trainer] :: No validation IoU improvement for 4 epoch(s)
2026-05-05 04:58:21,670 [Trainer] :: Starting epoch 52
2026-05-05 05:02:56,299 [Trainer] :: Completed epoch 52: train_loss=0.088344 train_iou=0.915538 val_loss=0.316754 val_iou=0.639823 lr=0.00009284
2026-05-05 05:02:56,594 [Trainer] :: Updated latest checkpoint at epoch 52
2026-05-05 05:02:56,594 [Trainer] :: No validation IoU improvement for 5 epoch(s)
2026-05-05 05:02:56,594 [Trainer] :: Starting epoch 53
2026-05-05 05:08:30,923 [Trainer] :: Completed epoch 53: train_loss=0.089612 train_iou=0.915243 val_loss=0.387512 val_iou=0.565470 lr=0.00009257
2026-05-05 05:08:31,261 [Trainer] :: Updated latest checkpoint at epoch 53
2026-05-05 05:08:31,261 [Trainer] :: No validation IoU improvement for 6 epoch(s)
2026-05-05 05:08:31,261 [Trainer] :: Starting epoch 54
2026-05-05 05:13:26,361 [Trainer] :: Completed epoch 54: train_loss=0.090431 train_iou=0.914450 val_loss=0.330832 val_iou=0.619983 lr=0.00009229
2026-05-05 05:13:26,704 [Trainer] :: Updated latest checkpoint at epoch 54
2026-05-05 05:13:26,704 [Trainer] :: No validation IoU improvement for 7 epoch(s)
2026-05-05 05:13:26,704 [Trainer] :: Starting epoch 55
2026-05-05 05:18:14,116 [Trainer] :: Completed epoch 55: train_loss=0.087238 train_iou=0.917754 val_loss=0.368037 val_iou=0.593582 lr=0.00009201
2026-05-05 05:18:14,440 [Trainer] :: Updated latest checkpoint at epoch 55
2026-05-05 05:18:14,440 [Trainer] :: No validation IoU improvement for 8 epoch(s)
2026-05-05 05:18:14,440 [Trainer] :: Starting epoch 56
2026-05-05 05:24:03,027 [Trainer] :: Completed epoch 56: train_loss=0.084098 train_iou=0.920822 val_loss=0.332858 val_iou=0.624163 lr=0.00009173
2026-05-05 05:24:03,570 [Trainer] :: Updated latest checkpoint at epoch 56
2026-05-05 05:24:03,571 [Trainer] :: No validation IoU improvement for 9 epoch(s)
2026-05-05 05:24:03,571 [Trainer] :: Starting epoch 57
2026-05-05 05:28:19,018 [Trainer] :: Completed epoch 57: train_loss=0.084767 train_iou=0.919840 val_loss=0.326467 val_iou=0.631168 lr=0.00009144
2026-05-05 05:28:19,344 [Trainer] :: Updated latest checkpoint at epoch 57
2026-05-05 05:28:19,344 [Trainer] :: No validation IoU improvement for 10 epoch(s)
2026-05-05 05:28:19,344 [Trainer] :: Starting epoch 58
2026-05-05 05:32:33,770 [Trainer] :: Completed epoch 58: train_loss=0.082104 train_iou=0.921568 val_loss=0.352078 val_iou=0.605533 lr=0.00009115
2026-05-05 05:32:34,183 [Trainer] :: Updated latest checkpoint at epoch 58
2026-05-05 05:32:34,183 [Trainer] :: No validation IoU improvement for 11 epoch(s)
2026-05-05 05:32:34,183 [Trainer] :: Starting epoch 59
2026-05-05 05:36:58,805 [Trainer] :: Completed epoch 59: train_loss=0.082489 train_iou=0.922693 val_loss=0.325122 val_iou=0.622031 lr=0.00009085
2026-05-05 05:36:59,329 [Trainer] :: Updated latest checkpoint at epoch 59
2026-05-05 05:36:59,329 [Trainer] :: No validation IoU improvement for 12 epoch(s)
2026-05-05 05:36:59,329 [Trainer] :: Starting epoch 60
2026-05-05 05:42:29,681 [Trainer] :: Completed epoch 60: train_loss=0.088243 train_iou=0.915999 val_loss=0.353461 val_iou=0.594502 lr=0.00009055
2026-05-05 05:42:30,275 [Trainer] :: Updated latest checkpoint at epoch 60
2026-05-05 05:42:30,276 [Trainer] :: No validation IoU improvement for 13 epoch(s)
2026-05-05 05:42:30,276 [Trainer] :: Starting epoch 61
2026-05-05 05:47:20,038 [Trainer] :: Completed epoch 61: train_loss=0.082800 train_iou=0.920401 val_loss=0.437313 val_iou=0.569835 lr=0.00009024
2026-05-05 05:47:20,442 [Trainer] :: Updated latest checkpoint at epoch 61
2026-05-05 05:47:20,442 [Trainer] :: No validation IoU improvement for 14 epoch(s)
2026-05-05 05:47:20,442 [Trainer] :: Starting epoch 62
2026-05-05 05:51:55,421 [Trainer] :: Completed epoch 62: train_loss=0.081838 train_iou=0.923079 val_loss=0.362104 val_iou=0.613338 lr=0.00008993
2026-05-05 05:51:55,763 [Trainer] :: Updated latest checkpoint at epoch 62
2026-05-05 05:51:55,763 [Trainer] :: No validation IoU improvement for 15 epoch(s)
2026-05-05 05:51:55,763 [Trainer] :: Starting epoch 63
2026-05-05 05:56:12,710 [Trainer] :: Completed epoch 63: train_loss=0.084898 train_iou=0.921898 val_loss=0.329034 val_iou=0.626975 lr=0.00008961
2026-05-05 05:56:13,172 [Trainer] :: Updated latest checkpoint at epoch 63
2026-05-05 05:56:13,172 [Trainer] :: No validation IoU improvement for 16 epoch(s)
2026-05-05 05:56:13,172 [Trainer] :: Starting epoch 64
2026-05-05 06:00:48,370 [Trainer] :: Completed epoch 64: train_loss=0.079034 train_iou=0.924414 val_loss=0.338193 val_iou=0.607612 lr=0.00008929
2026-05-05 06:00:48,871 [Trainer] :: Updated latest checkpoint at epoch 64
2026-05-05 06:00:48,871 [Trainer] :: No validation IoU improvement for 17 epoch(s)
2026-05-05 06:00:48,871 [Trainer] :: Starting epoch 65
2026-05-05 06:05:13,656 [Trainer] :: Completed epoch 65: train_loss=0.081114 train_iou=0.925182 val_loss=0.318498 val_iou=0.629440 lr=0.00008897
2026-05-05 06:05:14,151 [Trainer] :: Updated latest checkpoint at epoch 65
2026-05-05 06:05:14,151 [Trainer] :: No validation IoU improvement for 18 epoch(s)
2026-05-05 06:05:14,151 [Trainer] :: Starting epoch 66
2026-05-05 06:09:53,592 [Trainer] :: Completed epoch 66: train_loss=0.079058 train_iou=0.925544 val_loss=0.388952 val_iou=0.598797 lr=0.00008864
2026-05-05 06:09:54,071 [Trainer] :: Updated latest checkpoint at epoch 66
2026-05-05 06:09:54,071 [Trainer] :: No validation IoU improvement for 19 epoch(s)
2026-05-05 06:09:54,071 [Trainer] :: Starting epoch 67
2026-05-05 06:15:09,072 [Trainer] :: Completed epoch 67: train_loss=0.078451 train_iou=0.924877 val_loss=0.338817 val_iou=0.619471 lr=0.00008831
2026-05-05 06:15:09,951 [Trainer] :: Updated latest checkpoint at epoch 67
2026-05-05 06:15:09,952 [Trainer] :: No validation IoU improvement for 20 epoch(s)
2026-05-05 06:15:09,952 [Trainer] :: Starting epoch 68
2026-05-05 06:20:06,467 [Trainer] :: Completed epoch 68: train_loss=0.081371 train_iou=0.922435 val_loss=0.348466 val_iou=0.607954 lr=0.00008797
2026-05-05 06:20:06,823 [Trainer] :: Updated latest checkpoint at epoch 68
2026-05-05 06:20:06,823 [Trainer] :: No validation IoU improvement for 21 epoch(s)
2026-05-05 06:20:06,823 [Trainer] :: Starting epoch 69
2026-05-05 06:24:52,758 [Trainer] :: Completed epoch 69: train_loss=0.080295 train_iou=0.924341 val_loss=0.337254 val_iou=0.614977 lr=0.00008763
2026-05-05 06:24:53,293 [Trainer] :: Updated latest checkpoint at epoch 69
2026-05-05 06:24:53,293 [Trainer] :: No validation IoU improvement for 22 epoch(s)
2026-05-05 06:24:53,294 [Trainer] :: Starting epoch 70
2026-05-05 06:29:30,226 [Trainer] :: Completed epoch 70: train_loss=0.078829 train_iou=0.925096 val_loss=0.342567 val_iou=0.607874 lr=0.00008729
2026-05-05 06:29:30,747 [Trainer] :: Updated latest checkpoint at epoch 70
2026-05-05 06:29:30,748 [Trainer] :: No validation IoU improvement for 23 epoch(s)
2026-05-05 06:29:30,748 [Trainer] :: Starting epoch 71
2026-05-05 06:34:13,522 [Trainer] :: Completed epoch 71: train_loss=0.076701 train_iou=0.926334 val_loss=0.378894 val_iou=0.593290 lr=0.00008694
2026-05-05 06:34:13,852 [Trainer] :: Updated latest checkpoint at epoch 71
2026-05-05 06:34:13,852 [Trainer] :: No validation IoU improvement for 24 epoch(s)
2026-05-05 06:34:13,852 [Trainer] :: Starting epoch 72
2026-05-05 06:38:38,145 [Trainer] :: Completed epoch 72: train_loss=0.075985 train_iou=0.927415 val_loss=0.354705 val_iou=0.599879 lr=0.00008658
2026-05-05 06:38:38,629 [Trainer] :: Updated latest checkpoint at epoch 72
2026-05-05 06:38:38,629 [Trainer] :: No validation IoU improvement for 25 epoch(s)
2026-05-05 06:38:38,629 [Trainer] :: Starting epoch 73
2026-05-05 06:43:56,561 [Trainer] :: Completed epoch 73: train_loss=0.078708 train_iou=0.925822 val_loss=0.344716 val_iou=0.623636 lr=0.00008623
2026-05-05 06:43:56,900 [Trainer] :: Updated latest checkpoint at epoch 73
2026-05-05 06:43:56,900 [Trainer] :: No validation IoU improvement for 26 epoch(s)
2026-05-05 06:43:56,900 [Trainer] :: Starting epoch 74
2026-05-05 06:48:22,831 [Trainer] :: Completed epoch 74: train_loss=0.075727 train_iou=0.927851 val_loss=0.346041 val_iou=0.579767 lr=0.00008587
2026-05-05 06:48:23,380 [Trainer] :: Updated latest checkpoint at epoch 74
2026-05-05 06:48:23,380 [Trainer] :: No validation IoU improvement for 27 epoch(s)
2026-05-05 06:48:23,380 [Trainer] :: Starting epoch 75
2026-05-05 06:52:58,222 [Trainer] :: Completed epoch 75: train_loss=0.074467 train_iou=0.928511 val_loss=0.349635 val_iou=0.618838 lr=0.00008550
2026-05-05 06:52:58,567 [Trainer] :: Updated latest checkpoint at epoch 75
2026-05-05 06:52:58,567 [Trainer] :: No validation IoU improvement for 28 epoch(s)
2026-05-05 06:52:58,567 [Trainer] :: Starting epoch 76
2026-05-05 06:57:28,300 [Trainer] :: Completed epoch 76: train_loss=0.075510 train_iou=0.928127 val_loss=0.358656 val_iou=0.600545 lr=0.00008513
2026-05-05 06:57:28,624 [Trainer] :: Updated latest checkpoint at epoch 76
2026-05-05 06:57:28,624 [Trainer] :: No validation IoU improvement for 29 epoch(s)
2026-05-05 06:57:28,624 [Trainer] :: Starting epoch 77
2026-05-05 07:02:29,809 [Trainer] :: Completed epoch 77: train_loss=0.073870 train_iou=0.929029 val_loss=0.363913 val_iou=0.593089 lr=0.00008476
2026-05-05 07:02:30,223 [Trainer] :: Updated latest checkpoint at epoch 77
2026-05-05 07:02:30,223 [Trainer] :: No validation IoU improvement for 30 epoch(s)
2026-05-05 07:02:30,223 [Trainer] :: Starting epoch 78
2026-05-05 07:07:24,055 [Trainer] :: Completed epoch 78: train_loss=0.072380 train_iou=0.930908 val_loss=0.345585 val_iou=0.615740 lr=0.00008439
2026-05-05 07:07:24,410 [Trainer] :: Updated latest checkpoint at epoch 78
2026-05-05 07:07:24,410 [Trainer] :: No validation IoU improvement for 31 epoch(s)
2026-05-05 07:07:24,410 [Trainer] :: Starting epoch 79
2026-05-05 07:12:40,354 [Trainer] :: Completed epoch 79: train_loss=0.073112 train_iou=0.930205 val_loss=0.364132 val_iou=0.618483 lr=0.00008401
2026-05-05 07:12:40,954 [Trainer] :: Updated latest checkpoint at epoch 79
2026-05-05 07:12:40,955 [Trainer] :: No validation IoU improvement for 32 epoch(s)
2026-05-05 07:12:40,955 [Trainer] :: Starting epoch 80
2026-05-05 07:17:06,233 [Trainer] :: Completed epoch 80: train_loss=0.072425 train_iou=0.931016 val_loss=0.357026 val_iou=0.594130 lr=0.00008362
2026-05-05 07:17:06,545 [Trainer] :: Updated latest checkpoint at epoch 80
2026-05-05 07:17:06,545 [Trainer] :: No validation IoU improvement for 33 epoch(s)
2026-05-05 07:17:06,546 [Trainer] :: Starting epoch 81
2026-05-05 07:21:17,841 [Trainer] :: Completed epoch 81: train_loss=0.071686 train_iou=0.932403 val_loss=0.352022 val_iou=0.614586 lr=0.00008323
2026-05-05 07:21:18,167 [Trainer] :: Updated latest checkpoint at epoch 81
2026-05-05 07:21:18,167 [Trainer] :: No validation IoU improvement for 34 epoch(s)
2026-05-05 07:21:18,167 [Trainer] :: Starting epoch 82
2026-05-05 07:25:24,513 [Trainer] :: Completed epoch 82: train_loss=0.070334 train_iou=0.932381 val_loss=0.354133 val_iou=0.608791 lr=0.00008284
2026-05-05 07:25:24,849 [Trainer] :: Updated latest checkpoint at epoch 82
2026-05-05 07:25:24,849 [Trainer] :: No validation IoU improvement for 35 epoch(s)
2026-05-05 07:25:24,849 [Trainer] :: Starting epoch 83
2026-05-05 07:29:37,524 [Trainer] :: Completed epoch 83: train_loss=0.069387 train_iou=0.933903 val_loss=0.357772 val_iou=0.607982 lr=0.00008245
2026-05-05 07:29:38,055 [Trainer] :: Updated latest checkpoint at epoch 83
2026-05-05 07:29:38,055 [Trainer] :: No validation IoU improvement for 36 epoch(s)
2026-05-05 07:29:38,055 [Trainer] :: Starting epoch 84
2026-05-05 07:34:11,253 [Trainer] :: Completed epoch 84: train_loss=0.069881 train_iou=0.933953 val_loss=0.343014 val_iou=0.629891 lr=0.00008205
2026-05-05 07:34:11,556 [Trainer] :: Updated latest checkpoint at epoch 84
2026-05-05 07:34:11,556 [Trainer] :: No validation IoU improvement for 37 epoch(s)
2026-05-05 07:34:11,556 [Trainer] :: Starting epoch 85
2026-05-05 07:38:43,850 [Trainer] :: Completed epoch 85: train_loss=0.069158 train_iou=0.933894 val_loss=0.402783 val_iou=0.583720 lr=0.00008165
2026-05-05 07:38:44,186 [Trainer] :: Updated latest checkpoint at epoch 85
2026-05-05 07:38:44,186 [Trainer] :: No validation IoU improvement for 38 epoch(s)
2026-05-05 07:38:44,186 [Trainer] :: Starting epoch 86
2026-05-05 07:43:34,303 [Trainer] :: Completed epoch 86: train_loss=0.068128 train_iou=0.935746 val_loss=0.390519 val_iou=0.586731 lr=0.00008125
2026-05-05 07:43:34,807 [Trainer] :: Updated latest checkpoint at epoch 86
2026-05-05 07:43:34,807 [Trainer] :: No validation IoU improvement for 39 epoch(s)
2026-05-05 07:43:34,807 [Trainer] :: Starting epoch 87
2026-05-05 07:47:45,215 [Trainer] :: Completed epoch 87: train_loss=0.066723 train_iou=0.935607 val_loss=0.371759 val_iou=0.589053 lr=0.00008084
2026-05-05 07:47:45,571 [Trainer] :: Updated latest checkpoint at epoch 87
2026-05-05 07:47:45,571 [Trainer] :: No validation IoU improvement for 40 epoch(s)
2026-05-05 07:47:45,571 [Trainer] :: Starting epoch 88
2026-05-05 07:52:15,246 [Trainer] :: Completed epoch 88: train_loss=0.067867 train_iou=0.935618 val_loss=0.360745 val_iou=0.628060 lr=0.00008043
2026-05-05 07:52:15,601 [Trainer] :: Updated latest checkpoint at epoch 88
2026-05-05 07:52:15,601 [Trainer] :: No validation IoU improvement for 41 epoch(s)
2026-05-05 07:52:15,601 [Trainer] :: Starting epoch 89
2026-05-05 07:56:42,441 [Trainer] :: Completed epoch 89: train_loss=0.067928 train_iou=0.935162 val_loss=0.358094 val_iou=0.615894 lr=0.00008001
2026-05-05 07:56:42,913 [Trainer] :: Updated latest checkpoint at epoch 89
2026-05-05 07:56:42,914 [Trainer] :: No validation IoU improvement for 42 epoch(s)
2026-05-05 07:56:42,914 [Trainer] :: Starting epoch 90
2026-05-05 08:01:17,354 [Trainer] :: Completed epoch 90: train_loss=0.067249 train_iou=0.936645 val_loss=0.362880 val_iou=0.615254 lr=0.00007960
2026-05-05 08:01:17,821 [Trainer] :: Updated latest checkpoint at epoch 90
2026-05-05 08:01:17,822 [Trainer] :: No validation IoU improvement for 43 epoch(s)
2026-05-05 08:01:17,822 [Trainer] :: Starting epoch 91
2026-05-05 08:05:47,786 [Trainer] :: Completed epoch 91: train_loss=0.067916 train_iou=0.934711 val_loss=0.350275 val_iou=0.621203 lr=0.00007917
2026-05-05 08:05:48,124 [Trainer] :: Updated latest checkpoint at epoch 91
2026-05-05 08:05:48,124 [Trainer] :: No validation IoU improvement for 44 epoch(s)
2026-05-05 08:05:48,124 [Trainer] :: Starting epoch 92
2026-05-05 08:10:27,992 [Trainer] :: Completed epoch 92: train_loss=0.068344 train_iou=0.935423 val_loss=0.402289 val_iou=0.589279 lr=0.00007875
2026-05-05 08:10:28,287 [Trainer] :: Updated latest checkpoint at epoch 92
2026-05-05 08:10:28,287 [Trainer] :: No validation IoU improvement for 45 epoch(s)
2026-05-05 08:10:28,288 [Trainer] :: Starting epoch 93
2026-05-05 08:15:08,170 [Trainer] :: Completed epoch 93: train_loss=0.066485 train_iou=0.937071 val_loss=0.359259 val_iou=0.611999 lr=0.00007832
2026-05-05 08:15:08,501 [Trainer] :: Updated latest checkpoint at epoch 93
2026-05-05 08:15:08,501 [Trainer] :: No validation IoU improvement for 46 epoch(s)
2026-05-05 08:15:08,501 [Trainer] :: Starting epoch 94
2026-05-05 08:19:43,242 [Trainer] :: Completed epoch 94: train_loss=0.068594 train_iou=0.934415 val_loss=0.382624 val_iou=0.592940 lr=0.00007789
2026-05-05 08:19:44,034 [Trainer] :: Updated latest checkpoint at epoch 94
2026-05-05 08:19:44,034 [Trainer] :: No validation IoU improvement for 47 epoch(s)
2026-05-05 08:19:44,034 [Trainer] :: Starting epoch 95
2026-05-05 08:24:24,933 [Trainer] :: Completed epoch 95: train_loss=0.068694 train_iou=0.935303 val_loss=0.371502 val_iou=0.582642 lr=0.00007746
2026-05-05 08:24:25,444 [Trainer] :: Updated latest checkpoint at epoch 95
2026-05-05 08:24:25,445 [Trainer] :: No validation IoU improvement for 48 epoch(s)
2026-05-05 08:24:25,445 [Trainer] :: Starting epoch 96
2026-05-05 08:29:06,828 [Trainer] :: Completed epoch 96: train_loss=0.068292 train_iou=0.935451 val_loss=0.369808 val_iou=0.605705 lr=0.00007702
2026-05-05 08:29:07,308 [Trainer] :: Updated latest checkpoint at epoch 96
2026-05-05 08:29:07,308 [Trainer] :: No validation IoU improvement for 49 epoch(s)
2026-05-05 08:29:07,308 [Trainer] :: Starting epoch 97
2026-05-05 08:34:12,223 [Trainer] :: Completed epoch 97: train_loss=0.066861 train_iou=0.936708 val_loss=0.362402 val_iou=0.619760 lr=0.00007658
2026-05-05 08:34:12,773 [Trainer] :: Updated latest checkpoint at epoch 97
2026-05-05 08:34:12,773 [Trainer] :: No validation IoU improvement for 50 epoch(s)
2026-05-05 08:34:12,773 [Trainer] :: Starting epoch 98
2026-05-05 08:39:29,023 [Trainer] :: Completed epoch 98: train_loss=0.068325 train_iou=0.935556 val_loss=0.356631 val_iou=0.601342 lr=0.00007614
2026-05-05 08:39:29,483 [Trainer] :: Updated latest checkpoint at epoch 98
2026-05-05 08:39:29,483 [Trainer] :: No validation IoU improvement for 51 epoch(s)
2026-05-05 08:39:29,483 [Trainer] :: Starting epoch 99
2026-05-05 08:44:55,291 [Trainer] :: Completed epoch 99: train_loss=0.065344 train_iou=0.937932 val_loss=0.369927 val_iou=0.586056 lr=0.00007570
2026-05-05 08:44:55,794 [Trainer] :: Updated latest checkpoint at epoch 99
2026-05-05 08:44:55,794 [Trainer] :: No validation IoU improvement for 52 epoch(s)
2026-05-05 08:44:55,794 [Trainer] :: Starting epoch 100
2026-05-05 08:50:07,614 [Trainer] :: Completed epoch 100: train_loss=0.065126 train_iou=0.937741 val_loss=0.376979 val_iou=0.594177 lr=0.00007525
2026-05-05 08:50:07,984 [Trainer] :: Updated latest checkpoint at epoch 100
2026-05-05 08:50:07,984 [Trainer] :: No validation IoU improvement for 53 epoch(s)
2026-05-05 08:50:07,984 [Trainer] :: Starting epoch 101
2026-05-05 08:55:28,517 [Trainer] :: Completed epoch 101: train_loss=0.067230 train_iou=0.936744 val_loss=0.342142 val_iou=0.620415 lr=0.00007480
2026-05-05 08:55:29,039 [Trainer] :: Updated latest checkpoint at epoch 101
2026-05-05 08:55:29,039 [Trainer] :: No validation IoU improvement for 54 epoch(s)
2026-05-05 08:55:29,039 [Trainer] :: Starting epoch 102
2026-05-05 09:00:29,462 [Trainer] :: Completed epoch 102: train_loss=0.063907 train_iou=0.938800 val_loss=0.356893 val_iou=0.612574 lr=0.00007435
2026-05-05 09:00:29,798 [Trainer] :: Updated latest checkpoint at epoch 102
2026-05-05 09:00:29,798 [Trainer] :: No validation IoU improvement for 55 epoch(s)
2026-05-05 09:00:29,798 [Trainer] :: Starting epoch 103
2026-05-05 09:05:34,174 [Trainer] :: Completed epoch 103: train_loss=0.063681 train_iou=0.939219 val_loss=0.360852 val_iou=0.608991 lr=0.00007389
2026-05-05 09:05:34,613 [Trainer] :: Updated latest checkpoint at epoch 103
2026-05-05 09:05:34,613 [Trainer] :: No validation IoU improvement for 56 epoch(s)
2026-05-05 09:05:34,613 [Trainer] :: Starting epoch 104
2026-05-05 09:10:51,871 [Trainer] :: Completed epoch 104: train_loss=0.063694 train_iou=0.939525 val_loss=0.365688 val_iou=0.612965 lr=0.00007343
2026-05-05 09:10:52,478 [Trainer] :: Updated latest checkpoint at epoch 104
2026-05-05 09:10:52,478 [Trainer] :: No validation IoU improvement for 57 epoch(s)
2026-05-05 09:10:52,478 [Trainer] :: Starting epoch 105
2026-05-05 09:16:36,256 [Trainer] :: Completed epoch 105: train_loss=0.064242 train_iou=0.939116 val_loss=0.360579 val_iou=0.638477 lr=0.00007297
2026-05-05 09:16:36,681 [Trainer] :: Updated latest checkpoint at epoch 105
2026-05-05 09:16:36,681 [Trainer] :: No validation IoU improvement for 58 epoch(s)
2026-05-05 09:16:36,681 [Trainer] :: Starting epoch 106
2026-05-05 09:21:57,742 [Trainer] :: Completed epoch 106: train_loss=0.063755 train_iou=0.939468 val_loss=0.395108 val_iou=0.604372 lr=0.00007251
2026-05-05 09:21:58,293 [Trainer] :: Updated latest checkpoint at epoch 106
2026-05-05 09:21:58,293 [Trainer] :: No validation IoU improvement for 59 epoch(s)
2026-05-05 09:21:58,293 [Trainer] :: Starting epoch 107
2026-05-05 09:27:05,494 [Trainer] :: Completed epoch 107: train_loss=0.064404 train_iou=0.939170 val_loss=0.395460 val_iou=0.582806 lr=0.00007204
2026-05-05 09:27:05,859 [Trainer] :: Updated latest checkpoint at epoch 107
2026-05-05 09:27:05,859 [Trainer] :: No validation IoU improvement for 60 epoch(s)
2026-05-05 09:27:05,860 [Trainer] :: Early stopping triggered after 60 epoch(s) without improvement
2026-05-05 09:33:06,237 [Trainer] :: Wrote training history to outputs/runs/rgb_deeplabv3plus_resnet34_fuzzy_halo_seed46_20260504T225953Z/metrics/history.json
2026-05-05 09:33:06,242 [Trainer] :: Wrote test summary to outputs/runs/rgb_deeplabv3plus_resnet34_fuzzy_halo_seed46_20260504T225953Z/metrics/test_summary.json
2026-05-05 09:33:06,242 [Trainer] :: Training completed
