2026-05-01 23:13:47,960 [Trainer] :: Training run initialized at /ceph/home/student.aau.dk/qd36zu/fuzzy-p10/tbd/masking/outputs/runs/rgb_segformer_b1_seed42_20260501T211347Z
2026-05-01 23:13:47,960 [Trainer] :: Loaded config from /ceph/home/student.aau.dk/qd36zu/fuzzy-p10/tbd/masking/configs/binary/rgb_segformer_b1.yaml
2026-05-01 23:13:47,960 [Trainer] :: Using seed=42 and device=None
2026-05-01 23:13:47,960 [Trainer] :: Using model architecture=Segformer encoder=mit_b1 encoder_weights=imagenet
2026-05-01 23:13:48,223 [Trainer] :: Resolved runtime device to cuda
2026-05-01 23:13:48,223 [Trainer] :: Prepared normalization from source=imagenet
2026-05-01 23:13:52,084 [Trainer] :: Built dataloaders with batch_size=16, num_workers=0
2026-05-01 23:13:52,085 [Trainer] :: Starting epoch 1
2026-05-01 23:16:08,354 [Trainer] :: Completed epoch 1: train_loss=0.344828 train_iou=0.688676 val_loss=0.319749 val_iou=0.565963 lr=0.00010000
2026-05-01 23:16:08,573 [Trainer] :: Updated latest checkpoint at epoch 1
2026-05-01 23:16:08,869 [Trainer] :: New best checkpoint saved with val_iou=0.565963
2026-05-01 23:16:08,869 [Trainer] :: Starting epoch 2
2026-05-01 23:18:25,605 [Trainer] :: Completed epoch 2: train_loss=0.271992 train_iou=0.758990 val_loss=0.361279 val_iou=0.536775 lr=0.00009999
2026-05-01 23:18:25,842 [Trainer] :: Updated latest checkpoint at epoch 2
2026-05-01 23:18:25,842 [Trainer] :: No validation IoU improvement for 1 epoch(s)
2026-05-01 23:18:25,842 [Trainer] :: Starting epoch 3
2026-05-01 23:20:50,561 [Trainer] :: Completed epoch 3: train_loss=0.261443 train_iou=0.765013 val_loss=0.355204 val_iou=0.534883 lr=0.00009998
2026-05-01 23:20:50,786 [Trainer] :: Updated latest checkpoint at epoch 3
2026-05-01 23:20:50,786 [Trainer] :: No validation IoU improvement for 2 epoch(s)
2026-05-01 23:20:50,786 [Trainer] :: Starting epoch 4
2026-05-01 23:23:12,572 [Trainer] :: Completed epoch 4: train_loss=0.246581 train_iou=0.780568 val_loss=0.262964 val_iou=0.636968 lr=0.00009996
2026-05-01 23:23:12,858 [Trainer] :: Updated latest checkpoint at epoch 4
2026-05-01 23:23:13,084 [Trainer] :: New best checkpoint saved with val_iou=0.636968
2026-05-01 23:23:13,084 [Trainer] :: Starting epoch 5
2026-05-01 23:25:33,725 [Trainer] :: Completed epoch 5: train_loss=0.227903 train_iou=0.796435 val_loss=0.264195 val_iou=0.623245 lr=0.00009993
2026-05-01 23:25:33,987 [Trainer] :: Updated latest checkpoint at epoch 5
2026-05-01 23:25:33,987 [Trainer] :: No validation IoU improvement for 1 epoch(s)
2026-05-01 23:25:33,987 [Trainer] :: Starting epoch 6
2026-05-01 23:27:55,588 [Trainer] :: Completed epoch 6: train_loss=0.223921 train_iou=0.800539 val_loss=0.262282 val_iou=0.638529 lr=0.00009990
2026-05-01 23:27:55,814 [Trainer] :: Updated latest checkpoint at epoch 6
2026-05-01 23:27:56,042 [Trainer] :: New best checkpoint saved with val_iou=0.638529
2026-05-01 23:27:56,042 [Trainer] :: Starting epoch 7
2026-05-01 23:30:17,521 [Trainer] :: Completed epoch 7: train_loss=0.216041 train_iou=0.806822 val_loss=0.262491 val_iou=0.607973 lr=0.00009987
2026-05-01 23:30:17,788 [Trainer] :: Updated latest checkpoint at epoch 7
2026-05-01 23:30:17,788 [Trainer] :: No validation IoU improvement for 1 epoch(s)
2026-05-01 23:30:17,788 [Trainer] :: Starting epoch 8
2026-05-01 23:32:46,873 [Trainer] :: Completed epoch 8: train_loss=0.208794 train_iou=0.815120 val_loss=0.284382 val_iou=0.617067 lr=0.00009983
2026-05-01 23:32:47,167 [Trainer] :: Updated latest checkpoint at epoch 8
2026-05-01 23:32:47,167 [Trainer] :: No validation IoU improvement for 2 epoch(s)
2026-05-01 23:32:47,167 [Trainer] :: Starting epoch 9
2026-05-01 23:35:08,587 [Trainer] :: Completed epoch 9: train_loss=0.201841 train_iou=0.818027 val_loss=0.335324 val_iou=0.524939 lr=0.00009978
2026-05-01 23:35:08,929 [Trainer] :: Updated latest checkpoint at epoch 9
2026-05-01 23:35:08,929 [Trainer] :: No validation IoU improvement for 3 epoch(s)
2026-05-01 23:35:08,929 [Trainer] :: Starting epoch 10
2026-05-01 23:37:27,875 [Trainer] :: Completed epoch 10: train_loss=0.195037 train_iou=0.820824 val_loss=0.263779 val_iou=0.603940 lr=0.00009973
2026-05-01 23:37:28,133 [Trainer] :: Updated latest checkpoint at epoch 10
2026-05-01 23:37:28,134 [Trainer] :: No validation IoU improvement for 4 epoch(s)
2026-05-01 23:37:28,134 [Trainer] :: Starting epoch 11
2026-05-01 23:39:48,063 [Trainer] :: Completed epoch 11: train_loss=0.189880 train_iou=0.825460 val_loss=0.253910 val_iou=0.641776 lr=0.00009967
2026-05-01 23:39:48,399 [Trainer] :: Updated latest checkpoint at epoch 11
2026-05-01 23:39:48,615 [Trainer] :: New best checkpoint saved with val_iou=0.641776
2026-05-01 23:39:48,615 [Trainer] :: Starting epoch 12
2026-05-01 23:42:09,931 [Trainer] :: Completed epoch 12: train_loss=0.176554 train_iou=0.835047 val_loss=0.253603 val_iou=0.647123 lr=0.00009961
2026-05-01 23:42:10,168 [Trainer] :: Updated latest checkpoint at epoch 12
2026-05-01 23:42:10,397 [Trainer] :: New best checkpoint saved with val_iou=0.647123
2026-05-01 23:42:10,397 [Trainer] :: Starting epoch 13
2026-05-01 23:44:33,408 [Trainer] :: Completed epoch 13: train_loss=0.178317 train_iou=0.830163 val_loss=0.306426 val_iou=0.595892 lr=0.00009954
2026-05-01 23:44:33,719 [Trainer] :: Updated latest checkpoint at epoch 13
2026-05-01 23:44:33,720 [Trainer] :: No validation IoU improvement for 1 epoch(s)
2026-05-01 23:44:33,720 [Trainer] :: Starting epoch 14
2026-05-01 23:46:56,036 [Trainer] :: Completed epoch 14: train_loss=0.166957 train_iou=0.840435 val_loss=0.249971 val_iou=0.648484 lr=0.00009947
2026-05-01 23:46:56,343 [Trainer] :: Updated latest checkpoint at epoch 14
2026-05-01 23:46:56,741 [Trainer] :: New best checkpoint saved with val_iou=0.648484
2026-05-01 23:46:56,741 [Trainer] :: Starting epoch 15
2026-05-01 23:49:18,541 [Trainer] :: Completed epoch 15: train_loss=0.163032 train_iou=0.842843 val_loss=0.239029 val_iou=0.664596 lr=0.00009939
2026-05-01 23:49:18,817 [Trainer] :: Updated latest checkpoint at epoch 15
2026-05-01 23:49:19,060 [Trainer] :: New best checkpoint saved with val_iou=0.664596
2026-05-01 23:49:19,060 [Trainer] :: Starting epoch 16
2026-05-01 23:51:43,760 [Trainer] :: Completed epoch 16: train_loss=0.165386 train_iou=0.839572 val_loss=0.263113 val_iou=0.645027 lr=0.00009931
2026-05-01 23:51:44,053 [Trainer] :: Updated latest checkpoint at epoch 16
2026-05-01 23:51:44,053 [Trainer] :: No validation IoU improvement for 1 epoch(s)
2026-05-01 23:51:44,053 [Trainer] :: Starting epoch 17
2026-05-01 23:54:16,075 [Trainer] :: Completed epoch 17: train_loss=0.157767 train_iou=0.846281 val_loss=0.245713 val_iou=0.650608 lr=0.00009922
2026-05-01 23:54:16,312 [Trainer] :: Updated latest checkpoint at epoch 17
2026-05-01 23:54:16,312 [Trainer] :: No validation IoU improvement for 2 epoch(s)
2026-05-01 23:54:16,312 [Trainer] :: Starting epoch 18
2026-05-01 23:56:37,765 [Trainer] :: Completed epoch 18: train_loss=0.158052 train_iou=0.845430 val_loss=0.257746 val_iou=0.646841 lr=0.00009912
2026-05-01 23:56:38,076 [Trainer] :: Updated latest checkpoint at epoch 18
2026-05-01 23:56:38,076 [Trainer] :: No validation IoU improvement for 3 epoch(s)
2026-05-01 23:56:38,076 [Trainer] :: Starting epoch 19
2026-05-01 23:59:01,737 [Trainer] :: Completed epoch 19: train_loss=0.150989 train_iou=0.849007 val_loss=0.272047 val_iou=0.629037 lr=0.00009902
2026-05-01 23:59:01,969 [Trainer] :: Updated latest checkpoint at epoch 19
2026-05-01 23:59:01,969 [Trainer] :: No validation IoU improvement for 4 epoch(s)
2026-05-01 23:59:01,969 [Trainer] :: Starting epoch 20
2026-05-02 00:01:24,473 [Trainer] :: Completed epoch 20: train_loss=0.154298 train_iou=0.845451 val_loss=0.293587 val_iou=0.606476 lr=0.00009892
2026-05-02 00:01:24,708 [Trainer] :: Updated latest checkpoint at epoch 20
2026-05-02 00:01:24,708 [Trainer] :: No validation IoU improvement for 5 epoch(s)
2026-05-02 00:01:24,708 [Trainer] :: Starting epoch 21
2026-05-02 00:03:49,847 [Trainer] :: Completed epoch 21: train_loss=0.144017 train_iou=0.858642 val_loss=0.273235 val_iou=0.636741 lr=0.00009881
2026-05-02 00:03:50,115 [Trainer] :: Updated latest checkpoint at epoch 21
2026-05-02 00:03:50,116 [Trainer] :: No validation IoU improvement for 6 epoch(s)
2026-05-02 00:03:50,116 [Trainer] :: Starting epoch 22
2026-05-02 00:06:16,087 [Trainer] :: Completed epoch 22: train_loss=0.144816 train_iou=0.856408 val_loss=0.252736 val_iou=0.661166 lr=0.00009869
2026-05-02 00:06:16,502 [Trainer] :: Updated latest checkpoint at epoch 22
2026-05-02 00:06:16,502 [Trainer] :: No validation IoU improvement for 7 epoch(s)
2026-05-02 00:06:16,502 [Trainer] :: Starting epoch 23
2026-05-02 00:08:34,077 [Trainer] :: Completed epoch 23: train_loss=0.136516 train_iou=0.860303 val_loss=0.246919 val_iou=0.664953 lr=0.00009857
2026-05-02 00:08:34,301 [Trainer] :: Updated latest checkpoint at epoch 23
2026-05-02 00:08:34,539 [Trainer] :: New best checkpoint saved with val_iou=0.664953
2026-05-02 00:08:34,540 [Trainer] :: Starting epoch 24
2026-05-02 00:10:49,529 [Trainer] :: Completed epoch 24: train_loss=0.136791 train_iou=0.861596 val_loss=0.257362 val_iou=0.654108 lr=0.00009844
2026-05-02 00:10:49,758 [Trainer] :: Updated latest checkpoint at epoch 24
2026-05-02 00:10:49,758 [Trainer] :: No validation IoU improvement for 1 epoch(s)
2026-05-02 00:10:49,758 [Trainer] :: Starting epoch 25
2026-05-02 00:13:12,875 [Trainer] :: Completed epoch 25: train_loss=0.130778 train_iou=0.865263 val_loss=0.258585 val_iou=0.625352 lr=0.00009831
2026-05-02 00:13:13,165 [Trainer] :: Updated latest checkpoint at epoch 25
2026-05-02 00:13:13,165 [Trainer] :: No validation IoU improvement for 2 epoch(s)
2026-05-02 00:13:13,165 [Trainer] :: Starting epoch 26
2026-05-02 00:15:27,576 [Trainer] :: Completed epoch 26: train_loss=0.130450 train_iou=0.865561 val_loss=0.255422 val_iou=0.638274 lr=0.00009818
2026-05-02 00:15:27,811 [Trainer] :: Updated latest checkpoint at epoch 26
2026-05-02 00:15:27,811 [Trainer] :: No validation IoU improvement for 3 epoch(s)
2026-05-02 00:15:27,811 [Trainer] :: Starting epoch 27
2026-05-02 00:17:41,321 [Trainer] :: Completed epoch 27: train_loss=0.132530 train_iou=0.866796 val_loss=0.260518 val_iou=0.647334 lr=0.00009803
2026-05-02 00:17:41,582 [Trainer] :: Updated latest checkpoint at epoch 27
2026-05-02 00:17:41,582 [Trainer] :: No validation IoU improvement for 4 epoch(s)
2026-05-02 00:17:41,582 [Trainer] :: Starting epoch 28
2026-05-02 00:19:57,485 [Trainer] :: Completed epoch 28: train_loss=0.127169 train_iou=0.870817 val_loss=0.255666 val_iou=0.648133 lr=0.00009789
2026-05-02 00:19:57,742 [Trainer] :: Updated latest checkpoint at epoch 28
2026-05-02 00:19:57,742 [Trainer] :: No validation IoU improvement for 5 epoch(s)
2026-05-02 00:19:57,742 [Trainer] :: Starting epoch 29
2026-05-02 00:22:14,686 [Trainer] :: Completed epoch 29: train_loss=0.125127 train_iou=0.874413 val_loss=0.275813 val_iou=0.635123 lr=0.00009773
2026-05-02 00:22:14,950 [Trainer] :: Updated latest checkpoint at epoch 29
2026-05-02 00:22:14,951 [Trainer] :: No validation IoU improvement for 6 epoch(s)
2026-05-02 00:22:14,951 [Trainer] :: Starting epoch 30
2026-05-02 00:24:38,500 [Trainer] :: Completed epoch 30: train_loss=0.122660 train_iou=0.874233 val_loss=0.264693 val_iou=0.636459 lr=0.00009758
2026-05-02 00:24:38,725 [Trainer] :: Updated latest checkpoint at epoch 30
2026-05-02 00:24:38,725 [Trainer] :: No validation IoU improvement for 7 epoch(s)
2026-05-02 00:24:38,725 [Trainer] :: Starting epoch 31
2026-05-02 00:27:04,909 [Trainer] :: Completed epoch 31: train_loss=0.120582 train_iou=0.875549 val_loss=0.258378 val_iou=0.657831 lr=0.00009741
2026-05-02 00:27:05,178 [Trainer] :: Updated latest checkpoint at epoch 31
2026-05-02 00:27:05,179 [Trainer] :: No validation IoU improvement for 8 epoch(s)
2026-05-02 00:27:05,179 [Trainer] :: Starting epoch 32
2026-05-02 00:29:24,220 [Trainer] :: Completed epoch 32: train_loss=0.117879 train_iou=0.877833 val_loss=0.265980 val_iou=0.633529 lr=0.00009725
2026-05-02 00:29:24,444 [Trainer] :: Updated latest checkpoint at epoch 32
2026-05-02 00:29:24,444 [Trainer] :: No validation IoU improvement for 9 epoch(s)
2026-05-02 00:29:24,444 [Trainer] :: Starting epoch 33
2026-05-02 00:31:36,299 [Trainer] :: Completed epoch 33: train_loss=0.115615 train_iou=0.880052 val_loss=0.276266 val_iou=0.622697 lr=0.00009707
2026-05-02 00:31:36,509 [Trainer] :: Updated latest checkpoint at epoch 33
2026-05-02 00:31:36,509 [Trainer] :: No validation IoU improvement for 10 epoch(s)
2026-05-02 00:31:36,509 [Trainer] :: Starting epoch 34
2026-05-02 00:33:54,871 [Trainer] :: Completed epoch 34: train_loss=0.114401 train_iou=0.880984 val_loss=0.283300 val_iou=0.613493 lr=0.00009690
2026-05-02 00:33:55,161 [Trainer] :: Updated latest checkpoint at epoch 34
2026-05-02 00:33:55,161 [Trainer] :: No validation IoU improvement for 11 epoch(s)
2026-05-02 00:33:55,161 [Trainer] :: Starting epoch 35
2026-05-02 00:36:15,479 [Trainer] :: Completed epoch 35: train_loss=0.114083 train_iou=0.881003 val_loss=0.260069 val_iou=0.642303 lr=0.00009671
2026-05-02 00:36:15,789 [Trainer] :: Updated latest checkpoint at epoch 35
2026-05-02 00:36:15,790 [Trainer] :: No validation IoU improvement for 12 epoch(s)
2026-05-02 00:36:15,790 [Trainer] :: Starting epoch 36
2026-05-02 00:38:37,661 [Trainer] :: Completed epoch 36: train_loss=0.111024 train_iou=0.884944 val_loss=0.265001 val_iou=0.654758 lr=0.00009652
2026-05-02 00:38:37,899 [Trainer] :: Updated latest checkpoint at epoch 36
2026-05-02 00:38:37,899 [Trainer] :: No validation IoU improvement for 13 epoch(s)
2026-05-02 00:38:37,899 [Trainer] :: Starting epoch 37
2026-05-02 00:41:00,054 [Trainer] :: Completed epoch 37: train_loss=0.106556 train_iou=0.887385 val_loss=0.271341 val_iou=0.627959 lr=0.00009633
2026-05-02 00:41:00,295 [Trainer] :: Updated latest checkpoint at epoch 37
2026-05-02 00:41:00,295 [Trainer] :: No validation IoU improvement for 14 epoch(s)
2026-05-02 00:41:00,295 [Trainer] :: Starting epoch 38
2026-05-02 00:43:22,976 [Trainer] :: Completed epoch 38: train_loss=0.106044 train_iou=0.889279 val_loss=0.275136 val_iou=0.641731 lr=0.00009613
2026-05-02 00:43:23,206 [Trainer] :: Updated latest checkpoint at epoch 38
2026-05-02 00:43:23,206 [Trainer] :: No validation IoU improvement for 15 epoch(s)
2026-05-02 00:43:23,207 [Trainer] :: Starting epoch 39
2026-05-02 00:45:45,698 [Trainer] :: Completed epoch 39: train_loss=0.108580 train_iou=0.890492 val_loss=0.290159 val_iou=0.602253 lr=0.00009593
2026-05-02 00:45:45,965 [Trainer] :: Updated latest checkpoint at epoch 39
2026-05-02 00:45:45,965 [Trainer] :: No validation IoU improvement for 16 epoch(s)
2026-05-02 00:45:45,965 [Trainer] :: Starting epoch 40
2026-05-02 00:48:08,242 [Trainer] :: Completed epoch 40: train_loss=0.106859 train_iou=0.888458 val_loss=0.292423 val_iou=0.598288 lr=0.00009572
2026-05-02 00:48:08,554 [Trainer] :: Updated latest checkpoint at epoch 40
2026-05-02 00:48:08,554 [Trainer] :: No validation IoU improvement for 17 epoch(s)
2026-05-02 00:48:08,554 [Trainer] :: Starting epoch 41
2026-05-02 00:50:28,779 [Trainer] :: Completed epoch 41: train_loss=0.107274 train_iou=0.889428 val_loss=0.267456 val_iou=0.644566 lr=0.00009551
2026-05-02 00:50:29,045 [Trainer] :: Updated latest checkpoint at epoch 41
2026-05-02 00:50:29,045 [Trainer] :: No validation IoU improvement for 18 epoch(s)
2026-05-02 00:50:29,046 [Trainer] :: Starting epoch 42
2026-05-02 00:52:48,119 [Trainer] :: Completed epoch 42: train_loss=0.101823 train_iou=0.893605 val_loss=0.319414 val_iou=0.597024 lr=0.00009529
2026-05-02 00:52:48,364 [Trainer] :: Updated latest checkpoint at epoch 42
2026-05-02 00:52:48,364 [Trainer] :: No validation IoU improvement for 19 epoch(s)
2026-05-02 00:52:48,364 [Trainer] :: Starting epoch 43
2026-05-02 00:55:09,371 [Trainer] :: Completed epoch 43: train_loss=0.105437 train_iou=0.890396 val_loss=0.268002 val_iou=0.638257 lr=0.00009507
2026-05-02 00:55:09,618 [Trainer] :: Updated latest checkpoint at epoch 43
2026-05-02 00:55:09,618 [Trainer] :: No validation IoU improvement for 20 epoch(s)
2026-05-02 00:55:09,619 [Trainer] :: Starting epoch 44
2026-05-02 00:57:27,548 [Trainer] :: Completed epoch 44: train_loss=0.102507 train_iou=0.895225 val_loss=0.286161 val_iou=0.612794 lr=0.00009484
2026-05-02 00:57:27,826 [Trainer] :: Updated latest checkpoint at epoch 44
2026-05-02 00:57:27,826 [Trainer] :: No validation IoU improvement for 21 epoch(s)
2026-05-02 00:57:27,826 [Trainer] :: Starting epoch 45
2026-05-02 00:59:48,303 [Trainer] :: Completed epoch 45: train_loss=0.101073 train_iou=0.894242 val_loss=0.325602 val_iou=0.588404 lr=0.00009460
2026-05-02 00:59:48,527 [Trainer] :: Updated latest checkpoint at epoch 45
2026-05-02 00:59:48,527 [Trainer] :: No validation IoU improvement for 22 epoch(s)
2026-05-02 00:59:48,527 [Trainer] :: Starting epoch 46
2026-05-02 01:02:16,402 [Trainer] :: Completed epoch 46: train_loss=0.099570 train_iou=0.898015 val_loss=0.262074 val_iou=0.657276 lr=0.00009437
2026-05-02 01:02:16,651 [Trainer] :: Updated latest checkpoint at epoch 46
2026-05-02 01:02:16,651 [Trainer] :: No validation IoU improvement for 23 epoch(s)
2026-05-02 01:02:16,651 [Trainer] :: Starting epoch 47
2026-05-02 01:04:46,575 [Trainer] :: Completed epoch 47: train_loss=0.097382 train_iou=0.897411 val_loss=0.269183 val_iou=0.645208 lr=0.00009412
2026-05-02 01:04:46,874 [Trainer] :: Updated latest checkpoint at epoch 47
2026-05-02 01:04:46,874 [Trainer] :: No validation IoU improvement for 24 epoch(s)
2026-05-02 01:04:46,874 [Trainer] :: Starting epoch 48
2026-05-02 01:07:13,277 [Trainer] :: Completed epoch 48: train_loss=0.097951 train_iou=0.897920 val_loss=0.262189 val_iou=0.655174 lr=0.00009388
2026-05-02 01:07:13,505 [Trainer] :: Updated latest checkpoint at epoch 48
2026-05-02 01:07:13,505 [Trainer] :: No validation IoU improvement for 25 epoch(s)
2026-05-02 01:07:13,505 [Trainer] :: Starting epoch 49
2026-05-02 01:09:37,806 [Trainer] :: Completed epoch 49: train_loss=0.092577 train_iou=0.902108 val_loss=0.264998 val_iou=0.645614 lr=0.00009363
2026-05-02 01:09:38,042 [Trainer] :: Updated latest checkpoint at epoch 49
2026-05-02 01:09:38,042 [Trainer] :: No validation IoU improvement for 26 epoch(s)
2026-05-02 01:09:38,042 [Trainer] :: Starting epoch 50
2026-05-02 01:12:08,415 [Trainer] :: Completed epoch 50: train_loss=0.095824 train_iou=0.899068 val_loss=0.262130 val_iou=0.661746 lr=0.00009337
2026-05-02 01:12:08,722 [Trainer] :: Updated latest checkpoint at epoch 50
2026-05-02 01:12:08,722 [Trainer] :: No validation IoU improvement for 27 epoch(s)
2026-05-02 01:12:08,722 [Trainer] :: Starting epoch 51
2026-05-02 01:14:44,253 [Trainer] :: Completed epoch 51: train_loss=0.091804 train_iou=0.903498 val_loss=0.277451 val_iou=0.643533 lr=0.00009311
2026-05-02 01:14:44,567 [Trainer] :: Updated latest checkpoint at epoch 51
2026-05-02 01:14:44,567 [Trainer] :: No validation IoU improvement for 28 epoch(s)
2026-05-02 01:14:44,567 [Trainer] :: Starting epoch 52
2026-05-02 01:17:24,429 [Trainer] :: Completed epoch 52: train_loss=0.092875 train_iou=0.903835 val_loss=0.274907 val_iou=0.643212 lr=0.00009284
2026-05-02 01:17:24,723 [Trainer] :: Updated latest checkpoint at epoch 52
2026-05-02 01:17:24,723 [Trainer] :: No validation IoU improvement for 29 epoch(s)
2026-05-02 01:17:24,723 [Trainer] :: Starting epoch 53
2026-05-02 01:19:43,271 [Trainer] :: Completed epoch 53: train_loss=0.087951 train_iou=0.906877 val_loss=0.266229 val_iou=0.650852 lr=0.00009257
2026-05-02 01:19:43,509 [Trainer] :: Updated latest checkpoint at epoch 53
2026-05-02 01:19:43,509 [Trainer] :: No validation IoU improvement for 30 epoch(s)
2026-05-02 01:19:43,509 [Trainer] :: Starting epoch 54
2026-05-02 01:22:01,458 [Trainer] :: Completed epoch 54: train_loss=0.088503 train_iou=0.907986 val_loss=0.278518 val_iou=0.644658 lr=0.00009229
2026-05-02 01:22:01,743 [Trainer] :: Updated latest checkpoint at epoch 54
2026-05-02 01:22:01,743 [Trainer] :: No validation IoU improvement for 31 epoch(s)
2026-05-02 01:22:01,743 [Trainer] :: Starting epoch 55
2026-05-02 01:24:20,537 [Trainer] :: Completed epoch 55: train_loss=0.087959 train_iou=0.909174 val_loss=0.271873 val_iou=0.638863 lr=0.00009201
2026-05-02 01:24:20,795 [Trainer] :: Updated latest checkpoint at epoch 55
2026-05-02 01:24:20,795 [Trainer] :: No validation IoU improvement for 32 epoch(s)
2026-05-02 01:24:20,795 [Trainer] :: Starting epoch 56
2026-05-02 01:26:43,069 [Trainer] :: Completed epoch 56: train_loss=0.086581 train_iou=0.908532 val_loss=0.267642 val_iou=0.652694 lr=0.00009173
2026-05-02 01:26:43,366 [Trainer] :: Updated latest checkpoint at epoch 56
2026-05-02 01:26:43,366 [Trainer] :: No validation IoU improvement for 33 epoch(s)
2026-05-02 01:26:43,366 [Trainer] :: Starting epoch 57
2026-05-02 01:29:07,775 [Trainer] :: Completed epoch 57: train_loss=0.089180 train_iou=0.908718 val_loss=0.275054 val_iou=0.633816 lr=0.00009144
2026-05-02 01:29:08,011 [Trainer] :: Updated latest checkpoint at epoch 57
2026-05-02 01:29:08,011 [Trainer] :: No validation IoU improvement for 34 epoch(s)
2026-05-02 01:29:08,011 [Trainer] :: Starting epoch 58
2026-05-02 01:31:33,884 [Trainer] :: Completed epoch 58: train_loss=0.086179 train_iou=0.908967 val_loss=0.318781 val_iou=0.587071 lr=0.00009115
2026-05-02 01:31:34,133 [Trainer] :: Updated latest checkpoint at epoch 58
2026-05-02 01:31:34,133 [Trainer] :: No validation IoU improvement for 35 epoch(s)
2026-05-02 01:31:34,133 [Trainer] :: Starting epoch 59
2026-05-02 01:33:56,580 [Trainer] :: Completed epoch 59: train_loss=0.083428 train_iou=0.912321 val_loss=0.276275 val_iou=0.652240 lr=0.00009085
2026-05-02 01:33:57,149 [Trainer] :: Updated latest checkpoint at epoch 59
2026-05-02 01:33:57,149 [Trainer] :: No validation IoU improvement for 36 epoch(s)
2026-05-02 01:33:57,149 [Trainer] :: Starting epoch 60
2026-05-02 01:36:22,917 [Trainer] :: Completed epoch 60: train_loss=0.082226 train_iou=0.913120 val_loss=0.271467 val_iou=0.642767 lr=0.00009055
2026-05-02 01:36:23,228 [Trainer] :: Updated latest checkpoint at epoch 60
2026-05-02 01:36:23,228 [Trainer] :: No validation IoU improvement for 37 epoch(s)
2026-05-02 01:36:23,228 [Trainer] :: Starting epoch 61
2026-05-02 01:38:44,748 [Trainer] :: Completed epoch 61: train_loss=0.081649 train_iou=0.914243 val_loss=0.292960 val_iou=0.633240 lr=0.00009024
2026-05-02 01:38:45,066 [Trainer] :: Updated latest checkpoint at epoch 61
2026-05-02 01:38:45,066 [Trainer] :: No validation IoU improvement for 38 epoch(s)
2026-05-02 01:38:45,066 [Trainer] :: Starting epoch 62
2026-05-02 01:41:04,883 [Trainer] :: Completed epoch 62: train_loss=0.082146 train_iou=0.914420 val_loss=0.273668 val_iou=0.647086 lr=0.00008993
2026-05-02 01:41:05,135 [Trainer] :: Updated latest checkpoint at epoch 62
2026-05-02 01:41:05,135 [Trainer] :: No validation IoU improvement for 39 epoch(s)
2026-05-02 01:41:05,135 [Trainer] :: Starting epoch 63
2026-05-02 01:43:21,954 [Trainer] :: Completed epoch 63: train_loss=0.080939 train_iou=0.915143 val_loss=0.272447 val_iou=0.651053 lr=0.00008961
2026-05-02 01:43:22,211 [Trainer] :: Updated latest checkpoint at epoch 63
2026-05-02 01:43:22,212 [Trainer] :: No validation IoU improvement for 40 epoch(s)
2026-05-02 01:43:22,212 [Trainer] :: Starting epoch 64
2026-05-02 01:45:35,962 [Trainer] :: Completed epoch 64: train_loss=0.080158 train_iou=0.915418 val_loss=0.280756 val_iou=0.649062 lr=0.00008929
2026-05-02 01:45:36,194 [Trainer] :: Updated latest checkpoint at epoch 64
2026-05-02 01:45:36,194 [Trainer] :: No validation IoU improvement for 41 epoch(s)
2026-05-02 01:45:36,194 [Trainer] :: Starting epoch 65
2026-05-02 01:47:50,255 [Trainer] :: Completed epoch 65: train_loss=0.079197 train_iou=0.916853 val_loss=0.281755 val_iou=0.651065 lr=0.00008897
2026-05-02 01:47:50,486 [Trainer] :: Updated latest checkpoint at epoch 65
2026-05-02 01:47:50,486 [Trainer] :: No validation IoU improvement for 42 epoch(s)
2026-05-02 01:47:50,486 [Trainer] :: Starting epoch 66
2026-05-02 01:50:02,773 [Trainer] :: Completed epoch 66: train_loss=0.079972 train_iou=0.914642 val_loss=0.276165 val_iou=0.648822 lr=0.00008864
2026-05-02 01:50:03,067 [Trainer] :: Updated latest checkpoint at epoch 66
2026-05-02 01:50:03,067 [Trainer] :: No validation IoU improvement for 43 epoch(s)
2026-05-02 01:50:03,067 [Trainer] :: Starting epoch 67
2026-05-02 01:52:14,555 [Trainer] :: Completed epoch 67: train_loss=0.077473 train_iou=0.918462 val_loss=0.306011 val_iou=0.621587 lr=0.00008831
2026-05-02 01:52:14,781 [Trainer] :: Updated latest checkpoint at epoch 67
2026-05-02 01:52:14,781 [Trainer] :: No validation IoU improvement for 44 epoch(s)
2026-05-02 01:52:14,781 [Trainer] :: Starting epoch 68
2026-05-02 01:54:31,925 [Trainer] :: Completed epoch 68: train_loss=0.077274 train_iou=0.917562 val_loss=0.288641 val_iou=0.634797 lr=0.00008797
2026-05-02 01:54:32,164 [Trainer] :: Updated latest checkpoint at epoch 68
2026-05-02 01:54:32,164 [Trainer] :: No validation IoU improvement for 45 epoch(s)
2026-05-02 01:54:32,164 [Trainer] :: Starting epoch 69
2026-05-02 01:56:46,962 [Trainer] :: Completed epoch 69: train_loss=0.076859 train_iou=0.918609 val_loss=0.277433 val_iou=0.654277 lr=0.00008763
2026-05-02 01:56:47,211 [Trainer] :: Updated latest checkpoint at epoch 69
2026-05-02 01:56:47,211 [Trainer] :: No validation IoU improvement for 46 epoch(s)
2026-05-02 01:56:47,211 [Trainer] :: Starting epoch 70
2026-05-02 01:59:03,741 [Trainer] :: Completed epoch 70: train_loss=0.075270 train_iou=0.921245 val_loss=0.271155 val_iou=0.651741 lr=0.00008729
2026-05-02 01:59:04,007 [Trainer] :: Updated latest checkpoint at epoch 70
2026-05-02 01:59:04,007 [Trainer] :: No validation IoU improvement for 47 epoch(s)
2026-05-02 01:59:04,008 [Trainer] :: Starting epoch 71
2026-05-02 02:01:17,918 [Trainer] :: Completed epoch 71: train_loss=0.074422 train_iou=0.921965 val_loss=0.272988 val_iou=0.654555 lr=0.00008694
2026-05-02 02:01:18,164 [Trainer] :: Updated latest checkpoint at epoch 71
2026-05-02 02:01:18,164 [Trainer] :: No validation IoU improvement for 48 epoch(s)
2026-05-02 02:01:18,164 [Trainer] :: Starting epoch 72
2026-05-02 02:03:33,136 [Trainer] :: Completed epoch 72: train_loss=0.074265 train_iou=0.921060 val_loss=0.274337 val_iou=0.653263 lr=0.00008658
2026-05-02 02:03:33,406 [Trainer] :: Updated latest checkpoint at epoch 72
2026-05-02 02:03:33,406 [Trainer] :: No validation IoU improvement for 49 epoch(s)
2026-05-02 02:03:33,406 [Trainer] :: Starting epoch 73
2026-05-02 02:05:51,674 [Trainer] :: Completed epoch 73: train_loss=0.074782 train_iou=0.921619 val_loss=0.298527 val_iou=0.631622 lr=0.00008623
2026-05-02 02:05:51,905 [Trainer] :: Updated latest checkpoint at epoch 73
2026-05-02 02:05:51,905 [Trainer] :: No validation IoU improvement for 50 epoch(s)
2026-05-02 02:05:51,905 [Trainer] :: Starting epoch 74
2026-05-02 02:08:06,035 [Trainer] :: Completed epoch 74: train_loss=0.075134 train_iou=0.920045 val_loss=0.274242 val_iou=0.653647 lr=0.00008587
2026-05-02 02:08:06,273 [Trainer] :: Updated latest checkpoint at epoch 74
2026-05-02 02:08:06,273 [Trainer] :: No validation IoU improvement for 51 epoch(s)
2026-05-02 02:08:06,273 [Trainer] :: Starting epoch 75
2026-05-02 02:10:21,319 [Trainer] :: Completed epoch 75: train_loss=0.071572 train_iou=0.924187 val_loss=0.287663 val_iou=0.652228 lr=0.00008550
2026-05-02 02:10:21,583 [Trainer] :: Updated latest checkpoint at epoch 75
2026-05-02 02:10:21,583 [Trainer] :: No validation IoU improvement for 52 epoch(s)
2026-05-02 02:10:21,583 [Trainer] :: Starting epoch 76
2026-05-02 02:12:40,121 [Trainer] :: Completed epoch 76: train_loss=0.070192 train_iou=0.925051 val_loss=0.288721 val_iou=0.648832 lr=0.00008513
2026-05-02 02:12:40,365 [Trainer] :: Updated latest checkpoint at epoch 76
2026-05-02 02:12:40,365 [Trainer] :: No validation IoU improvement for 53 epoch(s)
2026-05-02 02:12:40,365 [Trainer] :: Starting epoch 77
2026-05-02 02:14:55,717 [Trainer] :: Completed epoch 77: train_loss=0.071213 train_iou=0.925502 val_loss=0.290018 val_iou=0.650765 lr=0.00008476
2026-05-02 02:14:55,954 [Trainer] :: Updated latest checkpoint at epoch 77
2026-05-02 02:14:55,954 [Trainer] :: No validation IoU improvement for 54 epoch(s)
2026-05-02 02:14:55,954 [Trainer] :: Starting epoch 78
2026-05-02 02:17:08,878 [Trainer] :: Completed epoch 78: train_loss=0.072564 train_iou=0.923885 val_loss=0.286432 val_iou=0.647957 lr=0.00008439
2026-05-02 02:17:09,138 [Trainer] :: Updated latest checkpoint at epoch 78
2026-05-02 02:17:09,138 [Trainer] :: No validation IoU improvement for 55 epoch(s)
2026-05-02 02:17:09,138 [Trainer] :: Starting epoch 79
2026-05-02 02:19:31,236 [Trainer] :: Completed epoch 79: train_loss=0.070727 train_iou=0.925422 val_loss=0.300303 val_iou=0.634938 lr=0.00008401
2026-05-02 02:19:31,556 [Trainer] :: Updated latest checkpoint at epoch 79
2026-05-02 02:19:31,557 [Trainer] :: No validation IoU improvement for 56 epoch(s)
2026-05-02 02:19:31,557 [Trainer] :: Starting epoch 80
2026-05-02 02:22:00,099 [Trainer] :: Completed epoch 80: train_loss=0.069050 train_iou=0.927072 val_loss=0.296849 val_iou=0.631375 lr=0.00008362
2026-05-02 02:22:00,376 [Trainer] :: Updated latest checkpoint at epoch 80
2026-05-02 02:22:00,376 [Trainer] :: No validation IoU improvement for 57 epoch(s)
2026-05-02 02:22:00,376 [Trainer] :: Starting epoch 81
2026-05-02 02:24:12,346 [Trainer] :: Completed epoch 81: train_loss=0.070177 train_iou=0.925154 val_loss=0.287528 val_iou=0.649806 lr=0.00008323
2026-05-02 02:24:12,564 [Trainer] :: Updated latest checkpoint at epoch 81
2026-05-02 02:24:12,565 [Trainer] :: No validation IoU improvement for 58 epoch(s)
2026-05-02 02:24:12,565 [Trainer] :: Starting epoch 82
2026-05-02 02:26:23,545 [Trainer] :: Completed epoch 82: train_loss=0.070336 train_iou=0.924344 val_loss=0.282682 val_iou=0.642213 lr=0.00008284
2026-05-02 02:26:23,763 [Trainer] :: Updated latest checkpoint at epoch 82
2026-05-02 02:26:23,763 [Trainer] :: No validation IoU improvement for 59 epoch(s)
2026-05-02 02:26:23,763 [Trainer] :: Starting epoch 83
2026-05-02 02:28:39,194 [Trainer] :: Completed epoch 83: train_loss=0.069487 train_iou=0.926050 val_loss=0.274230 val_iou=0.659424 lr=0.00008245
2026-05-02 02:28:39,476 [Trainer] :: Updated latest checkpoint at epoch 83
2026-05-02 02:28:39,477 [Trainer] :: No validation IoU improvement for 60 epoch(s)
2026-05-02 02:28:39,477 [Trainer] :: Early stopping triggered after 60 epoch(s) without improvement
2026-05-02 02:31:36,035 [Trainer] :: Wrote training history to outputs/runs/rgb_segformer_b1_seed42_20260501T211347Z/metrics/history.json
2026-05-02 02:31:36,133 [Trainer] :: Wrote test summary to outputs/runs/rgb_segformer_b1_seed42_20260501T211347Z/metrics/test_summary.json
2026-05-02 02:31:36,133 [Trainer] :: Training completed
