2026-05-08 12:14:00,059 [Trainer] :: Training run initialized at /ceph/home/student.aau.dk/qd36zu/fuzzy-p10/tbd/masking/outputs/runs/real_msi_segformer_b1_fuzzy_halo_seed48_20260508T101359Z
2026-05-08 12:14:00,059 [Trainer] :: Loaded config from /ceph/home/student.aau.dk/qd36zu/fuzzy-p10/tbd/masking/configs/fuzzy/real_msi_segformer_b1.yaml
2026-05-08 12:14:00,060 [Trainer] :: Using seed=48 and device=None
2026-05-08 12:14:00,060 [Trainer] :: Using model architecture=Segformer encoder=mit_b1 encoder_weights=imagenet
2026-05-08 12:14:00,278 [Trainer] :: Resolved runtime device to cuda
2026-05-08 12:14:00,278 [Trainer] :: Prepared normalization from source=train_split_patch_stats
2026-05-08 12:14:06,427 [Trainer] :: Built dataloaders with batch_size=16, num_workers=0
2026-05-08 12:14:06,428 [Trainer] :: Starting epoch 1
2026-05-08 12:18:59,756 [Trainer] :: Completed epoch 1: train_loss=0.359883 train_iou=0.699729 val_loss=0.347730 val_iou=0.587408 lr=0.00010000
2026-05-08 12:19:00,182 [Trainer] :: Updated latest checkpoint at epoch 1
2026-05-08 12:19:00,515 [Trainer] :: New best checkpoint saved with val_iou=0.587408
2026-05-08 12:19:00,515 [Trainer] :: Starting epoch 2
2026-05-08 12:24:27,716 [Trainer] :: Completed epoch 2: train_loss=0.283035 train_iou=0.762661 val_loss=0.334613 val_iou=0.569048 lr=0.00009999
2026-05-08 12:24:28,380 [Trainer] :: Updated latest checkpoint at epoch 2
2026-05-08 12:24:28,380 [Trainer] :: No validation IoU improvement for 1 epoch(s)
2026-05-08 12:24:28,380 [Trainer] :: Starting epoch 3
2026-05-08 12:30:15,934 [Trainer] :: Completed epoch 3: train_loss=0.254726 train_iou=0.788363 val_loss=0.311413 val_iou=0.623100 lr=0.00009998
2026-05-08 12:30:16,513 [Trainer] :: Updated latest checkpoint at epoch 3
2026-05-08 12:30:16,928 [Trainer] :: New best checkpoint saved with val_iou=0.623100
2026-05-08 12:30:16,929 [Trainer] :: Starting epoch 4
2026-05-08 12:35:06,895 [Trainer] :: Completed epoch 4: train_loss=0.254744 train_iou=0.787290 val_loss=0.307932 val_iou=0.626085 lr=0.00009996
2026-05-08 12:35:07,132 [Trainer] :: Updated latest checkpoint at epoch 4
2026-05-08 12:35:07,835 [Trainer] :: New best checkpoint saved with val_iou=0.626085
2026-05-08 12:35:07,835 [Trainer] :: Starting epoch 5
2026-05-08 12:40:20,249 [Trainer] :: Completed epoch 5: train_loss=0.234751 train_iou=0.805493 val_loss=0.285694 val_iou=0.628265 lr=0.00009993
2026-05-08 12:40:20,690 [Trainer] :: Updated latest checkpoint at epoch 5
2026-05-08 12:40:21,093 [Trainer] :: New best checkpoint saved with val_iou=0.628265
2026-05-08 12:40:21,093 [Trainer] :: Starting epoch 6
2026-05-08 12:45:30,313 [Trainer] :: Completed epoch 6: train_loss=0.230521 train_iou=0.807327 val_loss=0.308645 val_iou=0.624393 lr=0.00009990
2026-05-08 12:45:30,656 [Trainer] :: Updated latest checkpoint at epoch 6
2026-05-08 12:45:30,656 [Trainer] :: No validation IoU improvement for 1 epoch(s)
2026-05-08 12:45:30,656 [Trainer] :: Starting epoch 7
2026-05-08 12:50:52,598 [Trainer] :: Completed epoch 7: train_loss=0.220996 train_iou=0.815706 val_loss=0.326237 val_iou=0.621746 lr=0.00009987
2026-05-08 12:50:53,054 [Trainer] :: Updated latest checkpoint at epoch 7
2026-05-08 12:50:53,054 [Trainer] :: No validation IoU improvement for 2 epoch(s)
2026-05-08 12:50:53,054 [Trainer] :: Starting epoch 8
2026-05-08 12:54:56,292 [Trainer] :: Completed epoch 8: train_loss=0.214864 train_iou=0.820797 val_loss=0.310251 val_iou=0.573894 lr=0.00009983
2026-05-08 12:54:57,573 [Trainer] :: Updated latest checkpoint at epoch 8
2026-05-08 12:54:57,573 [Trainer] :: No validation IoU improvement for 3 epoch(s)
2026-05-08 12:54:57,573 [Trainer] :: Starting epoch 9
2026-05-08 13:00:01,876 [Trainer] :: Completed epoch 9: train_loss=0.215870 train_iou=0.818458 val_loss=0.298024 val_iou=0.615420 lr=0.00009978
2026-05-08 13:00:02,293 [Trainer] :: Updated latest checkpoint at epoch 9
2026-05-08 13:00:02,293 [Trainer] :: No validation IoU improvement for 4 epoch(s)
2026-05-08 13:00:02,293 [Trainer] :: Starting epoch 10
2026-05-08 13:04:59,202 [Trainer] :: Completed epoch 10: train_loss=0.202625 train_iou=0.829575 val_loss=0.287750 val_iou=0.656189 lr=0.00009973
2026-05-08 13:04:59,405 [Trainer] :: Updated latest checkpoint at epoch 10
2026-05-08 13:04:59,666 [Trainer] :: New best checkpoint saved with val_iou=0.656189
2026-05-08 13:04:59,667 [Trainer] :: Starting epoch 11
2026-05-08 13:09:43,859 [Trainer] :: Completed epoch 11: train_loss=0.199750 train_iou=0.829227 val_loss=0.287723 val_iou=0.637647 lr=0.00009967
2026-05-08 13:09:44,306 [Trainer] :: Updated latest checkpoint at epoch 11
2026-05-08 13:09:44,306 [Trainer] :: No validation IoU improvement for 1 epoch(s)
2026-05-08 13:09:44,306 [Trainer] :: Starting epoch 12
2026-05-08 13:13:24,856 [Trainer] :: Completed epoch 12: train_loss=0.192295 train_iou=0.833303 val_loss=0.287442 val_iou=0.622400 lr=0.00009961
2026-05-08 13:13:25,082 [Trainer] :: Updated latest checkpoint at epoch 12
2026-05-08 13:13:25,082 [Trainer] :: No validation IoU improvement for 2 epoch(s)
2026-05-08 13:13:25,082 [Trainer] :: Starting epoch 13
2026-05-08 13:17:05,293 [Trainer] :: Completed epoch 13: train_loss=0.186205 train_iou=0.836708 val_loss=0.284205 val_iou=0.611741 lr=0.00009954
2026-05-08 13:17:06,436 [Trainer] :: Updated latest checkpoint at epoch 13
2026-05-08 13:17:06,436 [Trainer] :: No validation IoU improvement for 3 epoch(s)
2026-05-08 13:17:06,436 [Trainer] :: Starting epoch 14
2026-05-08 13:20:47,614 [Trainer] :: Completed epoch 14: train_loss=0.182732 train_iou=0.837944 val_loss=0.291630 val_iou=0.639316 lr=0.00009947
2026-05-08 13:20:48,273 [Trainer] :: Updated latest checkpoint at epoch 14
2026-05-08 13:20:48,273 [Trainer] :: No validation IoU improvement for 4 epoch(s)
2026-05-08 13:20:48,273 [Trainer] :: Starting epoch 15
2026-05-08 13:24:29,118 [Trainer] :: Completed epoch 15: train_loss=0.176701 train_iou=0.843059 val_loss=0.276061 val_iou=0.652396 lr=0.00009939
2026-05-08 13:24:29,361 [Trainer] :: Updated latest checkpoint at epoch 15
2026-05-08 13:24:29,362 [Trainer] :: No validation IoU improvement for 5 epoch(s)
2026-05-08 13:24:29,362 [Trainer] :: Starting epoch 16
2026-05-08 13:28:10,378 [Trainer] :: Completed epoch 16: train_loss=0.167776 train_iou=0.846696 val_loss=0.309800 val_iou=0.595880 lr=0.00009931
2026-05-08 13:28:10,760 [Trainer] :: Updated latest checkpoint at epoch 16
2026-05-08 13:28:10,761 [Trainer] :: No validation IoU improvement for 6 epoch(s)
2026-05-08 13:28:10,761 [Trainer] :: Starting epoch 17
2026-05-08 13:31:50,949 [Trainer] :: Completed epoch 17: train_loss=0.163976 train_iou=0.847481 val_loss=0.318478 val_iou=0.578182 lr=0.00009922
2026-05-08 13:31:51,148 [Trainer] :: Updated latest checkpoint at epoch 17
2026-05-08 13:31:51,148 [Trainer] :: No validation IoU improvement for 7 epoch(s)
2026-05-08 13:31:51,148 [Trainer] :: Starting epoch 18
2026-05-08 13:35:37,078 [Trainer] :: Completed epoch 18: train_loss=0.171460 train_iou=0.839977 val_loss=0.294112 val_iou=0.627828 lr=0.00009912
2026-05-08 13:35:37,425 [Trainer] :: Updated latest checkpoint at epoch 18
2026-05-08 13:35:37,425 [Trainer] :: No validation IoU improvement for 8 epoch(s)
2026-05-08 13:35:37,425 [Trainer] :: Starting epoch 19
2026-05-08 13:39:28,255 [Trainer] :: Completed epoch 19: train_loss=0.162765 train_iou=0.851267 val_loss=0.288126 val_iou=0.625129 lr=0.00009902
2026-05-08 13:39:28,545 [Trainer] :: Updated latest checkpoint at epoch 19
2026-05-08 13:39:28,545 [Trainer] :: No validation IoU improvement for 9 epoch(s)
2026-05-08 13:39:28,545 [Trainer] :: Starting epoch 20
2026-05-08 13:44:00,306 [Trainer] :: Completed epoch 20: train_loss=0.158966 train_iou=0.854416 val_loss=0.282468 val_iou=0.649194 lr=0.00009892
2026-05-08 13:44:00,659 [Trainer] :: Updated latest checkpoint at epoch 20
2026-05-08 13:44:00,659 [Trainer] :: No validation IoU improvement for 10 epoch(s)
2026-05-08 13:44:00,659 [Trainer] :: Starting epoch 21
2026-05-08 13:48:42,556 [Trainer] :: Completed epoch 21: train_loss=0.156353 train_iou=0.853764 val_loss=0.295077 val_iou=0.612231 lr=0.00009881
2026-05-08 13:48:43,093 [Trainer] :: Updated latest checkpoint at epoch 21
2026-05-08 13:48:43,094 [Trainer] :: No validation IoU improvement for 11 epoch(s)
2026-05-08 13:48:43,094 [Trainer] :: Starting epoch 22
2026-05-08 13:52:35,440 [Trainer] :: Completed epoch 22: train_loss=0.151830 train_iou=0.859955 val_loss=0.273577 val_iou=0.640234 lr=0.00009869
2026-05-08 13:52:35,673 [Trainer] :: Updated latest checkpoint at epoch 22
2026-05-08 13:52:35,673 [Trainer] :: No validation IoU improvement for 12 epoch(s)
2026-05-08 13:52:35,673 [Trainer] :: Starting epoch 23
2026-05-08 13:56:38,253 [Trainer] :: Completed epoch 23: train_loss=0.147754 train_iou=0.863231 val_loss=0.306372 val_iou=0.639273 lr=0.00009857
2026-05-08 13:56:38,489 [Trainer] :: Updated latest checkpoint at epoch 23
2026-05-08 13:56:38,489 [Trainer] :: No validation IoU improvement for 13 epoch(s)
2026-05-08 13:56:38,489 [Trainer] :: Starting epoch 24
2026-05-08 14:00:30,026 [Trainer] :: Completed epoch 24: train_loss=0.148486 train_iou=0.859994 val_loss=0.317695 val_iou=0.606933 lr=0.00009844
2026-05-08 14:00:31,340 [Trainer] :: Updated latest checkpoint at epoch 24
2026-05-08 14:00:31,340 [Trainer] :: No validation IoU improvement for 14 epoch(s)
2026-05-08 14:00:31,340 [Trainer] :: Starting epoch 25
2026-05-08 14:04:35,768 [Trainer] :: Completed epoch 25: train_loss=0.145774 train_iou=0.866180 val_loss=0.289128 val_iou=0.641904 lr=0.00009831
2026-05-08 14:04:36,012 [Trainer] :: Updated latest checkpoint at epoch 25
2026-05-08 14:04:36,012 [Trainer] :: No validation IoU improvement for 15 epoch(s)
2026-05-08 14:04:36,012 [Trainer] :: Starting epoch 26
2026-05-08 14:08:31,241 [Trainer] :: Completed epoch 26: train_loss=0.148623 train_iou=0.861203 val_loss=0.295234 val_iou=0.649587 lr=0.00009818
2026-05-08 14:08:31,790 [Trainer] :: Updated latest checkpoint at epoch 26
2026-05-08 14:08:31,790 [Trainer] :: No validation IoU improvement for 16 epoch(s)
2026-05-08 14:08:31,790 [Trainer] :: Starting epoch 27
2026-05-08 14:12:33,638 [Trainer] :: Completed epoch 27: train_loss=0.140964 train_iou=0.865384 val_loss=0.294587 val_iou=0.627837 lr=0.00009803
2026-05-08 14:12:34,336 [Trainer] :: Updated latest checkpoint at epoch 27
2026-05-08 14:12:34,336 [Trainer] :: No validation IoU improvement for 17 epoch(s)
2026-05-08 14:12:34,336 [Trainer] :: Starting epoch 28
2026-05-08 14:16:21,417 [Trainer] :: Completed epoch 28: train_loss=0.146725 train_iou=0.862982 val_loss=0.308488 val_iou=0.653358 lr=0.00009789
2026-05-08 14:16:21,729 [Trainer] :: Updated latest checkpoint at epoch 28
2026-05-08 14:16:21,730 [Trainer] :: No validation IoU improvement for 18 epoch(s)
2026-05-08 14:16:21,730 [Trainer] :: Starting epoch 29
2026-05-08 14:21:49,541 [Trainer] :: Completed epoch 29: train_loss=0.137108 train_iou=0.871064 val_loss=0.291390 val_iou=0.637249 lr=0.00009773
2026-05-08 14:21:50,363 [Trainer] :: Updated latest checkpoint at epoch 29
2026-05-08 14:21:50,363 [Trainer] :: No validation IoU improvement for 19 epoch(s)
2026-05-08 14:21:50,363 [Trainer] :: Starting epoch 30
2026-05-08 14:28:04,487 [Trainer] :: Completed epoch 30: train_loss=0.134845 train_iou=0.871973 val_loss=0.343952 val_iou=0.626771 lr=0.00009758
2026-05-08 14:28:04,780 [Trainer] :: Updated latest checkpoint at epoch 30
2026-05-08 14:28:04,781 [Trainer] :: No validation IoU improvement for 20 epoch(s)
2026-05-08 14:28:04,781 [Trainer] :: Starting epoch 31
2026-05-08 14:32:47,105 [Trainer] :: Completed epoch 31: train_loss=0.136653 train_iou=0.867705 val_loss=0.296268 val_iou=0.639077 lr=0.00009741
2026-05-08 14:32:47,392 [Trainer] :: Updated latest checkpoint at epoch 31
2026-05-08 14:32:47,392 [Trainer] :: No validation IoU improvement for 21 epoch(s)
2026-05-08 14:32:47,392 [Trainer] :: Starting epoch 32
2026-05-08 14:37:30,195 [Trainer] :: Completed epoch 32: train_loss=0.129021 train_iou=0.875915 val_loss=0.323635 val_iou=0.644069 lr=0.00009725
2026-05-08 14:37:30,921 [Trainer] :: Updated latest checkpoint at epoch 32
2026-05-08 14:37:30,921 [Trainer] :: No validation IoU improvement for 22 epoch(s)
2026-05-08 14:37:30,921 [Trainer] :: Starting epoch 33
2026-05-08 14:42:14,594 [Trainer] :: Completed epoch 33: train_loss=0.127090 train_iou=0.880166 val_loss=0.302216 val_iou=0.624382 lr=0.00009707
2026-05-08 14:42:15,014 [Trainer] :: Updated latest checkpoint at epoch 33
2026-05-08 14:42:15,014 [Trainer] :: No validation IoU improvement for 23 epoch(s)
2026-05-08 14:42:15,014 [Trainer] :: Starting epoch 34
2026-05-08 14:46:56,269 [Trainer] :: Completed epoch 34: train_loss=0.126357 train_iou=0.880122 val_loss=0.309527 val_iou=0.625547 lr=0.00009690
2026-05-08 14:46:56,967 [Trainer] :: Updated latest checkpoint at epoch 34
2026-05-08 14:46:56,968 [Trainer] :: No validation IoU improvement for 24 epoch(s)
2026-05-08 14:46:56,968 [Trainer] :: Starting epoch 35
2026-05-08 14:51:41,207 [Trainer] :: Completed epoch 35: train_loss=0.122936 train_iou=0.882419 val_loss=0.304385 val_iou=0.611070 lr=0.00009671
2026-05-08 14:51:41,830 [Trainer] :: Updated latest checkpoint at epoch 35
2026-05-08 14:51:41,830 [Trainer] :: No validation IoU improvement for 25 epoch(s)
2026-05-08 14:51:41,831 [Trainer] :: Starting epoch 36
2026-05-08 14:56:23,990 [Trainer] :: Completed epoch 36: train_loss=0.121919 train_iou=0.883774 val_loss=0.303976 val_iou=0.622951 lr=0.00009652
2026-05-08 14:56:24,255 [Trainer] :: Updated latest checkpoint at epoch 36
2026-05-08 14:56:24,256 [Trainer] :: No validation IoU improvement for 26 epoch(s)
2026-05-08 14:56:24,256 [Trainer] :: Starting epoch 37
2026-05-08 15:01:10,219 [Trainer] :: Completed epoch 37: train_loss=0.123332 train_iou=0.880688 val_loss=0.300544 val_iou=0.607203 lr=0.00009633
2026-05-08 15:01:10,467 [Trainer] :: Updated latest checkpoint at epoch 37
2026-05-08 15:01:10,468 [Trainer] :: No validation IoU improvement for 27 epoch(s)
2026-05-08 15:01:10,468 [Trainer] :: Starting epoch 38
2026-05-08 15:06:03,049 [Trainer] :: Completed epoch 38: train_loss=0.121989 train_iou=0.886282 val_loss=0.325427 val_iou=0.577707 lr=0.00009613
2026-05-08 15:06:03,298 [Trainer] :: Updated latest checkpoint at epoch 38
2026-05-08 15:06:03,298 [Trainer] :: No validation IoU improvement for 28 epoch(s)
2026-05-08 15:06:03,298 [Trainer] :: Starting epoch 39
2026-05-08 15:11:16,882 [Trainer] :: Completed epoch 39: train_loss=0.116705 train_iou=0.887171 val_loss=0.316311 val_iou=0.610960 lr=0.00009593
2026-05-08 15:11:17,213 [Trainer] :: Updated latest checkpoint at epoch 39
2026-05-08 15:11:17,214 [Trainer] :: No validation IoU improvement for 29 epoch(s)
2026-05-08 15:11:17,214 [Trainer] :: Starting epoch 40
2026-05-08 15:17:02,221 [Trainer] :: Completed epoch 40: train_loss=0.114034 train_iou=0.890097 val_loss=0.329785 val_iou=0.633017 lr=0.00009572
2026-05-08 15:17:02,475 [Trainer] :: Updated latest checkpoint at epoch 40
2026-05-08 15:17:02,475 [Trainer] :: No validation IoU improvement for 30 epoch(s)
2026-05-08 15:17:02,475 [Trainer] :: Starting epoch 41
2026-05-08 15:23:41,757 [Trainer] :: Completed epoch 41: train_loss=0.117715 train_iou=0.886954 val_loss=0.319926 val_iou=0.624501 lr=0.00009551
2026-05-08 15:23:42,162 [Trainer] :: Updated latest checkpoint at epoch 41
2026-05-08 15:23:42,162 [Trainer] :: No validation IoU improvement for 31 epoch(s)
2026-05-08 15:23:42,162 [Trainer] :: Starting epoch 42
2026-05-08 15:30:15,989 [Trainer] :: Completed epoch 42: train_loss=0.110936 train_iou=0.891955 val_loss=0.331425 val_iou=0.616469 lr=0.00009529
2026-05-08 15:30:16,344 [Trainer] :: Updated latest checkpoint at epoch 42
2026-05-08 15:30:16,344 [Trainer] :: No validation IoU improvement for 32 epoch(s)
2026-05-08 15:30:16,344 [Trainer] :: Starting epoch 43
2026-05-08 15:36:15,423 [Trainer] :: Completed epoch 43: train_loss=0.113881 train_iou=0.891229 val_loss=0.313911 val_iou=0.612956 lr=0.00009507
2026-05-08 15:36:15,696 [Trainer] :: Updated latest checkpoint at epoch 43
2026-05-08 15:36:15,696 [Trainer] :: No validation IoU improvement for 33 epoch(s)
2026-05-08 15:36:15,696 [Trainer] :: Starting epoch 44
2026-05-08 15:42:19,584 [Trainer] :: Completed epoch 44: train_loss=0.111891 train_iou=0.891654 val_loss=0.305337 val_iou=0.617436 lr=0.00009484
2026-05-08 15:42:20,030 [Trainer] :: Updated latest checkpoint at epoch 44
2026-05-08 15:42:20,030 [Trainer] :: No validation IoU improvement for 34 epoch(s)
2026-05-08 15:42:20,031 [Trainer] :: Starting epoch 45
2026-05-08 15:47:55,694 [Trainer] :: Completed epoch 45: train_loss=0.108636 train_iou=0.894991 val_loss=0.303604 val_iou=0.646123 lr=0.00009460
2026-05-08 15:47:55,940 [Trainer] :: Updated latest checkpoint at epoch 45
2026-05-08 15:47:55,940 [Trainer] :: No validation IoU improvement for 35 epoch(s)
2026-05-08 15:47:55,940 [Trainer] :: Starting epoch 46
2026-05-08 15:53:47,207 [Trainer] :: Completed epoch 46: train_loss=0.107671 train_iou=0.898247 val_loss=0.357211 val_iou=0.602915 lr=0.00009437
2026-05-08 15:53:47,499 [Trainer] :: Updated latest checkpoint at epoch 46
2026-05-08 15:53:47,499 [Trainer] :: No validation IoU improvement for 36 epoch(s)
2026-05-08 15:53:47,499 [Trainer] :: Starting epoch 47
2026-05-08 15:59:21,452 [Trainer] :: Completed epoch 47: train_loss=0.106933 train_iou=0.896243 val_loss=0.315379 val_iou=0.644025 lr=0.00009412
2026-05-08 15:59:21,728 [Trainer] :: Updated latest checkpoint at epoch 47
2026-05-08 15:59:21,728 [Trainer] :: No validation IoU improvement for 37 epoch(s)
2026-05-08 15:59:21,728 [Trainer] :: Starting epoch 48
2026-05-08 16:06:42,911 [Trainer] :: Completed epoch 48: train_loss=0.102860 train_iou=0.900777 val_loss=0.316261 val_iou=0.634509 lr=0.00009388
2026-05-08 16:06:43,417 [Trainer] :: Updated latest checkpoint at epoch 48
2026-05-08 16:06:43,417 [Trainer] :: No validation IoU improvement for 38 epoch(s)
2026-05-08 16:06:43,417 [Trainer] :: Starting epoch 49
2026-05-08 16:11:58,179 [Trainer] :: Completed epoch 49: train_loss=0.104118 train_iou=0.900232 val_loss=0.319813 val_iou=0.628240 lr=0.00009363
2026-05-08 16:11:58,462 [Trainer] :: Updated latest checkpoint at epoch 49
2026-05-08 16:11:58,462 [Trainer] :: No validation IoU improvement for 39 epoch(s)
2026-05-08 16:11:58,463 [Trainer] :: Starting epoch 50
2026-05-08 16:16:53,902 [Trainer] :: Completed epoch 50: train_loss=0.104561 train_iou=0.899973 val_loss=0.328329 val_iou=0.626752 lr=0.00009337
2026-05-08 16:16:54,163 [Trainer] :: Updated latest checkpoint at epoch 50
2026-05-08 16:16:54,163 [Trainer] :: No validation IoU improvement for 40 epoch(s)
2026-05-08 16:16:54,163 [Trainer] :: Starting epoch 51
2026-05-08 16:21:58,552 [Trainer] :: Completed epoch 51: train_loss=0.101771 train_iou=0.902681 val_loss=0.312443 val_iou=0.633158 lr=0.00009311
2026-05-08 16:21:58,807 [Trainer] :: Updated latest checkpoint at epoch 51
2026-05-08 16:21:58,807 [Trainer] :: No validation IoU improvement for 41 epoch(s)
2026-05-08 16:21:58,807 [Trainer] :: Starting epoch 52
2026-05-08 16:27:01,676 [Trainer] :: Completed epoch 52: train_loss=0.100217 train_iou=0.904319 val_loss=0.315074 val_iou=0.642534 lr=0.00009284
2026-05-08 16:27:01,936 [Trainer] :: Updated latest checkpoint at epoch 52
2026-05-08 16:27:01,936 [Trainer] :: No validation IoU improvement for 42 epoch(s)
2026-05-08 16:27:01,937 [Trainer] :: Starting epoch 53
2026-05-08 16:32:11,945 [Trainer] :: Completed epoch 53: train_loss=0.100461 train_iou=0.904949 val_loss=0.326657 val_iou=0.639688 lr=0.00009257
2026-05-08 16:32:12,209 [Trainer] :: Updated latest checkpoint at epoch 53
2026-05-08 16:32:12,209 [Trainer] :: No validation IoU improvement for 43 epoch(s)
2026-05-08 16:32:12,209 [Trainer] :: Starting epoch 54
2026-05-08 16:37:24,684 [Trainer] :: Completed epoch 54: train_loss=0.097275 train_iou=0.906046 val_loss=0.310256 val_iou=0.648532 lr=0.00009229
2026-05-08 16:37:24,929 [Trainer] :: Updated latest checkpoint at epoch 54
2026-05-08 16:37:24,929 [Trainer] :: No validation IoU improvement for 44 epoch(s)
2026-05-08 16:37:24,929 [Trainer] :: Starting epoch 55
2026-05-08 16:42:54,762 [Trainer] :: Completed epoch 55: train_loss=0.099093 train_iou=0.905202 val_loss=0.338098 val_iou=0.610849 lr=0.00009201
2026-05-08 16:42:55,019 [Trainer] :: Updated latest checkpoint at epoch 55
2026-05-08 16:42:55,019 [Trainer] :: No validation IoU improvement for 45 epoch(s)
2026-05-08 16:42:55,020 [Trainer] :: Starting epoch 56
2026-05-08 16:48:05,818 [Trainer] :: Completed epoch 56: train_loss=0.095060 train_iou=0.908609 val_loss=0.335737 val_iou=0.645023 lr=0.00009173
2026-05-08 16:48:06,082 [Trainer] :: Updated latest checkpoint at epoch 56
2026-05-08 16:48:06,082 [Trainer] :: No validation IoU improvement for 46 epoch(s)
2026-05-08 16:48:06,083 [Trainer] :: Starting epoch 57
2026-05-08 16:53:18,407 [Trainer] :: Completed epoch 57: train_loss=0.096693 train_iou=0.906790 val_loss=0.341563 val_iou=0.616599 lr=0.00009144
2026-05-08 16:53:18,657 [Trainer] :: Updated latest checkpoint at epoch 57
2026-05-08 16:53:18,657 [Trainer] :: No validation IoU improvement for 47 epoch(s)
2026-05-08 16:53:18,657 [Trainer] :: Starting epoch 58
2026-05-08 16:58:29,835 [Trainer] :: Completed epoch 58: train_loss=0.093347 train_iou=0.910198 val_loss=0.329689 val_iou=0.636853 lr=0.00009115
2026-05-08 16:58:30,570 [Trainer] :: Updated latest checkpoint at epoch 58
2026-05-08 16:58:30,570 [Trainer] :: No validation IoU improvement for 48 epoch(s)
2026-05-08 16:58:30,570 [Trainer] :: Starting epoch 59
2026-05-08 17:03:43,792 [Trainer] :: Completed epoch 59: train_loss=0.093855 train_iou=0.910603 val_loss=0.334117 val_iou=0.621106 lr=0.00009085
2026-05-08 17:03:44,329 [Trainer] :: Updated latest checkpoint at epoch 59
2026-05-08 17:03:44,329 [Trainer] :: No validation IoU improvement for 49 epoch(s)
2026-05-08 17:03:44,329 [Trainer] :: Starting epoch 60
2026-05-08 17:09:23,994 [Trainer] :: Completed epoch 60: train_loss=0.096965 train_iou=0.906075 val_loss=0.326248 val_iou=0.628504 lr=0.00009055
2026-05-08 17:09:24,266 [Trainer] :: Updated latest checkpoint at epoch 60
2026-05-08 17:09:24,267 [Trainer] :: No validation IoU improvement for 50 epoch(s)
2026-05-08 17:09:24,267 [Trainer] :: Starting epoch 61
2026-05-08 17:14:48,164 [Trainer] :: Completed epoch 61: train_loss=0.092699 train_iou=0.910990 val_loss=0.334726 val_iou=0.630974 lr=0.00009024
2026-05-08 17:14:48,428 [Trainer] :: Updated latest checkpoint at epoch 61
2026-05-08 17:14:48,429 [Trainer] :: No validation IoU improvement for 51 epoch(s)
2026-05-08 17:14:48,429 [Trainer] :: Starting epoch 62
2026-05-08 17:20:25,907 [Trainer] :: Completed epoch 62: train_loss=0.091857 train_iou=0.911025 val_loss=0.339835 val_iou=0.608451 lr=0.00008993
2026-05-08 17:20:26,656 [Trainer] :: Updated latest checkpoint at epoch 62
2026-05-08 17:20:26,657 [Trainer] :: No validation IoU improvement for 52 epoch(s)
2026-05-08 17:20:26,657 [Trainer] :: Starting epoch 63
2026-05-08 17:26:19,491 [Trainer] :: Completed epoch 63: train_loss=0.090881 train_iou=0.912707 val_loss=0.326401 val_iou=0.639101 lr=0.00008961
2026-05-08 17:26:19,920 [Trainer] :: Updated latest checkpoint at epoch 63
2026-05-08 17:26:19,920 [Trainer] :: No validation IoU improvement for 53 epoch(s)
2026-05-08 17:26:19,920 [Trainer] :: Starting epoch 64
2026-05-08 17:32:38,838 [Trainer] :: Completed epoch 64: train_loss=0.091458 train_iou=0.911570 val_loss=0.353949 val_iou=0.615148 lr=0.00008929
2026-05-08 17:32:39,146 [Trainer] :: Updated latest checkpoint at epoch 64
2026-05-08 17:32:39,146 [Trainer] :: No validation IoU improvement for 54 epoch(s)
2026-05-08 17:32:39,146 [Trainer] :: Starting epoch 65
2026-05-08 17:38:30,203 [Trainer] :: Completed epoch 65: train_loss=0.091379 train_iou=0.911426 val_loss=0.332370 val_iou=0.635507 lr=0.00008897
2026-05-08 17:38:30,476 [Trainer] :: Updated latest checkpoint at epoch 65
2026-05-08 17:38:30,476 [Trainer] :: No validation IoU improvement for 55 epoch(s)
2026-05-08 17:38:30,476 [Trainer] :: Starting epoch 66
2026-05-08 17:44:56,145 [Trainer] :: Completed epoch 66: train_loss=0.088920 train_iou=0.914101 val_loss=0.323065 val_iou=0.630486 lr=0.00008864
2026-05-08 17:44:56,457 [Trainer] :: Updated latest checkpoint at epoch 66
2026-05-08 17:44:56,457 [Trainer] :: No validation IoU improvement for 56 epoch(s)
2026-05-08 17:44:56,457 [Trainer] :: Starting epoch 67
2026-05-08 17:51:13,554 [Trainer] :: Completed epoch 67: train_loss=0.087078 train_iou=0.915305 val_loss=0.328473 val_iou=0.629757 lr=0.00008831
2026-05-08 17:51:13,824 [Trainer] :: Updated latest checkpoint at epoch 67
2026-05-08 17:51:13,824 [Trainer] :: No validation IoU improvement for 57 epoch(s)
2026-05-08 17:51:13,824 [Trainer] :: Starting epoch 68
2026-05-08 17:58:20,758 [Trainer] :: Completed epoch 68: train_loss=0.088464 train_iou=0.914487 val_loss=0.337484 val_iou=0.627727 lr=0.00008797
2026-05-08 17:58:21,035 [Trainer] :: Updated latest checkpoint at epoch 68
2026-05-08 17:58:21,035 [Trainer] :: No validation IoU improvement for 58 epoch(s)
2026-05-08 17:58:21,035 [Trainer] :: Starting epoch 69
2026-05-08 18:04:09,936 [Trainer] :: Completed epoch 69: train_loss=0.086954 train_iou=0.916760 val_loss=0.335528 val_iou=0.623934 lr=0.00008763
2026-05-08 18:04:10,291 [Trainer] :: Updated latest checkpoint at epoch 69
2026-05-08 18:04:10,291 [Trainer] :: No validation IoU improvement for 59 epoch(s)
2026-05-08 18:04:10,291 [Trainer] :: Starting epoch 70
2026-05-08 18:10:33,743 [Trainer] :: Completed epoch 70: train_loss=0.089822 train_iou=0.912823 val_loss=0.314638 val_iou=0.648959 lr=0.00008729
2026-05-08 18:10:34,142 [Trainer] :: Updated latest checkpoint at epoch 70
2026-05-08 18:10:34,142 [Trainer] :: No validation IoU improvement for 60 epoch(s)
2026-05-08 18:10:34,142 [Trainer] :: Early stopping triggered after 60 epoch(s) without improvement
2026-05-08 18:16:49,291 [Trainer] :: Wrote training history to outputs/runs/real_msi_segformer_b1_fuzzy_halo_seed48_20260508T101359Z/metrics/history.json
2026-05-08 18:16:49,411 [Trainer] :: Wrote test summary to outputs/runs/real_msi_segformer_b1_fuzzy_halo_seed48_20260508T101359Z/metrics/test_summary.json
2026-05-08 18:16:49,412 [Trainer] :: Training completed
