2026-05-05 03:03:02,608 [Trainer] :: Training run initialized at /ceph/home/student.aau.dk/qd36zu/fuzzy-p10/tbd/masking/outputs/runs/rgb_deeplabv3plus_resnet34_fuzzy_halo_seed49_20260505T010302Z
2026-05-05 03:03:02,608 [Trainer] :: Loaded config from /ceph/home/student.aau.dk/qd36zu/fuzzy-p10/tbd/masking/configs/fuzzy/rgb_deeplabv3plus_resnet34.yaml
2026-05-05 03:03:02,608 [Trainer] :: Using seed=49 and device=None
2026-05-05 03:03:02,608 [Trainer] :: Using model architecture=DeepLabV3Plus encoder=resnet34 encoder_weights=imagenet
2026-05-05 03:03:03,370 [Trainer] :: Resolved runtime device to cuda
2026-05-05 03:03:03,371 [Trainer] :: Prepared normalization from source=imagenet
2026-05-05 03:03:09,847 [Trainer] :: Built dataloaders with batch_size=16, num_workers=0
2026-05-05 03:03:09,848 [Trainer] :: Starting epoch 1
2026-05-05 03:08:03,951 [Trainer] :: Completed epoch 1: train_loss=0.391456 train_iou=0.692244 val_loss=0.356282 val_iou=0.538354 lr=0.00010000
2026-05-05 03:08:04,266 [Trainer] :: Updated latest checkpoint at epoch 1
2026-05-05 03:08:04,567 [Trainer] :: New best checkpoint saved with val_iou=0.538354
2026-05-05 03:08:04,567 [Trainer] :: Starting epoch 2
2026-05-05 03:12:54,996 [Trainer] :: Completed epoch 2: train_loss=0.289635 train_iou=0.767230 val_loss=0.378578 val_iou=0.569796 lr=0.00009999
2026-05-05 03:12:55,370 [Trainer] :: Updated latest checkpoint at epoch 2
2026-05-05 03:12:55,708 [Trainer] :: New best checkpoint saved with val_iou=0.569796
2026-05-05 03:12:55,708 [Trainer] :: Starting epoch 3
2026-05-05 03:17:45,291 [Trainer] :: Completed epoch 3: train_loss=0.258092 train_iou=0.794446 val_loss=0.341663 val_iou=0.584186 lr=0.00009998
2026-05-05 03:17:45,649 [Trainer] :: Updated latest checkpoint at epoch 3
2026-05-05 03:17:46,043 [Trainer] :: New best checkpoint saved with val_iou=0.584186
2026-05-05 03:17:46,044 [Trainer] :: Starting epoch 4
2026-05-05 03:22:39,097 [Trainer] :: Completed epoch 4: train_loss=0.241566 train_iou=0.808511 val_loss=0.296301 val_iou=0.614446 lr=0.00009996
2026-05-05 03:22:39,452 [Trainer] :: Updated latest checkpoint at epoch 4
2026-05-05 03:22:39,824 [Trainer] :: New best checkpoint saved with val_iou=0.614446
2026-05-05 03:22:39,824 [Trainer] :: Starting epoch 5
2026-05-05 03:27:41,299 [Trainer] :: Completed epoch 5: train_loss=0.231704 train_iou=0.816132 val_loss=0.315646 val_iou=0.571139 lr=0.00009993
2026-05-05 03:27:41,653 [Trainer] :: Updated latest checkpoint at epoch 5
2026-05-05 03:27:41,653 [Trainer] :: No validation IoU improvement for 1 epoch(s)
2026-05-05 03:27:41,653 [Trainer] :: Starting epoch 6
2026-05-05 03:33:06,182 [Trainer] :: Completed epoch 6: train_loss=0.226021 train_iou=0.818380 val_loss=0.294713 val_iou=0.607210 lr=0.00009990
2026-05-05 03:33:06,529 [Trainer] :: Updated latest checkpoint at epoch 6
2026-05-05 03:33:06,529 [Trainer] :: No validation IoU improvement for 2 epoch(s)
2026-05-05 03:33:06,529 [Trainer] :: Starting epoch 7
2026-05-05 03:38:56,719 [Trainer] :: Completed epoch 7: train_loss=0.220471 train_iou=0.822647 val_loss=0.296570 val_iou=0.586663 lr=0.00009987
2026-05-05 03:38:57,075 [Trainer] :: Updated latest checkpoint at epoch 7
2026-05-05 03:38:57,075 [Trainer] :: No validation IoU improvement for 3 epoch(s)
2026-05-05 03:38:57,076 [Trainer] :: Starting epoch 8
2026-05-05 03:44:00,407 [Trainer] :: Completed epoch 8: train_loss=0.208847 train_iou=0.831299 val_loss=0.316782 val_iou=0.561125 lr=0.00009983
2026-05-05 03:44:00,761 [Trainer] :: Updated latest checkpoint at epoch 8
2026-05-05 03:44:00,761 [Trainer] :: No validation IoU improvement for 4 epoch(s)
2026-05-05 03:44:00,761 [Trainer] :: Starting epoch 9
2026-05-05 03:48:51,789 [Trainer] :: Completed epoch 9: train_loss=0.206389 train_iou=0.830638 val_loss=0.286948 val_iou=0.600062 lr=0.00009978
2026-05-05 03:48:52,139 [Trainer] :: Updated latest checkpoint at epoch 9
2026-05-05 03:48:52,139 [Trainer] :: No validation IoU improvement for 5 epoch(s)
2026-05-05 03:48:52,139 [Trainer] :: Starting epoch 10
2026-05-05 03:53:43,751 [Trainer] :: Completed epoch 10: train_loss=0.196306 train_iou=0.841698 val_loss=0.319186 val_iou=0.626620 lr=0.00009973
2026-05-05 03:53:44,122 [Trainer] :: Updated latest checkpoint at epoch 10
2026-05-05 03:53:44,462 [Trainer] :: New best checkpoint saved with val_iou=0.626620
2026-05-05 03:53:44,462 [Trainer] :: Starting epoch 11
2026-05-05 03:59:07,867 [Trainer] :: Completed epoch 11: train_loss=0.196620 train_iou=0.840803 val_loss=0.300875 val_iou=0.638236 lr=0.00009967
2026-05-05 03:59:08,216 [Trainer] :: Updated latest checkpoint at epoch 11
2026-05-05 03:59:08,552 [Trainer] :: New best checkpoint saved with val_iou=0.638236
2026-05-05 03:59:08,552 [Trainer] :: Starting epoch 12
2026-05-05 04:04:13,077 [Trainer] :: Completed epoch 12: train_loss=0.185088 train_iou=0.850628 val_loss=0.302695 val_iou=0.595164 lr=0.00009961
2026-05-05 04:04:13,435 [Trainer] :: Updated latest checkpoint at epoch 12
2026-05-05 04:04:13,435 [Trainer] :: No validation IoU improvement for 1 epoch(s)
2026-05-05 04:04:13,435 [Trainer] :: Starting epoch 13
2026-05-05 04:09:37,265 [Trainer] :: Completed epoch 13: train_loss=0.182554 train_iou=0.850319 val_loss=0.297523 val_iou=0.614548 lr=0.00009954
2026-05-05 04:09:37,615 [Trainer] :: Updated latest checkpoint at epoch 13
2026-05-05 04:09:37,615 [Trainer] :: No validation IoU improvement for 2 epoch(s)
2026-05-05 04:09:37,615 [Trainer] :: Starting epoch 14
2026-05-05 04:15:03,351 [Trainer] :: Completed epoch 14: train_loss=0.177707 train_iou=0.854455 val_loss=0.317988 val_iou=0.560782 lr=0.00009947
2026-05-05 04:15:03,706 [Trainer] :: Updated latest checkpoint at epoch 14
2026-05-05 04:15:03,707 [Trainer] :: No validation IoU improvement for 3 epoch(s)
2026-05-05 04:15:03,707 [Trainer] :: Starting epoch 15
2026-05-05 04:19:59,799 [Trainer] :: Completed epoch 15: train_loss=0.170695 train_iou=0.859800 val_loss=0.301062 val_iou=0.625082 lr=0.00009939
2026-05-05 04:20:00,155 [Trainer] :: Updated latest checkpoint at epoch 15
2026-05-05 04:20:00,156 [Trainer] :: No validation IoU improvement for 4 epoch(s)
2026-05-05 04:20:00,156 [Trainer] :: Starting epoch 16
2026-05-05 04:24:49,640 [Trainer] :: Completed epoch 16: train_loss=0.165000 train_iou=0.861359 val_loss=0.312693 val_iou=0.584243 lr=0.00009931
2026-05-05 04:24:50,034 [Trainer] :: Updated latest checkpoint at epoch 16
2026-05-05 04:24:50,034 [Trainer] :: No validation IoU improvement for 5 epoch(s)
2026-05-05 04:24:50,034 [Trainer] :: Starting epoch 17
2026-05-05 04:29:41,711 [Trainer] :: Completed epoch 17: train_loss=0.161739 train_iou=0.862405 val_loss=0.313293 val_iou=0.592740 lr=0.00009922
2026-05-05 04:29:42,058 [Trainer] :: Updated latest checkpoint at epoch 17
2026-05-05 04:29:42,059 [Trainer] :: No validation IoU improvement for 6 epoch(s)
2026-05-05 04:29:42,059 [Trainer] :: Starting epoch 18
2026-05-05 04:35:00,478 [Trainer] :: Completed epoch 18: train_loss=0.149765 train_iou=0.867169 val_loss=0.318299 val_iou=0.597298 lr=0.00009912
2026-05-05 04:35:00,840 [Trainer] :: Updated latest checkpoint at epoch 18
2026-05-05 04:35:00,840 [Trainer] :: No validation IoU improvement for 7 epoch(s)
2026-05-05 04:35:00,840 [Trainer] :: Starting epoch 19
2026-05-05 04:40:27,873 [Trainer] :: Completed epoch 19: train_loss=0.150674 train_iou=0.866767 val_loss=0.296881 val_iou=0.633922 lr=0.00009902
2026-05-05 04:40:28,231 [Trainer] :: Updated latest checkpoint at epoch 19
2026-05-05 04:40:28,231 [Trainer] :: No validation IoU improvement for 8 epoch(s)
2026-05-05 04:40:28,231 [Trainer] :: Starting epoch 20
2026-05-05 04:46:03,237 [Trainer] :: Completed epoch 20: train_loss=0.148129 train_iou=0.870661 val_loss=0.333679 val_iou=0.557784 lr=0.00009892
2026-05-05 04:46:03,589 [Trainer] :: Updated latest checkpoint at epoch 20
2026-05-05 04:46:03,589 [Trainer] :: No validation IoU improvement for 9 epoch(s)
2026-05-05 04:46:03,589 [Trainer] :: Starting epoch 21
2026-05-05 04:51:46,874 [Trainer] :: Completed epoch 21: train_loss=0.140223 train_iou=0.872813 val_loss=0.313777 val_iou=0.613367 lr=0.00009881
2026-05-05 04:51:47,257 [Trainer] :: Updated latest checkpoint at epoch 21
2026-05-05 04:51:47,257 [Trainer] :: No validation IoU improvement for 10 epoch(s)
2026-05-05 04:51:47,257 [Trainer] :: Starting epoch 22
2026-05-05 04:57:19,065 [Trainer] :: Completed epoch 22: train_loss=0.139074 train_iou=0.873798 val_loss=0.338852 val_iou=0.572261 lr=0.00009869
2026-05-05 04:57:19,434 [Trainer] :: Updated latest checkpoint at epoch 22
2026-05-05 04:57:19,435 [Trainer] :: No validation IoU improvement for 11 epoch(s)
2026-05-05 04:57:19,435 [Trainer] :: Starting epoch 23
2026-05-05 05:03:00,998 [Trainer] :: Completed epoch 23: train_loss=0.145872 train_iou=0.869281 val_loss=0.310597 val_iou=0.618245 lr=0.00009857
2026-05-05 05:03:01,370 [Trainer] :: Updated latest checkpoint at epoch 23
2026-05-05 05:03:01,370 [Trainer] :: No validation IoU improvement for 12 epoch(s)
2026-05-05 05:03:01,370 [Trainer] :: Starting epoch 24
2026-05-05 05:08:49,263 [Trainer] :: Completed epoch 24: train_loss=0.135068 train_iou=0.877395 val_loss=0.302657 val_iou=0.616446 lr=0.00009844
2026-05-05 05:08:49,617 [Trainer] :: Updated latest checkpoint at epoch 24
2026-05-05 05:08:49,618 [Trainer] :: No validation IoU improvement for 13 epoch(s)
2026-05-05 05:08:49,618 [Trainer] :: Starting epoch 25
2026-05-05 05:14:14,320 [Trainer] :: Completed epoch 25: train_loss=0.132981 train_iou=0.878783 val_loss=0.309237 val_iou=0.626292 lr=0.00009831
2026-05-05 05:14:14,679 [Trainer] :: Updated latest checkpoint at epoch 25
2026-05-05 05:14:14,679 [Trainer] :: No validation IoU improvement for 14 epoch(s)
2026-05-05 05:14:14,679 [Trainer] :: Starting epoch 26
2026-05-05 05:19:26,084 [Trainer] :: Completed epoch 26: train_loss=0.125803 train_iou=0.883099 val_loss=0.341300 val_iou=0.570531 lr=0.00009818
2026-05-05 05:19:26,439 [Trainer] :: Updated latest checkpoint at epoch 26
2026-05-05 05:19:26,439 [Trainer] :: No validation IoU improvement for 15 epoch(s)
2026-05-05 05:19:26,439 [Trainer] :: Starting epoch 27
2026-05-05 05:24:18,611 [Trainer] :: Completed epoch 27: train_loss=0.124294 train_iou=0.888340 val_loss=0.515351 val_iou=0.482627 lr=0.00009803
2026-05-05 05:24:18,965 [Trainer] :: Updated latest checkpoint at epoch 27
2026-05-05 05:24:18,965 [Trainer] :: No validation IoU improvement for 16 epoch(s)
2026-05-05 05:24:18,965 [Trainer] :: Starting epoch 28
2026-05-05 05:29:11,904 [Trainer] :: Completed epoch 28: train_loss=0.122573 train_iou=0.888288 val_loss=0.303264 val_iou=0.615627 lr=0.00009789
2026-05-05 05:29:12,268 [Trainer] :: Updated latest checkpoint at epoch 28
2026-05-05 05:29:12,268 [Trainer] :: No validation IoU improvement for 17 epoch(s)
2026-05-05 05:29:12,268 [Trainer] :: Starting epoch 29
2026-05-05 05:34:27,656 [Trainer] :: Completed epoch 29: train_loss=0.116870 train_iou=0.890215 val_loss=0.312497 val_iou=0.609044 lr=0.00009773
2026-05-05 05:34:28,007 [Trainer] :: Updated latest checkpoint at epoch 29
2026-05-05 05:34:28,008 [Trainer] :: No validation IoU improvement for 18 epoch(s)
2026-05-05 05:34:28,008 [Trainer] :: Starting epoch 30
2026-05-05 05:40:25,461 [Trainer] :: Completed epoch 30: train_loss=0.118168 train_iou=0.889587 val_loss=0.303476 val_iou=0.614062 lr=0.00009758
2026-05-05 05:40:26,087 [Trainer] :: Updated latest checkpoint at epoch 30
2026-05-05 05:40:26,087 [Trainer] :: No validation IoU improvement for 19 epoch(s)
2026-05-05 05:40:26,087 [Trainer] :: Starting epoch 31
2026-05-05 05:45:57,745 [Trainer] :: Completed epoch 31: train_loss=0.117673 train_iou=0.892298 val_loss=0.328073 val_iou=0.573697 lr=0.00009741
2026-05-05 05:45:58,102 [Trainer] :: Updated latest checkpoint at epoch 31
2026-05-05 05:45:58,103 [Trainer] :: No validation IoU improvement for 20 epoch(s)
2026-05-05 05:45:58,103 [Trainer] :: Starting epoch 32
2026-05-05 05:51:34,696 [Trainer] :: Completed epoch 32: train_loss=0.113569 train_iou=0.894642 val_loss=0.389793 val_iou=0.527745 lr=0.00009725
2026-05-05 05:51:35,061 [Trainer] :: Updated latest checkpoint at epoch 32
2026-05-05 05:51:35,061 [Trainer] :: No validation IoU improvement for 21 epoch(s)
2026-05-05 05:51:35,061 [Trainer] :: Starting epoch 33
2026-05-05 05:57:08,419 [Trainer] :: Completed epoch 33: train_loss=0.110978 train_iou=0.895817 val_loss=0.317463 val_iou=0.609549 lr=0.00009707
2026-05-05 05:57:09,010 [Trainer] :: Updated latest checkpoint at epoch 33
2026-05-05 05:57:09,010 [Trainer] :: No validation IoU improvement for 22 epoch(s)
2026-05-05 05:57:09,010 [Trainer] :: Starting epoch 34
2026-05-05 06:02:19,468 [Trainer] :: Completed epoch 34: train_loss=0.107261 train_iou=0.897992 val_loss=0.303519 val_iou=0.631176 lr=0.00009690
2026-05-05 06:02:19,825 [Trainer] :: Updated latest checkpoint at epoch 34
2026-05-05 06:02:19,825 [Trainer] :: No validation IoU improvement for 23 epoch(s)
2026-05-05 06:02:19,825 [Trainer] :: Starting epoch 35
2026-05-05 06:07:12,553 [Trainer] :: Completed epoch 35: train_loss=0.105087 train_iou=0.900564 val_loss=0.300709 val_iou=0.621984 lr=0.00009671
2026-05-05 06:07:12,899 [Trainer] :: Updated latest checkpoint at epoch 35
2026-05-05 06:07:12,900 [Trainer] :: No validation IoU improvement for 24 epoch(s)
2026-05-05 06:07:12,900 [Trainer] :: Starting epoch 36
2026-05-05 06:12:05,225 [Trainer] :: Completed epoch 36: train_loss=0.104840 train_iou=0.901153 val_loss=0.310276 val_iou=0.614529 lr=0.00009652
2026-05-05 06:12:05,715 [Trainer] :: Updated latest checkpoint at epoch 36
2026-05-05 06:12:05,715 [Trainer] :: No validation IoU improvement for 25 epoch(s)
2026-05-05 06:12:05,716 [Trainer] :: Starting epoch 37
2026-05-05 06:16:58,182 [Trainer] :: Completed epoch 37: train_loss=0.103220 train_iou=0.902291 val_loss=0.355821 val_iou=0.582222 lr=0.00009633
2026-05-05 06:16:58,554 [Trainer] :: Updated latest checkpoint at epoch 37
2026-05-05 06:16:58,554 [Trainer] :: No validation IoU improvement for 26 epoch(s)
2026-05-05 06:16:58,554 [Trainer] :: Starting epoch 38
2026-05-05 06:21:58,326 [Trainer] :: Completed epoch 38: train_loss=0.103048 train_iou=0.901699 val_loss=0.311699 val_iou=0.625723 lr=0.00009613
2026-05-05 06:21:58,683 [Trainer] :: Updated latest checkpoint at epoch 38
2026-05-05 06:21:58,683 [Trainer] :: No validation IoU improvement for 27 epoch(s)
2026-05-05 06:21:58,683 [Trainer] :: Starting epoch 39
2026-05-05 06:27:51,579 [Trainer] :: Completed epoch 39: train_loss=0.099354 train_iou=0.906642 val_loss=0.326460 val_iou=0.616359 lr=0.00009593
2026-05-05 06:27:52,054 [Trainer] :: Updated latest checkpoint at epoch 39
2026-05-05 06:27:52,054 [Trainer] :: No validation IoU improvement for 28 epoch(s)
2026-05-05 06:27:52,054 [Trainer] :: Starting epoch 40
2026-05-05 06:32:47,570 [Trainer] :: Completed epoch 40: train_loss=0.099598 train_iou=0.906211 val_loss=0.319379 val_iou=0.610488 lr=0.00009572
2026-05-05 06:32:48,083 [Trainer] :: Updated latest checkpoint at epoch 40
2026-05-05 06:32:48,084 [Trainer] :: No validation IoU improvement for 29 epoch(s)
2026-05-05 06:32:48,084 [Trainer] :: Starting epoch 41
2026-05-05 06:37:39,827 [Trainer] :: Completed epoch 41: train_loss=0.099223 train_iou=0.906827 val_loss=0.321746 val_iou=0.599182 lr=0.00009551
2026-05-05 06:37:40,185 [Trainer] :: Updated latest checkpoint at epoch 41
2026-05-05 06:37:40,185 [Trainer] :: No validation IoU improvement for 30 epoch(s)
2026-05-05 06:37:40,185 [Trainer] :: Starting epoch 42
2026-05-05 06:42:34,321 [Trainer] :: Completed epoch 42: train_loss=0.097927 train_iou=0.908111 val_loss=0.310827 val_iou=0.617843 lr=0.00009529
2026-05-05 06:42:34,724 [Trainer] :: Updated latest checkpoint at epoch 42
2026-05-05 06:42:34,799 [Trainer] :: No validation IoU improvement for 31 epoch(s)
2026-05-05 06:42:34,799 [Trainer] :: Starting epoch 43
2026-05-05 06:48:35,639 [Trainer] :: Completed epoch 43: train_loss=0.099582 train_iou=0.907085 val_loss=0.315628 val_iou=0.631800 lr=0.00009507
2026-05-05 06:48:36,060 [Trainer] :: Updated latest checkpoint at epoch 43
2026-05-05 06:48:36,060 [Trainer] :: No validation IoU improvement for 32 epoch(s)
2026-05-05 06:48:36,060 [Trainer] :: Starting epoch 44
2026-05-05 06:54:55,195 [Trainer] :: Completed epoch 44: train_loss=0.094596 train_iou=0.910535 val_loss=0.311647 val_iou=0.626349 lr=0.00009484
2026-05-05 06:54:55,561 [Trainer] :: Updated latest checkpoint at epoch 44
2026-05-05 06:54:55,561 [Trainer] :: No validation IoU improvement for 33 epoch(s)
2026-05-05 06:54:55,561 [Trainer] :: Starting epoch 45
2026-05-05 07:00:50,882 [Trainer] :: Completed epoch 45: train_loss=0.093954 train_iou=0.911859 val_loss=0.311997 val_iou=0.620652 lr=0.00009460
2026-05-05 07:00:51,239 [Trainer] :: Updated latest checkpoint at epoch 45
2026-05-05 07:00:51,240 [Trainer] :: No validation IoU improvement for 34 epoch(s)
2026-05-05 07:00:51,240 [Trainer] :: Starting epoch 46
2026-05-05 07:06:29,291 [Trainer] :: Completed epoch 46: train_loss=0.094689 train_iou=0.910588 val_loss=0.341871 val_iou=0.594242 lr=0.00009437
2026-05-05 07:06:30,026 [Trainer] :: Updated latest checkpoint at epoch 46
2026-05-05 07:06:30,026 [Trainer] :: No validation IoU improvement for 35 epoch(s)
2026-05-05 07:06:30,026 [Trainer] :: Starting epoch 47
2026-05-05 07:12:10,514 [Trainer] :: Completed epoch 47: train_loss=0.095671 train_iou=0.910514 val_loss=0.329742 val_iou=0.618552 lr=0.00009412
2026-05-05 07:12:11,092 [Trainer] :: Updated latest checkpoint at epoch 47
2026-05-05 07:12:11,175 [Trainer] :: No validation IoU improvement for 36 epoch(s)
2026-05-05 07:12:11,175 [Trainer] :: Starting epoch 48
2026-05-05 07:18:04,459 [Trainer] :: Completed epoch 48: train_loss=0.092085 train_iou=0.912737 val_loss=0.423618 val_iou=0.535889 lr=0.00009388
2026-05-05 07:18:04,871 [Trainer] :: Updated latest checkpoint at epoch 48
2026-05-05 07:18:04,871 [Trainer] :: No validation IoU improvement for 37 epoch(s)
2026-05-05 07:18:04,872 [Trainer] :: Starting epoch 49
2026-05-05 07:23:33,518 [Trainer] :: Completed epoch 49: train_loss=0.095131 train_iou=0.909632 val_loss=0.348588 val_iou=0.594559 lr=0.00009363
2026-05-05 07:23:33,873 [Trainer] :: Updated latest checkpoint at epoch 49
2026-05-05 07:23:33,873 [Trainer] :: No validation IoU improvement for 38 epoch(s)
2026-05-05 07:23:33,873 [Trainer] :: Starting epoch 50
2026-05-05 07:29:08,484 [Trainer] :: Completed epoch 50: train_loss=0.090747 train_iou=0.914826 val_loss=0.324210 val_iou=0.623938 lr=0.00009337
2026-05-05 07:29:08,845 [Trainer] :: Updated latest checkpoint at epoch 50
2026-05-05 07:29:08,845 [Trainer] :: No validation IoU improvement for 39 epoch(s)
2026-05-05 07:29:08,845 [Trainer] :: Starting epoch 51
2026-05-05 07:33:59,421 [Trainer] :: Completed epoch 51: train_loss=0.090403 train_iou=0.914707 val_loss=0.364365 val_iou=0.574594 lr=0.00009311
2026-05-05 07:33:59,777 [Trainer] :: Updated latest checkpoint at epoch 51
2026-05-05 07:33:59,777 [Trainer] :: No validation IoU improvement for 40 epoch(s)
2026-05-05 07:33:59,777 [Trainer] :: Starting epoch 52
2026-05-05 07:38:45,501 [Trainer] :: Completed epoch 52: train_loss=0.088555 train_iou=0.915663 val_loss=0.344795 val_iou=0.598728 lr=0.00009284
2026-05-05 07:38:45,871 [Trainer] :: Updated latest checkpoint at epoch 52
2026-05-05 07:38:45,871 [Trainer] :: No validation IoU improvement for 41 epoch(s)
2026-05-05 07:38:45,871 [Trainer] :: Starting epoch 53
2026-05-05 07:43:28,161 [Trainer] :: Completed epoch 53: train_loss=0.085673 train_iou=0.918674 val_loss=0.339773 val_iou=0.612769 lr=0.00009257
2026-05-05 07:43:28,502 [Trainer] :: Updated latest checkpoint at epoch 53
2026-05-05 07:43:28,502 [Trainer] :: No validation IoU improvement for 42 epoch(s)
2026-05-05 07:43:28,502 [Trainer] :: Starting epoch 54
2026-05-05 07:48:09,458 [Trainer] :: Completed epoch 54: train_loss=0.084677 train_iou=0.919502 val_loss=0.333417 val_iou=0.615417 lr=0.00009229
2026-05-05 07:48:09,828 [Trainer] :: Updated latest checkpoint at epoch 54
2026-05-05 07:48:09,828 [Trainer] :: No validation IoU improvement for 43 epoch(s)
2026-05-05 07:48:09,828 [Trainer] :: Starting epoch 55
2026-05-05 07:52:49,940 [Trainer] :: Completed epoch 55: train_loss=0.083275 train_iou=0.920888 val_loss=0.329861 val_iou=0.620289 lr=0.00009201
2026-05-05 07:52:50,335 [Trainer] :: Updated latest checkpoint at epoch 55
2026-05-05 07:52:50,335 [Trainer] :: No validation IoU improvement for 44 epoch(s)
2026-05-05 07:52:50,335 [Trainer] :: Starting epoch 56
2026-05-05 07:57:33,345 [Trainer] :: Completed epoch 56: train_loss=0.083169 train_iou=0.920829 val_loss=0.330988 val_iou=0.634123 lr=0.00009173
2026-05-05 07:57:33,737 [Trainer] :: Updated latest checkpoint at epoch 56
2026-05-05 07:57:33,738 [Trainer] :: No validation IoU improvement for 45 epoch(s)
2026-05-05 07:57:33,738 [Trainer] :: Starting epoch 57
2026-05-05 08:02:14,765 [Trainer] :: Completed epoch 57: train_loss=0.085815 train_iou=0.918312 val_loss=0.313746 val_iou=0.629541 lr=0.00009144
2026-05-05 08:02:15,188 [Trainer] :: Updated latest checkpoint at epoch 57
2026-05-05 08:02:15,188 [Trainer] :: No validation IoU improvement for 46 epoch(s)
2026-05-05 08:02:15,188 [Trainer] :: Starting epoch 58
2026-05-05 08:06:56,302 [Trainer] :: Completed epoch 58: train_loss=0.083027 train_iou=0.920878 val_loss=0.347779 val_iou=0.582840 lr=0.00009115
2026-05-05 08:06:56,703 [Trainer] :: Updated latest checkpoint at epoch 58
2026-05-05 08:06:56,704 [Trainer] :: No validation IoU improvement for 47 epoch(s)
2026-05-05 08:06:56,704 [Trainer] :: Starting epoch 59
2026-05-05 08:11:36,632 [Trainer] :: Completed epoch 59: train_loss=0.086204 train_iou=0.918493 val_loss=0.348494 val_iou=0.589234 lr=0.00009085
2026-05-05 08:11:36,993 [Trainer] :: Updated latest checkpoint at epoch 59
2026-05-05 08:11:36,993 [Trainer] :: No validation IoU improvement for 48 epoch(s)
2026-05-05 08:11:36,994 [Trainer] :: Starting epoch 60
2026-05-05 08:16:18,425 [Trainer] :: Completed epoch 60: train_loss=0.084302 train_iou=0.920238 val_loss=0.317800 val_iou=0.626832 lr=0.00009055
2026-05-05 08:16:18,818 [Trainer] :: Updated latest checkpoint at epoch 60
2026-05-05 08:16:18,818 [Trainer] :: No validation IoU improvement for 49 epoch(s)
2026-05-05 08:16:18,818 [Trainer] :: Starting epoch 61
2026-05-05 08:21:00,388 [Trainer] :: Completed epoch 61: train_loss=0.086397 train_iou=0.918106 val_loss=0.379518 val_iou=0.595379 lr=0.00009024
2026-05-05 08:21:01,316 [Trainer] :: Updated latest checkpoint at epoch 61
2026-05-05 08:21:01,316 [Trainer] :: No validation IoU improvement for 50 epoch(s)
2026-05-05 08:21:01,316 [Trainer] :: Starting epoch 62
2026-05-05 08:25:41,673 [Trainer] :: Completed epoch 62: train_loss=0.084651 train_iou=0.920026 val_loss=0.333271 val_iou=0.603519 lr=0.00008993
2026-05-05 08:25:42,101 [Trainer] :: Updated latest checkpoint at epoch 62
2026-05-05 08:25:42,101 [Trainer] :: No validation IoU improvement for 51 epoch(s)
2026-05-05 08:25:42,101 [Trainer] :: Starting epoch 63
2026-05-05 08:30:26,693 [Trainer] :: Completed epoch 63: train_loss=0.082395 train_iou=0.922468 val_loss=0.330525 val_iou=0.623783 lr=0.00008961
2026-05-05 08:30:27,063 [Trainer] :: Updated latest checkpoint at epoch 63
2026-05-05 08:30:27,063 [Trainer] :: No validation IoU improvement for 52 epoch(s)
2026-05-05 08:30:27,063 [Trainer] :: Starting epoch 64
2026-05-05 08:35:09,290 [Trainer] :: Completed epoch 64: train_loss=0.080580 train_iou=0.923409 val_loss=0.333257 val_iou=0.629867 lr=0.00008929
2026-05-05 08:35:10,175 [Trainer] :: Updated latest checkpoint at epoch 64
2026-05-05 08:35:10,175 [Trainer] :: No validation IoU improvement for 53 epoch(s)
2026-05-05 08:35:10,175 [Trainer] :: Starting epoch 65
2026-05-05 08:39:50,956 [Trainer] :: Completed epoch 65: train_loss=0.078505 train_iou=0.925658 val_loss=0.365796 val_iou=0.592944 lr=0.00008897
2026-05-05 08:39:51,342 [Trainer] :: Updated latest checkpoint at epoch 65
2026-05-05 08:39:51,343 [Trainer] :: No validation IoU improvement for 54 epoch(s)
2026-05-05 08:39:51,343 [Trainer] :: Starting epoch 66
2026-05-05 08:44:32,899 [Trainer] :: Completed epoch 66: train_loss=0.080244 train_iou=0.924217 val_loss=0.339280 val_iou=0.616492 lr=0.00008864
2026-05-05 08:44:33,328 [Trainer] :: Updated latest checkpoint at epoch 66
2026-05-05 08:44:33,329 [Trainer] :: No validation IoU improvement for 55 epoch(s)
2026-05-05 08:44:33,329 [Trainer] :: Starting epoch 67
2026-05-05 08:49:10,955 [Trainer] :: Completed epoch 67: train_loss=0.079537 train_iou=0.923820 val_loss=0.349303 val_iou=0.602846 lr=0.00008831
2026-05-05 08:49:11,352 [Trainer] :: Updated latest checkpoint at epoch 67
2026-05-05 08:49:11,353 [Trainer] :: No validation IoU improvement for 56 epoch(s)
2026-05-05 08:49:11,353 [Trainer] :: Starting epoch 68
2026-05-05 08:53:48,758 [Trainer] :: Completed epoch 68: train_loss=0.078011 train_iou=0.927275 val_loss=0.342696 val_iou=0.601485 lr=0.00008797
2026-05-05 08:53:49,104 [Trainer] :: Updated latest checkpoint at epoch 68
2026-05-05 08:53:49,105 [Trainer] :: No validation IoU improvement for 57 epoch(s)
2026-05-05 08:53:49,105 [Trainer] :: Starting epoch 69
2026-05-05 08:58:27,894 [Trainer] :: Completed epoch 69: train_loss=0.077587 train_iou=0.926260 val_loss=0.341199 val_iou=0.614503 lr=0.00008763
2026-05-05 08:58:28,248 [Trainer] :: Updated latest checkpoint at epoch 69
2026-05-05 08:58:28,248 [Trainer] :: No validation IoU improvement for 58 epoch(s)
2026-05-05 08:58:28,248 [Trainer] :: Starting epoch 70
2026-05-05 09:03:06,966 [Trainer] :: Completed epoch 70: train_loss=0.075717 train_iou=0.928098 val_loss=0.344061 val_iou=0.619798 lr=0.00008729
2026-05-05 09:03:12,299 [Trainer] :: Updated latest checkpoint at epoch 70
2026-05-05 09:03:12,299 [Trainer] :: No validation IoU improvement for 59 epoch(s)
2026-05-05 09:03:12,299 [Trainer] :: Starting epoch 71
2026-05-05 09:07:51,706 [Trainer] :: Completed epoch 71: train_loss=0.081011 train_iou=0.923637 val_loss=0.338263 val_iou=0.626404 lr=0.00008694
2026-05-05 09:07:52,058 [Trainer] :: Updated latest checkpoint at epoch 71
2026-05-05 09:07:52,058 [Trainer] :: No validation IoU improvement for 60 epoch(s)
2026-05-05 09:07:52,058 [Trainer] :: Early stopping triggered after 60 epoch(s) without improvement
2026-05-05 09:11:57,049 [Trainer] :: Wrote training history to outputs/runs/rgb_deeplabv3plus_resnet34_fuzzy_halo_seed49_20260505T010302Z/metrics/history.json
2026-05-05 09:11:57,050 [Trainer] :: Wrote test summary to outputs/runs/rgb_deeplabv3plus_resnet34_fuzzy_halo_seed49_20260505T010302Z/metrics/test_summary.json
2026-05-05 09:11:57,050 [Trainer] :: Training completed
