2026-05-02 01:29:00,799 [Trainer] :: Training run initialized at /ceph/home/student.aau.dk/qd36zu/fuzzy-p10/tbd/masking/outputs/runs/rgb_segformer_b1_seed46_20260501T232900Z
2026-05-02 01:29:00,800 [Trainer] :: Loaded config from /ceph/home/student.aau.dk/qd36zu/fuzzy-p10/tbd/masking/configs/binary/rgb_segformer_b1.yaml
2026-05-02 01:29:00,800 [Trainer] :: Using seed=46 and device=None
2026-05-02 01:29:00,800 [Trainer] :: Using model architecture=Segformer encoder=mit_b1 encoder_weights=imagenet
2026-05-02 01:29:01,101 [Trainer] :: Resolved runtime device to cuda
2026-05-02 01:29:01,102 [Trainer] :: Prepared normalization from source=imagenet
2026-05-02 01:29:05,918 [Trainer] :: Built dataloaders with batch_size=16, num_workers=0
2026-05-02 01:29:05,920 [Trainer] :: Starting epoch 1
2026-05-02 01:31:19,427 [Trainer] :: Completed epoch 1: train_loss=0.344767 train_iou=0.689195 val_loss=0.327058 val_iou=0.526396 lr=0.00010000
2026-05-02 01:31:19,710 [Trainer] :: Updated latest checkpoint at epoch 1
2026-05-02 01:31:19,915 [Trainer] :: New best checkpoint saved with val_iou=0.526396
2026-05-02 01:31:19,915 [Trainer] :: Starting epoch 2
2026-05-02 01:33:35,573 [Trainer] :: Completed epoch 2: train_loss=0.276944 train_iou=0.751974 val_loss=0.333727 val_iou=0.560796 lr=0.00009999
2026-05-02 01:33:35,803 [Trainer] :: Updated latest checkpoint at epoch 2
2026-05-02 01:33:36,005 [Trainer] :: New best checkpoint saved with val_iou=0.560796
2026-05-02 01:33:36,005 [Trainer] :: Starting epoch 3
2026-05-02 01:35:46,831 [Trainer] :: Completed epoch 3: train_loss=0.254873 train_iou=0.771974 val_loss=0.328004 val_iou=0.507851 lr=0.00009998
2026-05-02 01:35:47,808 [Trainer] :: Updated latest checkpoint at epoch 3
2026-05-02 01:35:47,808 [Trainer] :: No validation IoU improvement for 1 epoch(s)
2026-05-02 01:35:47,808 [Trainer] :: Starting epoch 4
2026-05-02 01:38:04,493 [Trainer] :: Completed epoch 4: train_loss=0.243909 train_iou=0.776815 val_loss=0.299916 val_iou=0.528060 lr=0.00009996
2026-05-02 01:38:04,813 [Trainer] :: Updated latest checkpoint at epoch 4
2026-05-02 01:38:04,813 [Trainer] :: No validation IoU improvement for 2 epoch(s)
2026-05-02 01:38:04,813 [Trainer] :: Starting epoch 5
2026-05-02 01:40:17,133 [Trainer] :: Completed epoch 5: train_loss=0.222769 train_iou=0.800767 val_loss=0.361877 val_iou=0.485644 lr=0.00009993
2026-05-02 01:40:17,337 [Trainer] :: Updated latest checkpoint at epoch 5
2026-05-02 01:40:17,337 [Trainer] :: No validation IoU improvement for 3 epoch(s)
2026-05-02 01:40:17,337 [Trainer] :: Starting epoch 6
2026-05-02 01:42:28,875 [Trainer] :: Completed epoch 6: train_loss=0.221701 train_iou=0.800422 val_loss=0.298269 val_iou=0.556993 lr=0.00009990
2026-05-02 01:42:29,080 [Trainer] :: Updated latest checkpoint at epoch 6
2026-05-02 01:42:29,080 [Trainer] :: No validation IoU improvement for 4 epoch(s)
2026-05-02 01:42:29,080 [Trainer] :: Starting epoch 7
2026-05-02 01:44:41,719 [Trainer] :: Completed epoch 7: train_loss=0.208521 train_iou=0.812904 val_loss=0.250874 val_iou=0.629089 lr=0.00009987
2026-05-02 01:44:41,985 [Trainer] :: Updated latest checkpoint at epoch 7
2026-05-02 01:44:42,233 [Trainer] :: New best checkpoint saved with val_iou=0.629089
2026-05-02 01:44:42,234 [Trainer] :: Starting epoch 8
2026-05-02 01:46:51,637 [Trainer] :: Completed epoch 8: train_loss=0.206924 train_iou=0.815244 val_loss=0.266431 val_iou=0.638406 lr=0.00009983
2026-05-02 01:46:51,994 [Trainer] :: Updated latest checkpoint at epoch 8
2026-05-02 01:46:52,360 [Trainer] :: New best checkpoint saved with val_iou=0.638406
2026-05-02 01:46:52,360 [Trainer] :: Starting epoch 9
2026-05-02 01:49:09,434 [Trainer] :: Completed epoch 9: train_loss=0.194662 train_iou=0.827033 val_loss=0.268109 val_iou=0.599977 lr=0.00009978
2026-05-02 01:49:09,652 [Trainer] :: Updated latest checkpoint at epoch 9
2026-05-02 01:49:09,652 [Trainer] :: No validation IoU improvement for 1 epoch(s)
2026-05-02 01:49:09,652 [Trainer] :: Starting epoch 10
2026-05-02 01:51:20,454 [Trainer] :: Completed epoch 10: train_loss=0.185823 train_iou=0.827554 val_loss=0.265417 val_iou=0.621218 lr=0.00009973
2026-05-02 01:51:20,682 [Trainer] :: Updated latest checkpoint at epoch 10
2026-05-02 01:51:20,683 [Trainer] :: No validation IoU improvement for 2 epoch(s)
2026-05-02 01:51:20,683 [Trainer] :: Starting epoch 11
2026-05-02 01:53:37,212 [Trainer] :: Completed epoch 11: train_loss=0.176334 train_iou=0.833407 val_loss=0.264143 val_iou=0.640019 lr=0.00009967
2026-05-02 01:53:37,410 [Trainer] :: Updated latest checkpoint at epoch 11
2026-05-02 01:53:37,637 [Trainer] :: New best checkpoint saved with val_iou=0.640019
2026-05-02 01:53:37,637 [Trainer] :: Starting epoch 12
2026-05-02 01:55:55,170 [Trainer] :: Completed epoch 12: train_loss=0.176078 train_iou=0.832169 val_loss=0.297988 val_iou=0.567924 lr=0.00009961
2026-05-02 01:55:55,385 [Trainer] :: Updated latest checkpoint at epoch 12
2026-05-02 01:55:55,385 [Trainer] :: No validation IoU improvement for 1 epoch(s)
2026-05-02 01:55:55,385 [Trainer] :: Starting epoch 13
2026-05-02 01:58:06,800 [Trainer] :: Completed epoch 13: train_loss=0.176684 train_iou=0.829258 val_loss=0.249390 val_iou=0.652774 lr=0.00009954
2026-05-02 01:58:07,006 [Trainer] :: Updated latest checkpoint at epoch 13
2026-05-02 01:58:07,251 [Trainer] :: New best checkpoint saved with val_iou=0.652774
2026-05-02 01:58:07,252 [Trainer] :: Starting epoch 14
2026-05-02 02:00:17,736 [Trainer] :: Completed epoch 14: train_loss=0.160721 train_iou=0.842651 val_loss=0.279354 val_iou=0.583851 lr=0.00009947
2026-05-02 02:00:17,950 [Trainer] :: Updated latest checkpoint at epoch 14
2026-05-02 02:00:17,951 [Trainer] :: No validation IoU improvement for 1 epoch(s)
2026-05-02 02:00:17,951 [Trainer] :: Starting epoch 15
2026-05-02 02:02:27,466 [Trainer] :: Completed epoch 15: train_loss=0.167373 train_iou=0.836918 val_loss=0.244695 val_iou=0.654181 lr=0.00009939
2026-05-02 02:02:27,677 [Trainer] :: Updated latest checkpoint at epoch 15
2026-05-02 02:02:27,879 [Trainer] :: New best checkpoint saved with val_iou=0.654181
2026-05-02 02:02:27,879 [Trainer] :: Starting epoch 16
2026-05-02 02:04:37,937 [Trainer] :: Completed epoch 16: train_loss=0.159597 train_iou=0.843973 val_loss=0.289749 val_iou=0.620947 lr=0.00009931
2026-05-02 02:04:38,135 [Trainer] :: Updated latest checkpoint at epoch 16
2026-05-02 02:04:38,135 [Trainer] :: No validation IoU improvement for 1 epoch(s)
2026-05-02 02:04:38,135 [Trainer] :: Starting epoch 17
2026-05-02 02:06:47,353 [Trainer] :: Completed epoch 17: train_loss=0.152453 train_iou=0.848389 val_loss=0.266192 val_iou=0.641394 lr=0.00009922
2026-05-02 02:06:47,575 [Trainer] :: Updated latest checkpoint at epoch 17
2026-05-02 02:06:47,576 [Trainer] :: No validation IoU improvement for 2 epoch(s)
2026-05-02 02:06:47,576 [Trainer] :: Starting epoch 18
2026-05-02 02:08:55,950 [Trainer] :: Completed epoch 18: train_loss=0.156438 train_iou=0.843999 val_loss=0.276145 val_iou=0.629358 lr=0.00009912
2026-05-02 02:08:56,144 [Trainer] :: Updated latest checkpoint at epoch 18
2026-05-02 02:08:56,144 [Trainer] :: No validation IoU improvement for 3 epoch(s)
2026-05-02 02:08:56,144 [Trainer] :: Starting epoch 19
2026-05-02 02:11:06,763 [Trainer] :: Completed epoch 19: train_loss=0.149595 train_iou=0.851905 val_loss=0.255084 val_iou=0.630843 lr=0.00009902
2026-05-02 02:11:06,959 [Trainer] :: Updated latest checkpoint at epoch 19
2026-05-02 02:11:06,959 [Trainer] :: No validation IoU improvement for 4 epoch(s)
2026-05-02 02:11:06,959 [Trainer] :: Starting epoch 20
2026-05-02 02:13:15,760 [Trainer] :: Completed epoch 20: train_loss=0.145515 train_iou=0.852022 val_loss=0.254185 val_iou=0.647147 lr=0.00009892
2026-05-02 02:13:15,990 [Trainer] :: Updated latest checkpoint at epoch 20
2026-05-02 02:13:15,990 [Trainer] :: No validation IoU improvement for 5 epoch(s)
2026-05-02 02:13:15,990 [Trainer] :: Starting epoch 21
2026-05-02 02:15:26,421 [Trainer] :: Completed epoch 21: train_loss=0.146247 train_iou=0.854552 val_loss=0.255753 val_iou=0.646801 lr=0.00009881
2026-05-02 02:15:26,623 [Trainer] :: Updated latest checkpoint at epoch 21
2026-05-02 02:15:26,623 [Trainer] :: No validation IoU improvement for 6 epoch(s)
2026-05-02 02:15:26,623 [Trainer] :: Starting epoch 22
2026-05-02 02:17:35,712 [Trainer] :: Completed epoch 22: train_loss=0.142842 train_iou=0.856668 val_loss=0.265780 val_iou=0.628585 lr=0.00009869
2026-05-02 02:17:35,935 [Trainer] :: Updated latest checkpoint at epoch 22
2026-05-02 02:17:35,935 [Trainer] :: No validation IoU improvement for 7 epoch(s)
2026-05-02 02:17:35,935 [Trainer] :: Starting epoch 23
2026-05-02 02:19:47,155 [Trainer] :: Completed epoch 23: train_loss=0.140333 train_iou=0.857010 val_loss=0.249868 val_iou=0.649768 lr=0.00009857
2026-05-02 02:19:47,366 [Trainer] :: Updated latest checkpoint at epoch 23
2026-05-02 02:19:47,366 [Trainer] :: No validation IoU improvement for 8 epoch(s)
2026-05-02 02:19:47,366 [Trainer] :: Starting epoch 24
2026-05-02 02:21:55,925 [Trainer] :: Completed epoch 24: train_loss=0.132743 train_iou=0.863822 val_loss=0.250712 val_iou=0.653301 lr=0.00009844
2026-05-02 02:21:56,123 [Trainer] :: Updated latest checkpoint at epoch 24
2026-05-02 02:21:56,123 [Trainer] :: No validation IoU improvement for 9 epoch(s)
2026-05-02 02:21:56,123 [Trainer] :: Starting epoch 25
2026-05-02 02:24:17,128 [Trainer] :: Completed epoch 25: train_loss=0.129601 train_iou=0.867798 val_loss=0.246888 val_iou=0.659827 lr=0.00009831
2026-05-02 02:24:17,321 [Trainer] :: Updated latest checkpoint at epoch 25
2026-05-02 02:24:17,565 [Trainer] :: New best checkpoint saved with val_iou=0.659827
2026-05-02 02:24:17,565 [Trainer] :: Starting epoch 26
2026-05-02 02:26:45,214 [Trainer] :: Completed epoch 26: train_loss=0.132594 train_iou=0.866126 val_loss=0.281401 val_iou=0.624776 lr=0.00009818
2026-05-02 02:26:45,675 [Trainer] :: Updated latest checkpoint at epoch 26
2026-05-02 02:26:45,675 [Trainer] :: No validation IoU improvement for 1 epoch(s)
2026-05-02 02:26:45,675 [Trainer] :: Starting epoch 27
2026-05-02 02:29:13,234 [Trainer] :: Completed epoch 27: train_loss=0.130053 train_iou=0.866057 val_loss=0.254907 val_iou=0.646844 lr=0.00009803
2026-05-02 02:29:13,440 [Trainer] :: Updated latest checkpoint at epoch 27
2026-05-02 02:29:13,440 [Trainer] :: No validation IoU improvement for 2 epoch(s)
2026-05-02 02:29:13,440 [Trainer] :: Starting epoch 28
2026-05-02 02:31:22,096 [Trainer] :: Completed epoch 28: train_loss=0.125504 train_iou=0.872046 val_loss=0.250523 val_iou=0.649490 lr=0.00009789
2026-05-02 02:31:22,304 [Trainer] :: Updated latest checkpoint at epoch 28
2026-05-02 02:31:22,304 [Trainer] :: No validation IoU improvement for 3 epoch(s)
2026-05-02 02:31:22,304 [Trainer] :: Starting epoch 29
2026-05-02 02:33:33,389 [Trainer] :: Completed epoch 29: train_loss=0.121659 train_iou=0.875167 val_loss=0.272220 val_iou=0.639334 lr=0.00009773
2026-05-02 02:33:33,606 [Trainer] :: Updated latest checkpoint at epoch 29
2026-05-02 02:33:33,606 [Trainer] :: No validation IoU improvement for 4 epoch(s)
2026-05-02 02:33:33,606 [Trainer] :: Starting epoch 30
2026-05-02 02:35:44,954 [Trainer] :: Completed epoch 30: train_loss=0.122691 train_iou=0.875816 val_loss=0.252291 val_iou=0.654363 lr=0.00009758
2026-05-02 02:35:45,216 [Trainer] :: Updated latest checkpoint at epoch 30
2026-05-02 02:35:45,216 [Trainer] :: No validation IoU improvement for 5 epoch(s)
2026-05-02 02:35:45,216 [Trainer] :: Starting epoch 31
2026-05-02 02:38:06,641 [Trainer] :: Completed epoch 31: train_loss=0.118317 train_iou=0.877636 val_loss=0.268548 val_iou=0.647494 lr=0.00009741
2026-05-02 02:38:06,853 [Trainer] :: Updated latest checkpoint at epoch 31
2026-05-02 02:38:06,853 [Trainer] :: No validation IoU improvement for 6 epoch(s)
2026-05-02 02:38:06,853 [Trainer] :: Starting epoch 32
2026-05-02 02:40:28,001 [Trainer] :: Completed epoch 32: train_loss=0.117278 train_iou=0.878269 val_loss=0.261929 val_iou=0.632730 lr=0.00009725
2026-05-02 02:40:28,217 [Trainer] :: Updated latest checkpoint at epoch 32
2026-05-02 02:40:28,218 [Trainer] :: No validation IoU improvement for 7 epoch(s)
2026-05-02 02:40:28,218 [Trainer] :: Starting epoch 33
2026-05-02 02:42:43,066 [Trainer] :: Completed epoch 33: train_loss=0.116334 train_iou=0.879758 val_loss=0.274657 val_iou=0.639864 lr=0.00009707
2026-05-02 02:42:43,259 [Trainer] :: Updated latest checkpoint at epoch 33
2026-05-02 02:42:43,259 [Trainer] :: No validation IoU improvement for 8 epoch(s)
2026-05-02 02:42:43,259 [Trainer] :: Starting epoch 34
2026-05-02 02:44:57,267 [Trainer] :: Completed epoch 34: train_loss=0.113977 train_iou=0.882595 val_loss=0.281653 val_iou=0.613743 lr=0.00009690
2026-05-02 02:44:57,535 [Trainer] :: Updated latest checkpoint at epoch 34
2026-05-02 02:44:57,535 [Trainer] :: No validation IoU improvement for 9 epoch(s)
2026-05-02 02:44:57,535 [Trainer] :: Starting epoch 35
2026-05-02 02:47:38,905 [Trainer] :: Completed epoch 35: train_loss=0.114995 train_iou=0.882719 val_loss=0.285725 val_iou=0.610495 lr=0.00009671
2026-05-02 02:47:39,127 [Trainer] :: Updated latest checkpoint at epoch 35
2026-05-02 02:47:39,127 [Trainer] :: No validation IoU improvement for 10 epoch(s)
2026-05-02 02:47:39,127 [Trainer] :: Starting epoch 36
2026-05-02 02:49:50,115 [Trainer] :: Completed epoch 36: train_loss=0.115623 train_iou=0.883377 val_loss=0.270418 val_iou=0.640009 lr=0.00009652
2026-05-02 02:49:50,370 [Trainer] :: Updated latest checkpoint at epoch 36
2026-05-02 02:49:50,370 [Trainer] :: No validation IoU improvement for 11 epoch(s)
2026-05-02 02:49:50,370 [Trainer] :: Starting epoch 37
2026-05-02 02:52:02,394 [Trainer] :: Completed epoch 37: train_loss=0.107503 train_iou=0.888152 val_loss=0.275074 val_iou=0.641602 lr=0.00009633
2026-05-02 02:52:02,616 [Trainer] :: Updated latest checkpoint at epoch 37
2026-05-02 02:52:02,616 [Trainer] :: No validation IoU improvement for 12 epoch(s)
2026-05-02 02:52:02,616 [Trainer] :: Starting epoch 38
2026-05-02 02:54:10,684 [Trainer] :: Completed epoch 38: train_loss=0.105106 train_iou=0.892070 val_loss=0.267247 val_iou=0.643000 lr=0.00009613
2026-05-02 02:54:10,873 [Trainer] :: Updated latest checkpoint at epoch 38
2026-05-02 02:54:10,874 [Trainer] :: No validation IoU improvement for 13 epoch(s)
2026-05-02 02:54:10,874 [Trainer] :: Starting epoch 39
2026-05-02 02:56:22,797 [Trainer] :: Completed epoch 39: train_loss=0.103980 train_iou=0.891174 val_loss=0.317104 val_iou=0.608218 lr=0.00009593
2026-05-02 02:56:23,009 [Trainer] :: Updated latest checkpoint at epoch 39
2026-05-02 02:56:23,009 [Trainer] :: No validation IoU improvement for 14 epoch(s)
2026-05-02 02:56:23,009 [Trainer] :: Starting epoch 40
2026-05-02 02:58:37,751 [Trainer] :: Completed epoch 40: train_loss=0.103537 train_iou=0.893106 val_loss=0.284407 val_iou=0.634389 lr=0.00009572
2026-05-02 02:58:38,020 [Trainer] :: Updated latest checkpoint at epoch 40
2026-05-02 02:58:38,020 [Trainer] :: No validation IoU improvement for 15 epoch(s)
2026-05-02 02:58:38,020 [Trainer] :: Starting epoch 41
2026-05-02 03:00:49,310 [Trainer] :: Completed epoch 41: train_loss=0.101489 train_iou=0.895482 val_loss=0.266453 val_iou=0.650687 lr=0.00009551
2026-05-02 03:00:49,527 [Trainer] :: Updated latest checkpoint at epoch 41
2026-05-02 03:00:49,527 [Trainer] :: No validation IoU improvement for 16 epoch(s)
2026-05-02 03:00:49,527 [Trainer] :: Starting epoch 42
2026-05-02 03:03:02,398 [Trainer] :: Completed epoch 42: train_loss=0.104675 train_iou=0.893189 val_loss=0.366191 val_iou=0.542185 lr=0.00009529
2026-05-02 03:03:02,634 [Trainer] :: Updated latest checkpoint at epoch 42
2026-05-02 03:03:02,635 [Trainer] :: No validation IoU improvement for 17 epoch(s)
2026-05-02 03:03:02,635 [Trainer] :: Starting epoch 43
2026-05-02 03:05:14,286 [Trainer] :: Completed epoch 43: train_loss=0.099226 train_iou=0.896072 val_loss=0.272797 val_iou=0.645525 lr=0.00009507
2026-05-02 03:05:14,516 [Trainer] :: Updated latest checkpoint at epoch 43
2026-05-02 03:05:14,516 [Trainer] :: No validation IoU improvement for 18 epoch(s)
2026-05-02 03:05:14,516 [Trainer] :: Starting epoch 44
2026-05-02 03:07:44,910 [Trainer] :: Completed epoch 44: train_loss=0.099791 train_iou=0.896833 val_loss=0.264350 val_iou=0.651160 lr=0.00009484
2026-05-02 03:07:45,186 [Trainer] :: Updated latest checkpoint at epoch 44
2026-05-02 03:07:45,186 [Trainer] :: No validation IoU improvement for 19 epoch(s)
2026-05-02 03:07:45,186 [Trainer] :: Starting epoch 45
2026-05-02 03:09:55,271 [Trainer] :: Completed epoch 45: train_loss=0.096754 train_iou=0.900063 val_loss=0.267359 val_iou=0.648379 lr=0.00009460
2026-05-02 03:09:55,472 [Trainer] :: Updated latest checkpoint at epoch 45
2026-05-02 03:09:55,472 [Trainer] :: No validation IoU improvement for 20 epoch(s)
2026-05-02 03:09:55,472 [Trainer] :: Starting epoch 46
2026-05-02 03:12:06,882 [Trainer] :: Completed epoch 46: train_loss=0.096751 train_iou=0.899798 val_loss=0.256372 val_iou=0.659162 lr=0.00009437
2026-05-02 03:12:07,098 [Trainer] :: Updated latest checkpoint at epoch 46
2026-05-02 03:12:07,098 [Trainer] :: No validation IoU improvement for 21 epoch(s)
2026-05-02 03:12:07,098 [Trainer] :: Starting epoch 47
2026-05-02 03:14:17,987 [Trainer] :: Completed epoch 47: train_loss=0.096325 train_iou=0.899465 val_loss=0.314440 val_iou=0.593562 lr=0.00009412
2026-05-02 03:14:18,181 [Trainer] :: Updated latest checkpoint at epoch 47
2026-05-02 03:14:18,181 [Trainer] :: No validation IoU improvement for 22 epoch(s)
2026-05-02 03:14:18,181 [Trainer] :: Starting epoch 48
2026-05-02 03:16:26,561 [Trainer] :: Completed epoch 48: train_loss=0.098181 train_iou=0.899568 val_loss=0.264948 val_iou=0.652788 lr=0.00009388
2026-05-02 03:16:26,783 [Trainer] :: Updated latest checkpoint at epoch 48
2026-05-02 03:16:26,783 [Trainer] :: No validation IoU improvement for 23 epoch(s)
2026-05-02 03:16:26,783 [Trainer] :: Starting epoch 49
2026-05-02 03:18:57,596 [Trainer] :: Completed epoch 49: train_loss=0.092441 train_iou=0.903277 val_loss=0.297973 val_iou=0.610522 lr=0.00009363
2026-05-02 03:18:57,806 [Trainer] :: Updated latest checkpoint at epoch 49
2026-05-02 03:18:57,806 [Trainer] :: No validation IoU improvement for 24 epoch(s)
2026-05-02 03:18:57,806 [Trainer] :: Starting epoch 50
2026-05-02 03:21:04,589 [Trainer] :: Completed epoch 50: train_loss=0.090122 train_iou=0.904240 val_loss=0.273572 val_iou=0.644785 lr=0.00009337
2026-05-02 03:21:04,803 [Trainer] :: Updated latest checkpoint at epoch 50
2026-05-02 03:21:04,803 [Trainer] :: No validation IoU improvement for 25 epoch(s)
2026-05-02 03:21:04,803 [Trainer] :: Starting epoch 51
2026-05-02 03:23:12,784 [Trainer] :: Completed epoch 51: train_loss=0.088343 train_iou=0.907112 val_loss=0.274586 val_iou=0.647251 lr=0.00009311
2026-05-02 03:23:13,013 [Trainer] :: Updated latest checkpoint at epoch 51
2026-05-02 03:23:13,013 [Trainer] :: No validation IoU improvement for 26 epoch(s)
2026-05-02 03:23:13,013 [Trainer] :: Starting epoch 52
2026-05-02 03:25:23,522 [Trainer] :: Completed epoch 52: train_loss=0.088254 train_iou=0.908086 val_loss=0.285610 val_iou=0.640746 lr=0.00009284
2026-05-02 03:25:23,736 [Trainer] :: Updated latest checkpoint at epoch 52
2026-05-02 03:25:23,736 [Trainer] :: No validation IoU improvement for 27 epoch(s)
2026-05-02 03:25:23,736 [Trainer] :: Starting epoch 53
2026-05-02 03:27:39,180 [Trainer] :: Completed epoch 53: train_loss=0.089024 train_iou=0.907029 val_loss=0.284218 val_iou=0.631818 lr=0.00009257
2026-05-02 03:27:39,380 [Trainer] :: Updated latest checkpoint at epoch 53
2026-05-02 03:27:39,380 [Trainer] :: No validation IoU improvement for 28 epoch(s)
2026-05-02 03:27:39,380 [Trainer] :: Starting epoch 54
2026-05-02 03:29:52,717 [Trainer] :: Completed epoch 54: train_loss=0.087290 train_iou=0.907391 val_loss=0.282206 val_iou=0.635231 lr=0.00009229
2026-05-02 03:29:52,940 [Trainer] :: Updated latest checkpoint at epoch 54
2026-05-02 03:29:52,940 [Trainer] :: No validation IoU improvement for 29 epoch(s)
2026-05-02 03:29:52,940 [Trainer] :: Starting epoch 55
2026-05-02 03:32:07,055 [Trainer] :: Completed epoch 55: train_loss=0.086056 train_iou=0.908753 val_loss=0.278044 val_iou=0.648900 lr=0.00009201
2026-05-02 03:32:07,369 [Trainer] :: Updated latest checkpoint at epoch 55
2026-05-02 03:32:07,369 [Trainer] :: No validation IoU improvement for 30 epoch(s)
2026-05-02 03:32:07,369 [Trainer] :: Starting epoch 56
2026-05-02 03:34:20,296 [Trainer] :: Completed epoch 56: train_loss=0.087965 train_iou=0.907330 val_loss=0.320966 val_iou=0.604779 lr=0.00009173
2026-05-02 03:34:20,525 [Trainer] :: Updated latest checkpoint at epoch 56
2026-05-02 03:34:20,525 [Trainer] :: No validation IoU improvement for 31 epoch(s)
2026-05-02 03:34:20,525 [Trainer] :: Starting epoch 57
2026-05-02 03:36:28,362 [Trainer] :: Completed epoch 57: train_loss=0.085715 train_iou=0.908900 val_loss=0.267919 val_iou=0.654340 lr=0.00009144
2026-05-02 03:36:28,598 [Trainer] :: Updated latest checkpoint at epoch 57
2026-05-02 03:36:28,602 [Trainer] :: No validation IoU improvement for 32 epoch(s)
2026-05-02 03:36:28,602 [Trainer] :: Starting epoch 58
2026-05-02 03:38:41,876 [Trainer] :: Completed epoch 58: train_loss=0.085839 train_iou=0.910459 val_loss=0.277554 val_iou=0.643367 lr=0.00009115
2026-05-02 03:38:42,106 [Trainer] :: Updated latest checkpoint at epoch 58
2026-05-02 03:38:42,106 [Trainer] :: No validation IoU improvement for 33 epoch(s)
2026-05-02 03:38:42,106 [Trainer] :: Starting epoch 59
2026-05-02 03:40:56,139 [Trainer] :: Completed epoch 59: train_loss=0.080121 train_iou=0.914484 val_loss=0.304505 val_iou=0.612451 lr=0.00009085
2026-05-02 03:40:56,352 [Trainer] :: Updated latest checkpoint at epoch 59
2026-05-02 03:40:56,353 [Trainer] :: No validation IoU improvement for 34 epoch(s)
2026-05-02 03:40:56,353 [Trainer] :: Starting epoch 60
2026-05-02 03:43:05,692 [Trainer] :: Completed epoch 60: train_loss=0.082681 train_iou=0.913452 val_loss=0.284122 val_iou=0.633988 lr=0.00009055
2026-05-02 03:43:05,907 [Trainer] :: Updated latest checkpoint at epoch 60
2026-05-02 03:43:05,907 [Trainer] :: No validation IoU improvement for 35 epoch(s)
2026-05-02 03:43:05,907 [Trainer] :: Starting epoch 61
2026-05-02 03:45:16,760 [Trainer] :: Completed epoch 61: train_loss=0.082340 train_iou=0.912337 val_loss=0.283864 val_iou=0.638172 lr=0.00009024
2026-05-02 03:45:16,982 [Trainer] :: Updated latest checkpoint at epoch 61
2026-05-02 03:45:16,982 [Trainer] :: No validation IoU improvement for 36 epoch(s)
2026-05-02 03:45:16,982 [Trainer] :: Starting epoch 62
2026-05-02 03:47:24,922 [Trainer] :: Completed epoch 62: train_loss=0.077917 train_iou=0.916580 val_loss=0.286283 val_iou=0.643867 lr=0.00008993
2026-05-02 03:47:25,129 [Trainer] :: Updated latest checkpoint at epoch 62
2026-05-02 03:47:25,129 [Trainer] :: No validation IoU improvement for 37 epoch(s)
2026-05-02 03:47:25,129 [Trainer] :: Starting epoch 63
2026-05-02 03:49:32,269 [Trainer] :: Completed epoch 63: train_loss=0.078839 train_iou=0.915824 val_loss=0.285242 val_iou=0.633559 lr=0.00008961
2026-05-02 03:49:32,482 [Trainer] :: Updated latest checkpoint at epoch 63
2026-05-02 03:49:32,483 [Trainer] :: No validation IoU improvement for 38 epoch(s)
2026-05-02 03:49:32,483 [Trainer] :: Starting epoch 64
2026-05-02 03:51:41,910 [Trainer] :: Completed epoch 64: train_loss=0.078086 train_iou=0.917156 val_loss=0.280163 val_iou=0.648804 lr=0.00008929
2026-05-02 03:51:42,112 [Trainer] :: Updated latest checkpoint at epoch 64
2026-05-02 03:51:42,113 [Trainer] :: No validation IoU improvement for 39 epoch(s)
2026-05-02 03:51:42,113 [Trainer] :: Starting epoch 65
2026-05-02 03:53:54,309 [Trainer] :: Completed epoch 65: train_loss=0.079083 train_iou=0.918557 val_loss=0.272157 val_iou=0.648941 lr=0.00008897
2026-05-02 03:53:54,841 [Trainer] :: Updated latest checkpoint at epoch 65
2026-05-02 03:53:54,841 [Trainer] :: No validation IoU improvement for 40 epoch(s)
2026-05-02 03:53:54,841 [Trainer] :: Starting epoch 66
2026-05-02 03:56:23,608 [Trainer] :: Completed epoch 66: train_loss=0.076757 train_iou=0.918393 val_loss=0.284930 val_iou=0.640380 lr=0.00008864
2026-05-02 03:56:23,902 [Trainer] :: Updated latest checkpoint at epoch 66
2026-05-02 03:56:23,902 [Trainer] :: No validation IoU improvement for 41 epoch(s)
2026-05-02 03:56:23,902 [Trainer] :: Starting epoch 67
2026-05-02 03:58:57,162 [Trainer] :: Completed epoch 67: train_loss=0.076362 train_iou=0.918762 val_loss=0.276366 val_iou=0.651953 lr=0.00008831
2026-05-02 03:58:57,583 [Trainer] :: Updated latest checkpoint at epoch 67
2026-05-02 03:58:57,583 [Trainer] :: No validation IoU improvement for 42 epoch(s)
2026-05-02 03:58:57,583 [Trainer] :: Starting epoch 68
2026-05-02 04:01:26,861 [Trainer] :: Completed epoch 68: train_loss=0.076404 train_iou=0.919472 val_loss=0.290476 val_iou=0.641025 lr=0.00008797
2026-05-02 04:01:27,276 [Trainer] :: Updated latest checkpoint at epoch 68
2026-05-02 04:01:27,276 [Trainer] :: No validation IoU improvement for 43 epoch(s)
2026-05-02 04:01:27,276 [Trainer] :: Starting epoch 69
2026-05-02 04:04:02,941 [Trainer] :: Completed epoch 69: train_loss=0.076598 train_iou=0.919146 val_loss=0.290367 val_iou=0.633420 lr=0.00008763
2026-05-02 04:04:03,317 [Trainer] :: Updated latest checkpoint at epoch 69
2026-05-02 04:04:03,317 [Trainer] :: No validation IoU improvement for 44 epoch(s)
2026-05-02 04:04:03,317 [Trainer] :: Starting epoch 70
2026-05-02 04:06:30,513 [Trainer] :: Completed epoch 70: train_loss=0.074086 train_iou=0.922690 val_loss=0.291371 val_iou=0.638647 lr=0.00008729
2026-05-02 04:06:30,731 [Trainer] :: Updated latest checkpoint at epoch 70
2026-05-02 04:06:30,731 [Trainer] :: No validation IoU improvement for 45 epoch(s)
2026-05-02 04:06:30,731 [Trainer] :: Starting epoch 71
2026-05-02 04:08:48,035 [Trainer] :: Completed epoch 71: train_loss=0.072954 train_iou=0.922327 val_loss=0.294734 val_iou=0.639826 lr=0.00008694
2026-05-02 04:08:48,229 [Trainer] :: Updated latest checkpoint at epoch 71
2026-05-02 04:08:48,229 [Trainer] :: No validation IoU improvement for 46 epoch(s)
2026-05-02 04:08:48,229 [Trainer] :: Starting epoch 72
2026-05-02 04:11:02,706 [Trainer] :: Completed epoch 72: train_loss=0.073588 train_iou=0.921652 val_loss=0.291383 val_iou=0.631459 lr=0.00008658
2026-05-02 04:11:02,938 [Trainer] :: Updated latest checkpoint at epoch 72
2026-05-02 04:11:02,939 [Trainer] :: No validation IoU improvement for 47 epoch(s)
2026-05-02 04:11:02,939 [Trainer] :: Starting epoch 73
2026-05-02 04:13:20,774 [Trainer] :: Completed epoch 73: train_loss=0.072335 train_iou=0.922935 val_loss=0.287408 val_iou=0.646550 lr=0.00008623
2026-05-02 04:13:21,138 [Trainer] :: Updated latest checkpoint at epoch 73
2026-05-02 04:13:21,138 [Trainer] :: No validation IoU improvement for 48 epoch(s)
2026-05-02 04:13:21,138 [Trainer] :: Starting epoch 74
2026-05-02 04:15:47,788 [Trainer] :: Completed epoch 74: train_loss=0.072111 train_iou=0.922635 val_loss=0.305647 val_iou=0.639511 lr=0.00008587
2026-05-02 04:15:48,017 [Trainer] :: Updated latest checkpoint at epoch 74
2026-05-02 04:15:48,017 [Trainer] :: No validation IoU improvement for 49 epoch(s)
2026-05-02 04:15:48,017 [Trainer] :: Starting epoch 75
2026-05-02 04:18:04,468 [Trainer] :: Completed epoch 75: train_loss=0.070649 train_iou=0.924640 val_loss=0.292648 val_iou=0.647915 lr=0.00008550
2026-05-02 04:18:04,668 [Trainer] :: Updated latest checkpoint at epoch 75
2026-05-02 04:18:04,668 [Trainer] :: No validation IoU improvement for 50 epoch(s)
2026-05-02 04:18:04,668 [Trainer] :: Starting epoch 76
2026-05-02 04:20:18,359 [Trainer] :: Completed epoch 76: train_loss=0.071066 train_iou=0.924375 val_loss=0.295801 val_iou=0.645083 lr=0.00008513
2026-05-02 04:20:18,611 [Trainer] :: Updated latest checkpoint at epoch 76
2026-05-02 04:20:18,612 [Trainer] :: No validation IoU improvement for 51 epoch(s)
2026-05-02 04:20:18,612 [Trainer] :: Starting epoch 77
2026-05-02 04:22:40,000 [Trainer] :: Completed epoch 77: train_loss=0.071546 train_iou=0.923425 val_loss=0.291970 val_iou=0.643472 lr=0.00008476
2026-05-02 04:22:40,199 [Trainer] :: Updated latest checkpoint at epoch 77
2026-05-02 04:22:40,199 [Trainer] :: No validation IoU improvement for 52 epoch(s)
2026-05-02 04:22:40,199 [Trainer] :: Starting epoch 78
2026-05-02 04:24:49,114 [Trainer] :: Completed epoch 78: train_loss=0.069222 train_iou=0.926192 val_loss=0.287468 val_iou=0.649108 lr=0.00008439
2026-05-02 04:24:49,359 [Trainer] :: Updated latest checkpoint at epoch 78
2026-05-02 04:24:49,359 [Trainer] :: No validation IoU improvement for 53 epoch(s)
2026-05-02 04:24:49,359 [Trainer] :: Starting epoch 79
2026-05-02 04:26:56,428 [Trainer] :: Completed epoch 79: train_loss=0.070417 train_iou=0.925493 val_loss=0.327448 val_iou=0.607055 lr=0.00008401
2026-05-02 04:26:56,618 [Trainer] :: Updated latest checkpoint at epoch 79
2026-05-02 04:26:56,618 [Trainer] :: No validation IoU improvement for 54 epoch(s)
2026-05-02 04:26:56,618 [Trainer] :: Starting epoch 80
2026-05-02 04:29:10,192 [Trainer] :: Completed epoch 80: train_loss=0.068589 train_iou=0.925921 val_loss=0.299554 val_iou=0.643773 lr=0.00008362
2026-05-02 04:29:10,398 [Trainer] :: Updated latest checkpoint at epoch 80
2026-05-02 04:29:10,398 [Trainer] :: No validation IoU improvement for 55 epoch(s)
2026-05-02 04:29:10,398 [Trainer] :: Starting epoch 81
2026-05-02 04:31:17,511 [Trainer] :: Completed epoch 81: train_loss=0.068067 train_iou=0.927891 val_loss=0.311521 val_iou=0.620079 lr=0.00008323
2026-05-02 04:31:17,717 [Trainer] :: Updated latest checkpoint at epoch 81
2026-05-02 04:31:17,717 [Trainer] :: No validation IoU improvement for 56 epoch(s)
2026-05-02 04:31:17,717 [Trainer] :: Starting epoch 82
2026-05-02 04:33:28,482 [Trainer] :: Completed epoch 82: train_loss=0.068354 train_iou=0.926447 val_loss=0.289024 val_iou=0.652375 lr=0.00008284
2026-05-02 04:33:28,689 [Trainer] :: Updated latest checkpoint at epoch 82
2026-05-02 04:33:28,689 [Trainer] :: No validation IoU improvement for 57 epoch(s)
2026-05-02 04:33:28,689 [Trainer] :: Starting epoch 83
2026-05-02 04:35:41,700 [Trainer] :: Completed epoch 83: train_loss=0.066892 train_iou=0.928066 val_loss=0.313731 val_iou=0.630116 lr=0.00008245
2026-05-02 04:35:42,282 [Trainer] :: Updated latest checkpoint at epoch 83
2026-05-02 04:35:42,282 [Trainer] :: No validation IoU improvement for 58 epoch(s)
2026-05-02 04:35:42,282 [Trainer] :: Starting epoch 84
2026-05-02 04:37:54,003 [Trainer] :: Completed epoch 84: train_loss=0.068693 train_iou=0.926710 val_loss=0.293914 val_iou=0.638882 lr=0.00008205
2026-05-02 04:37:54,222 [Trainer] :: Updated latest checkpoint at epoch 84
2026-05-02 04:37:54,222 [Trainer] :: No validation IoU improvement for 59 epoch(s)
2026-05-02 04:37:54,222 [Trainer] :: Starting epoch 85
2026-05-02 04:40:09,732 [Trainer] :: Completed epoch 85: train_loss=0.064893 train_iou=0.930488 val_loss=0.302186 val_iou=0.644607 lr=0.00008165
2026-05-02 04:40:10,097 [Trainer] :: Updated latest checkpoint at epoch 85
2026-05-02 04:40:10,098 [Trainer] :: No validation IoU improvement for 60 epoch(s)
2026-05-02 04:40:10,098 [Trainer] :: Early stopping triggered after 60 epoch(s) without improvement
2026-05-02 04:42:42,505 [Trainer] :: Wrote training history to outputs/runs/rgb_segformer_b1_seed46_20260501T232900Z/metrics/history.json
2026-05-02 04:42:42,508 [Trainer] :: Wrote test summary to outputs/runs/rgb_segformer_b1_seed46_20260501T232900Z/metrics/test_summary.json
2026-05-02 04:42:42,508 [Trainer] :: Training completed
