2026-05-02 07:19:29,067 [Trainer] :: Training run initialized at /ceph/home/student.aau.dk/qd36zu/fuzzy-p10/tbd/masking/outputs/runs/real_msi_segformer_b0_seed50_20260502T051928Z
2026-05-02 07:19:29,067 [Trainer] :: Loaded config from /ceph/home/student.aau.dk/qd36zu/fuzzy-p10/tbd/masking/configs/binary/real_msi_segformer_b0.yaml
2026-05-02 07:19:29,067 [Trainer] :: Using seed=50 and device=None
2026-05-02 07:19:29,067 [Trainer] :: Using model architecture=Segformer encoder=mit_b0 encoder_weights=imagenet
2026-05-02 07:19:29,377 [Trainer] :: Resolved runtime device to cuda
2026-05-02 07:19:29,378 [Trainer] :: Prepared normalization from source=train_split_patch_stats
2026-05-02 07:19:33,702 [Trainer] :: Built dataloaders with batch_size=16, num_workers=0
2026-05-02 07:19:33,703 [Trainer] :: Starting epoch 1
2026-05-02 07:21:31,784 [Trainer] :: Completed epoch 1: train_loss=0.380398 train_iou=0.655576 val_loss=0.411462 val_iou=0.494517 lr=0.00010000
2026-05-02 07:21:31,868 [Trainer] :: Updated latest checkpoint at epoch 1
2026-05-02 07:21:31,967 [Trainer] :: New best checkpoint saved with val_iou=0.494517
2026-05-02 07:21:31,967 [Trainer] :: Starting epoch 2
2026-05-02 07:23:22,814 [Trainer] :: Completed epoch 2: train_loss=0.296472 train_iou=0.733907 val_loss=0.338156 val_iou=0.512059 lr=0.00009999
2026-05-02 07:23:23,017 [Trainer] :: Updated latest checkpoint at epoch 2
2026-05-02 07:23:23,101 [Trainer] :: New best checkpoint saved with val_iou=0.512059
2026-05-02 07:23:23,101 [Trainer] :: Starting epoch 3
2026-05-02 07:25:10,876 [Trainer] :: Completed epoch 3: train_loss=0.275285 train_iou=0.751737 val_loss=0.335104 val_iou=0.535049 lr=0.00009998
2026-05-02 07:25:10,970 [Trainer] :: Updated latest checkpoint at epoch 3
2026-05-02 07:25:11,082 [Trainer] :: New best checkpoint saved with val_iou=0.535049
2026-05-02 07:25:11,082 [Trainer] :: Starting epoch 4
2026-05-02 07:26:58,551 [Trainer] :: Completed epoch 4: train_loss=0.259388 train_iou=0.766638 val_loss=0.346097 val_iou=0.540177 lr=0.00009996
2026-05-02 07:26:58,643 [Trainer] :: Updated latest checkpoint at epoch 4
2026-05-02 07:26:58,730 [Trainer] :: New best checkpoint saved with val_iou=0.540177
2026-05-02 07:26:58,730 [Trainer] :: Starting epoch 5
2026-05-02 07:28:43,138 [Trainer] :: Completed epoch 5: train_loss=0.249560 train_iou=0.773027 val_loss=0.329900 val_iou=0.560161 lr=0.00009993
2026-05-02 07:28:43,227 [Trainer] :: Updated latest checkpoint at epoch 5
2026-05-02 07:28:43,320 [Trainer] :: New best checkpoint saved with val_iou=0.560161
2026-05-02 07:28:43,320 [Trainer] :: Starting epoch 6
2026-05-02 07:30:29,456 [Trainer] :: Completed epoch 6: train_loss=0.245502 train_iou=0.775739 val_loss=0.330987 val_iou=0.557446 lr=0.00009990
2026-05-02 07:30:29,557 [Trainer] :: Updated latest checkpoint at epoch 6
2026-05-02 07:30:29,557 [Trainer] :: No validation IoU improvement for 1 epoch(s)
2026-05-02 07:30:29,557 [Trainer] :: Starting epoch 7
2026-05-02 07:32:19,090 [Trainer] :: Completed epoch 7: train_loss=0.241180 train_iou=0.779343 val_loss=0.336879 val_iou=0.557080 lr=0.00009987
2026-05-02 07:32:19,179 [Trainer] :: Updated latest checkpoint at epoch 7
2026-05-02 07:32:19,180 [Trainer] :: No validation IoU improvement for 2 epoch(s)
2026-05-02 07:32:19,180 [Trainer] :: Starting epoch 8
2026-05-02 07:34:05,534 [Trainer] :: Completed epoch 8: train_loss=0.228709 train_iou=0.792735 val_loss=0.319623 val_iou=0.573754 lr=0.00009983
2026-05-02 07:34:05,626 [Trainer] :: Updated latest checkpoint at epoch 8
2026-05-02 07:34:05,715 [Trainer] :: New best checkpoint saved with val_iou=0.573754
2026-05-02 07:34:05,715 [Trainer] :: Starting epoch 9
2026-05-02 07:36:08,692 [Trainer] :: Completed epoch 9: train_loss=0.227875 train_iou=0.793273 val_loss=0.269903 val_iou=0.611517 lr=0.00009978
2026-05-02 07:36:08,786 [Trainer] :: Updated latest checkpoint at epoch 9
2026-05-02 07:36:08,930 [Trainer] :: New best checkpoint saved with val_iou=0.611517
2026-05-02 07:36:08,931 [Trainer] :: Starting epoch 10
2026-05-02 07:38:35,531 [Trainer] :: Completed epoch 10: train_loss=0.222194 train_iou=0.795802 val_loss=0.287086 val_iou=0.580925 lr=0.00009973
2026-05-02 07:38:35,630 [Trainer] :: Updated latest checkpoint at epoch 10
2026-05-02 07:38:35,631 [Trainer] :: No validation IoU improvement for 1 epoch(s)
2026-05-02 07:38:35,631 [Trainer] :: Starting epoch 11
2026-05-02 07:40:22,867 [Trainer] :: Completed epoch 11: train_loss=0.209876 train_iou=0.807243 val_loss=0.287606 val_iou=0.600157 lr=0.00009967
2026-05-02 07:40:22,971 [Trainer] :: Updated latest checkpoint at epoch 11
2026-05-02 07:40:22,971 [Trainer] :: No validation IoU improvement for 2 epoch(s)
2026-05-02 07:40:22,971 [Trainer] :: Starting epoch 12
2026-05-02 07:42:05,505 [Trainer] :: Completed epoch 12: train_loss=0.204008 train_iou=0.805844 val_loss=0.296009 val_iou=0.586037 lr=0.00009961
2026-05-02 07:42:05,590 [Trainer] :: Updated latest checkpoint at epoch 12
2026-05-02 07:42:05,591 [Trainer] :: No validation IoU improvement for 3 epoch(s)
2026-05-02 07:42:05,591 [Trainer] :: Starting epoch 13
2026-05-02 07:43:51,238 [Trainer] :: Completed epoch 13: train_loss=0.198831 train_iou=0.810511 val_loss=0.299702 val_iou=0.594626 lr=0.00009954
2026-05-02 07:43:51,358 [Trainer] :: Updated latest checkpoint at epoch 13
2026-05-02 07:43:51,358 [Trainer] :: No validation IoU improvement for 4 epoch(s)
2026-05-02 07:43:51,359 [Trainer] :: Starting epoch 14
2026-05-02 07:45:43,464 [Trainer] :: Completed epoch 14: train_loss=0.194672 train_iou=0.811444 val_loss=0.268939 val_iou=0.624051 lr=0.00009947
2026-05-02 07:45:43,609 [Trainer] :: Updated latest checkpoint at epoch 14
2026-05-02 07:45:43,773 [Trainer] :: New best checkpoint saved with val_iou=0.624051
2026-05-02 07:45:43,773 [Trainer] :: Starting epoch 15
2026-05-02 07:47:36,641 [Trainer] :: Completed epoch 15: train_loss=0.189178 train_iou=0.817404 val_loss=0.271559 val_iou=0.617799 lr=0.00009939
2026-05-02 07:47:36,744 [Trainer] :: Updated latest checkpoint at epoch 15
2026-05-02 07:47:36,744 [Trainer] :: No validation IoU improvement for 1 epoch(s)
2026-05-02 07:47:36,744 [Trainer] :: Starting epoch 16
2026-05-02 07:49:29,124 [Trainer] :: Completed epoch 16: train_loss=0.189247 train_iou=0.814640 val_loss=0.307511 val_iou=0.564727 lr=0.00009931
2026-05-02 07:49:29,266 [Trainer] :: Updated latest checkpoint at epoch 16
2026-05-02 07:49:29,266 [Trainer] :: No validation IoU improvement for 2 epoch(s)
2026-05-02 07:49:29,266 [Trainer] :: Starting epoch 17
2026-05-02 07:51:15,107 [Trainer] :: Completed epoch 17: train_loss=0.184412 train_iou=0.821056 val_loss=0.286475 val_iou=0.609239 lr=0.00009922
2026-05-02 07:51:15,202 [Trainer] :: Updated latest checkpoint at epoch 17
2026-05-02 07:51:15,202 [Trainer] :: No validation IoU improvement for 3 epoch(s)
2026-05-02 07:51:15,202 [Trainer] :: Starting epoch 18
2026-05-02 07:53:08,501 [Trainer] :: Completed epoch 18: train_loss=0.184207 train_iou=0.817739 val_loss=0.279339 val_iou=0.614822 lr=0.00009912
2026-05-02 07:53:08,590 [Trainer] :: Updated latest checkpoint at epoch 18
2026-05-02 07:53:08,590 [Trainer] :: No validation IoU improvement for 4 epoch(s)
2026-05-02 07:53:08,590 [Trainer] :: Starting epoch 19
2026-05-02 07:54:55,212 [Trainer] :: Completed epoch 19: train_loss=0.178046 train_iou=0.823307 val_loss=0.284336 val_iou=0.590308 lr=0.00009902
2026-05-02 07:54:55,430 [Trainer] :: Updated latest checkpoint at epoch 19
2026-05-02 07:54:55,431 [Trainer] :: No validation IoU improvement for 5 epoch(s)
2026-05-02 07:54:55,431 [Trainer] :: Starting epoch 20
2026-05-02 07:56:40,431 [Trainer] :: Completed epoch 20: train_loss=0.174599 train_iou=0.827244 val_loss=0.275870 val_iou=0.619047 lr=0.00009892
2026-05-02 07:56:40,524 [Trainer] :: Updated latest checkpoint at epoch 20
2026-05-02 07:56:40,524 [Trainer] :: No validation IoU improvement for 6 epoch(s)
2026-05-02 07:56:40,524 [Trainer] :: Starting epoch 21
2026-05-02 07:58:26,558 [Trainer] :: Completed epoch 21: train_loss=0.171199 train_iou=0.831702 val_loss=0.287285 val_iou=0.573280 lr=0.00009881
2026-05-02 07:58:26,644 [Trainer] :: Updated latest checkpoint at epoch 21
2026-05-02 07:58:26,644 [Trainer] :: No validation IoU improvement for 7 epoch(s)
2026-05-02 07:58:26,644 [Trainer] :: Starting epoch 22
2026-05-02 08:00:13,058 [Trainer] :: Completed epoch 22: train_loss=0.169248 train_iou=0.831267 val_loss=0.265327 val_iou=0.631786 lr=0.00009869
2026-05-02 08:00:13,158 [Trainer] :: Updated latest checkpoint at epoch 22
2026-05-02 08:00:13,240 [Trainer] :: New best checkpoint saved with val_iou=0.631786
2026-05-02 08:00:13,240 [Trainer] :: Starting epoch 23
2026-05-02 08:01:59,248 [Trainer] :: Completed epoch 23: train_loss=0.170241 train_iou=0.830596 val_loss=0.267290 val_iou=0.623303 lr=0.00009857
2026-05-02 08:01:59,366 [Trainer] :: Updated latest checkpoint at epoch 23
2026-05-02 08:01:59,367 [Trainer] :: No validation IoU improvement for 1 epoch(s)
2026-05-02 08:01:59,367 [Trainer] :: Starting epoch 24
2026-05-02 08:03:54,576 [Trainer] :: Completed epoch 24: train_loss=0.162257 train_iou=0.839041 val_loss=0.281352 val_iou=0.606677 lr=0.00009844
2026-05-02 08:03:54,670 [Trainer] :: Updated latest checkpoint at epoch 24
2026-05-02 08:03:54,670 [Trainer] :: No validation IoU improvement for 2 epoch(s)
2026-05-02 08:03:54,670 [Trainer] :: Starting epoch 25
2026-05-02 08:05:42,349 [Trainer] :: Completed epoch 25: train_loss=0.162399 train_iou=0.835971 val_loss=0.275560 val_iou=0.622890 lr=0.00009831
2026-05-02 08:05:42,438 [Trainer] :: Updated latest checkpoint at epoch 25
2026-05-02 08:05:42,438 [Trainer] :: No validation IoU improvement for 3 epoch(s)
2026-05-02 08:05:42,438 [Trainer] :: Starting epoch 26
2026-05-02 08:07:33,608 [Trainer] :: Completed epoch 26: train_loss=0.161507 train_iou=0.835056 val_loss=0.351705 val_iou=0.550989 lr=0.00009818
2026-05-02 08:07:33,714 [Trainer] :: Updated latest checkpoint at epoch 26
2026-05-02 08:07:33,714 [Trainer] :: No validation IoU improvement for 4 epoch(s)
2026-05-02 08:07:33,714 [Trainer] :: Starting epoch 27
2026-05-02 08:09:17,644 [Trainer] :: Completed epoch 27: train_loss=0.157346 train_iou=0.841695 val_loss=0.283843 val_iou=0.607880 lr=0.00009803
2026-05-02 08:09:17,743 [Trainer] :: Updated latest checkpoint at epoch 27
2026-05-02 08:09:17,744 [Trainer] :: No validation IoU improvement for 5 epoch(s)
2026-05-02 08:09:17,744 [Trainer] :: Starting epoch 28
2026-05-02 08:11:00,736 [Trainer] :: Completed epoch 28: train_loss=0.158980 train_iou=0.841378 val_loss=0.278397 val_iou=0.590857 lr=0.00009789
2026-05-02 08:11:00,828 [Trainer] :: Updated latest checkpoint at epoch 28
2026-05-02 08:11:00,828 [Trainer] :: No validation IoU improvement for 6 epoch(s)
2026-05-02 08:11:00,828 [Trainer] :: Starting epoch 29
2026-05-02 08:12:45,620 [Trainer] :: Completed epoch 29: train_loss=0.151437 train_iou=0.845197 val_loss=0.280845 val_iou=0.618678 lr=0.00009773
2026-05-02 08:12:45,752 [Trainer] :: Updated latest checkpoint at epoch 29
2026-05-02 08:12:45,752 [Trainer] :: No validation IoU improvement for 7 epoch(s)
2026-05-02 08:12:45,752 [Trainer] :: Starting epoch 30
2026-05-02 08:14:36,563 [Trainer] :: Completed epoch 30: train_loss=0.150877 train_iou=0.844173 val_loss=0.360774 val_iou=0.530574 lr=0.00009758
2026-05-02 08:14:36,648 [Trainer] :: Updated latest checkpoint at epoch 30
2026-05-02 08:14:36,648 [Trainer] :: No validation IoU improvement for 8 epoch(s)
2026-05-02 08:14:36,648 [Trainer] :: Starting epoch 31
2026-05-02 08:16:23,098 [Trainer] :: Completed epoch 31: train_loss=0.148126 train_iou=0.850022 val_loss=0.274999 val_iou=0.629792 lr=0.00009741
2026-05-02 08:16:23,187 [Trainer] :: Updated latest checkpoint at epoch 31
2026-05-02 08:16:23,187 [Trainer] :: No validation IoU improvement for 9 epoch(s)
2026-05-02 08:16:23,187 [Trainer] :: Starting epoch 32
2026-05-02 08:18:08,069 [Trainer] :: Completed epoch 32: train_loss=0.147412 train_iou=0.847797 val_loss=0.271860 val_iou=0.629239 lr=0.00009725
2026-05-02 08:18:08,163 [Trainer] :: Updated latest checkpoint at epoch 32
2026-05-02 08:18:08,163 [Trainer] :: No validation IoU improvement for 10 epoch(s)
2026-05-02 08:18:08,163 [Trainer] :: Starting epoch 33
2026-05-02 08:19:56,416 [Trainer] :: Completed epoch 33: train_loss=0.143751 train_iou=0.853067 val_loss=0.271189 val_iou=0.629456 lr=0.00009707
2026-05-02 08:19:56,505 [Trainer] :: Updated latest checkpoint at epoch 33
2026-05-02 08:19:56,505 [Trainer] :: No validation IoU improvement for 11 epoch(s)
2026-05-02 08:19:56,505 [Trainer] :: Starting epoch 34
2026-05-02 08:21:39,150 [Trainer] :: Completed epoch 34: train_loss=0.145171 train_iou=0.850976 val_loss=0.276812 val_iou=0.632588 lr=0.00009690
2026-05-02 08:21:39,245 [Trainer] :: Updated latest checkpoint at epoch 34
2026-05-02 08:21:39,334 [Trainer] :: New best checkpoint saved with val_iou=0.632588
2026-05-02 08:21:39,334 [Trainer] :: Starting epoch 35
2026-05-02 08:23:24,855 [Trainer] :: Completed epoch 35: train_loss=0.142442 train_iou=0.853767 val_loss=0.277470 val_iou=0.632316 lr=0.00009671
2026-05-02 08:23:24,965 [Trainer] :: Updated latest checkpoint at epoch 35
2026-05-02 08:23:24,965 [Trainer] :: No validation IoU improvement for 1 epoch(s)
2026-05-02 08:23:24,965 [Trainer] :: Starting epoch 36
2026-05-02 08:25:10,060 [Trainer] :: Completed epoch 36: train_loss=0.143602 train_iou=0.853655 val_loss=0.339971 val_iou=0.568490 lr=0.00009652
2026-05-02 08:25:10,515 [Trainer] :: Updated latest checkpoint at epoch 36
2026-05-02 08:25:10,515 [Trainer] :: No validation IoU improvement for 2 epoch(s)
2026-05-02 08:25:10,515 [Trainer] :: Starting epoch 37
2026-05-02 08:26:59,586 [Trainer] :: Completed epoch 37: train_loss=0.138891 train_iou=0.857931 val_loss=0.288493 val_iou=0.614592 lr=0.00009633
2026-05-02 08:26:59,678 [Trainer] :: Updated latest checkpoint at epoch 37
2026-05-02 08:26:59,678 [Trainer] :: No validation IoU improvement for 3 epoch(s)
2026-05-02 08:26:59,678 [Trainer] :: Starting epoch 38
2026-05-02 08:28:45,823 [Trainer] :: Completed epoch 38: train_loss=0.134620 train_iou=0.859674 val_loss=0.284567 val_iou=0.617772 lr=0.00009613
2026-05-02 08:28:45,911 [Trainer] :: Updated latest checkpoint at epoch 38
2026-05-02 08:28:45,912 [Trainer] :: No validation IoU improvement for 4 epoch(s)
2026-05-02 08:28:45,912 [Trainer] :: Starting epoch 39
2026-05-02 08:30:29,026 [Trainer] :: Completed epoch 39: train_loss=0.135241 train_iou=0.859333 val_loss=0.290885 val_iou=0.606293 lr=0.00009593
2026-05-02 08:30:29,120 [Trainer] :: Updated latest checkpoint at epoch 39
2026-05-02 08:30:29,120 [Trainer] :: No validation IoU improvement for 5 epoch(s)
2026-05-02 08:30:29,120 [Trainer] :: Starting epoch 40
2026-05-02 08:32:11,179 [Trainer] :: Completed epoch 40: train_loss=0.138632 train_iou=0.856676 val_loss=0.279834 val_iou=0.620275 lr=0.00009572
2026-05-02 08:32:11,270 [Trainer] :: Updated latest checkpoint at epoch 40
2026-05-02 08:32:11,270 [Trainer] :: No validation IoU improvement for 6 epoch(s)
2026-05-02 08:32:11,270 [Trainer] :: Starting epoch 41
2026-05-02 08:33:52,614 [Trainer] :: Completed epoch 41: train_loss=0.133495 train_iou=0.861247 val_loss=0.337279 val_iou=0.572151 lr=0.00009551
2026-05-02 08:33:52,705 [Trainer] :: Updated latest checkpoint at epoch 41
2026-05-02 08:33:52,705 [Trainer] :: No validation IoU improvement for 7 epoch(s)
2026-05-02 08:33:52,705 [Trainer] :: Starting epoch 42
2026-05-02 08:35:34,842 [Trainer] :: Completed epoch 42: train_loss=0.129342 train_iou=0.863967 val_loss=0.278544 val_iou=0.626370 lr=0.00009529
2026-05-02 08:35:34,926 [Trainer] :: Updated latest checkpoint at epoch 42
2026-05-02 08:35:34,926 [Trainer] :: No validation IoU improvement for 8 epoch(s)
2026-05-02 08:35:34,926 [Trainer] :: Starting epoch 43
2026-05-02 08:37:19,712 [Trainer] :: Completed epoch 43: train_loss=0.133126 train_iou=0.863823 val_loss=0.272609 val_iou=0.636138 lr=0.00009507
2026-05-02 08:37:20,181 [Trainer] :: Updated latest checkpoint at epoch 43
2026-05-02 08:37:20,292 [Trainer] :: New best checkpoint saved with val_iou=0.636138
2026-05-02 08:37:20,292 [Trainer] :: Starting epoch 44
2026-05-02 08:39:10,290 [Trainer] :: Completed epoch 44: train_loss=0.128289 train_iou=0.866265 val_loss=0.294591 val_iou=0.610137 lr=0.00009484
2026-05-02 08:39:10,409 [Trainer] :: Updated latest checkpoint at epoch 44
2026-05-02 08:39:10,409 [Trainer] :: No validation IoU improvement for 1 epoch(s)
2026-05-02 08:39:10,409 [Trainer] :: Starting epoch 45
2026-05-02 08:40:57,179 [Trainer] :: Completed epoch 45: train_loss=0.128558 train_iou=0.867168 val_loss=0.282276 val_iou=0.619179 lr=0.00009460
2026-05-02 08:40:57,284 [Trainer] :: Updated latest checkpoint at epoch 45
2026-05-02 08:40:57,284 [Trainer] :: No validation IoU improvement for 2 epoch(s)
2026-05-02 08:40:57,284 [Trainer] :: Starting epoch 46
2026-05-02 08:42:41,506 [Trainer] :: Completed epoch 46: train_loss=0.121544 train_iou=0.872335 val_loss=0.279763 val_iou=0.625699 lr=0.00009437
2026-05-02 08:42:41,586 [Trainer] :: Updated latest checkpoint at epoch 46
2026-05-02 08:42:41,586 [Trainer] :: No validation IoU improvement for 3 epoch(s)
2026-05-02 08:42:41,586 [Trainer] :: Starting epoch 47
2026-05-02 08:44:26,630 [Trainer] :: Completed epoch 47: train_loss=0.127018 train_iou=0.867425 val_loss=0.323234 val_iou=0.588378 lr=0.00009412
2026-05-02 08:44:26,712 [Trainer] :: Updated latest checkpoint at epoch 47
2026-05-02 08:44:26,712 [Trainer] :: No validation IoU improvement for 4 epoch(s)
2026-05-02 08:44:26,712 [Trainer] :: Starting epoch 48
2026-05-02 08:46:10,876 [Trainer] :: Completed epoch 48: train_loss=0.129125 train_iou=0.864993 val_loss=0.280986 val_iou=0.622499 lr=0.00009388
2026-05-02 08:46:11,017 [Trainer] :: Updated latest checkpoint at epoch 48
2026-05-02 08:46:11,017 [Trainer] :: No validation IoU improvement for 5 epoch(s)
2026-05-02 08:46:11,017 [Trainer] :: Starting epoch 49
2026-05-02 08:47:58,415 [Trainer] :: Completed epoch 49: train_loss=0.124491 train_iou=0.870911 val_loss=0.269369 val_iou=0.632828 lr=0.00009363
2026-05-02 08:47:58,506 [Trainer] :: Updated latest checkpoint at epoch 49
2026-05-02 08:47:58,506 [Trainer] :: No validation IoU improvement for 6 epoch(s)
2026-05-02 08:47:58,506 [Trainer] :: Starting epoch 50
2026-05-02 08:49:46,834 [Trainer] :: Completed epoch 50: train_loss=0.121490 train_iou=0.872793 val_loss=0.297838 val_iou=0.621396 lr=0.00009337
2026-05-02 08:49:46,928 [Trainer] :: Updated latest checkpoint at epoch 50
2026-05-02 08:49:46,928 [Trainer] :: No validation IoU improvement for 7 epoch(s)
2026-05-02 08:49:46,928 [Trainer] :: Starting epoch 51
2026-05-02 08:51:43,666 [Trainer] :: Completed epoch 51: train_loss=0.122159 train_iou=0.873730 val_loss=0.270278 val_iou=0.633518 lr=0.00009311
2026-05-02 08:51:43,748 [Trainer] :: Updated latest checkpoint at epoch 51
2026-05-02 08:51:43,748 [Trainer] :: No validation IoU improvement for 8 epoch(s)
2026-05-02 08:51:43,748 [Trainer] :: Starting epoch 52
2026-05-02 08:53:37,058 [Trainer] :: Completed epoch 52: train_loss=0.117931 train_iou=0.876066 val_loss=0.282654 val_iou=0.619119 lr=0.00009284
2026-05-02 08:53:37,155 [Trainer] :: Updated latest checkpoint at epoch 52
2026-05-02 08:53:37,155 [Trainer] :: No validation IoU improvement for 9 epoch(s)
2026-05-02 08:53:37,155 [Trainer] :: Starting epoch 53
2026-05-02 08:55:24,886 [Trainer] :: Completed epoch 53: train_loss=0.117373 train_iou=0.876211 val_loss=0.271626 val_iou=0.635447 lr=0.00009257
2026-05-02 08:55:25,184 [Trainer] :: Updated latest checkpoint at epoch 53
2026-05-02 08:55:25,184 [Trainer] :: No validation IoU improvement for 10 epoch(s)
2026-05-02 08:55:25,184 [Trainer] :: Starting epoch 54
2026-05-02 08:57:09,806 [Trainer] :: Completed epoch 54: train_loss=0.116068 train_iou=0.879662 val_loss=0.278375 val_iou=0.628259 lr=0.00009229
2026-05-02 08:57:09,905 [Trainer] :: Updated latest checkpoint at epoch 54
2026-05-02 08:57:09,905 [Trainer] :: No validation IoU improvement for 11 epoch(s)
2026-05-02 08:57:09,905 [Trainer] :: Starting epoch 55
2026-05-02 08:58:59,600 [Trainer] :: Completed epoch 55: train_loss=0.113707 train_iou=0.881563 val_loss=0.285868 val_iou=0.628832 lr=0.00009201
2026-05-02 08:58:59,696 [Trainer] :: Updated latest checkpoint at epoch 55
2026-05-02 08:58:59,696 [Trainer] :: No validation IoU improvement for 12 epoch(s)
2026-05-02 08:58:59,696 [Trainer] :: Starting epoch 56
2026-05-02 09:00:55,087 [Trainer] :: Completed epoch 56: train_loss=0.114624 train_iou=0.878569 val_loss=0.289916 val_iou=0.623579 lr=0.00009173
2026-05-02 09:00:55,176 [Trainer] :: Updated latest checkpoint at epoch 56
2026-05-02 09:00:55,177 [Trainer] :: No validation IoU improvement for 13 epoch(s)
2026-05-02 09:00:55,177 [Trainer] :: Starting epoch 57
2026-05-02 09:02:40,338 [Trainer] :: Completed epoch 57: train_loss=0.112459 train_iou=0.881575 val_loss=0.289279 val_iou=0.623639 lr=0.00009144
2026-05-02 09:02:40,426 [Trainer] :: Updated latest checkpoint at epoch 57
2026-05-02 09:02:40,427 [Trainer] :: No validation IoU improvement for 14 epoch(s)
2026-05-02 09:02:40,427 [Trainer] :: Starting epoch 58
2026-05-02 09:04:30,120 [Trainer] :: Completed epoch 58: train_loss=0.110724 train_iou=0.883278 val_loss=0.300620 val_iou=0.612186 lr=0.00009115
2026-05-02 09:04:30,245 [Trainer] :: Updated latest checkpoint at epoch 58
2026-05-02 09:04:30,245 [Trainer] :: No validation IoU improvement for 15 epoch(s)
2026-05-02 09:04:30,245 [Trainer] :: Starting epoch 59
2026-05-02 09:06:23,261 [Trainer] :: Completed epoch 59: train_loss=0.111135 train_iou=0.883205 val_loss=0.293274 val_iou=0.616253 lr=0.00009085
2026-05-02 09:06:23,414 [Trainer] :: Updated latest checkpoint at epoch 59
2026-05-02 09:06:23,415 [Trainer] :: No validation IoU improvement for 16 epoch(s)
2026-05-02 09:06:23,415 [Trainer] :: Starting epoch 60
2026-05-02 09:08:15,040 [Trainer] :: Completed epoch 60: train_loss=0.110124 train_iou=0.882877 val_loss=0.289674 val_iou=0.618385 lr=0.00009055
2026-05-02 09:08:15,134 [Trainer] :: Updated latest checkpoint at epoch 60
2026-05-02 09:08:15,135 [Trainer] :: No validation IoU improvement for 17 epoch(s)
2026-05-02 09:08:15,135 [Trainer] :: Starting epoch 61
2026-05-02 09:10:01,566 [Trainer] :: Completed epoch 61: train_loss=0.108546 train_iou=0.885264 val_loss=0.276606 val_iou=0.637318 lr=0.00009024
2026-05-02 09:10:01,697 [Trainer] :: Updated latest checkpoint at epoch 61
2026-05-02 09:10:01,822 [Trainer] :: New best checkpoint saved with val_iou=0.637318
2026-05-02 09:10:01,822 [Trainer] :: Starting epoch 62
2026-05-02 09:11:51,887 [Trainer] :: Completed epoch 62: train_loss=0.105816 train_iou=0.887116 val_loss=0.295057 val_iou=0.616520 lr=0.00008993
2026-05-02 09:11:51,983 [Trainer] :: Updated latest checkpoint at epoch 62
2026-05-02 09:11:51,983 [Trainer] :: No validation IoU improvement for 1 epoch(s)
2026-05-02 09:11:51,983 [Trainer] :: Starting epoch 63
2026-05-02 09:13:40,734 [Trainer] :: Completed epoch 63: train_loss=0.107418 train_iou=0.886069 val_loss=0.293026 val_iou=0.622670 lr=0.00008961
2026-05-02 09:13:40,833 [Trainer] :: Updated latest checkpoint at epoch 63
2026-05-02 09:13:40,833 [Trainer] :: No validation IoU improvement for 2 epoch(s)
2026-05-02 09:13:40,833 [Trainer] :: Starting epoch 64
2026-05-02 09:15:27,123 [Trainer] :: Completed epoch 64: train_loss=0.109498 train_iou=0.884441 val_loss=0.280014 val_iou=0.631240 lr=0.00008929
2026-05-02 09:15:27,219 [Trainer] :: Updated latest checkpoint at epoch 64
2026-05-02 09:15:27,219 [Trainer] :: No validation IoU improvement for 3 epoch(s)
2026-05-02 09:15:27,219 [Trainer] :: Starting epoch 65
2026-05-02 09:17:11,124 [Trainer] :: Completed epoch 65: train_loss=0.105027 train_iou=0.886756 val_loss=0.296058 val_iou=0.628115 lr=0.00008897
2026-05-02 09:17:11,291 [Trainer] :: Updated latest checkpoint at epoch 65
2026-05-02 09:17:11,291 [Trainer] :: No validation IoU improvement for 4 epoch(s)
2026-05-02 09:17:11,291 [Trainer] :: Starting epoch 66
2026-05-02 09:18:54,670 [Trainer] :: Completed epoch 66: train_loss=0.104929 train_iou=0.890730 val_loss=0.299067 val_iou=0.614188 lr=0.00008864
2026-05-02 09:18:54,767 [Trainer] :: Updated latest checkpoint at epoch 66
2026-05-02 09:18:54,767 [Trainer] :: No validation IoU improvement for 5 epoch(s)
2026-05-02 09:18:54,767 [Trainer] :: Starting epoch 67
2026-05-02 09:20:36,699 [Trainer] :: Completed epoch 67: train_loss=0.104403 train_iou=0.890188 val_loss=0.295319 val_iou=0.620168 lr=0.00008831
2026-05-02 09:20:36,800 [Trainer] :: Updated latest checkpoint at epoch 67
2026-05-02 09:20:36,801 [Trainer] :: No validation IoU improvement for 6 epoch(s)
2026-05-02 09:20:36,801 [Trainer] :: Starting epoch 68
2026-05-02 09:22:19,511 [Trainer] :: Completed epoch 68: train_loss=0.100585 train_iou=0.894371 val_loss=0.294836 val_iou=0.625012 lr=0.00008797
2026-05-02 09:22:19,602 [Trainer] :: Updated latest checkpoint at epoch 68
2026-05-02 09:22:19,602 [Trainer] :: No validation IoU improvement for 7 epoch(s)
2026-05-02 09:22:19,602 [Trainer] :: Starting epoch 69
2026-05-02 09:24:02,820 [Trainer] :: Completed epoch 69: train_loss=0.102532 train_iou=0.891025 val_loss=0.301992 val_iou=0.609263 lr=0.00008763
2026-05-02 09:24:02,934 [Trainer] :: Updated latest checkpoint at epoch 69
2026-05-02 09:24:02,934 [Trainer] :: No validation IoU improvement for 8 epoch(s)
2026-05-02 09:24:02,934 [Trainer] :: Starting epoch 70
2026-05-02 09:25:44,984 [Trainer] :: Completed epoch 70: train_loss=0.103691 train_iou=0.889938 val_loss=0.296068 val_iou=0.626317 lr=0.00008729
2026-05-02 09:25:45,079 [Trainer] :: Updated latest checkpoint at epoch 70
2026-05-02 09:25:45,080 [Trainer] :: No validation IoU improvement for 9 epoch(s)
2026-05-02 09:25:45,080 [Trainer] :: Starting epoch 71
2026-05-02 09:27:31,161 [Trainer] :: Completed epoch 71: train_loss=0.099206 train_iou=0.892491 val_loss=0.294998 val_iou=0.621376 lr=0.00008694
2026-05-02 09:27:31,250 [Trainer] :: Updated latest checkpoint at epoch 71
2026-05-02 09:27:31,251 [Trainer] :: No validation IoU improvement for 10 epoch(s)
2026-05-02 09:27:31,251 [Trainer] :: Starting epoch 72
2026-05-02 09:29:19,462 [Trainer] :: Completed epoch 72: train_loss=0.101085 train_iou=0.893009 val_loss=0.292424 val_iou=0.621333 lr=0.00008658
2026-05-02 09:29:19,639 [Trainer] :: Updated latest checkpoint at epoch 72
2026-05-02 09:29:19,639 [Trainer] :: No validation IoU improvement for 11 epoch(s)
2026-05-02 09:29:19,640 [Trainer] :: Starting epoch 73
2026-05-02 09:31:06,038 [Trainer] :: Completed epoch 73: train_loss=0.098757 train_iou=0.896562 val_loss=0.296566 val_iou=0.620227 lr=0.00008623
2026-05-02 09:31:06,124 [Trainer] :: Updated latest checkpoint at epoch 73
2026-05-02 09:31:06,125 [Trainer] :: No validation IoU improvement for 12 epoch(s)
2026-05-02 09:31:06,125 [Trainer] :: Starting epoch 74
2026-05-02 09:32:51,565 [Trainer] :: Completed epoch 74: train_loss=0.099339 train_iou=0.895238 val_loss=0.300266 val_iou=0.622355 lr=0.00008587
2026-05-02 09:32:51,667 [Trainer] :: Updated latest checkpoint at epoch 74
2026-05-02 09:32:51,667 [Trainer] :: No validation IoU improvement for 13 epoch(s)
2026-05-02 09:32:51,667 [Trainer] :: Starting epoch 75
2026-05-02 09:34:36,115 [Trainer] :: Completed epoch 75: train_loss=0.096348 train_iou=0.896370 val_loss=0.304977 val_iou=0.611842 lr=0.00008550
2026-05-02 09:34:36,211 [Trainer] :: Updated latest checkpoint at epoch 75
2026-05-02 09:34:36,211 [Trainer] :: No validation IoU improvement for 14 epoch(s)
2026-05-02 09:34:36,212 [Trainer] :: Starting epoch 76
2026-05-02 09:36:18,307 [Trainer] :: Completed epoch 76: train_loss=0.096434 train_iou=0.898761 val_loss=0.293836 val_iou=0.619446 lr=0.00008513
2026-05-02 09:36:18,450 [Trainer] :: Updated latest checkpoint at epoch 76
2026-05-02 09:36:18,450 [Trainer] :: No validation IoU improvement for 15 epoch(s)
2026-05-02 09:36:18,450 [Trainer] :: Starting epoch 77
2026-05-02 09:38:01,824 [Trainer] :: Completed epoch 77: train_loss=0.097041 train_iou=0.896248 val_loss=0.312178 val_iou=0.607647 lr=0.00008476
2026-05-02 09:38:02,056 [Trainer] :: Updated latest checkpoint at epoch 77
2026-05-02 09:38:02,056 [Trainer] :: No validation IoU improvement for 16 epoch(s)
2026-05-02 09:38:02,056 [Trainer] :: Starting epoch 78
2026-05-02 09:39:43,534 [Trainer] :: Completed epoch 78: train_loss=0.099579 train_iou=0.896660 val_loss=0.311589 val_iou=0.604849 lr=0.00008439
2026-05-02 09:39:43,626 [Trainer] :: Updated latest checkpoint at epoch 78
2026-05-02 09:39:43,627 [Trainer] :: No validation IoU improvement for 17 epoch(s)
2026-05-02 09:39:43,627 [Trainer] :: Starting epoch 79
2026-05-02 09:41:25,649 [Trainer] :: Completed epoch 79: train_loss=0.097361 train_iou=0.896207 val_loss=0.299081 val_iou=0.624643 lr=0.00008401
2026-05-02 09:41:25,746 [Trainer] :: Updated latest checkpoint at epoch 79
2026-05-02 09:41:25,746 [Trainer] :: No validation IoU improvement for 18 epoch(s)
2026-05-02 09:41:25,746 [Trainer] :: Starting epoch 80
2026-05-02 09:43:13,728 [Trainer] :: Completed epoch 80: train_loss=0.095353 train_iou=0.897633 val_loss=0.303670 val_iou=0.617559 lr=0.00008362
2026-05-02 09:43:13,820 [Trainer] :: Updated latest checkpoint at epoch 80
2026-05-02 09:43:13,820 [Trainer] :: No validation IoU improvement for 19 epoch(s)
2026-05-02 09:43:13,820 [Trainer] :: Starting epoch 81
2026-05-02 09:44:56,591 [Trainer] :: Completed epoch 81: train_loss=0.094263 train_iou=0.901239 val_loss=0.303586 val_iou=0.624283 lr=0.00008323
2026-05-02 09:44:56,679 [Trainer] :: Updated latest checkpoint at epoch 81
2026-05-02 09:44:56,679 [Trainer] :: No validation IoU improvement for 20 epoch(s)
2026-05-02 09:44:56,679 [Trainer] :: Starting epoch 82
2026-05-02 09:46:38,216 [Trainer] :: Completed epoch 82: train_loss=0.095452 train_iou=0.899533 val_loss=0.299093 val_iou=0.620194 lr=0.00008284
2026-05-02 09:46:38,313 [Trainer] :: Updated latest checkpoint at epoch 82
2026-05-02 09:46:38,313 [Trainer] :: No validation IoU improvement for 21 epoch(s)
2026-05-02 09:46:38,314 [Trainer] :: Starting epoch 83
2026-05-02 09:48:22,055 [Trainer] :: Completed epoch 83: train_loss=0.092371 train_iou=0.901631 val_loss=0.318640 val_iou=0.603826 lr=0.00008245
2026-05-02 09:48:22,146 [Trainer] :: Updated latest checkpoint at epoch 83
2026-05-02 09:48:22,146 [Trainer] :: No validation IoU improvement for 22 epoch(s)
2026-05-02 09:48:22,146 [Trainer] :: Starting epoch 84
2026-05-02 09:50:07,716 [Trainer] :: Completed epoch 84: train_loss=0.091754 train_iou=0.902039 val_loss=0.310364 val_iou=0.613493 lr=0.00008205
2026-05-02 09:50:07,895 [Trainer] :: Updated latest checkpoint at epoch 84
2026-05-02 09:50:07,895 [Trainer] :: No validation IoU improvement for 23 epoch(s)
2026-05-02 09:50:07,895 [Trainer] :: Starting epoch 85
2026-05-02 09:52:01,610 [Trainer] :: Completed epoch 85: train_loss=0.090569 train_iou=0.903444 val_loss=0.323269 val_iou=0.607985 lr=0.00008165
2026-05-02 09:52:01,706 [Trainer] :: Updated latest checkpoint at epoch 85
2026-05-02 09:52:01,706 [Trainer] :: No validation IoU improvement for 24 epoch(s)
2026-05-02 09:52:01,706 [Trainer] :: Starting epoch 86
2026-05-02 09:53:49,723 [Trainer] :: Completed epoch 86: train_loss=0.091502 train_iou=0.902962 val_loss=0.297259 val_iou=0.621958 lr=0.00008125
2026-05-02 09:53:49,820 [Trainer] :: Updated latest checkpoint at epoch 86
2026-05-02 09:53:49,820 [Trainer] :: No validation IoU improvement for 25 epoch(s)
2026-05-02 09:53:49,820 [Trainer] :: Starting epoch 87
2026-05-02 09:55:35,802 [Trainer] :: Completed epoch 87: train_loss=0.091683 train_iou=0.901683 val_loss=0.306965 val_iou=0.622412 lr=0.00008084
2026-05-02 09:55:35,890 [Trainer] :: Updated latest checkpoint at epoch 87
2026-05-02 09:55:35,890 [Trainer] :: No validation IoU improvement for 26 epoch(s)
2026-05-02 09:55:35,890 [Trainer] :: Starting epoch 88
2026-05-02 09:57:25,670 [Trainer] :: Completed epoch 88: train_loss=0.089550 train_iou=0.903572 val_loss=0.297419 val_iou=0.625608 lr=0.00008043
2026-05-02 09:57:26,098 [Trainer] :: Updated latest checkpoint at epoch 88
2026-05-02 09:57:26,098 [Trainer] :: No validation IoU improvement for 27 epoch(s)
2026-05-02 09:57:26,098 [Trainer] :: Starting epoch 89
2026-05-02 09:59:23,340 [Trainer] :: Completed epoch 89: train_loss=0.090326 train_iou=0.903778 val_loss=0.293694 val_iou=0.628641 lr=0.00008001
2026-05-02 09:59:23,464 [Trainer] :: Updated latest checkpoint at epoch 89
2026-05-02 09:59:23,464 [Trainer] :: No validation IoU improvement for 28 epoch(s)
2026-05-02 09:59:23,464 [Trainer] :: Starting epoch 90
2026-05-02 10:01:29,168 [Trainer] :: Completed epoch 90: train_loss=0.088422 train_iou=0.905095 val_loss=0.311436 val_iou=0.617138 lr=0.00007960
2026-05-02 10:01:29,329 [Trainer] :: Updated latest checkpoint at epoch 90
2026-05-02 10:01:29,329 [Trainer] :: No validation IoU improvement for 29 epoch(s)
2026-05-02 10:01:29,329 [Trainer] :: Starting epoch 91
2026-05-02 10:03:20,651 [Trainer] :: Completed epoch 91: train_loss=0.092951 train_iou=0.902177 val_loss=0.296784 val_iou=0.628824 lr=0.00007917
2026-05-02 10:03:20,787 [Trainer] :: Updated latest checkpoint at epoch 91
2026-05-02 10:03:20,787 [Trainer] :: No validation IoU improvement for 30 epoch(s)
2026-05-02 10:03:20,787 [Trainer] :: Starting epoch 92
2026-05-02 10:05:11,052 [Trainer] :: Completed epoch 92: train_loss=0.085931 train_iou=0.907360 val_loss=0.304721 val_iou=0.613878 lr=0.00007875
2026-05-02 10:05:11,163 [Trainer] :: Updated latest checkpoint at epoch 92
2026-05-02 10:05:11,163 [Trainer] :: No validation IoU improvement for 31 epoch(s)
2026-05-02 10:05:11,163 [Trainer] :: Starting epoch 93
2026-05-02 10:06:56,738 [Trainer] :: Completed epoch 93: train_loss=0.090725 train_iou=0.901656 val_loss=0.302513 val_iou=0.620607 lr=0.00007832
2026-05-02 10:06:57,047 [Trainer] :: Updated latest checkpoint at epoch 93
2026-05-02 10:06:57,048 [Trainer] :: No validation IoU improvement for 32 epoch(s)
2026-05-02 10:06:57,048 [Trainer] :: Starting epoch 94
2026-05-02 10:08:46,770 [Trainer] :: Completed epoch 94: train_loss=0.085766 train_iou=0.907672 val_loss=0.285138 val_iou=0.633496 lr=0.00007789
2026-05-02 10:08:46,909 [Trainer] :: Updated latest checkpoint at epoch 94
2026-05-02 10:08:46,909 [Trainer] :: No validation IoU improvement for 33 epoch(s)
2026-05-02 10:08:46,910 [Trainer] :: Starting epoch 95
2026-05-02 10:10:31,043 [Trainer] :: Completed epoch 95: train_loss=0.085351 train_iou=0.908753 val_loss=0.306013 val_iou=0.620302 lr=0.00007746
2026-05-02 10:10:31,150 [Trainer] :: Updated latest checkpoint at epoch 95
2026-05-02 10:10:31,150 [Trainer] :: No validation IoU improvement for 34 epoch(s)
2026-05-02 10:10:31,150 [Trainer] :: Starting epoch 96
2026-05-02 10:12:17,781 [Trainer] :: Completed epoch 96: train_loss=0.084536 train_iou=0.907753 val_loss=0.301818 val_iou=0.623579 lr=0.00007702
2026-05-02 10:12:17,870 [Trainer] :: Updated latest checkpoint at epoch 96
2026-05-02 10:12:17,871 [Trainer] :: No validation IoU improvement for 35 epoch(s)
2026-05-02 10:12:17,871 [Trainer] :: Starting epoch 97
2026-05-02 10:14:08,139 [Trainer] :: Completed epoch 97: train_loss=0.086817 train_iou=0.906729 val_loss=0.313116 val_iou=0.608356 lr=0.00007658
2026-05-02 10:14:08,232 [Trainer] :: Updated latest checkpoint at epoch 97
2026-05-02 10:14:08,232 [Trainer] :: No validation IoU improvement for 36 epoch(s)
2026-05-02 10:14:08,232 [Trainer] :: Starting epoch 98
2026-05-02 10:15:53,330 [Trainer] :: Completed epoch 98: train_loss=0.085227 train_iou=0.907166 val_loss=0.304175 val_iou=0.617827 lr=0.00007614
2026-05-02 10:15:53,433 [Trainer] :: Updated latest checkpoint at epoch 98
2026-05-02 10:15:53,433 [Trainer] :: No validation IoU improvement for 37 epoch(s)
2026-05-02 10:15:53,433 [Trainer] :: Starting epoch 99
2026-05-02 10:17:38,912 [Trainer] :: Completed epoch 99: train_loss=0.082863 train_iou=0.910074 val_loss=0.306914 val_iou=0.616640 lr=0.00007570
2026-05-02 10:17:39,017 [Trainer] :: Updated latest checkpoint at epoch 99
2026-05-02 10:17:39,017 [Trainer] :: No validation IoU improvement for 38 epoch(s)
2026-05-02 10:17:39,017 [Trainer] :: Starting epoch 100
2026-05-02 10:19:21,551 [Trainer] :: Completed epoch 100: train_loss=0.084952 train_iou=0.908362 val_loss=0.300679 val_iou=0.625105 lr=0.00007525
2026-05-02 10:19:21,766 [Trainer] :: Updated latest checkpoint at epoch 100
2026-05-02 10:19:21,766 [Trainer] :: No validation IoU improvement for 39 epoch(s)
2026-05-02 10:19:21,766 [Trainer] :: Starting epoch 101
2026-05-02 10:21:12,965 [Trainer] :: Completed epoch 101: train_loss=0.080871 train_iou=0.912252 val_loss=0.306834 val_iou=0.620488 lr=0.00007480
2026-05-02 10:21:13,063 [Trainer] :: Updated latest checkpoint at epoch 101
2026-05-02 10:21:13,064 [Trainer] :: No validation IoU improvement for 40 epoch(s)
2026-05-02 10:21:13,064 [Trainer] :: Starting epoch 102
2026-05-02 10:23:03,369 [Trainer] :: Completed epoch 102: train_loss=0.083898 train_iou=0.910674 val_loss=0.302942 val_iou=0.624737 lr=0.00007435
2026-05-02 10:23:03,698 [Trainer] :: Updated latest checkpoint at epoch 102
2026-05-02 10:23:03,698 [Trainer] :: No validation IoU improvement for 41 epoch(s)
2026-05-02 10:23:03,698 [Trainer] :: Starting epoch 103
2026-05-02 10:24:56,744 [Trainer] :: Completed epoch 103: train_loss=0.082237 train_iou=0.910896 val_loss=0.301910 val_iou=0.631170 lr=0.00007389
2026-05-02 10:24:56,830 [Trainer] :: Updated latest checkpoint at epoch 103
2026-05-02 10:24:56,830 [Trainer] :: No validation IoU improvement for 42 epoch(s)
2026-05-02 10:24:56,830 [Trainer] :: Starting epoch 104
2026-05-02 10:26:48,660 [Trainer] :: Completed epoch 104: train_loss=0.083592 train_iou=0.910644 val_loss=0.305101 val_iou=0.626876 lr=0.00007343
2026-05-02 10:26:48,757 [Trainer] :: Updated latest checkpoint at epoch 104
2026-05-02 10:26:48,757 [Trainer] :: No validation IoU improvement for 43 epoch(s)
2026-05-02 10:26:48,757 [Trainer] :: Starting epoch 105
2026-05-02 10:28:41,033 [Trainer] :: Completed epoch 105: train_loss=0.082384 train_iou=0.912006 val_loss=0.304255 val_iou=0.622044 lr=0.00007297
2026-05-02 10:28:41,157 [Trainer] :: Updated latest checkpoint at epoch 105
2026-05-02 10:28:41,158 [Trainer] :: No validation IoU improvement for 44 epoch(s)
2026-05-02 10:28:41,158 [Trainer] :: Starting epoch 106
2026-05-02 10:30:34,107 [Trainer] :: Completed epoch 106: train_loss=0.082329 train_iou=0.911081 val_loss=0.304428 val_iou=0.628142 lr=0.00007251
2026-05-02 10:30:34,194 [Trainer] :: Updated latest checkpoint at epoch 106
2026-05-02 10:30:34,194 [Trainer] :: No validation IoU improvement for 45 epoch(s)
2026-05-02 10:30:34,194 [Trainer] :: Starting epoch 107
2026-05-02 10:32:28,730 [Trainer] :: Completed epoch 107: train_loss=0.083451 train_iou=0.911639 val_loss=0.317743 val_iou=0.615987 lr=0.00007204
2026-05-02 10:32:28,813 [Trainer] :: Updated latest checkpoint at epoch 107
2026-05-02 10:32:28,814 [Trainer] :: No validation IoU improvement for 46 epoch(s)
2026-05-02 10:32:28,814 [Trainer] :: Starting epoch 108
2026-05-02 10:34:19,059 [Trainer] :: Completed epoch 108: train_loss=0.080766 train_iou=0.913215 val_loss=0.313772 val_iou=0.615143 lr=0.00007158
2026-05-02 10:34:19,152 [Trainer] :: Updated latest checkpoint at epoch 108
2026-05-02 10:34:19,152 [Trainer] :: No validation IoU improvement for 47 epoch(s)
2026-05-02 10:34:19,152 [Trainer] :: Starting epoch 109
2026-05-02 10:36:10,692 [Trainer] :: Completed epoch 109: train_loss=0.080239 train_iou=0.913890 val_loss=0.303827 val_iou=0.620992 lr=0.00007111
2026-05-02 10:36:10,786 [Trainer] :: Updated latest checkpoint at epoch 109
2026-05-02 10:36:10,786 [Trainer] :: No validation IoU improvement for 48 epoch(s)
2026-05-02 10:36:10,786 [Trainer] :: Starting epoch 110
2026-05-02 10:38:00,121 [Trainer] :: Completed epoch 110: train_loss=0.079504 train_iou=0.915673 val_loss=0.306282 val_iou=0.629081 lr=0.00007063
2026-05-02 10:38:00,210 [Trainer] :: Updated latest checkpoint at epoch 110
2026-05-02 10:38:00,210 [Trainer] :: No validation IoU improvement for 49 epoch(s)
2026-05-02 10:38:00,210 [Trainer] :: Starting epoch 111
2026-05-02 10:39:50,648 [Trainer] :: Completed epoch 111: train_loss=0.079997 train_iou=0.914309 val_loss=0.304784 val_iou=0.624589 lr=0.00007016
2026-05-02 10:39:50,772 [Trainer] :: Updated latest checkpoint at epoch 111
2026-05-02 10:39:50,772 [Trainer] :: No validation IoU improvement for 50 epoch(s)
2026-05-02 10:39:50,772 [Trainer] :: Starting epoch 112
2026-05-02 10:41:44,379 [Trainer] :: Completed epoch 112: train_loss=0.079993 train_iou=0.914657 val_loss=0.313727 val_iou=0.624231 lr=0.00006968
2026-05-02 10:41:44,560 [Trainer] :: Updated latest checkpoint at epoch 112
2026-05-02 10:41:44,560 [Trainer] :: No validation IoU improvement for 51 epoch(s)
2026-05-02 10:41:44,560 [Trainer] :: Starting epoch 113
2026-05-02 10:43:39,050 [Trainer] :: Completed epoch 113: train_loss=0.079754 train_iou=0.913730 val_loss=0.326100 val_iou=0.614870 lr=0.00006920
2026-05-02 10:43:39,186 [Trainer] :: Updated latest checkpoint at epoch 113
2026-05-02 10:43:39,186 [Trainer] :: No validation IoU improvement for 52 epoch(s)
2026-05-02 10:43:39,186 [Trainer] :: Starting epoch 114
2026-05-02 10:45:32,940 [Trainer] :: Completed epoch 114: train_loss=0.078801 train_iou=0.914545 val_loss=0.307370 val_iou=0.618591 lr=0.00006872
2026-05-02 10:45:33,029 [Trainer] :: Updated latest checkpoint at epoch 114
2026-05-02 10:45:33,029 [Trainer] :: No validation IoU improvement for 53 epoch(s)
2026-05-02 10:45:33,029 [Trainer] :: Starting epoch 115
2026-05-02 10:47:27,158 [Trainer] :: Completed epoch 115: train_loss=0.078518 train_iou=0.915480 val_loss=0.318564 val_iou=0.612309 lr=0.00006824
2026-05-02 10:47:27,247 [Trainer] :: Updated latest checkpoint at epoch 115
2026-05-02 10:47:27,247 [Trainer] :: No validation IoU improvement for 54 epoch(s)
2026-05-02 10:47:27,247 [Trainer] :: Starting epoch 116
2026-05-02 10:49:14,292 [Trainer] :: Completed epoch 116: train_loss=0.077939 train_iou=0.916965 val_loss=0.333740 val_iou=0.604749 lr=0.00006775
2026-05-02 10:49:14,392 [Trainer] :: Updated latest checkpoint at epoch 116
2026-05-02 10:49:14,392 [Trainer] :: No validation IoU improvement for 55 epoch(s)
2026-05-02 10:49:14,392 [Trainer] :: Starting epoch 117
2026-05-02 10:51:03,861 [Trainer] :: Completed epoch 117: train_loss=0.076988 train_iou=0.916049 val_loss=0.321284 val_iou=0.618285 lr=0.00006727
2026-05-02 10:51:03,953 [Trainer] :: Updated latest checkpoint at epoch 117
2026-05-02 10:51:03,953 [Trainer] :: No validation IoU improvement for 56 epoch(s)
2026-05-02 10:51:03,953 [Trainer] :: Starting epoch 118
2026-05-02 10:53:35,994 [Trainer] :: Completed epoch 118: train_loss=0.077898 train_iou=0.916469 val_loss=0.315639 val_iou=0.619451 lr=0.00006678
2026-05-02 10:53:36,191 [Trainer] :: Updated latest checkpoint at epoch 118
2026-05-02 10:53:36,191 [Trainer] :: No validation IoU improvement for 57 epoch(s)
2026-05-02 10:53:36,191 [Trainer] :: Starting epoch 119
2026-05-02 10:55:27,153 [Trainer] :: Completed epoch 119: train_loss=0.076106 train_iou=0.917101 val_loss=0.311167 val_iou=0.623568 lr=0.00006629
2026-05-02 10:55:27,253 [Trainer] :: Updated latest checkpoint at epoch 119
2026-05-02 10:55:27,253 [Trainer] :: No validation IoU improvement for 58 epoch(s)
2026-05-02 10:55:27,253 [Trainer] :: Starting epoch 120
2026-05-02 10:57:23,551 [Trainer] :: Completed epoch 120: train_loss=0.076227 train_iou=0.917844 val_loss=0.310879 val_iou=0.623900 lr=0.00006580
2026-05-02 10:57:23,642 [Trainer] :: Updated latest checkpoint at epoch 120
2026-05-02 10:57:23,642 [Trainer] :: No validation IoU improvement for 59 epoch(s)
2026-05-02 10:57:23,642 [Trainer] :: Starting epoch 121
2026-05-02 10:59:11,456 [Trainer] :: Completed epoch 121: train_loss=0.074419 train_iou=0.918937 val_loss=0.311769 val_iou=0.626552 lr=0.00006530
2026-05-02 10:59:11,617 [Trainer] :: Updated latest checkpoint at epoch 121
2026-05-02 10:59:11,617 [Trainer] :: No validation IoU improvement for 60 epoch(s)
2026-05-02 10:59:11,617 [Trainer] :: Early stopping triggered after 60 epoch(s) without improvement
2026-05-02 11:01:48,354 [Trainer] :: Wrote training history to outputs/runs/real_msi_segformer_b0_seed50_20260502T051928Z/metrics/history.json
2026-05-02 11:01:48,354 [Trainer] :: Wrote test summary to outputs/runs/real_msi_segformer_b0_seed50_20260502T051928Z/metrics/test_summary.json
2026-05-02 11:01:48,354 [Trainer] :: Training completed
