2026-04-30 21:28:22,249 [Trainer] :: Training run initialized at /ceph/home/student.aau.dk/qd36zu/fuzzy-p10/tbd/masking/outputs/runs/rgb_unetplusplus_resnet34_seed46_20260430T192822Z
2026-04-30 21:28:22,250 [Trainer] :: Loaded config from /ceph/home/student.aau.dk/qd36zu/fuzzy-p10/tbd/masking/configs/binary/rgb_unetpp_resnet34.yaml
2026-04-30 21:28:22,250 [Trainer] :: Using seed=46 and device=None
2026-04-30 21:28:22,250 [Trainer] :: Using model architecture=UnetPlusPlus encoder=resnet34 encoder_weights=imagenet
2026-04-30 21:28:22,786 [Trainer] :: Resolved runtime device to cuda
2026-04-30 21:28:22,786 [Trainer] :: Prepared normalization from source=imagenet
2026-04-30 21:28:26,328 [Trainer] :: Built dataloaders with batch_size=16, num_workers=0
2026-04-30 21:28:26,329 [Trainer] :: Starting epoch 1
2026-04-30 21:31:23,909 [Trainer] :: Completed epoch 1: train_loss=0.406803 train_iou=0.651187 val_loss=0.430433 val_iou=0.448947 lr=0.00010000
2026-04-30 21:31:24,464 [Trainer] :: Updated latest checkpoint at epoch 1
2026-04-30 21:31:25,039 [Trainer] :: New best checkpoint saved with val_iou=0.448947
2026-04-30 21:31:25,039 [Trainer] :: Starting epoch 2
2026-04-30 21:34:16,158 [Trainer] :: Completed epoch 2: train_loss=0.306093 train_iou=0.741664 val_loss=0.309662 val_iou=0.599570 lr=0.00009999
2026-04-30 21:34:16,535 [Trainer] :: Updated latest checkpoint at epoch 2
2026-04-30 21:34:16,888 [Trainer] :: New best checkpoint saved with val_iou=0.599570
2026-04-30 21:34:16,888 [Trainer] :: Starting epoch 3
2026-04-30 21:37:15,605 [Trainer] :: Completed epoch 3: train_loss=0.278270 train_iou=0.763830 val_loss=0.340690 val_iou=0.533271 lr=0.00009998
2026-04-30 21:37:16,013 [Trainer] :: Updated latest checkpoint at epoch 3
2026-04-30 21:37:16,013 [Trainer] :: No validation IoU improvement for 1 epoch(s)
2026-04-30 21:37:16,013 [Trainer] :: Starting epoch 4
2026-04-30 21:40:18,773 [Trainer] :: Completed epoch 4: train_loss=0.258746 train_iou=0.779158 val_loss=0.297422 val_iou=0.608821 lr=0.00009996
2026-04-30 21:40:19,187 [Trainer] :: Updated latest checkpoint at epoch 4
2026-04-30 21:40:19,591 [Trainer] :: New best checkpoint saved with val_iou=0.608821
2026-04-30 21:40:19,591 [Trainer] :: Starting epoch 5
2026-04-30 21:43:21,052 [Trainer] :: Completed epoch 5: train_loss=0.246377 train_iou=0.785940 val_loss=0.313794 val_iou=0.544333 lr=0.00009993
2026-04-30 21:43:21,402 [Trainer] :: Updated latest checkpoint at epoch 5
2026-04-30 21:43:21,402 [Trainer] :: No validation IoU improvement for 1 epoch(s)
2026-04-30 21:43:21,402 [Trainer] :: Starting epoch 6
2026-04-30 21:46:07,922 [Trainer] :: Completed epoch 6: train_loss=0.241144 train_iou=0.789230 val_loss=0.310203 val_iou=0.559787 lr=0.00009990
2026-04-30 21:46:08,414 [Trainer] :: Updated latest checkpoint at epoch 6
2026-04-30 21:46:08,414 [Trainer] :: No validation IoU improvement for 2 epoch(s)
2026-04-30 21:46:08,414 [Trainer] :: Starting epoch 7
2026-04-30 21:49:13,964 [Trainer] :: Completed epoch 7: train_loss=0.231455 train_iou=0.796433 val_loss=0.299698 val_iou=0.573496 lr=0.00009987
2026-04-30 21:49:14,590 [Trainer] :: Updated latest checkpoint at epoch 7
2026-04-30 21:49:14,590 [Trainer] :: No validation IoU improvement for 3 epoch(s)
2026-04-30 21:49:14,590 [Trainer] :: Starting epoch 8
2026-04-30 21:52:07,974 [Trainer] :: Completed epoch 8: train_loss=0.225424 train_iou=0.802054 val_loss=0.279462 val_iou=0.623670 lr=0.00009983
2026-04-30 21:52:08,615 [Trainer] :: Updated latest checkpoint at epoch 8
2026-04-30 21:52:09,233 [Trainer] :: New best checkpoint saved with val_iou=0.623670
2026-04-30 21:52:09,233 [Trainer] :: Starting epoch 9
2026-04-30 21:54:53,706 [Trainer] :: Completed epoch 9: train_loss=0.212153 train_iou=0.812165 val_loss=0.272064 val_iou=0.618633 lr=0.00009978
2026-04-30 21:54:54,093 [Trainer] :: Updated latest checkpoint at epoch 9
2026-04-30 21:54:54,093 [Trainer] :: No validation IoU improvement for 1 epoch(s)
2026-04-30 21:54:54,093 [Trainer] :: Starting epoch 10
2026-04-30 21:57:41,121 [Trainer] :: Completed epoch 10: train_loss=0.205834 train_iou=0.820113 val_loss=0.302159 val_iou=0.580174 lr=0.00009973
2026-04-30 21:57:41,473 [Trainer] :: Updated latest checkpoint at epoch 10
2026-04-30 21:57:41,473 [Trainer] :: No validation IoU improvement for 2 epoch(s)
2026-04-30 21:57:41,473 [Trainer] :: Starting epoch 11
2026-04-30 22:00:35,035 [Trainer] :: Completed epoch 11: train_loss=0.196901 train_iou=0.828271 val_loss=0.282278 val_iou=0.589966 lr=0.00009967
2026-04-30 22:00:35,512 [Trainer] :: Updated latest checkpoint at epoch 11
2026-04-30 22:00:35,512 [Trainer] :: No validation IoU improvement for 3 epoch(s)
2026-04-30 22:00:35,512 [Trainer] :: Starting epoch 12
2026-04-30 22:03:22,152 [Trainer] :: Completed epoch 12: train_loss=0.192859 train_iou=0.831948 val_loss=0.315631 val_iou=0.552890 lr=0.00009961
2026-04-30 22:03:22,630 [Trainer] :: Updated latest checkpoint at epoch 12
2026-04-30 22:03:22,631 [Trainer] :: No validation IoU improvement for 4 epoch(s)
2026-04-30 22:03:22,631 [Trainer] :: Starting epoch 13
2026-04-30 22:06:08,318 [Trainer] :: Completed epoch 13: train_loss=0.184923 train_iou=0.840656 val_loss=0.301621 val_iou=0.567549 lr=0.00009954
2026-04-30 22:06:08,669 [Trainer] :: Updated latest checkpoint at epoch 13
2026-04-30 22:06:08,669 [Trainer] :: No validation IoU improvement for 5 epoch(s)
2026-04-30 22:06:08,669 [Trainer] :: Starting epoch 14
2026-04-30 22:09:14,398 [Trainer] :: Completed epoch 14: train_loss=0.184546 train_iou=0.838060 val_loss=0.364764 val_iou=0.494663 lr=0.00009947
2026-04-30 22:09:14,822 [Trainer] :: Updated latest checkpoint at epoch 14
2026-04-30 22:09:14,822 [Trainer] :: No validation IoU improvement for 6 epoch(s)
2026-04-30 22:09:14,822 [Trainer] :: Starting epoch 15
2026-04-30 22:11:59,474 [Trainer] :: Completed epoch 15: train_loss=0.178569 train_iou=0.842032 val_loss=0.327147 val_iou=0.543232 lr=0.00009939
2026-04-30 22:12:00,262 [Trainer] :: Updated latest checkpoint at epoch 15
2026-04-30 22:12:00,262 [Trainer] :: No validation IoU improvement for 7 epoch(s)
2026-04-30 22:12:00,262 [Trainer] :: Starting epoch 16
2026-04-30 22:14:44,877 [Trainer] :: Completed epoch 16: train_loss=0.167759 train_iou=0.855026 val_loss=0.309191 val_iou=0.577837 lr=0.00009931
2026-04-30 22:14:45,243 [Trainer] :: Updated latest checkpoint at epoch 16
2026-04-30 22:14:45,243 [Trainer] :: No validation IoU improvement for 8 epoch(s)
2026-04-30 22:14:45,243 [Trainer] :: Starting epoch 17
2026-04-30 22:17:29,100 [Trainer] :: Completed epoch 17: train_loss=0.166090 train_iou=0.853989 val_loss=0.276870 val_iou=0.622138 lr=0.00009922
2026-04-30 22:17:29,496 [Trainer] :: Updated latest checkpoint at epoch 17
2026-04-30 22:17:29,497 [Trainer] :: No validation IoU improvement for 9 epoch(s)
2026-04-30 22:17:29,497 [Trainer] :: Starting epoch 18
2026-04-30 22:20:14,238 [Trainer] :: Completed epoch 18: train_loss=0.163405 train_iou=0.858318 val_loss=0.309766 val_iou=0.554696 lr=0.00009912
2026-04-30 22:20:14,595 [Trainer] :: Updated latest checkpoint at epoch 18
2026-04-30 22:20:14,596 [Trainer] :: No validation IoU improvement for 10 epoch(s)
2026-04-30 22:20:14,596 [Trainer] :: Starting epoch 19
2026-04-30 22:22:59,347 [Trainer] :: Completed epoch 19: train_loss=0.156392 train_iou=0.864973 val_loss=0.293186 val_iou=0.577349 lr=0.00009902
2026-04-30 22:22:59,696 [Trainer] :: Updated latest checkpoint at epoch 19
2026-04-30 22:22:59,696 [Trainer] :: No validation IoU improvement for 11 epoch(s)
2026-04-30 22:22:59,696 [Trainer] :: Starting epoch 20
2026-04-30 22:25:51,466 [Trainer] :: Completed epoch 20: train_loss=0.156786 train_iou=0.861997 val_loss=0.306985 val_iou=0.575190 lr=0.00009892
2026-04-30 22:25:51,994 [Trainer] :: Updated latest checkpoint at epoch 20
2026-04-30 22:25:51,994 [Trainer] :: No validation IoU improvement for 12 epoch(s)
2026-04-30 22:25:51,994 [Trainer] :: Starting epoch 21
2026-04-30 22:28:46,000 [Trainer] :: Completed epoch 21: train_loss=0.151625 train_iou=0.868018 val_loss=0.301075 val_iou=0.583202 lr=0.00009881
2026-04-30 22:28:46,365 [Trainer] :: Updated latest checkpoint at epoch 21
2026-04-30 22:28:46,365 [Trainer] :: No validation IoU improvement for 13 epoch(s)
2026-04-30 22:28:46,365 [Trainer] :: Starting epoch 22
2026-04-30 22:31:31,277 [Trainer] :: Completed epoch 22: train_loss=0.150666 train_iou=0.867679 val_loss=0.313161 val_iou=0.560823 lr=0.00009869
2026-04-30 22:31:31,653 [Trainer] :: Updated latest checkpoint at epoch 22
2026-04-30 22:31:31,654 [Trainer] :: No validation IoU improvement for 14 epoch(s)
2026-04-30 22:31:31,654 [Trainer] :: Starting epoch 23
2026-04-30 22:34:28,962 [Trainer] :: Completed epoch 23: train_loss=0.142182 train_iou=0.870185 val_loss=0.283254 val_iou=0.610713 lr=0.00009857
2026-04-30 22:34:29,318 [Trainer] :: Updated latest checkpoint at epoch 23
2026-04-30 22:34:29,318 [Trainer] :: No validation IoU improvement for 15 epoch(s)
2026-04-30 22:34:29,318 [Trainer] :: Starting epoch 24
2026-04-30 22:37:17,565 [Trainer] :: Completed epoch 24: train_loss=0.136407 train_iou=0.875644 val_loss=0.355791 val_iou=0.513488 lr=0.00009844
2026-04-30 22:37:17,921 [Trainer] :: Updated latest checkpoint at epoch 24
2026-04-30 22:37:17,921 [Trainer] :: No validation IoU improvement for 16 epoch(s)
2026-04-30 22:37:17,921 [Trainer] :: Starting epoch 25
2026-04-30 22:40:10,910 [Trainer] :: Completed epoch 25: train_loss=0.134416 train_iou=0.875043 val_loss=0.305138 val_iou=0.577713 lr=0.00009831
2026-04-30 22:40:11,327 [Trainer] :: Updated latest checkpoint at epoch 25
2026-04-30 22:40:11,327 [Trainer] :: No validation IoU improvement for 17 epoch(s)
2026-04-30 22:40:11,327 [Trainer] :: Starting epoch 26
2026-04-30 22:43:02,054 [Trainer] :: Completed epoch 26: train_loss=0.141956 train_iou=0.864593 val_loss=0.305995 val_iou=0.558219 lr=0.00009818
2026-04-30 22:43:02,765 [Trainer] :: Updated latest checkpoint at epoch 26
2026-04-30 22:43:02,765 [Trainer] :: No validation IoU improvement for 18 epoch(s)
2026-04-30 22:43:02,765 [Trainer] :: Starting epoch 27
2026-04-30 22:45:50,994 [Trainer] :: Completed epoch 27: train_loss=0.130319 train_iou=0.875583 val_loss=0.302727 val_iou=0.601197 lr=0.00009803
2026-04-30 22:45:51,408 [Trainer] :: Updated latest checkpoint at epoch 27
2026-04-30 22:45:51,408 [Trainer] :: No validation IoU improvement for 19 epoch(s)
2026-04-30 22:45:51,408 [Trainer] :: Starting epoch 28
2026-04-30 22:48:40,145 [Trainer] :: Completed epoch 28: train_loss=0.125800 train_iou=0.880204 val_loss=0.353777 val_iou=0.532378 lr=0.00009789
2026-04-30 22:48:40,498 [Trainer] :: Updated latest checkpoint at epoch 28
2026-04-30 22:48:40,499 [Trainer] :: No validation IoU improvement for 20 epoch(s)
2026-04-30 22:48:40,499 [Trainer] :: Starting epoch 29
2026-04-30 22:51:30,300 [Trainer] :: Completed epoch 29: train_loss=0.127124 train_iou=0.877333 val_loss=0.277889 val_iou=0.621738 lr=0.00009773
2026-04-30 22:51:30,649 [Trainer] :: Updated latest checkpoint at epoch 29
2026-04-30 22:51:30,649 [Trainer] :: No validation IoU improvement for 21 epoch(s)
2026-04-30 22:51:30,649 [Trainer] :: Starting epoch 30
2026-04-30 22:54:19,335 [Trainer] :: Completed epoch 30: train_loss=0.120088 train_iou=0.883313 val_loss=0.396323 val_iou=0.493531 lr=0.00009758
2026-04-30 22:54:19,694 [Trainer] :: Updated latest checkpoint at epoch 30
2026-04-30 22:54:19,694 [Trainer] :: No validation IoU improvement for 22 epoch(s)
2026-04-30 22:54:19,694 [Trainer] :: Starting epoch 31
2026-04-30 22:57:07,314 [Trainer] :: Completed epoch 31: train_loss=0.115985 train_iou=0.884803 val_loss=0.299263 val_iou=0.600282 lr=0.00009741
2026-04-30 22:57:07,674 [Trainer] :: Updated latest checkpoint at epoch 31
2026-04-30 22:57:07,674 [Trainer] :: No validation IoU improvement for 23 epoch(s)
2026-04-30 22:57:07,674 [Trainer] :: Starting epoch 32
2026-04-30 22:59:52,546 [Trainer] :: Completed epoch 32: train_loss=0.111537 train_iou=0.888023 val_loss=0.285530 val_iou=0.606428 lr=0.00009725
2026-04-30 22:59:52,895 [Trainer] :: Updated latest checkpoint at epoch 32
2026-04-30 22:59:52,895 [Trainer] :: No validation IoU improvement for 24 epoch(s)
2026-04-30 22:59:52,895 [Trainer] :: Starting epoch 33
2026-04-30 23:02:39,467 [Trainer] :: Completed epoch 33: train_loss=0.107042 train_iou=0.892340 val_loss=0.310667 val_iou=0.580033 lr=0.00009707
2026-04-30 23:02:39,892 [Trainer] :: Updated latest checkpoint at epoch 33
2026-04-30 23:02:39,892 [Trainer] :: No validation IoU improvement for 25 epoch(s)
2026-04-30 23:02:39,892 [Trainer] :: Starting epoch 34
2026-04-30 23:05:24,687 [Trainer] :: Completed epoch 34: train_loss=0.106401 train_iou=0.894183 val_loss=0.310202 val_iou=0.593894 lr=0.00009690
2026-04-30 23:05:25,078 [Trainer] :: Updated latest checkpoint at epoch 34
2026-04-30 23:05:25,078 [Trainer] :: No validation IoU improvement for 26 epoch(s)
2026-04-30 23:05:25,078 [Trainer] :: Starting epoch 35
2026-04-30 23:08:09,341 [Trainer] :: Completed epoch 35: train_loss=0.107273 train_iou=0.894170 val_loss=0.290735 val_iou=0.602292 lr=0.00009671
2026-04-30 23:08:09,688 [Trainer] :: Updated latest checkpoint at epoch 35
2026-04-30 23:08:09,688 [Trainer] :: No validation IoU improvement for 27 epoch(s)
2026-04-30 23:08:09,688 [Trainer] :: Starting epoch 36
2026-04-30 23:10:53,461 [Trainer] :: Completed epoch 36: train_loss=0.107001 train_iou=0.892314 val_loss=0.314589 val_iou=0.597438 lr=0.00009652
2026-04-30 23:10:53,834 [Trainer] :: Updated latest checkpoint at epoch 36
2026-04-30 23:10:53,834 [Trainer] :: No validation IoU improvement for 28 epoch(s)
2026-04-30 23:10:53,834 [Trainer] :: Starting epoch 37
2026-04-30 23:13:38,204 [Trainer] :: Completed epoch 37: train_loss=0.099201 train_iou=0.900109 val_loss=0.296382 val_iou=0.593912 lr=0.00009633
2026-04-30 23:13:38,550 [Trainer] :: Updated latest checkpoint at epoch 37
2026-04-30 23:13:38,550 [Trainer] :: No validation IoU improvement for 29 epoch(s)
2026-04-30 23:13:38,550 [Trainer] :: Starting epoch 38
2026-04-30 23:16:22,930 [Trainer] :: Completed epoch 38: train_loss=0.098166 train_iou=0.901876 val_loss=0.307030 val_iou=0.590343 lr=0.00009613
2026-04-30 23:16:23,288 [Trainer] :: Updated latest checkpoint at epoch 38
2026-04-30 23:16:23,288 [Trainer] :: No validation IoU improvement for 30 epoch(s)
2026-04-30 23:16:23,288 [Trainer] :: Starting epoch 39
2026-04-30 23:19:06,842 [Trainer] :: Completed epoch 39: train_loss=0.098230 train_iou=0.901377 val_loss=0.319931 val_iou=0.576021 lr=0.00009593
2026-04-30 23:19:07,201 [Trainer] :: Updated latest checkpoint at epoch 39
2026-04-30 23:19:07,201 [Trainer] :: No validation IoU improvement for 31 epoch(s)
2026-04-30 23:19:07,201 [Trainer] :: Starting epoch 40
2026-04-30 23:21:57,915 [Trainer] :: Completed epoch 40: train_loss=0.095954 train_iou=0.903219 val_loss=0.301170 val_iou=0.597765 lr=0.00009572
2026-04-30 23:21:58,262 [Trainer] :: Updated latest checkpoint at epoch 40
2026-04-30 23:21:58,263 [Trainer] :: No validation IoU improvement for 32 epoch(s)
2026-04-30 23:21:58,263 [Trainer] :: Starting epoch 41
2026-04-30 23:24:44,913 [Trainer] :: Completed epoch 41: train_loss=0.093269 train_iou=0.905096 val_loss=0.355838 val_iou=0.567386 lr=0.00009551
2026-04-30 23:24:45,261 [Trainer] :: Updated latest checkpoint at epoch 41
2026-04-30 23:24:45,261 [Trainer] :: No validation IoU improvement for 33 epoch(s)
2026-04-30 23:24:45,261 [Trainer] :: Starting epoch 42
2026-04-30 23:27:30,848 [Trainer] :: Completed epoch 42: train_loss=0.089739 train_iou=0.907327 val_loss=0.334497 val_iou=0.580496 lr=0.00009529
2026-04-30 23:27:32,850 [Trainer] :: Updated latest checkpoint at epoch 42
2026-04-30 23:27:32,850 [Trainer] :: No validation IoU improvement for 34 epoch(s)
2026-04-30 23:27:32,850 [Trainer] :: Starting epoch 43
2026-04-30 23:30:18,894 [Trainer] :: Completed epoch 43: train_loss=0.090800 train_iou=0.907419 val_loss=0.297719 val_iou=0.600598 lr=0.00009507
2026-04-30 23:30:19,331 [Trainer] :: Updated latest checkpoint at epoch 43
2026-04-30 23:30:19,331 [Trainer] :: No validation IoU improvement for 35 epoch(s)
2026-04-30 23:30:19,331 [Trainer] :: Starting epoch 44
2026-04-30 23:33:04,685 [Trainer] :: Completed epoch 44: train_loss=0.087302 train_iou=0.908564 val_loss=0.304648 val_iou=0.600661 lr=0.00009484
2026-04-30 23:33:05,289 [Trainer] :: Updated latest checkpoint at epoch 44
2026-04-30 23:33:05,289 [Trainer] :: No validation IoU improvement for 36 epoch(s)
2026-04-30 23:33:05,290 [Trainer] :: Starting epoch 45
2026-04-30 23:35:57,534 [Trainer] :: Completed epoch 45: train_loss=0.089611 train_iou=0.906692 val_loss=0.296173 val_iou=0.602593 lr=0.00009460
2026-04-30 23:35:57,914 [Trainer] :: Updated latest checkpoint at epoch 45
2026-04-30 23:35:57,915 [Trainer] :: No validation IoU improvement for 37 epoch(s)
2026-04-30 23:35:57,915 [Trainer] :: Starting epoch 46
2026-04-30 23:38:42,211 [Trainer] :: Completed epoch 46: train_loss=0.087821 train_iou=0.911185 val_loss=0.328778 val_iou=0.579197 lr=0.00009437
2026-04-30 23:38:42,563 [Trainer] :: Updated latest checkpoint at epoch 46
2026-04-30 23:38:42,563 [Trainer] :: No validation IoU improvement for 38 epoch(s)
2026-04-30 23:38:42,563 [Trainer] :: Starting epoch 47
2026-04-30 23:41:28,911 [Trainer] :: Completed epoch 47: train_loss=0.086140 train_iou=0.908911 val_loss=0.337703 val_iou=0.572829 lr=0.00009412
2026-04-30 23:41:29,305 [Trainer] :: Updated latest checkpoint at epoch 47
2026-04-30 23:41:29,305 [Trainer] :: No validation IoU improvement for 39 epoch(s)
2026-04-30 23:41:29,305 [Trainer] :: Starting epoch 48
2026-04-30 23:44:15,050 [Trainer] :: Completed epoch 48: train_loss=0.085744 train_iou=0.910865 val_loss=0.330918 val_iou=0.568133 lr=0.00009388
2026-04-30 23:44:15,412 [Trainer] :: Updated latest checkpoint at epoch 48
2026-04-30 23:44:15,412 [Trainer] :: No validation IoU improvement for 40 epoch(s)
2026-04-30 23:44:15,412 [Trainer] :: Starting epoch 49
2026-04-30 23:47:00,301 [Trainer] :: Completed epoch 49: train_loss=0.084452 train_iou=0.913339 val_loss=0.337693 val_iou=0.569832 lr=0.00009363
2026-04-30 23:47:00,704 [Trainer] :: Updated latest checkpoint at epoch 49
2026-04-30 23:47:00,704 [Trainer] :: No validation IoU improvement for 41 epoch(s)
2026-04-30 23:47:00,704 [Trainer] :: Starting epoch 50
2026-04-30 23:50:00,485 [Trainer] :: Completed epoch 50: train_loss=0.081346 train_iou=0.915463 val_loss=0.305177 val_iou=0.610086 lr=0.00009337
2026-04-30 23:50:01,206 [Trainer] :: Updated latest checkpoint at epoch 50
2026-04-30 23:50:01,206 [Trainer] :: No validation IoU improvement for 42 epoch(s)
2026-04-30 23:50:01,206 [Trainer] :: Starting epoch 51
2026-04-30 23:52:50,236 [Trainer] :: Completed epoch 51: train_loss=0.081756 train_iou=0.914736 val_loss=0.303975 val_iou=0.602351 lr=0.00009311
2026-04-30 23:52:50,591 [Trainer] :: Updated latest checkpoint at epoch 51
2026-04-30 23:52:50,591 [Trainer] :: No validation IoU improvement for 43 epoch(s)
2026-04-30 23:52:50,591 [Trainer] :: Starting epoch 52
2026-04-30 23:55:36,241 [Trainer] :: Completed epoch 52: train_loss=0.081625 train_iou=0.916848 val_loss=0.342331 val_iou=0.564633 lr=0.00009284
2026-04-30 23:55:37,463 [Trainer] :: Updated latest checkpoint at epoch 52
2026-04-30 23:55:37,463 [Trainer] :: No validation IoU improvement for 44 epoch(s)
2026-04-30 23:55:37,463 [Trainer] :: Starting epoch 53
2026-04-30 23:58:24,064 [Trainer] :: Completed epoch 53: train_loss=0.081118 train_iou=0.916634 val_loss=0.288613 val_iou=0.620914 lr=0.00009257
2026-04-30 23:58:24,425 [Trainer] :: Updated latest checkpoint at epoch 53
2026-04-30 23:58:24,425 [Trainer] :: No validation IoU improvement for 45 epoch(s)
2026-04-30 23:58:24,425 [Trainer] :: Starting epoch 54
2026-05-01 00:01:10,271 [Trainer] :: Completed epoch 54: train_loss=0.076570 train_iou=0.919458 val_loss=0.342738 val_iou=0.558695 lr=0.00009229
2026-05-01 00:01:10,686 [Trainer] :: Updated latest checkpoint at epoch 54
2026-05-01 00:01:10,686 [Trainer] :: No validation IoU improvement for 46 epoch(s)
2026-05-01 00:01:10,686 [Trainer] :: Starting epoch 55
2026-05-01 00:03:56,226 [Trainer] :: Completed epoch 55: train_loss=0.082233 train_iou=0.913642 val_loss=0.308646 val_iou=0.617110 lr=0.00009201
2026-05-01 00:03:56,643 [Trainer] :: Updated latest checkpoint at epoch 55
2026-05-01 00:03:56,643 [Trainer] :: No validation IoU improvement for 47 epoch(s)
2026-05-01 00:03:56,643 [Trainer] :: Starting epoch 56
2026-05-01 00:06:43,413 [Trainer] :: Completed epoch 56: train_loss=0.078455 train_iou=0.916978 val_loss=0.322255 val_iou=0.588010 lr=0.00009173
2026-05-01 00:06:43,814 [Trainer] :: Updated latest checkpoint at epoch 56
2026-05-01 00:06:43,814 [Trainer] :: No validation IoU improvement for 48 epoch(s)
2026-05-01 00:06:43,814 [Trainer] :: Starting epoch 57
2026-05-01 00:09:48,565 [Trainer] :: Completed epoch 57: train_loss=0.075214 train_iou=0.920814 val_loss=0.385019 val_iou=0.545504 lr=0.00009144
2026-05-01 00:09:48,869 [Trainer] :: Updated latest checkpoint at epoch 57
2026-05-01 00:09:48,869 [Trainer] :: No validation IoU improvement for 49 epoch(s)
2026-05-01 00:09:48,869 [Trainer] :: Starting epoch 58
2026-05-01 00:12:35,707 [Trainer] :: Completed epoch 58: train_loss=0.071849 train_iou=0.923518 val_loss=0.330997 val_iou=0.582902 lr=0.00009115
2026-05-01 00:12:36,077 [Trainer] :: Updated latest checkpoint at epoch 58
2026-05-01 00:12:36,077 [Trainer] :: No validation IoU improvement for 50 epoch(s)
2026-05-01 00:12:36,077 [Trainer] :: Starting epoch 59
2026-05-01 00:15:18,050 [Trainer] :: Completed epoch 59: train_loss=0.075767 train_iou=0.923063 val_loss=0.319853 val_iou=0.602800 lr=0.00009085
2026-05-01 00:15:18,491 [Trainer] :: Updated latest checkpoint at epoch 59
2026-05-01 00:15:18,491 [Trainer] :: No validation IoU improvement for 51 epoch(s)
2026-05-01 00:15:18,491 [Trainer] :: Starting epoch 60
2026-05-01 00:18:01,380 [Trainer] :: Completed epoch 60: train_loss=0.071230 train_iou=0.925527 val_loss=0.353108 val_iou=0.581868 lr=0.00009055
2026-05-01 00:18:01,802 [Trainer] :: Updated latest checkpoint at epoch 60
2026-05-01 00:18:01,802 [Trainer] :: No validation IoU improvement for 52 epoch(s)
2026-05-01 00:18:01,802 [Trainer] :: Starting epoch 61
2026-05-01 00:20:44,100 [Trainer] :: Completed epoch 61: train_loss=0.072523 train_iou=0.923848 val_loss=0.331713 val_iou=0.569167 lr=0.00009024
2026-05-01 00:20:44,484 [Trainer] :: Updated latest checkpoint at epoch 61
2026-05-01 00:20:44,485 [Trainer] :: No validation IoU improvement for 53 epoch(s)
2026-05-01 00:20:44,485 [Trainer] :: Starting epoch 62
2026-05-01 00:23:26,967 [Trainer] :: Completed epoch 62: train_loss=0.070314 train_iou=0.925483 val_loss=0.347785 val_iou=0.572133 lr=0.00008993
2026-05-01 00:23:27,334 [Trainer] :: Updated latest checkpoint at epoch 62
2026-05-01 00:23:27,334 [Trainer] :: No validation IoU improvement for 54 epoch(s)
2026-05-01 00:23:27,334 [Trainer] :: Starting epoch 63
2026-05-01 00:26:09,213 [Trainer] :: Completed epoch 63: train_loss=0.068917 train_iou=0.927009 val_loss=0.382323 val_iou=0.533769 lr=0.00008961
2026-05-01 00:26:09,599 [Trainer] :: Updated latest checkpoint at epoch 63
2026-05-01 00:26:09,599 [Trainer] :: No validation IoU improvement for 55 epoch(s)
2026-05-01 00:26:09,599 [Trainer] :: Starting epoch 64
2026-05-01 00:28:52,902 [Trainer] :: Completed epoch 64: train_loss=0.069265 train_iou=0.925837 val_loss=0.348495 val_iou=0.595877 lr=0.00008929
2026-05-01 00:28:53,294 [Trainer] :: Updated latest checkpoint at epoch 64
2026-05-01 00:28:53,294 [Trainer] :: No validation IoU improvement for 56 epoch(s)
2026-05-01 00:28:53,294 [Trainer] :: Starting epoch 65
2026-05-01 00:31:36,403 [Trainer] :: Completed epoch 65: train_loss=0.068746 train_iou=0.927312 val_loss=0.358310 val_iou=0.541598 lr=0.00008897
2026-05-01 00:31:36,759 [Trainer] :: Updated latest checkpoint at epoch 65
2026-05-01 00:31:36,759 [Trainer] :: No validation IoU improvement for 57 epoch(s)
2026-05-01 00:31:36,759 [Trainer] :: Starting epoch 66
2026-05-01 00:34:20,276 [Trainer] :: Completed epoch 66: train_loss=0.068122 train_iou=0.928308 val_loss=0.327907 val_iou=0.597421 lr=0.00008864
2026-05-01 00:34:20,642 [Trainer] :: Updated latest checkpoint at epoch 66
2026-05-01 00:34:20,642 [Trainer] :: No validation IoU improvement for 58 epoch(s)
2026-05-01 00:34:20,642 [Trainer] :: Starting epoch 67
2026-05-01 00:37:06,023 [Trainer] :: Completed epoch 67: train_loss=0.069501 train_iou=0.925989 val_loss=0.319932 val_iou=0.607235 lr=0.00008831
2026-05-01 00:37:06,558 [Trainer] :: Updated latest checkpoint at epoch 67
2026-05-01 00:37:06,558 [Trainer] :: No validation IoU improvement for 59 epoch(s)
2026-05-01 00:37:06,558 [Trainer] :: Starting epoch 68
2026-05-01 00:39:49,610 [Trainer] :: Completed epoch 68: train_loss=0.067950 train_iou=0.928192 val_loss=0.359258 val_iou=0.571782 lr=0.00008797
2026-05-01 00:39:49,956 [Trainer] :: Updated latest checkpoint at epoch 68
2026-05-01 00:39:49,957 [Trainer] :: No validation IoU improvement for 60 epoch(s)
2026-05-01 00:39:49,957 [Trainer] :: Early stopping triggered after 60 epoch(s) without improvement
2026-05-01 00:42:39,206 [Trainer] :: Wrote training history to outputs/runs/rgb_unetplusplus_resnet34_seed46_20260430T192822Z/metrics/history.json
2026-05-01 00:42:39,206 [Trainer] :: Wrote test summary to outputs/runs/rgb_unetplusplus_resnet34_seed46_20260430T192822Z/metrics/test_summary.json
2026-05-01 00:42:39,206 [Trainer] :: Training completed
