2026-05-15 23:10:18,675 [Trainer] :: Training run initialized at /ceph/home/student.aau.dk/qd36zu/fuzzy-p10/tbd/masking/outputs/runs/real_msi_deeplabv3plus_resnet50_seed47_20260515T211018Z
2026-05-15 23:10:18,675 [Trainer] :: Loaded config from /ceph/home/student.aau.dk/qd36zu/fuzzy-p10/tbd/masking/configs/binary/real_msi_deeplabv3plus_resnet50.yaml
2026-05-15 23:10:18,675 [Trainer] :: Using seed=47 and device=None
2026-05-15 23:10:18,675 [Trainer] :: Using model architecture=DeepLabV3Plus encoder=resnet50 encoder_weights=imagenet
2026-05-15 23:10:18,973 [Trainer] :: Resolved runtime device to cuda
2026-05-15 23:10:18,973 [Trainer] :: Prepared normalization from source=train_split_patch_stats
2026-05-15 23:10:23,772 [Trainer] :: Built dataloaders with batch_size=8, num_workers=0
2026-05-15 23:10:23,773 [Trainer] :: Starting epoch 1
2026-05-15 23:12:28,963 [Trainer] :: Completed epoch 1: train_loss=0.401712 train_iou=0.644350 val_loss=0.383992 val_iou=0.501845 lr=0.00010000
2026-05-15 23:12:29,286 [Trainer] :: Updated latest checkpoint at epoch 1
2026-05-15 23:12:29,590 [Trainer] :: New best checkpoint saved with val_iou=0.501845
2026-05-15 23:12:29,590 [Trainer] :: Starting epoch 2
2026-05-15 23:14:17,217 [Trainer] :: Completed epoch 2: train_loss=0.307363 train_iou=0.723683 val_loss=0.312737 val_iou=0.576548 lr=0.00009999
2026-05-15 23:14:17,749 [Trainer] :: Updated latest checkpoint at epoch 2
2026-05-15 23:14:18,485 [Trainer] :: New best checkpoint saved with val_iou=0.576548
2026-05-15 23:14:18,485 [Trainer] :: Starting epoch 3
2026-05-15 23:16:20,764 [Trainer] :: Completed epoch 3: train_loss=0.283577 train_iou=0.747882 val_loss=0.310466 val_iou=0.577648 lr=0.00009998
2026-05-15 23:16:21,457 [Trainer] :: Updated latest checkpoint at epoch 3
2026-05-15 23:16:21,931 [Trainer] :: New best checkpoint saved with val_iou=0.577648
2026-05-15 23:16:21,931 [Trainer] :: Starting epoch 4
2026-05-15 23:18:16,963 [Trainer] :: Completed epoch 4: train_loss=0.259700 train_iou=0.765848 val_loss=0.304475 val_iou=0.575592 lr=0.00009996
2026-05-15 23:18:17,560 [Trainer] :: Updated latest checkpoint at epoch 4
2026-05-15 23:18:17,560 [Trainer] :: No validation IoU improvement for 1 epoch(s)
2026-05-15 23:18:17,560 [Trainer] :: Starting epoch 5
2026-05-15 23:20:11,936 [Trainer] :: Completed epoch 5: train_loss=0.243624 train_iou=0.782557 val_loss=0.297416 val_iou=0.580409 lr=0.00009993
2026-05-15 23:20:12,368 [Trainer] :: Updated latest checkpoint at epoch 5
2026-05-15 23:20:12,964 [Trainer] :: New best checkpoint saved with val_iou=0.580409
2026-05-15 23:20:12,965 [Trainer] :: Starting epoch 6
2026-05-15 23:22:08,404 [Trainer] :: Completed epoch 6: train_loss=0.236702 train_iou=0.787515 val_loss=0.287864 val_iou=0.608158 lr=0.00009990
2026-05-15 23:22:08,930 [Trainer] :: Updated latest checkpoint at epoch 6
2026-05-15 23:22:09,413 [Trainer] :: New best checkpoint saved with val_iou=0.608158
2026-05-15 23:22:09,413 [Trainer] :: Starting epoch 7
2026-05-15 23:24:05,130 [Trainer] :: Completed epoch 7: train_loss=0.226291 train_iou=0.795024 val_loss=0.323213 val_iou=0.549307 lr=0.00009987
2026-05-15 23:24:05,528 [Trainer] :: Updated latest checkpoint at epoch 7
2026-05-15 23:24:05,528 [Trainer] :: No validation IoU improvement for 1 epoch(s)
2026-05-15 23:24:05,528 [Trainer] :: Starting epoch 8
2026-05-15 23:25:56,102 [Trainer] :: Completed epoch 8: train_loss=0.220062 train_iou=0.802055 val_loss=0.294695 val_iou=0.580347 lr=0.00009983
2026-05-15 23:25:56,759 [Trainer] :: Updated latest checkpoint at epoch 8
2026-05-15 23:25:56,759 [Trainer] :: No validation IoU improvement for 2 epoch(s)
2026-05-15 23:25:56,759 [Trainer] :: Starting epoch 9
2026-05-15 23:27:51,043 [Trainer] :: Completed epoch 9: train_loss=0.215595 train_iou=0.802838 val_loss=0.293792 val_iou=0.601516 lr=0.00009978
2026-05-15 23:27:51,391 [Trainer] :: Updated latest checkpoint at epoch 9
2026-05-15 23:27:51,391 [Trainer] :: No validation IoU improvement for 3 epoch(s)
2026-05-15 23:27:51,391 [Trainer] :: Starting epoch 10
2026-05-15 23:29:47,911 [Trainer] :: Completed epoch 10: train_loss=0.202984 train_iou=0.812846 val_loss=0.328592 val_iou=0.545781 lr=0.00009973
2026-05-15 23:29:48,305 [Trainer] :: Updated latest checkpoint at epoch 10
2026-05-15 23:29:48,305 [Trainer] :: No validation IoU improvement for 4 epoch(s)
2026-05-15 23:29:48,305 [Trainer] :: Starting epoch 11
2026-05-15 23:31:45,622 [Trainer] :: Completed epoch 11: train_loss=0.194867 train_iou=0.816870 val_loss=0.287033 val_iou=0.603781 lr=0.00009967
2026-05-15 23:31:46,104 [Trainer] :: Updated latest checkpoint at epoch 11
2026-05-15 23:31:46,104 [Trainer] :: No validation IoU improvement for 5 epoch(s)
2026-05-15 23:31:46,104 [Trainer] :: Starting epoch 12
2026-05-15 23:33:41,729 [Trainer] :: Completed epoch 12: train_loss=0.188027 train_iou=0.820188 val_loss=0.295741 val_iou=0.591782 lr=0.00009961
2026-05-15 23:33:42,098 [Trainer] :: Updated latest checkpoint at epoch 12
2026-05-15 23:33:42,098 [Trainer] :: No validation IoU improvement for 6 epoch(s)
2026-05-15 23:33:42,098 [Trainer] :: Starting epoch 13
2026-05-15 23:35:43,199 [Trainer] :: Completed epoch 13: train_loss=0.179967 train_iou=0.827859 val_loss=0.346435 val_iou=0.524157 lr=0.00009954
2026-05-15 23:35:43,946 [Trainer] :: Updated latest checkpoint at epoch 13
2026-05-15 23:35:43,946 [Trainer] :: No validation IoU improvement for 7 epoch(s)
2026-05-15 23:35:43,946 [Trainer] :: Starting epoch 14
2026-05-15 23:37:34,553 [Trainer] :: Completed epoch 14: train_loss=0.172306 train_iou=0.830110 val_loss=0.320304 val_iou=0.562558 lr=0.00009947
2026-05-15 23:37:35,128 [Trainer] :: Updated latest checkpoint at epoch 14
2026-05-15 23:37:35,129 [Trainer] :: No validation IoU improvement for 8 epoch(s)
2026-05-15 23:37:35,129 [Trainer] :: Starting epoch 15
2026-05-15 23:39:21,574 [Trainer] :: Completed epoch 15: train_loss=0.168225 train_iou=0.837291 val_loss=0.309821 val_iou=0.573708 lr=0.00009939
2026-05-15 23:39:22,279 [Trainer] :: Updated latest checkpoint at epoch 15
2026-05-15 23:39:22,279 [Trainer] :: No validation IoU improvement for 9 epoch(s)
2026-05-15 23:39:22,279 [Trainer] :: Starting epoch 16
2026-05-15 23:41:08,833 [Trainer] :: Completed epoch 16: train_loss=0.164571 train_iou=0.837144 val_loss=0.328923 val_iou=0.562609 lr=0.00009931
2026-05-15 23:41:09,275 [Trainer] :: Updated latest checkpoint at epoch 16
2026-05-15 23:41:09,275 [Trainer] :: No validation IoU improvement for 10 epoch(s)
2026-05-15 23:41:09,275 [Trainer] :: Starting epoch 17
2026-05-15 23:43:06,272 [Trainer] :: Completed epoch 17: train_loss=0.158011 train_iou=0.844338 val_loss=0.301405 val_iou=0.582522 lr=0.00009922
2026-05-15 23:43:06,813 [Trainer] :: Updated latest checkpoint at epoch 17
2026-05-15 23:43:06,813 [Trainer] :: No validation IoU improvement for 11 epoch(s)
2026-05-15 23:43:06,813 [Trainer] :: Starting epoch 18
2026-05-15 23:44:58,913 [Trainer] :: Completed epoch 18: train_loss=0.158254 train_iou=0.842453 val_loss=0.312274 val_iou=0.556278 lr=0.00009912
2026-05-15 23:44:59,287 [Trainer] :: Updated latest checkpoint at epoch 18
2026-05-15 23:44:59,287 [Trainer] :: No validation IoU improvement for 12 epoch(s)
2026-05-15 23:44:59,287 [Trainer] :: Starting epoch 19
2026-05-15 23:46:47,207 [Trainer] :: Completed epoch 19: train_loss=0.142942 train_iou=0.854328 val_loss=0.400258 val_iou=0.504032 lr=0.00009902
2026-05-15 23:46:47,737 [Trainer] :: Updated latest checkpoint at epoch 19
2026-05-15 23:46:47,737 [Trainer] :: No validation IoU improvement for 13 epoch(s)
2026-05-15 23:46:47,737 [Trainer] :: Starting epoch 20
2026-05-15 23:48:35,770 [Trainer] :: Completed epoch 20: train_loss=0.142262 train_iou=0.852767 val_loss=0.297974 val_iou=0.592555 lr=0.00009892
2026-05-15 23:48:36,393 [Trainer] :: Updated latest checkpoint at epoch 20
2026-05-15 23:48:36,394 [Trainer] :: No validation IoU improvement for 14 epoch(s)
2026-05-15 23:48:36,394 [Trainer] :: Starting epoch 21
2026-05-15 23:50:23,762 [Trainer] :: Completed epoch 21: train_loss=0.140405 train_iou=0.856127 val_loss=0.290508 val_iou=0.593732 lr=0.00009881
2026-05-15 23:50:24,166 [Trainer] :: Updated latest checkpoint at epoch 21
2026-05-15 23:50:24,166 [Trainer] :: No validation IoU improvement for 15 epoch(s)
2026-05-15 23:50:24,166 [Trainer] :: Starting epoch 22
2026-05-15 23:52:11,083 [Trainer] :: Completed epoch 22: train_loss=0.136728 train_iou=0.861243 val_loss=0.320387 val_iou=0.582305 lr=0.00009869
2026-05-15 23:52:11,490 [Trainer] :: Updated latest checkpoint at epoch 22
2026-05-15 23:52:11,490 [Trainer] :: No validation IoU improvement for 16 epoch(s)
2026-05-15 23:52:11,490 [Trainer] :: Starting epoch 23
2026-05-15 23:54:00,818 [Trainer] :: Completed epoch 23: train_loss=0.131054 train_iou=0.863554 val_loss=0.354954 val_iou=0.525168 lr=0.00009857
2026-05-15 23:54:01,246 [Trainer] :: Updated latest checkpoint at epoch 23
2026-05-15 23:54:01,246 [Trainer] :: No validation IoU improvement for 17 epoch(s)
2026-05-15 23:54:01,246 [Trainer] :: Starting epoch 24
2026-05-15 23:55:53,868 [Trainer] :: Completed epoch 24: train_loss=0.132072 train_iou=0.865629 val_loss=0.310884 val_iou=0.577887 lr=0.00009844
2026-05-15 23:55:54,231 [Trainer] :: Updated latest checkpoint at epoch 24
2026-05-15 23:55:54,231 [Trainer] :: No validation IoU improvement for 18 epoch(s)
2026-05-15 23:55:54,231 [Trainer] :: Starting epoch 25
2026-05-15 23:57:46,895 [Trainer] :: Completed epoch 25: train_loss=0.124588 train_iou=0.872033 val_loss=0.303854 val_iou=0.585701 lr=0.00009831
2026-05-15 23:57:47,517 [Trainer] :: Updated latest checkpoint at epoch 25
2026-05-15 23:57:47,518 [Trainer] :: No validation IoU improvement for 19 epoch(s)
2026-05-15 23:57:47,518 [Trainer] :: Starting epoch 26
2026-05-15 23:59:41,802 [Trainer] :: Completed epoch 26: train_loss=0.119031 train_iou=0.876424 val_loss=0.332930 val_iou=0.547771 lr=0.00009818
2026-05-15 23:59:42,170 [Trainer] :: Updated latest checkpoint at epoch 26
2026-05-15 23:59:42,170 [Trainer] :: No validation IoU improvement for 20 epoch(s)
2026-05-15 23:59:42,170 [Trainer] :: Starting epoch 27
2026-05-16 00:01:37,118 [Trainer] :: Completed epoch 27: train_loss=0.119791 train_iou=0.877730 val_loss=0.309370 val_iou=0.586204 lr=0.00009803
2026-05-16 00:01:37,694 [Trainer] :: Updated latest checkpoint at epoch 27
2026-05-16 00:01:37,694 [Trainer] :: No validation IoU improvement for 21 epoch(s)
2026-05-16 00:01:37,694 [Trainer] :: Starting epoch 28
2026-05-16 00:03:31,790 [Trainer] :: Completed epoch 28: train_loss=0.116315 train_iou=0.879818 val_loss=0.297309 val_iou=0.593260 lr=0.00009789
2026-05-16 00:03:32,243 [Trainer] :: Updated latest checkpoint at epoch 28
2026-05-16 00:03:32,243 [Trainer] :: No validation IoU improvement for 22 epoch(s)
2026-05-16 00:03:32,243 [Trainer] :: Starting epoch 29
2026-05-16 00:05:25,255 [Trainer] :: Completed epoch 29: train_loss=0.112664 train_iou=0.879515 val_loss=0.302637 val_iou=0.599487 lr=0.00009773
2026-05-16 00:05:25,791 [Trainer] :: Updated latest checkpoint at epoch 29
2026-05-16 00:05:25,791 [Trainer] :: No validation IoU improvement for 23 epoch(s)
2026-05-16 00:05:25,791 [Trainer] :: Starting epoch 30
2026-05-16 00:07:18,139 [Trainer] :: Completed epoch 30: train_loss=0.112980 train_iou=0.882734 val_loss=0.349802 val_iou=0.534605 lr=0.00009758
2026-05-16 00:07:18,695 [Trainer] :: Updated latest checkpoint at epoch 30
2026-05-16 00:07:18,695 [Trainer] :: No validation IoU improvement for 24 epoch(s)
2026-05-16 00:07:18,695 [Trainer] :: Starting epoch 31
2026-05-16 00:09:05,623 [Trainer] :: Completed epoch 31: train_loss=0.107193 train_iou=0.887592 val_loss=0.293155 val_iou=0.601310 lr=0.00009741
2026-05-16 00:09:05,975 [Trainer] :: Updated latest checkpoint at epoch 31
2026-05-16 00:09:05,975 [Trainer] :: No validation IoU improvement for 25 epoch(s)
2026-05-16 00:09:05,975 [Trainer] :: Starting epoch 32
2026-05-16 00:10:53,174 [Trainer] :: Completed epoch 32: train_loss=0.108354 train_iou=0.887766 val_loss=0.333255 val_iou=0.563041 lr=0.00009725
2026-05-16 00:10:53,521 [Trainer] :: Updated latest checkpoint at epoch 32
2026-05-16 00:10:53,521 [Trainer] :: No validation IoU improvement for 26 epoch(s)
2026-05-16 00:10:53,521 [Trainer] :: Starting epoch 33
2026-05-16 00:12:40,500 [Trainer] :: Completed epoch 33: train_loss=0.104955 train_iou=0.891280 val_loss=0.340075 val_iou=0.554676 lr=0.00009707
2026-05-16 00:12:40,852 [Trainer] :: Updated latest checkpoint at epoch 33
2026-05-16 00:12:40,852 [Trainer] :: No validation IoU improvement for 27 epoch(s)
2026-05-16 00:12:40,852 [Trainer] :: Starting epoch 34
2026-05-16 00:14:27,885 [Trainer] :: Completed epoch 34: train_loss=0.104565 train_iou=0.888565 val_loss=0.314160 val_iou=0.583712 lr=0.00009690
2026-05-16 00:14:28,254 [Trainer] :: Updated latest checkpoint at epoch 34
2026-05-16 00:14:28,254 [Trainer] :: No validation IoU improvement for 28 epoch(s)
2026-05-16 00:14:28,254 [Trainer] :: Starting epoch 35
2026-05-16 00:16:16,296 [Trainer] :: Completed epoch 35: train_loss=0.104263 train_iou=0.891136 val_loss=0.298975 val_iou=0.592369 lr=0.00009671
2026-05-16 00:16:17,981 [Trainer] :: Updated latest checkpoint at epoch 35
2026-05-16 00:16:17,981 [Trainer] :: No validation IoU improvement for 29 epoch(s)
2026-05-16 00:16:17,981 [Trainer] :: Starting epoch 36
2026-05-16 00:18:05,873 [Trainer] :: Completed epoch 36: train_loss=0.096723 train_iou=0.898246 val_loss=0.306218 val_iou=0.595698 lr=0.00009652
2026-05-16 00:18:06,341 [Trainer] :: Updated latest checkpoint at epoch 36
2026-05-16 00:18:06,341 [Trainer] :: No validation IoU improvement for 30 epoch(s)
2026-05-16 00:18:06,341 [Trainer] :: Starting epoch 37
2026-05-16 00:19:53,916 [Trainer] :: Completed epoch 37: train_loss=0.096064 train_iou=0.897461 val_loss=0.315095 val_iou=0.578860 lr=0.00009633
2026-05-16 00:20:04,349 [Trainer] :: Updated latest checkpoint at epoch 37
2026-05-16 00:20:04,349 [Trainer] :: No validation IoU improvement for 31 epoch(s)
2026-05-16 00:20:04,350 [Trainer] :: Starting epoch 38
2026-05-16 00:21:55,673 [Trainer] :: Completed epoch 38: train_loss=0.093547 train_iou=0.900189 val_loss=0.308498 val_iou=0.592006 lr=0.00009613
2026-05-16 00:21:56,052 [Trainer] :: Updated latest checkpoint at epoch 38
2026-05-16 00:21:56,052 [Trainer] :: No validation IoU improvement for 32 epoch(s)
2026-05-16 00:21:56,052 [Trainer] :: Starting epoch 39
2026-05-16 00:23:49,001 [Trainer] :: Completed epoch 39: train_loss=0.092324 train_iou=0.902047 val_loss=0.323251 val_iou=0.585999 lr=0.00009593
2026-05-16 00:23:49,387 [Trainer] :: Updated latest checkpoint at epoch 39
2026-05-16 00:23:49,387 [Trainer] :: No validation IoU improvement for 33 epoch(s)
2026-05-16 00:23:49,388 [Trainer] :: Starting epoch 40
2026-05-16 00:25:44,993 [Trainer] :: Completed epoch 40: train_loss=0.093761 train_iou=0.899115 val_loss=0.318388 val_iou=0.585393 lr=0.00009572
2026-05-16 00:25:45,645 [Trainer] :: Updated latest checkpoint at epoch 40
2026-05-16 00:25:45,645 [Trainer] :: No validation IoU improvement for 34 epoch(s)
2026-05-16 00:25:45,645 [Trainer] :: Starting epoch 41
2026-05-16 00:27:41,168 [Trainer] :: Completed epoch 41: train_loss=0.093871 train_iou=0.900780 val_loss=0.326569 val_iou=0.557015 lr=0.00009551
2026-05-16 00:27:41,538 [Trainer] :: Updated latest checkpoint at epoch 41
2026-05-16 00:27:41,539 [Trainer] :: No validation IoU improvement for 35 epoch(s)
2026-05-16 00:27:41,539 [Trainer] :: Starting epoch 42
2026-05-16 00:29:35,908 [Trainer] :: Completed epoch 42: train_loss=0.089233 train_iou=0.905631 val_loss=0.300430 val_iou=0.601526 lr=0.00009529
2026-05-16 00:29:36,302 [Trainer] :: Updated latest checkpoint at epoch 42
2026-05-16 00:29:36,302 [Trainer] :: No validation IoU improvement for 36 epoch(s)
2026-05-16 00:29:36,302 [Trainer] :: Starting epoch 43
2026-05-16 00:31:25,029 [Trainer] :: Completed epoch 43: train_loss=0.090103 train_iou=0.903666 val_loss=0.354161 val_iou=0.536271 lr=0.00009507
2026-05-16 00:31:25,609 [Trainer] :: Updated latest checkpoint at epoch 43
2026-05-16 00:31:25,609 [Trainer] :: No validation IoU improvement for 37 epoch(s)
2026-05-16 00:31:25,609 [Trainer] :: Starting epoch 44
2026-05-16 00:33:19,827 [Trainer] :: Completed epoch 44: train_loss=0.087006 train_iou=0.905366 val_loss=0.336027 val_iou=0.579160 lr=0.00009484
2026-05-16 00:33:20,701 [Trainer] :: Updated latest checkpoint at epoch 44
2026-05-16 00:33:20,701 [Trainer] :: No validation IoU improvement for 38 epoch(s)
2026-05-16 00:33:20,701 [Trainer] :: Starting epoch 45
2026-05-16 00:35:16,200 [Trainer] :: Completed epoch 45: train_loss=0.084990 train_iou=0.908190 val_loss=0.309281 val_iou=0.594121 lr=0.00009460
2026-05-16 00:35:16,571 [Trainer] :: Updated latest checkpoint at epoch 45
2026-05-16 00:35:16,571 [Trainer] :: No validation IoU improvement for 39 epoch(s)
2026-05-16 00:35:16,571 [Trainer] :: Starting epoch 46
2026-05-16 00:37:07,894 [Trainer] :: Completed epoch 46: train_loss=0.083013 train_iou=0.911034 val_loss=0.347230 val_iou=0.560436 lr=0.00009437
2026-05-16 00:37:08,266 [Trainer] :: Updated latest checkpoint at epoch 46
2026-05-16 00:37:08,266 [Trainer] :: No validation IoU improvement for 40 epoch(s)
2026-05-16 00:37:08,266 [Trainer] :: Starting epoch 47
2026-05-16 00:39:01,520 [Trainer] :: Completed epoch 47: train_loss=0.083601 train_iou=0.908914 val_loss=0.330642 val_iou=0.583646 lr=0.00009412
2026-05-16 00:39:01,905 [Trainer] :: Updated latest checkpoint at epoch 47
2026-05-16 00:39:01,905 [Trainer] :: No validation IoU improvement for 41 epoch(s)
2026-05-16 00:39:01,905 [Trainer] :: Starting epoch 48
2026-05-16 00:40:53,469 [Trainer] :: Completed epoch 48: train_loss=0.080588 train_iou=0.911846 val_loss=0.344874 val_iou=0.580453 lr=0.00009388
2026-05-16 00:40:53,840 [Trainer] :: Updated latest checkpoint at epoch 48
2026-05-16 00:40:53,840 [Trainer] :: No validation IoU improvement for 42 epoch(s)
2026-05-16 00:40:53,840 [Trainer] :: Starting epoch 49
2026-05-16 00:42:41,188 [Trainer] :: Completed epoch 49: train_loss=0.079606 train_iou=0.913687 val_loss=0.316905 val_iou=0.587845 lr=0.00009363
2026-05-16 00:42:41,537 [Trainer] :: Updated latest checkpoint at epoch 49
2026-05-16 00:42:41,537 [Trainer] :: No validation IoU improvement for 43 epoch(s)
2026-05-16 00:42:41,537 [Trainer] :: Starting epoch 50
2026-05-16 00:44:29,015 [Trainer] :: Completed epoch 50: train_loss=0.079298 train_iou=0.914095 val_loss=0.330190 val_iou=0.584670 lr=0.00009337
2026-05-16 00:44:29,507 [Trainer] :: Updated latest checkpoint at epoch 50
2026-05-16 00:44:29,507 [Trainer] :: No validation IoU improvement for 44 epoch(s)
2026-05-16 00:44:29,507 [Trainer] :: Starting epoch 51
2026-05-16 00:46:15,945 [Trainer] :: Completed epoch 51: train_loss=0.078849 train_iou=0.914179 val_loss=0.299439 val_iou=0.597398 lr=0.00009311
2026-05-16 00:46:16,313 [Trainer] :: Updated latest checkpoint at epoch 51
2026-05-16 00:46:16,314 [Trainer] :: No validation IoU improvement for 45 epoch(s)
2026-05-16 00:46:16,314 [Trainer] :: Starting epoch 52
2026-05-16 00:48:03,460 [Trainer] :: Completed epoch 52: train_loss=0.078493 train_iou=0.914877 val_loss=0.327579 val_iou=0.580365 lr=0.00009284
2026-05-16 00:48:03,804 [Trainer] :: Updated latest checkpoint at epoch 52
2026-05-16 00:48:03,804 [Trainer] :: No validation IoU improvement for 46 epoch(s)
2026-05-16 00:48:03,804 [Trainer] :: Starting epoch 53
2026-05-16 00:49:49,604 [Trainer] :: Completed epoch 53: train_loss=0.077338 train_iou=0.917253 val_loss=0.344486 val_iou=0.574181 lr=0.00009257
2026-05-16 00:49:49,949 [Trainer] :: Updated latest checkpoint at epoch 53
2026-05-16 00:49:49,950 [Trainer] :: No validation IoU improvement for 47 epoch(s)
2026-05-16 00:49:49,950 [Trainer] :: Starting epoch 54
2026-05-16 00:51:35,544 [Trainer] :: Completed epoch 54: train_loss=0.074599 train_iou=0.918962 val_loss=0.423051 val_iou=0.550311 lr=0.00009229
2026-05-16 00:51:35,921 [Trainer] :: Updated latest checkpoint at epoch 54
2026-05-16 00:51:35,921 [Trainer] :: No validation IoU improvement for 48 epoch(s)
2026-05-16 00:51:35,921 [Trainer] :: Starting epoch 55
2026-05-16 00:53:22,670 [Trainer] :: Completed epoch 55: train_loss=0.073390 train_iou=0.920443 val_loss=0.310860 val_iou=0.591628 lr=0.00009201
2026-05-16 00:53:23,016 [Trainer] :: Updated latest checkpoint at epoch 55
2026-05-16 00:53:23,016 [Trainer] :: No validation IoU improvement for 49 epoch(s)
2026-05-16 00:53:23,016 [Trainer] :: Starting epoch 56
2026-05-16 00:55:10,259 [Trainer] :: Completed epoch 56: train_loss=0.073046 train_iou=0.920146 val_loss=0.312698 val_iou=0.606220 lr=0.00009173
2026-05-16 00:55:10,622 [Trainer] :: Updated latest checkpoint at epoch 56
2026-05-16 00:55:10,622 [Trainer] :: No validation IoU improvement for 50 epoch(s)
2026-05-16 00:55:10,622 [Trainer] :: Starting epoch 57
2026-05-16 00:57:02,334 [Trainer] :: Completed epoch 57: train_loss=0.070073 train_iou=0.923830 val_loss=0.331661 val_iou=0.577616 lr=0.00009144
2026-05-16 00:57:02,943 [Trainer] :: Updated latest checkpoint at epoch 57
2026-05-16 00:57:02,943 [Trainer] :: No validation IoU improvement for 51 epoch(s)
2026-05-16 00:57:02,943 [Trainer] :: Starting epoch 58
2026-05-16 00:58:57,186 [Trainer] :: Completed epoch 58: train_loss=0.070459 train_iou=0.922852 val_loss=0.317865 val_iou=0.597867 lr=0.00009115
2026-05-16 00:58:57,525 [Trainer] :: Updated latest checkpoint at epoch 58
2026-05-16 00:58:57,525 [Trainer] :: No validation IoU improvement for 52 epoch(s)
2026-05-16 00:58:57,525 [Trainer] :: Starting epoch 59
2026-05-16 01:00:46,839 [Trainer] :: Completed epoch 59: train_loss=0.070565 train_iou=0.923542 val_loss=0.356494 val_iou=0.550786 lr=0.00009085
2026-05-16 01:00:47,197 [Trainer] :: Updated latest checkpoint at epoch 59
2026-05-16 01:00:47,197 [Trainer] :: No validation IoU improvement for 53 epoch(s)
2026-05-16 01:00:47,197 [Trainer] :: Starting epoch 60
2026-05-16 01:02:40,228 [Trainer] :: Completed epoch 60: train_loss=0.070323 train_iou=0.923109 val_loss=0.363106 val_iou=0.569006 lr=0.00009055
2026-05-16 01:02:40,630 [Trainer] :: Updated latest checkpoint at epoch 60
2026-05-16 01:02:40,630 [Trainer] :: No validation IoU improvement for 54 epoch(s)
2026-05-16 01:02:40,630 [Trainer] :: Starting epoch 61
2026-05-16 01:04:38,979 [Trainer] :: Completed epoch 61: train_loss=0.067493 train_iou=0.926651 val_loss=0.324960 val_iou=0.589341 lr=0.00009024
2026-05-16 01:04:39,513 [Trainer] :: Updated latest checkpoint at epoch 61
2026-05-16 01:04:39,514 [Trainer] :: No validation IoU improvement for 55 epoch(s)
2026-05-16 01:04:39,514 [Trainer] :: Starting epoch 62
2026-05-16 01:06:34,871 [Trainer] :: Completed epoch 62: train_loss=0.066337 train_iou=0.927556 val_loss=0.325918 val_iou=0.585926 lr=0.00008993
2026-05-16 01:06:35,223 [Trainer] :: Updated latest checkpoint at epoch 62
2026-05-16 01:06:35,223 [Trainer] :: No validation IoU improvement for 56 epoch(s)
2026-05-16 01:06:35,223 [Trainer] :: Starting epoch 63
2026-05-16 01:08:31,831 [Trainer] :: Completed epoch 63: train_loss=0.066164 train_iou=0.927236 val_loss=0.327967 val_iou=0.581467 lr=0.00008961
2026-05-16 01:08:32,178 [Trainer] :: Updated latest checkpoint at epoch 63
2026-05-16 01:08:32,178 [Trainer] :: No validation IoU improvement for 57 epoch(s)
2026-05-16 01:08:32,178 [Trainer] :: Starting epoch 64
2026-05-16 01:10:19,834 [Trainer] :: Completed epoch 64: train_loss=0.064846 train_iou=0.928860 val_loss=0.309166 val_iou=0.600846 lr=0.00008929
2026-05-16 01:10:20,186 [Trainer] :: Updated latest checkpoint at epoch 64
2026-05-16 01:10:20,187 [Trainer] :: No validation IoU improvement for 58 epoch(s)
2026-05-16 01:10:20,187 [Trainer] :: Starting epoch 65
2026-05-16 01:12:12,188 [Trainer] :: Completed epoch 65: train_loss=0.064492 train_iou=0.929403 val_loss=0.387840 val_iou=0.540315 lr=0.00008897
2026-05-16 01:12:12,529 [Trainer] :: Updated latest checkpoint at epoch 65
2026-05-16 01:12:12,529 [Trainer] :: No validation IoU improvement for 59 epoch(s)
2026-05-16 01:12:12,529 [Trainer] :: Starting epoch 66
2026-05-16 01:14:00,509 [Trainer] :: Completed epoch 66: train_loss=0.064365 train_iou=0.931602 val_loss=0.349840 val_iou=0.562942 lr=0.00008864
2026-05-16 01:14:00,871 [Trainer] :: Updated latest checkpoint at epoch 66
2026-05-16 01:14:00,871 [Trainer] :: No validation IoU improvement for 60 epoch(s)
2026-05-16 01:14:00,871 [Trainer] :: Early stopping triggered after 60 epoch(s) without improvement
2026-05-16 01:16:37,362 [Trainer] :: Wrote training history to outputs/runs/real_msi_deeplabv3plus_resnet50_seed47_20260515T211018Z/metrics/history.json
2026-05-16 01:16:37,362 [Trainer] :: Wrote test summary to outputs/runs/real_msi_deeplabv3plus_resnet50_seed47_20260515T211018Z/metrics/test_summary.json
2026-05-16 01:16:37,362 [Trainer] :: Training completed
