2026-05-07 00:31:56,545 [Trainer] :: Training run initialized at /ceph/home/student.aau.dk/qd36zu/fuzzy-p10/tbd/masking/outputs/runs/rgb_segformer_b1_fuzzy_halo_seed51_20260506T223156Z
2026-05-07 00:31:56,545 [Trainer] :: Loaded config from /ceph/home/student.aau.dk/qd36zu/fuzzy-p10/tbd/masking/configs/fuzzy/rgb_segformer_b1.yaml
2026-05-07 00:31:56,546 [Trainer] :: Using seed=51 and device=None
2026-05-07 00:31:56,546 [Trainer] :: Using model architecture=Segformer encoder=mit_b1 encoder_weights=imagenet
2026-05-07 00:31:56,897 [Trainer] :: Resolved runtime device to cuda
2026-05-07 00:31:56,897 [Trainer] :: Prepared normalization from source=imagenet
2026-05-07 00:32:01,422 [Trainer] :: Built dataloaders with batch_size=16, num_workers=0
2026-05-07 00:32:01,423 [Trainer] :: Starting epoch 1
2026-05-07 00:36:59,647 [Trainer] :: Completed epoch 1: train_loss=0.336723 train_iou=0.711147 val_loss=0.322079 val_iou=0.604085 lr=0.00010000
2026-05-07 00:36:59,987 [Trainer] :: Updated latest checkpoint at epoch 1
2026-05-07 00:37:00,324 [Trainer] :: New best checkpoint saved with val_iou=0.604085
2026-05-07 00:37:00,325 [Trainer] :: Starting epoch 2
2026-05-07 00:41:56,301 [Trainer] :: Completed epoch 2: train_loss=0.266347 train_iou=0.779330 val_loss=0.455335 val_iou=0.546522 lr=0.00009999
2026-05-07 00:41:56,528 [Trainer] :: Updated latest checkpoint at epoch 2
2026-05-07 00:41:56,528 [Trainer] :: No validation IoU improvement for 1 epoch(s)
2026-05-07 00:41:56,528 [Trainer] :: Starting epoch 3
2026-05-07 00:46:48,630 [Trainer] :: Completed epoch 3: train_loss=0.248808 train_iou=0.793768 val_loss=0.292183 val_iou=0.620016 lr=0.00009998
2026-05-07 00:46:48,883 [Trainer] :: Updated latest checkpoint at epoch 3
2026-05-07 00:46:49,119 [Trainer] :: New best checkpoint saved with val_iou=0.620016
2026-05-07 00:46:49,120 [Trainer] :: Starting epoch 4
2026-05-07 00:51:34,905 [Trainer] :: Completed epoch 4: train_loss=0.238827 train_iou=0.802145 val_loss=0.293906 val_iou=0.613315 lr=0.00009996
2026-05-07 00:51:35,405 [Trainer] :: Updated latest checkpoint at epoch 4
2026-05-07 00:51:35,405 [Trainer] :: No validation IoU improvement for 1 epoch(s)
2026-05-07 00:51:35,405 [Trainer] :: Starting epoch 5
2026-05-07 00:56:09,860 [Trainer] :: Completed epoch 5: train_loss=0.225884 train_iou=0.811531 val_loss=0.294771 val_iou=0.578511 lr=0.00009993
2026-05-07 00:56:10,185 [Trainer] :: Updated latest checkpoint at epoch 5
2026-05-07 00:56:10,185 [Trainer] :: No validation IoU improvement for 2 epoch(s)
2026-05-07 00:56:10,185 [Trainer] :: Starting epoch 6
2026-05-07 01:00:53,288 [Trainer] :: Completed epoch 6: train_loss=0.215687 train_iou=0.821984 val_loss=0.271438 val_iou=0.655373 lr=0.00009990
2026-05-07 01:00:53,526 [Trainer] :: Updated latest checkpoint at epoch 6
2026-05-07 01:00:53,775 [Trainer] :: New best checkpoint saved with val_iou=0.655373
2026-05-07 01:00:53,775 [Trainer] :: Starting epoch 7
2026-05-07 01:05:28,453 [Trainer] :: Completed epoch 7: train_loss=0.210984 train_iou=0.823474 val_loss=0.285483 val_iou=0.639560 lr=0.00009987
2026-05-07 01:05:28,704 [Trainer] :: Updated latest checkpoint at epoch 7
2026-05-07 01:05:28,704 [Trainer] :: No validation IoU improvement for 1 epoch(s)
2026-05-07 01:05:28,704 [Trainer] :: Starting epoch 8
2026-05-07 01:10:00,423 [Trainer] :: Completed epoch 8: train_loss=0.207664 train_iou=0.821670 val_loss=0.311356 val_iou=0.572482 lr=0.00009983
2026-05-07 01:10:00,676 [Trainer] :: Updated latest checkpoint at epoch 8
2026-05-07 01:10:00,676 [Trainer] :: No validation IoU improvement for 2 epoch(s)
2026-05-07 01:10:00,677 [Trainer] :: Starting epoch 9
2026-05-07 01:14:39,050 [Trainer] :: Completed epoch 9: train_loss=0.199426 train_iou=0.829885 val_loss=0.337695 val_iou=0.544743 lr=0.00009978
2026-05-07 01:14:39,309 [Trainer] :: Updated latest checkpoint at epoch 9
2026-05-07 01:14:39,309 [Trainer] :: No validation IoU improvement for 3 epoch(s)
2026-05-07 01:14:39,309 [Trainer] :: Starting epoch 10
2026-05-07 01:19:13,912 [Trainer] :: Completed epoch 10: train_loss=0.195116 train_iou=0.828256 val_loss=0.311842 val_iou=0.577825 lr=0.00009973
2026-05-07 01:19:14,287 [Trainer] :: Updated latest checkpoint at epoch 10
2026-05-07 01:19:14,288 [Trainer] :: No validation IoU improvement for 4 epoch(s)
2026-05-07 01:19:14,288 [Trainer] :: Starting epoch 11
2026-05-07 01:23:48,072 [Trainer] :: Completed epoch 11: train_loss=0.180205 train_iou=0.839166 val_loss=0.280131 val_iou=0.629964 lr=0.00009967
2026-05-07 01:23:48,310 [Trainer] :: Updated latest checkpoint at epoch 11
2026-05-07 01:23:48,310 [Trainer] :: No validation IoU improvement for 5 epoch(s)
2026-05-07 01:23:48,310 [Trainer] :: Starting epoch 12
2026-05-07 01:28:21,427 [Trainer] :: Completed epoch 12: train_loss=0.177606 train_iou=0.840360 val_loss=0.346945 val_iou=0.498634 lr=0.00009961
2026-05-07 01:28:21,822 [Trainer] :: Updated latest checkpoint at epoch 12
2026-05-07 01:28:21,822 [Trainer] :: No validation IoU improvement for 6 epoch(s)
2026-05-07 01:28:21,822 [Trainer] :: Starting epoch 13
2026-05-07 01:32:52,437 [Trainer] :: Completed epoch 13: train_loss=0.182416 train_iou=0.836241 val_loss=0.278086 val_iou=0.630223 lr=0.00009954
2026-05-07 01:32:52,705 [Trainer] :: Updated latest checkpoint at epoch 13
2026-05-07 01:32:52,705 [Trainer] :: No validation IoU improvement for 7 epoch(s)
2026-05-07 01:32:52,705 [Trainer] :: Starting epoch 14
2026-05-07 01:37:29,341 [Trainer] :: Completed epoch 14: train_loss=0.172047 train_iou=0.843438 val_loss=0.271410 val_iou=0.652879 lr=0.00009947
2026-05-07 01:37:29,590 [Trainer] :: Updated latest checkpoint at epoch 14
2026-05-07 01:37:29,590 [Trainer] :: No validation IoU improvement for 8 epoch(s)
2026-05-07 01:37:29,590 [Trainer] :: Starting epoch 15
2026-05-07 01:42:06,919 [Trainer] :: Completed epoch 15: train_loss=0.169443 train_iou=0.843148 val_loss=0.285698 val_iou=0.609245 lr=0.00009939
2026-05-07 01:42:07,261 [Trainer] :: Updated latest checkpoint at epoch 15
2026-05-07 01:42:07,261 [Trainer] :: No validation IoU improvement for 9 epoch(s)
2026-05-07 01:42:07,261 [Trainer] :: Starting epoch 16
2026-05-07 01:46:37,374 [Trainer] :: Completed epoch 16: train_loss=0.166591 train_iou=0.850665 val_loss=0.291125 val_iou=0.607402 lr=0.00009931
2026-05-07 01:46:37,664 [Trainer] :: Updated latest checkpoint at epoch 16
2026-05-07 01:46:37,664 [Trainer] :: No validation IoU improvement for 10 epoch(s)
2026-05-07 01:46:37,665 [Trainer] :: Starting epoch 17
2026-05-07 01:51:08,079 [Trainer] :: Completed epoch 17: train_loss=0.161129 train_iou=0.855062 val_loss=0.273574 val_iou=0.636988 lr=0.00009922
2026-05-07 01:51:08,557 [Trainer] :: Updated latest checkpoint at epoch 17
2026-05-07 01:51:08,557 [Trainer] :: No validation IoU improvement for 11 epoch(s)
2026-05-07 01:51:08,557 [Trainer] :: Starting epoch 18
2026-05-07 01:55:42,664 [Trainer] :: Completed epoch 18: train_loss=0.156794 train_iou=0.853531 val_loss=0.280652 val_iou=0.608362 lr=0.00009912
2026-05-07 01:55:43,045 [Trainer] :: Updated latest checkpoint at epoch 18
2026-05-07 01:55:43,045 [Trainer] :: No validation IoU improvement for 12 epoch(s)
2026-05-07 01:55:43,046 [Trainer] :: Starting epoch 19
2026-05-07 02:00:15,339 [Trainer] :: Completed epoch 19: train_loss=0.151688 train_iou=0.858167 val_loss=0.270248 val_iou=0.642692 lr=0.00009902
2026-05-07 02:00:16,152 [Trainer] :: Updated latest checkpoint at epoch 19
2026-05-07 02:00:16,152 [Trainer] :: No validation IoU improvement for 13 epoch(s)
2026-05-07 02:00:16,152 [Trainer] :: Starting epoch 20
2026-05-07 02:04:48,353 [Trainer] :: Completed epoch 20: train_loss=0.154392 train_iou=0.857467 val_loss=0.286850 val_iou=0.667757 lr=0.00009892
2026-05-07 02:04:48,601 [Trainer] :: Updated latest checkpoint at epoch 20
2026-05-07 02:04:48,857 [Trainer] :: New best checkpoint saved with val_iou=0.667757
2026-05-07 02:04:48,857 [Trainer] :: Starting epoch 21
2026-05-07 02:09:25,101 [Trainer] :: Completed epoch 21: train_loss=0.145944 train_iou=0.863549 val_loss=0.277432 val_iou=0.622113 lr=0.00009881
2026-05-07 02:09:25,520 [Trainer] :: Updated latest checkpoint at epoch 21
2026-05-07 02:09:25,520 [Trainer] :: No validation IoU improvement for 1 epoch(s)
2026-05-07 02:09:25,520 [Trainer] :: Starting epoch 22
2026-05-07 02:13:58,051 [Trainer] :: Completed epoch 22: train_loss=0.145875 train_iou=0.865566 val_loss=0.268540 val_iou=0.655486 lr=0.00009869
2026-05-07 02:13:58,296 [Trainer] :: Updated latest checkpoint at epoch 22
2026-05-07 02:13:58,296 [Trainer] :: No validation IoU improvement for 2 epoch(s)
2026-05-07 02:13:58,296 [Trainer] :: Starting epoch 23
2026-05-07 02:18:36,111 [Trainer] :: Completed epoch 23: train_loss=0.137689 train_iou=0.870953 val_loss=0.284409 val_iou=0.667256 lr=0.00009857
2026-05-07 02:18:36,379 [Trainer] :: Updated latest checkpoint at epoch 23
2026-05-07 02:18:36,379 [Trainer] :: No validation IoU improvement for 3 epoch(s)
2026-05-07 02:18:36,379 [Trainer] :: Starting epoch 24
2026-05-07 02:23:08,630 [Trainer] :: Completed epoch 24: train_loss=0.137800 train_iou=0.871123 val_loss=0.271625 val_iou=0.639159 lr=0.00009844
2026-05-07 02:23:08,945 [Trainer] :: Updated latest checkpoint at epoch 24
2026-05-07 02:23:08,945 [Trainer] :: No validation IoU improvement for 4 epoch(s)
2026-05-07 02:23:08,945 [Trainer] :: Starting epoch 25
2026-05-07 02:27:37,177 [Trainer] :: Completed epoch 25: train_loss=0.135858 train_iou=0.873645 val_loss=0.277362 val_iou=0.666599 lr=0.00009831
2026-05-07 02:27:37,468 [Trainer] :: Updated latest checkpoint at epoch 25
2026-05-07 02:27:37,468 [Trainer] :: No validation IoU improvement for 5 epoch(s)
2026-05-07 02:27:37,468 [Trainer] :: Starting epoch 26
2026-05-07 02:32:02,611 [Trainer] :: Completed epoch 26: train_loss=0.135191 train_iou=0.873568 val_loss=0.305403 val_iou=0.599502 lr=0.00009818
2026-05-07 02:32:02,883 [Trainer] :: Updated latest checkpoint at epoch 26
2026-05-07 02:32:02,883 [Trainer] :: No validation IoU improvement for 6 epoch(s)
2026-05-07 02:32:02,883 [Trainer] :: Starting epoch 27
2026-05-07 02:36:26,459 [Trainer] :: Completed epoch 27: train_loss=0.129389 train_iou=0.878505 val_loss=0.308522 val_iou=0.592344 lr=0.00009803
2026-05-07 02:36:26,828 [Trainer] :: Updated latest checkpoint at epoch 27
2026-05-07 02:36:26,828 [Trainer] :: No validation IoU improvement for 7 epoch(s)
2026-05-07 02:36:26,828 [Trainer] :: Starting epoch 28
2026-05-07 02:40:49,153 [Trainer] :: Completed epoch 28: train_loss=0.131910 train_iou=0.877401 val_loss=0.317771 val_iou=0.582831 lr=0.00009789
2026-05-07 02:40:49,406 [Trainer] :: Updated latest checkpoint at epoch 28
2026-05-07 02:40:49,407 [Trainer] :: No validation IoU improvement for 8 epoch(s)
2026-05-07 02:40:49,407 [Trainer] :: Starting epoch 29
2026-05-07 02:45:10,623 [Trainer] :: Completed epoch 29: train_loss=0.125719 train_iou=0.879664 val_loss=0.279317 val_iou=0.671877 lr=0.00009773
2026-05-07 02:45:10,897 [Trainer] :: Updated latest checkpoint at epoch 29
2026-05-07 02:45:11,151 [Trainer] :: New best checkpoint saved with val_iou=0.671877
2026-05-07 02:45:11,151 [Trainer] :: Starting epoch 30
2026-05-07 02:49:32,508 [Trainer] :: Completed epoch 30: train_loss=0.133052 train_iou=0.876361 val_loss=0.287524 val_iou=0.628194 lr=0.00009758
2026-05-07 02:49:32,757 [Trainer] :: Updated latest checkpoint at epoch 30
2026-05-07 02:49:32,757 [Trainer] :: No validation IoU improvement for 1 epoch(s)
2026-05-07 02:49:32,757 [Trainer] :: Starting epoch 31
2026-05-07 02:53:53,021 [Trainer] :: Completed epoch 31: train_loss=0.124940 train_iou=0.880057 val_loss=0.286638 val_iou=0.654561 lr=0.00009741
2026-05-07 02:53:53,273 [Trainer] :: Updated latest checkpoint at epoch 31
2026-05-07 02:53:53,273 [Trainer] :: No validation IoU improvement for 2 epoch(s)
2026-05-07 02:53:53,273 [Trainer] :: Starting epoch 32
2026-05-07 02:58:13,693 [Trainer] :: Completed epoch 32: train_loss=0.123925 train_iou=0.881516 val_loss=0.280963 val_iou=0.655779 lr=0.00009725
2026-05-07 02:58:13,947 [Trainer] :: Updated latest checkpoint at epoch 32
2026-05-07 02:58:13,948 [Trainer] :: No validation IoU improvement for 3 epoch(s)
2026-05-07 02:58:13,948 [Trainer] :: Starting epoch 33
2026-05-07 03:02:35,474 [Trainer] :: Completed epoch 33: train_loss=0.121215 train_iou=0.883392 val_loss=0.300633 val_iou=0.660977 lr=0.00009707
2026-05-07 03:02:35,724 [Trainer] :: Updated latest checkpoint at epoch 33
2026-05-07 03:02:35,724 [Trainer] :: No validation IoU improvement for 4 epoch(s)
2026-05-07 03:02:35,724 [Trainer] :: Starting epoch 34
2026-05-07 03:06:56,467 [Trainer] :: Completed epoch 34: train_loss=0.124127 train_iou=0.885333 val_loss=0.325690 val_iou=0.630112 lr=0.00009690
2026-05-07 03:06:56,849 [Trainer] :: Updated latest checkpoint at epoch 34
2026-05-07 03:06:56,849 [Trainer] :: No validation IoU improvement for 5 epoch(s)
2026-05-07 03:06:56,849 [Trainer] :: Starting epoch 35
2026-05-07 03:11:18,379 [Trainer] :: Completed epoch 35: train_loss=0.122063 train_iou=0.882985 val_loss=0.307043 val_iou=0.644719 lr=0.00009671
2026-05-07 03:11:18,646 [Trainer] :: Updated latest checkpoint at epoch 35
2026-05-07 03:11:18,646 [Trainer] :: No validation IoU improvement for 6 epoch(s)
2026-05-07 03:11:18,646 [Trainer] :: Starting epoch 36
2026-05-07 03:15:39,335 [Trainer] :: Completed epoch 36: train_loss=0.116723 train_iou=0.889175 val_loss=0.287490 val_iou=0.647641 lr=0.00009652
2026-05-07 03:15:39,599 [Trainer] :: Updated latest checkpoint at epoch 36
2026-05-07 03:15:39,599 [Trainer] :: No validation IoU improvement for 7 epoch(s)
2026-05-07 03:15:39,599 [Trainer] :: Starting epoch 37
2026-05-07 03:20:01,539 [Trainer] :: Completed epoch 37: train_loss=0.112118 train_iou=0.891174 val_loss=0.293425 val_iou=0.651216 lr=0.00009633
2026-05-07 03:20:01,809 [Trainer] :: Updated latest checkpoint at epoch 37
2026-05-07 03:20:01,809 [Trainer] :: No validation IoU improvement for 8 epoch(s)
2026-05-07 03:20:01,809 [Trainer] :: Starting epoch 38
2026-05-07 03:24:24,442 [Trainer] :: Completed epoch 38: train_loss=0.116183 train_iou=0.888962 val_loss=0.294170 val_iou=0.654065 lr=0.00009613
2026-05-07 03:24:24,681 [Trainer] :: Updated latest checkpoint at epoch 38
2026-05-07 03:24:24,681 [Trainer] :: No validation IoU improvement for 9 epoch(s)
2026-05-07 03:24:24,681 [Trainer] :: Starting epoch 39
2026-05-07 03:28:48,382 [Trainer] :: Completed epoch 39: train_loss=0.113502 train_iou=0.891805 val_loss=0.301923 val_iou=0.647852 lr=0.00009593
2026-05-07 03:28:48,635 [Trainer] :: Updated latest checkpoint at epoch 39
2026-05-07 03:28:48,635 [Trainer] :: No validation IoU improvement for 10 epoch(s)
2026-05-07 03:28:48,635 [Trainer] :: Starting epoch 40
2026-05-07 03:33:12,232 [Trainer] :: Completed epoch 40: train_loss=0.111591 train_iou=0.893289 val_loss=0.300617 val_iou=0.630329 lr=0.00009572
2026-05-07 03:33:12,565 [Trainer] :: Updated latest checkpoint at epoch 40
2026-05-07 03:33:12,565 [Trainer] :: No validation IoU improvement for 11 epoch(s)
2026-05-07 03:33:12,565 [Trainer] :: Starting epoch 41
2026-05-07 03:38:20,269 [Trainer] :: Completed epoch 41: train_loss=0.107645 train_iou=0.897037 val_loss=0.309412 val_iou=0.658541 lr=0.00009551
2026-05-07 03:38:20,449 [Trainer] :: Updated latest checkpoint at epoch 41
2026-05-07 03:38:20,450 [Trainer] :: No validation IoU improvement for 12 epoch(s)
2026-05-07 03:38:20,450 [Trainer] :: Starting epoch 42
2026-05-07 03:42:41,058 [Trainer] :: Completed epoch 42: train_loss=0.107899 train_iou=0.896079 val_loss=0.288187 val_iou=0.636468 lr=0.00009529
2026-05-07 03:42:41,274 [Trainer] :: Updated latest checkpoint at epoch 42
2026-05-07 03:42:41,274 [Trainer] :: No validation IoU improvement for 13 epoch(s)
2026-05-07 03:42:41,274 [Trainer] :: Starting epoch 43
2026-05-07 03:47:03,423 [Trainer] :: Completed epoch 43: train_loss=0.109148 train_iou=0.894245 val_loss=0.297796 val_iou=0.631244 lr=0.00009507
2026-05-07 03:47:03,642 [Trainer] :: Updated latest checkpoint at epoch 43
2026-05-07 03:47:03,642 [Trainer] :: No validation IoU improvement for 14 epoch(s)
2026-05-07 03:47:03,643 [Trainer] :: Starting epoch 44
2026-05-07 03:51:25,254 [Trainer] :: Completed epoch 44: train_loss=0.106066 train_iou=0.898830 val_loss=0.308997 val_iou=0.648514 lr=0.00009484
2026-05-07 03:51:25,572 [Trainer] :: Updated latest checkpoint at epoch 44
2026-05-07 03:51:25,572 [Trainer] :: No validation IoU improvement for 15 epoch(s)
2026-05-07 03:51:25,572 [Trainer] :: Starting epoch 45
2026-05-07 03:55:45,862 [Trainer] :: Completed epoch 45: train_loss=0.106709 train_iou=0.899077 val_loss=0.314039 val_iou=0.651970 lr=0.00009460
2026-05-07 03:55:46,211 [Trainer] :: Updated latest checkpoint at epoch 45
2026-05-07 03:55:46,212 [Trainer] :: No validation IoU improvement for 16 epoch(s)
2026-05-07 03:55:46,212 [Trainer] :: Starting epoch 46
2026-05-07 04:00:07,680 [Trainer] :: Completed epoch 46: train_loss=0.103981 train_iou=0.899591 val_loss=0.301547 val_iou=0.646105 lr=0.00009437
2026-05-07 04:00:07,903 [Trainer] :: Updated latest checkpoint at epoch 46
2026-05-07 04:00:07,904 [Trainer] :: No validation IoU improvement for 17 epoch(s)
2026-05-07 04:00:07,904 [Trainer] :: Starting epoch 47
2026-05-07 04:04:29,136 [Trainer] :: Completed epoch 47: train_loss=0.104640 train_iou=0.900291 val_loss=0.296744 val_iou=0.645667 lr=0.00009412
2026-05-07 04:04:29,441 [Trainer] :: Updated latest checkpoint at epoch 47
2026-05-07 04:04:29,442 [Trainer] :: No validation IoU improvement for 18 epoch(s)
2026-05-07 04:04:29,442 [Trainer] :: Starting epoch 48
2026-05-07 04:08:50,959 [Trainer] :: Completed epoch 48: train_loss=0.101132 train_iou=0.903280 val_loss=0.327594 val_iou=0.600880 lr=0.00009388
2026-05-07 04:08:51,204 [Trainer] :: Updated latest checkpoint at epoch 48
2026-05-07 04:08:51,204 [Trainer] :: No validation IoU improvement for 19 epoch(s)
2026-05-07 04:08:51,204 [Trainer] :: Starting epoch 49
2026-05-07 04:13:12,364 [Trainer] :: Completed epoch 49: train_loss=0.100753 train_iou=0.903292 val_loss=0.331155 val_iou=0.609155 lr=0.00009363
2026-05-07 04:13:12,619 [Trainer] :: Updated latest checkpoint at epoch 49
2026-05-07 04:13:12,619 [Trainer] :: No validation IoU improvement for 20 epoch(s)
2026-05-07 04:13:12,619 [Trainer] :: Starting epoch 50
2026-05-07 04:17:34,537 [Trainer] :: Completed epoch 50: train_loss=0.100234 train_iou=0.904786 val_loss=0.323424 val_iou=0.620166 lr=0.00009337
2026-05-07 04:17:34,759 [Trainer] :: Updated latest checkpoint at epoch 50
2026-05-07 04:17:34,760 [Trainer] :: No validation IoU improvement for 21 epoch(s)
2026-05-07 04:17:34,760 [Trainer] :: Starting epoch 51
2026-05-07 04:22:05,350 [Trainer] :: Completed epoch 51: train_loss=0.100655 train_iou=0.903641 val_loss=0.303020 val_iou=0.640217 lr=0.00009311
2026-05-07 04:22:05,667 [Trainer] :: Updated latest checkpoint at epoch 51
2026-05-07 04:22:05,667 [Trainer] :: No validation IoU improvement for 22 epoch(s)
2026-05-07 04:22:05,667 [Trainer] :: Starting epoch 52
2026-05-07 04:26:21,317 [Trainer] :: Completed epoch 52: train_loss=0.097861 train_iou=0.906512 val_loss=0.327333 val_iou=0.603643 lr=0.00009284
2026-05-07 04:26:21,508 [Trainer] :: Updated latest checkpoint at epoch 52
2026-05-07 04:26:21,508 [Trainer] :: No validation IoU improvement for 23 epoch(s)
2026-05-07 04:26:21,509 [Trainer] :: Starting epoch 53
2026-05-07 04:30:13,608 [Trainer] :: Completed epoch 53: train_loss=0.097619 train_iou=0.906871 val_loss=0.314247 val_iou=0.630074 lr=0.00009257
2026-05-07 04:30:13,808 [Trainer] :: Updated latest checkpoint at epoch 53
2026-05-07 04:30:13,808 [Trainer] :: No validation IoU improvement for 24 epoch(s)
2026-05-07 04:30:13,808 [Trainer] :: Starting epoch 54
2026-05-07 04:34:06,172 [Trainer] :: Completed epoch 54: train_loss=0.096767 train_iou=0.907309 val_loss=0.299849 val_iou=0.645085 lr=0.00009229
2026-05-07 04:34:06,393 [Trainer] :: Updated latest checkpoint at epoch 54
2026-05-07 04:34:06,393 [Trainer] :: No validation IoU improvement for 25 epoch(s)
2026-05-07 04:34:06,393 [Trainer] :: Starting epoch 55
2026-05-07 04:37:59,065 [Trainer] :: Completed epoch 55: train_loss=0.095661 train_iou=0.908113 val_loss=0.319209 val_iou=0.610726 lr=0.00009201
2026-05-07 04:37:59,260 [Trainer] :: Updated latest checkpoint at epoch 55
2026-05-07 04:37:59,260 [Trainer] :: No validation IoU improvement for 26 epoch(s)
2026-05-07 04:37:59,260 [Trainer] :: Starting epoch 56
2026-05-07 04:41:50,860 [Trainer] :: Completed epoch 56: train_loss=0.092165 train_iou=0.910385 val_loss=0.311660 val_iou=0.649574 lr=0.00009173
2026-05-07 04:41:51,050 [Trainer] :: Updated latest checkpoint at epoch 56
2026-05-07 04:41:51,050 [Trainer] :: No validation IoU improvement for 27 epoch(s)
2026-05-07 04:41:51,050 [Trainer] :: Starting epoch 57
2026-05-07 04:45:42,672 [Trainer] :: Completed epoch 57: train_loss=0.093132 train_iou=0.910874 val_loss=0.334134 val_iou=0.622803 lr=0.00009144
2026-05-07 04:45:42,902 [Trainer] :: Updated latest checkpoint at epoch 57
2026-05-07 04:45:42,902 [Trainer] :: No validation IoU improvement for 28 epoch(s)
2026-05-07 04:45:42,902 [Trainer] :: Starting epoch 58
2026-05-07 04:49:35,861 [Trainer] :: Completed epoch 58: train_loss=0.094281 train_iou=0.909641 val_loss=0.303077 val_iou=0.645985 lr=0.00009115
2026-05-07 04:49:36,106 [Trainer] :: Updated latest checkpoint at epoch 58
2026-05-07 04:49:36,106 [Trainer] :: No validation IoU improvement for 29 epoch(s)
2026-05-07 04:49:36,106 [Trainer] :: Starting epoch 59
2026-05-07 04:53:30,283 [Trainer] :: Completed epoch 59: train_loss=0.094994 train_iou=0.910820 val_loss=0.305069 val_iou=0.636858 lr=0.00009085
2026-05-07 04:53:30,501 [Trainer] :: Updated latest checkpoint at epoch 59
2026-05-07 04:53:30,502 [Trainer] :: No validation IoU improvement for 30 epoch(s)
2026-05-07 04:53:30,502 [Trainer] :: Starting epoch 60
2026-05-07 04:57:31,614 [Trainer] :: Completed epoch 60: train_loss=0.091148 train_iou=0.911190 val_loss=0.314573 val_iou=0.646046 lr=0.00009055
2026-05-07 04:57:31,827 [Trainer] :: Updated latest checkpoint at epoch 60
2026-05-07 04:57:31,827 [Trainer] :: No validation IoU improvement for 31 epoch(s)
2026-05-07 04:57:31,827 [Trainer] :: Starting epoch 61
2026-05-07 05:01:32,456 [Trainer] :: Completed epoch 61: train_loss=0.089139 train_iou=0.913844 val_loss=0.317683 val_iou=0.627757 lr=0.00009024
2026-05-07 05:01:32,671 [Trainer] :: Updated latest checkpoint at epoch 61
2026-05-07 05:01:32,671 [Trainer] :: No validation IoU improvement for 32 epoch(s)
2026-05-07 05:01:32,671 [Trainer] :: Starting epoch 62
2026-05-07 05:05:32,545 [Trainer] :: Completed epoch 62: train_loss=0.089854 train_iou=0.913230 val_loss=0.307149 val_iou=0.653373 lr=0.00008993
2026-05-07 05:05:33,047 [Trainer] :: Updated latest checkpoint at epoch 62
2026-05-07 05:05:33,047 [Trainer] :: No validation IoU improvement for 33 epoch(s)
2026-05-07 05:05:33,047 [Trainer] :: Starting epoch 63
2026-05-07 05:09:34,198 [Trainer] :: Completed epoch 63: train_loss=0.087379 train_iou=0.915099 val_loss=0.309965 val_iou=0.639423 lr=0.00008961
2026-05-07 05:09:34,668 [Trainer] :: Updated latest checkpoint at epoch 63
2026-05-07 05:09:34,669 [Trainer] :: No validation IoU improvement for 34 epoch(s)
2026-05-07 05:09:34,669 [Trainer] :: Starting epoch 64
2026-05-07 05:13:35,147 [Trainer] :: Completed epoch 64: train_loss=0.087031 train_iou=0.915472 val_loss=0.320519 val_iou=0.645932 lr=0.00008929
2026-05-07 05:13:35,370 [Trainer] :: Updated latest checkpoint at epoch 64
2026-05-07 05:13:35,370 [Trainer] :: No validation IoU improvement for 35 epoch(s)
2026-05-07 05:13:35,370 [Trainer] :: Starting epoch 65
2026-05-07 05:17:36,880 [Trainer] :: Completed epoch 65: train_loss=0.089264 train_iou=0.914542 val_loss=0.315947 val_iou=0.648435 lr=0.00008897
2026-05-07 05:17:37,307 [Trainer] :: Updated latest checkpoint at epoch 65
2026-05-07 05:17:37,307 [Trainer] :: No validation IoU improvement for 36 epoch(s)
2026-05-07 05:17:37,307 [Trainer] :: Starting epoch 66
2026-05-07 05:21:39,456 [Trainer] :: Completed epoch 66: train_loss=0.087446 train_iou=0.916843 val_loss=0.326387 val_iou=0.623712 lr=0.00008864
2026-05-07 05:21:39,678 [Trainer] :: Updated latest checkpoint at epoch 66
2026-05-07 05:21:39,678 [Trainer] :: No validation IoU improvement for 37 epoch(s)
2026-05-07 05:21:39,678 [Trainer] :: Starting epoch 67
2026-05-07 05:25:41,271 [Trainer] :: Completed epoch 67: train_loss=0.088750 train_iou=0.915891 val_loss=0.302157 val_iou=0.653365 lr=0.00008831
2026-05-07 05:25:41,827 [Trainer] :: Updated latest checkpoint at epoch 67
2026-05-07 05:25:41,827 [Trainer] :: No validation IoU improvement for 38 epoch(s)
2026-05-07 05:25:41,827 [Trainer] :: Starting epoch 68
2026-05-07 05:29:43,227 [Trainer] :: Completed epoch 68: train_loss=0.086975 train_iou=0.915653 val_loss=0.328801 val_iou=0.622905 lr=0.00008797
2026-05-07 05:29:43,448 [Trainer] :: Updated latest checkpoint at epoch 68
2026-05-07 05:29:43,448 [Trainer] :: No validation IoU improvement for 39 epoch(s)
2026-05-07 05:29:43,448 [Trainer] :: Starting epoch 69
2026-05-07 05:33:43,629 [Trainer] :: Completed epoch 69: train_loss=0.085195 train_iou=0.918584 val_loss=0.296872 val_iou=0.654374 lr=0.00008763
2026-05-07 05:33:43,884 [Trainer] :: Updated latest checkpoint at epoch 69
2026-05-07 05:33:43,884 [Trainer] :: No validation IoU improvement for 40 epoch(s)
2026-05-07 05:33:43,884 [Trainer] :: Starting epoch 70
2026-05-07 05:37:44,655 [Trainer] :: Completed epoch 70: train_loss=0.084999 train_iou=0.918085 val_loss=0.305311 val_iou=0.651920 lr=0.00008729
2026-05-07 05:37:44,879 [Trainer] :: Updated latest checkpoint at epoch 70
2026-05-07 05:37:44,879 [Trainer] :: No validation IoU improvement for 41 epoch(s)
2026-05-07 05:37:44,879 [Trainer] :: Starting epoch 71
2026-05-07 05:41:44,750 [Trainer] :: Completed epoch 71: train_loss=0.086531 train_iou=0.917900 val_loss=0.313540 val_iou=0.647566 lr=0.00008694
2026-05-07 05:41:45,248 [Trainer] :: Updated latest checkpoint at epoch 71
2026-05-07 05:41:45,248 [Trainer] :: No validation IoU improvement for 42 epoch(s)
2026-05-07 05:41:45,248 [Trainer] :: Starting epoch 72
2026-05-07 05:45:45,538 [Trainer] :: Completed epoch 72: train_loss=0.084619 train_iou=0.918447 val_loss=0.318977 val_iou=0.641704 lr=0.00008658
2026-05-07 05:45:46,063 [Trainer] :: Updated latest checkpoint at epoch 72
2026-05-07 05:45:46,064 [Trainer] :: No validation IoU improvement for 43 epoch(s)
2026-05-07 05:45:46,064 [Trainer] :: Starting epoch 73
2026-05-07 05:49:46,577 [Trainer] :: Completed epoch 73: train_loss=0.085488 train_iou=0.919041 val_loss=0.310504 val_iou=0.649120 lr=0.00008623
2026-05-07 05:49:46,791 [Trainer] :: Updated latest checkpoint at epoch 73
2026-05-07 05:49:46,792 [Trainer] :: No validation IoU improvement for 44 epoch(s)
2026-05-07 05:49:46,792 [Trainer] :: Starting epoch 74
2026-05-07 05:53:47,204 [Trainer] :: Completed epoch 74: train_loss=0.082062 train_iou=0.920850 val_loss=0.311030 val_iou=0.638119 lr=0.00008587
2026-05-07 05:53:47,440 [Trainer] :: Updated latest checkpoint at epoch 74
2026-05-07 05:53:47,441 [Trainer] :: No validation IoU improvement for 45 epoch(s)
2026-05-07 05:53:47,441 [Trainer] :: Starting epoch 75
2026-05-07 05:57:47,775 [Trainer] :: Completed epoch 75: train_loss=0.083077 train_iou=0.919118 val_loss=0.313337 val_iou=0.650522 lr=0.00008550
2026-05-07 05:57:48,082 [Trainer] :: Updated latest checkpoint at epoch 75
2026-05-07 05:57:48,082 [Trainer] :: No validation IoU improvement for 46 epoch(s)
2026-05-07 05:57:48,082 [Trainer] :: Starting epoch 76
2026-05-07 06:01:47,663 [Trainer] :: Completed epoch 76: train_loss=0.083968 train_iou=0.919924 val_loss=0.308913 val_iou=0.637307 lr=0.00008513
2026-05-07 06:01:48,203 [Trainer] :: Updated latest checkpoint at epoch 76
2026-05-07 06:01:48,203 [Trainer] :: No validation IoU improvement for 47 epoch(s)
2026-05-07 06:01:48,203 [Trainer] :: Starting epoch 77
2026-05-07 06:05:49,241 [Trainer] :: Completed epoch 77: train_loss=0.083777 train_iou=0.919214 val_loss=0.345212 val_iou=0.619580 lr=0.00008476
2026-05-07 06:05:49,525 [Trainer] :: Updated latest checkpoint at epoch 77
2026-05-07 06:05:49,525 [Trainer] :: No validation IoU improvement for 48 epoch(s)
2026-05-07 06:05:49,526 [Trainer] :: Starting epoch 78
2026-05-07 06:09:50,447 [Trainer] :: Completed epoch 78: train_loss=0.082490 train_iou=0.920317 val_loss=0.314387 val_iou=0.637606 lr=0.00008439
2026-05-07 06:09:50,662 [Trainer] :: Updated latest checkpoint at epoch 78
2026-05-07 06:09:50,662 [Trainer] :: No validation IoU improvement for 49 epoch(s)
2026-05-07 06:09:50,662 [Trainer] :: Starting epoch 79
2026-05-07 06:13:51,075 [Trainer] :: Completed epoch 79: train_loss=0.084141 train_iou=0.919741 val_loss=0.329823 val_iou=0.631496 lr=0.00008401
2026-05-07 06:13:51,301 [Trainer] :: Updated latest checkpoint at epoch 79
2026-05-07 06:13:51,301 [Trainer] :: No validation IoU improvement for 50 epoch(s)
2026-05-07 06:13:51,301 [Trainer] :: Starting epoch 80
2026-05-07 06:17:51,005 [Trainer] :: Completed epoch 80: train_loss=0.082364 train_iou=0.920536 val_loss=0.339618 val_iou=0.619874 lr=0.00008362
2026-05-07 06:17:51,214 [Trainer] :: Updated latest checkpoint at epoch 80
2026-05-07 06:17:51,215 [Trainer] :: No validation IoU improvement for 51 epoch(s)
2026-05-07 06:17:51,215 [Trainer] :: Starting epoch 81
2026-05-07 06:21:51,811 [Trainer] :: Completed epoch 81: train_loss=0.081339 train_iou=0.922756 val_loss=0.339408 val_iou=0.624460 lr=0.00008323
2026-05-07 06:21:52,026 [Trainer] :: Updated latest checkpoint at epoch 81
2026-05-07 06:21:52,026 [Trainer] :: No validation IoU improvement for 52 epoch(s)
2026-05-07 06:21:52,026 [Trainer] :: Starting epoch 82
2026-05-07 06:25:52,283 [Trainer] :: Completed epoch 82: train_loss=0.079503 train_iou=0.922403 val_loss=0.326613 val_iou=0.646434 lr=0.00008284
2026-05-07 06:25:52,502 [Trainer] :: Updated latest checkpoint at epoch 82
2026-05-07 06:25:52,502 [Trainer] :: No validation IoU improvement for 53 epoch(s)
2026-05-07 06:25:52,503 [Trainer] :: Starting epoch 83
2026-05-07 06:29:52,892 [Trainer] :: Completed epoch 83: train_loss=0.081711 train_iou=0.922387 val_loss=0.324153 val_iou=0.642630 lr=0.00008245
2026-05-07 06:29:53,151 [Trainer] :: Updated latest checkpoint at epoch 83
2026-05-07 06:29:53,151 [Trainer] :: No validation IoU improvement for 54 epoch(s)
2026-05-07 06:29:53,152 [Trainer] :: Starting epoch 84
2026-05-07 06:33:53,168 [Trainer] :: Completed epoch 84: train_loss=0.082507 train_iou=0.922396 val_loss=0.319336 val_iou=0.638635 lr=0.00008205
2026-05-07 06:33:53,496 [Trainer] :: Updated latest checkpoint at epoch 84
2026-05-07 06:33:53,496 [Trainer] :: No validation IoU improvement for 55 epoch(s)
2026-05-07 06:33:53,496 [Trainer] :: Starting epoch 85
2026-05-07 06:37:54,895 [Trainer] :: Completed epoch 85: train_loss=0.079760 train_iou=0.923114 val_loss=0.325493 val_iou=0.648342 lr=0.00008165
2026-05-07 06:37:55,110 [Trainer] :: Updated latest checkpoint at epoch 85
2026-05-07 06:37:55,110 [Trainer] :: No validation IoU improvement for 56 epoch(s)
2026-05-07 06:37:55,110 [Trainer] :: Starting epoch 86
2026-05-07 06:41:55,855 [Trainer] :: Completed epoch 86: train_loss=0.079193 train_iou=0.925047 val_loss=0.329952 val_iou=0.623666 lr=0.00008125
2026-05-07 06:41:56,073 [Trainer] :: Updated latest checkpoint at epoch 86
2026-05-07 06:41:56,073 [Trainer] :: No validation IoU improvement for 57 epoch(s)
2026-05-07 06:41:56,073 [Trainer] :: Starting epoch 87
2026-05-07 06:45:58,677 [Trainer] :: Completed epoch 87: train_loss=0.080288 train_iou=0.923517 val_loss=0.358212 val_iou=0.613596 lr=0.00008084
2026-05-07 06:45:58,893 [Trainer] :: Updated latest checkpoint at epoch 87
2026-05-07 06:45:58,893 [Trainer] :: No validation IoU improvement for 58 epoch(s)
2026-05-07 06:45:58,893 [Trainer] :: Starting epoch 88
2026-05-07 06:50:01,984 [Trainer] :: Completed epoch 88: train_loss=0.078302 train_iou=0.924700 val_loss=0.329722 val_iou=0.631055 lr=0.00008043
2026-05-07 06:50:02,716 [Trainer] :: Updated latest checkpoint at epoch 88
2026-05-07 06:50:02,717 [Trainer] :: No validation IoU improvement for 59 epoch(s)
2026-05-07 06:50:02,717 [Trainer] :: Starting epoch 89
2026-05-07 06:54:04,626 [Trainer] :: Completed epoch 89: train_loss=0.076394 train_iou=0.925799 val_loss=0.316922 val_iou=0.656111 lr=0.00008001
2026-05-07 06:54:04,944 [Trainer] :: Updated latest checkpoint at epoch 89
2026-05-07 06:54:04,945 [Trainer] :: No validation IoU improvement for 60 epoch(s)
2026-05-07 06:54:04,945 [Trainer] :: Early stopping triggered after 60 epoch(s) without improvement
2026-05-07 06:57:28,708 [Trainer] :: Wrote training history to outputs/runs/rgb_segformer_b1_fuzzy_halo_seed51_20260506T223156Z/metrics/history.json
2026-05-07 06:57:29,158 [Trainer] :: Wrote test summary to outputs/runs/rgb_segformer_b1_fuzzy_halo_seed51_20260506T223156Z/metrics/test_summary.json
2026-05-07 06:57:29,158 [Trainer] :: Training completed
