2026-05-04 16:36:07,484 [Trainer] :: Training run initialized at /ceph/home/student.aau.dk/qd36zu/fuzzy-p10/tbd/masking/outputs/runs/rgb_unetplusplus_resnet50_fuzzy_halo_seed51_20260504T143607Z
2026-05-04 16:36:07,484 [Trainer] :: Loaded config from /ceph/home/student.aau.dk/qd36zu/fuzzy-p10/tbd/masking/configs/fuzzy/rgb_unetpp_resnet50.yaml
2026-05-04 16:36:07,484 [Trainer] :: Using seed=51 and device=None
2026-05-04 16:36:07,484 [Trainer] :: Using model architecture=UnetPlusPlus encoder=resnet50 encoder_weights=imagenet
2026-05-04 16:36:07,949 [Trainer] :: Resolved runtime device to cuda
2026-05-04 16:36:07,949 [Trainer] :: Prepared normalization from source=imagenet
2026-05-04 16:36:12,653 [Trainer] :: Built dataloaders with batch_size=16, num_workers=0
2026-05-04 16:36:12,655 [Trainer] :: Starting epoch 1
2026-05-04 16:42:57,119 [Trainer] :: Completed epoch 1: train_loss=0.402411 train_iou=0.691643 val_loss=0.385339 val_iou=0.550137 lr=0.00010000
2026-05-04 16:42:57,937 [Trainer] :: Updated latest checkpoint at epoch 1
2026-05-04 16:42:58,781 [Trainer] :: New best checkpoint saved with val_iou=0.550137
2026-05-04 16:42:58,781 [Trainer] :: Starting epoch 2
2026-05-04 16:49:23,541 [Trainer] :: Completed epoch 2: train_loss=0.318473 train_iou=0.761836 val_loss=0.371985 val_iou=0.559695 lr=0.00009999
2026-05-04 16:49:24,436 [Trainer] :: Updated latest checkpoint at epoch 2
2026-05-04 16:49:25,178 [Trainer] :: New best checkpoint saved with val_iou=0.559695
2026-05-04 16:49:25,178 [Trainer] :: Starting epoch 3
2026-05-04 16:55:46,448 [Trainer] :: Completed epoch 3: train_loss=0.298523 train_iou=0.768548 val_loss=0.349487 val_iou=0.526954 lr=0.00009998
2026-05-04 16:55:47,124 [Trainer] :: Updated latest checkpoint at epoch 3
2026-05-04 16:55:47,124 [Trainer] :: No validation IoU improvement for 1 epoch(s)
2026-05-04 16:55:47,124 [Trainer] :: Starting epoch 4
2026-05-04 17:02:10,903 [Trainer] :: Completed epoch 4: train_loss=0.271070 train_iou=0.793412 val_loss=0.350381 val_iou=0.531714 lr=0.00009996
2026-05-04 17:02:11,597 [Trainer] :: Updated latest checkpoint at epoch 4
2026-05-04 17:02:11,597 [Trainer] :: No validation IoU improvement for 2 epoch(s)
2026-05-04 17:02:11,597 [Trainer] :: Starting epoch 5
2026-05-04 17:08:35,046 [Trainer] :: Completed epoch 5: train_loss=0.252657 train_iou=0.806681 val_loss=0.335316 val_iou=0.524557 lr=0.00009993
2026-05-04 17:08:35,788 [Trainer] :: Updated latest checkpoint at epoch 5
2026-05-04 17:08:35,788 [Trainer] :: No validation IoU improvement for 3 epoch(s)
2026-05-04 17:08:35,788 [Trainer] :: Starting epoch 6
2026-05-04 17:15:03,250 [Trainer] :: Completed epoch 6: train_loss=0.243136 train_iou=0.812641 val_loss=0.326810 val_iou=0.547537 lr=0.00009990
2026-05-04 17:15:03,983 [Trainer] :: Updated latest checkpoint at epoch 6
2026-05-04 17:15:03,983 [Trainer] :: No validation IoU improvement for 4 epoch(s)
2026-05-04 17:15:03,983 [Trainer] :: Starting epoch 7
2026-05-04 17:21:27,672 [Trainer] :: Completed epoch 7: train_loss=0.237009 train_iou=0.813751 val_loss=0.317050 val_iou=0.622873 lr=0.00009987
2026-05-04 17:21:28,456 [Trainer] :: Updated latest checkpoint at epoch 7
2026-05-04 17:21:29,252 [Trainer] :: New best checkpoint saved with val_iou=0.622873
2026-05-04 17:21:29,253 [Trainer] :: Starting epoch 8
2026-05-04 17:27:49,487 [Trainer] :: Completed epoch 8: train_loss=0.221612 train_iou=0.824624 val_loss=0.344988 val_iou=0.515677 lr=0.00009983
2026-05-04 17:27:50,682 [Trainer] :: Updated latest checkpoint at epoch 8
2026-05-04 17:27:50,683 [Trainer] :: No validation IoU improvement for 1 epoch(s)
2026-05-04 17:27:50,683 [Trainer] :: Starting epoch 9
2026-05-04 17:34:10,075 [Trainer] :: Completed epoch 9: train_loss=0.211418 train_iou=0.833564 val_loss=0.319778 val_iou=0.577306 lr=0.00009978
2026-05-04 17:34:10,992 [Trainer] :: Updated latest checkpoint at epoch 9
2026-05-04 17:34:10,992 [Trainer] :: No validation IoU improvement for 2 epoch(s)
2026-05-04 17:34:10,992 [Trainer] :: Starting epoch 10
2026-05-04 17:40:29,249 [Trainer] :: Completed epoch 10: train_loss=0.202864 train_iou=0.841079 val_loss=0.319854 val_iou=0.613208 lr=0.00009973
2026-05-04 17:40:29,997 [Trainer] :: Updated latest checkpoint at epoch 10
2026-05-04 17:40:29,997 [Trainer] :: No validation IoU improvement for 3 epoch(s)
2026-05-04 17:40:29,997 [Trainer] :: Starting epoch 11
2026-05-04 17:47:02,151 [Trainer] :: Completed epoch 11: train_loss=0.200799 train_iou=0.840445 val_loss=0.323177 val_iou=0.555186 lr=0.00009967
2026-05-04 17:47:02,925 [Trainer] :: Updated latest checkpoint at epoch 11
2026-05-04 17:47:02,926 [Trainer] :: No validation IoU improvement for 4 epoch(s)
2026-05-04 17:47:02,926 [Trainer] :: Starting epoch 12
2026-05-04 17:53:33,640 [Trainer] :: Completed epoch 12: train_loss=0.191713 train_iou=0.849772 val_loss=0.372257 val_iou=0.527119 lr=0.00009961
2026-05-04 17:53:34,408 [Trainer] :: Updated latest checkpoint at epoch 12
2026-05-04 17:53:34,408 [Trainer] :: No validation IoU improvement for 5 epoch(s)
2026-05-04 17:53:34,408 [Trainer] :: Starting epoch 13
2026-05-04 18:00:04,554 [Trainer] :: Completed epoch 13: train_loss=0.190017 train_iou=0.850544 val_loss=0.307727 val_iou=0.615884 lr=0.00009954
2026-05-04 18:00:05,465 [Trainer] :: Updated latest checkpoint at epoch 13
2026-05-04 18:00:05,465 [Trainer] :: No validation IoU improvement for 6 epoch(s)
2026-05-04 18:00:05,465 [Trainer] :: Starting epoch 14
2026-05-04 18:06:26,049 [Trainer] :: Completed epoch 14: train_loss=0.182729 train_iou=0.856865 val_loss=0.306229 val_iou=0.585404 lr=0.00009947
2026-05-04 18:06:26,858 [Trainer] :: Updated latest checkpoint at epoch 14
2026-05-04 18:06:26,858 [Trainer] :: No validation IoU improvement for 7 epoch(s)
2026-05-04 18:06:26,858 [Trainer] :: Starting epoch 15
2026-05-04 18:12:48,633 [Trainer] :: Completed epoch 15: train_loss=0.174177 train_iou=0.862633 val_loss=0.334187 val_iou=0.539039 lr=0.00009939
2026-05-04 18:12:49,387 [Trainer] :: Updated latest checkpoint at epoch 15
2026-05-04 18:12:49,387 [Trainer] :: No validation IoU improvement for 8 epoch(s)
2026-05-04 18:12:49,387 [Trainer] :: Starting epoch 16
2026-05-04 18:19:16,470 [Trainer] :: Completed epoch 16: train_loss=0.172086 train_iou=0.865718 val_loss=0.345898 val_iou=0.521262 lr=0.00009931
2026-05-04 18:19:17,365 [Trainer] :: Updated latest checkpoint at epoch 16
2026-05-04 18:19:17,365 [Trainer] :: No validation IoU improvement for 9 epoch(s)
2026-05-04 18:19:17,366 [Trainer] :: Starting epoch 17
2026-05-04 18:25:35,800 [Trainer] :: Completed epoch 17: train_loss=0.172126 train_iou=0.866287 val_loss=0.319579 val_iou=0.625701 lr=0.00009922
2026-05-04 18:25:36,717 [Trainer] :: Updated latest checkpoint at epoch 17
2026-05-04 18:25:37,583 [Trainer] :: New best checkpoint saved with val_iou=0.625701
2026-05-04 18:25:37,583 [Trainer] :: Starting epoch 18
2026-05-04 18:32:01,821 [Trainer] :: Completed epoch 18: train_loss=0.165881 train_iou=0.870065 val_loss=0.356846 val_iou=0.540420 lr=0.00009912
2026-05-04 18:32:02,619 [Trainer] :: Updated latest checkpoint at epoch 18
2026-05-04 18:32:02,619 [Trainer] :: No validation IoU improvement for 1 epoch(s)
2026-05-04 18:32:02,619 [Trainer] :: Starting epoch 19
2026-05-04 18:38:38,593 [Trainer] :: Completed epoch 19: train_loss=0.163029 train_iou=0.871726 val_loss=0.310041 val_iou=0.576255 lr=0.00009902
2026-05-04 18:38:39,756 [Trainer] :: Updated latest checkpoint at epoch 19
2026-05-04 18:38:39,756 [Trainer] :: No validation IoU improvement for 2 epoch(s)
2026-05-04 18:38:39,756 [Trainer] :: Starting epoch 20
2026-05-04 18:45:09,615 [Trainer] :: Completed epoch 20: train_loss=0.159973 train_iou=0.875025 val_loss=0.322618 val_iou=0.571579 lr=0.00009892
2026-05-04 18:45:10,512 [Trainer] :: Updated latest checkpoint at epoch 20
2026-05-04 18:45:10,513 [Trainer] :: No validation IoU improvement for 3 epoch(s)
2026-05-04 18:45:10,513 [Trainer] :: Starting epoch 21
2026-05-04 18:51:37,848 [Trainer] :: Completed epoch 21: train_loss=0.150498 train_iou=0.882890 val_loss=0.354825 val_iou=0.536841 lr=0.00009881
2026-05-04 18:51:38,699 [Trainer] :: Updated latest checkpoint at epoch 21
2026-05-04 18:51:38,699 [Trainer] :: No validation IoU improvement for 4 epoch(s)
2026-05-04 18:51:38,699 [Trainer] :: Starting epoch 22
2026-05-04 18:58:00,127 [Trainer] :: Completed epoch 22: train_loss=0.152939 train_iou=0.881241 val_loss=0.342381 val_iou=0.552269 lr=0.00009869
2026-05-04 18:58:00,971 [Trainer] :: Updated latest checkpoint at epoch 22
2026-05-04 18:58:00,971 [Trainer] :: No validation IoU improvement for 5 epoch(s)
2026-05-04 18:58:00,972 [Trainer] :: Starting epoch 23
2026-05-04 19:04:23,000 [Trainer] :: Completed epoch 23: train_loss=0.145433 train_iou=0.887939 val_loss=0.336523 val_iou=0.581263 lr=0.00009857
2026-05-04 19:04:23,725 [Trainer] :: Updated latest checkpoint at epoch 23
2026-05-04 19:04:23,725 [Trainer] :: No validation IoU improvement for 6 epoch(s)
2026-05-04 19:04:23,725 [Trainer] :: Starting epoch 24
2026-05-04 19:11:02,635 [Trainer] :: Completed epoch 24: train_loss=0.141269 train_iou=0.891663 val_loss=0.319798 val_iou=0.591952 lr=0.00009844
2026-05-04 19:11:03,396 [Trainer] :: Updated latest checkpoint at epoch 24
2026-05-04 19:11:03,397 [Trainer] :: No validation IoU improvement for 7 epoch(s)
2026-05-04 19:11:03,397 [Trainer] :: Starting epoch 25
2026-05-04 19:17:38,713 [Trainer] :: Completed epoch 25: train_loss=0.140000 train_iou=0.893304 val_loss=0.325545 val_iou=0.570550 lr=0.00009831
2026-05-04 19:17:39,841 [Trainer] :: Updated latest checkpoint at epoch 25
2026-05-04 19:17:39,842 [Trainer] :: No validation IoU improvement for 8 epoch(s)
2026-05-04 19:17:39,842 [Trainer] :: Starting epoch 26
2026-05-04 19:24:08,384 [Trainer] :: Completed epoch 26: train_loss=0.142104 train_iou=0.889041 val_loss=0.325673 val_iou=0.597960 lr=0.00009818
2026-05-04 19:24:09,161 [Trainer] :: Updated latest checkpoint at epoch 26
2026-05-04 19:24:09,161 [Trainer] :: No validation IoU improvement for 9 epoch(s)
2026-05-04 19:24:09,161 [Trainer] :: Starting epoch 27
2026-05-04 19:30:33,049 [Trainer] :: Completed epoch 27: train_loss=0.139957 train_iou=0.894239 val_loss=0.318949 val_iou=0.612066 lr=0.00009803
2026-05-04 19:30:34,283 [Trainer] :: Updated latest checkpoint at epoch 27
2026-05-04 19:30:34,283 [Trainer] :: No validation IoU improvement for 10 epoch(s)
2026-05-04 19:30:34,283 [Trainer] :: Starting epoch 28
2026-05-04 19:36:58,815 [Trainer] :: Completed epoch 28: train_loss=0.130906 train_iou=0.900648 val_loss=0.319986 val_iou=0.569783 lr=0.00009789
2026-05-04 19:36:59,664 [Trainer] :: Updated latest checkpoint at epoch 28
2026-05-04 19:36:59,664 [Trainer] :: No validation IoU improvement for 11 epoch(s)
2026-05-04 19:36:59,664 [Trainer] :: Starting epoch 29
2026-05-04 19:43:27,599 [Trainer] :: Completed epoch 29: train_loss=0.131429 train_iou=0.899796 val_loss=0.335190 val_iou=0.564749 lr=0.00009773
2026-05-04 19:43:28,288 [Trainer] :: Updated latest checkpoint at epoch 29
2026-05-04 19:43:28,288 [Trainer] :: No validation IoU improvement for 12 epoch(s)
2026-05-04 19:43:28,288 [Trainer] :: Starting epoch 30
2026-05-04 19:49:47,579 [Trainer] :: Completed epoch 30: train_loss=0.130193 train_iou=0.899911 val_loss=0.320223 val_iou=0.582511 lr=0.00009758
2026-05-04 19:49:48,505 [Trainer] :: Updated latest checkpoint at epoch 30
2026-05-04 19:49:48,505 [Trainer] :: No validation IoU improvement for 13 epoch(s)
2026-05-04 19:49:48,505 [Trainer] :: Starting epoch 31
2026-05-04 19:56:15,818 [Trainer] :: Completed epoch 31: train_loss=0.128512 train_iou=0.899857 val_loss=0.308706 val_iou=0.606484 lr=0.00009741
2026-05-04 19:56:16,496 [Trainer] :: Updated latest checkpoint at epoch 31
2026-05-04 19:56:16,496 [Trainer] :: No validation IoU improvement for 14 epoch(s)
2026-05-04 19:56:16,496 [Trainer] :: Starting epoch 32
2026-05-04 20:02:41,664 [Trainer] :: Completed epoch 32: train_loss=0.122657 train_iou=0.904576 val_loss=0.350344 val_iou=0.541114 lr=0.00009725
2026-05-04 20:02:42,400 [Trainer] :: Updated latest checkpoint at epoch 32
2026-05-04 20:02:42,400 [Trainer] :: No validation IoU improvement for 15 epoch(s)
2026-05-04 20:02:42,400 [Trainer] :: Starting epoch 33
2026-05-04 20:09:05,326 [Trainer] :: Completed epoch 33: train_loss=0.120894 train_iou=0.906037 val_loss=0.363498 val_iou=0.541180 lr=0.00009707
2026-05-04 20:09:06,061 [Trainer] :: Updated latest checkpoint at epoch 33
2026-05-04 20:09:06,061 [Trainer] :: No validation IoU improvement for 16 epoch(s)
2026-05-04 20:09:06,061 [Trainer] :: Starting epoch 34
2026-05-04 20:15:38,542 [Trainer] :: Completed epoch 34: train_loss=0.117482 train_iou=0.907618 val_loss=0.315968 val_iou=0.600417 lr=0.00009690
2026-05-04 20:15:39,231 [Trainer] :: Updated latest checkpoint at epoch 34
2026-05-04 20:15:39,231 [Trainer] :: No validation IoU improvement for 17 epoch(s)
2026-05-04 20:15:39,231 [Trainer] :: Starting epoch 35
2026-05-04 20:22:30,127 [Trainer] :: Completed epoch 35: train_loss=0.115252 train_iou=0.907182 val_loss=0.355465 val_iou=0.578825 lr=0.00009671
2026-05-04 20:22:30,862 [Trainer] :: Updated latest checkpoint at epoch 35
2026-05-04 20:22:30,862 [Trainer] :: No validation IoU improvement for 18 epoch(s)
2026-05-04 20:22:30,862 [Trainer] :: Starting epoch 36
2026-05-04 20:29:27,000 [Trainer] :: Completed epoch 36: train_loss=0.112760 train_iou=0.906044 val_loss=0.369550 val_iou=0.546989 lr=0.00009652
2026-05-04 20:29:27,709 [Trainer] :: Updated latest checkpoint at epoch 36
2026-05-04 20:29:27,710 [Trainer] :: No validation IoU improvement for 19 epoch(s)
2026-05-04 20:29:27,710 [Trainer] :: Starting epoch 37
2026-05-04 20:36:27,364 [Trainer] :: Completed epoch 37: train_loss=0.110956 train_iou=0.907591 val_loss=0.411063 val_iou=0.518830 lr=0.00009633
2026-05-04 20:36:28,106 [Trainer] :: Updated latest checkpoint at epoch 37
2026-05-04 20:36:28,107 [Trainer] :: No validation IoU improvement for 20 epoch(s)
2026-05-04 20:36:28,107 [Trainer] :: Starting epoch 38
2026-05-04 20:43:27,470 [Trainer] :: Completed epoch 38: train_loss=0.106943 train_iou=0.908122 val_loss=0.323230 val_iou=0.602831 lr=0.00009613
2026-05-04 20:43:28,187 [Trainer] :: Updated latest checkpoint at epoch 38
2026-05-04 20:43:28,187 [Trainer] :: No validation IoU improvement for 21 epoch(s)
2026-05-04 20:43:28,187 [Trainer] :: Starting epoch 39
2026-05-04 20:50:29,169 [Trainer] :: Completed epoch 39: train_loss=0.104203 train_iou=0.910837 val_loss=0.315987 val_iou=0.589007 lr=0.00009593
2026-05-04 20:50:29,945 [Trainer] :: Updated latest checkpoint at epoch 39
2026-05-04 20:50:29,945 [Trainer] :: No validation IoU improvement for 22 epoch(s)
2026-05-04 20:50:29,945 [Trainer] :: Starting epoch 40
2026-05-04 20:57:29,219 [Trainer] :: Completed epoch 40: train_loss=0.105046 train_iou=0.909866 val_loss=0.327228 val_iou=0.597140 lr=0.00009572
2026-05-04 20:57:29,993 [Trainer] :: Updated latest checkpoint at epoch 40
2026-05-04 20:57:29,993 [Trainer] :: No validation IoU improvement for 23 epoch(s)
2026-05-04 20:57:29,993 [Trainer] :: Starting epoch 41
2026-05-04 21:04:27,825 [Trainer] :: Completed epoch 41: train_loss=0.102318 train_iou=0.912537 val_loss=0.353988 val_iou=0.550152 lr=0.00009551
2026-05-04 21:04:28,557 [Trainer] :: Updated latest checkpoint at epoch 41
2026-05-04 21:04:28,557 [Trainer] :: No validation IoU improvement for 24 epoch(s)
2026-05-04 21:04:28,557 [Trainer] :: Starting epoch 42
2026-05-04 21:11:52,172 [Trainer] :: Completed epoch 42: train_loss=0.100643 train_iou=0.910060 val_loss=0.336550 val_iou=0.570472 lr=0.00009529
2026-05-04 21:11:52,928 [Trainer] :: Updated latest checkpoint at epoch 42
2026-05-04 21:11:52,929 [Trainer] :: No validation IoU improvement for 25 epoch(s)
2026-05-04 21:11:52,929 [Trainer] :: Starting epoch 43
2026-05-04 21:18:57,885 [Trainer] :: Completed epoch 43: train_loss=0.106401 train_iou=0.910361 val_loss=0.376470 val_iou=0.554616 lr=0.00009507
2026-05-04 21:18:58,676 [Trainer] :: Updated latest checkpoint at epoch 43
2026-05-04 21:18:58,676 [Trainer] :: No validation IoU improvement for 26 epoch(s)
2026-05-04 21:18:58,676 [Trainer] :: Starting epoch 44
2026-05-04 21:26:01,872 [Trainer] :: Completed epoch 44: train_loss=0.099746 train_iou=0.911484 val_loss=0.317553 val_iou=0.612163 lr=0.00009484
2026-05-04 21:26:02,613 [Trainer] :: Updated latest checkpoint at epoch 44
2026-05-04 21:26:02,614 [Trainer] :: No validation IoU improvement for 27 epoch(s)
2026-05-04 21:26:02,614 [Trainer] :: Starting epoch 45
2026-05-04 21:33:00,819 [Trainer] :: Completed epoch 45: train_loss=0.094586 train_iou=0.915314 val_loss=0.342025 val_iou=0.591019 lr=0.00009460
2026-05-04 21:33:01,658 [Trainer] :: Updated latest checkpoint at epoch 45
2026-05-04 21:33:01,659 [Trainer] :: No validation IoU improvement for 28 epoch(s)
2026-05-04 21:33:01,659 [Trainer] :: Starting epoch 46
2026-05-04 21:40:13,200 [Trainer] :: Completed epoch 46: train_loss=0.094658 train_iou=0.916564 val_loss=0.363526 val_iou=0.573328 lr=0.00009437
2026-05-04 21:40:14,058 [Trainer] :: Updated latest checkpoint at epoch 46
2026-05-04 21:40:14,058 [Trainer] :: No validation IoU improvement for 29 epoch(s)
2026-05-04 21:40:14,058 [Trainer] :: Starting epoch 47
2026-05-04 21:47:26,517 [Trainer] :: Completed epoch 47: train_loss=0.092395 train_iou=0.919384 val_loss=0.370960 val_iou=0.552450 lr=0.00009412
2026-05-04 21:47:28,851 [Trainer] :: Updated latest checkpoint at epoch 47
2026-05-04 21:47:28,852 [Trainer] :: No validation IoU improvement for 30 epoch(s)
2026-05-04 21:47:28,852 [Trainer] :: Starting epoch 48
2026-05-04 21:54:39,527 [Trainer] :: Completed epoch 48: train_loss=0.091630 train_iou=0.917383 val_loss=0.342004 val_iou=0.571013 lr=0.00009388
2026-05-04 21:54:40,263 [Trainer] :: Updated latest checkpoint at epoch 48
2026-05-04 21:54:40,263 [Trainer] :: No validation IoU improvement for 31 epoch(s)
2026-05-04 21:54:40,263 [Trainer] :: Starting epoch 49
2026-05-04 22:01:40,586 [Trainer] :: Completed epoch 49: train_loss=0.088096 train_iou=0.920072 val_loss=0.348401 val_iou=0.609767 lr=0.00009363
2026-05-04 22:01:41,539 [Trainer] :: Updated latest checkpoint at epoch 49
2026-05-04 22:01:41,539 [Trainer] :: No validation IoU improvement for 32 epoch(s)
2026-05-04 22:01:41,539 [Trainer] :: Starting epoch 50
2026-05-04 22:08:41,919 [Trainer] :: Completed epoch 50: train_loss=0.088719 train_iou=0.919506 val_loss=0.384235 val_iou=0.579420 lr=0.00009337
2026-05-04 22:08:42,664 [Trainer] :: Updated latest checkpoint at epoch 50
2026-05-04 22:08:42,664 [Trainer] :: No validation IoU improvement for 33 epoch(s)
2026-05-04 22:08:42,665 [Trainer] :: Starting epoch 51
2026-05-04 22:15:42,289 [Trainer] :: Completed epoch 51: train_loss=0.090908 train_iou=0.917030 val_loss=0.354659 val_iou=0.582922 lr=0.00009311
2026-05-04 22:15:43,063 [Trainer] :: Updated latest checkpoint at epoch 51
2026-05-04 22:15:43,063 [Trainer] :: No validation IoU improvement for 34 epoch(s)
2026-05-04 22:15:43,063 [Trainer] :: Starting epoch 52
2026-05-04 22:22:40,693 [Trainer] :: Completed epoch 52: train_loss=0.083378 train_iou=0.923635 val_loss=0.369695 val_iou=0.572629 lr=0.00009284
2026-05-04 22:22:41,471 [Trainer] :: Updated latest checkpoint at epoch 52
2026-05-04 22:22:41,471 [Trainer] :: No validation IoU improvement for 35 epoch(s)
2026-05-04 22:22:41,471 [Trainer] :: Starting epoch 53
2026-05-04 22:29:40,994 [Trainer] :: Completed epoch 53: train_loss=0.084476 train_iou=0.923047 val_loss=0.357122 val_iou=0.597552 lr=0.00009257
2026-05-04 22:29:41,797 [Trainer] :: Updated latest checkpoint at epoch 53
2026-05-04 22:29:41,797 [Trainer] :: No validation IoU improvement for 36 epoch(s)
2026-05-04 22:29:41,797 [Trainer] :: Starting epoch 54
2026-05-04 22:36:39,178 [Trainer] :: Completed epoch 54: train_loss=0.081667 train_iou=0.924482 val_loss=0.367766 val_iou=0.593715 lr=0.00009229
2026-05-04 22:36:39,911 [Trainer] :: Updated latest checkpoint at epoch 54
2026-05-04 22:36:39,911 [Trainer] :: No validation IoU improvement for 37 epoch(s)
2026-05-04 22:36:39,912 [Trainer] :: Starting epoch 55
2026-05-04 22:43:36,955 [Trainer] :: Completed epoch 55: train_loss=0.083098 train_iou=0.924108 val_loss=0.384691 val_iou=0.547980 lr=0.00009201
2026-05-04 22:43:37,730 [Trainer] :: Updated latest checkpoint at epoch 55
2026-05-04 22:43:37,730 [Trainer] :: No validation IoU improvement for 38 epoch(s)
2026-05-04 22:43:37,730 [Trainer] :: Starting epoch 56
2026-05-04 22:50:37,160 [Trainer] :: Completed epoch 56: train_loss=0.081731 train_iou=0.924711 val_loss=0.391686 val_iou=0.571790 lr=0.00009173
2026-05-04 22:50:37,984 [Trainer] :: Updated latest checkpoint at epoch 56
2026-05-04 22:50:37,984 [Trainer] :: No validation IoU improvement for 39 epoch(s)
2026-05-04 22:50:37,984 [Trainer] :: Starting epoch 57
2026-05-04 22:57:37,472 [Trainer] :: Completed epoch 57: train_loss=0.080368 train_iou=0.926401 val_loss=0.405338 val_iou=0.555363 lr=0.00009144
2026-05-04 22:57:38,513 [Trainer] :: Updated latest checkpoint at epoch 57
2026-05-04 22:57:38,514 [Trainer] :: No validation IoU improvement for 40 epoch(s)
2026-05-04 22:57:38,514 [Trainer] :: Starting epoch 58
2026-05-04 23:04:37,939 [Trainer] :: Completed epoch 58: train_loss=0.080764 train_iou=0.926480 val_loss=0.386386 val_iou=0.551237 lr=0.00009115
2026-05-04 23:04:38,694 [Trainer] :: Updated latest checkpoint at epoch 58
2026-05-04 23:04:38,694 [Trainer] :: No validation IoU improvement for 41 epoch(s)
2026-05-04 23:04:38,694 [Trainer] :: Starting epoch 59
2026-05-04 23:11:43,057 [Trainer] :: Completed epoch 59: train_loss=0.080079 train_iou=0.925634 val_loss=0.386565 val_iou=0.552416 lr=0.00009085
2026-05-04 23:11:43,959 [Trainer] :: Updated latest checkpoint at epoch 59
2026-05-04 23:11:43,959 [Trainer] :: No validation IoU improvement for 42 epoch(s)
2026-05-04 23:11:43,959 [Trainer] :: Starting epoch 60
2026-05-04 23:18:45,571 [Trainer] :: Completed epoch 60: train_loss=0.078713 train_iou=0.927132 val_loss=0.382318 val_iou=0.579403 lr=0.00009055
2026-05-04 23:18:46,352 [Trainer] :: Updated latest checkpoint at epoch 60
2026-05-04 23:18:46,352 [Trainer] :: No validation IoU improvement for 43 epoch(s)
2026-05-04 23:18:46,352 [Trainer] :: Starting epoch 61
2026-05-04 23:25:53,947 [Trainer] :: Completed epoch 61: train_loss=0.080971 train_iou=0.925028 val_loss=0.354742 val_iou=0.603365 lr=0.00009024
2026-05-04 23:25:54,712 [Trainer] :: Updated latest checkpoint at epoch 61
2026-05-04 23:25:54,712 [Trainer] :: No validation IoU improvement for 44 epoch(s)
2026-05-04 23:25:54,712 [Trainer] :: Starting epoch 62
2026-05-04 23:32:53,736 [Trainer] :: Completed epoch 62: train_loss=0.077574 train_iou=0.927194 val_loss=0.352109 val_iou=0.590741 lr=0.00008993
2026-05-04 23:32:54,486 [Trainer] :: Updated latest checkpoint at epoch 62
2026-05-04 23:32:54,486 [Trainer] :: No validation IoU improvement for 45 epoch(s)
2026-05-04 23:32:54,486 [Trainer] :: Starting epoch 63
2026-05-04 23:39:54,323 [Trainer] :: Completed epoch 63: train_loss=0.077034 train_iou=0.928367 val_loss=0.366469 val_iou=0.595451 lr=0.00008961
2026-05-04 23:39:55,343 [Trainer] :: Updated latest checkpoint at epoch 63
2026-05-04 23:39:55,343 [Trainer] :: No validation IoU improvement for 46 epoch(s)
2026-05-04 23:39:55,343 [Trainer] :: Starting epoch 64
2026-05-04 23:46:54,040 [Trainer] :: Completed epoch 64: train_loss=0.076865 train_iou=0.929284 val_loss=0.389794 val_iou=0.564244 lr=0.00008929
2026-05-04 23:46:54,895 [Trainer] :: Updated latest checkpoint at epoch 64
2026-05-04 23:46:54,895 [Trainer] :: No validation IoU improvement for 47 epoch(s)
2026-05-04 23:46:54,895 [Trainer] :: Starting epoch 65
2026-05-04 23:53:56,785 [Trainer] :: Completed epoch 65: train_loss=0.076330 train_iou=0.930009 val_loss=0.390352 val_iou=0.584232 lr=0.00008897
2026-05-04 23:53:57,644 [Trainer] :: Updated latest checkpoint at epoch 65
2026-05-04 23:53:57,644 [Trainer] :: No validation IoU improvement for 48 epoch(s)
2026-05-04 23:53:57,644 [Trainer] :: Starting epoch 66
2026-05-05 00:00:59,825 [Trainer] :: Completed epoch 66: train_loss=0.076844 train_iou=0.927903 val_loss=0.363674 val_iou=0.593681 lr=0.00008864
2026-05-05 00:01:00,587 [Trainer] :: Updated latest checkpoint at epoch 66
2026-05-05 00:01:00,588 [Trainer] :: No validation IoU improvement for 49 epoch(s)
2026-05-05 00:01:00,588 [Trainer] :: Starting epoch 67
2026-05-05 00:08:01,468 [Trainer] :: Completed epoch 67: train_loss=0.075013 train_iou=0.930446 val_loss=0.392715 val_iou=0.561955 lr=0.00008831
2026-05-05 00:08:02,227 [Trainer] :: Updated latest checkpoint at epoch 67
2026-05-05 00:08:02,228 [Trainer] :: No validation IoU improvement for 50 epoch(s)
2026-05-05 00:08:02,228 [Trainer] :: Starting epoch 68
2026-05-05 00:15:03,961 [Trainer] :: Completed epoch 68: train_loss=0.075052 train_iou=0.931016 val_loss=0.375224 val_iou=0.585954 lr=0.00008797
2026-05-05 00:15:04,773 [Trainer] :: Updated latest checkpoint at epoch 68
2026-05-05 00:15:04,773 [Trainer] :: No validation IoU improvement for 51 epoch(s)
2026-05-05 00:15:04,773 [Trainer] :: Starting epoch 69
2026-05-05 00:22:06,482 [Trainer] :: Completed epoch 69: train_loss=0.074509 train_iou=0.931122 val_loss=0.408227 val_iou=0.549982 lr=0.00008763
2026-05-05 00:22:07,251 [Trainer] :: Updated latest checkpoint at epoch 69
2026-05-05 00:22:07,251 [Trainer] :: No validation IoU improvement for 52 epoch(s)
2026-05-05 00:22:07,251 [Trainer] :: Starting epoch 70
2026-05-05 00:29:10,252 [Trainer] :: Completed epoch 70: train_loss=0.074794 train_iou=0.930116 val_loss=0.505388 val_iou=0.524763 lr=0.00008729
2026-05-05 00:29:11,077 [Trainer] :: Updated latest checkpoint at epoch 70
2026-05-05 00:29:11,077 [Trainer] :: No validation IoU improvement for 53 epoch(s)
2026-05-05 00:29:11,077 [Trainer] :: Starting epoch 71
2026-05-05 00:36:12,917 [Trainer] :: Completed epoch 71: train_loss=0.076022 train_iou=0.929242 val_loss=0.405848 val_iou=0.555916 lr=0.00008694
2026-05-05 00:36:13,693 [Trainer] :: Updated latest checkpoint at epoch 71
2026-05-05 00:36:13,694 [Trainer] :: No validation IoU improvement for 54 epoch(s)
2026-05-05 00:36:13,694 [Trainer] :: Starting epoch 72
2026-05-05 00:43:16,074 [Trainer] :: Completed epoch 72: train_loss=0.074769 train_iou=0.931005 val_loss=0.454783 val_iou=0.544757 lr=0.00008658
2026-05-05 00:43:16,822 [Trainer] :: Updated latest checkpoint at epoch 72
2026-05-05 00:43:16,823 [Trainer] :: No validation IoU improvement for 55 epoch(s)
2026-05-05 00:43:16,823 [Trainer] :: Starting epoch 73
2026-05-05 00:50:16,378 [Trainer] :: Completed epoch 73: train_loss=0.074657 train_iou=0.931528 val_loss=0.395206 val_iou=0.575477 lr=0.00008623
2026-05-05 00:50:17,178 [Trainer] :: Updated latest checkpoint at epoch 73
2026-05-05 00:50:17,178 [Trainer] :: No validation IoU improvement for 56 epoch(s)
2026-05-05 00:50:17,178 [Trainer] :: Starting epoch 74
2026-05-05 00:57:14,699 [Trainer] :: Completed epoch 74: train_loss=0.072064 train_iou=0.932055 val_loss=0.380553 val_iou=0.581347 lr=0.00008587
2026-05-05 00:57:15,548 [Trainer] :: Updated latest checkpoint at epoch 74
2026-05-05 00:57:15,548 [Trainer] :: No validation IoU improvement for 57 epoch(s)
2026-05-05 00:57:15,548 [Trainer] :: Starting epoch 75
2026-05-05 01:04:14,050 [Trainer] :: Completed epoch 75: train_loss=0.071388 train_iou=0.933667 val_loss=0.399209 val_iou=0.558784 lr=0.00008550
2026-05-05 01:04:14,850 [Trainer] :: Updated latest checkpoint at epoch 75
2026-05-05 01:04:14,850 [Trainer] :: No validation IoU improvement for 58 epoch(s)
2026-05-05 01:04:14,850 [Trainer] :: Starting epoch 76
2026-05-05 01:11:16,389 [Trainer] :: Completed epoch 76: train_loss=0.071722 train_iou=0.933996 val_loss=0.379136 val_iou=0.570957 lr=0.00008513
2026-05-05 01:11:17,278 [Trainer] :: Updated latest checkpoint at epoch 76
2026-05-05 01:11:17,278 [Trainer] :: No validation IoU improvement for 59 epoch(s)
2026-05-05 01:11:17,278 [Trainer] :: Starting epoch 77
2026-05-05 01:18:29,226 [Trainer] :: Completed epoch 77: train_loss=0.072195 train_iou=0.934220 val_loss=0.484305 val_iou=0.526054 lr=0.00008476
2026-05-05 01:18:30,019 [Trainer] :: Updated latest checkpoint at epoch 77
2026-05-05 01:18:30,020 [Trainer] :: No validation IoU improvement for 60 epoch(s)
2026-05-05 01:18:30,020 [Trainer] :: Early stopping triggered after 60 epoch(s) without improvement
2026-05-05 01:24:02,376 [Trainer] :: Wrote training history to outputs/runs/rgb_unetplusplus_resnet50_fuzzy_halo_seed51_20260504T143607Z/metrics/history.json
2026-05-05 01:24:02,376 [Trainer] :: Wrote test summary to outputs/runs/rgb_unetplusplus_resnet50_fuzzy_halo_seed51_20260504T143607Z/metrics/test_summary.json
2026-05-05 01:24:02,376 [Trainer] :: Training completed
