2026-05-11 11:35:45,992 [Trainer] :: Training run initialized at /ceph/home/student.aau.dk/qd36zu/fuzzy-p10/tbd/masking/outputs/runs/rgb_real_msi_segformer_b1_fuzzy_halo_seed45_20260511T093545Z
2026-05-11 11:35:45,992 [Trainer] :: Loaded config from /ceph/home/student.aau.dk/qd36zu/fuzzy-p10/tbd/masking/configs/fuzzy/rgb_real_msi_segformer_b1.yaml
2026-05-11 11:35:45,993 [Trainer] :: Using seed=45 and device=None
2026-05-11 11:35:45,993 [Trainer] :: Using model architecture=Segformer encoder=mit_b1 encoder_weights=imagenet
2026-05-11 11:35:46,504 [Trainer] :: Resolved runtime device to cuda
2026-05-11 11:35:46,505 [Trainer] :: Prepared normalization from source=train_split_patch_stats
2026-05-11 11:36:09,769 [Trainer] :: Built dataloaders with batch_size=16, num_workers=0
2026-05-11 11:36:09,770 [Trainer] :: Starting epoch 1
2026-05-11 11:45:03,861 [Trainer] :: Completed epoch 1: train_loss=0.334579 train_iou=0.719067 val_loss=0.389243 val_iou=0.562065 lr=0.00010000
2026-05-11 11:45:04,184 [Trainer] :: Updated latest checkpoint at epoch 1
2026-05-11 11:45:05,170 [Trainer] :: New best checkpoint saved with val_iou=0.562065
2026-05-11 11:45:05,170 [Trainer] :: Starting epoch 2
2026-05-11 11:53:44,730 [Trainer] :: Completed epoch 2: train_loss=0.269502 train_iou=0.771537 val_loss=0.346280 val_iou=0.593294 lr=0.00009999
2026-05-11 11:53:45,001 [Trainer] :: Updated latest checkpoint at epoch 2
2026-05-11 11:53:45,238 [Trainer] :: New best checkpoint saved with val_iou=0.593294
2026-05-11 11:53:45,239 [Trainer] :: Starting epoch 3
2026-05-11 12:01:33,194 [Trainer] :: Completed epoch 3: train_loss=0.255199 train_iou=0.788107 val_loss=0.296079 val_iou=0.645504 lr=0.00009998
2026-05-11 12:01:34,000 [Trainer] :: Updated latest checkpoint at epoch 3
2026-05-11 12:01:34,240 [Trainer] :: New best checkpoint saved with val_iou=0.645504
2026-05-11 12:01:34,240 [Trainer] :: Starting epoch 4
2026-05-11 12:09:28,024 [Trainer] :: Completed epoch 4: train_loss=0.244246 train_iou=0.798947 val_loss=0.252832 val_iou=0.675040 lr=0.00009996
2026-05-11 12:09:28,386 [Trainer] :: Updated latest checkpoint at epoch 4
2026-05-11 12:09:28,725 [Trainer] :: New best checkpoint saved with val_iou=0.675040
2026-05-11 12:09:28,726 [Trainer] :: Starting epoch 5
2026-05-11 12:16:42,471 [Trainer] :: Completed epoch 5: train_loss=0.229159 train_iou=0.811075 val_loss=0.362329 val_iou=0.462731 lr=0.00009993
2026-05-11 12:16:42,802 [Trainer] :: Updated latest checkpoint at epoch 5
2026-05-11 12:16:42,803 [Trainer] :: No validation IoU improvement for 1 epoch(s)
2026-05-11 12:16:42,803 [Trainer] :: Starting epoch 6
2026-05-11 12:23:46,720 [Trainer] :: Completed epoch 6: train_loss=0.220946 train_iou=0.816701 val_loss=0.265364 val_iou=0.614908 lr=0.00009990
2026-05-11 12:23:46,983 [Trainer] :: Updated latest checkpoint at epoch 6
2026-05-11 12:23:46,983 [Trainer] :: No validation IoU improvement for 2 epoch(s)
2026-05-11 12:23:46,983 [Trainer] :: Starting epoch 7
2026-05-11 12:31:44,279 [Trainer] :: Completed epoch 7: train_loss=0.211248 train_iou=0.823501 val_loss=0.270973 val_iou=0.654489 lr=0.00009987
2026-05-11 12:31:44,908 [Trainer] :: Updated latest checkpoint at epoch 7
2026-05-11 12:31:44,909 [Trainer] :: No validation IoU improvement for 3 epoch(s)
2026-05-11 12:31:44,909 [Trainer] :: Starting epoch 8
2026-05-11 12:39:47,783 [Trainer] :: Completed epoch 8: train_loss=0.205238 train_iou=0.829210 val_loss=0.269043 val_iou=0.633954 lr=0.00009983
2026-05-11 12:39:48,476 [Trainer] :: Updated latest checkpoint at epoch 8
2026-05-11 12:39:48,477 [Trainer] :: No validation IoU improvement for 4 epoch(s)
2026-05-11 12:39:48,477 [Trainer] :: Starting epoch 9
2026-05-11 12:46:50,925 [Trainer] :: Completed epoch 9: train_loss=0.203574 train_iou=0.832336 val_loss=0.267598 val_iou=0.621125 lr=0.00009978
2026-05-11 12:46:51,307 [Trainer] :: Updated latest checkpoint at epoch 9
2026-05-11 12:46:51,307 [Trainer] :: No validation IoU improvement for 5 epoch(s)
2026-05-11 12:46:51,307 [Trainer] :: Starting epoch 10
2026-05-11 12:54:24,329 [Trainer] :: Completed epoch 10: train_loss=0.195229 train_iou=0.836852 val_loss=0.272563 val_iou=0.595977 lr=0.00009973
2026-05-11 12:54:24,600 [Trainer] :: Updated latest checkpoint at epoch 10
2026-05-11 12:54:24,600 [Trainer] :: No validation IoU improvement for 6 epoch(s)
2026-05-11 12:54:24,600 [Trainer] :: Starting epoch 11
2026-05-11 13:01:54,437 [Trainer] :: Completed epoch 11: train_loss=0.187743 train_iou=0.838288 val_loss=0.268908 val_iou=0.649590 lr=0.00009967
2026-05-11 13:01:54,887 [Trainer] :: Updated latest checkpoint at epoch 11
2026-05-11 13:01:54,888 [Trainer] :: No validation IoU improvement for 7 epoch(s)
2026-05-11 13:01:54,888 [Trainer] :: Starting epoch 12
2026-05-11 13:09:13,225 [Trainer] :: Completed epoch 12: train_loss=0.183432 train_iou=0.838372 val_loss=0.270089 val_iou=0.666546 lr=0.00009961
2026-05-11 13:09:13,745 [Trainer] :: Updated latest checkpoint at epoch 12
2026-05-11 13:09:13,745 [Trainer] :: No validation IoU improvement for 8 epoch(s)
2026-05-11 13:09:13,745 [Trainer] :: Starting epoch 13
2026-05-11 13:16:35,166 [Trainer] :: Completed epoch 13: train_loss=0.180201 train_iou=0.837888 val_loss=0.268240 val_iou=0.626513 lr=0.00009954
2026-05-11 13:16:35,493 [Trainer] :: Updated latest checkpoint at epoch 13
2026-05-11 13:16:35,493 [Trainer] :: No validation IoU improvement for 9 epoch(s)
2026-05-11 13:16:35,493 [Trainer] :: Starting epoch 14
2026-05-11 13:23:59,911 [Trainer] :: Completed epoch 14: train_loss=0.173571 train_iou=0.842138 val_loss=0.275061 val_iou=0.635701 lr=0.00009947
2026-05-11 13:24:00,189 [Trainer] :: Updated latest checkpoint at epoch 14
2026-05-11 13:24:00,189 [Trainer] :: No validation IoU improvement for 10 epoch(s)
2026-05-11 13:24:00,189 [Trainer] :: Starting epoch 15
2026-05-11 13:31:27,888 [Trainer] :: Completed epoch 15: train_loss=0.170103 train_iou=0.845192 val_loss=0.261691 val_iou=0.638060 lr=0.00009939
2026-05-11 13:31:28,167 [Trainer] :: Updated latest checkpoint at epoch 15
2026-05-11 13:31:28,167 [Trainer] :: No validation IoU improvement for 11 epoch(s)
2026-05-11 13:31:28,167 [Trainer] :: Starting epoch 16
2026-05-11 13:38:47,517 [Trainer] :: Completed epoch 16: train_loss=0.163740 train_iou=0.854016 val_loss=0.283424 val_iou=0.598156 lr=0.00009931
2026-05-11 13:38:47,766 [Trainer] :: Updated latest checkpoint at epoch 16
2026-05-11 13:38:47,766 [Trainer] :: No validation IoU improvement for 12 epoch(s)
2026-05-11 13:38:47,766 [Trainer] :: Starting epoch 17
2026-05-11 13:46:16,973 [Trainer] :: Completed epoch 17: train_loss=0.163055 train_iou=0.851524 val_loss=0.300604 val_iou=0.576148 lr=0.00009922
2026-05-11 13:46:17,349 [Trainer] :: Updated latest checkpoint at epoch 17
2026-05-11 13:46:17,349 [Trainer] :: No validation IoU improvement for 13 epoch(s)
2026-05-11 13:46:17,349 [Trainer] :: Starting epoch 18
2026-05-11 13:53:39,533 [Trainer] :: Completed epoch 18: train_loss=0.157089 train_iou=0.856905 val_loss=0.281304 val_iou=0.603222 lr=0.00009912
2026-05-11 13:53:39,787 [Trainer] :: Updated latest checkpoint at epoch 18
2026-05-11 13:53:39,788 [Trainer] :: No validation IoU improvement for 14 epoch(s)
2026-05-11 13:53:39,788 [Trainer] :: Starting epoch 19
2026-05-11 14:00:59,016 [Trainer] :: Completed epoch 19: train_loss=0.159751 train_iou=0.857528 val_loss=0.257762 val_iou=0.661403 lr=0.00009902
2026-05-11 14:00:59,715 [Trainer] :: Updated latest checkpoint at epoch 19
2026-05-11 14:00:59,715 [Trainer] :: No validation IoU improvement for 15 epoch(s)
2026-05-11 14:00:59,715 [Trainer] :: Starting epoch 20
2026-05-11 14:08:22,164 [Trainer] :: Completed epoch 20: train_loss=0.164718 train_iou=0.851037 val_loss=0.323212 val_iou=0.561023 lr=0.00009892
2026-05-11 14:08:22,448 [Trainer] :: Updated latest checkpoint at epoch 20
2026-05-11 14:08:22,448 [Trainer] :: No validation IoU improvement for 16 epoch(s)
2026-05-11 14:08:22,449 [Trainer] :: Starting epoch 21
2026-05-11 14:15:40,260 [Trainer] :: Completed epoch 21: train_loss=0.150729 train_iou=0.858668 val_loss=0.262351 val_iou=0.670268 lr=0.00009881
2026-05-11 14:15:40,514 [Trainer] :: Updated latest checkpoint at epoch 21
2026-05-11 14:15:40,514 [Trainer] :: No validation IoU improvement for 17 epoch(s)
2026-05-11 14:15:40,514 [Trainer] :: Starting epoch 22
2026-05-11 14:23:05,408 [Trainer] :: Completed epoch 22: train_loss=0.148213 train_iou=0.860781 val_loss=0.281074 val_iou=0.639380 lr=0.00009869
2026-05-11 14:23:05,678 [Trainer] :: Updated latest checkpoint at epoch 22
2026-05-11 14:23:05,678 [Trainer] :: No validation IoU improvement for 18 epoch(s)
2026-05-11 14:23:05,678 [Trainer] :: Starting epoch 23
2026-05-11 14:30:32,769 [Trainer] :: Completed epoch 23: train_loss=0.142812 train_iou=0.865376 val_loss=0.266764 val_iou=0.653266 lr=0.00009857
2026-05-11 14:30:33,100 [Trainer] :: Updated latest checkpoint at epoch 23
2026-05-11 14:30:33,100 [Trainer] :: No validation IoU improvement for 19 epoch(s)
2026-05-11 14:30:33,100 [Trainer] :: Starting epoch 24
2026-05-11 14:38:07,975 [Trainer] :: Completed epoch 24: train_loss=0.142162 train_iou=0.866891 val_loss=0.260867 val_iou=0.644760 lr=0.00009844
2026-05-11 14:38:08,358 [Trainer] :: Updated latest checkpoint at epoch 24
2026-05-11 14:38:08,358 [Trainer] :: No validation IoU improvement for 20 epoch(s)
2026-05-11 14:38:08,358 [Trainer] :: Starting epoch 25
2026-05-11 14:45:39,499 [Trainer] :: Completed epoch 25: train_loss=0.136801 train_iou=0.872356 val_loss=0.262512 val_iou=0.684803 lr=0.00009831
2026-05-11 14:45:39,789 [Trainer] :: Updated latest checkpoint at epoch 25
2026-05-11 14:45:40,024 [Trainer] :: New best checkpoint saved with val_iou=0.684803
2026-05-11 14:45:40,024 [Trainer] :: Starting epoch 26
2026-05-11 14:53:10,024 [Trainer] :: Completed epoch 26: train_loss=0.137484 train_iou=0.869817 val_loss=0.355817 val_iou=0.551531 lr=0.00009818
2026-05-11 14:53:10,276 [Trainer] :: Updated latest checkpoint at epoch 26
2026-05-11 14:53:10,276 [Trainer] :: No validation IoU improvement for 1 epoch(s)
2026-05-11 14:53:10,276 [Trainer] :: Starting epoch 27
2026-05-11 15:00:44,139 [Trainer] :: Completed epoch 27: train_loss=0.136758 train_iou=0.871914 val_loss=0.284175 val_iou=0.599554 lr=0.00009803
2026-05-11 15:00:44,417 [Trainer] :: Updated latest checkpoint at epoch 27
2026-05-11 15:00:44,417 [Trainer] :: No validation IoU improvement for 2 epoch(s)
2026-05-11 15:00:44,417 [Trainer] :: Starting epoch 28
2026-05-11 15:08:09,393 [Trainer] :: Completed epoch 28: train_loss=0.137689 train_iou=0.870064 val_loss=0.306894 val_iou=0.588522 lr=0.00009789
2026-05-11 15:08:09,654 [Trainer] :: Updated latest checkpoint at epoch 28
2026-05-11 15:08:09,654 [Trainer] :: No validation IoU improvement for 3 epoch(s)
2026-05-11 15:08:09,654 [Trainer] :: Starting epoch 29
2026-05-11 15:15:36,636 [Trainer] :: Completed epoch 29: train_loss=0.129615 train_iou=0.875346 val_loss=0.272792 val_iou=0.662817 lr=0.00009773
2026-05-11 15:15:36,884 [Trainer] :: Updated latest checkpoint at epoch 29
2026-05-11 15:15:36,884 [Trainer] :: No validation IoU improvement for 4 epoch(s)
2026-05-11 15:15:36,884 [Trainer] :: Starting epoch 30
2026-05-11 15:23:03,720 [Trainer] :: Completed epoch 30: train_loss=0.129307 train_iou=0.876853 val_loss=0.270514 val_iou=0.677709 lr=0.00009758
2026-05-11 15:23:04,005 [Trainer] :: Updated latest checkpoint at epoch 30
2026-05-11 15:23:04,005 [Trainer] :: No validation IoU improvement for 5 epoch(s)
2026-05-11 15:23:04,005 [Trainer] :: Starting epoch 31
2026-05-11 15:30:36,065 [Trainer] :: Completed epoch 31: train_loss=0.125119 train_iou=0.880399 val_loss=0.271195 val_iou=0.666044 lr=0.00009741
2026-05-11 15:30:36,314 [Trainer] :: Updated latest checkpoint at epoch 31
2026-05-11 15:30:36,315 [Trainer] :: No validation IoU improvement for 6 epoch(s)
2026-05-11 15:30:36,315 [Trainer] :: Starting epoch 32
2026-05-11 15:37:59,214 [Trainer] :: Completed epoch 32: train_loss=0.125960 train_iou=0.881192 val_loss=0.273463 val_iou=0.666935 lr=0.00009725
2026-05-11 15:37:59,468 [Trainer] :: Updated latest checkpoint at epoch 32
2026-05-11 15:37:59,468 [Trainer] :: No validation IoU improvement for 7 epoch(s)
2026-05-11 15:37:59,469 [Trainer] :: Starting epoch 33
2026-05-11 15:45:24,989 [Trainer] :: Completed epoch 33: train_loss=0.120596 train_iou=0.885589 val_loss=0.290547 val_iou=0.629078 lr=0.00009707
2026-05-11 15:45:25,253 [Trainer] :: Updated latest checkpoint at epoch 33
2026-05-11 15:45:25,254 [Trainer] :: No validation IoU improvement for 8 epoch(s)
2026-05-11 15:45:25,254 [Trainer] :: Starting epoch 34
2026-05-11 15:52:50,870 [Trainer] :: Completed epoch 34: train_loss=0.119481 train_iou=0.884365 val_loss=0.277018 val_iou=0.653769 lr=0.00009690
2026-05-11 15:52:51,295 [Trainer] :: Updated latest checkpoint at epoch 34
2026-05-11 15:52:51,295 [Trainer] :: No validation IoU improvement for 9 epoch(s)
2026-05-11 15:52:51,295 [Trainer] :: Starting epoch 35
2026-05-11 16:00:16,779 [Trainer] :: Completed epoch 35: train_loss=0.119314 train_iou=0.887181 val_loss=0.285529 val_iou=0.647669 lr=0.00009671
2026-05-11 16:00:17,071 [Trainer] :: Updated latest checkpoint at epoch 35
2026-05-11 16:00:17,071 [Trainer] :: No validation IoU improvement for 10 epoch(s)
2026-05-11 16:00:17,071 [Trainer] :: Starting epoch 36
2026-05-11 16:07:42,501 [Trainer] :: Completed epoch 36: train_loss=0.116440 train_iou=0.887928 val_loss=0.294310 val_iou=0.624929 lr=0.00009652
2026-05-11 16:07:42,885 [Trainer] :: Updated latest checkpoint at epoch 36
2026-05-11 16:07:42,885 [Trainer] :: No validation IoU improvement for 11 epoch(s)
2026-05-11 16:07:42,885 [Trainer] :: Starting epoch 37
2026-05-11 16:15:10,865 [Trainer] :: Completed epoch 37: train_loss=0.115871 train_iou=0.889119 val_loss=0.300319 val_iou=0.611302 lr=0.00009633
2026-05-11 16:15:11,172 [Trainer] :: Updated latest checkpoint at epoch 37
2026-05-11 16:15:11,172 [Trainer] :: No validation IoU improvement for 12 epoch(s)
2026-05-11 16:15:11,172 [Trainer] :: Starting epoch 38
2026-05-11 16:22:31,885 [Trainer] :: Completed epoch 38: train_loss=0.114365 train_iou=0.892010 val_loss=0.287631 val_iou=0.626820 lr=0.00009613
2026-05-11 16:22:32,308 [Trainer] :: Updated latest checkpoint at epoch 38
2026-05-11 16:22:32,308 [Trainer] :: No validation IoU improvement for 13 epoch(s)
2026-05-11 16:22:32,308 [Trainer] :: Starting epoch 39
2026-05-11 16:29:49,560 [Trainer] :: Completed epoch 39: train_loss=0.113442 train_iou=0.890750 val_loss=0.284345 val_iou=0.637208 lr=0.00009593
2026-05-11 16:29:49,813 [Trainer] :: Updated latest checkpoint at epoch 39
2026-05-11 16:29:49,814 [Trainer] :: No validation IoU improvement for 14 epoch(s)
2026-05-11 16:29:49,814 [Trainer] :: Starting epoch 40
2026-05-11 16:37:10,073 [Trainer] :: Completed epoch 40: train_loss=0.110121 train_iou=0.893962 val_loss=0.317033 val_iou=0.608805 lr=0.00009572
2026-05-11 16:37:10,353 [Trainer] :: Updated latest checkpoint at epoch 40
2026-05-11 16:37:10,354 [Trainer] :: No validation IoU improvement for 15 epoch(s)
2026-05-11 16:37:10,354 [Trainer] :: Starting epoch 41
2026-05-11 16:44:35,566 [Trainer] :: Completed epoch 41: train_loss=0.111277 train_iou=0.895565 val_loss=0.269644 val_iou=0.663009 lr=0.00009551
2026-05-11 16:44:35,818 [Trainer] :: Updated latest checkpoint at epoch 41
2026-05-11 16:44:35,818 [Trainer] :: No validation IoU improvement for 16 epoch(s)
2026-05-11 16:44:35,818 [Trainer] :: Starting epoch 42
2026-05-11 16:51:54,413 [Trainer] :: Completed epoch 42: train_loss=0.108032 train_iou=0.896151 val_loss=0.307226 val_iou=0.628777 lr=0.00009529
2026-05-11 16:51:54,662 [Trainer] :: Updated latest checkpoint at epoch 42
2026-05-11 16:51:54,662 [Trainer] :: No validation IoU improvement for 17 epoch(s)
2026-05-11 16:51:54,662 [Trainer] :: Starting epoch 43
2026-05-11 16:59:11,632 [Trainer] :: Completed epoch 43: train_loss=0.110042 train_iou=0.893928 val_loss=0.303346 val_iou=0.618362 lr=0.00009507
2026-05-11 16:59:11,982 [Trainer] :: Updated latest checkpoint at epoch 43
2026-05-11 16:59:11,982 [Trainer] :: No validation IoU improvement for 18 epoch(s)
2026-05-11 16:59:11,983 [Trainer] :: Starting epoch 44
2026-05-11 17:06:39,052 [Trainer] :: Completed epoch 44: train_loss=0.107856 train_iou=0.896471 val_loss=0.275148 val_iou=0.668308 lr=0.00009484
2026-05-11 17:06:39,599 [Trainer] :: Updated latest checkpoint at epoch 44
2026-05-11 17:06:39,599 [Trainer] :: No validation IoU improvement for 19 epoch(s)
2026-05-11 17:06:39,599 [Trainer] :: Starting epoch 45
2026-05-11 17:14:03,664 [Trainer] :: Completed epoch 45: train_loss=0.104799 train_iou=0.899599 val_loss=0.298854 val_iou=0.629633 lr=0.00009460
2026-05-11 17:14:03,921 [Trainer] :: Updated latest checkpoint at epoch 45
2026-05-11 17:14:03,922 [Trainer] :: No validation IoU improvement for 20 epoch(s)
2026-05-11 17:14:03,922 [Trainer] :: Starting epoch 46
2026-05-11 17:21:42,963 [Trainer] :: Completed epoch 46: train_loss=0.104010 train_iou=0.901420 val_loss=0.275236 val_iou=0.665315 lr=0.00009437
2026-05-11 17:21:43,242 [Trainer] :: Updated latest checkpoint at epoch 46
2026-05-11 17:21:43,242 [Trainer] :: No validation IoU improvement for 21 epoch(s)
2026-05-11 17:21:43,242 [Trainer] :: Starting epoch 47
2026-05-11 17:29:14,246 [Trainer] :: Completed epoch 47: train_loss=0.102582 train_iou=0.901714 val_loss=0.291893 val_iou=0.633349 lr=0.00009412
2026-05-11 17:29:14,551 [Trainer] :: Updated latest checkpoint at epoch 47
2026-05-11 17:29:14,551 [Trainer] :: No validation IoU improvement for 22 epoch(s)
2026-05-11 17:29:14,552 [Trainer] :: Starting epoch 48
2026-05-11 17:36:39,949 [Trainer] :: Completed epoch 48: train_loss=0.098546 train_iou=0.903380 val_loss=0.288768 val_iou=0.639743 lr=0.00009388
2026-05-11 17:36:40,199 [Trainer] :: Updated latest checkpoint at epoch 48
2026-05-11 17:36:40,199 [Trainer] :: No validation IoU improvement for 23 epoch(s)
2026-05-11 17:36:40,199 [Trainer] :: Starting epoch 49
2026-05-11 17:44:23,200 [Trainer] :: Completed epoch 49: train_loss=0.100123 train_iou=0.903799 val_loss=0.324251 val_iou=0.597447 lr=0.00009363
2026-05-11 17:44:23,466 [Trainer] :: Updated latest checkpoint at epoch 49
2026-05-11 17:44:23,466 [Trainer] :: No validation IoU improvement for 24 epoch(s)
2026-05-11 17:44:23,466 [Trainer] :: Starting epoch 50
2026-05-11 17:52:10,618 [Trainer] :: Completed epoch 50: train_loss=0.099694 train_iou=0.903626 val_loss=0.289564 val_iou=0.653013 lr=0.00009337
2026-05-11 17:52:10,884 [Trainer] :: Updated latest checkpoint at epoch 50
2026-05-11 17:52:10,885 [Trainer] :: No validation IoU improvement for 25 epoch(s)
2026-05-11 17:52:10,885 [Trainer] :: Starting epoch 51
2026-05-11 17:59:50,461 [Trainer] :: Completed epoch 51: train_loss=0.098698 train_iou=0.905906 val_loss=0.299858 val_iou=0.611386 lr=0.00009311
2026-05-11 17:59:50,719 [Trainer] :: Updated latest checkpoint at epoch 51
2026-05-11 17:59:50,719 [Trainer] :: No validation IoU improvement for 26 epoch(s)
2026-05-11 17:59:50,719 [Trainer] :: Starting epoch 52
2026-05-11 18:10:40,352 [Trainer] :: Completed epoch 52: train_loss=0.097669 train_iou=0.904742 val_loss=0.286418 val_iou=0.662975 lr=0.00009284
2026-05-11 18:10:40,640 [Trainer] :: Updated latest checkpoint at epoch 52
2026-05-11 18:10:40,640 [Trainer] :: No validation IoU improvement for 27 epoch(s)
2026-05-11 18:10:40,640 [Trainer] :: Starting epoch 53
2026-05-11 18:18:52,168 [Trainer] :: Completed epoch 53: train_loss=0.095179 train_iou=0.908337 val_loss=0.288795 val_iou=0.661806 lr=0.00009257
2026-05-11 18:18:52,414 [Trainer] :: Updated latest checkpoint at epoch 53
2026-05-11 18:18:52,414 [Trainer] :: No validation IoU improvement for 28 epoch(s)
2026-05-11 18:18:52,414 [Trainer] :: Starting epoch 54
2026-05-11 18:26:34,445 [Trainer] :: Completed epoch 54: train_loss=0.094402 train_iou=0.909050 val_loss=0.281995 val_iou=0.663479 lr=0.00009229
2026-05-11 18:26:34,705 [Trainer] :: Updated latest checkpoint at epoch 54
2026-05-11 18:26:34,705 [Trainer] :: No validation IoU improvement for 29 epoch(s)
2026-05-11 18:26:34,705 [Trainer] :: Starting epoch 55
2026-05-11 18:34:12,211 [Trainer] :: Completed epoch 55: train_loss=0.112611 train_iou=0.903892 val_loss=0.364140 val_iou=0.589569 lr=0.00009201
2026-05-11 18:34:12,455 [Trainer] :: Updated latest checkpoint at epoch 55
2026-05-11 18:34:12,455 [Trainer] :: No validation IoU improvement for 30 epoch(s)
2026-05-11 18:34:12,455 [Trainer] :: Starting epoch 56
2026-05-11 18:41:56,137 [Trainer] :: Completed epoch 56: train_loss=0.092693 train_iou=0.911142 val_loss=0.282888 val_iou=0.659257 lr=0.00009173
2026-05-11 18:41:56,410 [Trainer] :: Updated latest checkpoint at epoch 56
2026-05-11 18:41:56,410 [Trainer] :: No validation IoU improvement for 31 epoch(s)
2026-05-11 18:41:56,410 [Trainer] :: Starting epoch 57
2026-05-11 18:49:48,145 [Trainer] :: Completed epoch 57: train_loss=0.092186 train_iou=0.912304 val_loss=0.295063 val_iou=0.659149 lr=0.00009144
2026-05-11 18:49:48,384 [Trainer] :: Updated latest checkpoint at epoch 57
2026-05-11 18:49:48,384 [Trainer] :: No validation IoU improvement for 32 epoch(s)
2026-05-11 18:49:48,384 [Trainer] :: Starting epoch 58
2026-05-11 18:57:36,240 [Trainer] :: Completed epoch 58: train_loss=0.092740 train_iou=0.910458 val_loss=0.343470 val_iou=0.593176 lr=0.00009115
2026-05-11 18:57:36,554 [Trainer] :: Updated latest checkpoint at epoch 58
2026-05-11 18:57:36,555 [Trainer] :: No validation IoU improvement for 33 epoch(s)
2026-05-11 18:57:36,555 [Trainer] :: Starting epoch 59
2026-05-11 19:09:05,196 [Trainer] :: Completed epoch 59: train_loss=0.092571 train_iou=0.910096 val_loss=0.326614 val_iou=0.608512 lr=0.00009085
2026-05-11 19:09:05,413 [Trainer] :: Updated latest checkpoint at epoch 59
2026-05-11 19:09:05,413 [Trainer] :: No validation IoU improvement for 34 epoch(s)
2026-05-11 19:09:05,413 [Trainer] :: Starting epoch 60
2026-05-11 19:17:50,461 [Trainer] :: Completed epoch 60: train_loss=0.090524 train_iou=0.914191 val_loss=0.321703 val_iou=0.605901 lr=0.00009055
2026-05-11 19:17:50,788 [Trainer] :: Updated latest checkpoint at epoch 60
2026-05-11 19:17:50,788 [Trainer] :: No validation IoU improvement for 35 epoch(s)
2026-05-11 19:17:50,788 [Trainer] :: Starting epoch 61
2026-05-11 19:25:30,813 [Trainer] :: Completed epoch 61: train_loss=0.090924 train_iou=0.913450 val_loss=0.363681 val_iou=0.580633 lr=0.00009024
2026-05-11 19:25:31,105 [Trainer] :: Updated latest checkpoint at epoch 61
2026-05-11 19:25:31,105 [Trainer] :: No validation IoU improvement for 36 epoch(s)
2026-05-11 19:25:31,105 [Trainer] :: Starting epoch 62
2026-05-11 19:33:24,910 [Trainer] :: Completed epoch 62: train_loss=0.089432 train_iou=0.914334 val_loss=0.297712 val_iou=0.643633 lr=0.00008993
2026-05-11 19:33:25,222 [Trainer] :: Updated latest checkpoint at epoch 62
2026-05-11 19:33:25,222 [Trainer] :: No validation IoU improvement for 37 epoch(s)
2026-05-11 19:33:25,223 [Trainer] :: Starting epoch 63
2026-05-11 19:41:13,803 [Trainer] :: Completed epoch 63: train_loss=0.089009 train_iou=0.913607 val_loss=0.336555 val_iou=0.602602 lr=0.00008961
2026-05-11 19:41:14,122 [Trainer] :: Updated latest checkpoint at epoch 63
2026-05-11 19:41:14,122 [Trainer] :: No validation IoU improvement for 38 epoch(s)
2026-05-11 19:41:14,122 [Trainer] :: Starting epoch 64
2026-05-11 19:49:10,759 [Trainer] :: Completed epoch 64: train_loss=0.090101 train_iou=0.913326 val_loss=0.288059 val_iou=0.644232 lr=0.00008929
2026-05-11 19:49:11,012 [Trainer] :: Updated latest checkpoint at epoch 64
2026-05-11 19:49:11,012 [Trainer] :: No validation IoU improvement for 39 epoch(s)
2026-05-11 19:49:11,012 [Trainer] :: Starting epoch 65
2026-05-11 19:56:53,025 [Trainer] :: Completed epoch 65: train_loss=0.087583 train_iou=0.915251 val_loss=0.309857 val_iou=0.624687 lr=0.00008897
2026-05-11 19:56:53,301 [Trainer] :: Updated latest checkpoint at epoch 65
2026-05-11 19:56:53,301 [Trainer] :: No validation IoU improvement for 40 epoch(s)
2026-05-11 19:56:53,301 [Trainer] :: Starting epoch 66
2026-05-11 20:04:22,045 [Trainer] :: Completed epoch 66: train_loss=0.087746 train_iou=0.915208 val_loss=0.344417 val_iou=0.600354 lr=0.00008864
2026-05-11 20:04:22,316 [Trainer] :: Updated latest checkpoint at epoch 66
2026-05-11 20:04:22,317 [Trainer] :: No validation IoU improvement for 41 epoch(s)
2026-05-11 20:04:22,317 [Trainer] :: Starting epoch 67
2026-05-11 20:11:38,775 [Trainer] :: Completed epoch 67: train_loss=0.085757 train_iou=0.916580 val_loss=0.340260 val_iou=0.614278 lr=0.00008831
2026-05-11 20:11:39,055 [Trainer] :: Updated latest checkpoint at epoch 67
2026-05-11 20:11:39,055 [Trainer] :: No validation IoU improvement for 42 epoch(s)
2026-05-11 20:11:39,055 [Trainer] :: Starting epoch 68
2026-05-11 20:19:01,616 [Trainer] :: Completed epoch 68: train_loss=0.085873 train_iou=0.915272 val_loss=0.291206 val_iou=0.658037 lr=0.00008797
2026-05-11 20:19:01,886 [Trainer] :: Updated latest checkpoint at epoch 68
2026-05-11 20:19:01,886 [Trainer] :: No validation IoU improvement for 43 epoch(s)
2026-05-11 20:19:01,886 [Trainer] :: Starting epoch 69
2026-05-11 20:26:13,932 [Trainer] :: Completed epoch 69: train_loss=0.085671 train_iou=0.917496 val_loss=0.301507 val_iou=0.639603 lr=0.00008763
2026-05-11 20:26:14,218 [Trainer] :: Updated latest checkpoint at epoch 69
2026-05-11 20:26:14,218 [Trainer] :: No validation IoU improvement for 44 epoch(s)
2026-05-11 20:26:14,218 [Trainer] :: Starting epoch 70
2026-05-11 20:33:32,870 [Trainer] :: Completed epoch 70: train_loss=0.083621 train_iou=0.919101 val_loss=0.302304 val_iou=0.653259 lr=0.00008729
2026-05-11 20:33:33,108 [Trainer] :: Updated latest checkpoint at epoch 70
2026-05-11 20:33:33,108 [Trainer] :: No validation IoU improvement for 45 epoch(s)
2026-05-11 20:33:33,108 [Trainer] :: Starting epoch 71
2026-05-11 20:40:42,343 [Trainer] :: Completed epoch 71: train_loss=0.083439 train_iou=0.918830 val_loss=0.289351 val_iou=0.661182 lr=0.00008694
2026-05-11 20:40:42,683 [Trainer] :: Updated latest checkpoint at epoch 71
2026-05-11 20:40:42,683 [Trainer] :: No validation IoU improvement for 46 epoch(s)
2026-05-11 20:40:42,683 [Trainer] :: Starting epoch 72
2026-05-11 20:48:52,719 [Trainer] :: Completed epoch 72: train_loss=0.083397 train_iou=0.918715 val_loss=0.288107 val_iou=0.665969 lr=0.00008658
2026-05-11 20:48:52,999 [Trainer] :: Updated latest checkpoint at epoch 72
2026-05-11 20:48:52,999 [Trainer] :: No validation IoU improvement for 47 epoch(s)
2026-05-11 20:48:52,999 [Trainer] :: Starting epoch 73
2026-05-11 20:56:06,409 [Trainer] :: Completed epoch 73: train_loss=0.082620 train_iou=0.920196 val_loss=0.313274 val_iou=0.632944 lr=0.00008623
2026-05-11 20:56:06,660 [Trainer] :: Updated latest checkpoint at epoch 73
2026-05-11 20:56:06,660 [Trainer] :: No validation IoU improvement for 48 epoch(s)
2026-05-11 20:56:06,660 [Trainer] :: Starting epoch 74
2026-05-11 21:03:31,837 [Trainer] :: Completed epoch 74: train_loss=0.082213 train_iou=0.920390 val_loss=0.308068 val_iou=0.651024 lr=0.00008587
2026-05-11 21:03:32,299 [Trainer] :: Updated latest checkpoint at epoch 74
2026-05-11 21:03:32,299 [Trainer] :: No validation IoU improvement for 49 epoch(s)
2026-05-11 21:03:32,299 [Trainer] :: Starting epoch 75
2026-05-11 21:10:46,374 [Trainer] :: Completed epoch 75: train_loss=0.082293 train_iou=0.919875 val_loss=0.309805 val_iou=0.650350 lr=0.00008550
2026-05-11 21:10:46,662 [Trainer] :: Updated latest checkpoint at epoch 75
2026-05-11 21:10:46,663 [Trainer] :: No validation IoU improvement for 50 epoch(s)
2026-05-11 21:10:46,663 [Trainer] :: Starting epoch 76
2026-05-11 21:18:09,476 [Trainer] :: Completed epoch 76: train_loss=0.080809 train_iou=0.921665 val_loss=0.291907 val_iou=0.653227 lr=0.00008513
2026-05-11 21:18:09,697 [Trainer] :: Updated latest checkpoint at epoch 76
2026-05-11 21:18:09,697 [Trainer] :: No validation IoU improvement for 51 epoch(s)
2026-05-11 21:18:09,697 [Trainer] :: Starting epoch 77
2026-05-11 21:25:23,396 [Trainer] :: Completed epoch 77: train_loss=0.081855 train_iou=0.921867 val_loss=0.322025 val_iou=0.620640 lr=0.00008476
2026-05-11 21:25:23,697 [Trainer] :: Updated latest checkpoint at epoch 77
2026-05-11 21:25:23,697 [Trainer] :: No validation IoU improvement for 52 epoch(s)
2026-05-11 21:25:23,697 [Trainer] :: Starting epoch 78
2026-05-11 21:32:47,286 [Trainer] :: Completed epoch 78: train_loss=0.081899 train_iou=0.920055 val_loss=0.314586 val_iou=0.637433 lr=0.00008439
2026-05-11 21:32:47,537 [Trainer] :: Updated latest checkpoint at epoch 78
2026-05-11 21:32:47,537 [Trainer] :: No validation IoU improvement for 53 epoch(s)
2026-05-11 21:32:47,537 [Trainer] :: Starting epoch 79
2026-05-11 21:40:14,231 [Trainer] :: Completed epoch 79: train_loss=0.081280 train_iou=0.920653 val_loss=0.326951 val_iou=0.634261 lr=0.00008401
2026-05-11 21:40:14,503 [Trainer] :: Updated latest checkpoint at epoch 79
2026-05-11 21:40:14,503 [Trainer] :: No validation IoU improvement for 54 epoch(s)
2026-05-11 21:40:14,503 [Trainer] :: Starting epoch 80
2026-05-11 21:47:31,258 [Trainer] :: Completed epoch 80: train_loss=0.082100 train_iou=0.921236 val_loss=0.314075 val_iou=0.638945 lr=0.00008362
2026-05-11 21:47:31,531 [Trainer] :: Updated latest checkpoint at epoch 80
2026-05-11 21:47:31,531 [Trainer] :: No validation IoU improvement for 55 epoch(s)
2026-05-11 21:47:31,531 [Trainer] :: Starting epoch 81
2026-05-11 21:55:02,423 [Trainer] :: Completed epoch 81: train_loss=0.080055 train_iou=0.922039 val_loss=0.325812 val_iou=0.634960 lr=0.00008323
2026-05-11 21:55:02,712 [Trainer] :: Updated latest checkpoint at epoch 81
2026-05-11 21:55:02,712 [Trainer] :: No validation IoU improvement for 56 epoch(s)
2026-05-11 21:55:02,712 [Trainer] :: Starting epoch 82
2026-05-11 22:02:18,998 [Trainer] :: Completed epoch 82: train_loss=0.078888 train_iou=0.923572 val_loss=0.298997 val_iou=0.665703 lr=0.00008284
2026-05-11 22:02:19,459 [Trainer] :: Updated latest checkpoint at epoch 82
2026-05-11 22:02:19,460 [Trainer] :: No validation IoU improvement for 57 epoch(s)
2026-05-11 22:02:19,460 [Trainer] :: Starting epoch 83
2026-05-11 22:09:40,486 [Trainer] :: Completed epoch 83: train_loss=0.078536 train_iou=0.924260 val_loss=0.331855 val_iou=0.627729 lr=0.00008245
2026-05-11 22:09:41,543 [Trainer] :: Updated latest checkpoint at epoch 83
2026-05-11 22:09:41,543 [Trainer] :: No validation IoU improvement for 58 epoch(s)
2026-05-11 22:09:41,543 [Trainer] :: Starting epoch 84
2026-05-11 22:20:00,298 [Trainer] :: Completed epoch 84: train_loss=0.079983 train_iou=0.921317 val_loss=0.313270 val_iou=0.642810 lr=0.00008205
2026-05-11 22:20:00,546 [Trainer] :: Updated latest checkpoint at epoch 84
2026-05-11 22:20:00,546 [Trainer] :: No validation IoU improvement for 59 epoch(s)
2026-05-11 22:20:00,546 [Trainer] :: Starting epoch 85
2026-05-11 22:28:41,163 [Trainer] :: Completed epoch 85: train_loss=0.078678 train_iou=0.923990 val_loss=0.307254 val_iou=0.648793 lr=0.00008165
2026-05-11 22:28:41,512 [Trainer] :: Updated latest checkpoint at epoch 85
2026-05-11 22:28:41,512 [Trainer] :: No validation IoU improvement for 60 epoch(s)
2026-05-11 22:28:41,512 [Trainer] :: Early stopping triggered after 60 epoch(s) without improvement
2026-05-11 22:35:39,770 [Trainer] :: Wrote training history to outputs/runs/rgb_real_msi_segformer_b1_fuzzy_halo_seed45_20260511T093545Z/metrics/history.json
2026-05-11 22:35:39,810 [Trainer] :: Wrote test summary to outputs/runs/rgb_real_msi_segformer_b1_fuzzy_halo_seed45_20260511T093545Z/metrics/test_summary.json
2026-05-11 22:35:39,810 [Trainer] :: Training completed
