2026-05-02 22:04:54,655 [Trainer] :: Training run initialized at /ceph/home/student.aau.dk/qd36zu/fuzzy-p10/tbd/masking/outputs/runs/rgb_real_msi_unetplusplus_resnet50_seed43_20260502T200453Z
2026-05-02 22:04:54,655 [Trainer] :: Loaded config from /ceph/home/student.aau.dk/qd36zu/fuzzy-p10/tbd/masking/configs/binary/rgb_real_msi_unetpp_resnet50.yaml
2026-05-02 22:04:54,656 [Trainer] :: Using seed=43 and device=None
2026-05-02 22:04:54,656 [Trainer] :: Using model architecture=UnetPlusPlus encoder=resnet50 encoder_weights=imagenet
2026-05-02 22:04:54,926 [Trainer] :: Resolved runtime device to cuda
2026-05-02 22:04:54,927 [Trainer] :: Prepared normalization from source=train_split_patch_stats
2026-05-02 22:04:58,442 [Trainer] :: Built dataloaders with batch_size=16, num_workers=0
2026-05-02 22:04:58,444 [Trainer] :: Starting epoch 1
2026-05-02 22:11:30,964 [Trainer] :: Completed epoch 1: train_loss=0.518507 train_iou=0.574776 val_loss=0.570263 val_iou=0.375799 lr=0.00010000
2026-05-02 22:11:31,634 [Trainer] :: Updated latest checkpoint at epoch 1
2026-05-02 22:11:32,378 [Trainer] :: New best checkpoint saved with val_iou=0.375799
2026-05-02 22:11:32,378 [Trainer] :: Starting epoch 2
2026-05-02 22:18:03,778 [Trainer] :: Completed epoch 2: train_loss=0.420328 train_iou=0.706262 val_loss=0.503618 val_iou=0.468729 lr=0.00009999
2026-05-02 22:18:04,461 [Trainer] :: Updated latest checkpoint at epoch 2
2026-05-02 22:18:05,096 [Trainer] :: New best checkpoint saved with val_iou=0.468729
2026-05-02 22:18:05,096 [Trainer] :: Starting epoch 3
2026-05-02 22:24:35,537 [Trainer] :: Completed epoch 3: train_loss=0.367491 train_iou=0.756531 val_loss=0.433405 val_iou=0.594983 lr=0.00009998
2026-05-02 22:24:36,186 [Trainer] :: Updated latest checkpoint at epoch 3
2026-05-02 22:24:36,829 [Trainer] :: New best checkpoint saved with val_iou=0.594983
2026-05-02 22:24:36,829 [Trainer] :: Starting epoch 4
2026-05-02 22:31:09,096 [Trainer] :: Completed epoch 4: train_loss=0.333853 train_iou=0.772544 val_loss=0.420817 val_iou=0.572502 lr=0.00009996
2026-05-02 22:31:09,769 [Trainer] :: Updated latest checkpoint at epoch 4
2026-05-02 22:31:09,769 [Trainer] :: No validation IoU improvement for 1 epoch(s)
2026-05-02 22:31:09,769 [Trainer] :: Starting epoch 5
2026-05-02 22:37:40,467 [Trainer] :: Completed epoch 5: train_loss=0.302145 train_iou=0.785253 val_loss=0.356955 val_iou=0.587089 lr=0.00009993
2026-05-02 22:37:41,127 [Trainer] :: Updated latest checkpoint at epoch 5
2026-05-02 22:37:41,128 [Trainer] :: No validation IoU improvement for 2 epoch(s)
2026-05-02 22:37:41,128 [Trainer] :: Starting epoch 6
2026-05-02 22:44:10,748 [Trainer] :: Completed epoch 6: train_loss=0.283575 train_iou=0.788696 val_loss=0.382333 val_iou=0.554867 lr=0.00009990
2026-05-02 22:44:11,428 [Trainer] :: Updated latest checkpoint at epoch 6
2026-05-02 22:44:11,429 [Trainer] :: No validation IoU improvement for 3 epoch(s)
2026-05-02 22:44:11,429 [Trainer] :: Starting epoch 7
2026-05-02 22:50:40,966 [Trainer] :: Completed epoch 7: train_loss=0.260862 train_iou=0.801076 val_loss=0.343736 val_iou=0.568714 lr=0.00009987
2026-05-02 22:50:41,621 [Trainer] :: Updated latest checkpoint at epoch 7
2026-05-02 22:50:41,621 [Trainer] :: No validation IoU improvement for 4 epoch(s)
2026-05-02 22:50:41,621 [Trainer] :: Starting epoch 8
2026-05-02 22:57:11,988 [Trainer] :: Completed epoch 8: train_loss=0.240861 train_iou=0.813705 val_loss=0.301270 val_iou=0.603980 lr=0.00009983
2026-05-02 22:57:12,641 [Trainer] :: Updated latest checkpoint at epoch 8
2026-05-02 22:57:13,286 [Trainer] :: New best checkpoint saved with val_iou=0.603980
2026-05-02 22:57:13,286 [Trainer] :: Starting epoch 9
2026-05-02 23:03:43,571 [Trainer] :: Completed epoch 9: train_loss=0.233151 train_iou=0.812716 val_loss=0.298995 val_iou=0.610793 lr=0.00009978
2026-05-02 23:03:44,232 [Trainer] :: Updated latest checkpoint at epoch 9
2026-05-02 23:03:44,869 [Trainer] :: New best checkpoint saved with val_iou=0.610793
2026-05-02 23:03:44,869 [Trainer] :: Starting epoch 10
2026-05-02 23:10:14,515 [Trainer] :: Completed epoch 10: train_loss=0.221643 train_iou=0.818482 val_loss=0.306399 val_iou=0.586642 lr=0.00009973
2026-05-02 23:10:15,171 [Trainer] :: Updated latest checkpoint at epoch 10
2026-05-02 23:10:15,172 [Trainer] :: No validation IoU improvement for 1 epoch(s)
2026-05-02 23:10:15,172 [Trainer] :: Starting epoch 11
2026-05-02 23:16:44,597 [Trainer] :: Completed epoch 11: train_loss=0.212143 train_iou=0.826306 val_loss=0.279940 val_iou=0.629166 lr=0.00009967
2026-05-02 23:16:45,304 [Trainer] :: Updated latest checkpoint at epoch 11
2026-05-02 23:16:45,939 [Trainer] :: New best checkpoint saved with val_iou=0.629166
2026-05-02 23:16:45,939 [Trainer] :: Starting epoch 12
2026-05-02 23:23:15,832 [Trainer] :: Completed epoch 12: train_loss=0.197980 train_iou=0.840393 val_loss=0.288545 val_iou=0.609731 lr=0.00009961
2026-05-02 23:23:16,478 [Trainer] :: Updated latest checkpoint at epoch 12
2026-05-02 23:23:16,478 [Trainer] :: No validation IoU improvement for 1 epoch(s)
2026-05-02 23:23:16,478 [Trainer] :: Starting epoch 13
2026-05-02 23:29:47,378 [Trainer] :: Completed epoch 13: train_loss=0.194062 train_iou=0.838449 val_loss=0.270415 val_iou=0.631775 lr=0.00009954
2026-05-02 23:29:48,038 [Trainer] :: Updated latest checkpoint at epoch 13
2026-05-02 23:29:48,675 [Trainer] :: New best checkpoint saved with val_iou=0.631775
2026-05-02 23:29:48,675 [Trainer] :: Starting epoch 14
2026-05-02 23:36:19,133 [Trainer] :: Completed epoch 14: train_loss=0.188985 train_iou=0.841318 val_loss=0.264753 val_iou=0.637920 lr=0.00009947
2026-05-02 23:36:19,813 [Trainer] :: Updated latest checkpoint at epoch 14
2026-05-02 23:36:20,461 [Trainer] :: New best checkpoint saved with val_iou=0.637920
2026-05-02 23:36:20,461 [Trainer] :: Starting epoch 15
2026-05-02 23:42:50,387 [Trainer] :: Completed epoch 15: train_loss=0.180277 train_iou=0.849411 val_loss=0.288847 val_iou=0.606608 lr=0.00009939
2026-05-02 23:42:51,056 [Trainer] :: Updated latest checkpoint at epoch 15
2026-05-02 23:42:51,056 [Trainer] :: No validation IoU improvement for 1 epoch(s)
2026-05-02 23:42:51,056 [Trainer] :: Starting epoch 16
2026-05-02 23:49:20,819 [Trainer] :: Completed epoch 16: train_loss=0.173001 train_iou=0.854873 val_loss=0.307043 val_iou=0.571755 lr=0.00009931
2026-05-02 23:49:21,474 [Trainer] :: Updated latest checkpoint at epoch 16
2026-05-02 23:49:21,474 [Trainer] :: No validation IoU improvement for 2 epoch(s)
2026-05-02 23:49:21,474 [Trainer] :: Starting epoch 17
2026-05-02 23:55:53,513 [Trainer] :: Completed epoch 17: train_loss=0.171674 train_iou=0.855617 val_loss=0.279142 val_iou=0.617011 lr=0.00009922
2026-05-02 23:55:54,357 [Trainer] :: Updated latest checkpoint at epoch 17
2026-05-02 23:55:54,357 [Trainer] :: No validation IoU improvement for 3 epoch(s)
2026-05-02 23:55:54,358 [Trainer] :: Starting epoch 18
2026-05-03 00:02:37,669 [Trainer] :: Completed epoch 18: train_loss=0.169397 train_iou=0.858925 val_loss=0.286048 val_iou=0.598754 lr=0.00009912
2026-05-03 00:02:38,407 [Trainer] :: Updated latest checkpoint at epoch 18
2026-05-03 00:02:38,408 [Trainer] :: No validation IoU improvement for 4 epoch(s)
2026-05-03 00:02:38,408 [Trainer] :: Starting epoch 19
2026-05-03 00:09:14,314 [Trainer] :: Completed epoch 19: train_loss=0.161615 train_iou=0.863767 val_loss=0.272247 val_iou=0.617429 lr=0.00009902
2026-05-03 00:09:15,033 [Trainer] :: Updated latest checkpoint at epoch 19
2026-05-03 00:09:15,033 [Trainer] :: No validation IoU improvement for 5 epoch(s)
2026-05-03 00:09:15,033 [Trainer] :: Starting epoch 20
2026-05-03 00:15:49,905 [Trainer] :: Completed epoch 20: train_loss=0.150152 train_iou=0.874191 val_loss=0.280822 val_iou=0.606542 lr=0.00009892
2026-05-03 00:15:50,640 [Trainer] :: Updated latest checkpoint at epoch 20
2026-05-03 00:15:50,640 [Trainer] :: No validation IoU improvement for 6 epoch(s)
2026-05-03 00:15:50,641 [Trainer] :: Starting epoch 21
2026-05-03 00:22:24,048 [Trainer] :: Completed epoch 21: train_loss=0.156101 train_iou=0.868798 val_loss=0.287291 val_iou=0.581851 lr=0.00009881
2026-05-03 00:22:24,779 [Trainer] :: Updated latest checkpoint at epoch 21
2026-05-03 00:22:24,779 [Trainer] :: No validation IoU improvement for 7 epoch(s)
2026-05-03 00:22:24,779 [Trainer] :: Starting epoch 22
2026-05-03 00:28:58,920 [Trainer] :: Completed epoch 22: train_loss=0.155490 train_iou=0.869666 val_loss=0.287910 val_iou=0.584281 lr=0.00009869
2026-05-03 00:28:59,643 [Trainer] :: Updated latest checkpoint at epoch 22
2026-05-03 00:28:59,643 [Trainer] :: No validation IoU improvement for 8 epoch(s)
2026-05-03 00:28:59,643 [Trainer] :: Starting epoch 23
2026-05-03 00:35:34,515 [Trainer] :: Completed epoch 23: train_loss=0.144475 train_iou=0.880960 val_loss=0.284877 val_iou=0.615788 lr=0.00009857
2026-05-03 00:35:35,239 [Trainer] :: Updated latest checkpoint at epoch 23
2026-05-03 00:35:35,239 [Trainer] :: No validation IoU improvement for 9 epoch(s)
2026-05-03 00:35:35,239 [Trainer] :: Starting epoch 24
2026-05-03 00:42:11,289 [Trainer] :: Completed epoch 24: train_loss=0.144207 train_iou=0.879597 val_loss=0.275533 val_iou=0.611004 lr=0.00009844
2026-05-03 00:42:12,021 [Trainer] :: Updated latest checkpoint at epoch 24
2026-05-03 00:42:12,021 [Trainer] :: No validation IoU improvement for 10 epoch(s)
2026-05-03 00:42:12,021 [Trainer] :: Starting epoch 25
2026-05-03 00:48:47,644 [Trainer] :: Completed epoch 25: train_loss=0.138414 train_iou=0.885515 val_loss=0.271541 val_iou=0.624714 lr=0.00009831
2026-05-03 00:48:48,363 [Trainer] :: Updated latest checkpoint at epoch 25
2026-05-03 00:48:48,363 [Trainer] :: No validation IoU improvement for 11 epoch(s)
2026-05-03 00:48:48,363 [Trainer] :: Starting epoch 26
2026-05-03 00:55:23,157 [Trainer] :: Completed epoch 26: train_loss=0.133803 train_iou=0.889411 val_loss=0.301262 val_iou=0.576504 lr=0.00009818
2026-05-03 00:55:23,879 [Trainer] :: Updated latest checkpoint at epoch 26
2026-05-03 00:55:23,879 [Trainer] :: No validation IoU improvement for 12 epoch(s)
2026-05-03 00:55:23,879 [Trainer] :: Starting epoch 27
2026-05-03 01:01:57,001 [Trainer] :: Completed epoch 27: train_loss=0.133642 train_iou=0.889278 val_loss=0.295268 val_iou=0.589637 lr=0.00009803
2026-05-03 01:01:57,717 [Trainer] :: Updated latest checkpoint at epoch 27
2026-05-03 01:01:57,718 [Trainer] :: No validation IoU improvement for 13 epoch(s)
2026-05-03 01:01:57,718 [Trainer] :: Starting epoch 28
2026-05-03 01:08:30,448 [Trainer] :: Completed epoch 28: train_loss=0.135260 train_iou=0.886022 val_loss=0.310345 val_iou=0.577562 lr=0.00009789
2026-05-03 01:08:31,199 [Trainer] :: Updated latest checkpoint at epoch 28
2026-05-03 01:08:31,200 [Trainer] :: No validation IoU improvement for 14 epoch(s)
2026-05-03 01:08:31,200 [Trainer] :: Starting epoch 29
2026-05-03 01:15:04,124 [Trainer] :: Completed epoch 29: train_loss=0.132371 train_iou=0.888193 val_loss=0.285621 val_iou=0.602651 lr=0.00009773
2026-05-03 01:15:04,840 [Trainer] :: Updated latest checkpoint at epoch 29
2026-05-03 01:15:04,840 [Trainer] :: No validation IoU improvement for 15 epoch(s)
2026-05-03 01:15:04,840 [Trainer] :: Starting epoch 30
2026-05-03 01:21:37,408 [Trainer] :: Completed epoch 30: train_loss=0.123912 train_iou=0.898670 val_loss=0.270165 val_iou=0.627468 lr=0.00009758
2026-05-03 01:21:38,092 [Trainer] :: Updated latest checkpoint at epoch 30
2026-05-03 01:21:38,092 [Trainer] :: No validation IoU improvement for 16 epoch(s)
2026-05-03 01:21:38,093 [Trainer] :: Starting epoch 31
2026-05-03 01:28:08,981 [Trainer] :: Completed epoch 31: train_loss=0.121837 train_iou=0.901682 val_loss=0.298504 val_iou=0.572964 lr=0.00009741
2026-05-03 01:28:09,710 [Trainer] :: Updated latest checkpoint at epoch 31
2026-05-03 01:28:09,711 [Trainer] :: No validation IoU improvement for 17 epoch(s)
2026-05-03 01:28:09,711 [Trainer] :: Starting epoch 32
2026-05-03 01:34:41,921 [Trainer] :: Completed epoch 32: train_loss=0.118493 train_iou=0.903030 val_loss=0.281296 val_iou=0.603577 lr=0.00009725
2026-05-03 01:34:42,700 [Trainer] :: Updated latest checkpoint at epoch 32
2026-05-03 01:34:42,700 [Trainer] :: No validation IoU improvement for 18 epoch(s)
2026-05-03 01:34:42,700 [Trainer] :: Starting epoch 33
2026-05-03 01:41:15,004 [Trainer] :: Completed epoch 33: train_loss=0.119650 train_iou=0.900592 val_loss=0.296708 val_iou=0.595782 lr=0.00009707
2026-05-03 01:41:15,742 [Trainer] :: Updated latest checkpoint at epoch 33
2026-05-03 01:41:15,742 [Trainer] :: No validation IoU improvement for 19 epoch(s)
2026-05-03 01:41:15,742 [Trainer] :: Starting epoch 34
2026-05-03 01:47:47,756 [Trainer] :: Completed epoch 34: train_loss=0.123848 train_iou=0.895812 val_loss=0.275893 val_iou=0.631525 lr=0.00009690
2026-05-03 01:47:48,487 [Trainer] :: Updated latest checkpoint at epoch 34
2026-05-03 01:47:48,487 [Trainer] :: No validation IoU improvement for 20 epoch(s)
2026-05-03 01:47:48,487 [Trainer] :: Starting epoch 35
2026-05-03 01:54:18,691 [Trainer] :: Completed epoch 35: train_loss=0.118676 train_iou=0.902323 val_loss=0.294220 val_iou=0.602508 lr=0.00009671
2026-05-03 01:54:19,416 [Trainer] :: Updated latest checkpoint at epoch 35
2026-05-03 01:54:19,416 [Trainer] :: No validation IoU improvement for 21 epoch(s)
2026-05-03 01:54:19,417 [Trainer] :: Starting epoch 36
2026-05-03 02:00:45,638 [Trainer] :: Completed epoch 36: train_loss=0.112897 train_iou=0.906524 val_loss=0.291848 val_iou=0.609437 lr=0.00009652
2026-05-03 02:00:46,388 [Trainer] :: Updated latest checkpoint at epoch 36
2026-05-03 02:00:46,388 [Trainer] :: No validation IoU improvement for 22 epoch(s)
2026-05-03 02:00:46,388 [Trainer] :: Starting epoch 37
2026-05-03 02:07:14,890 [Trainer] :: Completed epoch 37: train_loss=0.109060 train_iou=0.908153 val_loss=0.280517 val_iou=0.613848 lr=0.00009633
2026-05-03 02:07:15,637 [Trainer] :: Updated latest checkpoint at epoch 37
2026-05-03 02:07:15,637 [Trainer] :: No validation IoU improvement for 23 epoch(s)
2026-05-03 02:07:15,637 [Trainer] :: Starting epoch 38
2026-05-03 02:13:42,953 [Trainer] :: Completed epoch 38: train_loss=0.105963 train_iou=0.910116 val_loss=0.284982 val_iou=0.607708 lr=0.00009613
2026-05-03 02:13:43,673 [Trainer] :: Updated latest checkpoint at epoch 38
2026-05-03 02:13:43,673 [Trainer] :: No validation IoU improvement for 24 epoch(s)
2026-05-03 02:13:43,673 [Trainer] :: Starting epoch 39
2026-05-03 02:20:13,437 [Trainer] :: Completed epoch 39: train_loss=0.104603 train_iou=0.909857 val_loss=0.287389 val_iou=0.606665 lr=0.00009593
2026-05-03 02:20:14,205 [Trainer] :: Updated latest checkpoint at epoch 39
2026-05-03 02:20:14,205 [Trainer] :: No validation IoU improvement for 25 epoch(s)
2026-05-03 02:20:14,205 [Trainer] :: Starting epoch 40
2026-05-03 02:26:41,635 [Trainer] :: Completed epoch 40: train_loss=0.100633 train_iou=0.911910 val_loss=0.292198 val_iou=0.605617 lr=0.00009572
2026-05-03 02:26:42,360 [Trainer] :: Updated latest checkpoint at epoch 40
2026-05-03 02:26:42,360 [Trainer] :: No validation IoU improvement for 26 epoch(s)
2026-05-03 02:26:42,360 [Trainer] :: Starting epoch 41
2026-05-03 02:33:06,716 [Trainer] :: Completed epoch 41: train_loss=0.103685 train_iou=0.904102 val_loss=0.301089 val_iou=0.598450 lr=0.00009551
2026-05-03 02:33:07,449 [Trainer] :: Updated latest checkpoint at epoch 41
2026-05-03 02:33:07,449 [Trainer] :: No validation IoU improvement for 27 epoch(s)
2026-05-03 02:33:07,449 [Trainer] :: Starting epoch 42
2026-05-03 02:39:32,386 [Trainer] :: Completed epoch 42: train_loss=0.098957 train_iou=0.911360 val_loss=0.297048 val_iou=0.607098 lr=0.00009529
2026-05-03 02:39:33,108 [Trainer] :: Updated latest checkpoint at epoch 42
2026-05-03 02:39:33,108 [Trainer] :: No validation IoU improvement for 28 epoch(s)
2026-05-03 02:39:33,108 [Trainer] :: Starting epoch 43
2026-05-03 02:45:57,700 [Trainer] :: Completed epoch 43: train_loss=0.093169 train_iou=0.912928 val_loss=0.284701 val_iou=0.626949 lr=0.00009507
2026-05-03 02:45:58,422 [Trainer] :: Updated latest checkpoint at epoch 43
2026-05-03 02:45:58,423 [Trainer] :: No validation IoU improvement for 29 epoch(s)
2026-05-03 02:45:58,423 [Trainer] :: Starting epoch 44
2026-05-03 02:52:23,416 [Trainer] :: Completed epoch 44: train_loss=0.092042 train_iou=0.910718 val_loss=0.299208 val_iou=0.601090 lr=0.00009484
2026-05-03 02:52:24,134 [Trainer] :: Updated latest checkpoint at epoch 44
2026-05-03 02:52:24,134 [Trainer] :: No validation IoU improvement for 30 epoch(s)
2026-05-03 02:52:24,134 [Trainer] :: Starting epoch 45
2026-05-03 02:58:49,746 [Trainer] :: Completed epoch 45: train_loss=0.091467 train_iou=0.912013 val_loss=0.287216 val_iou=0.617395 lr=0.00009460
2026-05-03 02:58:50,476 [Trainer] :: Updated latest checkpoint at epoch 45
2026-05-03 02:58:50,476 [Trainer] :: No validation IoU improvement for 31 epoch(s)
2026-05-03 02:58:50,476 [Trainer] :: Starting epoch 46
2026-05-03 03:05:14,420 [Trainer] :: Completed epoch 46: train_loss=0.089492 train_iou=0.914512 val_loss=0.294725 val_iou=0.590883 lr=0.00009437
2026-05-03 03:05:15,144 [Trainer] :: Updated latest checkpoint at epoch 46
2026-05-03 03:05:15,144 [Trainer] :: No validation IoU improvement for 32 epoch(s)
2026-05-03 03:05:15,144 [Trainer] :: Starting epoch 47
2026-05-03 03:11:39,514 [Trainer] :: Completed epoch 47: train_loss=0.086552 train_iou=0.914022 val_loss=0.288958 val_iou=0.594259 lr=0.00009412
2026-05-03 03:11:40,238 [Trainer] :: Updated latest checkpoint at epoch 47
2026-05-03 03:11:40,238 [Trainer] :: No validation IoU improvement for 33 epoch(s)
2026-05-03 03:11:40,238 [Trainer] :: Starting epoch 48
2026-05-03 03:18:04,938 [Trainer] :: Completed epoch 48: train_loss=0.084712 train_iou=0.915884 val_loss=0.302882 val_iou=0.609012 lr=0.00009388
2026-05-03 03:18:05,660 [Trainer] :: Updated latest checkpoint at epoch 48
2026-05-03 03:18:05,661 [Trainer] :: No validation IoU improvement for 34 epoch(s)
2026-05-03 03:18:05,661 [Trainer] :: Starting epoch 49
2026-05-03 03:24:30,427 [Trainer] :: Completed epoch 49: train_loss=0.082691 train_iou=0.915457 val_loss=0.323609 val_iou=0.581154 lr=0.00009363
2026-05-03 03:24:31,237 [Trainer] :: Updated latest checkpoint at epoch 49
2026-05-03 03:24:31,237 [Trainer] :: No validation IoU improvement for 35 epoch(s)
2026-05-03 03:24:31,237 [Trainer] :: Starting epoch 50
2026-05-03 03:30:56,913 [Trainer] :: Completed epoch 50: train_loss=0.085202 train_iou=0.916965 val_loss=0.308841 val_iou=0.600766 lr=0.00009337
2026-05-03 03:30:57,644 [Trainer] :: Updated latest checkpoint at epoch 50
2026-05-03 03:30:57,644 [Trainer] :: No validation IoU improvement for 36 epoch(s)
2026-05-03 03:30:57,644 [Trainer] :: Starting epoch 51
2026-05-03 03:37:22,898 [Trainer] :: Completed epoch 51: train_loss=0.077528 train_iou=0.920520 val_loss=0.310920 val_iou=0.596988 lr=0.00009311
2026-05-03 03:37:23,614 [Trainer] :: Updated latest checkpoint at epoch 51
2026-05-03 03:37:23,614 [Trainer] :: No validation IoU improvement for 37 epoch(s)
2026-05-03 03:37:23,614 [Trainer] :: Starting epoch 52
2026-05-03 03:43:47,924 [Trainer] :: Completed epoch 52: train_loss=0.075867 train_iou=0.922092 val_loss=0.299533 val_iou=0.613399 lr=0.00009284
2026-05-03 03:43:48,653 [Trainer] :: Updated latest checkpoint at epoch 52
2026-05-03 03:43:48,653 [Trainer] :: No validation IoU improvement for 38 epoch(s)
2026-05-03 03:43:48,653 [Trainer] :: Starting epoch 53
2026-05-03 03:50:13,764 [Trainer] :: Completed epoch 53: train_loss=0.075337 train_iou=0.923297 val_loss=0.315919 val_iou=0.597763 lr=0.00009257
2026-05-03 03:50:14,490 [Trainer] :: Updated latest checkpoint at epoch 53
2026-05-03 03:50:14,491 [Trainer] :: No validation IoU improvement for 39 epoch(s)
2026-05-03 03:50:14,491 [Trainer] :: Starting epoch 54
2026-05-03 03:56:39,277 [Trainer] :: Completed epoch 54: train_loss=0.071478 train_iou=0.925877 val_loss=0.317469 val_iou=0.590958 lr=0.00009229
2026-05-03 03:56:39,992 [Trainer] :: Updated latest checkpoint at epoch 54
2026-05-03 03:56:39,992 [Trainer] :: No validation IoU improvement for 40 epoch(s)
2026-05-03 03:56:39,992 [Trainer] :: Starting epoch 55
2026-05-03 04:03:06,227 [Trainer] :: Completed epoch 55: train_loss=0.073608 train_iou=0.924840 val_loss=0.315399 val_iou=0.575029 lr=0.00009201
2026-05-03 04:03:06,902 [Trainer] :: Updated latest checkpoint at epoch 55
2026-05-03 04:03:06,902 [Trainer] :: No validation IoU improvement for 41 epoch(s)
2026-05-03 04:03:06,902 [Trainer] :: Starting epoch 56
2026-05-03 04:09:31,954 [Trainer] :: Completed epoch 56: train_loss=0.072145 train_iou=0.926309 val_loss=0.310729 val_iou=0.592683 lr=0.00009173
2026-05-03 04:09:32,694 [Trainer] :: Updated latest checkpoint at epoch 56
2026-05-03 04:09:32,694 [Trainer] :: No validation IoU improvement for 42 epoch(s)
2026-05-03 04:09:32,694 [Trainer] :: Starting epoch 57
2026-05-03 04:15:57,873 [Trainer] :: Completed epoch 57: train_loss=0.069886 train_iou=0.927047 val_loss=0.296715 val_iou=0.623574 lr=0.00009144
2026-05-03 04:15:58,581 [Trainer] :: Updated latest checkpoint at epoch 57
2026-05-03 04:15:58,581 [Trainer] :: No validation IoU improvement for 43 epoch(s)
2026-05-03 04:15:58,581 [Trainer] :: Starting epoch 58
2026-05-03 04:22:23,788 [Trainer] :: Completed epoch 58: train_loss=0.069771 train_iou=0.927205 val_loss=0.314161 val_iou=0.607073 lr=0.00009115
2026-05-03 04:22:24,536 [Trainer] :: Updated latest checkpoint at epoch 58
2026-05-03 04:22:24,536 [Trainer] :: No validation IoU improvement for 44 epoch(s)
2026-05-03 04:22:24,536 [Trainer] :: Starting epoch 59
2026-05-03 04:28:50,356 [Trainer] :: Completed epoch 59: train_loss=0.069075 train_iou=0.927825 val_loss=0.318622 val_iou=0.610242 lr=0.00009085
2026-05-03 04:28:51,092 [Trainer] :: Updated latest checkpoint at epoch 59
2026-05-03 04:28:51,092 [Trainer] :: No validation IoU improvement for 45 epoch(s)
2026-05-03 04:28:51,092 [Trainer] :: Starting epoch 60
2026-05-03 04:35:18,415 [Trainer] :: Completed epoch 60: train_loss=0.066536 train_iou=0.930588 val_loss=0.306159 val_iou=0.625684 lr=0.00009055
2026-05-03 04:35:19,180 [Trainer] :: Updated latest checkpoint at epoch 60
2026-05-03 04:35:19,180 [Trainer] :: No validation IoU improvement for 46 epoch(s)
2026-05-03 04:35:19,180 [Trainer] :: Starting epoch 61
2026-05-03 04:41:50,691 [Trainer] :: Completed epoch 61: train_loss=0.066148 train_iou=0.929516 val_loss=0.376970 val_iou=0.548191 lr=0.00009024
2026-05-03 04:41:51,432 [Trainer] :: Updated latest checkpoint at epoch 61
2026-05-03 04:41:51,432 [Trainer] :: No validation IoU improvement for 47 epoch(s)
2026-05-03 04:41:51,432 [Trainer] :: Starting epoch 62
2026-05-03 04:48:28,339 [Trainer] :: Completed epoch 62: train_loss=0.064626 train_iou=0.931093 val_loss=0.359532 val_iou=0.568409 lr=0.00008993
2026-05-03 04:48:29,120 [Trainer] :: Updated latest checkpoint at epoch 62
2026-05-03 04:48:29,120 [Trainer] :: No validation IoU improvement for 48 epoch(s)
2026-05-03 04:48:29,120 [Trainer] :: Starting epoch 63
2026-05-03 04:55:05,260 [Trainer] :: Completed epoch 63: train_loss=0.063493 train_iou=0.932424 val_loss=0.336048 val_iou=0.591899 lr=0.00008961
2026-05-03 04:55:05,956 [Trainer] :: Updated latest checkpoint at epoch 63
2026-05-03 04:55:05,956 [Trainer] :: No validation IoU improvement for 49 epoch(s)
2026-05-03 04:55:05,956 [Trainer] :: Starting epoch 64
2026-05-03 05:01:43,068 [Trainer] :: Completed epoch 64: train_loss=0.064147 train_iou=0.933071 val_loss=0.352650 val_iou=0.602714 lr=0.00008929
2026-05-03 05:01:43,776 [Trainer] :: Updated latest checkpoint at epoch 64
2026-05-03 05:01:43,776 [Trainer] :: No validation IoU improvement for 50 epoch(s)
2026-05-03 05:01:43,776 [Trainer] :: Starting epoch 65
2026-05-03 05:08:20,845 [Trainer] :: Completed epoch 65: train_loss=0.059715 train_iou=0.935448 val_loss=0.317888 val_iou=0.613463 lr=0.00008897
2026-05-03 05:08:21,544 [Trainer] :: Updated latest checkpoint at epoch 65
2026-05-03 05:08:21,545 [Trainer] :: No validation IoU improvement for 51 epoch(s)
2026-05-03 05:08:21,545 [Trainer] :: Starting epoch 66
2026-05-03 05:14:57,538 [Trainer] :: Completed epoch 66: train_loss=0.060939 train_iou=0.935696 val_loss=0.332127 val_iou=0.621446 lr=0.00008864
2026-05-03 05:14:58,235 [Trainer] :: Updated latest checkpoint at epoch 66
2026-05-03 05:14:58,235 [Trainer] :: No validation IoU improvement for 52 epoch(s)
2026-05-03 05:14:58,235 [Trainer] :: Starting epoch 67
2026-05-03 05:21:32,518 [Trainer] :: Completed epoch 67: train_loss=0.061791 train_iou=0.935023 val_loss=0.309082 val_iou=0.614445 lr=0.00008831
2026-05-03 05:21:33,240 [Trainer] :: Updated latest checkpoint at epoch 67
2026-05-03 05:21:33,241 [Trainer] :: No validation IoU improvement for 53 epoch(s)
2026-05-03 05:21:33,241 [Trainer] :: Starting epoch 68
2026-05-03 05:28:04,397 [Trainer] :: Completed epoch 68: train_loss=0.057257 train_iou=0.938181 val_loss=0.329198 val_iou=0.592932 lr=0.00008797
2026-05-03 05:28:05,105 [Trainer] :: Updated latest checkpoint at epoch 68
2026-05-03 05:28:05,105 [Trainer] :: No validation IoU improvement for 54 epoch(s)
2026-05-03 05:28:05,105 [Trainer] :: Starting epoch 69
2026-05-03 05:34:38,428 [Trainer] :: Completed epoch 69: train_loss=0.058146 train_iou=0.938901 val_loss=0.379331 val_iou=0.576865 lr=0.00008763
2026-05-03 05:34:39,191 [Trainer] :: Updated latest checkpoint at epoch 69
2026-05-03 05:34:39,191 [Trainer] :: No validation IoU improvement for 55 epoch(s)
2026-05-03 05:34:39,191 [Trainer] :: Starting epoch 70
2026-05-03 05:41:02,735 [Trainer] :: Completed epoch 70: train_loss=0.059858 train_iou=0.935725 val_loss=0.325333 val_iou=0.603954 lr=0.00008729
2026-05-03 05:41:03,332 [Trainer] :: Updated latest checkpoint at epoch 70
2026-05-03 05:41:03,332 [Trainer] :: No validation IoU improvement for 56 epoch(s)
2026-05-03 05:41:03,332 [Trainer] :: Starting epoch 71
2026-05-03 05:47:13,814 [Trainer] :: Completed epoch 71: train_loss=0.057233 train_iou=0.938992 val_loss=0.326034 val_iou=0.609982 lr=0.00008694
2026-05-03 05:47:14,394 [Trainer] :: Updated latest checkpoint at epoch 71
2026-05-03 05:47:14,394 [Trainer] :: No validation IoU improvement for 57 epoch(s)
2026-05-03 05:47:14,394 [Trainer] :: Starting epoch 72
2026-05-03 05:53:20,977 [Trainer] :: Completed epoch 72: train_loss=0.054783 train_iou=0.941093 val_loss=0.319778 val_iou=0.612482 lr=0.00008658
2026-05-03 05:53:21,571 [Trainer] :: Updated latest checkpoint at epoch 72
2026-05-03 05:53:21,571 [Trainer] :: No validation IoU improvement for 58 epoch(s)
2026-05-03 05:53:21,571 [Trainer] :: Starting epoch 73
2026-05-03 05:59:30,330 [Trainer] :: Completed epoch 73: train_loss=0.054165 train_iou=0.941438 val_loss=0.330758 val_iou=0.604408 lr=0.00008623
2026-05-03 05:59:31,517 [Trainer] :: Updated latest checkpoint at epoch 73
2026-05-03 05:59:31,518 [Trainer] :: No validation IoU improvement for 59 epoch(s)
2026-05-03 05:59:31,518 [Trainer] :: Starting epoch 74
2026-05-03 06:05:39,780 [Trainer] :: Completed epoch 74: train_loss=0.054669 train_iou=0.940743 val_loss=0.365084 val_iou=0.579174 lr=0.00008587
2026-05-03 06:05:40,452 [Trainer] :: Updated latest checkpoint at epoch 74
2026-05-03 06:05:40,452 [Trainer] :: No validation IoU improvement for 60 epoch(s)
2026-05-03 06:05:40,452 [Trainer] :: Early stopping triggered after 60 epoch(s) without improvement
2026-05-03 06:08:57,028 [Trainer] :: Wrote training history to outputs/runs/rgb_real_msi_unetplusplus_resnet50_seed43_20260502T200453Z/metrics/history.json
2026-05-03 06:08:57,032 [Trainer] :: Wrote test summary to outputs/runs/rgb_real_msi_unetplusplus_resnet50_seed43_20260502T200453Z/metrics/test_summary.json
2026-05-03 06:08:57,032 [Trainer] :: Training completed
