2026-05-04 00:26:22,813 [Trainer] :: Training run initialized at /ceph/home/student.aau.dk/qd36zu/fuzzy-p10/tbd/masking/outputs/runs/rgb_real_msi_segformer_b0_seed44_20260503T222622Z
2026-05-04 00:26:22,813 [Trainer] :: Loaded config from /ceph/home/student.aau.dk/qd36zu/fuzzy-p10/tbd/masking/configs/binary/rgb_real_msi_segformer_b0.yaml
2026-05-04 00:26:22,813 [Trainer] :: Using seed=44 and device=None
2026-05-04 00:26:22,813 [Trainer] :: Using model architecture=Segformer encoder=mit_b0 encoder_weights=imagenet
2026-05-04 00:26:23,062 [Trainer] :: Resolved runtime device to cuda
2026-05-04 00:26:23,062 [Trainer] :: Prepared normalization from source=train_split_patch_stats
2026-05-04 00:26:26,656 [Trainer] :: Built dataloaders with batch_size=16, num_workers=0
2026-05-04 00:26:26,657 [Trainer] :: Starting epoch 1
2026-05-04 00:31:33,382 [Trainer] :: Completed epoch 1: train_loss=0.349414 train_iou=0.686329 val_loss=0.387834 val_iou=0.415836 lr=0.00010000
2026-05-04 00:31:33,609 [Trainer] :: Updated latest checkpoint at epoch 1
2026-05-04 00:31:33,711 [Trainer] :: New best checkpoint saved with val_iou=0.415836
2026-05-04 00:31:33,711 [Trainer] :: Starting epoch 2
2026-05-04 00:36:41,014 [Trainer] :: Completed epoch 2: train_loss=0.281073 train_iou=0.749638 val_loss=0.443496 val_iou=0.469387 lr=0.00009999
2026-05-04 00:36:41,129 [Trainer] :: Updated latest checkpoint at epoch 2
2026-05-04 00:36:41,302 [Trainer] :: New best checkpoint saved with val_iou=0.469387
2026-05-04 00:36:41,302 [Trainer] :: Starting epoch 3
2026-05-04 00:41:50,283 [Trainer] :: Completed epoch 3: train_loss=0.260310 train_iou=0.765302 val_loss=0.299724 val_iou=0.556118 lr=0.00009998
2026-05-04 00:41:50,662 [Trainer] :: Updated latest checkpoint at epoch 3
2026-05-04 00:41:50,779 [Trainer] :: New best checkpoint saved with val_iou=0.556118
2026-05-04 00:41:50,779 [Trainer] :: Starting epoch 4
2026-05-04 00:46:57,728 [Trainer] :: Completed epoch 4: train_loss=0.246580 train_iou=0.778934 val_loss=0.329805 val_iou=0.497817 lr=0.00009996
2026-05-04 00:46:57,846 [Trainer] :: Updated latest checkpoint at epoch 4
2026-05-04 00:46:57,846 [Trainer] :: No validation IoU improvement for 1 epoch(s)
2026-05-04 00:46:57,847 [Trainer] :: Starting epoch 5
2026-05-04 00:52:14,955 [Trainer] :: Completed epoch 5: train_loss=0.236723 train_iou=0.788384 val_loss=0.252017 val_iou=0.631226 lr=0.00009993
2026-05-04 00:52:15,303 [Trainer] :: Updated latest checkpoint at epoch 5
2026-05-04 00:52:15,447 [Trainer] :: New best checkpoint saved with val_iou=0.631226
2026-05-04 00:52:15,448 [Trainer] :: Starting epoch 6
2026-05-04 00:57:21,496 [Trainer] :: Completed epoch 6: train_loss=0.233112 train_iou=0.790308 val_loss=0.298967 val_iou=0.601409 lr=0.00009990
2026-05-04 00:57:21,618 [Trainer] :: Updated latest checkpoint at epoch 6
2026-05-04 00:57:21,618 [Trainer] :: No validation IoU improvement for 1 epoch(s)
2026-05-04 00:57:21,618 [Trainer] :: Starting epoch 7
2026-05-04 01:02:23,416 [Trainer] :: Completed epoch 7: train_loss=0.222854 train_iou=0.801909 val_loss=0.253659 val_iou=0.644583 lr=0.00009987
2026-05-04 01:02:23,538 [Trainer] :: Updated latest checkpoint at epoch 7
2026-05-04 01:02:23,650 [Trainer] :: New best checkpoint saved with val_iou=0.644583
2026-05-04 01:02:23,650 [Trainer] :: Starting epoch 8
2026-05-04 01:07:29,797 [Trainer] :: Completed epoch 8: train_loss=0.215689 train_iou=0.805686 val_loss=0.251351 val_iou=0.637440 lr=0.00009983
2026-05-04 01:07:29,947 [Trainer] :: Updated latest checkpoint at epoch 8
2026-05-04 01:07:29,948 [Trainer] :: No validation IoU improvement for 1 epoch(s)
2026-05-04 01:07:29,948 [Trainer] :: Starting epoch 9
2026-05-04 01:12:32,946 [Trainer] :: Completed epoch 9: train_loss=0.213941 train_iou=0.807531 val_loss=0.236367 val_iou=0.668135 lr=0.00009978
2026-05-04 01:12:33,258 [Trainer] :: Updated latest checkpoint at epoch 9
2026-05-04 01:12:33,502 [Trainer] :: New best checkpoint saved with val_iou=0.668135
2026-05-04 01:12:33,502 [Trainer] :: Starting epoch 10
2026-05-04 01:17:40,292 [Trainer] :: Completed epoch 10: train_loss=0.207564 train_iou=0.811870 val_loss=0.259500 val_iou=0.605013 lr=0.00009973
2026-05-04 01:17:40,415 [Trainer] :: Updated latest checkpoint at epoch 10
2026-05-04 01:17:40,415 [Trainer] :: No validation IoU improvement for 1 epoch(s)
2026-05-04 01:17:40,415 [Trainer] :: Starting epoch 11
2026-05-04 01:22:46,412 [Trainer] :: Completed epoch 11: train_loss=0.200671 train_iou=0.814364 val_loss=0.251427 val_iou=0.650166 lr=0.00009967
2026-05-04 01:22:46,524 [Trainer] :: Updated latest checkpoint at epoch 11
2026-05-04 01:22:46,524 [Trainer] :: No validation IoU improvement for 2 epoch(s)
2026-05-04 01:22:46,524 [Trainer] :: Starting epoch 12
2026-05-04 01:27:45,262 [Trainer] :: Completed epoch 12: train_loss=0.190925 train_iou=0.819678 val_loss=0.240069 val_iou=0.659643 lr=0.00009961
2026-05-04 01:27:45,381 [Trainer] :: Updated latest checkpoint at epoch 12
2026-05-04 01:27:45,381 [Trainer] :: No validation IoU improvement for 3 epoch(s)
2026-05-04 01:27:45,381 [Trainer] :: Starting epoch 13
2026-05-04 01:32:46,416 [Trainer] :: Completed epoch 13: train_loss=0.188440 train_iou=0.821607 val_loss=0.236204 val_iou=0.667483 lr=0.00009954
2026-05-04 01:32:46,586 [Trainer] :: Updated latest checkpoint at epoch 13
2026-05-04 01:32:46,586 [Trainer] :: No validation IoU improvement for 4 epoch(s)
2026-05-04 01:32:46,586 [Trainer] :: Starting epoch 14
2026-05-04 01:37:37,026 [Trainer] :: Completed epoch 14: train_loss=0.187924 train_iou=0.821496 val_loss=0.240484 val_iou=0.655468 lr=0.00009947
2026-05-04 01:37:37,149 [Trainer] :: Updated latest checkpoint at epoch 14
2026-05-04 01:37:37,149 [Trainer] :: No validation IoU improvement for 5 epoch(s)
2026-05-04 01:37:37,149 [Trainer] :: Starting epoch 15
2026-05-04 01:42:32,981 [Trainer] :: Completed epoch 15: train_loss=0.183125 train_iou=0.825642 val_loss=0.273372 val_iou=0.616022 lr=0.00009939
2026-05-04 01:42:33,149 [Trainer] :: Updated latest checkpoint at epoch 15
2026-05-04 01:42:33,149 [Trainer] :: No validation IoU improvement for 6 epoch(s)
2026-05-04 01:42:33,149 [Trainer] :: Starting epoch 16
2026-05-04 01:47:29,152 [Trainer] :: Completed epoch 16: train_loss=0.179783 train_iou=0.827606 val_loss=0.268918 val_iou=0.633614 lr=0.00009931
2026-05-04 01:47:29,650 [Trainer] :: Updated latest checkpoint at epoch 16
2026-05-04 01:47:29,650 [Trainer] :: No validation IoU improvement for 7 epoch(s)
2026-05-04 01:47:29,650 [Trainer] :: Starting epoch 17
2026-05-04 01:52:24,662 [Trainer] :: Completed epoch 17: train_loss=0.176631 train_iou=0.828121 val_loss=0.306587 val_iou=0.550898 lr=0.00009922
2026-05-04 01:52:24,861 [Trainer] :: Updated latest checkpoint at epoch 17
2026-05-04 01:52:24,862 [Trainer] :: No validation IoU improvement for 8 epoch(s)
2026-05-04 01:52:24,862 [Trainer] :: Starting epoch 18
2026-05-04 01:57:16,287 [Trainer] :: Completed epoch 18: train_loss=0.174056 train_iou=0.828924 val_loss=0.268043 val_iou=0.605745 lr=0.00009912
2026-05-04 01:57:16,446 [Trainer] :: Updated latest checkpoint at epoch 18
2026-05-04 01:57:16,446 [Trainer] :: No validation IoU improvement for 9 epoch(s)
2026-05-04 01:57:16,446 [Trainer] :: Starting epoch 19
2026-05-04 02:02:08,365 [Trainer] :: Completed epoch 19: train_loss=0.171866 train_iou=0.831883 val_loss=0.301720 val_iou=0.598120 lr=0.00009902
2026-05-04 02:02:08,489 [Trainer] :: Updated latest checkpoint at epoch 19
2026-05-04 02:02:08,489 [Trainer] :: No validation IoU improvement for 10 epoch(s)
2026-05-04 02:02:08,490 [Trainer] :: Starting epoch 20
2026-05-04 02:07:02,799 [Trainer] :: Completed epoch 20: train_loss=0.167676 train_iou=0.837228 val_loss=0.261670 val_iou=0.638180 lr=0.00009892
2026-05-04 02:07:02,982 [Trainer] :: Updated latest checkpoint at epoch 20
2026-05-04 02:07:02,983 [Trainer] :: No validation IoU improvement for 11 epoch(s)
2026-05-04 02:07:02,983 [Trainer] :: Starting epoch 21
2026-05-04 02:11:53,933 [Trainer] :: Completed epoch 21: train_loss=0.164100 train_iou=0.836275 val_loss=0.247019 val_iou=0.651474 lr=0.00009881
2026-05-04 02:11:54,115 [Trainer] :: Updated latest checkpoint at epoch 21
2026-05-04 02:11:54,115 [Trainer] :: No validation IoU improvement for 12 epoch(s)
2026-05-04 02:11:54,115 [Trainer] :: Starting epoch 22
2026-05-04 02:16:51,129 [Trainer] :: Completed epoch 22: train_loss=0.167661 train_iou=0.834307 val_loss=0.242061 val_iou=0.649105 lr=0.00009869
2026-05-04 02:16:51,405 [Trainer] :: Updated latest checkpoint at epoch 22
2026-05-04 02:16:51,406 [Trainer] :: No validation IoU improvement for 13 epoch(s)
2026-05-04 02:16:51,406 [Trainer] :: Starting epoch 23
2026-05-04 02:21:53,355 [Trainer] :: Completed epoch 23: train_loss=0.158915 train_iou=0.841916 val_loss=0.256824 val_iou=0.632811 lr=0.00009857
2026-05-04 02:21:53,501 [Trainer] :: Updated latest checkpoint at epoch 23
2026-05-04 02:21:53,501 [Trainer] :: No validation IoU improvement for 14 epoch(s)
2026-05-04 02:21:53,502 [Trainer] :: Starting epoch 24
2026-05-04 02:26:46,689 [Trainer] :: Completed epoch 24: train_loss=0.161179 train_iou=0.841267 val_loss=0.252682 val_iou=0.634146 lr=0.00009844
2026-05-04 02:26:46,805 [Trainer] :: Updated latest checkpoint at epoch 24
2026-05-04 02:26:46,806 [Trainer] :: No validation IoU improvement for 15 epoch(s)
2026-05-04 02:26:46,806 [Trainer] :: Starting epoch 25
2026-05-04 02:31:47,459 [Trainer] :: Completed epoch 25: train_loss=0.154487 train_iou=0.846031 val_loss=0.251892 val_iou=0.650687 lr=0.00009831
2026-05-04 02:31:47,587 [Trainer] :: Updated latest checkpoint at epoch 25
2026-05-04 02:31:47,587 [Trainer] :: No validation IoU improvement for 16 epoch(s)
2026-05-04 02:31:47,587 [Trainer] :: Starting epoch 26
2026-05-04 02:36:45,266 [Trainer] :: Completed epoch 26: train_loss=0.152472 train_iou=0.846603 val_loss=0.263070 val_iou=0.624817 lr=0.00009818
2026-05-04 02:36:45,381 [Trainer] :: Updated latest checkpoint at epoch 26
2026-05-04 02:36:45,382 [Trainer] :: No validation IoU improvement for 17 epoch(s)
2026-05-04 02:36:45,382 [Trainer] :: Starting epoch 27
2026-05-04 02:41:44,948 [Trainer] :: Completed epoch 27: train_loss=0.154890 train_iou=0.845685 val_loss=0.255173 val_iou=0.638339 lr=0.00009803
2026-05-04 02:41:45,087 [Trainer] :: Updated latest checkpoint at epoch 27
2026-05-04 02:41:45,087 [Trainer] :: No validation IoU improvement for 18 epoch(s)
2026-05-04 02:41:45,087 [Trainer] :: Starting epoch 28
2026-05-04 02:46:44,299 [Trainer] :: Completed epoch 28: train_loss=0.152928 train_iou=0.847296 val_loss=0.246391 val_iou=0.652612 lr=0.00009789
2026-05-04 02:46:44,410 [Trainer] :: Updated latest checkpoint at epoch 28
2026-05-04 02:46:44,410 [Trainer] :: No validation IoU improvement for 19 epoch(s)
2026-05-04 02:46:44,410 [Trainer] :: Starting epoch 29
2026-05-04 02:51:40,772 [Trainer] :: Completed epoch 29: train_loss=0.147111 train_iou=0.851886 val_loss=0.241079 val_iou=0.660785 lr=0.00009773
2026-05-04 02:51:40,887 [Trainer] :: Updated latest checkpoint at epoch 29
2026-05-04 02:51:40,887 [Trainer] :: No validation IoU improvement for 20 epoch(s)
2026-05-04 02:51:40,887 [Trainer] :: Starting epoch 30
2026-05-04 02:56:38,241 [Trainer] :: Completed epoch 30: train_loss=0.145702 train_iou=0.854063 val_loss=0.232950 val_iou=0.672720 lr=0.00009758
2026-05-04 02:56:38,355 [Trainer] :: Updated latest checkpoint at epoch 30
2026-05-04 02:56:38,461 [Trainer] :: New best checkpoint saved with val_iou=0.672720
2026-05-04 02:56:38,462 [Trainer] :: Starting epoch 31
2026-05-04 03:01:30,345 [Trainer] :: Completed epoch 31: train_loss=0.144956 train_iou=0.851962 val_loss=0.247195 val_iou=0.649358 lr=0.00009741
2026-05-04 03:01:30,460 [Trainer] :: Updated latest checkpoint at epoch 31
2026-05-04 03:01:30,460 [Trainer] :: No validation IoU improvement for 1 epoch(s)
2026-05-04 03:01:30,460 [Trainer] :: Starting epoch 32
2026-05-04 03:06:15,131 [Trainer] :: Completed epoch 32: train_loss=0.147947 train_iou=0.849448 val_loss=0.256879 val_iou=0.650825 lr=0.00009725
2026-05-04 03:06:15,296 [Trainer] :: Updated latest checkpoint at epoch 32
2026-05-04 03:06:15,297 [Trainer] :: No validation IoU improvement for 2 epoch(s)
2026-05-04 03:06:15,297 [Trainer] :: Starting epoch 33
2026-05-04 03:10:52,359 [Trainer] :: Completed epoch 33: train_loss=0.143825 train_iou=0.854408 val_loss=0.246509 val_iou=0.655474 lr=0.00009707
2026-05-04 03:10:52,466 [Trainer] :: Updated latest checkpoint at epoch 33
2026-05-04 03:10:52,466 [Trainer] :: No validation IoU improvement for 3 epoch(s)
2026-05-04 03:10:52,466 [Trainer] :: Starting epoch 34
2026-05-04 03:16:40,417 [Trainer] :: Completed epoch 34: train_loss=0.138776 train_iou=0.860061 val_loss=0.241734 val_iou=0.667463 lr=0.00009690
2026-05-04 03:16:40,531 [Trainer] :: Updated latest checkpoint at epoch 34
2026-05-04 03:16:40,531 [Trainer] :: No validation IoU improvement for 4 epoch(s)
2026-05-04 03:16:40,531 [Trainer] :: Starting epoch 35
2026-05-04 03:22:53,197 [Trainer] :: Completed epoch 35: train_loss=0.136409 train_iou=0.861197 val_loss=0.264382 val_iou=0.637136 lr=0.00009671
2026-05-04 03:22:53,314 [Trainer] :: Updated latest checkpoint at epoch 35
2026-05-04 03:22:53,314 [Trainer] :: No validation IoU improvement for 5 epoch(s)
2026-05-04 03:22:53,314 [Trainer] :: Starting epoch 36
2026-05-04 03:27:51,690 [Trainer] :: Completed epoch 36: train_loss=0.137953 train_iou=0.860140 val_loss=0.252395 val_iou=0.647828 lr=0.00009652
2026-05-04 03:27:51,811 [Trainer] :: Updated latest checkpoint at epoch 36
2026-05-04 03:27:51,811 [Trainer] :: No validation IoU improvement for 6 epoch(s)
2026-05-04 03:27:51,811 [Trainer] :: Starting epoch 37
2026-05-04 03:32:39,659 [Trainer] :: Completed epoch 37: train_loss=0.135547 train_iou=0.862487 val_loss=0.259509 val_iou=0.634565 lr=0.00009633
2026-05-04 03:32:39,850 [Trainer] :: Updated latest checkpoint at epoch 37
2026-05-04 03:32:39,850 [Trainer] :: No validation IoU improvement for 7 epoch(s)
2026-05-04 03:32:39,851 [Trainer] :: Starting epoch 38
2026-05-04 03:36:39,294 [Trainer] :: Completed epoch 38: train_loss=0.134140 train_iou=0.862281 val_loss=0.285188 val_iou=0.595079 lr=0.00009613
2026-05-04 03:36:39,886 [Trainer] :: Updated latest checkpoint at epoch 38
2026-05-04 03:36:39,886 [Trainer] :: No validation IoU improvement for 8 epoch(s)
2026-05-04 03:36:39,886 [Trainer] :: Starting epoch 39
2026-05-04 03:40:38,987 [Trainer] :: Completed epoch 39: train_loss=0.134824 train_iou=0.860992 val_loss=0.241084 val_iou=0.672663 lr=0.00009593
2026-05-04 03:40:39,089 [Trainer] :: Updated latest checkpoint at epoch 39
2026-05-04 03:40:39,089 [Trainer] :: No validation IoU improvement for 9 epoch(s)
2026-05-04 03:40:39,089 [Trainer] :: Starting epoch 40
2026-05-04 03:44:39,575 [Trainer] :: Completed epoch 40: train_loss=0.133074 train_iou=0.864579 val_loss=0.257813 val_iou=0.654784 lr=0.00009572
2026-05-04 03:44:39,672 [Trainer] :: Updated latest checkpoint at epoch 40
2026-05-04 03:44:39,672 [Trainer] :: No validation IoU improvement for 10 epoch(s)
2026-05-04 03:44:39,672 [Trainer] :: Starting epoch 41
2026-05-04 03:48:39,026 [Trainer] :: Completed epoch 41: train_loss=0.129361 train_iou=0.866934 val_loss=0.275789 val_iou=0.631510 lr=0.00009551
2026-05-04 03:48:39,127 [Trainer] :: Updated latest checkpoint at epoch 41
2026-05-04 03:48:39,127 [Trainer] :: No validation IoU improvement for 11 epoch(s)
2026-05-04 03:48:39,127 [Trainer] :: Starting epoch 42
2026-05-04 03:52:40,823 [Trainer] :: Completed epoch 42: train_loss=0.128980 train_iou=0.868824 val_loss=0.253737 val_iou=0.663294 lr=0.00009529
2026-05-04 03:52:40,919 [Trainer] :: Updated latest checkpoint at epoch 42
2026-05-04 03:52:40,919 [Trainer] :: No validation IoU improvement for 12 epoch(s)
2026-05-04 03:52:40,920 [Trainer] :: Starting epoch 43
2026-05-04 03:56:42,118 [Trainer] :: Completed epoch 43: train_loss=0.133303 train_iou=0.864496 val_loss=0.295605 val_iou=0.578694 lr=0.00009507
2026-05-04 03:56:42,217 [Trainer] :: Updated latest checkpoint at epoch 43
2026-05-04 03:56:42,217 [Trainer] :: No validation IoU improvement for 13 epoch(s)
2026-05-04 03:56:42,217 [Trainer] :: Starting epoch 44
2026-05-04 04:00:40,132 [Trainer] :: Completed epoch 44: train_loss=0.126696 train_iou=0.869063 val_loss=0.259210 val_iou=0.642197 lr=0.00009484
2026-05-04 04:00:40,232 [Trainer] :: Updated latest checkpoint at epoch 44
2026-05-04 04:00:40,232 [Trainer] :: No validation IoU improvement for 14 epoch(s)
2026-05-04 04:00:40,232 [Trainer] :: Starting epoch 45
2026-05-04 04:04:44,258 [Trainer] :: Completed epoch 45: train_loss=0.121553 train_iou=0.873623 val_loss=0.259858 val_iou=0.651876 lr=0.00009460
2026-05-04 04:04:44,364 [Trainer] :: Updated latest checkpoint at epoch 45
2026-05-04 04:04:44,364 [Trainer] :: No validation IoU improvement for 15 epoch(s)
2026-05-04 04:04:44,364 [Trainer] :: Starting epoch 46
2026-05-04 04:08:49,538 [Trainer] :: Completed epoch 46: train_loss=0.125422 train_iou=0.870290 val_loss=0.243647 val_iou=0.658680 lr=0.00009437
2026-05-04 04:08:49,644 [Trainer] :: Updated latest checkpoint at epoch 46
2026-05-04 04:08:49,644 [Trainer] :: No validation IoU improvement for 16 epoch(s)
2026-05-04 04:08:49,644 [Trainer] :: Starting epoch 47
2026-05-04 04:12:57,265 [Trainer] :: Completed epoch 47: train_loss=0.118858 train_iou=0.875446 val_loss=0.254959 val_iou=0.657713 lr=0.00009412
2026-05-04 04:12:57,371 [Trainer] :: Updated latest checkpoint at epoch 47
2026-05-04 04:12:57,371 [Trainer] :: No validation IoU improvement for 17 epoch(s)
2026-05-04 04:12:57,371 [Trainer] :: Starting epoch 48
2026-05-04 04:17:08,810 [Trainer] :: Completed epoch 48: train_loss=0.123468 train_iou=0.872687 val_loss=0.257951 val_iou=0.650291 lr=0.00009388
2026-05-04 04:17:08,912 [Trainer] :: Updated latest checkpoint at epoch 48
2026-05-04 04:17:08,913 [Trainer] :: No validation IoU improvement for 18 epoch(s)
2026-05-04 04:17:08,913 [Trainer] :: Starting epoch 49
2026-05-04 04:21:03,760 [Trainer] :: Completed epoch 49: train_loss=0.123695 train_iou=0.872461 val_loss=0.288945 val_iou=0.611769 lr=0.00009363
2026-05-04 04:21:03,859 [Trainer] :: Updated latest checkpoint at epoch 49
2026-05-04 04:21:03,859 [Trainer] :: No validation IoU improvement for 19 epoch(s)
2026-05-04 04:21:03,859 [Trainer] :: Starting epoch 50
2026-05-04 04:24:56,822 [Trainer] :: Completed epoch 50: train_loss=0.120494 train_iou=0.877095 val_loss=0.249171 val_iou=0.660973 lr=0.00009337
2026-05-04 04:24:56,922 [Trainer] :: Updated latest checkpoint at epoch 50
2026-05-04 04:24:56,922 [Trainer] :: No validation IoU improvement for 20 epoch(s)
2026-05-04 04:24:56,922 [Trainer] :: Starting epoch 51
2026-05-04 04:28:58,752 [Trainer] :: Completed epoch 51: train_loss=0.116582 train_iou=0.878002 val_loss=0.263241 val_iou=0.636405 lr=0.00009311
2026-05-04 04:28:59,426 [Trainer] :: Updated latest checkpoint at epoch 51
2026-05-04 04:28:59,427 [Trainer] :: No validation IoU improvement for 21 epoch(s)
2026-05-04 04:28:59,427 [Trainer] :: Starting epoch 52
2026-05-04 04:33:03,279 [Trainer] :: Completed epoch 52: train_loss=0.116745 train_iou=0.877951 val_loss=0.246816 val_iou=0.658476 lr=0.00009284
2026-05-04 04:33:03,378 [Trainer] :: Updated latest checkpoint at epoch 52
2026-05-04 04:33:03,378 [Trainer] :: No validation IoU improvement for 22 epoch(s)
2026-05-04 04:33:03,378 [Trainer] :: Starting epoch 53
2026-05-04 04:37:09,940 [Trainer] :: Completed epoch 53: train_loss=0.116199 train_iou=0.880408 val_loss=0.253447 val_iou=0.658133 lr=0.00009257
2026-05-04 04:37:10,036 [Trainer] :: Updated latest checkpoint at epoch 53
2026-05-04 04:37:10,036 [Trainer] :: No validation IoU improvement for 23 epoch(s)
2026-05-04 04:37:10,036 [Trainer] :: Starting epoch 54
2026-05-04 04:41:14,818 [Trainer] :: Completed epoch 54: train_loss=0.111314 train_iou=0.883994 val_loss=0.271544 val_iou=0.631663 lr=0.00009229
2026-05-04 04:41:14,918 [Trainer] :: Updated latest checkpoint at epoch 54
2026-05-04 04:41:14,918 [Trainer] :: No validation IoU improvement for 24 epoch(s)
2026-05-04 04:41:14,918 [Trainer] :: Starting epoch 55
2026-05-04 04:45:16,990 [Trainer] :: Completed epoch 55: train_loss=0.113554 train_iou=0.881148 val_loss=0.299465 val_iou=0.606872 lr=0.00009201
2026-05-04 04:45:17,133 [Trainer] :: Updated latest checkpoint at epoch 55
2026-05-04 04:45:17,133 [Trainer] :: No validation IoU improvement for 25 epoch(s)
2026-05-04 04:45:17,133 [Trainer] :: Starting epoch 56
2026-05-04 04:49:16,084 [Trainer] :: Completed epoch 56: train_loss=0.112876 train_iou=0.882835 val_loss=0.289466 val_iou=0.605744 lr=0.00009173
2026-05-04 04:49:16,183 [Trainer] :: Updated latest checkpoint at epoch 56
2026-05-04 04:49:16,183 [Trainer] :: No validation IoU improvement for 26 epoch(s)
2026-05-04 04:49:16,183 [Trainer] :: Starting epoch 57
2026-05-04 04:53:14,017 [Trainer] :: Completed epoch 57: train_loss=0.112580 train_iou=0.883253 val_loss=0.268623 val_iou=0.646691 lr=0.00009144
2026-05-04 04:53:14,132 [Trainer] :: Updated latest checkpoint at epoch 57
2026-05-04 04:53:14,132 [Trainer] :: No validation IoU improvement for 27 epoch(s)
2026-05-04 04:53:14,132 [Trainer] :: Starting epoch 58
2026-05-04 04:57:17,805 [Trainer] :: Completed epoch 58: train_loss=0.109577 train_iou=0.886627 val_loss=0.254111 val_iou=0.648238 lr=0.00009115
2026-05-04 04:57:17,900 [Trainer] :: Updated latest checkpoint at epoch 58
2026-05-04 04:57:17,900 [Trainer] :: No validation IoU improvement for 28 epoch(s)
2026-05-04 04:57:17,900 [Trainer] :: Starting epoch 59
2026-05-04 05:01:10,173 [Trainer] :: Completed epoch 59: train_loss=0.108482 train_iou=0.886744 val_loss=0.257086 val_iou=0.656455 lr=0.00009085
2026-05-04 05:01:10,417 [Trainer] :: Updated latest checkpoint at epoch 59
2026-05-04 05:01:10,417 [Trainer] :: No validation IoU improvement for 29 epoch(s)
2026-05-04 05:01:10,417 [Trainer] :: Starting epoch 60
2026-05-04 05:04:51,237 [Trainer] :: Completed epoch 60: train_loss=0.108619 train_iou=0.888224 val_loss=0.279265 val_iou=0.633113 lr=0.00009055
2026-05-04 05:04:51,332 [Trainer] :: Updated latest checkpoint at epoch 60
2026-05-04 05:04:51,332 [Trainer] :: No validation IoU improvement for 30 epoch(s)
2026-05-04 05:04:51,332 [Trainer] :: Starting epoch 61
2026-05-04 05:08:29,805 [Trainer] :: Completed epoch 61: train_loss=0.105066 train_iou=0.889087 val_loss=0.254302 val_iou=0.651438 lr=0.00009024
2026-05-04 05:08:29,903 [Trainer] :: Updated latest checkpoint at epoch 61
2026-05-04 05:08:29,903 [Trainer] :: No validation IoU improvement for 31 epoch(s)
2026-05-04 05:08:29,903 [Trainer] :: Starting epoch 62
2026-05-04 05:12:21,960 [Trainer] :: Completed epoch 62: train_loss=0.102152 train_iou=0.892169 val_loss=0.269426 val_iou=0.652491 lr=0.00008993
2026-05-04 05:12:22,128 [Trainer] :: Updated latest checkpoint at epoch 62
2026-05-04 05:12:22,129 [Trainer] :: No validation IoU improvement for 32 epoch(s)
2026-05-04 05:12:22,129 [Trainer] :: Starting epoch 63
2026-05-04 05:16:19,251 [Trainer] :: Completed epoch 63: train_loss=0.105667 train_iou=0.889465 val_loss=0.272496 val_iou=0.630954 lr=0.00008961
2026-05-04 05:16:19,354 [Trainer] :: Updated latest checkpoint at epoch 63
2026-05-04 05:16:19,355 [Trainer] :: No validation IoU improvement for 33 epoch(s)
2026-05-04 05:16:19,355 [Trainer] :: Starting epoch 64
2026-05-04 05:20:22,586 [Trainer] :: Completed epoch 64: train_loss=0.104790 train_iou=0.889723 val_loss=0.271267 val_iou=0.645336 lr=0.00008929
2026-05-04 05:20:22,930 [Trainer] :: Updated latest checkpoint at epoch 64
2026-05-04 05:20:22,930 [Trainer] :: No validation IoU improvement for 34 epoch(s)
2026-05-04 05:20:22,930 [Trainer] :: Starting epoch 65
2026-05-04 05:24:28,618 [Trainer] :: Completed epoch 65: train_loss=0.104988 train_iou=0.892111 val_loss=0.262150 val_iou=0.656008 lr=0.00008897
2026-05-04 05:24:28,721 [Trainer] :: Updated latest checkpoint at epoch 65
2026-05-04 05:24:28,721 [Trainer] :: No validation IoU improvement for 35 epoch(s)
2026-05-04 05:24:28,721 [Trainer] :: Starting epoch 66
2026-05-04 05:28:30,751 [Trainer] :: Completed epoch 66: train_loss=0.105119 train_iou=0.890144 val_loss=0.269365 val_iou=0.644255 lr=0.00008864
2026-05-04 05:28:30,894 [Trainer] :: Updated latest checkpoint at epoch 66
2026-05-04 05:28:30,894 [Trainer] :: No validation IoU improvement for 36 epoch(s)
2026-05-04 05:28:30,894 [Trainer] :: Starting epoch 67
2026-05-04 05:32:36,872 [Trainer] :: Completed epoch 67: train_loss=0.101800 train_iou=0.892493 val_loss=0.264845 val_iou=0.648406 lr=0.00008831
2026-05-04 05:32:36,978 [Trainer] :: Updated latest checkpoint at epoch 67
2026-05-04 05:32:36,979 [Trainer] :: No validation IoU improvement for 37 epoch(s)
2026-05-04 05:32:36,979 [Trainer] :: Starting epoch 68
2026-05-04 05:36:40,231 [Trainer] :: Completed epoch 68: train_loss=0.101466 train_iou=0.892753 val_loss=0.259382 val_iou=0.656782 lr=0.00008797
2026-05-04 05:36:40,344 [Trainer] :: Updated latest checkpoint at epoch 68
2026-05-04 05:36:40,344 [Trainer] :: No validation IoU improvement for 38 epoch(s)
2026-05-04 05:36:40,344 [Trainer] :: Starting epoch 69
2026-05-04 05:40:41,884 [Trainer] :: Completed epoch 69: train_loss=0.102239 train_iou=0.893619 val_loss=0.257416 val_iou=0.654802 lr=0.00008763
2026-05-04 05:40:42,004 [Trainer] :: Updated latest checkpoint at epoch 69
2026-05-04 05:40:42,004 [Trainer] :: No validation IoU improvement for 39 epoch(s)
2026-05-04 05:40:42,004 [Trainer] :: Starting epoch 70
2026-05-04 05:44:45,253 [Trainer] :: Completed epoch 70: train_loss=0.098203 train_iou=0.896872 val_loss=0.263724 val_iou=0.641908 lr=0.00008729
2026-05-04 05:44:45,356 [Trainer] :: Updated latest checkpoint at epoch 70
2026-05-04 05:44:45,356 [Trainer] :: No validation IoU improvement for 40 epoch(s)
2026-05-04 05:44:45,356 [Trainer] :: Starting epoch 71
2026-05-04 05:48:44,551 [Trainer] :: Completed epoch 71: train_loss=0.096623 train_iou=0.898861 val_loss=0.263174 val_iou=0.652888 lr=0.00008694
2026-05-04 05:48:44,651 [Trainer] :: Updated latest checkpoint at epoch 71
2026-05-04 05:48:44,651 [Trainer] :: No validation IoU improvement for 41 epoch(s)
2026-05-04 05:48:44,651 [Trainer] :: Starting epoch 72
2026-05-04 05:52:43,998 [Trainer] :: Completed epoch 72: train_loss=0.098138 train_iou=0.898037 val_loss=0.278585 val_iou=0.633124 lr=0.00008658
2026-05-04 05:52:44,103 [Trainer] :: Updated latest checkpoint at epoch 72
2026-05-04 05:52:44,103 [Trainer] :: No validation IoU improvement for 42 epoch(s)
2026-05-04 05:52:44,103 [Trainer] :: Starting epoch 73
2026-05-04 05:56:51,515 [Trainer] :: Completed epoch 73: train_loss=0.096651 train_iou=0.898487 val_loss=0.264054 val_iou=0.656385 lr=0.00008623
2026-05-04 05:56:51,616 [Trainer] :: Updated latest checkpoint at epoch 73
2026-05-04 05:56:51,616 [Trainer] :: No validation IoU improvement for 43 epoch(s)
2026-05-04 05:56:51,617 [Trainer] :: Starting epoch 74
2026-05-04 06:00:51,915 [Trainer] :: Completed epoch 74: train_loss=0.094700 train_iou=0.899315 val_loss=0.270359 val_iou=0.650360 lr=0.00008587
2026-05-04 06:00:52,026 [Trainer] :: Updated latest checkpoint at epoch 74
2026-05-04 06:00:52,026 [Trainer] :: No validation IoU improvement for 44 epoch(s)
2026-05-04 06:00:52,027 [Trainer] :: Starting epoch 75
2026-05-04 06:04:50,133 [Trainer] :: Completed epoch 75: train_loss=0.094400 train_iou=0.900235 val_loss=0.264150 val_iou=0.649578 lr=0.00008550
2026-05-04 06:04:50,306 [Trainer] :: Updated latest checkpoint at epoch 75
2026-05-04 06:04:50,307 [Trainer] :: No validation IoU improvement for 45 epoch(s)
2026-05-04 06:04:50,307 [Trainer] :: Starting epoch 76
2026-05-04 06:08:47,853 [Trainer] :: Completed epoch 76: train_loss=0.093239 train_iou=0.901674 val_loss=0.304296 val_iou=0.610606 lr=0.00008513
2026-05-04 06:08:47,952 [Trainer] :: Updated latest checkpoint at epoch 76
2026-05-04 06:08:47,952 [Trainer] :: No validation IoU improvement for 46 epoch(s)
2026-05-04 06:08:47,952 [Trainer] :: Starting epoch 77
2026-05-04 06:12:47,539 [Trainer] :: Completed epoch 77: train_loss=0.093392 train_iou=0.901670 val_loss=0.267465 val_iou=0.655967 lr=0.00008476
2026-05-04 06:12:47,640 [Trainer] :: Updated latest checkpoint at epoch 77
2026-05-04 06:12:47,640 [Trainer] :: No validation IoU improvement for 47 epoch(s)
2026-05-04 06:12:47,640 [Trainer] :: Starting epoch 78
2026-05-04 06:16:43,858 [Trainer] :: Completed epoch 78: train_loss=0.096564 train_iou=0.899040 val_loss=0.265209 val_iou=0.658661 lr=0.00008439
2026-05-04 06:16:43,961 [Trainer] :: Updated latest checkpoint at epoch 78
2026-05-04 06:16:43,961 [Trainer] :: No validation IoU improvement for 48 epoch(s)
2026-05-04 06:16:43,961 [Trainer] :: Starting epoch 79
2026-05-04 06:20:41,106 [Trainer] :: Completed epoch 79: train_loss=0.092791 train_iou=0.901851 val_loss=0.270808 val_iou=0.652287 lr=0.00008401
2026-05-04 06:20:41,222 [Trainer] :: Updated latest checkpoint at epoch 79
2026-05-04 06:20:41,222 [Trainer] :: No validation IoU improvement for 49 epoch(s)
2026-05-04 06:20:41,222 [Trainer] :: Starting epoch 80
2026-05-04 06:24:42,060 [Trainer] :: Completed epoch 80: train_loss=0.093297 train_iou=0.902305 val_loss=0.278312 val_iou=0.650690 lr=0.00008362
2026-05-04 06:24:42,161 [Trainer] :: Updated latest checkpoint at epoch 80
2026-05-04 06:24:42,161 [Trainer] :: No validation IoU improvement for 50 epoch(s)
2026-05-04 06:24:42,161 [Trainer] :: Starting epoch 81
2026-05-04 06:28:40,487 [Trainer] :: Completed epoch 81: train_loss=0.093346 train_iou=0.900936 val_loss=0.273158 val_iou=0.647663 lr=0.00008323
2026-05-04 06:28:40,584 [Trainer] :: Updated latest checkpoint at epoch 81
2026-05-04 06:28:40,584 [Trainer] :: No validation IoU improvement for 51 epoch(s)
2026-05-04 06:28:40,584 [Trainer] :: Starting epoch 82
2026-05-04 06:32:44,212 [Trainer] :: Completed epoch 82: train_loss=0.090114 train_iou=0.905014 val_loss=0.282011 val_iou=0.640096 lr=0.00008284
2026-05-04 06:32:44,310 [Trainer] :: Updated latest checkpoint at epoch 82
2026-05-04 06:32:44,310 [Trainer] :: No validation IoU improvement for 52 epoch(s)
2026-05-04 06:32:44,310 [Trainer] :: Starting epoch 83
2026-05-04 06:36:40,605 [Trainer] :: Completed epoch 83: train_loss=0.087853 train_iou=0.906369 val_loss=0.281704 val_iou=0.648833 lr=0.00008245
2026-05-04 06:36:40,708 [Trainer] :: Updated latest checkpoint at epoch 83
2026-05-04 06:36:40,709 [Trainer] :: No validation IoU improvement for 53 epoch(s)
2026-05-04 06:36:40,709 [Trainer] :: Starting epoch 84
2026-05-04 06:40:38,894 [Trainer] :: Completed epoch 84: train_loss=0.091123 train_iou=0.905040 val_loss=0.301218 val_iou=0.611006 lr=0.00008205
2026-05-04 06:40:39,020 [Trainer] :: Updated latest checkpoint at epoch 84
2026-05-04 06:40:39,020 [Trainer] :: No validation IoU improvement for 54 epoch(s)
2026-05-04 06:40:39,020 [Trainer] :: Starting epoch 85
2026-05-04 06:44:36,123 [Trainer] :: Completed epoch 85: train_loss=0.087798 train_iou=0.906375 val_loss=0.303732 val_iou=0.616634 lr=0.00008165
2026-05-04 06:44:36,240 [Trainer] :: Updated latest checkpoint at epoch 85
2026-05-04 06:44:36,241 [Trainer] :: No validation IoU improvement for 55 epoch(s)
2026-05-04 06:44:36,241 [Trainer] :: Starting epoch 86
2026-05-04 06:48:34,762 [Trainer] :: Completed epoch 86: train_loss=0.090164 train_iou=0.904379 val_loss=0.270468 val_iou=0.656759 lr=0.00008125
2026-05-04 06:48:34,862 [Trainer] :: Updated latest checkpoint at epoch 86
2026-05-04 06:48:34,862 [Trainer] :: No validation IoU improvement for 56 epoch(s)
2026-05-04 06:48:34,862 [Trainer] :: Starting epoch 87
2026-05-04 06:52:33,226 [Trainer] :: Completed epoch 87: train_loss=0.089065 train_iou=0.904728 val_loss=0.274592 val_iou=0.653853 lr=0.00008084
2026-05-04 06:52:33,321 [Trainer] :: Updated latest checkpoint at epoch 87
2026-05-04 06:52:33,321 [Trainer] :: No validation IoU improvement for 57 epoch(s)
2026-05-04 06:52:33,321 [Trainer] :: Starting epoch 88
2026-05-04 06:56:24,504 [Trainer] :: Completed epoch 88: train_loss=0.086037 train_iou=0.908526 val_loss=0.281138 val_iou=0.641870 lr=0.00008043
2026-05-04 06:56:24,602 [Trainer] :: Updated latest checkpoint at epoch 88
2026-05-04 06:56:24,602 [Trainer] :: No validation IoU improvement for 58 epoch(s)
2026-05-04 06:56:24,602 [Trainer] :: Starting epoch 89
2026-05-04 07:00:04,866 [Trainer] :: Completed epoch 89: train_loss=0.087177 train_iou=0.906555 val_loss=0.286184 val_iou=0.644402 lr=0.00008001
2026-05-04 07:00:04,962 [Trainer] :: Updated latest checkpoint at epoch 89
2026-05-04 07:00:04,962 [Trainer] :: No validation IoU improvement for 59 epoch(s)
2026-05-04 07:00:04,962 [Trainer] :: Starting epoch 90
2026-05-04 07:03:42,724 [Trainer] :: Completed epoch 90: train_loss=0.086023 train_iou=0.909344 val_loss=0.266888 val_iou=0.657955 lr=0.00007960
2026-05-04 07:03:42,848 [Trainer] :: Updated latest checkpoint at epoch 90
2026-05-04 07:03:42,848 [Trainer] :: No validation IoU improvement for 60 epoch(s)
2026-05-04 07:03:42,848 [Trainer] :: Early stopping triggered after 60 epoch(s) without improvement
2026-05-04 07:07:55,710 [Trainer] :: Wrote training history to outputs/runs/rgb_real_msi_segformer_b0_seed44_20260503T222622Z/metrics/history.json
2026-05-04 07:07:55,858 [Trainer] :: Wrote test summary to outputs/runs/rgb_real_msi_segformer_b0_seed44_20260503T222622Z/metrics/test_summary.json
2026-05-04 07:07:55,858 [Trainer] :: Training completed
