2026-05-09 02:56:39,321 [Trainer] :: Training run initialized at /ceph/home/student.aau.dk/qd36zu/fuzzy-p10/tbd/masking/outputs/runs/rgb_real_msi_unetplusplus_resnet50_fuzzy_halo_seed46_20260509T005638Z
2026-05-09 02:56:39,321 [Trainer] :: Loaded config from /ceph/home/student.aau.dk/qd36zu/fuzzy-p10/tbd/masking/configs/fuzzy/rgb_real_msi_unetpp_resnet50.yaml
2026-05-09 02:56:39,321 [Trainer] :: Using seed=46 and device=None
2026-05-09 02:56:39,321 [Trainer] :: Using model architecture=UnetPlusPlus encoder=resnet50 encoder_weights=imagenet
2026-05-09 02:56:39,578 [Trainer] :: Resolved runtime device to cuda
2026-05-09 02:56:39,578 [Trainer] :: Prepared normalization from source=train_split_patch_stats
2026-05-09 02:57:05,018 [Trainer] :: Built dataloaders with batch_size=16, num_workers=0
2026-05-09 02:57:05,019 [Trainer] :: Starting epoch 1
2026-05-09 03:14:10,299 [Trainer] :: Completed epoch 1: train_loss=0.389214 train_iou=0.697746 val_loss=0.379725 val_iou=0.520810 lr=0.00010000
2026-05-09 03:14:11,290 [Trainer] :: Updated latest checkpoint at epoch 1
2026-05-09 03:14:12,029 [Trainer] :: New best checkpoint saved with val_iou=0.520810
2026-05-09 03:14:12,030 [Trainer] :: Starting epoch 2
2026-05-09 03:22:10,580 [Trainer] :: Completed epoch 2: train_loss=0.297004 train_iou=0.775595 val_loss=0.356751 val_iou=0.545649 lr=0.00009999
2026-05-09 03:22:11,220 [Trainer] :: Updated latest checkpoint at epoch 2
2026-05-09 03:22:11,845 [Trainer] :: New best checkpoint saved with val_iou=0.545649
2026-05-09 03:22:11,845 [Trainer] :: Starting epoch 3
2026-05-09 03:30:01,835 [Trainer] :: Completed epoch 3: train_loss=0.279825 train_iou=0.780608 val_loss=0.320607 val_iou=0.629074 lr=0.00009998
2026-05-09 03:30:02,433 [Trainer] :: Updated latest checkpoint at epoch 3
2026-05-09 03:30:03,044 [Trainer] :: New best checkpoint saved with val_iou=0.629074
2026-05-09 03:30:03,044 [Trainer] :: Starting epoch 4
2026-05-09 03:38:03,461 [Trainer] :: Completed epoch 4: train_loss=0.258064 train_iou=0.796490 val_loss=0.325428 val_iou=0.621261 lr=0.00009996
2026-05-09 03:38:04,021 [Trainer] :: Updated latest checkpoint at epoch 4
2026-05-09 03:38:04,021 [Trainer] :: No validation IoU improvement for 1 epoch(s)
2026-05-09 03:38:04,021 [Trainer] :: Starting epoch 5
2026-05-09 03:46:24,083 [Trainer] :: Completed epoch 5: train_loss=0.243219 train_iou=0.807759 val_loss=0.317567 val_iou=0.569592 lr=0.00009993
2026-05-09 03:46:24,724 [Trainer] :: Updated latest checkpoint at epoch 5
2026-05-09 03:46:24,724 [Trainer] :: No validation IoU improvement for 2 epoch(s)
2026-05-09 03:46:24,725 [Trainer] :: Starting epoch 6
2026-05-09 03:54:29,926 [Trainer] :: Completed epoch 6: train_loss=0.235371 train_iou=0.812687 val_loss=0.324723 val_iou=0.565117 lr=0.00009990
2026-05-09 03:54:30,508 [Trainer] :: Updated latest checkpoint at epoch 6
2026-05-09 03:54:30,508 [Trainer] :: No validation IoU improvement for 3 epoch(s)
2026-05-09 03:54:30,508 [Trainer] :: Starting epoch 7
2026-05-09 04:03:48,176 [Trainer] :: Completed epoch 7: train_loss=0.228180 train_iou=0.815609 val_loss=0.310298 val_iou=0.568516 lr=0.00009987
2026-05-09 04:03:49,465 [Trainer] :: Updated latest checkpoint at epoch 7
2026-05-09 04:03:49,466 [Trainer] :: No validation IoU improvement for 4 epoch(s)
2026-05-09 04:03:49,466 [Trainer] :: Starting epoch 8
2026-05-09 04:14:27,541 [Trainer] :: Completed epoch 8: train_loss=0.211663 train_iou=0.830463 val_loss=0.292470 val_iou=0.614131 lr=0.00009983
2026-05-09 04:14:28,110 [Trainer] :: Updated latest checkpoint at epoch 8
2026-05-09 04:14:28,111 [Trainer] :: No validation IoU improvement for 5 epoch(s)
2026-05-09 04:14:28,111 [Trainer] :: Starting epoch 9
2026-05-09 04:24:59,755 [Trainer] :: Completed epoch 9: train_loss=0.206671 train_iou=0.833809 val_loss=0.303601 val_iou=0.592398 lr=0.00009978
2026-05-09 04:25:00,350 [Trainer] :: Updated latest checkpoint at epoch 9
2026-05-09 04:25:00,350 [Trainer] :: No validation IoU improvement for 6 epoch(s)
2026-05-09 04:25:00,350 [Trainer] :: Starting epoch 10
2026-05-09 04:34:42,662 [Trainer] :: Completed epoch 10: train_loss=0.204156 train_iou=0.836645 val_loss=0.316509 val_iou=0.595341 lr=0.00009973
2026-05-09 04:34:43,224 [Trainer] :: Updated latest checkpoint at epoch 10
2026-05-09 04:34:43,224 [Trainer] :: No validation IoU improvement for 7 epoch(s)
2026-05-09 04:34:43,224 [Trainer] :: Starting epoch 11
2026-05-09 04:43:05,425 [Trainer] :: Completed epoch 11: train_loss=0.197385 train_iou=0.840979 val_loss=0.309372 val_iou=0.589733 lr=0.00009967
2026-05-09 04:43:06,014 [Trainer] :: Updated latest checkpoint at epoch 11
2026-05-09 04:43:06,014 [Trainer] :: No validation IoU improvement for 8 epoch(s)
2026-05-09 04:43:06,014 [Trainer] :: Starting epoch 12
2026-05-09 04:51:21,588 [Trainer] :: Completed epoch 12: train_loss=0.194406 train_iou=0.845470 val_loss=0.289470 val_iou=0.644530 lr=0.00009961
2026-05-09 04:51:22,192 [Trainer] :: Updated latest checkpoint at epoch 12
2026-05-09 04:51:22,814 [Trainer] :: New best checkpoint saved with val_iou=0.644530
2026-05-09 04:51:22,815 [Trainer] :: Starting epoch 13
2026-05-09 04:59:32,734 [Trainer] :: Completed epoch 13: train_loss=0.178276 train_iou=0.855059 val_loss=0.300484 val_iou=0.600184 lr=0.00009954
2026-05-09 04:59:33,310 [Trainer] :: Updated latest checkpoint at epoch 13
2026-05-09 04:59:33,310 [Trainer] :: No validation IoU improvement for 1 epoch(s)
2026-05-09 04:59:33,310 [Trainer] :: Starting epoch 14
2026-05-09 05:08:33,029 [Trainer] :: Completed epoch 14: train_loss=0.176888 train_iou=0.859289 val_loss=0.301810 val_iou=0.597475 lr=0.00009947
2026-05-09 05:08:33,808 [Trainer] :: Updated latest checkpoint at epoch 14
2026-05-09 05:08:33,808 [Trainer] :: No validation IoU improvement for 2 epoch(s)
2026-05-09 05:08:33,808 [Trainer] :: Starting epoch 15
2026-05-09 05:16:49,972 [Trainer] :: Completed epoch 15: train_loss=0.176647 train_iou=0.859433 val_loss=0.297565 val_iou=0.606222 lr=0.00009939
2026-05-09 05:16:50,751 [Trainer] :: Updated latest checkpoint at epoch 15
2026-05-09 05:16:50,751 [Trainer] :: No validation IoU improvement for 3 epoch(s)
2026-05-09 05:16:50,751 [Trainer] :: Starting epoch 16
2026-05-09 05:25:20,559 [Trainer] :: Completed epoch 16: train_loss=0.171760 train_iou=0.863100 val_loss=0.323769 val_iou=0.574109 lr=0.00009931
2026-05-09 05:25:21,454 [Trainer] :: Updated latest checkpoint at epoch 16
2026-05-09 05:25:21,455 [Trainer] :: No validation IoU improvement for 4 epoch(s)
2026-05-09 05:25:21,455 [Trainer] :: Starting epoch 17
2026-05-09 05:33:35,614 [Trainer] :: Completed epoch 17: train_loss=0.162425 train_iou=0.871759 val_loss=0.289562 val_iou=0.622582 lr=0.00009922
2026-05-09 05:33:36,204 [Trainer] :: Updated latest checkpoint at epoch 17
2026-05-09 05:33:36,204 [Trainer] :: No validation IoU improvement for 5 epoch(s)
2026-05-09 05:33:36,204 [Trainer] :: Starting epoch 18
2026-05-09 05:42:12,971 [Trainer] :: Completed epoch 18: train_loss=0.166861 train_iou=0.866959 val_loss=0.302854 val_iou=0.607663 lr=0.00009912
2026-05-09 05:42:13,669 [Trainer] :: Updated latest checkpoint at epoch 18
2026-05-09 05:42:13,669 [Trainer] :: No validation IoU improvement for 6 epoch(s)
2026-05-09 05:42:13,669 [Trainer] :: Starting epoch 19
2026-05-09 05:50:39,372 [Trainer] :: Completed epoch 19: train_loss=0.159795 train_iou=0.873218 val_loss=0.327436 val_iou=0.556161 lr=0.00009902
2026-05-09 05:50:40,516 [Trainer] :: Updated latest checkpoint at epoch 19
2026-05-09 05:50:40,516 [Trainer] :: No validation IoU improvement for 7 epoch(s)
2026-05-09 05:50:40,516 [Trainer] :: Starting epoch 20
2026-05-09 05:59:12,793 [Trainer] :: Completed epoch 20: train_loss=0.150923 train_iou=0.882376 val_loss=0.305045 val_iou=0.604029 lr=0.00009892
2026-05-09 05:59:13,386 [Trainer] :: Updated latest checkpoint at epoch 20
2026-05-09 05:59:13,386 [Trainer] :: No validation IoU improvement for 8 epoch(s)
2026-05-09 05:59:13,386 [Trainer] :: Starting epoch 21
2026-05-09 06:07:57,159 [Trainer] :: Completed epoch 21: train_loss=0.152271 train_iou=0.881837 val_loss=0.313675 val_iou=0.570369 lr=0.00009881
2026-05-09 06:07:58,428 [Trainer] :: Updated latest checkpoint at epoch 21
2026-05-09 06:07:58,428 [Trainer] :: No validation IoU improvement for 9 epoch(s)
2026-05-09 06:07:58,428 [Trainer] :: Starting epoch 22
2026-05-09 06:17:14,376 [Trainer] :: Completed epoch 22: train_loss=0.150852 train_iou=0.881409 val_loss=0.299215 val_iou=0.605379 lr=0.00009869
2026-05-09 06:17:15,500 [Trainer] :: Updated latest checkpoint at epoch 22
2026-05-09 06:17:15,500 [Trainer] :: No validation IoU improvement for 10 epoch(s)
2026-05-09 06:17:15,500 [Trainer] :: Starting epoch 23
2026-05-09 06:26:15,903 [Trainer] :: Completed epoch 23: train_loss=0.147303 train_iou=0.885283 val_loss=0.321266 val_iou=0.557295 lr=0.00009857
2026-05-09 06:26:16,457 [Trainer] :: Updated latest checkpoint at epoch 23
2026-05-09 06:26:16,458 [Trainer] :: No validation IoU improvement for 11 epoch(s)
2026-05-09 06:26:16,458 [Trainer] :: Starting epoch 24
2026-05-09 06:35:11,175 [Trainer] :: Completed epoch 24: train_loss=0.143439 train_iou=0.888860 val_loss=0.291405 val_iou=0.636580 lr=0.00009844
2026-05-09 06:35:11,787 [Trainer] :: Updated latest checkpoint at epoch 24
2026-05-09 06:35:11,787 [Trainer] :: No validation IoU improvement for 12 epoch(s)
2026-05-09 06:35:11,787 [Trainer] :: Starting epoch 25
2026-05-09 06:43:28,505 [Trainer] :: Completed epoch 25: train_loss=0.142798 train_iou=0.886240 val_loss=0.291329 val_iou=0.649910 lr=0.00009831
2026-05-09 06:43:29,074 [Trainer] :: Updated latest checkpoint at epoch 25
2026-05-09 06:43:29,623 [Trainer] :: New best checkpoint saved with val_iou=0.649910
2026-05-09 06:43:29,623 [Trainer] :: Starting epoch 26
2026-05-09 06:51:22,561 [Trainer] :: Completed epoch 26: train_loss=0.140742 train_iou=0.888334 val_loss=0.312235 val_iou=0.579502 lr=0.00009818
2026-05-09 06:51:23,147 [Trainer] :: Updated latest checkpoint at epoch 26
2026-05-09 06:51:23,148 [Trainer] :: No validation IoU improvement for 1 epoch(s)
2026-05-09 06:51:23,148 [Trainer] :: Starting epoch 27
2026-05-09 06:59:11,210 [Trainer] :: Completed epoch 27: train_loss=0.127559 train_iou=0.897460 val_loss=0.294042 val_iou=0.608972 lr=0.00009803
2026-05-09 06:59:11,790 [Trainer] :: Updated latest checkpoint at epoch 27
2026-05-09 06:59:11,790 [Trainer] :: No validation IoU improvement for 2 epoch(s)
2026-05-09 06:59:11,790 [Trainer] :: Starting epoch 28
2026-05-09 07:07:17,143 [Trainer] :: Completed epoch 28: train_loss=0.126334 train_iou=0.898034 val_loss=0.339242 val_iou=0.557120 lr=0.00009789
2026-05-09 07:07:17,807 [Trainer] :: Updated latest checkpoint at epoch 28
2026-05-09 07:07:17,807 [Trainer] :: No validation IoU improvement for 3 epoch(s)
2026-05-09 07:07:17,807 [Trainer] :: Starting epoch 29
2026-05-09 07:15:41,662 [Trainer] :: Completed epoch 29: train_loss=0.124226 train_iou=0.897790 val_loss=0.357639 val_iou=0.554595 lr=0.00009773
2026-05-09 07:15:42,385 [Trainer] :: Updated latest checkpoint at epoch 29
2026-05-09 07:15:42,385 [Trainer] :: No validation IoU improvement for 4 epoch(s)
2026-05-09 07:15:42,386 [Trainer] :: Starting epoch 30
2026-05-09 07:24:53,036 [Trainer] :: Completed epoch 30: train_loss=0.125346 train_iou=0.896557 val_loss=0.313873 val_iou=0.610140 lr=0.00009758
2026-05-09 07:24:53,770 [Trainer] :: Updated latest checkpoint at epoch 30
2026-05-09 07:24:53,771 [Trainer] :: No validation IoU improvement for 5 epoch(s)
2026-05-09 07:24:53,771 [Trainer] :: Starting epoch 31
2026-05-09 07:34:08,362 [Trainer] :: Completed epoch 31: train_loss=0.120195 train_iou=0.899405 val_loss=0.317495 val_iou=0.609355 lr=0.00009741
2026-05-09 07:34:09,079 [Trainer] :: Updated latest checkpoint at epoch 31
2026-05-09 07:34:09,079 [Trainer] :: No validation IoU improvement for 6 epoch(s)
2026-05-09 07:34:09,079 [Trainer] :: Starting epoch 32
2026-05-09 07:42:29,112 [Trainer] :: Completed epoch 32: train_loss=0.123391 train_iou=0.894184 val_loss=0.330379 val_iou=0.599910 lr=0.00009725
2026-05-09 07:42:29,794 [Trainer] :: Updated latest checkpoint at epoch 32
2026-05-09 07:42:29,794 [Trainer] :: No validation IoU improvement for 7 epoch(s)
2026-05-09 07:42:29,794 [Trainer] :: Starting epoch 33
2026-05-09 07:52:43,601 [Trainer] :: Completed epoch 33: train_loss=0.113151 train_iou=0.904926 val_loss=0.333840 val_iou=0.576342 lr=0.00009707
2026-05-09 07:52:44,679 [Trainer] :: Updated latest checkpoint at epoch 33
2026-05-09 07:52:44,680 [Trainer] :: No validation IoU improvement for 8 epoch(s)
2026-05-09 07:52:44,680 [Trainer] :: Starting epoch 34
2026-05-09 08:01:45,265 [Trainer] :: Completed epoch 34: train_loss=0.112232 train_iou=0.904839 val_loss=0.313188 val_iou=0.618720 lr=0.00009690
2026-05-09 08:01:46,344 [Trainer] :: Updated latest checkpoint at epoch 34
2026-05-09 08:01:46,344 [Trainer] :: No validation IoU improvement for 9 epoch(s)
2026-05-09 08:01:46,344 [Trainer] :: Starting epoch 35
2026-05-09 08:11:21,770 [Trainer] :: Completed epoch 35: train_loss=0.109154 train_iou=0.905473 val_loss=0.363409 val_iou=0.574940 lr=0.00009671
2026-05-09 08:11:22,388 [Trainer] :: Updated latest checkpoint at epoch 35
2026-05-09 08:11:22,388 [Trainer] :: No validation IoU improvement for 10 epoch(s)
2026-05-09 08:11:22,388 [Trainer] :: Starting epoch 36
2026-05-09 08:19:30,351 [Trainer] :: Completed epoch 36: train_loss=0.112386 train_iou=0.902791 val_loss=0.338952 val_iou=0.573686 lr=0.00009652
2026-05-09 08:19:31,593 [Trainer] :: Updated latest checkpoint at epoch 36
2026-05-09 08:19:31,594 [Trainer] :: No validation IoU improvement for 11 epoch(s)
2026-05-09 08:19:31,594 [Trainer] :: Starting epoch 37
2026-05-09 08:27:55,924 [Trainer] :: Completed epoch 37: train_loss=0.108804 train_iou=0.903924 val_loss=0.333083 val_iou=0.613663 lr=0.00009633
2026-05-09 08:27:56,587 [Trainer] :: Updated latest checkpoint at epoch 37
2026-05-09 08:27:56,587 [Trainer] :: No validation IoU improvement for 12 epoch(s)
2026-05-09 08:27:56,587 [Trainer] :: Starting epoch 38
2026-05-09 08:36:29,560 [Trainer] :: Completed epoch 38: train_loss=0.103315 train_iou=0.906489 val_loss=0.331406 val_iou=0.609149 lr=0.00009613
2026-05-09 08:36:30,313 [Trainer] :: Updated latest checkpoint at epoch 38
2026-05-09 08:36:30,313 [Trainer] :: No validation IoU improvement for 13 epoch(s)
2026-05-09 08:36:30,313 [Trainer] :: Starting epoch 39
2026-05-09 08:44:56,475 [Trainer] :: Completed epoch 39: train_loss=0.101667 train_iou=0.909122 val_loss=0.377214 val_iou=0.567675 lr=0.00009593
2026-05-09 08:44:57,173 [Trainer] :: Updated latest checkpoint at epoch 39
2026-05-09 08:44:57,174 [Trainer] :: No validation IoU improvement for 14 epoch(s)
2026-05-09 08:44:57,174 [Trainer] :: Starting epoch 40
2026-05-09 08:53:13,170 [Trainer] :: Completed epoch 40: train_loss=0.100576 train_iou=0.909754 val_loss=0.318562 val_iou=0.614864 lr=0.00009572
2026-05-09 08:53:14,047 [Trainer] :: Updated latest checkpoint at epoch 40
2026-05-09 08:53:14,047 [Trainer] :: No validation IoU improvement for 15 epoch(s)
2026-05-09 08:53:14,047 [Trainer] :: Starting epoch 41
2026-05-09 09:05:45,957 [Trainer] :: Completed epoch 41: train_loss=0.101399 train_iou=0.907722 val_loss=0.348194 val_iou=0.560598 lr=0.00009551
2026-05-09 09:05:46,877 [Trainer] :: Updated latest checkpoint at epoch 41
2026-05-09 09:05:46,877 [Trainer] :: No validation IoU improvement for 16 epoch(s)
2026-05-09 09:05:46,877 [Trainer] :: Starting epoch 42
2026-05-09 09:15:19,877 [Trainer] :: Completed epoch 42: train_loss=0.097873 train_iou=0.912310 val_loss=0.364097 val_iou=0.604514 lr=0.00009529
2026-05-09 09:15:20,746 [Trainer] :: Updated latest checkpoint at epoch 42
2026-05-09 09:15:20,746 [Trainer] :: No validation IoU improvement for 17 epoch(s)
2026-05-09 09:15:20,746 [Trainer] :: Starting epoch 43
2026-05-09 09:23:52,400 [Trainer] :: Completed epoch 43: train_loss=0.095211 train_iou=0.913404 val_loss=0.371318 val_iou=0.558052 lr=0.00009507
2026-05-09 09:23:53,338 [Trainer] :: Updated latest checkpoint at epoch 43
2026-05-09 09:23:53,338 [Trainer] :: No validation IoU improvement for 18 epoch(s)
2026-05-09 09:23:53,338 [Trainer] :: Starting epoch 44
2026-05-09 09:32:02,331 [Trainer] :: Completed epoch 44: train_loss=0.094801 train_iou=0.914329 val_loss=0.347835 val_iou=0.593655 lr=0.00009484
2026-05-09 09:32:03,301 [Trainer] :: Updated latest checkpoint at epoch 44
2026-05-09 09:32:03,301 [Trainer] :: No validation IoU improvement for 19 epoch(s)
2026-05-09 09:32:03,301 [Trainer] :: Starting epoch 45
2026-05-09 09:40:41,629 [Trainer] :: Completed epoch 45: train_loss=0.091434 train_iou=0.915880 val_loss=0.390184 val_iou=0.556310 lr=0.00009460
2026-05-09 09:40:42,358 [Trainer] :: Updated latest checkpoint at epoch 45
2026-05-09 09:40:42,358 [Trainer] :: No validation IoU improvement for 20 epoch(s)
2026-05-09 09:40:42,358 [Trainer] :: Starting epoch 46
2026-05-09 09:49:46,721 [Trainer] :: Completed epoch 46: train_loss=0.091708 train_iou=0.916334 val_loss=0.331411 val_iou=0.611010 lr=0.00009437
2026-05-09 09:49:47,623 [Trainer] :: Updated latest checkpoint at epoch 46
2026-05-09 09:49:47,623 [Trainer] :: No validation IoU improvement for 21 epoch(s)
2026-05-09 09:49:47,623 [Trainer] :: Starting epoch 47
2026-05-09 09:58:50,564 [Trainer] :: Completed epoch 47: train_loss=0.090703 train_iou=0.916488 val_loss=0.333006 val_iou=0.615795 lr=0.00009412
2026-05-09 09:58:51,575 [Trainer] :: Updated latest checkpoint at epoch 47
2026-05-09 09:58:51,575 [Trainer] :: No validation IoU improvement for 22 epoch(s)
2026-05-09 09:58:51,575 [Trainer] :: Starting epoch 48
2026-05-09 10:07:21,915 [Trainer] :: Completed epoch 48: train_loss=0.086827 train_iou=0.919337 val_loss=0.359493 val_iou=0.580580 lr=0.00009388
2026-05-09 10:07:22,591 [Trainer] :: Updated latest checkpoint at epoch 48
2026-05-09 10:07:22,592 [Trainer] :: No validation IoU improvement for 23 epoch(s)
2026-05-09 10:07:22,592 [Trainer] :: Starting epoch 49
2026-05-09 10:16:03,057 [Trainer] :: Completed epoch 49: train_loss=0.087599 train_iou=0.919269 val_loss=0.367428 val_iou=0.585845 lr=0.00009363
2026-05-09 10:16:03,711 [Trainer] :: Updated latest checkpoint at epoch 49
2026-05-09 10:16:03,711 [Trainer] :: No validation IoU improvement for 24 epoch(s)
2026-05-09 10:16:03,711 [Trainer] :: Starting epoch 50
2026-05-09 10:24:40,372 [Trainer] :: Completed epoch 50: train_loss=0.089206 train_iou=0.918349 val_loss=0.351472 val_iou=0.611106 lr=0.00009337
2026-05-09 10:24:41,049 [Trainer] :: Updated latest checkpoint at epoch 50
2026-05-09 10:24:41,049 [Trainer] :: No validation IoU improvement for 25 epoch(s)
2026-05-09 10:24:41,049 [Trainer] :: Starting epoch 51
2026-05-09 10:33:12,339 [Trainer] :: Completed epoch 51: train_loss=0.087343 train_iou=0.917975 val_loss=0.354736 val_iou=0.596057 lr=0.00009311
2026-05-09 10:33:13,323 [Trainer] :: Updated latest checkpoint at epoch 51
2026-05-09 10:33:13,323 [Trainer] :: No validation IoU improvement for 26 epoch(s)
2026-05-09 10:33:13,323 [Trainer] :: Starting epoch 52
2026-05-09 10:41:12,601 [Trainer] :: Completed epoch 52: train_loss=0.084307 train_iou=0.921223 val_loss=0.337671 val_iou=0.606496 lr=0.00009284
2026-05-09 10:41:13,219 [Trainer] :: Updated latest checkpoint at epoch 52
2026-05-09 10:41:13,219 [Trainer] :: No validation IoU improvement for 27 epoch(s)
2026-05-09 10:41:13,219 [Trainer] :: Starting epoch 53
2026-05-09 10:49:10,376 [Trainer] :: Completed epoch 53: train_loss=0.085317 train_iou=0.919662 val_loss=0.375834 val_iou=0.564429 lr=0.00009257
2026-05-09 10:49:10,995 [Trainer] :: Updated latest checkpoint at epoch 53
2026-05-09 10:49:10,996 [Trainer] :: No validation IoU improvement for 28 epoch(s)
2026-05-09 10:49:10,996 [Trainer] :: Starting epoch 54
2026-05-09 10:57:00,306 [Trainer] :: Completed epoch 54: train_loss=0.084455 train_iou=0.920257 val_loss=0.371100 val_iou=0.570012 lr=0.00009229
2026-05-09 10:57:01,388 [Trainer] :: Updated latest checkpoint at epoch 54
2026-05-09 10:57:01,388 [Trainer] :: No validation IoU improvement for 29 epoch(s)
2026-05-09 10:57:01,388 [Trainer] :: Starting epoch 55
2026-05-09 11:05:01,567 [Trainer] :: Completed epoch 55: train_loss=0.083588 train_iou=0.922055 val_loss=0.374198 val_iou=0.567671 lr=0.00009201
2026-05-09 11:05:02,508 [Trainer] :: Updated latest checkpoint at epoch 55
2026-05-09 11:05:02,508 [Trainer] :: No validation IoU improvement for 30 epoch(s)
2026-05-09 11:05:02,508 [Trainer] :: Starting epoch 56
2026-05-09 11:12:57,438 [Trainer] :: Completed epoch 56: train_loss=0.079518 train_iou=0.924798 val_loss=0.338105 val_iou=0.601169 lr=0.00009173
2026-05-09 11:12:58,067 [Trainer] :: Updated latest checkpoint at epoch 56
2026-05-09 11:12:58,067 [Trainer] :: No validation IoU improvement for 31 epoch(s)
2026-05-09 11:12:58,067 [Trainer] :: Starting epoch 57
2026-05-09 11:21:18,779 [Trainer] :: Completed epoch 57: train_loss=0.079919 train_iou=0.925947 val_loss=0.351426 val_iou=0.592001 lr=0.00009144
2026-05-09 11:21:19,818 [Trainer] :: Updated latest checkpoint at epoch 57
2026-05-09 11:21:19,818 [Trainer] :: No validation IoU improvement for 32 epoch(s)
2026-05-09 11:21:19,818 [Trainer] :: Starting epoch 58
2026-05-09 11:29:52,844 [Trainer] :: Completed epoch 58: train_loss=0.077469 train_iou=0.926525 val_loss=0.340051 val_iou=0.609254 lr=0.00009115
2026-05-09 11:29:53,464 [Trainer] :: Updated latest checkpoint at epoch 58
2026-05-09 11:29:53,464 [Trainer] :: No validation IoU improvement for 33 epoch(s)
2026-05-09 11:29:53,464 [Trainer] :: Starting epoch 59
2026-05-09 11:39:27,145 [Trainer] :: Completed epoch 59: train_loss=0.079538 train_iou=0.926209 val_loss=0.334469 val_iou=0.597358 lr=0.00009085
2026-05-09 11:39:28,073 [Trainer] :: Updated latest checkpoint at epoch 59
2026-05-09 11:39:28,074 [Trainer] :: No validation IoU improvement for 34 epoch(s)
2026-05-09 11:39:28,074 [Trainer] :: Starting epoch 60
2026-05-09 11:48:10,424 [Trainer] :: Completed epoch 60: train_loss=0.080398 train_iou=0.925678 val_loss=0.353941 val_iou=0.618672 lr=0.00009055
2026-05-09 11:48:11,330 [Trainer] :: Updated latest checkpoint at epoch 60
2026-05-09 11:48:11,330 [Trainer] :: No validation IoU improvement for 35 epoch(s)
2026-05-09 11:48:11,330 [Trainer] :: Starting epoch 61
2026-05-09 11:56:34,642 [Trainer] :: Completed epoch 61: train_loss=0.079577 train_iou=0.925010 val_loss=0.414548 val_iou=0.595494 lr=0.00009024
2026-05-09 11:56:36,812 [Trainer] :: Updated latest checkpoint at epoch 61
2026-05-09 11:56:36,812 [Trainer] :: No validation IoU improvement for 36 epoch(s)
2026-05-09 11:56:36,812 [Trainer] :: Starting epoch 62
2026-05-09 12:09:38,481 [Trainer] :: Completed epoch 62: train_loss=0.079419 train_iou=0.925995 val_loss=0.388727 val_iou=0.585598 lr=0.00008993
2026-05-09 12:09:39,203 [Trainer] :: Updated latest checkpoint at epoch 62
2026-05-09 12:09:39,203 [Trainer] :: No validation IoU improvement for 37 epoch(s)
2026-05-09 12:09:39,203 [Trainer] :: Starting epoch 63
2026-05-09 12:19:58,750 [Trainer] :: Completed epoch 63: train_loss=0.077071 train_iou=0.926752 val_loss=0.390709 val_iou=0.588483 lr=0.00008961
2026-05-09 12:19:59,433 [Trainer] :: Updated latest checkpoint at epoch 63
2026-05-09 12:19:59,433 [Trainer] :: No validation IoU improvement for 38 epoch(s)
2026-05-09 12:19:59,433 [Trainer] :: Starting epoch 64
2026-05-09 12:28:54,056 [Trainer] :: Completed epoch 64: train_loss=0.077446 train_iou=0.926588 val_loss=0.374088 val_iou=0.593140 lr=0.00008929
2026-05-09 12:28:54,729 [Trainer] :: Updated latest checkpoint at epoch 64
2026-05-09 12:28:54,730 [Trainer] :: No validation IoU improvement for 39 epoch(s)
2026-05-09 12:28:54,730 [Trainer] :: Starting epoch 65
2026-05-09 12:37:34,377 [Trainer] :: Completed epoch 65: train_loss=0.077311 train_iou=0.927178 val_loss=0.377744 val_iou=0.583260 lr=0.00008897
2026-05-09 12:37:35,221 [Trainer] :: Updated latest checkpoint at epoch 65
2026-05-09 12:37:35,221 [Trainer] :: No validation IoU improvement for 40 epoch(s)
2026-05-09 12:37:35,221 [Trainer] :: Starting epoch 66
2026-05-09 12:46:34,082 [Trainer] :: Completed epoch 66: train_loss=0.077649 train_iou=0.927568 val_loss=0.360697 val_iou=0.606683 lr=0.00008864
2026-05-09 12:46:34,895 [Trainer] :: Updated latest checkpoint at epoch 66
2026-05-09 12:46:34,895 [Trainer] :: No validation IoU improvement for 41 epoch(s)
2026-05-09 12:46:34,895 [Trainer] :: Starting epoch 67
2026-05-09 12:57:28,437 [Trainer] :: Completed epoch 67: train_loss=0.076711 train_iou=0.928074 val_loss=0.371144 val_iou=0.582715 lr=0.00008831
2026-05-09 12:57:29,413 [Trainer] :: Updated latest checkpoint at epoch 67
2026-05-09 12:57:29,413 [Trainer] :: No validation IoU improvement for 42 epoch(s)
2026-05-09 12:57:29,413 [Trainer] :: Starting epoch 68
2026-05-09 13:07:14,111 [Trainer] :: Completed epoch 68: train_loss=0.076068 train_iou=0.929339 val_loss=0.362988 val_iou=0.592852 lr=0.00008797
2026-05-09 13:07:14,845 [Trainer] :: Updated latest checkpoint at epoch 68
2026-05-09 13:07:14,845 [Trainer] :: No validation IoU improvement for 43 epoch(s)
2026-05-09 13:07:14,845 [Trainer] :: Starting epoch 69
2026-05-09 13:18:50,058 [Trainer] :: Completed epoch 69: train_loss=0.072043 train_iou=0.931689 val_loss=0.367105 val_iou=0.603376 lr=0.00008763
2026-05-09 13:18:50,953 [Trainer] :: Updated latest checkpoint at epoch 69
2026-05-09 13:18:50,953 [Trainer] :: No validation IoU improvement for 44 epoch(s)
2026-05-09 13:18:50,953 [Trainer] :: Starting epoch 70
2026-05-09 13:29:29,257 [Trainer] :: Completed epoch 70: train_loss=0.080589 train_iou=0.926717 val_loss=0.385360 val_iou=0.596277 lr=0.00008729
2026-05-09 13:29:30,080 [Trainer] :: Updated latest checkpoint at epoch 70
2026-05-09 13:29:30,081 [Trainer] :: No validation IoU improvement for 45 epoch(s)
2026-05-09 13:29:30,081 [Trainer] :: Starting epoch 71
2026-05-09 13:38:54,089 [Trainer] :: Completed epoch 71: train_loss=0.073139 train_iou=0.931512 val_loss=0.349722 val_iou=0.614150 lr=0.00008694
2026-05-09 13:38:55,124 [Trainer] :: Updated latest checkpoint at epoch 71
2026-05-09 13:38:55,124 [Trainer] :: No validation IoU improvement for 46 epoch(s)
2026-05-09 13:38:55,124 [Trainer] :: Starting epoch 72
2026-05-09 13:49:14,007 [Trainer] :: Completed epoch 72: train_loss=0.070721 train_iou=0.932075 val_loss=0.403731 val_iou=0.566082 lr=0.00008658
2026-05-09 13:49:14,805 [Trainer] :: Updated latest checkpoint at epoch 72
2026-05-09 13:49:14,805 [Trainer] :: No validation IoU improvement for 47 epoch(s)
2026-05-09 13:49:14,805 [Trainer] :: Starting epoch 73
2026-05-09 13:58:11,409 [Trainer] :: Completed epoch 73: train_loss=0.069456 train_iou=0.933786 val_loss=0.364406 val_iou=0.612541 lr=0.00008623
2026-05-09 13:58:12,607 [Trainer] :: Updated latest checkpoint at epoch 73
2026-05-09 13:58:12,607 [Trainer] :: No validation IoU improvement for 48 epoch(s)
2026-05-09 13:58:12,607 [Trainer] :: Starting epoch 74
2026-05-09 14:07:30,631 [Trainer] :: Completed epoch 74: train_loss=0.070167 train_iou=0.933942 val_loss=0.352230 val_iou=0.615364 lr=0.00008587
2026-05-09 14:07:31,299 [Trainer] :: Updated latest checkpoint at epoch 74
2026-05-09 14:07:31,299 [Trainer] :: No validation IoU improvement for 49 epoch(s)
2026-05-09 14:07:31,299 [Trainer] :: Starting epoch 75
2026-05-09 14:16:30,492 [Trainer] :: Completed epoch 75: train_loss=0.069570 train_iou=0.934535 val_loss=0.408727 val_iou=0.547887 lr=0.00008550
2026-05-09 14:16:31,381 [Trainer] :: Updated latest checkpoint at epoch 75
2026-05-09 14:16:31,381 [Trainer] :: No validation IoU improvement for 50 epoch(s)
2026-05-09 14:16:31,381 [Trainer] :: Starting epoch 76
2026-05-09 14:25:05,624 [Trainer] :: Completed epoch 76: train_loss=0.069749 train_iou=0.933915 val_loss=0.377168 val_iou=0.588962 lr=0.00008513
2026-05-09 14:25:06,484 [Trainer] :: Updated latest checkpoint at epoch 76
2026-05-09 14:25:06,485 [Trainer] :: No validation IoU improvement for 51 epoch(s)
2026-05-09 14:25:06,485 [Trainer] :: Starting epoch 77
2026-05-09 14:34:14,087 [Trainer] :: Completed epoch 77: train_loss=0.070071 train_iou=0.935114 val_loss=0.364918 val_iou=0.600127 lr=0.00008476
2026-05-09 14:34:14,764 [Trainer] :: Updated latest checkpoint at epoch 77
2026-05-09 14:34:14,764 [Trainer] :: No validation IoU improvement for 52 epoch(s)
2026-05-09 14:34:14,764 [Trainer] :: Starting epoch 78
2026-05-09 14:43:01,052 [Trainer] :: Completed epoch 78: train_loss=0.070048 train_iou=0.934068 val_loss=0.396142 val_iou=0.600803 lr=0.00008439
2026-05-09 14:43:02,002 [Trainer] :: Updated latest checkpoint at epoch 78
2026-05-09 14:43:02,002 [Trainer] :: No validation IoU improvement for 53 epoch(s)
2026-05-09 14:43:02,002 [Trainer] :: Starting epoch 79
2026-05-09 14:51:29,767 [Trainer] :: Completed epoch 79: train_loss=0.067661 train_iou=0.935749 val_loss=0.359733 val_iou=0.613290 lr=0.00008401
2026-05-09 14:51:30,564 [Trainer] :: Updated latest checkpoint at epoch 79
2026-05-09 14:51:30,564 [Trainer] :: No validation IoU improvement for 54 epoch(s)
2026-05-09 14:51:30,564 [Trainer] :: Starting epoch 80
