2026-04-30 21:28:22,275 [Trainer] :: Training run initialized at /ceph/home/student.aau.dk/qd36zu/fuzzy-p10/tbd/masking/outputs/runs/rgb_unetplusplus_resnet34_seed42_20260430T192822Z
2026-04-30 21:28:22,275 [Trainer] :: Loaded config from /ceph/home/student.aau.dk/qd36zu/fuzzy-p10/tbd/masking/configs/binary/rgb_unetpp_resnet34.yaml
2026-04-30 21:28:22,275 [Trainer] :: Using seed=42 and device=None
2026-04-30 21:28:22,275 [Trainer] :: Using model architecture=UnetPlusPlus encoder=resnet34 encoder_weights=imagenet
2026-04-30 21:28:22,589 [Trainer] :: Resolved runtime device to cuda
2026-04-30 21:28:22,590 [Trainer] :: Prepared normalization from source=imagenet
2026-04-30 21:28:26,165 [Trainer] :: Built dataloaders with batch_size=16, num_workers=0
2026-04-30 21:28:26,166 [Trainer] :: Starting epoch 1
2026-04-30 21:31:17,493 [Trainer] :: Completed epoch 1: train_loss=0.412700 train_iou=0.644105 val_loss=0.398262 val_iou=0.477158 lr=0.00010000
2026-04-30 21:31:19,469 [Trainer] :: Updated latest checkpoint at epoch 1
2026-04-30 21:31:20,265 [Trainer] :: New best checkpoint saved with val_iou=0.477158
2026-04-30 21:31:20,265 [Trainer] :: Starting epoch 2
2026-04-30 21:34:08,266 [Trainer] :: Completed epoch 2: train_loss=0.315261 train_iou=0.737407 val_loss=0.336386 val_iou=0.567173 lr=0.00009999
2026-04-30 21:34:08,613 [Trainer] :: Updated latest checkpoint at epoch 2
2026-04-30 21:34:08,960 [Trainer] :: New best checkpoint saved with val_iou=0.567173
2026-04-30 21:34:08,960 [Trainer] :: Starting epoch 3
2026-04-30 21:36:56,442 [Trainer] :: Completed epoch 3: train_loss=0.286721 train_iou=0.756554 val_loss=0.315871 val_iou=0.575958 lr=0.00009998
2026-04-30 21:36:56,772 [Trainer] :: Updated latest checkpoint at epoch 3
2026-04-30 21:36:57,097 [Trainer] :: New best checkpoint saved with val_iou=0.575958
2026-04-30 21:36:57,098 [Trainer] :: Starting epoch 4
2026-04-30 21:39:44,592 [Trainer] :: Completed epoch 4: train_loss=0.259734 train_iou=0.778263 val_loss=0.303098 val_iou=0.591542 lr=0.00009996
2026-04-30 21:39:44,925 [Trainer] :: Updated latest checkpoint at epoch 4
2026-04-30 21:39:45,247 [Trainer] :: New best checkpoint saved with val_iou=0.591542
2026-04-30 21:39:45,247 [Trainer] :: Starting epoch 5
2026-04-30 21:42:30,101 [Trainer] :: Completed epoch 5: train_loss=0.250622 train_iou=0.783088 val_loss=0.275730 val_iou=0.620787 lr=0.00009993
2026-04-30 21:42:30,890 [Trainer] :: Updated latest checkpoint at epoch 5
2026-04-30 21:42:31,436 [Trainer] :: New best checkpoint saved with val_iou=0.620787
2026-04-30 21:42:31,436 [Trainer] :: Starting epoch 6
2026-04-30 21:45:19,362 [Trainer] :: Completed epoch 6: train_loss=0.245533 train_iou=0.785361 val_loss=0.313238 val_iou=0.568018 lr=0.00009990
2026-04-30 21:45:19,748 [Trainer] :: Updated latest checkpoint at epoch 6
2026-04-30 21:45:19,748 [Trainer] :: No validation IoU improvement for 1 epoch(s)
2026-04-30 21:45:19,748 [Trainer] :: Starting epoch 7
2026-04-30 21:48:05,778 [Trainer] :: Completed epoch 7: train_loss=0.224503 train_iou=0.801026 val_loss=0.308069 val_iou=0.554682 lr=0.00009987
2026-04-30 21:48:06,152 [Trainer] :: Updated latest checkpoint at epoch 7
2026-04-30 21:48:06,152 [Trainer] :: No validation IoU improvement for 2 epoch(s)
2026-04-30 21:48:06,152 [Trainer] :: Starting epoch 8
2026-04-30 21:50:51,170 [Trainer] :: Completed epoch 8: train_loss=0.221393 train_iou=0.806120 val_loss=0.324077 val_iou=0.508040 lr=0.00009983
2026-04-30 21:50:51,534 [Trainer] :: Updated latest checkpoint at epoch 8
2026-04-30 21:50:51,534 [Trainer] :: No validation IoU improvement for 3 epoch(s)
2026-04-30 21:50:51,534 [Trainer] :: Starting epoch 9
2026-04-30 21:53:35,785 [Trainer] :: Completed epoch 9: train_loss=0.212980 train_iou=0.812475 val_loss=0.298051 val_iou=0.578270 lr=0.00009978
2026-04-30 21:53:36,152 [Trainer] :: Updated latest checkpoint at epoch 9
2026-04-30 21:53:36,152 [Trainer] :: No validation IoU improvement for 4 epoch(s)
2026-04-30 21:53:36,152 [Trainer] :: Starting epoch 10
2026-04-30 21:56:25,340 [Trainer] :: Completed epoch 10: train_loss=0.211965 train_iou=0.812493 val_loss=0.301430 val_iou=0.570443 lr=0.00009973
2026-04-30 21:56:25,694 [Trainer] :: Updated latest checkpoint at epoch 10
2026-04-30 21:56:25,694 [Trainer] :: No validation IoU improvement for 5 epoch(s)
2026-04-30 21:56:25,694 [Trainer] :: Starting epoch 11
2026-04-30 21:59:18,042 [Trainer] :: Completed epoch 11: train_loss=0.206898 train_iou=0.817136 val_loss=0.297651 val_iou=0.590864 lr=0.00009967
2026-04-30 21:59:18,434 [Trainer] :: Updated latest checkpoint at epoch 11
2026-04-30 21:59:18,434 [Trainer] :: No validation IoU improvement for 6 epoch(s)
2026-04-30 21:59:18,434 [Trainer] :: Starting epoch 12
2026-04-30 22:02:08,735 [Trainer] :: Completed epoch 12: train_loss=0.191912 train_iou=0.829061 val_loss=0.304605 val_iou=0.561655 lr=0.00009961
2026-04-30 22:02:09,093 [Trainer] :: Updated latest checkpoint at epoch 12
2026-04-30 22:02:09,093 [Trainer] :: No validation IoU improvement for 7 epoch(s)
2026-04-30 22:02:09,093 [Trainer] :: Starting epoch 13
2026-04-30 22:04:59,981 [Trainer] :: Completed epoch 13: train_loss=0.185412 train_iou=0.837741 val_loss=0.266379 val_iou=0.633984 lr=0.00009954
2026-04-30 22:05:00,373 [Trainer] :: Updated latest checkpoint at epoch 13
2026-04-30 22:05:00,838 [Trainer] :: New best checkpoint saved with val_iou=0.633984
2026-04-30 22:05:00,838 [Trainer] :: Starting epoch 14
2026-04-30 22:07:44,516 [Trainer] :: Completed epoch 14: train_loss=0.193393 train_iou=0.831845 val_loss=0.268987 val_iou=0.622759 lr=0.00009947
2026-04-30 22:07:44,870 [Trainer] :: Updated latest checkpoint at epoch 14
2026-04-30 22:07:44,870 [Trainer] :: No validation IoU improvement for 1 epoch(s)
2026-04-30 22:07:44,870 [Trainer] :: Starting epoch 15
2026-04-30 22:10:29,089 [Trainer] :: Completed epoch 15: train_loss=0.180062 train_iou=0.844459 val_loss=0.291163 val_iou=0.576513 lr=0.00009939
2026-04-30 22:10:29,441 [Trainer] :: Updated latest checkpoint at epoch 15
2026-04-30 22:10:29,441 [Trainer] :: No validation IoU improvement for 2 epoch(s)
2026-04-30 22:10:29,441 [Trainer] :: Starting epoch 16
2026-04-30 22:13:34,632 [Trainer] :: Completed epoch 16: train_loss=0.168026 train_iou=0.854324 val_loss=0.281831 val_iou=0.600733 lr=0.00009931
2026-04-30 22:13:35,010 [Trainer] :: Updated latest checkpoint at epoch 16
2026-04-30 22:13:35,010 [Trainer] :: No validation IoU improvement for 3 epoch(s)
2026-04-30 22:13:35,011 [Trainer] :: Starting epoch 17
2026-04-30 22:16:37,802 [Trainer] :: Completed epoch 17: train_loss=0.164848 train_iou=0.855329 val_loss=0.291223 val_iou=0.576410 lr=0.00009922
2026-04-30 22:16:38,231 [Trainer] :: Updated latest checkpoint at epoch 17
2026-04-30 22:16:38,231 [Trainer] :: No validation IoU improvement for 4 epoch(s)
2026-04-30 22:16:38,231 [Trainer] :: Starting epoch 18
2026-04-30 22:19:34,196 [Trainer] :: Completed epoch 18: train_loss=0.160802 train_iou=0.860404 val_loss=0.289364 val_iou=0.605959 lr=0.00009912
2026-04-30 22:19:34,552 [Trainer] :: Updated latest checkpoint at epoch 18
2026-04-30 22:19:34,552 [Trainer] :: No validation IoU improvement for 5 epoch(s)
2026-04-30 22:19:34,552 [Trainer] :: Starting epoch 19
2026-04-30 22:22:23,837 [Trainer] :: Completed epoch 19: train_loss=0.158462 train_iou=0.861958 val_loss=0.307911 val_iou=0.550424 lr=0.00009902
2026-04-30 22:22:24,251 [Trainer] :: Updated latest checkpoint at epoch 19
2026-04-30 22:22:24,251 [Trainer] :: No validation IoU improvement for 6 epoch(s)
2026-04-30 22:22:24,251 [Trainer] :: Starting epoch 20
2026-04-30 22:25:34,313 [Trainer] :: Completed epoch 20: train_loss=0.160158 train_iou=0.859894 val_loss=0.280002 val_iou=0.613406 lr=0.00009892
2026-04-30 22:25:34,675 [Trainer] :: Updated latest checkpoint at epoch 20
2026-04-30 22:25:34,676 [Trainer] :: No validation IoU improvement for 7 epoch(s)
2026-04-30 22:25:34,676 [Trainer] :: Starting epoch 21
2026-04-30 22:28:24,832 [Trainer] :: Completed epoch 21: train_loss=0.147012 train_iou=0.872314 val_loss=0.305492 val_iou=0.552372 lr=0.00009881
2026-04-30 22:28:25,207 [Trainer] :: Updated latest checkpoint at epoch 21
2026-04-30 22:28:25,207 [Trainer] :: No validation IoU improvement for 8 epoch(s)
2026-04-30 22:28:25,207 [Trainer] :: Starting epoch 22
2026-04-30 22:31:12,978 [Trainer] :: Completed epoch 22: train_loss=0.145778 train_iou=0.872793 val_loss=0.295692 val_iou=0.597818 lr=0.00009869
2026-04-30 22:31:13,354 [Trainer] :: Updated latest checkpoint at epoch 22
2026-04-30 22:31:13,354 [Trainer] :: No validation IoU improvement for 9 epoch(s)
2026-04-30 22:31:13,354 [Trainer] :: Starting epoch 23
2026-04-30 22:34:14,157 [Trainer] :: Completed epoch 23: train_loss=0.144935 train_iou=0.867236 val_loss=0.293639 val_iou=0.590314 lr=0.00009857
2026-04-30 22:34:14,789 [Trainer] :: Updated latest checkpoint at epoch 23
2026-04-30 22:34:14,790 [Trainer] :: No validation IoU improvement for 10 epoch(s)
2026-04-30 22:34:14,790 [Trainer] :: Starting epoch 24
2026-04-30 22:37:11,311 [Trainer] :: Completed epoch 24: train_loss=0.132807 train_iou=0.880508 val_loss=0.267996 val_iou=0.630986 lr=0.00009844
2026-04-30 22:37:11,711 [Trainer] :: Updated latest checkpoint at epoch 24
2026-04-30 22:37:11,711 [Trainer] :: No validation IoU improvement for 11 epoch(s)
2026-04-30 22:37:11,711 [Trainer] :: Starting epoch 25
2026-04-30 22:39:59,370 [Trainer] :: Completed epoch 25: train_loss=0.132796 train_iou=0.876816 val_loss=0.316290 val_iou=0.558857 lr=0.00009831
2026-04-30 22:39:59,711 [Trainer] :: Updated latest checkpoint at epoch 25
2026-04-30 22:39:59,711 [Trainer] :: No validation IoU improvement for 12 epoch(s)
2026-04-30 22:39:59,711 [Trainer] :: Starting epoch 26
2026-04-30 22:42:53,484 [Trainer] :: Completed epoch 26: train_loss=0.137702 train_iou=0.867167 val_loss=0.313171 val_iou=0.585749 lr=0.00009818
2026-04-30 22:42:53,852 [Trainer] :: Updated latest checkpoint at epoch 26
2026-04-30 22:42:53,852 [Trainer] :: No validation IoU improvement for 13 epoch(s)
2026-04-30 22:42:53,853 [Trainer] :: Starting epoch 27
2026-04-30 22:45:52,773 [Trainer] :: Completed epoch 27: train_loss=0.123844 train_iou=0.882294 val_loss=0.274716 val_iou=0.629442 lr=0.00009803
2026-04-30 22:45:53,147 [Trainer] :: Updated latest checkpoint at epoch 27
2026-04-30 22:45:53,147 [Trainer] :: No validation IoU improvement for 14 epoch(s)
2026-04-30 22:45:53,147 [Trainer] :: Starting epoch 28
2026-04-30 22:48:48,426 [Trainer] :: Completed epoch 28: train_loss=0.124120 train_iou=0.879638 val_loss=0.334481 val_iou=0.547840 lr=0.00009789
2026-04-30 22:48:48,777 [Trainer] :: Updated latest checkpoint at epoch 28
2026-04-30 22:48:48,777 [Trainer] :: No validation IoU improvement for 15 epoch(s)
2026-04-30 22:48:48,777 [Trainer] :: Starting epoch 29
2026-04-30 22:51:43,848 [Trainer] :: Completed epoch 29: train_loss=0.116724 train_iou=0.884432 val_loss=0.282372 val_iou=0.615754 lr=0.00009773
2026-04-30 22:51:44,203 [Trainer] :: Updated latest checkpoint at epoch 29
2026-04-30 22:51:44,203 [Trainer] :: No validation IoU improvement for 16 epoch(s)
2026-04-30 22:51:44,203 [Trainer] :: Starting epoch 30
2026-04-30 22:54:41,825 [Trainer] :: Completed epoch 30: train_loss=0.114607 train_iou=0.886974 val_loss=0.276255 val_iou=0.621683 lr=0.00009758
2026-04-30 22:54:42,196 [Trainer] :: Updated latest checkpoint at epoch 30
2026-04-30 22:54:42,196 [Trainer] :: No validation IoU improvement for 17 epoch(s)
2026-04-30 22:54:42,196 [Trainer] :: Starting epoch 31
2026-04-30 22:57:35,631 [Trainer] :: Completed epoch 31: train_loss=0.119221 train_iou=0.882208 val_loss=0.315005 val_iou=0.568655 lr=0.00009741
2026-04-30 22:57:36,219 [Trainer] :: Updated latest checkpoint at epoch 31
2026-04-30 22:57:36,219 [Trainer] :: No validation IoU improvement for 18 epoch(s)
2026-04-30 22:57:36,219 [Trainer] :: Starting epoch 32
2026-04-30 23:00:39,287 [Trainer] :: Completed epoch 32: train_loss=0.112487 train_iou=0.889589 val_loss=0.299869 val_iou=0.591057 lr=0.00009725
2026-04-30 23:00:39,675 [Trainer] :: Updated latest checkpoint at epoch 32
2026-04-30 23:00:39,675 [Trainer] :: No validation IoU improvement for 19 epoch(s)
2026-04-30 23:00:39,675 [Trainer] :: Starting epoch 33
2026-04-30 23:03:33,359 [Trainer] :: Completed epoch 33: train_loss=0.106175 train_iou=0.895091 val_loss=0.291029 val_iou=0.604797 lr=0.00009707
2026-04-30 23:03:33,734 [Trainer] :: Updated latest checkpoint at epoch 33
2026-04-30 23:03:33,735 [Trainer] :: No validation IoU improvement for 20 epoch(s)
2026-04-30 23:03:33,735 [Trainer] :: Starting epoch 34
2026-04-30 23:06:29,163 [Trainer] :: Completed epoch 34: train_loss=0.102114 train_iou=0.897444 val_loss=0.285533 val_iou=0.628363 lr=0.00009690
2026-04-30 23:06:29,525 [Trainer] :: Updated latest checkpoint at epoch 34
2026-04-30 23:06:29,525 [Trainer] :: No validation IoU improvement for 21 epoch(s)
2026-04-30 23:06:29,525 [Trainer] :: Starting epoch 35
2026-04-30 23:09:19,900 [Trainer] :: Completed epoch 35: train_loss=0.098716 train_iou=0.898541 val_loss=0.304456 val_iou=0.580594 lr=0.00009671
2026-04-30 23:09:20,431 [Trainer] :: Updated latest checkpoint at epoch 35
2026-04-30 23:09:20,431 [Trainer] :: No validation IoU improvement for 22 epoch(s)
2026-04-30 23:09:20,431 [Trainer] :: Starting epoch 36
2026-04-30 23:12:19,917 [Trainer] :: Completed epoch 36: train_loss=0.098492 train_iou=0.900658 val_loss=0.314005 val_iou=0.580302 lr=0.00009652
2026-04-30 23:12:20,359 [Trainer] :: Updated latest checkpoint at epoch 36
2026-04-30 23:12:20,359 [Trainer] :: No validation IoU improvement for 23 epoch(s)
2026-04-30 23:12:20,359 [Trainer] :: Starting epoch 37
2026-04-30 23:15:19,996 [Trainer] :: Completed epoch 37: train_loss=0.098419 train_iou=0.901381 val_loss=0.306694 val_iou=0.581207 lr=0.00009633
2026-04-30 23:15:20,414 [Trainer] :: Updated latest checkpoint at epoch 37
2026-04-30 23:15:20,414 [Trainer] :: No validation IoU improvement for 24 epoch(s)
2026-04-30 23:15:20,414 [Trainer] :: Starting epoch 38
2026-04-30 23:18:45,080 [Trainer] :: Completed epoch 38: train_loss=0.095532 train_iou=0.903996 val_loss=0.303086 val_iou=0.588336 lr=0.00009613
2026-04-30 23:18:45,415 [Trainer] :: Updated latest checkpoint at epoch 38
2026-04-30 23:18:45,415 [Trainer] :: No validation IoU improvement for 25 epoch(s)
2026-04-30 23:18:45,415 [Trainer] :: Starting epoch 39
2026-04-30 23:22:12,529 [Trainer] :: Completed epoch 39: train_loss=0.092448 train_iou=0.905183 val_loss=0.295630 val_iou=0.607503 lr=0.00009593
2026-04-30 23:22:12,891 [Trainer] :: Updated latest checkpoint at epoch 39
2026-04-30 23:22:12,891 [Trainer] :: No validation IoU improvement for 26 epoch(s)
2026-04-30 23:22:12,891 [Trainer] :: Starting epoch 40
2026-04-30 23:25:00,040 [Trainer] :: Completed epoch 40: train_loss=0.092558 train_iou=0.905941 val_loss=0.320159 val_iou=0.587601 lr=0.00009572
2026-04-30 23:25:00,400 [Trainer] :: Updated latest checkpoint at epoch 40
2026-04-30 23:25:00,400 [Trainer] :: No validation IoU improvement for 27 epoch(s)
2026-04-30 23:25:00,401 [Trainer] :: Starting epoch 41
2026-04-30 23:27:58,966 [Trainer] :: Completed epoch 41: train_loss=0.097750 train_iou=0.901812 val_loss=0.283815 val_iou=0.612180 lr=0.00009551
2026-04-30 23:27:59,751 [Trainer] :: Updated latest checkpoint at epoch 41
2026-04-30 23:27:59,752 [Trainer] :: No validation IoU improvement for 28 epoch(s)
2026-04-30 23:27:59,752 [Trainer] :: Starting epoch 42
2026-04-30 23:31:02,785 [Trainer] :: Completed epoch 42: train_loss=0.093447 train_iou=0.905489 val_loss=0.323104 val_iou=0.583862 lr=0.00009529
2026-04-30 23:31:03,302 [Trainer] :: Updated latest checkpoint at epoch 42
2026-04-30 23:31:03,302 [Trainer] :: No validation IoU improvement for 29 epoch(s)
2026-04-30 23:31:03,302 [Trainer] :: Starting epoch 43
2026-04-30 23:33:54,876 [Trainer] :: Completed epoch 43: train_loss=0.089642 train_iou=0.907957 val_loss=0.301430 val_iou=0.600690 lr=0.00009507
2026-04-30 23:33:55,295 [Trainer] :: Updated latest checkpoint at epoch 43
2026-04-30 23:33:55,295 [Trainer] :: No validation IoU improvement for 30 epoch(s)
2026-04-30 23:33:55,295 [Trainer] :: Starting epoch 44
2026-04-30 23:36:44,542 [Trainer] :: Completed epoch 44: train_loss=0.090266 train_iou=0.906864 val_loss=0.309196 val_iou=0.607670 lr=0.00009484
2026-04-30 23:36:44,905 [Trainer] :: Updated latest checkpoint at epoch 44
2026-04-30 23:36:44,905 [Trainer] :: No validation IoU improvement for 31 epoch(s)
2026-04-30 23:36:44,905 [Trainer] :: Starting epoch 45
2026-04-30 23:39:33,324 [Trainer] :: Completed epoch 45: train_loss=0.085321 train_iou=0.911202 val_loss=0.307718 val_iou=0.590534 lr=0.00009460
2026-04-30 23:39:33,715 [Trainer] :: Updated latest checkpoint at epoch 45
2026-04-30 23:39:33,715 [Trainer] :: No validation IoU improvement for 32 epoch(s)
2026-04-30 23:39:33,715 [Trainer] :: Starting epoch 46
2026-04-30 23:42:26,055 [Trainer] :: Completed epoch 46: train_loss=0.086148 train_iou=0.911027 val_loss=0.322569 val_iou=0.580711 lr=0.00009437
2026-04-30 23:42:26,417 [Trainer] :: Updated latest checkpoint at epoch 46
2026-04-30 23:42:26,417 [Trainer] :: No validation IoU improvement for 33 epoch(s)
2026-04-30 23:42:26,417 [Trainer] :: Starting epoch 47
2026-04-30 23:45:15,255 [Trainer] :: Completed epoch 47: train_loss=0.081640 train_iou=0.915008 val_loss=0.296689 val_iou=0.586101 lr=0.00009412
2026-04-30 23:45:15,616 [Trainer] :: Updated latest checkpoint at epoch 47
2026-04-30 23:45:15,616 [Trainer] :: No validation IoU improvement for 34 epoch(s)
2026-04-30 23:45:15,616 [Trainer] :: Starting epoch 48
2026-04-30 23:48:03,923 [Trainer] :: Completed epoch 48: train_loss=0.083131 train_iou=0.911940 val_loss=0.290242 val_iou=0.612921 lr=0.00009388
2026-04-30 23:48:04,285 [Trainer] :: Updated latest checkpoint at epoch 48
2026-04-30 23:48:04,285 [Trainer] :: No validation IoU improvement for 35 epoch(s)
2026-04-30 23:48:04,285 [Trainer] :: Starting epoch 49
2026-04-30 23:50:52,764 [Trainer] :: Completed epoch 49: train_loss=0.083598 train_iou=0.912717 val_loss=0.355087 val_iou=0.573060 lr=0.00009363
2026-04-30 23:50:53,128 [Trainer] :: Updated latest checkpoint at epoch 49
2026-04-30 23:50:53,128 [Trainer] :: No validation IoU improvement for 36 epoch(s)
2026-04-30 23:50:53,128 [Trainer] :: Starting epoch 50
2026-04-30 23:53:40,215 [Trainer] :: Completed epoch 50: train_loss=0.079778 train_iou=0.916368 val_loss=0.324034 val_iou=0.612243 lr=0.00009337
2026-04-30 23:53:40,574 [Trainer] :: Updated latest checkpoint at epoch 50
2026-04-30 23:53:40,574 [Trainer] :: No validation IoU improvement for 37 epoch(s)
2026-04-30 23:53:40,574 [Trainer] :: Starting epoch 51
2026-04-30 23:56:28,009 [Trainer] :: Completed epoch 51: train_loss=0.078209 train_iou=0.918810 val_loss=0.290460 val_iou=0.610089 lr=0.00009311
2026-04-30 23:56:28,378 [Trainer] :: Updated latest checkpoint at epoch 51
2026-04-30 23:56:28,378 [Trainer] :: No validation IoU improvement for 38 epoch(s)
2026-04-30 23:56:28,378 [Trainer] :: Starting epoch 52
2026-04-30 23:59:16,244 [Trainer] :: Completed epoch 52: train_loss=0.074201 train_iou=0.920944 val_loss=0.306850 val_iou=0.605977 lr=0.00009284
2026-04-30 23:59:16,667 [Trainer] :: Updated latest checkpoint at epoch 52
2026-04-30 23:59:16,667 [Trainer] :: No validation IoU improvement for 39 epoch(s)
2026-04-30 23:59:16,667 [Trainer] :: Starting epoch 53
2026-05-01 00:02:04,286 [Trainer] :: Completed epoch 53: train_loss=0.077562 train_iou=0.918761 val_loss=0.291857 val_iou=0.621206 lr=0.00009257
2026-05-01 00:02:04,648 [Trainer] :: Updated latest checkpoint at epoch 53
2026-05-01 00:02:04,648 [Trainer] :: No validation IoU improvement for 40 epoch(s)
2026-05-01 00:02:04,648 [Trainer] :: Starting epoch 54
2026-05-01 00:04:53,639 [Trainer] :: Completed epoch 54: train_loss=0.074989 train_iou=0.920577 val_loss=0.300426 val_iou=0.619363 lr=0.00009229
2026-05-01 00:04:53,996 [Trainer] :: Updated latest checkpoint at epoch 54
2026-05-01 00:04:53,997 [Trainer] :: No validation IoU improvement for 41 epoch(s)
2026-05-01 00:04:53,997 [Trainer] :: Starting epoch 55
2026-05-01 00:07:43,367 [Trainer] :: Completed epoch 55: train_loss=0.073366 train_iou=0.922427 val_loss=0.296542 val_iou=0.616549 lr=0.00009201
2026-05-01 00:07:43,780 [Trainer] :: Updated latest checkpoint at epoch 55
2026-05-01 00:07:43,780 [Trainer] :: No validation IoU improvement for 42 epoch(s)
2026-05-01 00:07:43,780 [Trainer] :: Starting epoch 56
2026-05-01 00:10:32,658 [Trainer] :: Completed epoch 56: train_loss=0.071797 train_iou=0.922939 val_loss=0.318468 val_iou=0.608502 lr=0.00009173
2026-05-01 00:10:33,063 [Trainer] :: Updated latest checkpoint at epoch 56
2026-05-01 00:10:33,063 [Trainer] :: No validation IoU improvement for 43 epoch(s)
2026-05-01 00:10:33,063 [Trainer] :: Starting epoch 57
2026-05-01 00:13:23,997 [Trainer] :: Completed epoch 57: train_loss=0.072844 train_iou=0.923512 val_loss=0.315663 val_iou=0.602479 lr=0.00009144
2026-05-01 00:13:24,392 [Trainer] :: Updated latest checkpoint at epoch 57
2026-05-01 00:13:24,392 [Trainer] :: No validation IoU improvement for 44 epoch(s)
2026-05-01 00:13:24,392 [Trainer] :: Starting epoch 58
2026-05-01 00:16:13,741 [Trainer] :: Completed epoch 58: train_loss=0.073368 train_iou=0.922532 val_loss=0.312905 val_iou=0.602481 lr=0.00009115
2026-05-01 00:16:14,111 [Trainer] :: Updated latest checkpoint at epoch 58
2026-05-01 00:16:14,111 [Trainer] :: No validation IoU improvement for 45 epoch(s)
2026-05-01 00:16:14,112 [Trainer] :: Starting epoch 59
2026-05-01 00:19:06,522 [Trainer] :: Completed epoch 59: train_loss=0.070265 train_iou=0.925122 val_loss=0.328274 val_iou=0.601418 lr=0.00009085
2026-05-01 00:19:06,878 [Trainer] :: Updated latest checkpoint at epoch 59
2026-05-01 00:19:06,879 [Trainer] :: No validation IoU improvement for 46 epoch(s)
2026-05-01 00:19:06,879 [Trainer] :: Starting epoch 60
2026-05-01 00:21:56,417 [Trainer] :: Completed epoch 60: train_loss=0.069168 train_iou=0.926208 val_loss=0.303422 val_iou=0.617942 lr=0.00009055
2026-05-01 00:21:56,784 [Trainer] :: Updated latest checkpoint at epoch 60
2026-05-01 00:21:56,784 [Trainer] :: No validation IoU improvement for 47 epoch(s)
2026-05-01 00:21:56,784 [Trainer] :: Starting epoch 61
2026-05-01 00:24:46,039 [Trainer] :: Completed epoch 61: train_loss=0.073040 train_iou=0.923675 val_loss=0.331393 val_iou=0.587471 lr=0.00009024
2026-05-01 00:24:46,400 [Trainer] :: Updated latest checkpoint at epoch 61
2026-05-01 00:24:46,401 [Trainer] :: No validation IoU improvement for 48 epoch(s)
2026-05-01 00:24:46,401 [Trainer] :: Starting epoch 62
2026-05-01 00:27:35,143 [Trainer] :: Completed epoch 62: train_loss=0.069963 train_iou=0.924836 val_loss=0.364429 val_iou=0.558325 lr=0.00008993
2026-05-01 00:27:35,506 [Trainer] :: Updated latest checkpoint at epoch 62
2026-05-01 00:27:35,506 [Trainer] :: No validation IoU improvement for 49 epoch(s)
2026-05-01 00:27:35,506 [Trainer] :: Starting epoch 63
2026-05-01 00:30:24,161 [Trainer] :: Completed epoch 63: train_loss=0.070440 train_iou=0.925723 val_loss=0.340006 val_iou=0.586617 lr=0.00008961
2026-05-01 00:30:24,534 [Trainer] :: Updated latest checkpoint at epoch 63
2026-05-01 00:30:24,534 [Trainer] :: No validation IoU improvement for 50 epoch(s)
2026-05-01 00:30:24,534 [Trainer] :: Starting epoch 64
2026-05-01 00:33:14,346 [Trainer] :: Completed epoch 64: train_loss=0.070496 train_iou=0.924580 val_loss=0.330618 val_iou=0.595641 lr=0.00008929
2026-05-01 00:33:14,703 [Trainer] :: Updated latest checkpoint at epoch 64
2026-05-01 00:33:14,703 [Trainer] :: No validation IoU improvement for 51 epoch(s)
2026-05-01 00:33:14,703 [Trainer] :: Starting epoch 65
2026-05-01 00:36:04,994 [Trainer] :: Completed epoch 65: train_loss=0.067314 train_iou=0.927697 val_loss=0.324076 val_iou=0.605648 lr=0.00008897
2026-05-01 00:36:05,709 [Trainer] :: Updated latest checkpoint at epoch 65
2026-05-01 00:36:05,709 [Trainer] :: No validation IoU improvement for 52 epoch(s)
2026-05-01 00:36:05,709 [Trainer] :: Starting epoch 66
2026-05-01 00:38:56,056 [Trainer] :: Completed epoch 66: train_loss=0.065753 train_iou=0.929687 val_loss=0.306272 val_iou=0.621232 lr=0.00008864
2026-05-01 00:38:56,681 [Trainer] :: Updated latest checkpoint at epoch 66
2026-05-01 00:38:56,681 [Trainer] :: No validation IoU improvement for 53 epoch(s)
2026-05-01 00:38:56,681 [Trainer] :: Starting epoch 67
2026-05-01 00:41:47,632 [Trainer] :: Completed epoch 67: train_loss=0.067639 train_iou=0.928597 val_loss=0.319360 val_iou=0.603193 lr=0.00008831
2026-05-01 00:41:47,986 [Trainer] :: Updated latest checkpoint at epoch 67
2026-05-01 00:41:47,986 [Trainer] :: No validation IoU improvement for 54 epoch(s)
2026-05-01 00:41:47,986 [Trainer] :: Starting epoch 68
2026-05-01 00:44:37,764 [Trainer] :: Completed epoch 68: train_loss=0.066121 train_iou=0.928528 val_loss=0.333690 val_iou=0.589898 lr=0.00008797
2026-05-01 00:44:38,175 [Trainer] :: Updated latest checkpoint at epoch 68
2026-05-01 00:44:38,331 [Trainer] :: No validation IoU improvement for 55 epoch(s)
2026-05-01 00:44:38,331 [Trainer] :: Starting epoch 69
2026-05-01 00:47:27,929 [Trainer] :: Completed epoch 69: train_loss=0.064183 train_iou=0.931158 val_loss=0.368468 val_iou=0.558865 lr=0.00008763
2026-05-01 00:47:28,506 [Trainer] :: Updated latest checkpoint at epoch 69
2026-05-01 00:47:28,506 [Trainer] :: No validation IoU improvement for 56 epoch(s)
2026-05-01 00:47:28,506 [Trainer] :: Starting epoch 70
2026-05-01 00:50:18,893 [Trainer] :: Completed epoch 70: train_loss=0.062430 train_iou=0.932630 val_loss=0.350368 val_iou=0.587519 lr=0.00008729
2026-05-01 00:50:19,248 [Trainer] :: Updated latest checkpoint at epoch 70
2026-05-01 00:50:19,248 [Trainer] :: No validation IoU improvement for 57 epoch(s)
2026-05-01 00:50:19,248 [Trainer] :: Starting epoch 71
2026-05-01 00:53:07,130 [Trainer] :: Completed epoch 71: train_loss=0.063229 train_iou=0.932691 val_loss=0.324353 val_iou=0.600902 lr=0.00008694
2026-05-01 00:53:07,494 [Trainer] :: Updated latest checkpoint at epoch 71
2026-05-01 00:53:07,494 [Trainer] :: No validation IoU improvement for 58 epoch(s)
2026-05-01 00:53:07,494 [Trainer] :: Starting epoch 72
2026-05-01 00:55:57,885 [Trainer] :: Completed epoch 72: train_loss=0.067244 train_iou=0.931268 val_loss=0.333056 val_iou=0.610810 lr=0.00008658
2026-05-01 00:55:58,462 [Trainer] :: Updated latest checkpoint at epoch 72
2026-05-01 00:55:58,463 [Trainer] :: No validation IoU improvement for 59 epoch(s)
2026-05-01 00:55:58,463 [Trainer] :: Starting epoch 73
2026-05-01 00:58:48,360 [Trainer] :: Completed epoch 73: train_loss=0.064721 train_iou=0.930813 val_loss=0.325940 val_iou=0.601613 lr=0.00008623
2026-05-01 00:58:48,718 [Trainer] :: Updated latest checkpoint at epoch 73
2026-05-01 00:58:48,719 [Trainer] :: No validation IoU improvement for 60 epoch(s)
2026-05-01 00:58:48,719 [Trainer] :: Early stopping triggered after 60 epoch(s) without improvement
2026-05-01 01:01:37,335 [Trainer] :: Wrote training history to outputs/runs/rgb_unetplusplus_resnet34_seed42_20260430T192822Z/metrics/history.json
2026-05-01 01:01:37,340 [Trainer] :: Wrote test summary to outputs/runs/rgb_unetplusplus_resnet34_seed42_20260430T192822Z/metrics/test_summary.json
2026-05-01 01:01:37,340 [Trainer] :: Training completed
