2026-05-07 02:30:33,659 [Trainer] :: Training run initialized at /ceph/home/student.aau.dk/qd36zu/fuzzy-p10/tbd/masking/outputs/runs/rgb_segformer_b1_fuzzy_halo_seed48_20260507T003033Z
2026-05-07 02:30:33,660 [Trainer] :: Loaded config from /ceph/home/student.aau.dk/qd36zu/fuzzy-p10/tbd/masking/configs/fuzzy/rgb_segformer_b1.yaml
2026-05-07 02:30:33,660 [Trainer] :: Using seed=48 and device=None
2026-05-07 02:30:33,660 [Trainer] :: Using model architecture=Segformer encoder=mit_b1 encoder_weights=imagenet
2026-05-07 02:30:34,289 [Trainer] :: Resolved runtime device to cuda
2026-05-07 02:30:34,290 [Trainer] :: Prepared normalization from source=imagenet
2026-05-07 02:30:51,627 [Trainer] :: Built dataloaders with batch_size=16, num_workers=0
2026-05-07 02:30:51,637 [Trainer] :: Starting epoch 1
2026-05-07 02:36:55,040 [Trainer] :: Completed epoch 1: train_loss=0.353211 train_iou=0.704434 val_loss=0.366522 val_iou=0.582737 lr=0.00010000
2026-05-07 02:36:56,036 [Trainer] :: Updated latest checkpoint at epoch 1
2026-05-07 02:36:56,277 [Trainer] :: New best checkpoint saved with val_iou=0.582737
2026-05-07 02:36:56,277 [Trainer] :: Starting epoch 2
2026-05-07 02:42:02,341 [Trainer] :: Completed epoch 2: train_loss=0.271218 train_iou=0.777843 val_loss=0.307686 val_iou=0.610059 lr=0.00009999
2026-05-07 02:42:02,592 [Trainer] :: Updated latest checkpoint at epoch 2
2026-05-07 02:42:02,854 [Trainer] :: New best checkpoint saved with val_iou=0.610059
2026-05-07 02:42:02,854 [Trainer] :: Starting epoch 3
2026-05-07 02:47:12,846 [Trainer] :: Completed epoch 3: train_loss=0.251043 train_iou=0.794761 val_loss=0.327753 val_iou=0.608309 lr=0.00009998
2026-05-07 02:47:13,067 [Trainer] :: Updated latest checkpoint at epoch 3
2026-05-07 02:47:13,068 [Trainer] :: No validation IoU improvement for 1 epoch(s)
2026-05-07 02:47:13,068 [Trainer] :: Starting epoch 4
2026-05-07 02:52:19,103 [Trainer] :: Completed epoch 4: train_loss=0.240849 train_iou=0.800729 val_loss=0.308421 val_iou=0.633378 lr=0.00009996
2026-05-07 02:52:19,376 [Trainer] :: Updated latest checkpoint at epoch 4
2026-05-07 02:52:19,724 [Trainer] :: New best checkpoint saved with val_iou=0.633378
2026-05-07 02:52:19,724 [Trainer] :: Starting epoch 5
2026-05-07 02:57:31,043 [Trainer] :: Completed epoch 5: train_loss=0.228102 train_iou=0.812788 val_loss=0.276380 val_iou=0.657694 lr=0.00009993
2026-05-07 02:57:31,296 [Trainer] :: Updated latest checkpoint at epoch 5
2026-05-07 02:57:31,540 [Trainer] :: New best checkpoint saved with val_iou=0.657694
2026-05-07 02:57:31,540 [Trainer] :: Starting epoch 6
2026-05-07 03:02:45,661 [Trainer] :: Completed epoch 6: train_loss=0.223836 train_iou=0.813793 val_loss=0.289800 val_iou=0.638204 lr=0.00009990
2026-05-07 03:02:45,874 [Trainer] :: Updated latest checkpoint at epoch 6
2026-05-07 03:02:45,874 [Trainer] :: No validation IoU improvement for 1 epoch(s)
2026-05-07 03:02:45,874 [Trainer] :: Starting epoch 7
2026-05-07 03:07:56,582 [Trainer] :: Completed epoch 7: train_loss=0.222032 train_iou=0.812977 val_loss=0.291776 val_iou=0.643669 lr=0.00009987
2026-05-07 03:07:56,840 [Trainer] :: Updated latest checkpoint at epoch 7
2026-05-07 03:07:56,840 [Trainer] :: No validation IoU improvement for 2 epoch(s)
2026-05-07 03:07:56,840 [Trainer] :: Starting epoch 8
2026-05-07 03:13:00,153 [Trainer] :: Completed epoch 8: train_loss=0.207595 train_iou=0.827925 val_loss=0.340582 val_iou=0.504994 lr=0.00009983
2026-05-07 03:13:00,388 [Trainer] :: Updated latest checkpoint at epoch 8
2026-05-07 03:13:00,389 [Trainer] :: No validation IoU improvement for 3 epoch(s)
2026-05-07 03:13:00,389 [Trainer] :: Starting epoch 9
2026-05-07 03:18:18,113 [Trainer] :: Completed epoch 9: train_loss=0.205083 train_iou=0.828320 val_loss=0.259498 val_iou=0.641354 lr=0.00009978
2026-05-07 03:18:18,353 [Trainer] :: Updated latest checkpoint at epoch 9
2026-05-07 03:18:18,353 [Trainer] :: No validation IoU improvement for 4 epoch(s)
2026-05-07 03:18:18,353 [Trainer] :: Starting epoch 10
2026-05-07 03:23:27,065 [Trainer] :: Completed epoch 10: train_loss=0.197205 train_iou=0.834998 val_loss=0.263966 val_iou=0.661728 lr=0.00009973
2026-05-07 03:23:27,290 [Trainer] :: Updated latest checkpoint at epoch 10
2026-05-07 03:23:27,531 [Trainer] :: New best checkpoint saved with val_iou=0.661728
2026-05-07 03:23:27,531 [Trainer] :: Starting epoch 11
2026-05-07 03:28:34,572 [Trainer] :: Completed epoch 11: train_loss=0.194162 train_iou=0.834521 val_loss=0.296283 val_iou=0.652183 lr=0.00009967
2026-05-07 03:28:34,806 [Trainer] :: Updated latest checkpoint at epoch 11
2026-05-07 03:28:34,806 [Trainer] :: No validation IoU improvement for 1 epoch(s)
2026-05-07 03:28:34,806 [Trainer] :: Starting epoch 12
2026-05-07 03:33:33,638 [Trainer] :: Completed epoch 12: train_loss=0.183367 train_iou=0.841170 val_loss=0.310986 val_iou=0.564567 lr=0.00009961
2026-05-07 03:33:34,083 [Trainer] :: Updated latest checkpoint at epoch 12
2026-05-07 03:33:34,083 [Trainer] :: No validation IoU improvement for 2 epoch(s)
2026-05-07 03:33:34,083 [Trainer] :: Starting epoch 13
2026-05-07 03:38:29,155 [Trainer] :: Completed epoch 13: train_loss=0.180782 train_iou=0.840878 val_loss=0.281127 val_iou=0.662755 lr=0.00009954
2026-05-07 03:38:29,404 [Trainer] :: Updated latest checkpoint at epoch 13
2026-05-07 03:38:29,605 [Trainer] :: New best checkpoint saved with val_iou=0.662755
2026-05-07 03:38:29,605 [Trainer] :: Starting epoch 14
2026-05-07 03:43:24,235 [Trainer] :: Completed epoch 14: train_loss=0.178636 train_iou=0.842630 val_loss=0.308469 val_iou=0.646166 lr=0.00009947
2026-05-07 03:43:24,440 [Trainer] :: Updated latest checkpoint at epoch 14
2026-05-07 03:43:24,440 [Trainer] :: No validation IoU improvement for 1 epoch(s)
2026-05-07 03:43:24,440 [Trainer] :: Starting epoch 15
2026-05-07 03:48:31,456 [Trainer] :: Completed epoch 15: train_loss=0.167211 train_iou=0.851534 val_loss=0.278914 val_iou=0.664572 lr=0.00009939
2026-05-07 03:48:31,797 [Trainer] :: Updated latest checkpoint at epoch 15
2026-05-07 03:48:32,165 [Trainer] :: New best checkpoint saved with val_iou=0.664572
2026-05-07 03:48:32,165 [Trainer] :: Starting epoch 16
2026-05-07 03:53:56,086 [Trainer] :: Completed epoch 16: train_loss=0.160796 train_iou=0.851881 val_loss=0.280882 val_iou=0.641187 lr=0.00009931
2026-05-07 03:53:56,370 [Trainer] :: Updated latest checkpoint at epoch 16
2026-05-07 03:53:56,371 [Trainer] :: No validation IoU improvement for 1 epoch(s)
2026-05-07 03:53:56,371 [Trainer] :: Starting epoch 17
2026-05-07 03:59:20,020 [Trainer] :: Completed epoch 17: train_loss=0.159410 train_iou=0.852572 val_loss=0.281540 val_iou=0.646115 lr=0.00009922
2026-05-07 03:59:20,288 [Trainer] :: Updated latest checkpoint at epoch 17
2026-05-07 03:59:20,289 [Trainer] :: No validation IoU improvement for 2 epoch(s)
2026-05-07 03:59:20,289 [Trainer] :: Starting epoch 18
2026-05-07 04:04:37,696 [Trainer] :: Completed epoch 18: train_loss=0.159214 train_iou=0.855073 val_loss=0.286311 val_iou=0.665073 lr=0.00009912
2026-05-07 04:04:37,943 [Trainer] :: Updated latest checkpoint at epoch 18
2026-05-07 04:04:38,209 [Trainer] :: New best checkpoint saved with val_iou=0.665073
2026-05-07 04:04:38,209 [Trainer] :: Starting epoch 19
2026-05-07 04:10:02,356 [Trainer] :: Completed epoch 19: train_loss=0.152671 train_iou=0.859695 val_loss=0.276843 val_iou=0.647863 lr=0.00009902
2026-05-07 04:10:02,818 [Trainer] :: Updated latest checkpoint at epoch 19
2026-05-07 04:10:02,818 [Trainer] :: No validation IoU improvement for 1 epoch(s)
2026-05-07 04:10:02,818 [Trainer] :: Starting epoch 20
2026-05-07 04:15:13,400 [Trainer] :: Completed epoch 20: train_loss=0.159374 train_iou=0.852861 val_loss=0.279030 val_iou=0.649680 lr=0.00009892
2026-05-07 04:15:13,922 [Trainer] :: Updated latest checkpoint at epoch 20
2026-05-07 04:15:13,922 [Trainer] :: No validation IoU improvement for 2 epoch(s)
2026-05-07 04:15:13,922 [Trainer] :: Starting epoch 21
2026-05-07 04:20:18,845 [Trainer] :: Completed epoch 21: train_loss=0.159122 train_iou=0.852201 val_loss=0.286756 val_iou=0.612511 lr=0.00009881
2026-05-07 04:20:19,488 [Trainer] :: Updated latest checkpoint at epoch 21
2026-05-07 04:20:19,488 [Trainer] :: No validation IoU improvement for 3 epoch(s)
2026-05-07 04:20:19,488 [Trainer] :: Starting epoch 22
2026-05-07 04:24:37,155 [Trainer] :: Completed epoch 22: train_loss=0.147761 train_iou=0.859805 val_loss=0.276834 val_iou=0.653882 lr=0.00009869
2026-05-07 04:24:38,068 [Trainer] :: Updated latest checkpoint at epoch 22
2026-05-07 04:24:38,068 [Trainer] :: No validation IoU improvement for 4 epoch(s)
2026-05-07 04:24:38,068 [Trainer] :: Starting epoch 23
2026-05-07 04:28:45,933 [Trainer] :: Completed epoch 23: train_loss=0.143458 train_iou=0.865575 val_loss=0.299610 val_iou=0.657277 lr=0.00009857
2026-05-07 04:28:46,165 [Trainer] :: Updated latest checkpoint at epoch 23
2026-05-07 04:28:46,165 [Trainer] :: No validation IoU improvement for 5 epoch(s)
2026-05-07 04:28:46,165 [Trainer] :: Starting epoch 24
2026-05-07 04:32:46,249 [Trainer] :: Completed epoch 24: train_loss=0.140329 train_iou=0.869686 val_loss=0.275427 val_iou=0.627728 lr=0.00009844
2026-05-07 04:32:46,870 [Trainer] :: Updated latest checkpoint at epoch 24
2026-05-07 04:32:46,870 [Trainer] :: No validation IoU improvement for 6 epoch(s)
2026-05-07 04:32:46,870 [Trainer] :: Starting epoch 25
2026-05-07 04:36:46,998 [Trainer] :: Completed epoch 25: train_loss=0.137353 train_iou=0.872595 val_loss=0.302220 val_iou=0.660545 lr=0.00009831
2026-05-07 04:36:47,234 [Trainer] :: Updated latest checkpoint at epoch 25
2026-05-07 04:36:47,234 [Trainer] :: No validation IoU improvement for 7 epoch(s)
2026-05-07 04:36:47,234 [Trainer] :: Starting epoch 26
2026-05-07 04:40:48,338 [Trainer] :: Completed epoch 26: train_loss=0.141942 train_iou=0.864840 val_loss=0.264300 val_iou=0.673786 lr=0.00009818
2026-05-07 04:40:48,598 [Trainer] :: Updated latest checkpoint at epoch 26
2026-05-07 04:40:48,855 [Trainer] :: New best checkpoint saved with val_iou=0.673786
2026-05-07 04:40:48,856 [Trainer] :: Starting epoch 27
2026-05-07 04:44:51,690 [Trainer] :: Completed epoch 27: train_loss=0.134606 train_iou=0.873157 val_loss=0.273419 val_iou=0.647830 lr=0.00009803
2026-05-07 04:44:51,994 [Trainer] :: Updated latest checkpoint at epoch 27
2026-05-07 04:44:51,994 [Trainer] :: No validation IoU improvement for 1 epoch(s)
2026-05-07 04:44:51,994 [Trainer] :: Starting epoch 28
2026-05-07 04:48:51,314 [Trainer] :: Completed epoch 28: train_loss=0.129140 train_iou=0.875565 val_loss=0.289592 val_iou=0.657144 lr=0.00009789
2026-05-07 04:48:51,635 [Trainer] :: Updated latest checkpoint at epoch 28
2026-05-07 04:48:51,635 [Trainer] :: No validation IoU improvement for 2 epoch(s)
2026-05-07 04:48:51,635 [Trainer] :: Starting epoch 29
2026-05-07 04:52:48,045 [Trainer] :: Completed epoch 29: train_loss=0.129595 train_iou=0.877724 val_loss=0.283207 val_iou=0.634491 lr=0.00009773
2026-05-07 04:52:48,306 [Trainer] :: Updated latest checkpoint at epoch 29
2026-05-07 04:52:48,306 [Trainer] :: No validation IoU improvement for 3 epoch(s)
2026-05-07 04:52:48,306 [Trainer] :: Starting epoch 30
2026-05-07 04:56:44,952 [Trainer] :: Completed epoch 30: train_loss=0.129801 train_iou=0.878047 val_loss=0.275871 val_iou=0.655110 lr=0.00009758
2026-05-07 04:56:45,181 [Trainer] :: Updated latest checkpoint at epoch 30
2026-05-07 04:56:45,181 [Trainer] :: No validation IoU improvement for 4 epoch(s)
2026-05-07 04:56:45,181 [Trainer] :: Starting epoch 31
2026-05-07 05:00:44,444 [Trainer] :: Completed epoch 31: train_loss=0.130226 train_iou=0.876786 val_loss=0.273795 val_iou=0.652032 lr=0.00009741
2026-05-07 05:00:44,620 [Trainer] :: Updated latest checkpoint at epoch 31
2026-05-07 05:00:44,620 [Trainer] :: No validation IoU improvement for 5 epoch(s)
2026-05-07 05:00:44,620 [Trainer] :: Starting epoch 32
2026-05-07 05:04:45,982 [Trainer] :: Completed epoch 32: train_loss=0.126682 train_iou=0.878781 val_loss=0.291136 val_iou=0.656314 lr=0.00009725
2026-05-07 05:04:46,173 [Trainer] :: Updated latest checkpoint at epoch 32
2026-05-07 05:04:46,173 [Trainer] :: No validation IoU improvement for 6 epoch(s)
2026-05-07 05:04:46,174 [Trainer] :: Starting epoch 33
2026-05-07 05:08:45,539 [Trainer] :: Completed epoch 33: train_loss=0.121029 train_iou=0.884989 val_loss=0.268810 val_iou=0.674111 lr=0.00009707
2026-05-07 05:08:45,724 [Trainer] :: Updated latest checkpoint at epoch 33
2026-05-07 05:08:45,956 [Trainer] :: New best checkpoint saved with val_iou=0.674111
2026-05-07 05:08:45,956 [Trainer] :: Starting epoch 34
2026-05-07 05:12:48,215 [Trainer] :: Completed epoch 34: train_loss=0.120429 train_iou=0.884903 val_loss=0.284403 val_iou=0.662379 lr=0.00009690
2026-05-07 05:12:48,407 [Trainer] :: Updated latest checkpoint at epoch 34
2026-05-07 05:12:48,407 [Trainer] :: No validation IoU improvement for 1 epoch(s)
2026-05-07 05:12:48,407 [Trainer] :: Starting epoch 35
2026-05-07 05:16:57,045 [Trainer] :: Completed epoch 35: train_loss=0.118444 train_iou=0.887371 val_loss=0.334073 val_iou=0.578008 lr=0.00009671
2026-05-07 05:16:57,230 [Trainer] :: Updated latest checkpoint at epoch 35
2026-05-07 05:16:57,230 [Trainer] :: No validation IoU improvement for 2 epoch(s)
2026-05-07 05:16:57,230 [Trainer] :: Starting epoch 36
2026-05-07 05:21:04,056 [Trainer] :: Completed epoch 36: train_loss=0.120791 train_iou=0.883587 val_loss=0.282424 val_iou=0.663749 lr=0.00009652
2026-05-07 05:21:04,243 [Trainer] :: Updated latest checkpoint at epoch 36
2026-05-07 05:21:04,243 [Trainer] :: No validation IoU improvement for 3 epoch(s)
2026-05-07 05:21:04,244 [Trainer] :: Starting epoch 37
2026-05-07 05:25:06,059 [Trainer] :: Completed epoch 37: train_loss=0.115914 train_iou=0.888432 val_loss=0.276726 val_iou=0.657221 lr=0.00009633
2026-05-07 05:25:06,254 [Trainer] :: Updated latest checkpoint at epoch 37
2026-05-07 05:25:06,254 [Trainer] :: No validation IoU improvement for 4 epoch(s)
2026-05-07 05:25:06,254 [Trainer] :: Starting epoch 38
2026-05-07 05:29:05,257 [Trainer] :: Completed epoch 38: train_loss=0.115103 train_iou=0.893059 val_loss=0.295840 val_iou=0.661234 lr=0.00009613
2026-05-07 05:29:05,462 [Trainer] :: Updated latest checkpoint at epoch 38
2026-05-07 05:29:05,462 [Trainer] :: No validation IoU improvement for 5 epoch(s)
2026-05-07 05:29:05,462 [Trainer] :: Starting epoch 39
2026-05-07 05:33:05,012 [Trainer] :: Completed epoch 39: train_loss=0.111786 train_iou=0.892775 val_loss=0.299667 val_iou=0.614063 lr=0.00009593
2026-05-07 05:33:05,300 [Trainer] :: Updated latest checkpoint at epoch 39
2026-05-07 05:33:05,300 [Trainer] :: No validation IoU improvement for 6 epoch(s)
2026-05-07 05:33:05,300 [Trainer] :: Starting epoch 40
2026-05-07 05:37:05,747 [Trainer] :: Completed epoch 40: train_loss=0.112074 train_iou=0.892921 val_loss=0.288282 val_iou=0.653493 lr=0.00009572
2026-05-07 05:37:06,202 [Trainer] :: Updated latest checkpoint at epoch 40
2026-05-07 05:37:06,202 [Trainer] :: No validation IoU improvement for 7 epoch(s)
2026-05-07 05:37:06,202 [Trainer] :: Starting epoch 41
2026-05-07 05:41:10,287 [Trainer] :: Completed epoch 41: train_loss=0.110518 train_iou=0.893580 val_loss=0.312608 val_iou=0.617748 lr=0.00009551
2026-05-07 05:41:10,475 [Trainer] :: Updated latest checkpoint at epoch 41
2026-05-07 05:41:10,475 [Trainer] :: No validation IoU improvement for 8 epoch(s)
2026-05-07 05:41:10,475 [Trainer] :: Starting epoch 42
2026-05-07 05:45:21,310 [Trainer] :: Completed epoch 42: train_loss=0.109988 train_iou=0.894795 val_loss=0.300877 val_iou=0.647222 lr=0.00009529
2026-05-07 05:45:21,504 [Trainer] :: Updated latest checkpoint at epoch 42
2026-05-07 05:45:21,504 [Trainer] :: No validation IoU improvement for 9 epoch(s)
2026-05-07 05:45:21,504 [Trainer] :: Starting epoch 43
2026-05-07 05:49:24,535 [Trainer] :: Completed epoch 43: train_loss=0.111533 train_iou=0.894403 val_loss=0.349274 val_iou=0.579747 lr=0.00009507
2026-05-07 05:49:24,784 [Trainer] :: Updated latest checkpoint at epoch 43
2026-05-07 05:49:24,784 [Trainer] :: No validation IoU improvement for 10 epoch(s)
2026-05-07 05:49:24,784 [Trainer] :: Starting epoch 44
2026-05-07 05:53:26,413 [Trainer] :: Completed epoch 44: train_loss=0.109580 train_iou=0.895088 val_loss=0.387347 val_iou=0.535197 lr=0.00009484
2026-05-07 05:53:26,604 [Trainer] :: Updated latest checkpoint at epoch 44
2026-05-07 05:53:26,604 [Trainer] :: No validation IoU improvement for 11 epoch(s)
2026-05-07 05:53:26,604 [Trainer] :: Starting epoch 45
2026-05-07 05:57:36,442 [Trainer] :: Completed epoch 45: train_loss=0.110289 train_iou=0.893353 val_loss=0.285807 val_iou=0.659783 lr=0.00009460
2026-05-07 05:57:36,679 [Trainer] :: Updated latest checkpoint at epoch 45
2026-05-07 05:57:36,679 [Trainer] :: No validation IoU improvement for 12 epoch(s)
2026-05-07 05:57:36,679 [Trainer] :: Starting epoch 46
2026-05-07 06:01:41,047 [Trainer] :: Completed epoch 46: train_loss=0.105694 train_iou=0.898804 val_loss=0.319237 val_iou=0.602680 lr=0.00009437
2026-05-07 06:01:41,381 [Trainer] :: Updated latest checkpoint at epoch 46
2026-05-07 06:01:41,382 [Trainer] :: No validation IoU improvement for 13 epoch(s)
2026-05-07 06:01:41,382 [Trainer] :: Starting epoch 47
2026-05-07 06:05:44,270 [Trainer] :: Completed epoch 47: train_loss=0.103570 train_iou=0.900465 val_loss=0.300309 val_iou=0.649139 lr=0.00009412
2026-05-07 06:05:44,482 [Trainer] :: Updated latest checkpoint at epoch 47
2026-05-07 06:05:44,482 [Trainer] :: No validation IoU improvement for 14 epoch(s)
2026-05-07 06:05:44,483 [Trainer] :: Starting epoch 48
2026-05-07 06:09:47,062 [Trainer] :: Completed epoch 48: train_loss=0.103546 train_iou=0.901919 val_loss=0.290780 val_iou=0.670490 lr=0.00009388
2026-05-07 06:09:47,287 [Trainer] :: Updated latest checkpoint at epoch 48
2026-05-07 06:09:47,287 [Trainer] :: No validation IoU improvement for 15 epoch(s)
2026-05-07 06:09:47,287 [Trainer] :: Starting epoch 49
2026-05-07 06:13:51,370 [Trainer] :: Completed epoch 49: train_loss=0.099751 train_iou=0.904049 val_loss=0.302357 val_iou=0.619591 lr=0.00009363
2026-05-07 06:13:51,573 [Trainer] :: Updated latest checkpoint at epoch 49
2026-05-07 06:13:51,573 [Trainer] :: No validation IoU improvement for 16 epoch(s)
2026-05-07 06:13:51,573 [Trainer] :: Starting epoch 50
2026-05-07 06:17:53,459 [Trainer] :: Completed epoch 50: train_loss=0.102710 train_iou=0.900746 val_loss=0.302438 val_iou=0.631014 lr=0.00009337
2026-05-07 06:17:53,645 [Trainer] :: Updated latest checkpoint at epoch 50
2026-05-07 06:17:53,645 [Trainer] :: No validation IoU improvement for 17 epoch(s)
2026-05-07 06:17:53,645 [Trainer] :: Starting epoch 51
2026-05-07 06:21:55,259 [Trainer] :: Completed epoch 51: train_loss=0.098549 train_iou=0.905553 val_loss=0.287872 val_iou=0.643878 lr=0.00009311
2026-05-07 06:21:55,444 [Trainer] :: Updated latest checkpoint at epoch 51
2026-05-07 06:21:55,444 [Trainer] :: No validation IoU improvement for 18 epoch(s)
2026-05-07 06:21:55,445 [Trainer] :: Starting epoch 52
2026-05-07 06:25:57,645 [Trainer] :: Completed epoch 52: train_loss=0.099580 train_iou=0.905377 val_loss=0.326192 val_iou=0.589336 lr=0.00009284
2026-05-07 06:25:58,448 [Trainer] :: Updated latest checkpoint at epoch 52
2026-05-07 06:25:58,448 [Trainer] :: No validation IoU improvement for 19 epoch(s)
2026-05-07 06:25:58,448 [Trainer] :: Starting epoch 53
2026-05-07 06:29:57,801 [Trainer] :: Completed epoch 53: train_loss=0.098832 train_iou=0.906020 val_loss=0.300673 val_iou=0.641165 lr=0.00009257
2026-05-07 06:29:58,000 [Trainer] :: Updated latest checkpoint at epoch 53
2026-05-07 06:29:58,000 [Trainer] :: No validation IoU improvement for 20 epoch(s)
2026-05-07 06:29:58,000 [Trainer] :: Starting epoch 54
2026-05-07 06:34:00,230 [Trainer] :: Completed epoch 54: train_loss=0.097887 train_iou=0.906096 val_loss=0.298359 val_iou=0.652241 lr=0.00009229
2026-05-07 06:34:00,417 [Trainer] :: Updated latest checkpoint at epoch 54
2026-05-07 06:34:00,417 [Trainer] :: No validation IoU improvement for 21 epoch(s)
2026-05-07 06:34:00,417 [Trainer] :: Starting epoch 55
2026-05-07 06:38:00,203 [Trainer] :: Completed epoch 55: train_loss=0.095504 train_iou=0.908119 val_loss=0.303461 val_iou=0.637191 lr=0.00009201
2026-05-07 06:38:00,393 [Trainer] :: Updated latest checkpoint at epoch 55
2026-05-07 06:38:00,393 [Trainer] :: No validation IoU improvement for 22 epoch(s)
2026-05-07 06:38:00,394 [Trainer] :: Starting epoch 56
2026-05-07 06:42:03,971 [Trainer] :: Completed epoch 56: train_loss=0.093709 train_iou=0.908094 val_loss=0.306015 val_iou=0.665806 lr=0.00009173
2026-05-07 06:42:04,162 [Trainer] :: Updated latest checkpoint at epoch 56
2026-05-07 06:42:04,162 [Trainer] :: No validation IoU improvement for 23 epoch(s)
2026-05-07 06:42:04,162 [Trainer] :: Starting epoch 57
2026-05-07 06:46:05,075 [Trainer] :: Completed epoch 57: train_loss=0.096863 train_iou=0.906047 val_loss=0.300834 val_iou=0.645967 lr=0.00009144
2026-05-07 06:46:05,428 [Trainer] :: Updated latest checkpoint at epoch 57
2026-05-07 06:46:05,428 [Trainer] :: No validation IoU improvement for 24 epoch(s)
2026-05-07 06:46:05,428 [Trainer] :: Starting epoch 58
2026-05-07 06:50:10,856 [Trainer] :: Completed epoch 58: train_loss=0.092814 train_iou=0.911265 val_loss=0.295708 val_iou=0.671328 lr=0.00009115
2026-05-07 06:50:11,118 [Trainer] :: Updated latest checkpoint at epoch 58
2026-05-07 06:50:11,118 [Trainer] :: No validation IoU improvement for 25 epoch(s)
2026-05-07 06:50:11,118 [Trainer] :: Starting epoch 59
2026-05-07 06:54:15,213 [Trainer] :: Completed epoch 59: train_loss=0.091791 train_iou=0.910628 val_loss=0.298078 val_iou=0.644308 lr=0.00009085
2026-05-07 06:54:15,652 [Trainer] :: Updated latest checkpoint at epoch 59
2026-05-07 06:54:15,652 [Trainer] :: No validation IoU improvement for 26 epoch(s)
2026-05-07 06:54:15,652 [Trainer] :: Starting epoch 60
2026-05-07 06:58:18,259 [Trainer] :: Completed epoch 60: train_loss=0.091897 train_iou=0.911344 val_loss=0.312766 val_iou=0.638173 lr=0.00009055
2026-05-07 06:58:20,200 [Trainer] :: Updated latest checkpoint at epoch 60
2026-05-07 06:58:20,200 [Trainer] :: No validation IoU improvement for 27 epoch(s)
2026-05-07 06:58:20,200 [Trainer] :: Starting epoch 61
2026-05-07 07:02:26,859 [Trainer] :: Completed epoch 61: train_loss=0.091559 train_iou=0.912252 val_loss=0.320573 val_iou=0.623675 lr=0.00009024
2026-05-07 07:02:27,055 [Trainer] :: Updated latest checkpoint at epoch 61
2026-05-07 07:02:27,055 [Trainer] :: No validation IoU improvement for 28 epoch(s)
2026-05-07 07:02:27,055 [Trainer] :: Starting epoch 62
2026-05-07 07:06:34,847 [Trainer] :: Completed epoch 62: train_loss=0.091413 train_iou=0.911268 val_loss=0.333274 val_iou=0.599427 lr=0.00008993
2026-05-07 07:06:35,414 [Trainer] :: Updated latest checkpoint at epoch 62
2026-05-07 07:06:35,414 [Trainer] :: No validation IoU improvement for 29 epoch(s)
2026-05-07 07:06:35,414 [Trainer] :: Starting epoch 63
2026-05-07 07:10:39,097 [Trainer] :: Completed epoch 63: train_loss=0.090254 train_iou=0.913325 val_loss=0.298127 val_iou=0.648212 lr=0.00008961
2026-05-07 07:10:39,321 [Trainer] :: Updated latest checkpoint at epoch 63
2026-05-07 07:10:39,321 [Trainer] :: No validation IoU improvement for 30 epoch(s)
2026-05-07 07:10:39,321 [Trainer] :: Starting epoch 64
2026-05-07 07:14:38,601 [Trainer] :: Completed epoch 64: train_loss=0.091019 train_iou=0.912651 val_loss=0.298777 val_iou=0.638094 lr=0.00008929
2026-05-07 07:14:38,804 [Trainer] :: Updated latest checkpoint at epoch 64
2026-05-07 07:14:38,804 [Trainer] :: No validation IoU improvement for 31 epoch(s)
2026-05-07 07:14:38,804 [Trainer] :: Starting epoch 65
2026-05-07 07:18:33,877 [Trainer] :: Completed epoch 65: train_loss=0.089716 train_iou=0.913505 val_loss=0.288943 val_iou=0.657814 lr=0.00008897
2026-05-07 07:18:34,069 [Trainer] :: Updated latest checkpoint at epoch 65
2026-05-07 07:18:34,069 [Trainer] :: No validation IoU improvement for 32 epoch(s)
2026-05-07 07:18:34,069 [Trainer] :: Starting epoch 66
2026-05-07 07:22:33,471 [Trainer] :: Completed epoch 66: train_loss=0.088805 train_iou=0.914286 val_loss=0.293619 val_iou=0.656783 lr=0.00008864
2026-05-07 07:22:33,654 [Trainer] :: Updated latest checkpoint at epoch 66
2026-05-07 07:22:33,654 [Trainer] :: No validation IoU improvement for 33 epoch(s)
2026-05-07 07:22:33,654 [Trainer] :: Starting epoch 67
2026-05-07 07:26:31,466 [Trainer] :: Completed epoch 67: train_loss=0.085878 train_iou=0.916692 val_loss=0.302310 val_iou=0.639692 lr=0.00008831
2026-05-07 07:26:31,660 [Trainer] :: Updated latest checkpoint at epoch 67
2026-05-07 07:26:31,660 [Trainer] :: No validation IoU improvement for 34 epoch(s)
2026-05-07 07:26:31,660 [Trainer] :: Starting epoch 68
2026-05-07 07:30:32,433 [Trainer] :: Completed epoch 68: train_loss=0.088642 train_iou=0.915386 val_loss=0.297978 val_iou=0.649274 lr=0.00008797
2026-05-07 07:30:32,632 [Trainer] :: Updated latest checkpoint at epoch 68
2026-05-07 07:30:32,632 [Trainer] :: No validation IoU improvement for 35 epoch(s)
2026-05-07 07:30:32,632 [Trainer] :: Starting epoch 69
2026-05-07 07:34:36,711 [Trainer] :: Completed epoch 69: train_loss=0.087626 train_iou=0.914648 val_loss=0.292355 val_iou=0.657543 lr=0.00008763
2026-05-07 07:34:36,903 [Trainer] :: Updated latest checkpoint at epoch 69
2026-05-07 07:34:36,903 [Trainer] :: No validation IoU improvement for 36 epoch(s)
2026-05-07 07:34:36,903 [Trainer] :: Starting epoch 70
2026-05-07 07:38:35,228 [Trainer] :: Completed epoch 70: train_loss=0.086373 train_iou=0.916657 val_loss=0.314981 val_iou=0.623189 lr=0.00008729
2026-05-07 07:38:35,428 [Trainer] :: Updated latest checkpoint at epoch 70
2026-05-07 07:38:35,428 [Trainer] :: No validation IoU improvement for 37 epoch(s)
2026-05-07 07:38:35,428 [Trainer] :: Starting epoch 71
2026-05-07 07:42:35,030 [Trainer] :: Completed epoch 71: train_loss=0.086231 train_iou=0.916906 val_loss=0.316943 val_iou=0.626968 lr=0.00008694
2026-05-07 07:42:35,233 [Trainer] :: Updated latest checkpoint at epoch 71
2026-05-07 07:42:35,233 [Trainer] :: No validation IoU improvement for 38 epoch(s)
2026-05-07 07:42:35,233 [Trainer] :: Starting epoch 72
2026-05-07 07:46:31,046 [Trainer] :: Completed epoch 72: train_loss=0.085079 train_iou=0.917538 val_loss=0.310005 val_iou=0.658639 lr=0.00008658
2026-05-07 07:46:31,238 [Trainer] :: Updated latest checkpoint at epoch 72
2026-05-07 07:46:31,238 [Trainer] :: No validation IoU improvement for 39 epoch(s)
2026-05-07 07:46:31,238 [Trainer] :: Starting epoch 73
2026-05-07 07:50:34,998 [Trainer] :: Completed epoch 73: train_loss=0.083736 train_iou=0.918804 val_loss=0.302500 val_iou=0.657856 lr=0.00008623
2026-05-07 07:50:35,334 [Trainer] :: Updated latest checkpoint at epoch 73
2026-05-07 07:50:35,334 [Trainer] :: No validation IoU improvement for 40 epoch(s)
2026-05-07 07:50:35,334 [Trainer] :: Starting epoch 74
2026-05-07 07:54:47,213 [Trainer] :: Completed epoch 74: train_loss=0.084277 train_iou=0.918582 val_loss=0.300409 val_iou=0.650982 lr=0.00008587
2026-05-07 07:54:47,399 [Trainer] :: Updated latest checkpoint at epoch 74
2026-05-07 07:54:47,399 [Trainer] :: No validation IoU improvement for 41 epoch(s)
2026-05-07 07:54:47,399 [Trainer] :: Starting epoch 75
2026-05-07 07:58:54,164 [Trainer] :: Completed epoch 75: train_loss=0.083989 train_iou=0.919569 val_loss=0.315251 val_iou=0.648179 lr=0.00008550
2026-05-07 07:58:54,353 [Trainer] :: Updated latest checkpoint at epoch 75
2026-05-07 07:58:54,353 [Trainer] :: No validation IoU improvement for 42 epoch(s)
2026-05-07 07:58:54,353 [Trainer] :: Starting epoch 76
2026-05-07 08:02:59,570 [Trainer] :: Completed epoch 76: train_loss=0.083349 train_iou=0.918210 val_loss=0.311285 val_iou=0.643126 lr=0.00008513
2026-05-07 08:02:59,859 [Trainer] :: Updated latest checkpoint at epoch 76
2026-05-07 08:02:59,859 [Trainer] :: No validation IoU improvement for 43 epoch(s)
2026-05-07 08:02:59,859 [Trainer] :: Starting epoch 77
2026-05-07 08:07:08,980 [Trainer] :: Completed epoch 77: train_loss=0.081234 train_iou=0.922208 val_loss=0.296973 val_iou=0.655842 lr=0.00008476
2026-05-07 08:07:09,176 [Trainer] :: Updated latest checkpoint at epoch 77
2026-05-07 08:07:09,176 [Trainer] :: No validation IoU improvement for 44 epoch(s)
2026-05-07 08:07:09,176 [Trainer] :: Starting epoch 78
2026-05-07 08:11:15,708 [Trainer] :: Completed epoch 78: train_loss=0.082356 train_iou=0.920224 val_loss=0.306500 val_iou=0.653492 lr=0.00008439
2026-05-07 08:11:16,541 [Trainer] :: Updated latest checkpoint at epoch 78
2026-05-07 08:11:16,542 [Trainer] :: No validation IoU improvement for 45 epoch(s)
2026-05-07 08:11:16,542 [Trainer] :: Starting epoch 79
2026-05-07 08:15:24,321 [Trainer] :: Completed epoch 79: train_loss=0.083006 train_iou=0.920288 val_loss=0.318787 val_iou=0.642942 lr=0.00008401
2026-05-07 08:15:24,519 [Trainer] :: Updated latest checkpoint at epoch 79
2026-05-07 08:15:24,519 [Trainer] :: No validation IoU improvement for 46 epoch(s)
2026-05-07 08:15:24,519 [Trainer] :: Starting epoch 80
2026-05-07 08:19:27,554 [Trainer] :: Completed epoch 80: train_loss=0.081452 train_iou=0.921167 val_loss=0.329995 val_iou=0.627145 lr=0.00008362
2026-05-07 08:19:27,742 [Trainer] :: Updated latest checkpoint at epoch 80
2026-05-07 08:19:27,742 [Trainer] :: No validation IoU improvement for 47 epoch(s)
2026-05-07 08:19:27,742 [Trainer] :: Starting epoch 81
2026-05-07 08:23:31,479 [Trainer] :: Completed epoch 81: train_loss=0.079860 train_iou=0.922909 val_loss=0.338011 val_iou=0.612250 lr=0.00008323
2026-05-07 08:23:31,697 [Trainer] :: Updated latest checkpoint at epoch 81
2026-05-07 08:23:31,697 [Trainer] :: No validation IoU improvement for 48 epoch(s)
2026-05-07 08:23:31,697 [Trainer] :: Starting epoch 82
2026-05-07 08:27:32,737 [Trainer] :: Completed epoch 82: train_loss=0.080422 train_iou=0.922062 val_loss=0.315930 val_iou=0.634000 lr=0.00008284
2026-05-07 08:27:32,928 [Trainer] :: Updated latest checkpoint at epoch 82
2026-05-07 08:27:32,929 [Trainer] :: No validation IoU improvement for 49 epoch(s)
2026-05-07 08:27:32,929 [Trainer] :: Starting epoch 83
2026-05-07 08:31:37,173 [Trainer] :: Completed epoch 83: train_loss=0.079696 train_iou=0.922397 val_loss=0.320571 val_iou=0.648426 lr=0.00008245
2026-05-07 08:31:37,361 [Trainer] :: Updated latest checkpoint at epoch 83
2026-05-07 08:31:37,361 [Trainer] :: No validation IoU improvement for 50 epoch(s)
2026-05-07 08:31:37,361 [Trainer] :: Starting epoch 84
2026-05-07 08:35:38,405 [Trainer] :: Completed epoch 84: train_loss=0.081650 train_iou=0.921376 val_loss=0.378087 val_iou=0.584346 lr=0.00008205
2026-05-07 08:35:38,613 [Trainer] :: Updated latest checkpoint at epoch 84
2026-05-07 08:35:38,614 [Trainer] :: No validation IoU improvement for 51 epoch(s)
2026-05-07 08:35:38,614 [Trainer] :: Starting epoch 85
2026-05-07 08:39:43,388 [Trainer] :: Completed epoch 85: train_loss=0.079739 train_iou=0.922851 val_loss=0.324498 val_iou=0.625401 lr=0.00008165
2026-05-07 08:39:43,644 [Trainer] :: Updated latest checkpoint at epoch 85
2026-05-07 08:39:43,644 [Trainer] :: No validation IoU improvement for 52 epoch(s)
2026-05-07 08:39:43,644 [Trainer] :: Starting epoch 86
2026-05-07 08:43:43,595 [Trainer] :: Completed epoch 86: train_loss=0.079581 train_iou=0.922343 val_loss=0.322547 val_iou=0.650770 lr=0.00008125
2026-05-07 08:43:43,811 [Trainer] :: Updated latest checkpoint at epoch 86
2026-05-07 08:43:43,811 [Trainer] :: No validation IoU improvement for 53 epoch(s)
2026-05-07 08:43:43,811 [Trainer] :: Starting epoch 87
2026-05-07 08:47:50,071 [Trainer] :: Completed epoch 87: train_loss=0.078017 train_iou=0.924139 val_loss=0.323347 val_iou=0.635553 lr=0.00008084
2026-05-07 08:47:50,329 [Trainer] :: Updated latest checkpoint at epoch 87
2026-05-07 08:47:50,329 [Trainer] :: No validation IoU improvement for 54 epoch(s)
2026-05-07 08:47:50,329 [Trainer] :: Starting epoch 88
2026-05-07 08:51:53,076 [Trainer] :: Completed epoch 88: train_loss=0.079024 train_iou=0.924188 val_loss=0.317974 val_iou=0.637970 lr=0.00008043
2026-05-07 08:51:53,279 [Trainer] :: Updated latest checkpoint at epoch 88
2026-05-07 08:51:53,279 [Trainer] :: No validation IoU improvement for 55 epoch(s)
2026-05-07 08:51:53,279 [Trainer] :: Starting epoch 89
2026-05-07 08:55:54,008 [Trainer] :: Completed epoch 89: train_loss=0.078118 train_iou=0.924576 val_loss=0.324526 val_iou=0.629333 lr=0.00008001
2026-05-07 08:55:54,222 [Trainer] :: Updated latest checkpoint at epoch 89
2026-05-07 08:55:54,222 [Trainer] :: No validation IoU improvement for 56 epoch(s)
2026-05-07 08:55:54,222 [Trainer] :: Starting epoch 90
2026-05-07 08:59:53,606 [Trainer] :: Completed epoch 90: train_loss=0.078158 train_iou=0.923145 val_loss=0.312562 val_iou=0.646815 lr=0.00007960
2026-05-07 08:59:53,829 [Trainer] :: Updated latest checkpoint at epoch 90
2026-05-07 08:59:53,829 [Trainer] :: No validation IoU improvement for 57 epoch(s)
2026-05-07 08:59:53,829 [Trainer] :: Starting epoch 91
2026-05-07 09:03:56,183 [Trainer] :: Completed epoch 91: train_loss=0.077174 train_iou=0.925521 val_loss=0.324000 val_iou=0.643917 lr=0.00007917
2026-05-07 09:03:58,668 [Trainer] :: Updated latest checkpoint at epoch 91
2026-05-07 09:03:58,668 [Trainer] :: No validation IoU improvement for 58 epoch(s)
2026-05-07 09:03:58,668 [Trainer] :: Starting epoch 92
2026-05-07 09:08:00,801 [Trainer] :: Completed epoch 92: train_loss=0.076845 train_iou=0.926117 val_loss=0.324026 val_iou=0.634991 lr=0.00007875
2026-05-07 09:08:01,016 [Trainer] :: Updated latest checkpoint at epoch 92
2026-05-07 09:08:01,016 [Trainer] :: No validation IoU improvement for 59 epoch(s)
2026-05-07 09:08:01,016 [Trainer] :: Starting epoch 93
2026-05-07 09:12:01,317 [Trainer] :: Completed epoch 93: train_loss=0.076895 train_iou=0.926369 val_loss=0.313641 val_iou=0.645419 lr=0.00007832
2026-05-07 09:12:01,644 [Trainer] :: Updated latest checkpoint at epoch 93
2026-05-07 09:12:01,644 [Trainer] :: No validation IoU improvement for 60 epoch(s)
2026-05-07 09:12:01,644 [Trainer] :: Early stopping triggered after 60 epoch(s) without improvement
2026-05-07 09:16:08,690 [Trainer] :: Wrote training history to outputs/runs/rgb_segformer_b1_fuzzy_halo_seed48_20260507T003033Z/metrics/history.json
2026-05-07 09:16:08,695 [Trainer] :: Wrote test summary to outputs/runs/rgb_segformer_b1_fuzzy_halo_seed48_20260507T003033Z/metrics/test_summary.json
2026-05-07 09:16:08,695 [Trainer] :: Training completed
