2026-05-16 04:15:52,505 [Trainer] :: Training run initialized at /ceph/home/student.aau.dk/qd36zu/fuzzy-p10/tbd/masking/outputs/runs/rgb_real_msi_segformer_b1_seed47_20260516T021551Z
2026-05-16 04:15:52,505 [Trainer] :: Loaded config from /ceph/home/student.aau.dk/qd36zu/fuzzy-p10/tbd/masking/configs/binary/rgb_real_msi_segformer_b1.yaml
2026-05-16 04:15:52,505 [Trainer] :: Using seed=47 and device=None
2026-05-16 04:15:52,505 [Trainer] :: Using model architecture=Segformer encoder=mit_b1 encoder_weights=imagenet
2026-05-16 04:15:52,900 [Trainer] :: Resolved runtime device to cuda
2026-05-16 04:15:52,900 [Trainer] :: Prepared normalization from source=train_split_patch_stats
2026-05-16 04:15:59,152 [Trainer] :: Built dataloaders with batch_size=8, num_workers=0
2026-05-16 04:15:59,153 [Trainer] :: Starting epoch 1
2026-05-16 04:21:08,860 [Trainer] :: Completed epoch 1: train_loss=0.335539 train_iou=0.698170 val_loss=0.325719 val_iou=0.517873 lr=0.00010000
2026-05-16 04:21:09,356 [Trainer] :: Updated latest checkpoint at epoch 1
2026-05-16 04:21:09,934 [Trainer] :: New best checkpoint saved with val_iou=0.517873
2026-05-16 04:21:09,935 [Trainer] :: Starting epoch 2
2026-05-16 04:25:25,377 [Trainer] :: Completed epoch 2: train_loss=0.268564 train_iou=0.759067 val_loss=0.300041 val_iou=0.552677 lr=0.00009999
2026-05-16 04:25:26,130 [Trainer] :: Updated latest checkpoint at epoch 2
2026-05-16 04:25:26,569 [Trainer] :: New best checkpoint saved with val_iou=0.552677
2026-05-16 04:25:26,569 [Trainer] :: Starting epoch 3
2026-05-16 04:30:00,850 [Trainer] :: Completed epoch 3: train_loss=0.248413 train_iou=0.780015 val_loss=0.260550 val_iou=0.620946 lr=0.00009998
2026-05-16 04:30:01,139 [Trainer] :: Updated latest checkpoint at epoch 3
2026-05-16 04:30:01,399 [Trainer] :: New best checkpoint saved with val_iou=0.620946
2026-05-16 04:30:01,399 [Trainer] :: Starting epoch 4
2026-05-16 04:34:06,133 [Trainer] :: Completed epoch 4: train_loss=0.233538 train_iou=0.789837 val_loss=0.258941 val_iou=0.643358 lr=0.00009996
2026-05-16 04:34:06,387 [Trainer] :: Updated latest checkpoint at epoch 4
2026-05-16 04:34:06,651 [Trainer] :: New best checkpoint saved with val_iou=0.643358
2026-05-16 04:34:06,651 [Trainer] :: Starting epoch 5
2026-05-16 04:38:37,386 [Trainer] :: Completed epoch 5: train_loss=0.229821 train_iou=0.794671 val_loss=0.317178 val_iou=0.577749 lr=0.00009993
2026-05-16 04:38:37,579 [Trainer] :: Updated latest checkpoint at epoch 5
2026-05-16 04:38:37,579 [Trainer] :: No validation IoU improvement for 1 epoch(s)
2026-05-16 04:38:37,579 [Trainer] :: Starting epoch 6
2026-05-16 04:43:17,890 [Trainer] :: Completed epoch 6: train_loss=0.213196 train_iou=0.805611 val_loss=0.269990 val_iou=0.603940 lr=0.00009990
2026-05-16 04:43:18,080 [Trainer] :: Updated latest checkpoint at epoch 6
2026-05-16 04:43:18,081 [Trainer] :: No validation IoU improvement for 2 epoch(s)
2026-05-16 04:43:18,081 [Trainer] :: Starting epoch 7
2026-05-16 04:48:05,923 [Trainer] :: Completed epoch 7: train_loss=0.211110 train_iou=0.805664 val_loss=0.316878 val_iou=0.524719 lr=0.00009987
2026-05-16 04:48:06,141 [Trainer] :: Updated latest checkpoint at epoch 7
2026-05-16 04:48:06,141 [Trainer] :: No validation IoU improvement for 3 epoch(s)
2026-05-16 04:48:06,141 [Trainer] :: Starting epoch 8
2026-05-16 04:52:30,954 [Trainer] :: Completed epoch 8: train_loss=0.196503 train_iou=0.814811 val_loss=0.283950 val_iou=0.592317 lr=0.00009983
2026-05-16 04:52:31,158 [Trainer] :: Updated latest checkpoint at epoch 8
2026-05-16 04:52:31,159 [Trainer] :: No validation IoU improvement for 4 epoch(s)
2026-05-16 04:52:31,159 [Trainer] :: Starting epoch 9
2026-05-16 04:58:46,736 [Trainer] :: Completed epoch 9: train_loss=0.191678 train_iou=0.822680 val_loss=0.296155 val_iou=0.575391 lr=0.00009978
2026-05-16 04:58:46,977 [Trainer] :: Updated latest checkpoint at epoch 9
2026-05-16 04:58:46,977 [Trainer] :: No validation IoU improvement for 5 epoch(s)
2026-05-16 04:58:46,977 [Trainer] :: Starting epoch 10
2026-05-16 05:03:34,064 [Trainer] :: Completed epoch 10: train_loss=0.190607 train_iou=0.819729 val_loss=0.253695 val_iou=0.630948 lr=0.00009973
2026-05-16 05:03:34,252 [Trainer] :: Updated latest checkpoint at epoch 10
2026-05-16 05:03:34,252 [Trainer] :: No validation IoU improvement for 6 epoch(s)
2026-05-16 05:03:34,252 [Trainer] :: Starting epoch 11
2026-05-16 05:08:09,738 [Trainer] :: Completed epoch 11: train_loss=0.179708 train_iou=0.829051 val_loss=0.279175 val_iou=0.627921 lr=0.00009967
2026-05-16 05:08:10,100 [Trainer] :: Updated latest checkpoint at epoch 11
2026-05-16 05:08:10,100 [Trainer] :: No validation IoU improvement for 7 epoch(s)
2026-05-16 05:08:10,100 [Trainer] :: Starting epoch 12
2026-05-16 05:12:41,702 [Trainer] :: Completed epoch 12: train_loss=0.173500 train_iou=0.830670 val_loss=0.239079 val_iou=0.654483 lr=0.00009961
2026-05-16 05:12:41,896 [Trainer] :: Updated latest checkpoint at epoch 12
2026-05-16 05:12:42,059 [Trainer] :: New best checkpoint saved with val_iou=0.654483
2026-05-16 05:12:42,059 [Trainer] :: Starting epoch 13
2026-05-16 05:17:21,625 [Trainer] :: Completed epoch 13: train_loss=0.170974 train_iou=0.836780 val_loss=0.246471 val_iou=0.649841 lr=0.00009954
2026-05-16 05:17:22,060 [Trainer] :: Updated latest checkpoint at epoch 13
2026-05-16 05:17:22,061 [Trainer] :: No validation IoU improvement for 1 epoch(s)
2026-05-16 05:17:22,061 [Trainer] :: Starting epoch 14
2026-05-16 05:21:55,358 [Trainer] :: Completed epoch 14: train_loss=0.167736 train_iou=0.836819 val_loss=0.245382 val_iou=0.658546 lr=0.00009947
2026-05-16 05:21:55,571 [Trainer] :: Updated latest checkpoint at epoch 14
2026-05-16 05:21:55,758 [Trainer] :: New best checkpoint saved with val_iou=0.658546
2026-05-16 05:21:55,759 [Trainer] :: Starting epoch 15
2026-05-16 05:26:24,615 [Trainer] :: Completed epoch 15: train_loss=0.162768 train_iou=0.838925 val_loss=0.245243 val_iou=0.644437 lr=0.00009939
2026-05-16 05:26:24,845 [Trainer] :: Updated latest checkpoint at epoch 15
2026-05-16 05:26:24,845 [Trainer] :: No validation IoU improvement for 1 epoch(s)
2026-05-16 05:26:24,845 [Trainer] :: Starting epoch 16
2026-05-16 05:31:02,678 [Trainer] :: Completed epoch 16: train_loss=0.159434 train_iou=0.843455 val_loss=0.246724 val_iou=0.657526 lr=0.00009931
2026-05-16 05:31:02,885 [Trainer] :: Updated latest checkpoint at epoch 16
2026-05-16 05:31:02,885 [Trainer] :: No validation IoU improvement for 2 epoch(s)
2026-05-16 05:31:02,885 [Trainer] :: Starting epoch 17
2026-05-16 05:35:30,369 [Trainer] :: Completed epoch 17: train_loss=0.155137 train_iou=0.847490 val_loss=0.267921 val_iou=0.626006 lr=0.00009922
2026-05-16 05:35:30,614 [Trainer] :: Updated latest checkpoint at epoch 17
2026-05-16 05:35:30,614 [Trainer] :: No validation IoU improvement for 3 epoch(s)
2026-05-16 05:35:30,614 [Trainer] :: Starting epoch 18
2026-05-16 05:39:51,894 [Trainer] :: Completed epoch 18: train_loss=0.151948 train_iou=0.850688 val_loss=0.277943 val_iou=0.617785 lr=0.00009912
2026-05-16 05:39:52,098 [Trainer] :: Updated latest checkpoint at epoch 18
2026-05-16 05:39:52,098 [Trainer] :: No validation IoU improvement for 4 epoch(s)
2026-05-16 05:39:52,098 [Trainer] :: Starting epoch 19
2026-05-16 05:44:16,081 [Trainer] :: Completed epoch 19: train_loss=0.150204 train_iou=0.849887 val_loss=0.247477 val_iou=0.659455 lr=0.00009902
2026-05-16 05:44:16,308 [Trainer] :: Updated latest checkpoint at epoch 19
2026-05-16 05:44:16,532 [Trainer] :: New best checkpoint saved with val_iou=0.659455
2026-05-16 05:44:16,532 [Trainer] :: Starting epoch 20
2026-05-16 05:48:14,715 [Trainer] :: Completed epoch 20: train_loss=0.143124 train_iou=0.858753 val_loss=0.231549 val_iou=0.669019 lr=0.00009892
2026-05-16 05:48:14,960 [Trainer] :: Updated latest checkpoint at epoch 20
2026-05-16 05:48:15,256 [Trainer] :: New best checkpoint saved with val_iou=0.669019
2026-05-16 05:48:15,256 [Trainer] :: Starting epoch 21
2026-05-16 05:52:33,199 [Trainer] :: Completed epoch 21: train_loss=0.137735 train_iou=0.862913 val_loss=0.236788 val_iou=0.672262 lr=0.00009881
2026-05-16 05:52:33,390 [Trainer] :: Updated latest checkpoint at epoch 21
2026-05-16 05:52:33,571 [Trainer] :: New best checkpoint saved with val_iou=0.672262
2026-05-16 05:52:33,572 [Trainer] :: Starting epoch 22
2026-05-16 05:57:15,230 [Trainer] :: Completed epoch 22: train_loss=0.136308 train_iou=0.863794 val_loss=0.253811 val_iou=0.645377 lr=0.00009869
2026-05-16 05:57:15,423 [Trainer] :: Updated latest checkpoint at epoch 22
2026-05-16 05:57:15,423 [Trainer] :: No validation IoU improvement for 1 epoch(s)
2026-05-16 05:57:15,423 [Trainer] :: Starting epoch 23
2026-05-16 06:03:28,099 [Trainer] :: Completed epoch 23: train_loss=0.134974 train_iou=0.866864 val_loss=0.252851 val_iou=0.650849 lr=0.00009857
2026-05-16 06:03:28,271 [Trainer] :: Updated latest checkpoint at epoch 23
2026-05-16 06:03:28,271 [Trainer] :: No validation IoU improvement for 2 epoch(s)
2026-05-16 06:03:28,271 [Trainer] :: Starting epoch 24
2026-05-16 06:07:58,699 [Trainer] :: Completed epoch 24: train_loss=0.136978 train_iou=0.864330 val_loss=0.273881 val_iou=0.620402 lr=0.00009844
2026-05-16 06:07:58,944 [Trainer] :: Updated latest checkpoint at epoch 24
2026-05-16 06:07:58,944 [Trainer] :: No validation IoU improvement for 3 epoch(s)
2026-05-16 06:07:58,944 [Trainer] :: Starting epoch 25
2026-05-16 06:12:39,433 [Trainer] :: Completed epoch 25: train_loss=0.131059 train_iou=0.868861 val_loss=0.245371 val_iou=0.662006 lr=0.00009831
2026-05-16 06:12:39,645 [Trainer] :: Updated latest checkpoint at epoch 25
2026-05-16 06:12:39,645 [Trainer] :: No validation IoU improvement for 4 epoch(s)
2026-05-16 06:12:39,645 [Trainer] :: Starting epoch 26
2026-05-16 06:17:12,384 [Trainer] :: Completed epoch 26: train_loss=0.130996 train_iou=0.867905 val_loss=0.266805 val_iou=0.642123 lr=0.00009818
2026-05-16 06:17:12,733 [Trainer] :: Updated latest checkpoint at epoch 26
2026-05-16 06:17:12,733 [Trainer] :: No validation IoU improvement for 5 epoch(s)
2026-05-16 06:17:12,733 [Trainer] :: Starting epoch 27
2026-05-16 06:21:39,056 [Trainer] :: Completed epoch 27: train_loss=0.121949 train_iou=0.872653 val_loss=0.267452 val_iou=0.634190 lr=0.00009803
2026-05-16 06:21:39,243 [Trainer] :: Updated latest checkpoint at epoch 27
2026-05-16 06:21:39,243 [Trainer] :: No validation IoU improvement for 6 epoch(s)
2026-05-16 06:21:39,243 [Trainer] :: Starting epoch 28
2026-05-16 06:25:59,645 [Trainer] :: Completed epoch 28: train_loss=0.122410 train_iou=0.875563 val_loss=0.268920 val_iou=0.630517 lr=0.00009789
2026-05-16 06:25:59,830 [Trainer] :: Updated latest checkpoint at epoch 28
2026-05-16 06:25:59,831 [Trainer] :: No validation IoU improvement for 7 epoch(s)
2026-05-16 06:25:59,831 [Trainer] :: Starting epoch 29
2026-05-16 06:30:17,005 [Trainer] :: Completed epoch 29: train_loss=0.124924 train_iou=0.871830 val_loss=0.254600 val_iou=0.651681 lr=0.00009773
2026-05-16 06:30:17,234 [Trainer] :: Updated latest checkpoint at epoch 29
2026-05-16 06:30:17,234 [Trainer] :: No validation IoU improvement for 8 epoch(s)
2026-05-16 06:30:17,234 [Trainer] :: Starting epoch 30
2026-05-16 06:34:26,386 [Trainer] :: Completed epoch 30: train_loss=0.116441 train_iou=0.878914 val_loss=0.257495 val_iou=0.649912 lr=0.00009758
2026-05-16 06:34:26,593 [Trainer] :: Updated latest checkpoint at epoch 30
2026-05-16 06:34:26,593 [Trainer] :: No validation IoU improvement for 9 epoch(s)
2026-05-16 06:34:26,593 [Trainer] :: Starting epoch 31
2026-05-16 06:38:35,334 [Trainer] :: Completed epoch 31: train_loss=0.116742 train_iou=0.881849 val_loss=0.286335 val_iou=0.610191 lr=0.00009741
2026-05-16 06:38:35,539 [Trainer] :: Updated latest checkpoint at epoch 31
2026-05-16 06:38:35,540 [Trainer] :: No validation IoU improvement for 10 epoch(s)
2026-05-16 06:38:35,540 [Trainer] :: Starting epoch 32
2026-05-16 06:42:42,703 [Trainer] :: Completed epoch 32: train_loss=0.114022 train_iou=0.884245 val_loss=0.253854 val_iou=0.649514 lr=0.00009725
2026-05-16 06:42:42,937 [Trainer] :: Updated latest checkpoint at epoch 32
2026-05-16 06:42:42,937 [Trainer] :: No validation IoU improvement for 11 epoch(s)
2026-05-16 06:42:42,937 [Trainer] :: Starting epoch 33
2026-05-16 06:47:06,616 [Trainer] :: Completed epoch 33: train_loss=0.111683 train_iou=0.885409 val_loss=0.241705 val_iou=0.666508 lr=0.00009707
2026-05-16 06:47:07,185 [Trainer] :: Updated latest checkpoint at epoch 33
2026-05-16 06:47:07,185 [Trainer] :: No validation IoU improvement for 12 epoch(s)
2026-05-16 06:47:07,185 [Trainer] :: Starting epoch 34
2026-05-16 06:53:44,348 [Trainer] :: Completed epoch 34: train_loss=0.109550 train_iou=0.886008 val_loss=0.258604 val_iou=0.636513 lr=0.00009690
2026-05-16 06:53:44,854 [Trainer] :: Updated latest checkpoint at epoch 34
2026-05-16 06:53:44,854 [Trainer] :: No validation IoU improvement for 13 epoch(s)
2026-05-16 06:53:44,854 [Trainer] :: Starting epoch 35
2026-05-16 06:58:16,523 [Trainer] :: Completed epoch 35: train_loss=0.109119 train_iou=0.887255 val_loss=0.257044 val_iou=0.654037 lr=0.00009671
2026-05-16 06:58:16,750 [Trainer] :: Updated latest checkpoint at epoch 35
2026-05-16 06:58:16,830 [Trainer] :: No validation IoU improvement for 14 epoch(s)
2026-05-16 06:58:16,830 [Trainer] :: Starting epoch 36
2026-05-16 07:02:47,789 [Trainer] :: Completed epoch 36: train_loss=0.107942 train_iou=0.889845 val_loss=0.263725 val_iou=0.651471 lr=0.00009652
2026-05-16 07:02:48,020 [Trainer] :: Updated latest checkpoint at epoch 36
2026-05-16 07:02:48,020 [Trainer] :: No validation IoU improvement for 15 epoch(s)
2026-05-16 07:02:48,020 [Trainer] :: Starting epoch 37
2026-05-16 07:07:21,480 [Trainer] :: Completed epoch 37: train_loss=0.103308 train_iou=0.893570 val_loss=0.280306 val_iou=0.647598 lr=0.00009633
2026-05-16 07:07:21,768 [Trainer] :: Updated latest checkpoint at epoch 37
2026-05-16 07:07:21,769 [Trainer] :: No validation IoU improvement for 16 epoch(s)
2026-05-16 07:07:21,769 [Trainer] :: Starting epoch 38
2026-05-16 07:12:26,165 [Trainer] :: Completed epoch 38: train_loss=0.101778 train_iou=0.894743 val_loss=0.259477 val_iou=0.648853 lr=0.00009613
2026-05-16 07:12:26,381 [Trainer] :: Updated latest checkpoint at epoch 38
2026-05-16 07:12:26,381 [Trainer] :: No validation IoU improvement for 17 epoch(s)
2026-05-16 07:12:26,382 [Trainer] :: Starting epoch 39
2026-05-16 07:17:31,859 [Trainer] :: Completed epoch 39: train_loss=0.103417 train_iou=0.894555 val_loss=0.260814 val_iou=0.644344 lr=0.00009593
2026-05-16 07:17:32,170 [Trainer] :: Updated latest checkpoint at epoch 39
2026-05-16 07:17:32,170 [Trainer] :: No validation IoU improvement for 18 epoch(s)
2026-05-16 07:17:32,170 [Trainer] :: Starting epoch 40
2026-05-16 07:22:25,222 [Trainer] :: Completed epoch 40: train_loss=0.100378 train_iou=0.895003 val_loss=0.253682 val_iou=0.652071 lr=0.00009572
2026-05-16 07:22:25,437 [Trainer] :: Updated latest checkpoint at epoch 40
2026-05-16 07:22:25,437 [Trainer] :: No validation IoU improvement for 19 epoch(s)
2026-05-16 07:22:25,437 [Trainer] :: Starting epoch 41
2026-05-16 07:26:58,411 [Trainer] :: Completed epoch 41: train_loss=0.099665 train_iou=0.898384 val_loss=0.273076 val_iou=0.632401 lr=0.00009551
2026-05-16 07:26:59,043 [Trainer] :: Updated latest checkpoint at epoch 41
2026-05-16 07:26:59,043 [Trainer] :: No validation IoU improvement for 20 epoch(s)
2026-05-16 07:26:59,044 [Trainer] :: Starting epoch 42
2026-05-16 07:32:13,114 [Trainer] :: Completed epoch 42: train_loss=0.096218 train_iou=0.899723 val_loss=0.273705 val_iou=0.635445 lr=0.00009529
2026-05-16 07:32:13,522 [Trainer] :: Updated latest checkpoint at epoch 42
2026-05-16 07:32:13,523 [Trainer] :: No validation IoU improvement for 21 epoch(s)
2026-05-16 07:32:13,523 [Trainer] :: Starting epoch 43
2026-05-16 07:37:19,504 [Trainer] :: Completed epoch 43: train_loss=0.095475 train_iou=0.901151 val_loss=0.256922 val_iou=0.662438 lr=0.00009507
2026-05-16 07:37:19,765 [Trainer] :: Updated latest checkpoint at epoch 43
2026-05-16 07:37:19,766 [Trainer] :: No validation IoU improvement for 22 epoch(s)
2026-05-16 07:37:19,766 [Trainer] :: Starting epoch 44
2026-05-16 07:42:22,618 [Trainer] :: Completed epoch 44: train_loss=0.097332 train_iou=0.899933 val_loss=0.251441 val_iou=0.662874 lr=0.00009484
2026-05-16 07:42:22,860 [Trainer] :: Updated latest checkpoint at epoch 44
2026-05-16 07:42:22,860 [Trainer] :: No validation IoU improvement for 23 epoch(s)
2026-05-16 07:42:22,860 [Trainer] :: Starting epoch 45
2026-05-16 07:47:13,500 [Trainer] :: Completed epoch 45: train_loss=0.090003 train_iou=0.904375 val_loss=0.254470 val_iou=0.666139 lr=0.00009460
2026-05-16 07:47:13,777 [Trainer] :: Updated latest checkpoint at epoch 45
2026-05-16 07:47:13,777 [Trainer] :: No validation IoU improvement for 24 epoch(s)
2026-05-16 07:47:13,777 [Trainer] :: Starting epoch 46
2026-05-16 07:51:45,427 [Trainer] :: Completed epoch 46: train_loss=0.092626 train_iou=0.904098 val_loss=0.266773 val_iou=0.645634 lr=0.00009437
2026-05-16 07:51:45,620 [Trainer] :: Updated latest checkpoint at epoch 46
2026-05-16 07:51:45,620 [Trainer] :: No validation IoU improvement for 25 epoch(s)
2026-05-16 07:51:45,620 [Trainer] :: Starting epoch 47
2026-05-16 07:56:31,951 [Trainer] :: Completed epoch 47: train_loss=0.091044 train_iou=0.905617 val_loss=0.252271 val_iou=0.661054 lr=0.00009412
2026-05-16 07:56:32,152 [Trainer] :: Updated latest checkpoint at epoch 47
2026-05-16 07:56:32,152 [Trainer] :: No validation IoU improvement for 26 epoch(s)
2026-05-16 07:56:32,152 [Trainer] :: Starting epoch 48
2026-05-16 08:01:13,414 [Trainer] :: Completed epoch 48: train_loss=0.086488 train_iou=0.907993 val_loss=0.280433 val_iou=0.634493 lr=0.00009388
2026-05-16 08:01:13,636 [Trainer] :: Updated latest checkpoint at epoch 48
2026-05-16 08:01:13,636 [Trainer] :: No validation IoU improvement for 27 epoch(s)
2026-05-16 08:01:13,636 [Trainer] :: Starting epoch 49
2026-05-16 08:05:57,705 [Trainer] :: Completed epoch 49: train_loss=0.087220 train_iou=0.908899 val_loss=0.262263 val_iou=0.662668 lr=0.00009363
2026-05-16 08:05:57,901 [Trainer] :: Updated latest checkpoint at epoch 49
2026-05-16 08:05:57,901 [Trainer] :: No validation IoU improvement for 28 epoch(s)
2026-05-16 08:05:57,901 [Trainer] :: Starting epoch 50
2026-05-16 08:10:41,237 [Trainer] :: Completed epoch 50: train_loss=0.085371 train_iou=0.910785 val_loss=0.290920 val_iou=0.613384 lr=0.00009337
2026-05-16 08:10:41,599 [Trainer] :: Updated latest checkpoint at epoch 50
2026-05-16 08:10:41,600 [Trainer] :: No validation IoU improvement for 29 epoch(s)
2026-05-16 08:10:41,600 [Trainer] :: Starting epoch 51
2026-05-16 08:15:22,293 [Trainer] :: Completed epoch 51: train_loss=0.088774 train_iou=0.907669 val_loss=0.257806 val_iou=0.665239 lr=0.00009311
2026-05-16 08:15:22,501 [Trainer] :: Updated latest checkpoint at epoch 51
2026-05-16 08:15:22,501 [Trainer] :: No validation IoU improvement for 30 epoch(s)
2026-05-16 08:15:22,501 [Trainer] :: Starting epoch 52
2026-05-16 08:19:58,042 [Trainer] :: Completed epoch 52: train_loss=0.085329 train_iou=0.910039 val_loss=0.268824 val_iou=0.648557 lr=0.00009284
2026-05-16 08:19:58,260 [Trainer] :: Updated latest checkpoint at epoch 52
2026-05-16 08:19:58,261 [Trainer] :: No validation IoU improvement for 31 epoch(s)
2026-05-16 08:19:58,261 [Trainer] :: Starting epoch 53
2026-05-16 08:24:49,538 [Trainer] :: Completed epoch 53: train_loss=0.084449 train_iou=0.911517 val_loss=0.263834 val_iou=0.665465 lr=0.00009257
2026-05-16 08:24:49,787 [Trainer] :: Updated latest checkpoint at epoch 53
2026-05-16 08:24:49,787 [Trainer] :: No validation IoU improvement for 32 epoch(s)
2026-05-16 08:24:49,787 [Trainer] :: Starting epoch 54
2026-05-16 08:29:21,883 [Trainer] :: Completed epoch 54: train_loss=0.084638 train_iou=0.911355 val_loss=0.258330 val_iou=0.667911 lr=0.00009229
2026-05-16 08:29:22,079 [Trainer] :: Updated latest checkpoint at epoch 54
2026-05-16 08:29:22,079 [Trainer] :: No validation IoU improvement for 33 epoch(s)
2026-05-16 08:29:22,079 [Trainer] :: Starting epoch 55
2026-05-16 08:34:31,541 [Trainer] :: Completed epoch 55: train_loss=0.083414 train_iou=0.912769 val_loss=0.275513 val_iou=0.652233 lr=0.00009201
2026-05-16 08:34:31,786 [Trainer] :: Updated latest checkpoint at epoch 55
2026-05-16 08:34:31,786 [Trainer] :: No validation IoU improvement for 34 epoch(s)
2026-05-16 08:34:31,786 [Trainer] :: Starting epoch 56
2026-05-16 08:39:11,176 [Trainer] :: Completed epoch 56: train_loss=0.080442 train_iou=0.914887 val_loss=0.268669 val_iou=0.644499 lr=0.00009173
2026-05-16 08:39:11,382 [Trainer] :: Updated latest checkpoint at epoch 56
2026-05-16 08:39:11,382 [Trainer] :: No validation IoU improvement for 35 epoch(s)
2026-05-16 08:39:11,382 [Trainer] :: Starting epoch 57
2026-05-16 08:44:31,257 [Trainer] :: Completed epoch 57: train_loss=0.081040 train_iou=0.912544 val_loss=0.272707 val_iou=0.651029 lr=0.00009144
2026-05-16 08:44:31,511 [Trainer] :: Updated latest checkpoint at epoch 57
2026-05-16 08:44:31,511 [Trainer] :: No validation IoU improvement for 36 epoch(s)
2026-05-16 08:44:31,511 [Trainer] :: Starting epoch 58
2026-05-16 08:50:05,819 [Trainer] :: Completed epoch 58: train_loss=0.079008 train_iou=0.916607 val_loss=0.270401 val_iou=0.660799 lr=0.00009115
2026-05-16 08:50:06,122 [Trainer] :: Updated latest checkpoint at epoch 58
2026-05-16 08:50:06,123 [Trainer] :: No validation IoU improvement for 37 epoch(s)
2026-05-16 08:50:06,123 [Trainer] :: Starting epoch 59
2026-05-16 08:55:16,552 [Trainer] :: Completed epoch 59: train_loss=0.077667 train_iou=0.918100 val_loss=0.251403 val_iou=0.671448 lr=0.00009085
2026-05-16 08:55:16,760 [Trainer] :: Updated latest checkpoint at epoch 59
2026-05-16 08:55:16,760 [Trainer] :: No validation IoU improvement for 38 epoch(s)
2026-05-16 08:55:16,760 [Trainer] :: Starting epoch 60
2026-05-16 08:59:51,566 [Trainer] :: Completed epoch 60: train_loss=0.077250 train_iou=0.917690 val_loss=0.275844 val_iou=0.653596 lr=0.00009055
2026-05-16 08:59:51,754 [Trainer] :: Updated latest checkpoint at epoch 60
2026-05-16 08:59:51,754 [Trainer] :: No validation IoU improvement for 39 epoch(s)
2026-05-16 08:59:51,754 [Trainer] :: Starting epoch 61
2026-05-16 09:05:07,765 [Trainer] :: Completed epoch 61: train_loss=0.076643 train_iou=0.919001 val_loss=0.270063 val_iou=0.655271 lr=0.00009024
2026-05-16 09:05:08,195 [Trainer] :: Updated latest checkpoint at epoch 61
2026-05-16 09:05:08,195 [Trainer] :: No validation IoU improvement for 40 epoch(s)
2026-05-16 09:05:08,196 [Trainer] :: Starting epoch 62
2026-05-16 09:09:39,806 [Trainer] :: Completed epoch 62: train_loss=0.075912 train_iou=0.920158 val_loss=0.279490 val_iou=0.652522 lr=0.00008993
2026-05-16 09:09:40,036 [Trainer] :: Updated latest checkpoint at epoch 62
2026-05-16 09:09:40,036 [Trainer] :: No validation IoU improvement for 41 epoch(s)
2026-05-16 09:09:40,036 [Trainer] :: Starting epoch 63
2026-05-16 09:14:37,330 [Trainer] :: Completed epoch 63: train_loss=0.073202 train_iou=0.922225 val_loss=0.285230 val_iou=0.653075 lr=0.00008961
2026-05-16 09:14:37,639 [Trainer] :: Updated latest checkpoint at epoch 63
2026-05-16 09:14:37,749 [Trainer] :: No validation IoU improvement for 42 epoch(s)
2026-05-16 09:14:37,749 [Trainer] :: Starting epoch 64
2026-05-16 09:19:19,556 [Trainer] :: Completed epoch 64: train_loss=0.071567 train_iou=0.923022 val_loss=0.299963 val_iou=0.649890 lr=0.00008929
2026-05-16 09:19:19,777 [Trainer] :: Updated latest checkpoint at epoch 64
2026-05-16 09:19:19,777 [Trainer] :: No validation IoU improvement for 43 epoch(s)
2026-05-16 09:19:19,777 [Trainer] :: Starting epoch 65
2026-05-16 09:23:54,121 [Trainer] :: Completed epoch 65: train_loss=0.071489 train_iou=0.923751 val_loss=0.279068 val_iou=0.654056 lr=0.00008897
2026-05-16 09:23:54,313 [Trainer] :: Updated latest checkpoint at epoch 65
2026-05-16 09:23:54,313 [Trainer] :: No validation IoU improvement for 44 epoch(s)
2026-05-16 09:23:54,313 [Trainer] :: Starting epoch 66
2026-05-16 09:28:35,921 [Trainer] :: Completed epoch 66: train_loss=0.072290 train_iou=0.922484 val_loss=0.293940 val_iou=0.636033 lr=0.00008864
2026-05-16 09:28:36,164 [Trainer] :: Updated latest checkpoint at epoch 66
2026-05-16 09:28:36,164 [Trainer] :: No validation IoU improvement for 45 epoch(s)
2026-05-16 09:28:36,164 [Trainer] :: Starting epoch 67
2026-05-16 09:33:43,473 [Trainer] :: Completed epoch 67: train_loss=0.071298 train_iou=0.922233 val_loss=0.277003 val_iou=0.653721 lr=0.00008831
2026-05-16 09:33:43,665 [Trainer] :: Updated latest checkpoint at epoch 67
2026-05-16 09:33:43,665 [Trainer] :: No validation IoU improvement for 46 epoch(s)
2026-05-16 09:33:43,666 [Trainer] :: Starting epoch 68
2026-05-16 09:38:17,257 [Trainer] :: Completed epoch 68: train_loss=0.070906 train_iou=0.924756 val_loss=0.293091 val_iou=0.641143 lr=0.00008797
2026-05-16 09:38:17,495 [Trainer] :: Updated latest checkpoint at epoch 68
2026-05-16 09:38:17,495 [Trainer] :: No validation IoU improvement for 47 epoch(s)
2026-05-16 09:38:17,495 [Trainer] :: Starting epoch 69
2026-05-16 09:43:10,567 [Trainer] :: Completed epoch 69: train_loss=0.071568 train_iou=0.924995 val_loss=0.288937 val_iou=0.646259 lr=0.00008763
2026-05-16 09:43:10,750 [Trainer] :: Updated latest checkpoint at epoch 69
2026-05-16 09:43:10,750 [Trainer] :: No validation IoU improvement for 48 epoch(s)
2026-05-16 09:43:10,750 [Trainer] :: Starting epoch 70
2026-05-16 09:47:19,971 [Trainer] :: Completed epoch 70: train_loss=0.069092 train_iou=0.926427 val_loss=0.300111 val_iou=0.639479 lr=0.00008729
2026-05-16 09:47:20,180 [Trainer] :: Updated latest checkpoint at epoch 70
2026-05-16 09:47:20,181 [Trainer] :: No validation IoU improvement for 49 epoch(s)
2026-05-16 09:47:20,181 [Trainer] :: Starting epoch 71
2026-05-16 09:51:28,215 [Trainer] :: Completed epoch 71: train_loss=0.068891 train_iou=0.926445 val_loss=0.286537 val_iou=0.652503 lr=0.00008694
2026-05-16 09:51:28,451 [Trainer] :: Updated latest checkpoint at epoch 71
2026-05-16 09:51:28,451 [Trainer] :: No validation IoU improvement for 50 epoch(s)
2026-05-16 09:51:28,451 [Trainer] :: Starting epoch 72
2026-05-16 09:56:08,449 [Trainer] :: Completed epoch 72: train_loss=0.069619 train_iou=0.926852 val_loss=0.278879 val_iou=0.654935 lr=0.00008658
2026-05-16 09:56:08,671 [Trainer] :: Updated latest checkpoint at epoch 72
2026-05-16 09:56:08,671 [Trainer] :: No validation IoU improvement for 51 epoch(s)
2026-05-16 09:56:08,671 [Trainer] :: Starting epoch 73
2026-05-16 10:00:24,505 [Trainer] :: Completed epoch 73: train_loss=0.066519 train_iou=0.928795 val_loss=0.284304 val_iou=0.646395 lr=0.00008623
2026-05-16 10:00:24,706 [Trainer] :: Updated latest checkpoint at epoch 73
2026-05-16 10:00:24,706 [Trainer] :: No validation IoU improvement for 52 epoch(s)
2026-05-16 10:00:24,706 [Trainer] :: Starting epoch 74
2026-05-16 10:04:59,750 [Trainer] :: Completed epoch 74: train_loss=0.066152 train_iou=0.928556 val_loss=0.284733 val_iou=0.651500 lr=0.00008587
2026-05-16 10:04:59,969 [Trainer] :: Updated latest checkpoint at epoch 74
2026-05-16 10:04:59,969 [Trainer] :: No validation IoU improvement for 53 epoch(s)
2026-05-16 10:04:59,969 [Trainer] :: Starting epoch 75
2026-05-16 10:09:37,851 [Trainer] :: Completed epoch 75: train_loss=0.067083 train_iou=0.928527 val_loss=0.342647 val_iou=0.624673 lr=0.00008550
2026-05-16 10:09:38,047 [Trainer] :: Updated latest checkpoint at epoch 75
2026-05-16 10:09:38,047 [Trainer] :: No validation IoU improvement for 54 epoch(s)
2026-05-16 10:09:38,047 [Trainer] :: Starting epoch 76
2026-05-16 10:14:06,948 [Trainer] :: Completed epoch 76: train_loss=0.069717 train_iou=0.926398 val_loss=0.298534 val_iou=0.643474 lr=0.00008513
2026-05-16 10:14:07,159 [Trainer] :: Updated latest checkpoint at epoch 76
2026-05-16 10:14:07,159 [Trainer] :: No validation IoU improvement for 55 epoch(s)
2026-05-16 10:14:07,159 [Trainer] :: Starting epoch 77
2026-05-16 10:18:48,064 [Trainer] :: Completed epoch 77: train_loss=0.065667 train_iou=0.929916 val_loss=0.289538 val_iou=0.649265 lr=0.00008476
2026-05-16 10:18:48,263 [Trainer] :: Updated latest checkpoint at epoch 77
2026-05-16 10:18:48,263 [Trainer] :: No validation IoU improvement for 56 epoch(s)
2026-05-16 10:18:48,263 [Trainer] :: Starting epoch 78
2026-05-16 10:25:01,716 [Trainer] :: Completed epoch 78: train_loss=0.064351 train_iou=0.930608 val_loss=0.282902 val_iou=0.661430 lr=0.00008439
2026-05-16 10:25:01,919 [Trainer] :: Updated latest checkpoint at epoch 78
2026-05-16 10:25:01,919 [Trainer] :: No validation IoU improvement for 57 epoch(s)
2026-05-16 10:25:01,919 [Trainer] :: Starting epoch 79
2026-05-16 10:29:58,639 [Trainer] :: Completed epoch 79: train_loss=0.065037 train_iou=0.929196 val_loss=0.297593 val_iou=0.638392 lr=0.00008401
2026-05-16 10:29:58,834 [Trainer] :: Updated latest checkpoint at epoch 79
2026-05-16 10:29:58,834 [Trainer] :: No validation IoU improvement for 58 epoch(s)
2026-05-16 10:29:58,834 [Trainer] :: Starting epoch 80
2026-05-16 10:34:53,931 [Trainer] :: Completed epoch 80: train_loss=0.063376 train_iou=0.931755 val_loss=0.277979 val_iou=0.668268 lr=0.00008362
2026-05-16 10:34:54,157 [Trainer] :: Updated latest checkpoint at epoch 80
2026-05-16 10:34:54,158 [Trainer] :: No validation IoU improvement for 59 epoch(s)
2026-05-16 10:34:54,158 [Trainer] :: Starting epoch 81
2026-05-16 10:39:53,483 [Trainer] :: Completed epoch 81: train_loss=0.065577 train_iou=0.930341 val_loss=0.292666 val_iou=0.650657 lr=0.00008323
2026-05-16 10:39:53,699 [Trainer] :: Updated latest checkpoint at epoch 81
2026-05-16 10:39:53,699 [Trainer] :: No validation IoU improvement for 60 epoch(s)
2026-05-16 10:39:53,700 [Trainer] :: Early stopping triggered after 60 epoch(s) without improvement
2026-05-16 10:43:58,390 [Trainer] :: Wrote training history to outputs/runs/rgb_real_msi_segformer_b1_seed47_20260516T021551Z/metrics/history.json
2026-05-16 10:43:58,410 [Trainer] :: Wrote test summary to outputs/runs/rgb_real_msi_segformer_b1_seed47_20260516T021551Z/metrics/test_summary.json
2026-05-16 10:43:58,410 [Trainer] :: Training completed
