2026-05-15 09:53:55,260 [Trainer] :: Training run initialized at /ceph/home/student.aau.dk/qd36zu/fuzzy-p10/tbd/masking/outputs/runs/real_msi_deeplabv3plus_resnet34_seed44_20260515T075355Z
2026-05-15 09:53:55,260 [Trainer] :: Loaded config from /ceph/home/student.aau.dk/qd36zu/fuzzy-p10/tbd/masking/configs/binary/real_msi_deeplabv3plus_resnet34.yaml
2026-05-15 09:53:55,260 [Trainer] :: Using seed=44 and device=None
2026-05-15 09:53:55,260 [Trainer] :: Using model architecture=DeepLabV3Plus encoder=resnet34 encoder_weights=imagenet
2026-05-15 09:53:55,777 [Trainer] :: Resolved runtime device to cuda
2026-05-15 09:53:55,777 [Trainer] :: Prepared normalization from source=train_split_patch_stats
2026-05-15 09:54:17,169 [Trainer] :: Built dataloaders with batch_size=16, num_workers=0
2026-05-15 09:54:17,170 [Trainer] :: Starting epoch 1
2026-05-15 10:00:38,547 [Trainer] :: Completed epoch 1: train_loss=0.414757 train_iou=0.638609 val_loss=0.429631 val_iou=0.481633 lr=0.00010000
2026-05-15 10:00:39,059 [Trainer] :: Updated latest checkpoint at epoch 1
2026-05-15 10:00:39,568 [Trainer] :: New best checkpoint saved with val_iou=0.481633
2026-05-15 10:00:39,568 [Trainer] :: Starting epoch 2
2026-05-15 10:03:20,229 [Trainer] :: Completed epoch 2: train_loss=0.304498 train_iou=0.732782 val_loss=0.365505 val_iou=0.535376 lr=0.00009999
2026-05-15 10:03:20,735 [Trainer] :: Updated latest checkpoint at epoch 2
2026-05-15 10:03:21,197 [Trainer] :: New best checkpoint saved with val_iou=0.535376
2026-05-15 10:03:21,198 [Trainer] :: Starting epoch 3
2026-05-15 10:05:24,737 [Trainer] :: Completed epoch 3: train_loss=0.280405 train_iou=0.749742 val_loss=0.361196 val_iou=0.486682 lr=0.00009998
2026-05-15 10:05:25,186 [Trainer] :: Updated latest checkpoint at epoch 3
2026-05-15 10:05:25,186 [Trainer] :: No validation IoU improvement for 1 epoch(s)
2026-05-15 10:05:25,186 [Trainer] :: Starting epoch 4
2026-05-15 10:07:11,861 [Trainer] :: Completed epoch 4: train_loss=0.262999 train_iou=0.766234 val_loss=0.342987 val_iou=0.503632 lr=0.00009996
2026-05-15 10:07:12,435 [Trainer] :: Updated latest checkpoint at epoch 4
2026-05-15 10:07:12,435 [Trainer] :: No validation IoU improvement for 2 epoch(s)
2026-05-15 10:07:12,435 [Trainer] :: Starting epoch 5
2026-05-15 10:09:07,291 [Trainer] :: Completed epoch 5: train_loss=0.263705 train_iou=0.761260 val_loss=0.308478 val_iou=0.563675 lr=0.00009993
2026-05-15 10:09:07,667 [Trainer] :: Updated latest checkpoint at epoch 5
2026-05-15 10:09:08,015 [Trainer] :: New best checkpoint saved with val_iou=0.563675
2026-05-15 10:09:08,015 [Trainer] :: Starting epoch 6
2026-05-15 10:11:14,662 [Trainer] :: Completed epoch 6: train_loss=0.237582 train_iou=0.789047 val_loss=0.324856 val_iou=0.542841 lr=0.00009990
2026-05-15 10:11:15,008 [Trainer] :: Updated latest checkpoint at epoch 6
2026-05-15 10:11:15,008 [Trainer] :: No validation IoU improvement for 1 epoch(s)
2026-05-15 10:11:15,008 [Trainer] :: Starting epoch 7
2026-05-15 10:13:31,714 [Trainer] :: Completed epoch 7: train_loss=0.223489 train_iou=0.800765 val_loss=0.340939 val_iou=0.530908 lr=0.00009987
2026-05-15 10:13:32,377 [Trainer] :: Updated latest checkpoint at epoch 7
2026-05-15 10:13:32,377 [Trainer] :: No validation IoU improvement for 2 epoch(s)
2026-05-15 10:13:32,377 [Trainer] :: Starting epoch 8
2026-05-15 10:16:19,820 [Trainer] :: Completed epoch 8: train_loss=0.224974 train_iou=0.798556 val_loss=0.302436 val_iou=0.579833 lr=0.00009983
2026-05-15 10:16:20,243 [Trainer] :: Updated latest checkpoint at epoch 8
2026-05-15 10:16:20,634 [Trainer] :: New best checkpoint saved with val_iou=0.579833
2026-05-15 10:16:20,634 [Trainer] :: Starting epoch 9
2026-05-15 10:18:45,482 [Trainer] :: Completed epoch 9: train_loss=0.208940 train_iou=0.810523 val_loss=0.307159 val_iou=0.568038 lr=0.00009978
2026-05-15 10:18:45,943 [Trainer] :: Updated latest checkpoint at epoch 9
2026-05-15 10:18:45,943 [Trainer] :: No validation IoU improvement for 1 epoch(s)
2026-05-15 10:18:45,943 [Trainer] :: Starting epoch 10
2026-05-15 10:22:40,543 [Trainer] :: Completed epoch 10: train_loss=0.208308 train_iou=0.811735 val_loss=0.299859 val_iou=0.588097 lr=0.00009973
2026-05-15 10:22:41,108 [Trainer] :: Updated latest checkpoint at epoch 10
2026-05-15 10:22:41,642 [Trainer] :: New best checkpoint saved with val_iou=0.588097
2026-05-15 10:22:41,642 [Trainer] :: Starting epoch 11
2026-05-15 10:24:52,384 [Trainer] :: Completed epoch 11: train_loss=0.203086 train_iou=0.814149 val_loss=0.322971 val_iou=0.557191 lr=0.00009967
2026-05-15 10:24:52,878 [Trainer] :: Updated latest checkpoint at epoch 11
2026-05-15 10:24:52,878 [Trainer] :: No validation IoU improvement for 1 epoch(s)
2026-05-15 10:24:52,878 [Trainer] :: Starting epoch 12
2026-05-15 10:27:08,862 [Trainer] :: Completed epoch 12: train_loss=0.187790 train_iou=0.829194 val_loss=0.279160 val_iou=0.609221 lr=0.00009961
2026-05-15 10:27:09,312 [Trainer] :: Updated latest checkpoint at epoch 12
2026-05-15 10:27:09,775 [Trainer] :: New best checkpoint saved with val_iou=0.609221
2026-05-15 10:27:09,775 [Trainer] :: Starting epoch 13
2026-05-15 10:29:31,508 [Trainer] :: Completed epoch 13: train_loss=0.183356 train_iou=0.830505 val_loss=0.324108 val_iou=0.555057 lr=0.00009954
2026-05-15 10:29:31,867 [Trainer] :: Updated latest checkpoint at epoch 13
2026-05-15 10:29:31,867 [Trainer] :: No validation IoU improvement for 1 epoch(s)
2026-05-15 10:29:31,867 [Trainer] :: Starting epoch 14
2026-05-15 10:32:40,649 [Trainer] :: Completed epoch 14: train_loss=0.184265 train_iou=0.827246 val_loss=0.293862 val_iou=0.573284 lr=0.00009947
2026-05-15 10:32:41,142 [Trainer] :: Updated latest checkpoint at epoch 14
2026-05-15 10:32:41,142 [Trainer] :: No validation IoU improvement for 2 epoch(s)
2026-05-15 10:32:41,142 [Trainer] :: Starting epoch 15
2026-05-15 10:35:31,694 [Trainer] :: Completed epoch 15: train_loss=0.167153 train_iou=0.839164 val_loss=0.336875 val_iou=0.548049 lr=0.00009939
2026-05-15 10:35:32,434 [Trainer] :: Updated latest checkpoint at epoch 15
2026-05-15 10:35:32,435 [Trainer] :: No validation IoU improvement for 3 epoch(s)
2026-05-15 10:35:32,435 [Trainer] :: Starting epoch 16
2026-05-15 10:38:30,076 [Trainer] :: Completed epoch 16: train_loss=0.162763 train_iou=0.841729 val_loss=0.318178 val_iou=0.576783 lr=0.00009931
2026-05-15 10:38:30,454 [Trainer] :: Updated latest checkpoint at epoch 16
2026-05-15 10:38:30,454 [Trainer] :: No validation IoU improvement for 4 epoch(s)
2026-05-15 10:38:30,454 [Trainer] :: Starting epoch 17
2026-05-15 10:40:53,744 [Trainer] :: Completed epoch 17: train_loss=0.158014 train_iou=0.849223 val_loss=0.284807 val_iou=0.599297 lr=0.00009922
2026-05-15 10:40:54,309 [Trainer] :: Updated latest checkpoint at epoch 17
2026-05-15 10:40:54,310 [Trainer] :: No validation IoU improvement for 5 epoch(s)
2026-05-15 10:40:54,310 [Trainer] :: Starting epoch 18
2026-05-15 10:44:35,652 [Trainer] :: Completed epoch 18: train_loss=0.155218 train_iou=0.848284 val_loss=0.313364 val_iou=0.560975 lr=0.00009912
2026-05-15 10:44:36,396 [Trainer] :: Updated latest checkpoint at epoch 18
2026-05-15 10:44:36,396 [Trainer] :: No validation IoU improvement for 6 epoch(s)
2026-05-15 10:44:36,396 [Trainer] :: Starting epoch 19
2026-05-15 10:47:58,201 [Trainer] :: Completed epoch 19: train_loss=0.149319 train_iou=0.851559 val_loss=0.310332 val_iou=0.569055 lr=0.00009902
2026-05-15 10:47:58,650 [Trainer] :: Updated latest checkpoint at epoch 19
2026-05-15 10:47:58,650 [Trainer] :: No validation IoU improvement for 7 epoch(s)
2026-05-15 10:47:58,650 [Trainer] :: Starting epoch 20
2026-05-15 10:50:47,147 [Trainer] :: Completed epoch 20: train_loss=0.143108 train_iou=0.859572 val_loss=0.292798 val_iou=0.601191 lr=0.00009892
2026-05-15 10:50:47,496 [Trainer] :: Updated latest checkpoint at epoch 20
2026-05-15 10:50:47,496 [Trainer] :: No validation IoU improvement for 8 epoch(s)
2026-05-15 10:50:47,496 [Trainer] :: Starting epoch 21
2026-05-15 10:53:37,034 [Trainer] :: Completed epoch 21: train_loss=0.150482 train_iou=0.851217 val_loss=0.328183 val_iou=0.574784 lr=0.00009881
2026-05-15 10:53:37,633 [Trainer] :: Updated latest checkpoint at epoch 21
2026-05-15 10:53:37,633 [Trainer] :: No validation IoU improvement for 9 epoch(s)
2026-05-15 10:53:37,633 [Trainer] :: Starting epoch 22
2026-05-15 10:57:08,646 [Trainer] :: Completed epoch 22: train_loss=0.141944 train_iou=0.858979 val_loss=0.303773 val_iou=0.582776 lr=0.00009869
2026-05-15 10:57:09,198 [Trainer] :: Updated latest checkpoint at epoch 22
2026-05-15 10:57:09,198 [Trainer] :: No validation IoU improvement for 10 epoch(s)
2026-05-15 10:57:09,198 [Trainer] :: Starting epoch 23
2026-05-15 11:01:27,468 [Trainer] :: Completed epoch 23: train_loss=0.138135 train_iou=0.859806 val_loss=0.350298 val_iou=0.526077 lr=0.00009857
2026-05-15 11:01:27,849 [Trainer] :: Updated latest checkpoint at epoch 23
2026-05-15 11:01:27,849 [Trainer] :: No validation IoU improvement for 11 epoch(s)
2026-05-15 11:01:27,849 [Trainer] :: Starting epoch 24
2026-05-15 11:03:49,255 [Trainer] :: Completed epoch 24: train_loss=0.135046 train_iou=0.861475 val_loss=0.312356 val_iou=0.583679 lr=0.00009844
2026-05-15 11:03:49,845 [Trainer] :: Updated latest checkpoint at epoch 24
2026-05-15 11:03:49,845 [Trainer] :: No validation IoU improvement for 12 epoch(s)
2026-05-15 11:03:49,845 [Trainer] :: Starting epoch 25
2026-05-15 11:07:25,815 [Trainer] :: Completed epoch 25: train_loss=0.130962 train_iou=0.867273 val_loss=0.304517 val_iou=0.582049 lr=0.00009831
2026-05-15 11:07:26,243 [Trainer] :: Updated latest checkpoint at epoch 25
2026-05-15 11:07:26,243 [Trainer] :: No validation IoU improvement for 13 epoch(s)
2026-05-15 11:07:26,243 [Trainer] :: Starting epoch 26
2026-05-15 11:10:02,251 [Trainer] :: Completed epoch 26: train_loss=0.125156 train_iou=0.870948 val_loss=0.312169 val_iou=0.579620 lr=0.00009818
2026-05-15 11:10:02,794 [Trainer] :: Updated latest checkpoint at epoch 26
2026-05-15 11:10:02,795 [Trainer] :: No validation IoU improvement for 14 epoch(s)
2026-05-15 11:10:02,795 [Trainer] :: Starting epoch 27
2026-05-15 11:12:31,441 [Trainer] :: Completed epoch 27: train_loss=0.121406 train_iou=0.876463 val_loss=0.294057 val_iou=0.605704 lr=0.00009803
2026-05-15 11:12:32,130 [Trainer] :: Updated latest checkpoint at epoch 27
2026-05-15 11:12:32,130 [Trainer] :: No validation IoU improvement for 15 epoch(s)
2026-05-15 11:12:32,130 [Trainer] :: Starting epoch 28
2026-05-15 11:14:45,180 [Trainer] :: Completed epoch 28: train_loss=0.118032 train_iou=0.878768 val_loss=0.359471 val_iou=0.540251 lr=0.00009789
2026-05-15 11:14:45,606 [Trainer] :: Updated latest checkpoint at epoch 28
2026-05-15 11:14:45,606 [Trainer] :: No validation IoU improvement for 16 epoch(s)
2026-05-15 11:14:45,606 [Trainer] :: Starting epoch 29
2026-05-15 11:16:39,101 [Trainer] :: Completed epoch 29: train_loss=0.119613 train_iou=0.878433 val_loss=0.337252 val_iou=0.560459 lr=0.00009773
2026-05-15 11:16:39,541 [Trainer] :: Updated latest checkpoint at epoch 29
2026-05-15 11:16:39,541 [Trainer] :: No validation IoU improvement for 17 epoch(s)
2026-05-15 11:16:39,541 [Trainer] :: Starting epoch 30
2026-05-15 11:19:12,507 [Trainer] :: Completed epoch 30: train_loss=0.117068 train_iou=0.879988 val_loss=0.307904 val_iou=0.583371 lr=0.00009758
2026-05-15 11:19:12,871 [Trainer] :: Updated latest checkpoint at epoch 30
2026-05-15 11:19:12,872 [Trainer] :: No validation IoU improvement for 18 epoch(s)
2026-05-15 11:19:12,872 [Trainer] :: Starting epoch 31
2026-05-15 11:22:11,568 [Trainer] :: Completed epoch 31: train_loss=0.113959 train_iou=0.884664 val_loss=0.376316 val_iou=0.549291 lr=0.00009741
2026-05-15 11:22:12,303 [Trainer] :: Updated latest checkpoint at epoch 31
2026-05-15 11:22:12,303 [Trainer] :: No validation IoU improvement for 19 epoch(s)
2026-05-15 11:22:12,303 [Trainer] :: Starting epoch 32
2026-05-15 11:24:40,500 [Trainer] :: Completed epoch 32: train_loss=0.112124 train_iou=0.883942 val_loss=0.289619 val_iou=0.606489 lr=0.00009725
2026-05-15 11:24:41,109 [Trainer] :: Updated latest checkpoint at epoch 32
2026-05-15 11:24:41,109 [Trainer] :: No validation IoU improvement for 20 epoch(s)
2026-05-15 11:24:41,109 [Trainer] :: Starting epoch 33
2026-05-15 11:26:39,688 [Trainer] :: Completed epoch 33: train_loss=0.106205 train_iou=0.888974 val_loss=0.314020 val_iou=0.577064 lr=0.00009707
2026-05-15 11:26:40,128 [Trainer] :: Updated latest checkpoint at epoch 33
2026-05-15 11:26:40,128 [Trainer] :: No validation IoU improvement for 21 epoch(s)
2026-05-15 11:26:40,128 [Trainer] :: Starting epoch 34
2026-05-15 11:28:41,135 [Trainer] :: Completed epoch 34: train_loss=0.106196 train_iou=0.889703 val_loss=0.319028 val_iou=0.571366 lr=0.00009690
2026-05-15 11:28:41,558 [Trainer] :: Updated latest checkpoint at epoch 34
2026-05-15 11:28:41,559 [Trainer] :: No validation IoU improvement for 22 epoch(s)
2026-05-15 11:28:41,559 [Trainer] :: Starting epoch 35
2026-05-15 11:30:38,113 [Trainer] :: Completed epoch 35: train_loss=0.103645 train_iou=0.893156 val_loss=0.323547 val_iou=0.569375 lr=0.00009671
2026-05-15 11:30:38,930 [Trainer] :: Updated latest checkpoint at epoch 35
2026-05-15 11:30:38,931 [Trainer] :: No validation IoU improvement for 23 epoch(s)
2026-05-15 11:30:38,931 [Trainer] :: Starting epoch 36
2026-05-15 11:32:51,589 [Trainer] :: Completed epoch 36: train_loss=0.104905 train_iou=0.893364 val_loss=0.315687 val_iou=0.577573 lr=0.00009652
2026-05-15 11:32:51,928 [Trainer] :: Updated latest checkpoint at epoch 36
2026-05-15 11:32:51,928 [Trainer] :: No validation IoU improvement for 24 epoch(s)
2026-05-15 11:32:51,928 [Trainer] :: Starting epoch 37
2026-05-15 11:35:06,166 [Trainer] :: Completed epoch 37: train_loss=0.098743 train_iou=0.897460 val_loss=0.324976 val_iou=0.574329 lr=0.00009633
2026-05-15 11:35:06,698 [Trainer] :: Updated latest checkpoint at epoch 37
2026-05-15 11:35:06,698 [Trainer] :: No validation IoU improvement for 25 epoch(s)
2026-05-15 11:35:06,698 [Trainer] :: Starting epoch 38
2026-05-15 11:37:01,240 [Trainer] :: Completed epoch 38: train_loss=0.097296 train_iou=0.897441 val_loss=0.358630 val_iou=0.545660 lr=0.00009613
2026-05-15 11:37:01,815 [Trainer] :: Updated latest checkpoint at epoch 38
2026-05-15 11:37:01,815 [Trainer] :: No validation IoU improvement for 26 epoch(s)
2026-05-15 11:37:01,815 [Trainer] :: Starting epoch 39
2026-05-15 11:38:56,730 [Trainer] :: Completed epoch 39: train_loss=0.096373 train_iou=0.899600 val_loss=0.321493 val_iou=0.586663 lr=0.00009593
2026-05-15 11:38:57,165 [Trainer] :: Updated latest checkpoint at epoch 39
2026-05-15 11:38:57,165 [Trainer] :: No validation IoU improvement for 27 epoch(s)
2026-05-15 11:38:57,165 [Trainer] :: Starting epoch 40
2026-05-15 11:40:43,721 [Trainer] :: Completed epoch 40: train_loss=0.096097 train_iou=0.898575 val_loss=0.334607 val_iou=0.572754 lr=0.00009572
2026-05-15 11:40:44,161 [Trainer] :: Updated latest checkpoint at epoch 40
2026-05-15 11:40:44,161 [Trainer] :: No validation IoU improvement for 28 epoch(s)
2026-05-15 11:40:44,161 [Trainer] :: Starting epoch 41
2026-05-15 11:43:45,121 [Trainer] :: Completed epoch 41: train_loss=0.102383 train_iou=0.898783 val_loss=0.309634 val_iou=0.591965 lr=0.00009551
2026-05-15 11:43:45,794 [Trainer] :: Updated latest checkpoint at epoch 41
2026-05-15 11:43:45,794 [Trainer] :: No validation IoU improvement for 29 epoch(s)
2026-05-15 11:43:45,794 [Trainer] :: Starting epoch 42
2026-05-15 11:45:41,905 [Trainer] :: Completed epoch 42: train_loss=0.092648 train_iou=0.901168 val_loss=0.358354 val_iou=0.558567 lr=0.00009529
2026-05-15 11:45:42,466 [Trainer] :: Updated latest checkpoint at epoch 42
2026-05-15 11:45:42,466 [Trainer] :: No validation IoU improvement for 30 epoch(s)
2026-05-15 11:45:42,466 [Trainer] :: Starting epoch 43
2026-05-15 11:48:05,636 [Trainer] :: Completed epoch 43: train_loss=0.092253 train_iou=0.903145 val_loss=0.324469 val_iou=0.568624 lr=0.00009507
2026-05-15 11:48:06,077 [Trainer] :: Updated latest checkpoint at epoch 43
2026-05-15 11:48:06,077 [Trainer] :: No validation IoU improvement for 31 epoch(s)
2026-05-15 11:48:06,077 [Trainer] :: Starting epoch 44
2026-05-15 11:50:48,939 [Trainer] :: Completed epoch 44: train_loss=0.087039 train_iou=0.908470 val_loss=0.329284 val_iou=0.559828 lr=0.00009484
2026-05-15 11:50:49,832 [Trainer] :: Updated latest checkpoint at epoch 44
2026-05-15 11:50:49,832 [Trainer] :: No validation IoU improvement for 32 epoch(s)
2026-05-15 11:50:49,832 [Trainer] :: Starting epoch 45
2026-05-15 11:52:46,796 [Trainer] :: Completed epoch 45: train_loss=0.085972 train_iou=0.909160 val_loss=0.331114 val_iou=0.571100 lr=0.00009460
2026-05-15 11:52:47,442 [Trainer] :: Updated latest checkpoint at epoch 45
2026-05-15 11:52:47,443 [Trainer] :: No validation IoU improvement for 33 epoch(s)
2026-05-15 11:52:47,443 [Trainer] :: Starting epoch 46
2026-05-15 11:54:44,988 [Trainer] :: Completed epoch 46: train_loss=0.086307 train_iou=0.908695 val_loss=0.352833 val_iou=0.557073 lr=0.00009437
2026-05-15 11:54:45,359 [Trainer] :: Updated latest checkpoint at epoch 46
2026-05-15 11:54:45,359 [Trainer] :: No validation IoU improvement for 34 epoch(s)
2026-05-15 11:54:45,359 [Trainer] :: Starting epoch 47
2026-05-15 11:56:48,156 [Trainer] :: Completed epoch 47: train_loss=0.086093 train_iou=0.909796 val_loss=0.342838 val_iou=0.567409 lr=0.00009412
2026-05-15 11:56:50,093 [Trainer] :: Updated latest checkpoint at epoch 47
2026-05-15 11:56:50,093 [Trainer] :: No validation IoU improvement for 35 epoch(s)
2026-05-15 11:56:50,093 [Trainer] :: Starting epoch 48
2026-05-15 11:58:48,300 [Trainer] :: Completed epoch 48: train_loss=0.086989 train_iou=0.907884 val_loss=0.335900 val_iou=0.564757 lr=0.00009388
2026-05-15 11:58:48,874 [Trainer] :: Updated latest checkpoint at epoch 48
2026-05-15 11:58:48,875 [Trainer] :: No validation IoU improvement for 36 epoch(s)
2026-05-15 11:58:48,875 [Trainer] :: Starting epoch 49
2026-05-15 12:00:40,874 [Trainer] :: Completed epoch 49: train_loss=0.082976 train_iou=0.912309 val_loss=0.317853 val_iou=0.594272 lr=0.00009363
2026-05-15 12:00:41,196 [Trainer] :: Updated latest checkpoint at epoch 49
2026-05-15 12:00:41,196 [Trainer] :: No validation IoU improvement for 37 epoch(s)
2026-05-15 12:00:41,196 [Trainer] :: Starting epoch 50
2026-05-15 12:02:31,272 [Trainer] :: Completed epoch 50: train_loss=0.084417 train_iou=0.910304 val_loss=0.336114 val_iou=0.583007 lr=0.00009337
2026-05-15 12:02:31,743 [Trainer] :: Updated latest checkpoint at epoch 50
2026-05-15 12:02:31,743 [Trainer] :: No validation IoU improvement for 38 epoch(s)
2026-05-15 12:02:31,743 [Trainer] :: Starting epoch 51
2026-05-15 12:04:32,635 [Trainer] :: Completed epoch 51: train_loss=0.082282 train_iou=0.912098 val_loss=0.334060 val_iou=0.570668 lr=0.00009311
2026-05-15 12:04:33,039 [Trainer] :: Updated latest checkpoint at epoch 51
2026-05-15 12:04:33,039 [Trainer] :: No validation IoU improvement for 39 epoch(s)
2026-05-15 12:04:33,039 [Trainer] :: Starting epoch 52
2026-05-15 12:06:40,901 [Trainer] :: Completed epoch 52: train_loss=0.080596 train_iou=0.915030 val_loss=0.338980 val_iou=0.570784 lr=0.00009284
2026-05-15 12:06:41,466 [Trainer] :: Updated latest checkpoint at epoch 52
2026-05-15 12:06:41,467 [Trainer] :: No validation IoU improvement for 40 epoch(s)
2026-05-15 12:06:41,467 [Trainer] :: Starting epoch 53
2026-05-15 12:08:28,828 [Trainer] :: Completed epoch 53: train_loss=0.077024 train_iou=0.918417 val_loss=0.324679 val_iou=0.585509 lr=0.00009257
2026-05-15 12:08:29,273 [Trainer] :: Updated latest checkpoint at epoch 53
2026-05-15 12:08:29,273 [Trainer] :: No validation IoU improvement for 41 epoch(s)
2026-05-15 12:08:29,273 [Trainer] :: Starting epoch 54
2026-05-15 12:10:12,089 [Trainer] :: Completed epoch 54: train_loss=0.076238 train_iou=0.918903 val_loss=0.322667 val_iou=0.585378 lr=0.00009229
2026-05-15 12:10:13,247 [Trainer] :: Updated latest checkpoint at epoch 54
2026-05-15 12:10:13,247 [Trainer] :: No validation IoU improvement for 42 epoch(s)
2026-05-15 12:10:13,247 [Trainer] :: Starting epoch 55
2026-05-15 12:11:55,306 [Trainer] :: Completed epoch 55: train_loss=0.075990 train_iou=0.920345 val_loss=0.311880 val_iou=0.592811 lr=0.00009201
2026-05-15 12:11:55,629 [Trainer] :: Updated latest checkpoint at epoch 55
2026-05-15 12:11:55,629 [Trainer] :: No validation IoU improvement for 43 epoch(s)
2026-05-15 12:11:55,629 [Trainer] :: Starting epoch 56
2026-05-15 12:13:37,451 [Trainer] :: Completed epoch 56: train_loss=0.073479 train_iou=0.921140 val_loss=0.329199 val_iou=0.582467 lr=0.00009173
2026-05-15 12:13:37,775 [Trainer] :: Updated latest checkpoint at epoch 56
2026-05-15 12:13:37,775 [Trainer] :: No validation IoU improvement for 44 epoch(s)
2026-05-15 12:13:37,775 [Trainer] :: Starting epoch 57
2026-05-15 12:15:35,802 [Trainer] :: Completed epoch 57: train_loss=0.074770 train_iou=0.920731 val_loss=0.322693 val_iou=0.599776 lr=0.00009144
2026-05-15 12:15:36,823 [Trainer] :: Updated latest checkpoint at epoch 57
2026-05-15 12:15:36,823 [Trainer] :: No validation IoU improvement for 45 epoch(s)
2026-05-15 12:15:36,823 [Trainer] :: Starting epoch 58
2026-05-15 12:17:40,299 [Trainer] :: Completed epoch 58: train_loss=0.072991 train_iou=0.923228 val_loss=0.325626 val_iou=0.584833 lr=0.00009115
2026-05-15 12:17:40,859 [Trainer] :: Updated latest checkpoint at epoch 58
2026-05-15 12:17:40,859 [Trainer] :: No validation IoU improvement for 46 epoch(s)
2026-05-15 12:17:40,859 [Trainer] :: Starting epoch 59
2026-05-15 12:19:55,457 [Trainer] :: Completed epoch 59: train_loss=0.074824 train_iou=0.921863 val_loss=0.310990 val_iou=0.606179 lr=0.00009085
2026-05-15 12:19:56,138 [Trainer] :: Updated latest checkpoint at epoch 59
2026-05-15 12:19:56,139 [Trainer] :: No validation IoU improvement for 47 epoch(s)
2026-05-15 12:19:56,139 [Trainer] :: Starting epoch 60
2026-05-15 12:22:58,631 [Trainer] :: Completed epoch 60: train_loss=0.074406 train_iou=0.920247 val_loss=0.330735 val_iou=0.582684 lr=0.00009055
2026-05-15 12:22:59,014 [Trainer] :: Updated latest checkpoint at epoch 60
2026-05-15 12:22:59,014 [Trainer] :: No validation IoU improvement for 48 epoch(s)
2026-05-15 12:22:59,014 [Trainer] :: Starting epoch 61
2026-05-15 12:27:28,045 [Trainer] :: Completed epoch 61: train_loss=0.070867 train_iou=0.924420 val_loss=0.340452 val_iou=0.576371 lr=0.00009024
2026-05-15 12:27:28,591 [Trainer] :: Updated latest checkpoint at epoch 61
2026-05-15 12:27:28,591 [Trainer] :: No validation IoU improvement for 49 epoch(s)
2026-05-15 12:27:28,591 [Trainer] :: Starting epoch 62
2026-05-15 12:29:33,572 [Trainer] :: Completed epoch 62: train_loss=0.069824 train_iou=0.925268 val_loss=0.313991 val_iou=0.598791 lr=0.00008993
2026-05-15 12:29:33,923 [Trainer] :: Updated latest checkpoint at epoch 62
2026-05-15 12:29:33,923 [Trainer] :: No validation IoU improvement for 50 epoch(s)
2026-05-15 12:29:33,923 [Trainer] :: Starting epoch 63
2026-05-15 12:32:07,671 [Trainer] :: Completed epoch 63: train_loss=0.070410 train_iou=0.925102 val_loss=0.327523 val_iou=0.592553 lr=0.00008961
2026-05-15 12:32:08,240 [Trainer] :: Updated latest checkpoint at epoch 63
2026-05-15 12:32:08,240 [Trainer] :: No validation IoU improvement for 51 epoch(s)
2026-05-15 12:32:08,240 [Trainer] :: Starting epoch 64
2026-05-15 12:34:11,726 [Trainer] :: Completed epoch 64: train_loss=0.068012 train_iou=0.927260 val_loss=0.328746 val_iou=0.584948 lr=0.00008929
2026-05-15 12:34:12,213 [Trainer] :: Updated latest checkpoint at epoch 64
2026-05-15 12:34:12,213 [Trainer] :: No validation IoU improvement for 52 epoch(s)
2026-05-15 12:34:12,213 [Trainer] :: Starting epoch 65
2026-05-15 12:36:10,449 [Trainer] :: Completed epoch 65: train_loss=0.066503 train_iou=0.928442 val_loss=0.343797 val_iou=0.577731 lr=0.00008897
2026-05-15 12:36:10,781 [Trainer] :: Updated latest checkpoint at epoch 65
2026-05-15 12:36:10,781 [Trainer] :: No validation IoU improvement for 53 epoch(s)
2026-05-15 12:36:10,781 [Trainer] :: Starting epoch 66
2026-05-15 12:37:57,672 [Trainer] :: Completed epoch 66: train_loss=0.067587 train_iou=0.927584 val_loss=0.320170 val_iou=0.595686 lr=0.00008864
2026-05-15 12:37:58,034 [Trainer] :: Updated latest checkpoint at epoch 66
2026-05-15 12:37:58,034 [Trainer] :: No validation IoU improvement for 54 epoch(s)
2026-05-15 12:37:58,034 [Trainer] :: Starting epoch 67
2026-05-15 12:39:50,122 [Trainer] :: Completed epoch 67: train_loss=0.064657 train_iou=0.930743 val_loss=0.327977 val_iou=0.585364 lr=0.00008831
2026-05-15 12:39:50,487 [Trainer] :: Updated latest checkpoint at epoch 67
2026-05-15 12:39:50,487 [Trainer] :: No validation IoU improvement for 55 epoch(s)
2026-05-15 12:39:50,487 [Trainer] :: Starting epoch 68
2026-05-15 12:42:02,511 [Trainer] :: Completed epoch 68: train_loss=0.066499 train_iou=0.928404 val_loss=0.371798 val_iou=0.552033 lr=0.00008797
2026-05-15 12:42:02,909 [Trainer] :: Updated latest checkpoint at epoch 68
2026-05-15 12:42:02,909 [Trainer] :: No validation IoU improvement for 56 epoch(s)
2026-05-15 12:42:02,909 [Trainer] :: Starting epoch 69
2026-05-15 12:43:56,618 [Trainer] :: Completed epoch 69: train_loss=0.068739 train_iou=0.927663 val_loss=0.376506 val_iou=0.575188 lr=0.00008763
2026-05-15 12:43:56,943 [Trainer] :: Updated latest checkpoint at epoch 69
2026-05-15 12:43:56,943 [Trainer] :: No validation IoU improvement for 57 epoch(s)
2026-05-15 12:43:56,943 [Trainer] :: Starting epoch 70
2026-05-15 12:45:58,021 [Trainer] :: Completed epoch 70: train_loss=0.065210 train_iou=0.930276 val_loss=0.325954 val_iou=0.593029 lr=0.00008729
2026-05-15 12:45:58,401 [Trainer] :: Updated latest checkpoint at epoch 70
2026-05-15 12:45:58,401 [Trainer] :: No validation IoU improvement for 58 epoch(s)
2026-05-15 12:45:58,401 [Trainer] :: Starting epoch 71
2026-05-15 12:47:52,335 [Trainer] :: Completed epoch 71: train_loss=0.064577 train_iou=0.931440 val_loss=0.354063 val_iou=0.576395 lr=0.00008694
2026-05-15 12:47:52,753 [Trainer] :: Updated latest checkpoint at epoch 71
2026-05-15 12:47:52,753 [Trainer] :: No validation IoU improvement for 59 epoch(s)
2026-05-15 12:47:52,753 [Trainer] :: Starting epoch 72
2026-05-15 12:49:54,809 [Trainer] :: Completed epoch 72: train_loss=0.067550 train_iou=0.928150 val_loss=0.348422 val_iou=0.583173 lr=0.00008658
2026-05-15 12:49:55,445 [Trainer] :: Updated latest checkpoint at epoch 72
2026-05-15 12:49:55,445 [Trainer] :: No validation IoU improvement for 60 epoch(s)
2026-05-15 12:49:55,446 [Trainer] :: Early stopping triggered after 60 epoch(s) without improvement
2026-05-15 12:54:39,318 [Trainer] :: Wrote training history to outputs/runs/real_msi_deeplabv3plus_resnet34_seed44_20260515T075355Z/metrics/history.json
2026-05-15 12:54:39,319 [Trainer] :: Wrote test summary to outputs/runs/real_msi_deeplabv3plus_resnet34_seed44_20260515T075355Z/metrics/test_summary.json
2026-05-15 12:54:39,319 [Trainer] :: Training completed
