2026-05-06 07:20:25,895 [Trainer] :: Training run initialized at /ceph/home/student.aau.dk/qd36zu/fuzzy-p10/tbd/masking/outputs/runs/rgb_segformer_b0_fuzzy_halo_seed45_20260506T052025Z
2026-05-06 07:20:25,895 [Trainer] :: Loaded config from /ceph/home/student.aau.dk/qd36zu/fuzzy-p10/tbd/masking/configs/fuzzy/rgb_segformer_b0.yaml
2026-05-06 07:20:25,896 [Trainer] :: Using seed=45 and device=None
2026-05-06 07:20:25,896 [Trainer] :: Using model architecture=Segformer encoder=mit_b0 encoder_weights=imagenet
2026-05-06 07:20:26,622 [Trainer] :: Resolved runtime device to cuda
2026-05-06 07:20:26,623 [Trainer] :: Prepared normalization from source=imagenet
2026-05-06 07:20:43,863 [Trainer] :: Built dataloaders with batch_size=16, num_workers=0
2026-05-06 07:20:43,865 [Trainer] :: Starting epoch 1
2026-05-06 07:40:20,716 [Trainer] :: Completed epoch 1: train_loss=0.347320 train_iou=0.704073 val_loss=0.369613 val_iou=0.468380 lr=0.00010000
2026-05-06 07:40:21,253 [Trainer] :: Updated latest checkpoint at epoch 1
2026-05-06 07:40:21,841 [Trainer] :: New best checkpoint saved with val_iou=0.468380
2026-05-06 07:40:21,841 [Trainer] :: Starting epoch 2
2026-05-06 07:59:41,256 [Trainer] :: Completed epoch 2: train_loss=0.284949 train_iou=0.763902 val_loss=0.317888 val_iou=0.620669 lr=0.00009999
2026-05-06 07:59:41,534 [Trainer] :: Updated latest checkpoint at epoch 2
2026-05-06 07:59:41,768 [Trainer] :: New best checkpoint saved with val_iou=0.620669
2026-05-06 07:59:41,768 [Trainer] :: Starting epoch 3
2026-05-06 08:18:59,357 [Trainer] :: Completed epoch 3: train_loss=0.263521 train_iou=0.781872 val_loss=0.308455 val_iou=0.616413 lr=0.00009998
2026-05-06 08:18:59,686 [Trainer] :: Updated latest checkpoint at epoch 3
2026-05-06 08:18:59,686 [Trainer] :: No validation IoU improvement for 1 epoch(s)
2026-05-06 08:18:59,686 [Trainer] :: Starting epoch 4
2026-05-06 08:35:23,594 [Trainer] :: Completed epoch 4: train_loss=0.249722 train_iou=0.794841 val_loss=0.322992 val_iou=0.527425 lr=0.00009996
2026-05-06 08:35:23,711 [Trainer] :: Updated latest checkpoint at epoch 4
2026-05-06 08:35:23,712 [Trainer] :: No validation IoU improvement for 2 epoch(s)
2026-05-06 08:35:23,712 [Trainer] :: Starting epoch 5
2026-05-06 08:40:22,055 [Trainer] :: Completed epoch 5: train_loss=0.239464 train_iou=0.800452 val_loss=0.282194 val_iou=0.637471 lr=0.00009993
2026-05-06 08:40:22,167 [Trainer] :: Updated latest checkpoint at epoch 5
2026-05-06 08:40:22,277 [Trainer] :: New best checkpoint saved with val_iou=0.637471
2026-05-06 08:40:22,277 [Trainer] :: Starting epoch 6
2026-05-06 08:45:27,341 [Trainer] :: Completed epoch 6: train_loss=0.228868 train_iou=0.811797 val_loss=0.290620 val_iou=0.611902 lr=0.00009990
2026-05-06 08:45:27,447 [Trainer] :: Updated latest checkpoint at epoch 6
2026-05-06 08:45:27,447 [Trainer] :: No validation IoU improvement for 1 epoch(s)
2026-05-06 08:45:27,447 [Trainer] :: Starting epoch 7
2026-05-06 08:50:20,800 [Trainer] :: Completed epoch 7: train_loss=0.223797 train_iou=0.814244 val_loss=0.278412 val_iou=0.648604 lr=0.00009987
2026-05-06 08:50:20,905 [Trainer] :: Updated latest checkpoint at epoch 7
2026-05-06 08:50:20,999 [Trainer] :: New best checkpoint saved with val_iou=0.648604
2026-05-06 08:50:20,999 [Trainer] :: Starting epoch 8
2026-05-06 08:55:21,366 [Trainer] :: Completed epoch 8: train_loss=0.220202 train_iou=0.816452 val_loss=0.307285 val_iou=0.647788 lr=0.00009983
2026-05-06 08:55:21,475 [Trainer] :: Updated latest checkpoint at epoch 8
2026-05-06 08:55:21,475 [Trainer] :: No validation IoU improvement for 1 epoch(s)
2026-05-06 08:55:21,476 [Trainer] :: Starting epoch 9
2026-05-06 09:00:16,637 [Trainer] :: Completed epoch 9: train_loss=0.217746 train_iou=0.819651 val_loss=0.284653 val_iou=0.645577 lr=0.00009978
2026-05-06 09:00:16,871 [Trainer] :: Updated latest checkpoint at epoch 9
2026-05-06 09:00:16,871 [Trainer] :: No validation IoU improvement for 2 epoch(s)
2026-05-06 09:00:16,871 [Trainer] :: Starting epoch 10
2026-05-06 09:05:10,737 [Trainer] :: Completed epoch 10: train_loss=0.209529 train_iou=0.826130 val_loss=0.277944 val_iou=0.614552 lr=0.00009973
2026-05-06 09:05:10,857 [Trainer] :: Updated latest checkpoint at epoch 10
2026-05-06 09:05:10,857 [Trainer] :: No validation IoU improvement for 3 epoch(s)
2026-05-06 09:05:10,857 [Trainer] :: Starting epoch 11
2026-05-06 09:10:03,303 [Trainer] :: Completed epoch 11: train_loss=0.199687 train_iou=0.828228 val_loss=0.267492 val_iou=0.636217 lr=0.00009967
2026-05-06 09:10:04,060 [Trainer] :: Updated latest checkpoint at epoch 11
2026-05-06 09:10:04,061 [Trainer] :: No validation IoU improvement for 4 epoch(s)
2026-05-06 09:10:04,061 [Trainer] :: Starting epoch 12
2026-05-06 09:14:53,655 [Trainer] :: Completed epoch 12: train_loss=0.198125 train_iou=0.831851 val_loss=0.269427 val_iou=0.658635 lr=0.00009961
2026-05-06 09:14:54,521 [Trainer] :: Updated latest checkpoint at epoch 12
2026-05-06 09:14:55,422 [Trainer] :: New best checkpoint saved with val_iou=0.658635
2026-05-06 09:14:55,422 [Trainer] :: Starting epoch 13
2026-05-06 09:19:47,151 [Trainer] :: Completed epoch 13: train_loss=0.194540 train_iou=0.831252 val_loss=0.278042 val_iou=0.648489 lr=0.00009954
2026-05-06 09:19:47,264 [Trainer] :: Updated latest checkpoint at epoch 13
2026-05-06 09:19:47,265 [Trainer] :: No validation IoU improvement for 1 epoch(s)
2026-05-06 09:19:47,265 [Trainer] :: Starting epoch 14
2026-05-06 09:24:36,046 [Trainer] :: Completed epoch 14: train_loss=0.185256 train_iou=0.836024 val_loss=0.271050 val_iou=0.647592 lr=0.00009947
2026-05-06 09:24:36,149 [Trainer] :: Updated latest checkpoint at epoch 14
2026-05-06 09:24:36,149 [Trainer] :: No validation IoU improvement for 2 epoch(s)
2026-05-06 09:24:36,149 [Trainer] :: Starting epoch 15
2026-05-06 09:29:26,008 [Trainer] :: Completed epoch 15: train_loss=0.189238 train_iou=0.833405 val_loss=0.390224 val_iou=0.596528 lr=0.00009939
2026-05-06 09:29:26,256 [Trainer] :: Updated latest checkpoint at epoch 15
2026-05-06 09:29:26,257 [Trainer] :: No validation IoU improvement for 3 epoch(s)
2026-05-06 09:29:26,257 [Trainer] :: Starting epoch 16
2026-05-06 09:34:16,279 [Trainer] :: Completed epoch 16: train_loss=0.179420 train_iou=0.840229 val_loss=0.279118 val_iou=0.641132 lr=0.00009931
2026-05-06 09:34:16,431 [Trainer] :: Updated latest checkpoint at epoch 16
2026-05-06 09:34:16,431 [Trainer] :: No validation IoU improvement for 4 epoch(s)
2026-05-06 09:34:16,431 [Trainer] :: Starting epoch 17
2026-05-06 09:39:06,859 [Trainer] :: Completed epoch 17: train_loss=0.180600 train_iou=0.838578 val_loss=0.269738 val_iou=0.643612 lr=0.00009922
2026-05-06 09:39:06,976 [Trainer] :: Updated latest checkpoint at epoch 17
2026-05-06 09:39:06,976 [Trainer] :: No validation IoU improvement for 5 epoch(s)
2026-05-06 09:39:06,976 [Trainer] :: Starting epoch 18
2026-05-06 09:43:58,131 [Trainer] :: Completed epoch 18: train_loss=0.176095 train_iou=0.838761 val_loss=0.316359 val_iou=0.644670 lr=0.00009912
2026-05-06 09:43:58,241 [Trainer] :: Updated latest checkpoint at epoch 18
2026-05-06 09:43:58,241 [Trainer] :: No validation IoU improvement for 6 epoch(s)
2026-05-06 09:43:58,241 [Trainer] :: Starting epoch 19
2026-05-06 09:48:50,461 [Trainer] :: Completed epoch 19: train_loss=0.186294 train_iou=0.832088 val_loss=0.264882 val_iou=0.650272 lr=0.00009902
2026-05-06 09:48:50,631 [Trainer] :: Updated latest checkpoint at epoch 19
2026-05-06 09:48:50,631 [Trainer] :: No validation IoU improvement for 7 epoch(s)
2026-05-06 09:48:50,631 [Trainer] :: Starting epoch 20
2026-05-06 09:53:46,971 [Trainer] :: Completed epoch 20: train_loss=0.171165 train_iou=0.846939 val_loss=0.295459 val_iou=0.589811 lr=0.00009892
2026-05-06 09:53:47,107 [Trainer] :: Updated latest checkpoint at epoch 20
2026-05-06 09:53:47,108 [Trainer] :: No validation IoU improvement for 8 epoch(s)
2026-05-06 09:53:47,108 [Trainer] :: Starting epoch 21
2026-05-06 09:58:52,072 [Trainer] :: Completed epoch 21: train_loss=0.176544 train_iou=0.837523 val_loss=0.338326 val_iou=0.519978 lr=0.00009881
2026-05-06 09:58:52,180 [Trainer] :: Updated latest checkpoint at epoch 21
2026-05-06 09:58:52,180 [Trainer] :: No validation IoU improvement for 9 epoch(s)
2026-05-06 09:58:52,180 [Trainer] :: Starting epoch 22
2026-05-06 10:03:49,047 [Trainer] :: Completed epoch 22: train_loss=0.178891 train_iou=0.835264 val_loss=0.268317 val_iou=0.660116 lr=0.00009869
2026-05-06 10:03:49,174 [Trainer] :: Updated latest checkpoint at epoch 22
2026-05-06 10:03:49,307 [Trainer] :: New best checkpoint saved with val_iou=0.660116
2026-05-06 10:03:49,307 [Trainer] :: Starting epoch 23
2026-05-06 10:08:51,032 [Trainer] :: Completed epoch 23: train_loss=0.168014 train_iou=0.846503 val_loss=0.314320 val_iou=0.650445 lr=0.00009857
2026-05-06 10:08:51,137 [Trainer] :: Updated latest checkpoint at epoch 23
2026-05-06 10:08:51,137 [Trainer] :: No validation IoU improvement for 1 epoch(s)
2026-05-06 10:08:51,137 [Trainer] :: Starting epoch 24
2026-05-06 10:13:44,537 [Trainer] :: Completed epoch 24: train_loss=0.158070 train_iou=0.853613 val_loss=0.267099 val_iou=0.639653 lr=0.00009844
2026-05-06 10:13:44,674 [Trainer] :: Updated latest checkpoint at epoch 24
2026-05-06 10:13:44,674 [Trainer] :: No validation IoU improvement for 2 epoch(s)
2026-05-06 10:13:44,674 [Trainer] :: Starting epoch 25
2026-05-06 10:18:38,250 [Trainer] :: Completed epoch 25: train_loss=0.157807 train_iou=0.855300 val_loss=0.321441 val_iou=0.575768 lr=0.00009831
2026-05-06 10:18:38,385 [Trainer] :: Updated latest checkpoint at epoch 25
2026-05-06 10:18:38,386 [Trainer] :: No validation IoU improvement for 3 epoch(s)
2026-05-06 10:18:38,386 [Trainer] :: Starting epoch 26
2026-05-06 10:23:30,295 [Trainer] :: Completed epoch 26: train_loss=0.160313 train_iou=0.851752 val_loss=0.273478 val_iou=0.653800 lr=0.00009818
2026-05-06 10:23:30,399 [Trainer] :: Updated latest checkpoint at epoch 26
2026-05-06 10:23:30,400 [Trainer] :: No validation IoU improvement for 4 epoch(s)
2026-05-06 10:23:30,400 [Trainer] :: Starting epoch 27
2026-05-06 10:28:22,331 [Trainer] :: Completed epoch 27: train_loss=0.154898 train_iou=0.854169 val_loss=0.288916 val_iou=0.671842 lr=0.00009803
2026-05-06 10:28:22,454 [Trainer] :: Updated latest checkpoint at epoch 27
2026-05-06 10:28:22,630 [Trainer] :: New best checkpoint saved with val_iou=0.671842
2026-05-06 10:28:22,630 [Trainer] :: Starting epoch 28
2026-05-06 10:33:12,819 [Trainer] :: Completed epoch 28: train_loss=0.150598 train_iou=0.859741 val_loss=0.316281 val_iou=0.646066 lr=0.00009789
2026-05-06 10:33:12,942 [Trainer] :: Updated latest checkpoint at epoch 28
2026-05-06 10:33:12,942 [Trainer] :: No validation IoU improvement for 1 epoch(s)
2026-05-06 10:33:12,942 [Trainer] :: Starting epoch 29
2026-05-06 10:38:05,415 [Trainer] :: Completed epoch 29: train_loss=0.150999 train_iou=0.858905 val_loss=0.271755 val_iou=0.664007 lr=0.00009773
2026-05-06 10:38:05,521 [Trainer] :: Updated latest checkpoint at epoch 29
2026-05-06 10:38:05,521 [Trainer] :: No validation IoU improvement for 2 epoch(s)
2026-05-06 10:38:05,521 [Trainer] :: Starting epoch 30
2026-05-06 10:43:02,561 [Trainer] :: Completed epoch 30: train_loss=0.148911 train_iou=0.862540 val_loss=0.291757 val_iou=0.663418 lr=0.00009758
2026-05-06 10:43:02,696 [Trainer] :: Updated latest checkpoint at epoch 30
2026-05-06 10:43:02,696 [Trainer] :: No validation IoU improvement for 3 epoch(s)
2026-05-06 10:43:02,696 [Trainer] :: Starting epoch 31
2026-05-06 10:48:01,945 [Trainer] :: Completed epoch 31: train_loss=0.147719 train_iou=0.860306 val_loss=0.275198 val_iou=0.667460 lr=0.00009741
2026-05-06 10:48:02,131 [Trainer] :: Updated latest checkpoint at epoch 31
2026-05-06 10:48:02,132 [Trainer] :: No validation IoU improvement for 4 epoch(s)
2026-05-06 10:48:02,132 [Trainer] :: Starting epoch 32
2026-05-06 10:52:59,609 [Trainer] :: Completed epoch 32: train_loss=0.155536 train_iou=0.854499 val_loss=0.274000 val_iou=0.641865 lr=0.00009725
2026-05-06 10:52:59,721 [Trainer] :: Updated latest checkpoint at epoch 32
2026-05-06 10:52:59,721 [Trainer] :: No validation IoU improvement for 5 epoch(s)
2026-05-06 10:52:59,721 [Trainer] :: Starting epoch 33
2026-05-06 10:57:58,970 [Trainer] :: Completed epoch 33: train_loss=0.142943 train_iou=0.865320 val_loss=0.281371 val_iou=0.635112 lr=0.00009707
2026-05-06 10:57:59,114 [Trainer] :: Updated latest checkpoint at epoch 33
2026-05-06 10:57:59,115 [Trainer] :: No validation IoU improvement for 6 epoch(s)
2026-05-06 10:57:59,115 [Trainer] :: Starting epoch 34
2026-05-06 11:02:58,033 [Trainer] :: Completed epoch 34: train_loss=0.139732 train_iou=0.867931 val_loss=0.280694 val_iou=0.665661 lr=0.00009690
2026-05-06 11:02:58,155 [Trainer] :: Updated latest checkpoint at epoch 34
2026-05-06 11:02:58,156 [Trainer] :: No validation IoU improvement for 7 epoch(s)
2026-05-06 11:02:58,156 [Trainer] :: Starting epoch 35
2026-05-06 11:07:56,733 [Trainer] :: Completed epoch 35: train_loss=0.137036 train_iou=0.869194 val_loss=0.303700 val_iou=0.647202 lr=0.00009671
2026-05-06 11:07:56,847 [Trainer] :: Updated latest checkpoint at epoch 35
2026-05-06 11:07:56,847 [Trainer] :: No validation IoU improvement for 8 epoch(s)
2026-05-06 11:07:56,847 [Trainer] :: Starting epoch 36
2026-05-06 11:12:52,975 [Trainer] :: Completed epoch 36: train_loss=0.141724 train_iou=0.867056 val_loss=0.270792 val_iou=0.670808 lr=0.00009652
2026-05-06 11:12:53,099 [Trainer] :: Updated latest checkpoint at epoch 36
2026-05-06 11:12:53,099 [Trainer] :: No validation IoU improvement for 9 epoch(s)
2026-05-06 11:12:53,099 [Trainer] :: Starting epoch 37
2026-05-06 11:17:02,681 [Trainer] :: Completed epoch 37: train_loss=0.137019 train_iou=0.870383 val_loss=0.347554 val_iou=0.563472 lr=0.00009633
2026-05-06 11:17:02,956 [Trainer] :: Updated latest checkpoint at epoch 37
2026-05-06 11:17:02,956 [Trainer] :: No validation IoU improvement for 10 epoch(s)
2026-05-06 11:17:02,956 [Trainer] :: Starting epoch 38
2026-05-06 11:20:52,637 [Trainer] :: Completed epoch 38: train_loss=0.140998 train_iou=0.866423 val_loss=0.306784 val_iou=0.659787 lr=0.00009613
2026-05-06 11:20:52,781 [Trainer] :: Updated latest checkpoint at epoch 38
2026-05-06 11:20:52,781 [Trainer] :: No validation IoU improvement for 11 epoch(s)
2026-05-06 11:20:52,781 [Trainer] :: Starting epoch 39
2026-05-06 11:24:43,114 [Trainer] :: Completed epoch 39: train_loss=0.137965 train_iou=0.868992 val_loss=0.293015 val_iou=0.632194 lr=0.00009593
2026-05-06 11:24:43,197 [Trainer] :: Updated latest checkpoint at epoch 39
2026-05-06 11:24:43,197 [Trainer] :: No validation IoU improvement for 12 epoch(s)
2026-05-06 11:24:43,197 [Trainer] :: Starting epoch 40
2026-05-06 11:28:32,370 [Trainer] :: Completed epoch 40: train_loss=0.134572 train_iou=0.871494 val_loss=0.296598 val_iou=0.658064 lr=0.00009572
2026-05-06 11:28:32,459 [Trainer] :: Updated latest checkpoint at epoch 40
2026-05-06 11:28:32,459 [Trainer] :: No validation IoU improvement for 13 epoch(s)
2026-05-06 11:28:32,459 [Trainer] :: Starting epoch 41
2026-05-06 11:32:21,599 [Trainer] :: Completed epoch 41: train_loss=0.134553 train_iou=0.873708 val_loss=0.298283 val_iou=0.631365 lr=0.00009551
2026-05-06 11:32:21,692 [Trainer] :: Updated latest checkpoint at epoch 41
2026-05-06 11:32:21,692 [Trainer] :: No validation IoU improvement for 14 epoch(s)
2026-05-06 11:32:21,692 [Trainer] :: Starting epoch 42
2026-05-06 11:36:11,301 [Trainer] :: Completed epoch 42: train_loss=0.129192 train_iou=0.875811 val_loss=0.301800 val_iou=0.653837 lr=0.00009529
2026-05-06 11:36:11,394 [Trainer] :: Updated latest checkpoint at epoch 42
2026-05-06 11:36:11,394 [Trainer] :: No validation IoU improvement for 15 epoch(s)
2026-05-06 11:36:11,394 [Trainer] :: Starting epoch 43
2026-05-06 11:40:00,281 [Trainer] :: Completed epoch 43: train_loss=0.131636 train_iou=0.876008 val_loss=0.273502 val_iou=0.652804 lr=0.00009507
2026-05-06 11:40:00,371 [Trainer] :: Updated latest checkpoint at epoch 43
2026-05-06 11:40:00,371 [Trainer] :: No validation IoU improvement for 16 epoch(s)
2026-05-06 11:40:00,371 [Trainer] :: Starting epoch 44
2026-05-06 11:43:49,794 [Trainer] :: Completed epoch 44: train_loss=0.129323 train_iou=0.876845 val_loss=0.284371 val_iou=0.633841 lr=0.00009484
2026-05-06 11:43:49,890 [Trainer] :: Updated latest checkpoint at epoch 44
2026-05-06 11:43:49,890 [Trainer] :: No validation IoU improvement for 17 epoch(s)
2026-05-06 11:43:49,890 [Trainer] :: Starting epoch 45
2026-05-06 11:47:39,379 [Trainer] :: Completed epoch 45: train_loss=0.126979 train_iou=0.880534 val_loss=0.292529 val_iou=0.632324 lr=0.00009460
2026-05-06 11:47:39,471 [Trainer] :: Updated latest checkpoint at epoch 45
2026-05-06 11:47:39,472 [Trainer] :: No validation IoU improvement for 18 epoch(s)
2026-05-06 11:47:39,472 [Trainer] :: Starting epoch 46
2026-05-06 11:51:29,056 [Trainer] :: Completed epoch 46: train_loss=0.124545 train_iou=0.881177 val_loss=0.297584 val_iou=0.631155 lr=0.00009437
2026-05-06 11:51:29,149 [Trainer] :: Updated latest checkpoint at epoch 46
2026-05-06 11:51:29,149 [Trainer] :: No validation IoU improvement for 19 epoch(s)
2026-05-06 11:51:29,149 [Trainer] :: Starting epoch 47
2026-05-06 11:55:19,182 [Trainer] :: Completed epoch 47: train_loss=0.126292 train_iou=0.879931 val_loss=0.285928 val_iou=0.653933 lr=0.00009412
2026-05-06 11:55:19,302 [Trainer] :: Updated latest checkpoint at epoch 47
2026-05-06 11:55:19,303 [Trainer] :: No validation IoU improvement for 20 epoch(s)
2026-05-06 11:55:19,303 [Trainer] :: Starting epoch 48
2026-05-06 11:59:07,944 [Trainer] :: Completed epoch 48: train_loss=0.124211 train_iou=0.880948 val_loss=0.294641 val_iou=0.667232 lr=0.00009388
2026-05-06 11:59:08,066 [Trainer] :: Updated latest checkpoint at epoch 48
2026-05-06 11:59:08,066 [Trainer] :: No validation IoU improvement for 21 epoch(s)
2026-05-06 11:59:08,066 [Trainer] :: Starting epoch 49
2026-05-06 12:02:57,605 [Trainer] :: Completed epoch 49: train_loss=0.123428 train_iou=0.882703 val_loss=0.296417 val_iou=0.627210 lr=0.00009363
2026-05-06 12:02:57,696 [Trainer] :: Updated latest checkpoint at epoch 49
2026-05-06 12:02:57,697 [Trainer] :: No validation IoU improvement for 22 epoch(s)
2026-05-06 12:02:57,697 [Trainer] :: Starting epoch 50
2026-05-06 12:06:45,635 [Trainer] :: Completed epoch 50: train_loss=0.124739 train_iou=0.882450 val_loss=0.301760 val_iou=0.618232 lr=0.00009337
2026-05-06 12:06:45,727 [Trainer] :: Updated latest checkpoint at epoch 50
2026-05-06 12:06:45,727 [Trainer] :: No validation IoU improvement for 23 epoch(s)
2026-05-06 12:06:45,727 [Trainer] :: Starting epoch 51
2026-05-06 12:10:35,309 [Trainer] :: Completed epoch 51: train_loss=0.122475 train_iou=0.882641 val_loss=0.284461 val_iou=0.668705 lr=0.00009311
2026-05-06 12:10:35,488 [Trainer] :: Updated latest checkpoint at epoch 51
2026-05-06 12:10:35,488 [Trainer] :: No validation IoU improvement for 24 epoch(s)
2026-05-06 12:10:35,488 [Trainer] :: Starting epoch 52
2026-05-06 12:14:25,030 [Trainer] :: Completed epoch 52: train_loss=0.121061 train_iou=0.886315 val_loss=0.284304 val_iou=0.667543 lr=0.00009284
2026-05-06 12:14:25,123 [Trainer] :: Updated latest checkpoint at epoch 52
2026-05-06 12:14:25,123 [Trainer] :: No validation IoU improvement for 25 epoch(s)
2026-05-06 12:14:25,123 [Trainer] :: Starting epoch 53
2026-05-06 12:18:14,779 [Trainer] :: Completed epoch 53: train_loss=0.116657 train_iou=0.888172 val_loss=0.301063 val_iou=0.625530 lr=0.00009257
2026-05-06 12:18:14,863 [Trainer] :: Updated latest checkpoint at epoch 53
2026-05-06 12:18:14,863 [Trainer] :: No validation IoU improvement for 26 epoch(s)
2026-05-06 12:18:14,863 [Trainer] :: Starting epoch 54
2026-05-06 12:22:02,849 [Trainer] :: Completed epoch 54: train_loss=0.119161 train_iou=0.886349 val_loss=0.318150 val_iou=0.618832 lr=0.00009229
2026-05-06 12:22:02,935 [Trainer] :: Updated latest checkpoint at epoch 54
2026-05-06 12:22:02,935 [Trainer] :: No validation IoU improvement for 27 epoch(s)
2026-05-06 12:22:02,935 [Trainer] :: Starting epoch 55
2026-05-06 12:25:49,998 [Trainer] :: Completed epoch 55: train_loss=0.116760 train_iou=0.889273 val_loss=0.293059 val_iou=0.650553 lr=0.00009201
2026-05-06 12:25:50,372 [Trainer] :: Updated latest checkpoint at epoch 55
2026-05-06 12:25:50,372 [Trainer] :: No validation IoU improvement for 28 epoch(s)
2026-05-06 12:25:50,372 [Trainer] :: Starting epoch 56
2026-05-06 12:29:39,008 [Trainer] :: Completed epoch 56: train_loss=0.118333 train_iou=0.888795 val_loss=0.283524 val_iou=0.641308 lr=0.00009173
2026-05-06 12:29:39,093 [Trainer] :: Updated latest checkpoint at epoch 56
2026-05-06 12:29:39,094 [Trainer] :: No validation IoU improvement for 29 epoch(s)
2026-05-06 12:29:39,094 [Trainer] :: Starting epoch 57
2026-05-06 12:33:27,349 [Trainer] :: Completed epoch 57: train_loss=0.114473 train_iou=0.891365 val_loss=0.277687 val_iou=0.656995 lr=0.00009144
2026-05-06 12:33:27,433 [Trainer] :: Updated latest checkpoint at epoch 57
2026-05-06 12:33:27,433 [Trainer] :: No validation IoU improvement for 30 epoch(s)
2026-05-06 12:33:27,433 [Trainer] :: Starting epoch 58
2026-05-06 12:37:18,533 [Trainer] :: Completed epoch 58: train_loss=0.114137 train_iou=0.890102 val_loss=0.288954 val_iou=0.636343 lr=0.00009115
2026-05-06 12:37:18,638 [Trainer] :: Updated latest checkpoint at epoch 58
2026-05-06 12:37:18,639 [Trainer] :: No validation IoU improvement for 31 epoch(s)
2026-05-06 12:37:18,639 [Trainer] :: Starting epoch 59
2026-05-06 12:41:08,084 [Trainer] :: Completed epoch 59: train_loss=0.114153 train_iou=0.889408 val_loss=0.284858 val_iou=0.643818 lr=0.00009085
2026-05-06 12:41:08,172 [Trainer] :: Updated latest checkpoint at epoch 59
2026-05-06 12:41:08,172 [Trainer] :: No validation IoU improvement for 32 epoch(s)
2026-05-06 12:41:08,172 [Trainer] :: Starting epoch 60
2026-05-06 12:44:57,130 [Trainer] :: Completed epoch 60: train_loss=0.114613 train_iou=0.890074 val_loss=0.291021 val_iou=0.658308 lr=0.00009055
2026-05-06 12:44:57,222 [Trainer] :: Updated latest checkpoint at epoch 60
2026-05-06 12:44:57,222 [Trainer] :: No validation IoU improvement for 33 epoch(s)
2026-05-06 12:44:57,223 [Trainer] :: Starting epoch 61
2026-05-06 12:48:46,223 [Trainer] :: Completed epoch 61: train_loss=0.114968 train_iou=0.888995 val_loss=0.308151 val_iou=0.616104 lr=0.00009024
2026-05-06 12:48:46,306 [Trainer] :: Updated latest checkpoint at epoch 61
2026-05-06 12:48:46,306 [Trainer] :: No validation IoU improvement for 34 epoch(s)
2026-05-06 12:48:46,306 [Trainer] :: Starting epoch 62
2026-05-06 12:52:35,797 [Trainer] :: Completed epoch 62: train_loss=0.111174 train_iou=0.892812 val_loss=0.308293 val_iou=0.634329 lr=0.00008993
2026-05-06 12:52:35,884 [Trainer] :: Updated latest checkpoint at epoch 62
2026-05-06 12:52:35,884 [Trainer] :: No validation IoU improvement for 35 epoch(s)
2026-05-06 12:52:35,884 [Trainer] :: Starting epoch 63
2026-05-06 12:56:24,195 [Trainer] :: Completed epoch 63: train_loss=0.111524 train_iou=0.893619 val_loss=0.292042 val_iou=0.655871 lr=0.00008961
2026-05-06 12:56:24,281 [Trainer] :: Updated latest checkpoint at epoch 63
2026-05-06 12:56:24,282 [Trainer] :: No validation IoU improvement for 36 epoch(s)
2026-05-06 12:56:24,282 [Trainer] :: Starting epoch 64
2026-05-06 13:00:13,754 [Trainer] :: Completed epoch 64: train_loss=0.110381 train_iou=0.895333 val_loss=0.300277 val_iou=0.664271 lr=0.00008929
2026-05-06 13:00:13,910 [Trainer] :: Updated latest checkpoint at epoch 64
2026-05-06 13:00:13,910 [Trainer] :: No validation IoU improvement for 37 epoch(s)
2026-05-06 13:00:13,910 [Trainer] :: Starting epoch 65
2026-05-06 13:04:03,712 [Trainer] :: Completed epoch 65: train_loss=0.109450 train_iou=0.897215 val_loss=0.299536 val_iou=0.648216 lr=0.00008897
2026-05-06 13:04:03,796 [Trainer] :: Updated latest checkpoint at epoch 65
2026-05-06 13:04:03,796 [Trainer] :: No validation IoU improvement for 38 epoch(s)
2026-05-06 13:04:03,796 [Trainer] :: Starting epoch 66
2026-05-06 13:07:53,438 [Trainer] :: Completed epoch 66: train_loss=0.112116 train_iou=0.893798 val_loss=0.293706 val_iou=0.664935 lr=0.00008864
2026-05-06 13:07:53,770 [Trainer] :: Updated latest checkpoint at epoch 66
2026-05-06 13:07:53,770 [Trainer] :: No validation IoU improvement for 39 epoch(s)
2026-05-06 13:07:53,770 [Trainer] :: Starting epoch 67
2026-05-06 13:11:43,687 [Trainer] :: Completed epoch 67: train_loss=0.111218 train_iou=0.895057 val_loss=0.308706 val_iou=0.625787 lr=0.00008831
2026-05-06 13:11:43,788 [Trainer] :: Updated latest checkpoint at epoch 67
2026-05-06 13:11:43,788 [Trainer] :: No validation IoU improvement for 40 epoch(s)
2026-05-06 13:11:43,788 [Trainer] :: Starting epoch 68
2026-05-06 13:15:33,781 [Trainer] :: Completed epoch 68: train_loss=0.106241 train_iou=0.896472 val_loss=0.316258 val_iou=0.642782 lr=0.00008797
2026-05-06 13:15:33,873 [Trainer] :: Updated latest checkpoint at epoch 68
2026-05-06 13:15:33,873 [Trainer] :: No validation IoU improvement for 41 epoch(s)
2026-05-06 13:15:33,874 [Trainer] :: Starting epoch 69
2026-05-06 13:19:24,726 [Trainer] :: Completed epoch 69: train_loss=0.109353 train_iou=0.895504 val_loss=0.316995 val_iou=0.625912 lr=0.00008763
2026-05-06 13:19:24,811 [Trainer] :: Updated latest checkpoint at epoch 69
2026-05-06 13:19:24,811 [Trainer] :: No validation IoU improvement for 42 epoch(s)
2026-05-06 13:19:24,811 [Trainer] :: Starting epoch 70
2026-05-06 13:23:14,104 [Trainer] :: Completed epoch 70: train_loss=0.104678 train_iou=0.898682 val_loss=0.307537 val_iou=0.652836 lr=0.00008729
2026-05-06 13:23:14,197 [Trainer] :: Updated latest checkpoint at epoch 70
2026-05-06 13:23:14,197 [Trainer] :: No validation IoU improvement for 43 epoch(s)
2026-05-06 13:23:14,197 [Trainer] :: Starting epoch 71
2026-05-06 13:27:05,069 [Trainer] :: Completed epoch 71: train_loss=0.106074 train_iou=0.898907 val_loss=0.294710 val_iou=0.657658 lr=0.00008694
2026-05-06 13:27:05,193 [Trainer] :: Updated latest checkpoint at epoch 71
2026-05-06 13:27:05,193 [Trainer] :: No validation IoU improvement for 44 epoch(s)
2026-05-06 13:27:05,193 [Trainer] :: Starting epoch 72
2026-05-06 13:30:54,986 [Trainer] :: Completed epoch 72: train_loss=0.104269 train_iou=0.898733 val_loss=0.296490 val_iou=0.643819 lr=0.00008658
2026-05-06 13:30:55,075 [Trainer] :: Updated latest checkpoint at epoch 72
2026-05-06 13:30:55,075 [Trainer] :: No validation IoU improvement for 45 epoch(s)
2026-05-06 13:30:55,075 [Trainer] :: Starting epoch 73
2026-05-06 13:34:44,806 [Trainer] :: Completed epoch 73: train_loss=0.103466 train_iou=0.901694 val_loss=0.312883 val_iou=0.613054 lr=0.00008623
2026-05-06 13:34:44,907 [Trainer] :: Updated latest checkpoint at epoch 73
2026-05-06 13:34:44,908 [Trainer] :: No validation IoU improvement for 46 epoch(s)
2026-05-06 13:34:44,908 [Trainer] :: Starting epoch 74
2026-05-06 13:38:34,404 [Trainer] :: Completed epoch 74: train_loss=0.102860 train_iou=0.900559 val_loss=0.320860 val_iou=0.634359 lr=0.00008587
2026-05-06 13:38:34,489 [Trainer] :: Updated latest checkpoint at epoch 74
2026-05-06 13:38:34,489 [Trainer] :: No validation IoU improvement for 47 epoch(s)
2026-05-06 13:38:34,489 [Trainer] :: Starting epoch 75
2026-05-06 13:42:24,823 [Trainer] :: Completed epoch 75: train_loss=0.101776 train_iou=0.902866 val_loss=0.307438 val_iou=0.631392 lr=0.00008550
2026-05-06 13:42:24,906 [Trainer] :: Updated latest checkpoint at epoch 75
2026-05-06 13:42:24,906 [Trainer] :: No validation IoU improvement for 48 epoch(s)
2026-05-06 13:42:24,906 [Trainer] :: Starting epoch 76
2026-05-06 13:46:17,635 [Trainer] :: Completed epoch 76: train_loss=0.100458 train_iou=0.903299 val_loss=0.312122 val_iou=0.653109 lr=0.00008513
2026-05-06 13:46:17,886 [Trainer] :: Updated latest checkpoint at epoch 76
2026-05-06 13:46:17,886 [Trainer] :: No validation IoU improvement for 49 epoch(s)
2026-05-06 13:46:17,886 [Trainer] :: Starting epoch 77
2026-05-06 13:50:07,909 [Trainer] :: Completed epoch 77: train_loss=0.099712 train_iou=0.903477 val_loss=0.316367 val_iou=0.647511 lr=0.00008476
2026-05-06 13:50:08,094 [Trainer] :: Updated latest checkpoint at epoch 77
2026-05-06 13:50:08,094 [Trainer] :: No validation IoU improvement for 50 epoch(s)
2026-05-06 13:50:08,094 [Trainer] :: Starting epoch 78
2026-05-06 13:54:00,811 [Trainer] :: Completed epoch 78: train_loss=0.101082 train_iou=0.902311 val_loss=0.307678 val_iou=0.647788 lr=0.00008439
2026-05-06 13:54:00,904 [Trainer] :: Updated latest checkpoint at epoch 78
2026-05-06 13:54:00,904 [Trainer] :: No validation IoU improvement for 51 epoch(s)
2026-05-06 13:54:00,904 [Trainer] :: Starting epoch 79
2026-05-06 13:57:59,975 [Trainer] :: Completed epoch 79: train_loss=0.099280 train_iou=0.904110 val_loss=0.307066 val_iou=0.651680 lr=0.00008401
2026-05-06 13:58:00,115 [Trainer] :: Updated latest checkpoint at epoch 79
2026-05-06 13:58:00,115 [Trainer] :: No validation IoU improvement for 52 epoch(s)
2026-05-06 13:58:00,115 [Trainer] :: Starting epoch 80
2026-05-06 14:01:54,629 [Trainer] :: Completed epoch 80: train_loss=0.102708 train_iou=0.900900 val_loss=0.307196 val_iou=0.667902 lr=0.00008362
2026-05-06 14:01:54,720 [Trainer] :: Updated latest checkpoint at epoch 80
2026-05-06 14:01:54,720 [Trainer] :: No validation IoU improvement for 53 epoch(s)
2026-05-06 14:01:54,720 [Trainer] :: Starting epoch 81
2026-05-06 14:05:48,465 [Trainer] :: Completed epoch 81: train_loss=0.100407 train_iou=0.904339 val_loss=0.302668 val_iou=0.647854 lr=0.00008323
2026-05-06 14:05:48,556 [Trainer] :: Updated latest checkpoint at epoch 81
2026-05-06 14:05:48,556 [Trainer] :: No validation IoU improvement for 54 epoch(s)
2026-05-06 14:05:48,556 [Trainer] :: Starting epoch 82
2026-05-06 14:09:42,897 [Trainer] :: Completed epoch 82: train_loss=0.099491 train_iou=0.904765 val_loss=0.309082 val_iou=0.631829 lr=0.00008284
2026-05-06 14:09:42,989 [Trainer] :: Updated latest checkpoint at epoch 82
2026-05-06 14:09:42,989 [Trainer] :: No validation IoU improvement for 55 epoch(s)
2026-05-06 14:09:42,989 [Trainer] :: Starting epoch 83
2026-05-06 14:13:36,966 [Trainer] :: Completed epoch 83: train_loss=0.098080 train_iou=0.904240 val_loss=0.318885 val_iou=0.648613 lr=0.00008245
2026-05-06 14:13:37,059 [Trainer] :: Updated latest checkpoint at epoch 83
2026-05-06 14:13:37,059 [Trainer] :: No validation IoU improvement for 56 epoch(s)
2026-05-06 14:13:37,059 [Trainer] :: Starting epoch 84
2026-05-06 14:17:30,638 [Trainer] :: Completed epoch 84: train_loss=0.099061 train_iou=0.906018 val_loss=0.315940 val_iou=0.644191 lr=0.00008205
2026-05-06 14:17:30,729 [Trainer] :: Updated latest checkpoint at epoch 84
2026-05-06 14:17:30,729 [Trainer] :: No validation IoU improvement for 57 epoch(s)
2026-05-06 14:17:30,729 [Trainer] :: Starting epoch 85
2026-05-06 14:21:24,851 [Trainer] :: Completed epoch 85: train_loss=0.099061 train_iou=0.904691 val_loss=0.311460 val_iou=0.637488 lr=0.00008165
2026-05-06 14:21:25,123 [Trainer] :: Updated latest checkpoint at epoch 85
2026-05-06 14:21:25,123 [Trainer] :: No validation IoU improvement for 58 epoch(s)
2026-05-06 14:21:25,123 [Trainer] :: Starting epoch 86
2026-05-06 14:25:19,397 [Trainer] :: Completed epoch 86: train_loss=0.095938 train_iou=0.907470 val_loss=0.319374 val_iou=0.651530 lr=0.00008125
2026-05-06 14:25:19,491 [Trainer] :: Updated latest checkpoint at epoch 86
2026-05-06 14:25:19,491 [Trainer] :: No validation IoU improvement for 59 epoch(s)
2026-05-06 14:25:19,491 [Trainer] :: Starting epoch 87
2026-05-06 14:29:14,212 [Trainer] :: Completed epoch 87: train_loss=0.096493 train_iou=0.907421 val_loss=0.313321 val_iou=0.649572 lr=0.00008084
2026-05-06 14:29:14,316 [Trainer] :: Updated latest checkpoint at epoch 87
2026-05-06 14:29:14,316 [Trainer] :: No validation IoU improvement for 60 epoch(s)
2026-05-06 14:29:14,316 [Trainer] :: Early stopping triggered after 60 epoch(s) without improvement
2026-05-06 14:32:20,677 [Trainer] :: Wrote training history to outputs/runs/rgb_segformer_b0_fuzzy_halo_seed45_20260506T052025Z/metrics/history.json
2026-05-06 14:32:20,733 [Trainer] :: Wrote test summary to outputs/runs/rgb_segformer_b0_fuzzy_halo_seed45_20260506T052025Z/metrics/test_summary.json
2026-05-06 14:32:20,733 [Trainer] :: Training completed
