2026-05-02 20:27:24,619 [Trainer] :: Training run initialized at /ceph/home/student.aau.dk/qd36zu/fuzzy-p10/tbd/masking/outputs/runs/rgb_real_msi_unetplusplus_resnet34_seed50_20260502T182724Z
2026-05-02 20:27:24,619 [Trainer] :: Loaded config from /ceph/home/student.aau.dk/qd36zu/fuzzy-p10/tbd/masking/configs/binary/rgb_real_msi_unetpp_resnet34.yaml
2026-05-02 20:27:24,619 [Trainer] :: Using seed=50 and device=None
2026-05-02 20:27:24,619 [Trainer] :: Using model architecture=UnetPlusPlus encoder=resnet34 encoder_weights=imagenet
2026-05-02 20:27:24,776 [Trainer] :: Resolved runtime device to cuda
2026-05-02 20:27:24,777 [Trainer] :: Prepared normalization from source=train_split_patch_stats
2026-05-02 20:27:29,329 [Trainer] :: Built dataloaders with batch_size=16, num_workers=0
2026-05-02 20:27:29,330 [Trainer] :: Starting epoch 1
2026-05-02 20:34:18,380 [Trainer] :: Completed epoch 1: train_loss=0.461374 train_iou=0.621676 val_loss=0.474730 val_iou=0.502662 lr=0.00010000
2026-05-02 20:34:18,759 [Trainer] :: Updated latest checkpoint at epoch 1
2026-05-02 20:34:19,196 [Trainer] :: New best checkpoint saved with val_iou=0.502662
2026-05-02 20:34:19,197 [Trainer] :: Starting epoch 2
2026-05-02 20:42:27,539 [Trainer] :: Completed epoch 2: train_loss=0.350717 train_iou=0.740996 val_loss=0.398271 val_iou=0.538191 lr=0.00009999
2026-05-02 20:42:27,986 [Trainer] :: Updated latest checkpoint at epoch 2
2026-05-02 20:42:28,472 [Trainer] :: New best checkpoint saved with val_iou=0.538191
2026-05-02 20:42:28,472 [Trainer] :: Starting epoch 3
2026-05-02 20:51:28,344 [Trainer] :: Completed epoch 3: train_loss=0.320953 train_iou=0.747680 val_loss=0.352195 val_iou=0.581443 lr=0.00009998
2026-05-02 20:51:28,849 [Trainer] :: Updated latest checkpoint at epoch 3
2026-05-02 20:51:29,364 [Trainer] :: New best checkpoint saved with val_iou=0.581443
2026-05-02 20:51:29,364 [Trainer] :: Starting epoch 4
2026-05-02 21:00:47,575 [Trainer] :: Completed epoch 4: train_loss=0.293997 train_iou=0.764526 val_loss=0.350554 val_iou=0.570423 lr=0.00009996
2026-05-02 21:00:48,084 [Trainer] :: Updated latest checkpoint at epoch 4
2026-05-02 21:00:48,084 [Trainer] :: No validation IoU improvement for 1 epoch(s)
2026-05-02 21:00:48,084 [Trainer] :: Starting epoch 5
2026-05-02 21:11:11,535 [Trainer] :: Completed epoch 5: train_loss=0.274042 train_iou=0.777356 val_loss=0.331101 val_iou=0.578544 lr=0.00009993
2026-05-02 21:11:11,959 [Trainer] :: Updated latest checkpoint at epoch 5
2026-05-02 21:11:11,959 [Trainer] :: No validation IoU improvement for 2 epoch(s)
2026-05-02 21:11:11,959 [Trainer] :: Starting epoch 6
2026-05-02 21:20:53,469 [Trainer] :: Completed epoch 6: train_loss=0.254537 train_iou=0.790558 val_loss=0.306324 val_iou=0.613315 lr=0.00009990
2026-05-02 21:20:53,911 [Trainer] :: Updated latest checkpoint at epoch 6
2026-05-02 21:20:54,366 [Trainer] :: New best checkpoint saved with val_iou=0.613315
2026-05-02 21:20:54,366 [Trainer] :: Starting epoch 7
2026-05-02 21:28:22,392 [Trainer] :: Completed epoch 7: train_loss=0.241132 train_iou=0.800534 val_loss=0.302075 val_iou=0.610054 lr=0.00009987
2026-05-02 21:28:22,838 [Trainer] :: Updated latest checkpoint at epoch 7
2026-05-02 21:28:22,838 [Trainer] :: No validation IoU improvement for 1 epoch(s)
2026-05-02 21:28:22,838 [Trainer] :: Starting epoch 8
2026-05-02 21:35:14,096 [Trainer] :: Completed epoch 8: train_loss=0.233663 train_iou=0.802775 val_loss=0.325880 val_iou=0.552603 lr=0.00009983
2026-05-02 21:35:14,663 [Trainer] :: Updated latest checkpoint at epoch 8
2026-05-02 21:35:14,663 [Trainer] :: No validation IoU improvement for 2 epoch(s)
2026-05-02 21:35:14,663 [Trainer] :: Starting epoch 9
2026-05-02 21:43:37,480 [Trainer] :: Completed epoch 9: train_loss=0.231164 train_iou=0.804350 val_loss=0.278557 val_iou=0.619372 lr=0.00009978
2026-05-02 21:43:37,903 [Trainer] :: Updated latest checkpoint at epoch 9
2026-05-02 21:43:38,284 [Trainer] :: New best checkpoint saved with val_iou=0.619372
2026-05-02 21:43:38,284 [Trainer] :: Starting epoch 10
2026-05-02 21:51:52,588 [Trainer] :: Completed epoch 10: train_loss=0.217021 train_iou=0.816726 val_loss=0.294734 val_iou=0.585675 lr=0.00009973
2026-05-02 21:51:53,077 [Trainer] :: Updated latest checkpoint at epoch 10
2026-05-02 21:51:53,078 [Trainer] :: No validation IoU improvement for 1 epoch(s)
2026-05-02 21:51:53,078 [Trainer] :: Starting epoch 11
2026-05-02 21:58:00,045 [Trainer] :: Completed epoch 11: train_loss=0.216617 train_iou=0.814712 val_loss=0.306058 val_iou=0.561860 lr=0.00009967
2026-05-02 21:58:00,468 [Trainer] :: Updated latest checkpoint at epoch 11
2026-05-02 21:58:00,468 [Trainer] :: No validation IoU improvement for 2 epoch(s)
2026-05-02 21:58:00,468 [Trainer] :: Starting epoch 12
2026-05-02 22:04:27,144 [Trainer] :: Completed epoch 12: train_loss=0.208002 train_iou=0.818228 val_loss=0.279058 val_iou=0.603234 lr=0.00009961
2026-05-02 22:04:27,670 [Trainer] :: Updated latest checkpoint at epoch 12
2026-05-02 22:04:27,670 [Trainer] :: No validation IoU improvement for 3 epoch(s)
2026-05-02 22:04:27,670 [Trainer] :: Starting epoch 13
2026-05-02 22:12:37,894 [Trainer] :: Completed epoch 13: train_loss=0.200087 train_iou=0.826585 val_loss=0.281111 val_iou=0.622847 lr=0.00009954
2026-05-02 22:12:38,317 [Trainer] :: Updated latest checkpoint at epoch 13
2026-05-02 22:12:38,726 [Trainer] :: New best checkpoint saved with val_iou=0.622847
2026-05-02 22:12:38,726 [Trainer] :: Starting epoch 14
2026-05-02 22:21:45,580 [Trainer] :: Completed epoch 14: train_loss=0.189433 train_iou=0.836411 val_loss=0.287430 val_iou=0.591469 lr=0.00009947
2026-05-02 22:21:46,034 [Trainer] :: Updated latest checkpoint at epoch 14
2026-05-02 22:21:46,035 [Trainer] :: No validation IoU improvement for 1 epoch(s)
2026-05-02 22:21:46,035 [Trainer] :: Starting epoch 15
2026-05-02 22:28:20,982 [Trainer] :: Completed epoch 15: train_loss=0.176909 train_iou=0.848724 val_loss=0.268222 val_iou=0.629408 lr=0.00009939
2026-05-02 22:28:21,682 [Trainer] :: Updated latest checkpoint at epoch 15
2026-05-02 22:28:22,145 [Trainer] :: New best checkpoint saved with val_iou=0.629408
2026-05-02 22:28:22,145 [Trainer] :: Starting epoch 16
2026-05-02 22:34:13,634 [Trainer] :: Completed epoch 16: train_loss=0.177211 train_iou=0.847657 val_loss=0.282529 val_iou=0.611238 lr=0.00009931
2026-05-02 22:34:14,058 [Trainer] :: Updated latest checkpoint at epoch 16
2026-05-02 22:34:14,059 [Trainer] :: No validation IoU improvement for 1 epoch(s)
2026-05-02 22:34:14,059 [Trainer] :: Starting epoch 17
2026-05-02 22:40:30,362 [Trainer] :: Completed epoch 17: train_loss=0.171752 train_iou=0.850777 val_loss=0.362007 val_iou=0.498554 lr=0.00009922
2026-05-02 22:40:30,804 [Trainer] :: Updated latest checkpoint at epoch 17
2026-05-02 22:40:30,804 [Trainer] :: No validation IoU improvement for 2 epoch(s)
2026-05-02 22:40:30,805 [Trainer] :: Starting epoch 18
2026-05-02 22:47:00,238 [Trainer] :: Completed epoch 18: train_loss=0.167944 train_iou=0.853836 val_loss=0.273932 val_iou=0.615263 lr=0.00009912
2026-05-02 22:47:00,672 [Trainer] :: Updated latest checkpoint at epoch 18
2026-05-02 22:47:00,672 [Trainer] :: No validation IoU improvement for 3 epoch(s)
2026-05-02 22:47:00,672 [Trainer] :: Starting epoch 19
2026-05-02 22:52:32,850 [Trainer] :: Completed epoch 19: train_loss=0.163864 train_iou=0.860518 val_loss=0.296126 val_iou=0.587211 lr=0.00009902
2026-05-02 22:52:33,297 [Trainer] :: Updated latest checkpoint at epoch 19
2026-05-02 22:52:33,297 [Trainer] :: No validation IoU improvement for 4 epoch(s)
2026-05-02 22:52:33,297 [Trainer] :: Starting epoch 20
2026-05-02 22:58:34,821 [Trainer] :: Completed epoch 20: train_loss=0.158068 train_iou=0.864888 val_loss=0.274019 val_iou=0.623905 lr=0.00009892
2026-05-02 22:58:35,278 [Trainer] :: Updated latest checkpoint at epoch 20
2026-05-02 22:58:35,278 [Trainer] :: No validation IoU improvement for 5 epoch(s)
2026-05-02 22:58:35,278 [Trainer] :: Starting epoch 21
2026-05-02 23:04:43,935 [Trainer] :: Completed epoch 21: train_loss=0.155079 train_iou=0.866831 val_loss=0.290972 val_iou=0.593362 lr=0.00009881
2026-05-02 23:04:44,363 [Trainer] :: Updated latest checkpoint at epoch 21
2026-05-02 23:04:44,363 [Trainer] :: No validation IoU improvement for 6 epoch(s)
2026-05-02 23:04:44,363 [Trainer] :: Starting epoch 22
2026-05-02 23:11:33,704 [Trainer] :: Completed epoch 22: train_loss=0.154213 train_iou=0.866632 val_loss=0.305211 val_iou=0.571494 lr=0.00009869
2026-05-02 23:11:34,112 [Trainer] :: Updated latest checkpoint at epoch 22
2026-05-02 23:11:34,112 [Trainer] :: No validation IoU improvement for 7 epoch(s)
2026-05-02 23:11:34,112 [Trainer] :: Starting epoch 23
2026-05-02 23:16:40,975 [Trainer] :: Completed epoch 23: train_loss=0.150678 train_iou=0.872293 val_loss=0.281075 val_iou=0.604194 lr=0.00009857
2026-05-02 23:16:41,405 [Trainer] :: Updated latest checkpoint at epoch 23
2026-05-02 23:16:41,406 [Trainer] :: No validation IoU improvement for 8 epoch(s)
2026-05-02 23:16:41,406 [Trainer] :: Starting epoch 24
2026-05-02 23:23:12,622 [Trainer] :: Completed epoch 24: train_loss=0.145295 train_iou=0.877360 val_loss=0.311757 val_iou=0.576031 lr=0.00009844
2026-05-02 23:23:13,073 [Trainer] :: Updated latest checkpoint at epoch 24
2026-05-02 23:23:13,073 [Trainer] :: No validation IoU improvement for 9 epoch(s)
2026-05-02 23:23:13,073 [Trainer] :: Starting epoch 25
2026-05-02 23:29:19,209 [Trainer] :: Completed epoch 25: train_loss=0.143379 train_iou=0.876417 val_loss=0.283074 val_iou=0.605189 lr=0.00009831
2026-05-02 23:29:19,643 [Trainer] :: Updated latest checkpoint at epoch 25
2026-05-02 23:29:19,643 [Trainer] :: No validation IoU improvement for 10 epoch(s)
2026-05-02 23:29:19,643 [Trainer] :: Starting epoch 26
2026-05-02 23:34:24,961 [Trainer] :: Completed epoch 26: train_loss=0.144162 train_iou=0.877249 val_loss=0.272707 val_iou=0.625318 lr=0.00009818
2026-05-02 23:34:25,937 [Trainer] :: Updated latest checkpoint at epoch 26
2026-05-02 23:34:25,937 [Trainer] :: No validation IoU improvement for 11 epoch(s)
2026-05-02 23:34:25,937 [Trainer] :: Starting epoch 27
2026-05-02 23:40:36,069 [Trainer] :: Completed epoch 27: train_loss=0.136190 train_iou=0.884049 val_loss=0.278719 val_iou=0.607686 lr=0.00009803
2026-05-02 23:40:36,526 [Trainer] :: Updated latest checkpoint at epoch 27
2026-05-02 23:40:36,526 [Trainer] :: No validation IoU improvement for 12 epoch(s)
2026-05-02 23:40:36,526 [Trainer] :: Starting epoch 28
2026-05-02 23:45:53,077 [Trainer] :: Completed epoch 28: train_loss=0.133579 train_iou=0.889001 val_loss=0.281433 val_iou=0.609609 lr=0.00009789
2026-05-02 23:45:53,540 [Trainer] :: Updated latest checkpoint at epoch 28
2026-05-02 23:45:53,540 [Trainer] :: No validation IoU improvement for 13 epoch(s)
2026-05-02 23:45:53,540 [Trainer] :: Starting epoch 29
2026-05-02 23:51:13,335 [Trainer] :: Completed epoch 29: train_loss=0.133976 train_iou=0.888341 val_loss=0.284412 val_iou=0.608940 lr=0.00009773
2026-05-02 23:51:13,863 [Trainer] :: Updated latest checkpoint at epoch 29
2026-05-02 23:51:13,863 [Trainer] :: No validation IoU improvement for 14 epoch(s)
2026-05-02 23:51:13,863 [Trainer] :: Starting epoch 30
2026-05-02 23:56:37,985 [Trainer] :: Completed epoch 30: train_loss=0.125866 train_iou=0.891196 val_loss=0.271381 val_iou=0.629615 lr=0.00009758
2026-05-02 23:56:38,492 [Trainer] :: Updated latest checkpoint at epoch 30
2026-05-02 23:56:38,897 [Trainer] :: New best checkpoint saved with val_iou=0.629615
2026-05-02 23:56:38,897 [Trainer] :: Starting epoch 31
2026-05-03 00:02:23,454 [Trainer] :: Completed epoch 31: train_loss=0.123999 train_iou=0.892188 val_loss=0.286529 val_iou=0.607304 lr=0.00009741
2026-05-03 00:02:23,882 [Trainer] :: Updated latest checkpoint at epoch 31
2026-05-03 00:02:23,882 [Trainer] :: No validation IoU improvement for 1 epoch(s)
2026-05-03 00:02:23,882 [Trainer] :: Starting epoch 32
2026-05-03 00:07:18,256 [Trainer] :: Completed epoch 32: train_loss=0.122055 train_iou=0.895269 val_loss=0.278735 val_iou=0.624543 lr=0.00009725
2026-05-03 00:07:18,713 [Trainer] :: Updated latest checkpoint at epoch 32
2026-05-03 00:07:18,714 [Trainer] :: No validation IoU improvement for 2 epoch(s)
2026-05-03 00:07:18,714 [Trainer] :: Starting epoch 33
2026-05-03 00:12:12,837 [Trainer] :: Completed epoch 33: train_loss=0.118486 train_iou=0.892739 val_loss=0.286460 val_iou=0.612304 lr=0.00009707
2026-05-03 00:12:13,291 [Trainer] :: Updated latest checkpoint at epoch 33
2026-05-03 00:12:13,291 [Trainer] :: No validation IoU improvement for 3 epoch(s)
2026-05-03 00:12:13,291 [Trainer] :: Starting epoch 34
2026-05-03 00:17:12,438 [Trainer] :: Completed epoch 34: train_loss=0.115484 train_iou=0.895819 val_loss=0.304508 val_iou=0.598905 lr=0.00009690
2026-05-03 00:17:12,931 [Trainer] :: Updated latest checkpoint at epoch 34
2026-05-03 00:17:12,931 [Trainer] :: No validation IoU improvement for 4 epoch(s)
2026-05-03 00:17:12,931 [Trainer] :: Starting epoch 35
2026-05-03 00:22:11,929 [Trainer] :: Completed epoch 35: train_loss=0.113613 train_iou=0.895531 val_loss=0.283623 val_iou=0.620876 lr=0.00009671
2026-05-03 00:22:12,346 [Trainer] :: Updated latest checkpoint at epoch 35
2026-05-03 00:22:12,346 [Trainer] :: No validation IoU improvement for 5 epoch(s)
2026-05-03 00:22:12,346 [Trainer] :: Starting epoch 36
2026-05-03 00:27:25,919 [Trainer] :: Completed epoch 36: train_loss=0.109182 train_iou=0.899947 val_loss=0.300766 val_iou=0.582661 lr=0.00009652
2026-05-03 00:27:26,337 [Trainer] :: Updated latest checkpoint at epoch 36
2026-05-03 00:27:26,337 [Trainer] :: No validation IoU improvement for 6 epoch(s)
2026-05-03 00:27:26,338 [Trainer] :: Starting epoch 37
2026-05-03 00:32:46,345 [Trainer] :: Completed epoch 37: train_loss=0.108284 train_iou=0.898580 val_loss=0.309879 val_iou=0.605944 lr=0.00009633
2026-05-03 00:32:46,770 [Trainer] :: Updated latest checkpoint at epoch 37
2026-05-03 00:32:46,770 [Trainer] :: No validation IoU improvement for 7 epoch(s)
2026-05-03 00:32:46,770 [Trainer] :: Starting epoch 38
2026-05-03 00:39:48,083 [Trainer] :: Completed epoch 38: train_loss=0.104816 train_iou=0.901072 val_loss=0.302321 val_iou=0.605176 lr=0.00009613
2026-05-03 00:39:49,407 [Trainer] :: Updated latest checkpoint at epoch 38
2026-05-03 00:39:49,408 [Trainer] :: No validation IoU improvement for 8 epoch(s)
2026-05-03 00:39:49,408 [Trainer] :: Starting epoch 39
2026-05-03 00:46:01,272 [Trainer] :: Completed epoch 39: train_loss=0.102255 train_iou=0.901105 val_loss=0.287863 val_iou=0.623157 lr=0.00009593
2026-05-03 00:46:01,686 [Trainer] :: Updated latest checkpoint at epoch 39
2026-05-03 00:46:01,686 [Trainer] :: No validation IoU improvement for 9 epoch(s)
2026-05-03 00:46:01,686 [Trainer] :: Starting epoch 40
2026-05-03 00:51:36,440 [Trainer] :: Completed epoch 40: train_loss=0.103176 train_iou=0.902642 val_loss=0.306161 val_iou=0.596400 lr=0.00009572
2026-05-03 00:51:36,863 [Trainer] :: Updated latest checkpoint at epoch 40
2026-05-03 00:51:36,864 [Trainer] :: No validation IoU improvement for 10 epoch(s)
2026-05-03 00:51:36,864 [Trainer] :: Starting epoch 41
2026-05-03 00:57:28,296 [Trainer] :: Completed epoch 41: train_loss=0.097809 train_iou=0.903507 val_loss=0.290508 val_iou=0.625935 lr=0.00009551
2026-05-03 00:57:28,829 [Trainer] :: Updated latest checkpoint at epoch 41
2026-05-03 00:57:28,829 [Trainer] :: No validation IoU improvement for 11 epoch(s)
2026-05-03 00:57:28,829 [Trainer] :: Starting epoch 42
2026-05-03 01:03:18,752 [Trainer] :: Completed epoch 42: train_loss=0.094514 train_iou=0.905583 val_loss=0.310507 val_iou=0.587969 lr=0.00009529
2026-05-03 01:03:19,172 [Trainer] :: Updated latest checkpoint at epoch 42
2026-05-03 01:03:19,172 [Trainer] :: No validation IoU improvement for 12 epoch(s)
2026-05-03 01:03:19,172 [Trainer] :: Starting epoch 43
2026-05-03 01:08:19,228 [Trainer] :: Completed epoch 43: train_loss=0.090403 train_iou=0.910035 val_loss=0.286429 val_iou=0.626518 lr=0.00009507
2026-05-03 01:08:19,763 [Trainer] :: Updated latest checkpoint at epoch 43
2026-05-03 01:08:19,763 [Trainer] :: No validation IoU improvement for 13 epoch(s)
2026-05-03 01:08:19,764 [Trainer] :: Starting epoch 44
2026-05-03 01:13:23,107 [Trainer] :: Completed epoch 44: train_loss=0.090431 train_iou=0.911599 val_loss=0.318398 val_iou=0.582473 lr=0.00009484
2026-05-03 01:13:23,616 [Trainer] :: Updated latest checkpoint at epoch 44
2026-05-03 01:13:23,617 [Trainer] :: No validation IoU improvement for 14 epoch(s)
2026-05-03 01:13:23,617 [Trainer] :: Starting epoch 45
2026-05-03 01:18:27,062 [Trainer] :: Completed epoch 45: train_loss=0.092848 train_iou=0.905705 val_loss=0.309474 val_iou=0.605214 lr=0.00009460
2026-05-03 01:18:27,466 [Trainer] :: Updated latest checkpoint at epoch 45
2026-05-03 01:18:27,466 [Trainer] :: No validation IoU improvement for 15 epoch(s)
2026-05-03 01:18:27,466 [Trainer] :: Starting epoch 46
2026-05-03 01:23:34,688 [Trainer] :: Completed epoch 46: train_loss=0.088683 train_iou=0.910578 val_loss=0.296902 val_iou=0.604197 lr=0.00009437
2026-05-03 01:23:35,155 [Trainer] :: Updated latest checkpoint at epoch 46
2026-05-03 01:23:35,155 [Trainer] :: No validation IoU improvement for 16 epoch(s)
2026-05-03 01:23:35,155 [Trainer] :: Starting epoch 47
2026-05-03 01:28:36,348 [Trainer] :: Completed epoch 47: train_loss=0.083990 train_iou=0.914444 val_loss=0.306964 val_iou=0.616561 lr=0.00009412
2026-05-03 01:28:36,959 [Trainer] :: Updated latest checkpoint at epoch 47
2026-05-03 01:28:36,959 [Trainer] :: No validation IoU improvement for 17 epoch(s)
2026-05-03 01:28:36,959 [Trainer] :: Starting epoch 48
2026-05-03 01:33:44,532 [Trainer] :: Completed epoch 48: train_loss=0.083108 train_iou=0.914766 val_loss=0.321209 val_iou=0.608707 lr=0.00009388
2026-05-03 01:33:44,953 [Trainer] :: Updated latest checkpoint at epoch 48
2026-05-03 01:33:44,953 [Trainer] :: No validation IoU improvement for 18 epoch(s)
2026-05-03 01:33:44,953 [Trainer] :: Starting epoch 49
2026-05-03 01:39:26,403 [Trainer] :: Completed epoch 49: train_loss=0.082141 train_iou=0.916678 val_loss=0.297231 val_iou=0.625246 lr=0.00009363
2026-05-03 01:39:26,820 [Trainer] :: Updated latest checkpoint at epoch 49
2026-05-03 01:39:26,820 [Trainer] :: No validation IoU improvement for 19 epoch(s)
2026-05-03 01:39:26,820 [Trainer] :: Starting epoch 50
2026-05-03 01:44:45,512 [Trainer] :: Completed epoch 50: train_loss=0.083932 train_iou=0.914748 val_loss=0.280975 val_iou=0.635784 lr=0.00009337
2026-05-03 01:44:45,950 [Trainer] :: Updated latest checkpoint at epoch 50
2026-05-03 01:44:46,333 [Trainer] :: New best checkpoint saved with val_iou=0.635784
2026-05-03 01:44:46,333 [Trainer] :: Starting epoch 51
2026-05-03 01:49:50,940 [Trainer] :: Completed epoch 51: train_loss=0.081202 train_iou=0.917624 val_loss=0.293761 val_iou=0.624955 lr=0.00009311
2026-05-03 01:49:51,376 [Trainer] :: Updated latest checkpoint at epoch 51
2026-05-03 01:49:51,376 [Trainer] :: No validation IoU improvement for 1 epoch(s)
2026-05-03 01:49:51,376 [Trainer] :: Starting epoch 52
2026-05-03 01:54:49,301 [Trainer] :: Completed epoch 52: train_loss=0.079603 train_iou=0.916880 val_loss=0.318352 val_iou=0.595926 lr=0.00009284
2026-05-03 01:54:49,722 [Trainer] :: Updated latest checkpoint at epoch 52
2026-05-03 01:54:49,722 [Trainer] :: No validation IoU improvement for 2 epoch(s)
2026-05-03 01:54:49,723 [Trainer] :: Starting epoch 53
2026-05-03 02:00:08,309 [Trainer] :: Completed epoch 53: train_loss=0.078700 train_iou=0.919303 val_loss=0.305389 val_iou=0.618197 lr=0.00009257
2026-05-03 02:00:08,905 [Trainer] :: Updated latest checkpoint at epoch 53
2026-05-03 02:00:08,905 [Trainer] :: No validation IoU improvement for 3 epoch(s)
2026-05-03 02:00:08,905 [Trainer] :: Starting epoch 54
2026-05-03 02:05:02,952 [Trainer] :: Completed epoch 54: train_loss=0.077394 train_iou=0.921105 val_loss=0.319637 val_iou=0.587781 lr=0.00009229
2026-05-03 02:05:03,375 [Trainer] :: Updated latest checkpoint at epoch 54
2026-05-03 02:05:03,375 [Trainer] :: No validation IoU improvement for 4 epoch(s)
2026-05-03 02:05:03,375 [Trainer] :: Starting epoch 55
2026-05-03 02:09:57,709 [Trainer] :: Completed epoch 55: train_loss=0.076497 train_iou=0.921105 val_loss=0.360007 val_iou=0.558957 lr=0.00009201
2026-05-03 02:09:58,545 [Trainer] :: Updated latest checkpoint at epoch 55
2026-05-03 02:09:58,545 [Trainer] :: No validation IoU improvement for 5 epoch(s)
2026-05-03 02:09:58,545 [Trainer] :: Starting epoch 56
2026-05-03 02:14:59,476 [Trainer] :: Completed epoch 56: train_loss=0.077030 train_iou=0.920103 val_loss=0.300310 val_iou=0.618283 lr=0.00009173
2026-05-03 02:14:59,889 [Trainer] :: Updated latest checkpoint at epoch 56
2026-05-03 02:14:59,890 [Trainer] :: No validation IoU improvement for 6 epoch(s)
2026-05-03 02:14:59,890 [Trainer] :: Starting epoch 57
2026-05-03 02:20:06,178 [Trainer] :: Completed epoch 57: train_loss=0.075181 train_iou=0.922163 val_loss=0.301049 val_iou=0.616388 lr=0.00009144
2026-05-03 02:20:06,796 [Trainer] :: Updated latest checkpoint at epoch 57
2026-05-03 02:20:06,796 [Trainer] :: No validation IoU improvement for 7 epoch(s)
2026-05-03 02:20:06,796 [Trainer] :: Starting epoch 58
2026-05-03 02:25:05,747 [Trainer] :: Completed epoch 58: train_loss=0.073355 train_iou=0.923350 val_loss=0.323558 val_iou=0.600082 lr=0.00009115
2026-05-03 02:25:06,226 [Trainer] :: Updated latest checkpoint at epoch 58
2026-05-03 02:25:06,226 [Trainer] :: No validation IoU improvement for 8 epoch(s)
2026-05-03 02:25:06,226 [Trainer] :: Starting epoch 59
2026-05-03 02:30:06,118 [Trainer] :: Completed epoch 59: train_loss=0.072130 train_iou=0.924408 val_loss=0.319340 val_iou=0.606072 lr=0.00009085
2026-05-03 02:30:06,564 [Trainer] :: Updated latest checkpoint at epoch 59
2026-05-03 02:30:06,565 [Trainer] :: No validation IoU improvement for 9 epoch(s)
2026-05-03 02:30:06,565 [Trainer] :: Starting epoch 60
2026-05-03 02:35:04,873 [Trainer] :: Completed epoch 60: train_loss=0.068577 train_iou=0.928026 val_loss=0.306542 val_iou=0.612901 lr=0.00009055
2026-05-03 02:35:05,320 [Trainer] :: Updated latest checkpoint at epoch 60
2026-05-03 02:35:05,320 [Trainer] :: No validation IoU improvement for 10 epoch(s)
2026-05-03 02:35:05,320 [Trainer] :: Starting epoch 61
2026-05-03 02:41:02,372 [Trainer] :: Completed epoch 61: train_loss=0.069741 train_iou=0.926419 val_loss=0.313788 val_iou=0.616430 lr=0.00009024
2026-05-03 02:41:02,866 [Trainer] :: Updated latest checkpoint at epoch 61
2026-05-03 02:41:02,867 [Trainer] :: No validation IoU improvement for 11 epoch(s)
2026-05-03 02:41:02,867 [Trainer] :: Starting epoch 62
2026-05-03 02:46:00,439 [Trainer] :: Completed epoch 62: train_loss=0.069219 train_iou=0.926610 val_loss=0.321119 val_iou=0.603473 lr=0.00008993
2026-05-03 02:46:00,861 [Trainer] :: Updated latest checkpoint at epoch 62
2026-05-03 02:46:00,862 [Trainer] :: No validation IoU improvement for 12 epoch(s)
2026-05-03 02:46:00,862 [Trainer] :: Starting epoch 63
2026-05-03 02:50:59,569 [Trainer] :: Completed epoch 63: train_loss=0.068654 train_iou=0.927475 val_loss=0.321010 val_iou=0.608281 lr=0.00008961
2026-05-03 02:51:00,184 [Trainer] :: Updated latest checkpoint at epoch 63
2026-05-03 02:51:00,184 [Trainer] :: No validation IoU improvement for 13 epoch(s)
2026-05-03 02:51:00,184 [Trainer] :: Starting epoch 64
2026-05-03 02:56:00,676 [Trainer] :: Completed epoch 64: train_loss=0.070621 train_iou=0.926467 val_loss=0.323136 val_iou=0.610873 lr=0.00008929
2026-05-03 02:56:01,111 [Trainer] :: Updated latest checkpoint at epoch 64
2026-05-03 02:56:01,111 [Trainer] :: No validation IoU improvement for 14 epoch(s)
2026-05-03 02:56:01,111 [Trainer] :: Starting epoch 65
2026-05-03 03:00:57,409 [Trainer] :: Completed epoch 65: train_loss=0.066771 train_iou=0.928651 val_loss=0.313828 val_iou=0.613016 lr=0.00008897
2026-05-03 03:00:57,839 [Trainer] :: Updated latest checkpoint at epoch 65
2026-05-03 03:00:57,839 [Trainer] :: No validation IoU improvement for 15 epoch(s)
2026-05-03 03:00:57,839 [Trainer] :: Starting epoch 66
2026-05-03 03:05:58,170 [Trainer] :: Completed epoch 66: train_loss=0.065813 train_iou=0.930783 val_loss=0.301116 val_iou=0.619161 lr=0.00008864
2026-05-03 03:05:58,649 [Trainer] :: Updated latest checkpoint at epoch 66
2026-05-03 03:05:58,649 [Trainer] :: No validation IoU improvement for 16 epoch(s)
2026-05-03 03:05:58,649 [Trainer] :: Starting epoch 67
2026-05-03 03:10:57,993 [Trainer] :: Completed epoch 67: train_loss=0.062476 train_iou=0.932947 val_loss=0.314736 val_iou=0.613517 lr=0.00008831
2026-05-03 03:10:58,470 [Trainer] :: Updated latest checkpoint at epoch 67
2026-05-03 03:10:58,470 [Trainer] :: No validation IoU improvement for 17 epoch(s)
2026-05-03 03:10:58,470 [Trainer] :: Starting epoch 68
2026-05-03 03:15:57,506 [Trainer] :: Completed epoch 68: train_loss=0.064894 train_iou=0.931898 val_loss=0.315684 val_iou=0.610141 lr=0.00008797
2026-05-03 03:15:57,916 [Trainer] :: Updated latest checkpoint at epoch 68
2026-05-03 03:15:57,916 [Trainer] :: No validation IoU improvement for 18 epoch(s)
2026-05-03 03:15:57,916 [Trainer] :: Starting epoch 69
2026-05-03 03:21:09,907 [Trainer] :: Completed epoch 69: train_loss=0.062680 train_iou=0.933687 val_loss=0.329749 val_iou=0.610003 lr=0.00008763
2026-05-03 03:21:10,443 [Trainer] :: Updated latest checkpoint at epoch 69
2026-05-03 03:21:10,443 [Trainer] :: No validation IoU improvement for 19 epoch(s)
2026-05-03 03:21:10,443 [Trainer] :: Starting epoch 70
2026-05-03 03:26:24,643 [Trainer] :: Completed epoch 70: train_loss=0.062440 train_iou=0.934756 val_loss=0.309904 val_iou=0.617100 lr=0.00008729
2026-05-03 03:26:25,111 [Trainer] :: Updated latest checkpoint at epoch 70
2026-05-03 03:26:25,111 [Trainer] :: No validation IoU improvement for 20 epoch(s)
2026-05-03 03:26:25,111 [Trainer] :: Starting epoch 71
2026-05-03 03:31:30,553 [Trainer] :: Completed epoch 71: train_loss=0.060494 train_iou=0.935213 val_loss=0.306573 val_iou=0.615197 lr=0.00008694
2026-05-03 03:31:30,986 [Trainer] :: Updated latest checkpoint at epoch 71
2026-05-03 03:31:30,986 [Trainer] :: No validation IoU improvement for 21 epoch(s)
2026-05-03 03:31:30,986 [Trainer] :: Starting epoch 72
2026-05-03 03:36:25,052 [Trainer] :: Completed epoch 72: train_loss=0.061597 train_iou=0.934537 val_loss=0.313563 val_iou=0.613184 lr=0.00008658
2026-05-03 03:36:25,507 [Trainer] :: Updated latest checkpoint at epoch 72
2026-05-03 03:36:25,508 [Trainer] :: No validation IoU improvement for 22 epoch(s)
2026-05-03 03:36:25,508 [Trainer] :: Starting epoch 73
2026-05-03 03:41:57,477 [Trainer] :: Completed epoch 73: train_loss=0.060387 train_iou=0.935143 val_loss=0.352753 val_iou=0.589889 lr=0.00008623
2026-05-03 03:41:57,934 [Trainer] :: Updated latest checkpoint at epoch 73
2026-05-03 03:41:57,935 [Trainer] :: No validation IoU improvement for 23 epoch(s)
2026-05-03 03:41:57,935 [Trainer] :: Starting epoch 74
2026-05-03 03:47:06,681 [Trainer] :: Completed epoch 74: train_loss=0.069211 train_iou=0.934289 val_loss=0.341948 val_iou=0.598466 lr=0.00008587
2026-05-03 03:47:07,103 [Trainer] :: Updated latest checkpoint at epoch 74
2026-05-03 03:47:07,103 [Trainer] :: No validation IoU improvement for 24 epoch(s)
2026-05-03 03:47:07,103 [Trainer] :: Starting epoch 75
2026-05-03 03:52:01,339 [Trainer] :: Completed epoch 75: train_loss=0.061250 train_iou=0.934520 val_loss=0.360188 val_iou=0.561677 lr=0.00008550
2026-05-03 03:52:01,739 [Trainer] :: Updated latest checkpoint at epoch 75
2026-05-03 03:52:01,739 [Trainer] :: No validation IoU improvement for 25 epoch(s)
2026-05-03 03:52:01,739 [Trainer] :: Starting epoch 76
2026-05-03 03:56:58,048 [Trainer] :: Completed epoch 76: train_loss=0.061610 train_iou=0.934889 val_loss=0.328857 val_iou=0.600479 lr=0.00008513
2026-05-03 03:56:58,446 [Trainer] :: Updated latest checkpoint at epoch 76
2026-05-03 03:56:58,446 [Trainer] :: No validation IoU improvement for 26 epoch(s)
2026-05-03 03:56:58,447 [Trainer] :: Starting epoch 77
2026-05-03 04:02:05,580 [Trainer] :: Completed epoch 77: train_loss=0.059035 train_iou=0.937761 val_loss=0.337035 val_iou=0.594857 lr=0.00008476
2026-05-03 04:02:06,343 [Trainer] :: Updated latest checkpoint at epoch 77
2026-05-03 04:02:06,343 [Trainer] :: No validation IoU improvement for 27 epoch(s)
2026-05-03 04:02:06,343 [Trainer] :: Starting epoch 78
2026-05-03 04:07:06,126 [Trainer] :: Completed epoch 78: train_loss=0.056479 train_iou=0.939086 val_loss=0.351232 val_iou=0.590029 lr=0.00008439
2026-05-03 04:07:06,552 [Trainer] :: Updated latest checkpoint at epoch 78
2026-05-03 04:07:06,553 [Trainer] :: No validation IoU improvement for 28 epoch(s)
2026-05-03 04:07:06,553 [Trainer] :: Starting epoch 79
2026-05-03 04:12:05,560 [Trainer] :: Completed epoch 79: train_loss=0.058179 train_iou=0.937717 val_loss=0.337115 val_iou=0.611860 lr=0.00008401
2026-05-03 04:12:06,173 [Trainer] :: Updated latest checkpoint at epoch 79
2026-05-03 04:12:06,173 [Trainer] :: No validation IoU improvement for 29 epoch(s)
2026-05-03 04:12:06,173 [Trainer] :: Starting epoch 80
2026-05-03 04:17:06,316 [Trainer] :: Completed epoch 80: train_loss=0.058039 train_iou=0.938207 val_loss=0.358385 val_iou=0.600029 lr=0.00008362
2026-05-03 04:17:06,841 [Trainer] :: Updated latest checkpoint at epoch 80
2026-05-03 04:17:06,841 [Trainer] :: No validation IoU improvement for 30 epoch(s)
2026-05-03 04:17:06,841 [Trainer] :: Starting epoch 81
2026-05-03 04:22:08,154 [Trainer] :: Completed epoch 81: train_loss=0.057267 train_iou=0.938272 val_loss=0.351843 val_iou=0.611710 lr=0.00008323
2026-05-03 04:22:08,922 [Trainer] :: Updated latest checkpoint at epoch 81
2026-05-03 04:22:08,922 [Trainer] :: No validation IoU improvement for 31 epoch(s)
2026-05-03 04:22:08,922 [Trainer] :: Starting epoch 82
2026-05-03 04:27:07,028 [Trainer] :: Completed epoch 82: train_loss=0.056123 train_iou=0.939657 val_loss=0.336366 val_iou=0.588158 lr=0.00008284
2026-05-03 04:27:07,512 [Trainer] :: Updated latest checkpoint at epoch 82
2026-05-03 04:27:07,512 [Trainer] :: No validation IoU improvement for 32 epoch(s)
2026-05-03 04:27:07,512 [Trainer] :: Starting epoch 83
2026-05-03 04:32:09,353 [Trainer] :: Completed epoch 83: train_loss=0.056736 train_iou=0.939348 val_loss=0.333244 val_iou=0.620470 lr=0.00008245
2026-05-03 04:32:09,782 [Trainer] :: Updated latest checkpoint at epoch 83
2026-05-03 04:32:09,783 [Trainer] :: No validation IoU improvement for 33 epoch(s)
2026-05-03 04:32:09,783 [Trainer] :: Starting epoch 84
2026-05-03 04:37:15,766 [Trainer] :: Completed epoch 84: train_loss=0.054334 train_iou=0.941885 val_loss=0.331419 val_iou=0.613041 lr=0.00008205
2026-05-03 04:37:16,187 [Trainer] :: Updated latest checkpoint at epoch 84
2026-05-03 04:37:16,187 [Trainer] :: No validation IoU improvement for 34 epoch(s)
2026-05-03 04:37:16,187 [Trainer] :: Starting epoch 85
2026-05-03 04:42:20,680 [Trainer] :: Completed epoch 85: train_loss=0.053264 train_iou=0.942377 val_loss=0.359691 val_iou=0.596325 lr=0.00008165
2026-05-03 04:42:21,103 [Trainer] :: Updated latest checkpoint at epoch 85
2026-05-03 04:42:21,104 [Trainer] :: No validation IoU improvement for 35 epoch(s)
2026-05-03 04:42:21,104 [Trainer] :: Starting epoch 86
2026-05-03 04:47:20,078 [Trainer] :: Completed epoch 86: train_loss=0.054976 train_iou=0.941850 val_loss=0.369278 val_iou=0.583442 lr=0.00008125
2026-05-03 04:47:20,509 [Trainer] :: Updated latest checkpoint at epoch 86
2026-05-03 04:47:20,509 [Trainer] :: No validation IoU improvement for 36 epoch(s)
2026-05-03 04:47:20,509 [Trainer] :: Starting epoch 87
2026-05-03 04:52:20,153 [Trainer] :: Completed epoch 87: train_loss=0.054229 train_iou=0.941924 val_loss=0.355256 val_iou=0.591877 lr=0.00008084
2026-05-03 04:52:20,555 [Trainer] :: Updated latest checkpoint at epoch 87
2026-05-03 04:52:20,555 [Trainer] :: No validation IoU improvement for 37 epoch(s)
2026-05-03 04:52:20,555 [Trainer] :: Starting epoch 88
2026-05-03 04:57:24,392 [Trainer] :: Completed epoch 88: train_loss=0.053208 train_iou=0.942923 val_loss=0.357619 val_iou=0.591970 lr=0.00008043
2026-05-03 04:57:24,797 [Trainer] :: Updated latest checkpoint at epoch 88
2026-05-03 04:57:24,798 [Trainer] :: No validation IoU improvement for 38 epoch(s)
2026-05-03 04:57:24,798 [Trainer] :: Starting epoch 89
2026-05-03 05:02:25,200 [Trainer] :: Completed epoch 89: train_loss=0.052606 train_iou=0.943788 val_loss=0.335252 val_iou=0.600164 lr=0.00008001
2026-05-03 05:02:25,608 [Trainer] :: Updated latest checkpoint at epoch 89
2026-05-03 05:02:25,608 [Trainer] :: No validation IoU improvement for 39 epoch(s)
2026-05-03 05:02:25,608 [Trainer] :: Starting epoch 90
2026-05-03 05:07:29,037 [Trainer] :: Completed epoch 90: train_loss=0.052296 train_iou=0.944658 val_loss=0.355200 val_iou=0.579208 lr=0.00007960
2026-05-03 05:07:29,461 [Trainer] :: Updated latest checkpoint at epoch 90
2026-05-03 05:07:29,461 [Trainer] :: No validation IoU improvement for 40 epoch(s)
2026-05-03 05:07:29,462 [Trainer] :: Starting epoch 91
2026-05-03 05:12:30,715 [Trainer] :: Completed epoch 91: train_loss=0.050378 train_iou=0.946164 val_loss=0.340014 val_iou=0.600049 lr=0.00007917
2026-05-03 05:12:31,126 [Trainer] :: Updated latest checkpoint at epoch 91
2026-05-03 05:12:31,126 [Trainer] :: No validation IoU improvement for 41 epoch(s)
2026-05-03 05:12:31,127 [Trainer] :: Starting epoch 92
2026-05-03 05:17:28,483 [Trainer] :: Completed epoch 92: train_loss=0.052633 train_iou=0.944824 val_loss=0.380832 val_iou=0.580104 lr=0.00007875
2026-05-03 05:17:28,932 [Trainer] :: Updated latest checkpoint at epoch 92
2026-05-03 05:17:28,932 [Trainer] :: No validation IoU improvement for 42 epoch(s)
2026-05-03 05:17:28,932 [Trainer] :: Starting epoch 93
2026-05-03 05:22:31,195 [Trainer] :: Completed epoch 93: train_loss=0.050351 train_iou=0.946599 val_loss=0.371450 val_iou=0.578664 lr=0.00007832
2026-05-03 05:22:31,623 [Trainer] :: Updated latest checkpoint at epoch 93
2026-05-03 05:22:31,623 [Trainer] :: No validation IoU improvement for 43 epoch(s)
2026-05-03 05:22:31,623 [Trainer] :: Starting epoch 94
2026-05-03 05:27:26,706 [Trainer] :: Completed epoch 94: train_loss=0.049545 train_iou=0.946687 val_loss=0.364924 val_iou=0.600474 lr=0.00007789
2026-05-03 05:27:27,153 [Trainer] :: Updated latest checkpoint at epoch 94
2026-05-03 05:27:27,153 [Trainer] :: No validation IoU improvement for 44 epoch(s)
2026-05-03 05:27:27,153 [Trainer] :: Starting epoch 95
2026-05-03 05:32:26,890 [Trainer] :: Completed epoch 95: train_loss=0.049523 train_iou=0.946930 val_loss=0.337704 val_iou=0.607546 lr=0.00007746
2026-05-03 05:32:27,315 [Trainer] :: Updated latest checkpoint at epoch 95
2026-05-03 05:32:27,315 [Trainer] :: No validation IoU improvement for 45 epoch(s)
2026-05-03 05:32:27,315 [Trainer] :: Starting epoch 96
2026-05-03 05:37:32,595 [Trainer] :: Completed epoch 96: train_loss=0.048488 train_iou=0.948025 val_loss=0.355480 val_iou=0.601174 lr=0.00007702
2026-05-03 05:37:33,017 [Trainer] :: Updated latest checkpoint at epoch 96
2026-05-03 05:37:33,017 [Trainer] :: No validation IoU improvement for 46 epoch(s)
2026-05-03 05:37:33,017 [Trainer] :: Starting epoch 97
2026-05-03 05:44:02,911 [Trainer] :: Completed epoch 97: train_loss=0.047288 train_iou=0.948362 val_loss=0.344228 val_iou=0.614837 lr=0.00007658
2026-05-03 05:44:03,831 [Trainer] :: Updated latest checkpoint at epoch 97
2026-05-03 05:44:03,831 [Trainer] :: No validation IoU improvement for 47 epoch(s)
2026-05-03 05:44:03,831 [Trainer] :: Starting epoch 98
2026-05-03 05:49:28,153 [Trainer] :: Completed epoch 98: train_loss=0.048504 train_iou=0.947875 val_loss=0.351186 val_iou=0.600862 lr=0.00007614
2026-05-03 05:49:28,562 [Trainer] :: Updated latest checkpoint at epoch 98
2026-05-03 05:49:28,562 [Trainer] :: No validation IoU improvement for 48 epoch(s)
2026-05-03 05:49:28,562 [Trainer] :: Starting epoch 99
2026-05-03 05:54:28,724 [Trainer] :: Completed epoch 99: train_loss=0.048976 train_iou=0.946267 val_loss=0.425694 val_iou=0.567856 lr=0.00007570
2026-05-03 05:54:29,231 [Trainer] :: Updated latest checkpoint at epoch 99
2026-05-03 05:54:29,231 [Trainer] :: No validation IoU improvement for 49 epoch(s)
2026-05-03 05:54:29,231 [Trainer] :: Starting epoch 100
2026-05-03 05:59:27,805 [Trainer] :: Completed epoch 100: train_loss=0.047808 train_iou=0.947775 val_loss=0.375563 val_iou=0.584282 lr=0.00007525
2026-05-03 05:59:28,310 [Trainer] :: Updated latest checkpoint at epoch 100
2026-05-03 05:59:28,310 [Trainer] :: No validation IoU improvement for 50 epoch(s)
2026-05-03 05:59:28,310 [Trainer] :: Starting epoch 101
2026-05-03 06:04:24,506 [Trainer] :: Completed epoch 101: train_loss=0.047689 train_iou=0.948376 val_loss=0.365090 val_iou=0.600705 lr=0.00007480
2026-05-03 06:04:24,913 [Trainer] :: Updated latest checkpoint at epoch 101
2026-05-03 06:04:24,913 [Trainer] :: No validation IoU improvement for 51 epoch(s)
2026-05-03 06:04:24,913 [Trainer] :: Starting epoch 102
2026-05-03 06:09:19,082 [Trainer] :: Completed epoch 102: train_loss=0.047855 train_iou=0.948755 val_loss=0.363831 val_iou=0.594972 lr=0.00007435
2026-05-03 06:09:19,486 [Trainer] :: Updated latest checkpoint at epoch 102
2026-05-03 06:09:19,487 [Trainer] :: No validation IoU improvement for 52 epoch(s)
2026-05-03 06:09:19,487 [Trainer] :: Starting epoch 103
2026-05-03 06:14:12,328 [Trainer] :: Completed epoch 103: train_loss=0.046628 train_iou=0.950235 val_loss=0.341517 val_iou=0.611955 lr=0.00007389
2026-05-03 06:14:12,751 [Trainer] :: Updated latest checkpoint at epoch 103
2026-05-03 06:14:12,751 [Trainer] :: No validation IoU improvement for 53 epoch(s)
2026-05-03 06:14:12,751 [Trainer] :: Starting epoch 104
2026-05-03 06:19:09,941 [Trainer] :: Completed epoch 104: train_loss=0.044984 train_iou=0.951240 val_loss=0.371478 val_iou=0.582343 lr=0.00007343
2026-05-03 06:19:10,362 [Trainer] :: Updated latest checkpoint at epoch 104
2026-05-03 06:19:10,362 [Trainer] :: No validation IoU improvement for 54 epoch(s)
2026-05-03 06:19:10,362 [Trainer] :: Starting epoch 105
2026-05-03 06:24:03,278 [Trainer] :: Completed epoch 105: train_loss=0.043968 train_iou=0.952087 val_loss=0.346496 val_iou=0.602180 lr=0.00007297
2026-05-03 06:24:03,755 [Trainer] :: Updated latest checkpoint at epoch 105
2026-05-03 06:24:03,755 [Trainer] :: No validation IoU improvement for 55 epoch(s)
2026-05-03 06:24:03,755 [Trainer] :: Starting epoch 106
2026-05-03 06:28:59,165 [Trainer] :: Completed epoch 106: train_loss=0.044121 train_iou=0.951932 val_loss=0.378508 val_iou=0.587735 lr=0.00007251
2026-05-03 06:28:59,593 [Trainer] :: Updated latest checkpoint at epoch 106
2026-05-03 06:28:59,593 [Trainer] :: No validation IoU improvement for 56 epoch(s)
2026-05-03 06:28:59,593 [Trainer] :: Starting epoch 107
2026-05-03 06:33:56,944 [Trainer] :: Completed epoch 107: train_loss=0.043179 train_iou=0.952373 val_loss=0.356476 val_iou=0.605423 lr=0.00007204
2026-05-03 06:33:57,368 [Trainer] :: Updated latest checkpoint at epoch 107
2026-05-03 06:33:57,368 [Trainer] :: No validation IoU improvement for 57 epoch(s)
2026-05-03 06:33:57,368 [Trainer] :: Starting epoch 108
2026-05-03 06:38:50,178 [Trainer] :: Completed epoch 108: train_loss=0.042926 train_iou=0.953022 val_loss=0.364655 val_iou=0.590376 lr=0.00007158
2026-05-03 06:38:50,621 [Trainer] :: Updated latest checkpoint at epoch 108
2026-05-03 06:38:50,621 [Trainer] :: No validation IoU improvement for 58 epoch(s)
2026-05-03 06:38:50,621 [Trainer] :: Starting epoch 109
2026-05-03 06:43:44,210 [Trainer] :: Completed epoch 109: train_loss=0.045052 train_iou=0.950402 val_loss=0.359479 val_iou=0.600360 lr=0.00007111
2026-05-03 06:43:44,620 [Trainer] :: Updated latest checkpoint at epoch 109
2026-05-03 06:43:44,620 [Trainer] :: No validation IoU improvement for 59 epoch(s)
2026-05-03 06:43:44,620 [Trainer] :: Starting epoch 110
2026-05-03 06:48:42,693 [Trainer] :: Completed epoch 110: train_loss=0.044302 train_iou=0.952027 val_loss=0.401340 val_iou=0.601788 lr=0.00007063
2026-05-03 06:48:43,106 [Trainer] :: Updated latest checkpoint at epoch 110
2026-05-03 06:48:43,106 [Trainer] :: No validation IoU improvement for 60 epoch(s)
2026-05-03 06:48:43,106 [Trainer] :: Early stopping triggered after 60 epoch(s) without improvement
2026-05-03 06:53:04,870 [Trainer] :: Wrote training history to outputs/runs/rgb_real_msi_unetplusplus_resnet34_seed50_20260502T182724Z/metrics/history.json
2026-05-03 06:53:04,907 [Trainer] :: Wrote test summary to outputs/runs/rgb_real_msi_unetplusplus_resnet34_seed50_20260502T182724Z/metrics/test_summary.json
2026-05-03 06:53:04,907 [Trainer] :: Training completed
