2026-05-10 02:19:53,973 [Trainer] :: Training run initialized at /ceph/home/student.aau.dk/qd36zu/fuzzy-p10/tbd/masking/outputs/runs/rgb_real_msi_deeplabv3plus_resnet34_fuzzy_halo_seed43_20260510T001953Z
2026-05-10 02:19:53,974 [Trainer] :: Loaded config from /ceph/home/student.aau.dk/qd36zu/fuzzy-p10/tbd/masking/configs/fuzzy/rgb_real_msi_deeplabv3plus_resnet34.yaml
2026-05-10 02:19:53,974 [Trainer] :: Using seed=43 and device=None
2026-05-10 02:19:53,974 [Trainer] :: Using model architecture=DeepLabV3Plus encoder=resnet34 encoder_weights=imagenet
2026-05-10 02:19:54,214 [Trainer] :: Resolved runtime device to cuda
2026-05-10 02:19:54,214 [Trainer] :: Prepared normalization from source=train_split_patch_stats
2026-05-10 02:19:57,708 [Trainer] :: Built dataloaders with batch_size=16, num_workers=0
2026-05-10 02:19:57,709 [Trainer] :: Starting epoch 1
2026-05-10 02:29:12,620 [Trainer] :: Completed epoch 1: train_loss=0.379163 train_iou=0.698324 val_loss=0.440854 val_iou=0.542954 lr=0.00010000
2026-05-10 02:29:13,028 [Trainer] :: Updated latest checkpoint at epoch 1
2026-05-10 02:29:13,382 [Trainer] :: New best checkpoint saved with val_iou=0.542954
2026-05-10 02:29:13,382 [Trainer] :: Starting epoch 2
2026-05-10 02:38:18,341 [Trainer] :: Completed epoch 2: train_loss=0.293009 train_iou=0.766445 val_loss=0.378703 val_iou=0.529525 lr=0.00009999
2026-05-10 02:38:18,898 [Trainer] :: Updated latest checkpoint at epoch 2
2026-05-10 02:38:18,898 [Trainer] :: No validation IoU improvement for 1 epoch(s)
2026-05-10 02:38:18,898 [Trainer] :: Starting epoch 3
2026-05-10 02:47:07,647 [Trainer] :: Completed epoch 3: train_loss=0.263772 train_iou=0.787718 val_loss=0.317448 val_iou=0.593692 lr=0.00009998
2026-05-10 02:47:08,122 [Trainer] :: Updated latest checkpoint at epoch 3
2026-05-10 02:47:08,545 [Trainer] :: New best checkpoint saved with val_iou=0.593692
2026-05-10 02:47:08,545 [Trainer] :: Starting epoch 4
2026-05-10 02:56:18,739 [Trainer] :: Completed epoch 4: train_loss=0.247522 train_iou=0.801081 val_loss=0.294284 val_iou=0.620755 lr=0.00009996
2026-05-10 02:56:19,130 [Trainer] :: Updated latest checkpoint at epoch 4
2026-05-10 02:56:19,524 [Trainer] :: New best checkpoint saved with val_iou=0.620755
2026-05-10 02:56:19,524 [Trainer] :: Starting epoch 5
2026-05-10 03:05:05,445 [Trainer] :: Completed epoch 5: train_loss=0.246408 train_iou=0.798872 val_loss=0.319204 val_iou=0.621234 lr=0.00009993
2026-05-10 03:05:05,904 [Trainer] :: Updated latest checkpoint at epoch 5
2026-05-10 03:05:06,388 [Trainer] :: New best checkpoint saved with val_iou=0.621234
2026-05-10 03:05:06,388 [Trainer] :: Starting epoch 6
2026-05-10 03:14:32,782 [Trainer] :: Completed epoch 6: train_loss=0.230564 train_iou=0.811523 val_loss=0.293584 val_iou=0.617250 lr=0.00009990
2026-05-10 03:14:33,220 [Trainer] :: Updated latest checkpoint at epoch 6
2026-05-10 03:14:33,220 [Trainer] :: No validation IoU improvement for 1 epoch(s)
2026-05-10 03:14:33,220 [Trainer] :: Starting epoch 7
2026-05-10 03:23:45,135 [Trainer] :: Completed epoch 7: train_loss=0.216600 train_iou=0.827158 val_loss=0.310882 val_iou=0.602316 lr=0.00009987
2026-05-10 03:23:45,577 [Trainer] :: Updated latest checkpoint at epoch 7
2026-05-10 03:23:45,577 [Trainer] :: No validation IoU improvement for 2 epoch(s)
2026-05-10 03:23:45,577 [Trainer] :: Starting epoch 8
2026-05-10 03:33:21,916 [Trainer] :: Completed epoch 8: train_loss=0.215831 train_iou=0.827145 val_loss=0.349320 val_iou=0.527757 lr=0.00009983
2026-05-10 03:33:22,304 [Trainer] :: Updated latest checkpoint at epoch 8
2026-05-10 03:33:22,304 [Trainer] :: No validation IoU improvement for 3 epoch(s)
2026-05-10 03:33:22,304 [Trainer] :: Starting epoch 9
2026-05-10 03:42:21,641 [Trainer] :: Completed epoch 9: train_loss=0.206407 train_iou=0.834105 val_loss=0.303343 val_iou=0.603166 lr=0.00009978
2026-05-10 03:42:22,028 [Trainer] :: Updated latest checkpoint at epoch 9
2026-05-10 03:42:22,029 [Trainer] :: No validation IoU improvement for 4 epoch(s)
2026-05-10 03:42:22,029 [Trainer] :: Starting epoch 10
2026-05-10 03:51:32,064 [Trainer] :: Completed epoch 10: train_loss=0.208777 train_iou=0.830333 val_loss=0.319506 val_iou=0.579633 lr=0.00009973
2026-05-10 03:51:32,526 [Trainer] :: Updated latest checkpoint at epoch 10
2026-05-10 03:51:32,635 [Trainer] :: No validation IoU improvement for 5 epoch(s)
2026-05-10 03:51:32,635 [Trainer] :: Starting epoch 11
2026-05-10 04:00:03,796 [Trainer] :: Completed epoch 11: train_loss=0.196596 train_iou=0.840365 val_loss=0.331669 val_iou=0.574778 lr=0.00009967
2026-05-10 04:00:04,373 [Trainer] :: Updated latest checkpoint at epoch 11
2026-05-10 04:00:04,373 [Trainer] :: No validation IoU improvement for 6 epoch(s)
2026-05-10 04:00:04,374 [Trainer] :: Starting epoch 12
2026-05-10 04:07:22,347 [Trainer] :: Completed epoch 12: train_loss=0.194416 train_iou=0.843433 val_loss=0.314428 val_iou=0.582265 lr=0.00009961
2026-05-10 04:07:22,749 [Trainer] :: Updated latest checkpoint at epoch 12
2026-05-10 04:07:22,749 [Trainer] :: No validation IoU improvement for 7 epoch(s)
2026-05-10 04:07:22,749 [Trainer] :: Starting epoch 13
2026-05-10 04:14:28,500 [Trainer] :: Completed epoch 13: train_loss=0.189969 train_iou=0.842594 val_loss=0.311779 val_iou=0.597742 lr=0.00009954
2026-05-10 04:14:28,957 [Trainer] :: Updated latest checkpoint at epoch 13
2026-05-10 04:14:28,957 [Trainer] :: No validation IoU improvement for 8 epoch(s)
2026-05-10 04:14:28,957 [Trainer] :: Starting epoch 14
2026-05-10 04:21:29,382 [Trainer] :: Completed epoch 14: train_loss=0.177211 train_iou=0.854862 val_loss=0.307586 val_iou=0.597013 lr=0.00009947
2026-05-10 04:21:29,849 [Trainer] :: Updated latest checkpoint at epoch 14
2026-05-10 04:21:29,849 [Trainer] :: No validation IoU improvement for 9 epoch(s)
2026-05-10 04:21:29,849 [Trainer] :: Starting epoch 15
2026-05-10 04:28:34,594 [Trainer] :: Completed epoch 15: train_loss=0.175048 train_iou=0.851820 val_loss=0.357874 val_iou=0.497118 lr=0.00009939
2026-05-10 04:28:35,005 [Trainer] :: Updated latest checkpoint at epoch 15
2026-05-10 04:28:35,005 [Trainer] :: No validation IoU improvement for 10 epoch(s)
2026-05-10 04:28:35,005 [Trainer] :: Starting epoch 16
2026-05-10 04:35:46,473 [Trainer] :: Completed epoch 16: train_loss=0.165083 train_iou=0.860914 val_loss=0.309461 val_iou=0.597041 lr=0.00009931
2026-05-10 04:35:46,987 [Trainer] :: Updated latest checkpoint at epoch 16
2026-05-10 04:35:46,987 [Trainer] :: No validation IoU improvement for 11 epoch(s)
2026-05-10 04:35:46,987 [Trainer] :: Starting epoch 17
2026-05-10 04:42:55,987 [Trainer] :: Completed epoch 17: train_loss=0.166881 train_iou=0.854571 val_loss=0.373085 val_iou=0.512302 lr=0.00009922
2026-05-10 04:42:56,370 [Trainer] :: Updated latest checkpoint at epoch 17
2026-05-10 04:42:56,371 [Trainer] :: No validation IoU improvement for 12 epoch(s)
2026-05-10 04:42:56,371 [Trainer] :: Starting epoch 18
2026-05-10 04:50:02,408 [Trainer] :: Completed epoch 18: train_loss=0.156455 train_iou=0.863036 val_loss=0.288243 val_iou=0.635851 lr=0.00009912
2026-05-10 04:50:03,181 [Trainer] :: Updated latest checkpoint at epoch 18
2026-05-10 04:50:03,582 [Trainer] :: New best checkpoint saved with val_iou=0.635851
2026-05-10 04:50:03,582 [Trainer] :: Starting epoch 19
2026-05-10 04:57:06,186 [Trainer] :: Completed epoch 19: train_loss=0.159339 train_iou=0.857327 val_loss=0.334194 val_iou=0.566145 lr=0.00009902
2026-05-10 04:57:06,593 [Trainer] :: Updated latest checkpoint at epoch 19
2026-05-10 04:57:06,594 [Trainer] :: No validation IoU improvement for 1 epoch(s)
2026-05-10 04:57:06,594 [Trainer] :: Starting epoch 20
2026-05-10 05:03:13,565 [Trainer] :: Completed epoch 20: train_loss=0.146742 train_iou=0.869584 val_loss=0.369075 val_iou=0.563317 lr=0.00009892
2026-05-10 05:03:13,938 [Trainer] :: Updated latest checkpoint at epoch 20
2026-05-10 05:03:13,938 [Trainer] :: No validation IoU improvement for 2 epoch(s)
2026-05-10 05:03:13,938 [Trainer] :: Starting epoch 21
2026-05-10 05:09:23,431 [Trainer] :: Completed epoch 21: train_loss=0.140957 train_iou=0.871850 val_loss=0.373281 val_iou=0.538898 lr=0.00009881
2026-05-10 05:09:23,803 [Trainer] :: Updated latest checkpoint at epoch 21
2026-05-10 05:09:23,803 [Trainer] :: No validation IoU improvement for 3 epoch(s)
2026-05-10 05:09:23,803 [Trainer] :: Starting epoch 22
2026-05-10 05:15:28,618 [Trainer] :: Completed epoch 22: train_loss=0.139766 train_iou=0.873572 val_loss=0.328695 val_iou=0.589146 lr=0.00009869
2026-05-10 05:15:29,010 [Trainer] :: Updated latest checkpoint at epoch 22
2026-05-10 05:15:29,010 [Trainer] :: No validation IoU improvement for 4 epoch(s)
2026-05-10 05:15:29,010 [Trainer] :: Starting epoch 23
2026-05-10 05:21:47,687 [Trainer] :: Completed epoch 23: train_loss=0.136525 train_iou=0.875447 val_loss=0.314411 val_iou=0.598454 lr=0.00009857
2026-05-10 05:21:48,656 [Trainer] :: Updated latest checkpoint at epoch 23
2026-05-10 05:21:48,656 [Trainer] :: No validation IoU improvement for 5 epoch(s)
2026-05-10 05:21:48,656 [Trainer] :: Starting epoch 24
2026-05-10 05:27:54,194 [Trainer] :: Completed epoch 24: train_loss=0.133168 train_iou=0.877086 val_loss=0.382308 val_iou=0.503785 lr=0.00009844
2026-05-10 05:27:54,617 [Trainer] :: Updated latest checkpoint at epoch 24
2026-05-10 05:27:54,618 [Trainer] :: No validation IoU improvement for 6 epoch(s)
2026-05-10 05:27:54,618 [Trainer] :: Starting epoch 25
2026-05-10 05:33:54,945 [Trainer] :: Completed epoch 25: train_loss=0.135389 train_iou=0.876357 val_loss=0.311705 val_iou=0.620114 lr=0.00009831
2026-05-10 05:33:55,464 [Trainer] :: Updated latest checkpoint at epoch 25
2026-05-10 05:33:55,465 [Trainer] :: No validation IoU improvement for 7 epoch(s)
2026-05-10 05:33:55,465 [Trainer] :: Starting epoch 26
2026-05-10 05:40:05,065 [Trainer] :: Completed epoch 26: train_loss=0.128203 train_iou=0.884110 val_loss=0.308946 val_iou=0.618328 lr=0.00009818
2026-05-10 05:40:05,633 [Trainer] :: Updated latest checkpoint at epoch 26
2026-05-10 05:40:05,633 [Trainer] :: No validation IoU improvement for 8 epoch(s)
2026-05-10 05:40:05,633 [Trainer] :: Starting epoch 27
2026-05-10 05:46:09,217 [Trainer] :: Completed epoch 27: train_loss=0.125822 train_iou=0.885455 val_loss=0.316749 val_iou=0.627917 lr=0.00009803
2026-05-10 05:46:09,618 [Trainer] :: Updated latest checkpoint at epoch 27
2026-05-10 05:46:09,618 [Trainer] :: No validation IoU improvement for 9 epoch(s)
2026-05-10 05:46:09,618 [Trainer] :: Starting epoch 28
2026-05-10 05:52:13,040 [Trainer] :: Completed epoch 28: train_loss=0.120810 train_iou=0.886932 val_loss=0.308409 val_iou=0.620584 lr=0.00009789
2026-05-10 05:52:13,380 [Trainer] :: Updated latest checkpoint at epoch 28
2026-05-10 05:52:13,380 [Trainer] :: No validation IoU improvement for 10 epoch(s)
2026-05-10 05:52:13,380 [Trainer] :: Starting epoch 29
2026-05-10 05:58:07,814 [Trainer] :: Completed epoch 29: train_loss=0.124968 train_iou=0.884521 val_loss=0.321590 val_iou=0.608702 lr=0.00009773
2026-05-10 05:58:08,185 [Trainer] :: Updated latest checkpoint at epoch 29
2026-05-10 05:58:08,185 [Trainer] :: No validation IoU improvement for 11 epoch(s)
2026-05-10 05:58:08,185 [Trainer] :: Starting epoch 30
2026-05-10 06:04:14,010 [Trainer] :: Completed epoch 30: train_loss=0.119901 train_iou=0.889031 val_loss=0.336301 val_iou=0.585800 lr=0.00009758
2026-05-10 06:04:14,372 [Trainer] :: Updated latest checkpoint at epoch 30
2026-05-10 06:04:14,372 [Trainer] :: No validation IoU improvement for 12 epoch(s)
2026-05-10 06:04:14,372 [Trainer] :: Starting epoch 31
2026-05-10 06:10:33,625 [Trainer] :: Completed epoch 31: train_loss=0.120032 train_iou=0.888866 val_loss=0.315071 val_iou=0.601230 lr=0.00009741
2026-05-10 06:10:34,268 [Trainer] :: Updated latest checkpoint at epoch 31
2026-05-10 06:10:34,269 [Trainer] :: No validation IoU improvement for 13 epoch(s)
2026-05-10 06:10:34,269 [Trainer] :: Starting epoch 32
2026-05-10 06:16:40,336 [Trainer] :: Completed epoch 32: train_loss=0.115446 train_iou=0.894513 val_loss=0.340094 val_iou=0.600692 lr=0.00009725
2026-05-10 06:16:40,738 [Trainer] :: Updated latest checkpoint at epoch 32
2026-05-10 06:16:40,738 [Trainer] :: No validation IoU improvement for 14 epoch(s)
2026-05-10 06:16:40,738 [Trainer] :: Starting epoch 33
2026-05-10 06:22:26,892 [Trainer] :: Completed epoch 33: train_loss=0.118104 train_iou=0.892189 val_loss=0.316911 val_iou=0.620942 lr=0.00009707
2026-05-10 06:22:27,463 [Trainer] :: Updated latest checkpoint at epoch 33
2026-05-10 06:22:27,463 [Trainer] :: No validation IoU improvement for 15 epoch(s)
2026-05-10 06:22:27,463 [Trainer] :: Starting epoch 34
2026-05-10 06:29:57,858 [Trainer] :: Completed epoch 34: train_loss=0.109516 train_iou=0.897071 val_loss=0.316396 val_iou=0.612443 lr=0.00009690
2026-05-10 06:29:58,294 [Trainer] :: Updated latest checkpoint at epoch 34
2026-05-10 06:29:58,294 [Trainer] :: No validation IoU improvement for 16 epoch(s)
2026-05-10 06:29:58,294 [Trainer] :: Starting epoch 35
2026-05-10 06:37:25,864 [Trainer] :: Completed epoch 35: train_loss=0.108009 train_iou=0.897838 val_loss=0.355852 val_iou=0.568757 lr=0.00009671
2026-05-10 06:37:26,229 [Trainer] :: Updated latest checkpoint at epoch 35
2026-05-10 06:37:26,229 [Trainer] :: No validation IoU improvement for 17 epoch(s)
2026-05-10 06:37:26,230 [Trainer] :: Starting epoch 36
2026-05-10 06:43:23,807 [Trainer] :: Completed epoch 36: train_loss=0.106237 train_iou=0.900617 val_loss=0.402492 val_iou=0.567970 lr=0.00009652
2026-05-10 06:43:24,138 [Trainer] :: Updated latest checkpoint at epoch 36
2026-05-10 06:43:24,138 [Trainer] :: No validation IoU improvement for 18 epoch(s)
2026-05-10 06:43:24,138 [Trainer] :: Starting epoch 37
2026-05-10 06:49:23,818 [Trainer] :: Completed epoch 37: train_loss=0.105196 train_iou=0.901486 val_loss=0.322933 val_iou=0.610123 lr=0.00009633
2026-05-10 06:49:24,342 [Trainer] :: Updated latest checkpoint at epoch 37
2026-05-10 06:49:24,342 [Trainer] :: No validation IoU improvement for 19 epoch(s)
2026-05-10 06:49:24,342 [Trainer] :: Starting epoch 38
2026-05-10 07:04:24,539 [Trainer] :: Completed epoch 38: train_loss=0.101180 train_iou=0.903753 val_loss=0.346120 val_iou=0.583846 lr=0.00009613
2026-05-10 07:04:24,865 [Trainer] :: Updated latest checkpoint at epoch 38
2026-05-10 07:04:24,865 [Trainer] :: No validation IoU improvement for 20 epoch(s)
2026-05-10 07:04:24,865 [Trainer] :: Starting epoch 39
2026-05-10 07:11:06,439 [Trainer] :: Completed epoch 39: train_loss=0.101760 train_iou=0.902357 val_loss=0.345025 val_iou=0.593861 lr=0.00009593
2026-05-10 07:11:07,296 [Trainer] :: Updated latest checkpoint at epoch 39
2026-05-10 07:11:07,296 [Trainer] :: No validation IoU improvement for 21 epoch(s)
2026-05-10 07:11:07,296 [Trainer] :: Starting epoch 40
2026-05-10 07:17:20,211 [Trainer] :: Completed epoch 40: train_loss=0.100599 train_iou=0.904319 val_loss=0.324017 val_iou=0.616837 lr=0.00009572
2026-05-10 07:17:20,586 [Trainer] :: Updated latest checkpoint at epoch 40
2026-05-10 07:17:20,586 [Trainer] :: No validation IoU improvement for 22 epoch(s)
2026-05-10 07:17:20,587 [Trainer] :: Starting epoch 41
2026-05-10 07:23:18,711 [Trainer] :: Completed epoch 41: train_loss=0.100750 train_iou=0.904059 val_loss=0.319269 val_iou=0.622099 lr=0.00009551
2026-05-10 07:23:19,062 [Trainer] :: Updated latest checkpoint at epoch 41
2026-05-10 07:23:19,062 [Trainer] :: No validation IoU improvement for 23 epoch(s)
2026-05-10 07:23:19,062 [Trainer] :: Starting epoch 42
2026-05-10 07:29:19,219 [Trainer] :: Completed epoch 42: train_loss=0.099007 train_iou=0.906690 val_loss=0.362998 val_iou=0.566239 lr=0.00009529
2026-05-10 07:29:19,647 [Trainer] :: Updated latest checkpoint at epoch 42
2026-05-10 07:29:19,647 [Trainer] :: No validation IoU improvement for 24 epoch(s)
2026-05-10 07:29:19,647 [Trainer] :: Starting epoch 43
2026-05-10 07:35:15,079 [Trainer] :: Completed epoch 43: train_loss=0.096357 train_iou=0.907898 val_loss=0.329409 val_iou=0.585661 lr=0.00009507
2026-05-10 07:35:15,436 [Trainer] :: Updated latest checkpoint at epoch 43
2026-05-10 07:35:15,436 [Trainer] :: No validation IoU improvement for 25 epoch(s)
2026-05-10 07:35:15,436 [Trainer] :: Starting epoch 44
2026-05-10 07:40:47,428 [Trainer] :: Completed epoch 44: train_loss=0.096294 train_iou=0.907594 val_loss=0.341487 val_iou=0.608324 lr=0.00009484
2026-05-10 07:40:47,814 [Trainer] :: Updated latest checkpoint at epoch 44
2026-05-10 07:40:47,814 [Trainer] :: No validation IoU improvement for 26 epoch(s)
2026-05-10 07:40:47,814 [Trainer] :: Starting epoch 45
2026-05-10 07:46:19,324 [Trainer] :: Completed epoch 45: train_loss=0.095122 train_iou=0.911689 val_loss=0.330721 val_iou=0.613324 lr=0.00009460
2026-05-10 07:46:19,684 [Trainer] :: Updated latest checkpoint at epoch 45
2026-05-10 07:46:19,684 [Trainer] :: No validation IoU improvement for 27 epoch(s)
2026-05-10 07:46:19,684 [Trainer] :: Starting epoch 46
2026-05-10 07:52:04,421 [Trainer] :: Completed epoch 46: train_loss=0.093991 train_iou=0.911309 val_loss=0.345912 val_iou=0.577671 lr=0.00009437
2026-05-10 07:52:04,769 [Trainer] :: Updated latest checkpoint at epoch 46
2026-05-10 07:52:04,769 [Trainer] :: No validation IoU improvement for 28 epoch(s)
2026-05-10 07:52:04,769 [Trainer] :: Starting epoch 47
2026-05-10 07:57:45,972 [Trainer] :: Completed epoch 47: train_loss=0.092898 train_iou=0.911664 val_loss=0.368023 val_iou=0.570768 lr=0.00009412
2026-05-10 07:57:46,381 [Trainer] :: Updated latest checkpoint at epoch 47
2026-05-10 07:57:46,382 [Trainer] :: No validation IoU improvement for 29 epoch(s)
2026-05-10 07:57:46,382 [Trainer] :: Starting epoch 48
2026-05-10 08:03:34,675 [Trainer] :: Completed epoch 48: train_loss=0.092187 train_iou=0.912583 val_loss=0.350745 val_iou=0.568595 lr=0.00009388
2026-05-10 08:03:35,033 [Trainer] :: Updated latest checkpoint at epoch 48
2026-05-10 08:03:35,033 [Trainer] :: No validation IoU improvement for 30 epoch(s)
2026-05-10 08:03:35,033 [Trainer] :: Starting epoch 49
2026-05-10 08:09:30,072 [Trainer] :: Completed epoch 49: train_loss=0.090806 train_iou=0.914368 val_loss=0.345235 val_iou=0.611345 lr=0.00009363
2026-05-10 08:09:30,423 [Trainer] :: Updated latest checkpoint at epoch 49
2026-05-10 08:09:30,423 [Trainer] :: No validation IoU improvement for 31 epoch(s)
2026-05-10 08:09:30,423 [Trainer] :: Starting epoch 50
2026-05-10 08:15:08,357 [Trainer] :: Completed epoch 50: train_loss=0.092560 train_iou=0.912381 val_loss=0.388012 val_iou=0.573555 lr=0.00009337
2026-05-10 08:15:08,742 [Trainer] :: Updated latest checkpoint at epoch 50
2026-05-10 08:15:08,742 [Trainer] :: No validation IoU improvement for 32 epoch(s)
2026-05-10 08:15:08,742 [Trainer] :: Starting epoch 51
2026-05-10 08:20:55,261 [Trainer] :: Completed epoch 51: train_loss=0.088886 train_iou=0.915369 val_loss=0.352896 val_iou=0.591565 lr=0.00009311
2026-05-10 08:20:55,673 [Trainer] :: Updated latest checkpoint at epoch 51
2026-05-10 08:20:55,673 [Trainer] :: No validation IoU improvement for 33 epoch(s)
2026-05-10 08:20:55,673 [Trainer] :: Starting epoch 52
2026-05-10 08:26:56,779 [Trainer] :: Completed epoch 52: train_loss=0.088416 train_iou=0.916616 val_loss=0.355036 val_iou=0.587815 lr=0.00009284
2026-05-10 08:26:57,204 [Trainer] :: Updated latest checkpoint at epoch 52
2026-05-10 08:26:57,204 [Trainer] :: No validation IoU improvement for 34 epoch(s)
2026-05-10 08:26:57,204 [Trainer] :: Starting epoch 53
2026-05-10 08:32:39,135 [Trainer] :: Completed epoch 53: train_loss=0.085174 train_iou=0.918510 val_loss=0.348189 val_iou=0.604587 lr=0.00009257
2026-05-10 08:32:39,526 [Trainer] :: Updated latest checkpoint at epoch 53
2026-05-10 08:32:39,526 [Trainer] :: No validation IoU improvement for 35 epoch(s)
2026-05-10 08:32:39,526 [Trainer] :: Starting epoch 54
2026-05-10 08:38:25,131 [Trainer] :: Completed epoch 54: train_loss=0.086656 train_iou=0.917673 val_loss=0.367501 val_iou=0.602351 lr=0.00009229
2026-05-10 08:38:25,542 [Trainer] :: Updated latest checkpoint at epoch 54
2026-05-10 08:38:25,542 [Trainer] :: No validation IoU improvement for 36 epoch(s)
2026-05-10 08:38:25,542 [Trainer] :: Starting epoch 55
2026-05-10 08:44:06,773 [Trainer] :: Completed epoch 55: train_loss=0.086352 train_iou=0.917430 val_loss=0.339955 val_iou=0.599303 lr=0.00009201
2026-05-10 08:44:07,125 [Trainer] :: Updated latest checkpoint at epoch 55
2026-05-10 08:44:07,125 [Trainer] :: No validation IoU improvement for 37 epoch(s)
2026-05-10 08:44:07,125 [Trainer] :: Starting epoch 56
2026-05-10 08:49:50,846 [Trainer] :: Completed epoch 56: train_loss=0.085117 train_iou=0.919487 val_loss=0.405643 val_iou=0.560156 lr=0.00009173
2026-05-10 08:49:51,437 [Trainer] :: Updated latest checkpoint at epoch 56
2026-05-10 08:49:51,437 [Trainer] :: No validation IoU improvement for 38 epoch(s)
2026-05-10 08:49:51,437 [Trainer] :: Starting epoch 57
2026-05-10 08:55:32,128 [Trainer] :: Completed epoch 57: train_loss=0.083013 train_iou=0.919829 val_loss=0.341866 val_iou=0.620621 lr=0.00009144
2026-05-10 08:55:32,496 [Trainer] :: Updated latest checkpoint at epoch 57
2026-05-10 08:55:32,496 [Trainer] :: No validation IoU improvement for 39 epoch(s)
2026-05-10 08:55:32,496 [Trainer] :: Starting epoch 58
2026-05-10 09:01:13,671 [Trainer] :: Completed epoch 58: train_loss=0.081313 train_iou=0.922214 val_loss=0.372233 val_iou=0.586185 lr=0.00009115
2026-05-10 09:01:14,026 [Trainer] :: Updated latest checkpoint at epoch 58
2026-05-10 09:01:14,026 [Trainer] :: No validation IoU improvement for 40 epoch(s)
2026-05-10 09:01:14,026 [Trainer] :: Starting epoch 59
2026-05-10 09:06:50,142 [Trainer] :: Completed epoch 59: train_loss=0.080997 train_iou=0.922772 val_loss=0.386570 val_iou=0.571108 lr=0.00009085
2026-05-10 09:06:50,634 [Trainer] :: Updated latest checkpoint at epoch 59
2026-05-10 09:06:50,634 [Trainer] :: No validation IoU improvement for 41 epoch(s)
2026-05-10 09:06:50,634 [Trainer] :: Starting epoch 60
2026-05-10 09:12:41,508 [Trainer] :: Completed epoch 60: train_loss=0.080883 train_iou=0.923062 val_loss=0.346289 val_iou=0.612754 lr=0.00009055
2026-05-10 09:12:41,842 [Trainer] :: Updated latest checkpoint at epoch 60
2026-05-10 09:12:41,842 [Trainer] :: No validation IoU improvement for 42 epoch(s)
2026-05-10 09:12:41,842 [Trainer] :: Starting epoch 61
2026-05-10 09:18:20,179 [Trainer] :: Completed epoch 61: train_loss=0.087895 train_iou=0.918901 val_loss=0.401732 val_iou=0.597566 lr=0.00009024
2026-05-10 09:18:20,509 [Trainer] :: Updated latest checkpoint at epoch 61
2026-05-10 09:18:20,509 [Trainer] :: No validation IoU improvement for 43 epoch(s)
2026-05-10 09:18:20,510 [Trainer] :: Starting epoch 62
2026-05-10 09:24:01,966 [Trainer] :: Completed epoch 62: train_loss=0.083329 train_iou=0.920133 val_loss=0.343485 val_iou=0.618366 lr=0.00008993
2026-05-10 09:24:02,349 [Trainer] :: Updated latest checkpoint at epoch 62
2026-05-10 09:24:02,349 [Trainer] :: No validation IoU improvement for 44 epoch(s)
2026-05-10 09:24:02,349 [Trainer] :: Starting epoch 63
2026-05-10 09:29:51,980 [Trainer] :: Completed epoch 63: train_loss=0.082178 train_iou=0.921538 val_loss=0.364236 val_iou=0.608217 lr=0.00008961
2026-05-10 09:29:52,364 [Trainer] :: Updated latest checkpoint at epoch 63
2026-05-10 09:29:52,365 [Trainer] :: No validation IoU improvement for 45 epoch(s)
2026-05-10 09:29:52,365 [Trainer] :: Starting epoch 64
2026-05-10 09:35:33,479 [Trainer] :: Completed epoch 64: train_loss=0.078849 train_iou=0.924980 val_loss=0.352344 val_iou=0.606776 lr=0.00008929
2026-05-10 09:35:34,023 [Trainer] :: Updated latest checkpoint at epoch 64
2026-05-10 09:35:34,023 [Trainer] :: No validation IoU improvement for 46 epoch(s)
2026-05-10 09:35:34,024 [Trainer] :: Starting epoch 65
2026-05-10 09:41:34,048 [Trainer] :: Completed epoch 65: train_loss=0.076954 train_iou=0.926880 val_loss=0.359122 val_iou=0.594012 lr=0.00008897
2026-05-10 09:41:34,437 [Trainer] :: Updated latest checkpoint at epoch 65
2026-05-10 09:41:34,437 [Trainer] :: No validation IoU improvement for 47 epoch(s)
2026-05-10 09:41:34,438 [Trainer] :: Starting epoch 66
2026-05-10 09:47:24,004 [Trainer] :: Completed epoch 66: train_loss=0.076143 train_iou=0.927116 val_loss=0.342886 val_iou=0.604085 lr=0.00008864
2026-05-10 09:47:24,404 [Trainer] :: Updated latest checkpoint at epoch 66
2026-05-10 09:47:24,404 [Trainer] :: No validation IoU improvement for 48 epoch(s)
2026-05-10 09:47:24,404 [Trainer] :: Starting epoch 67
2026-05-10 09:53:03,394 [Trainer] :: Completed epoch 67: train_loss=0.076206 train_iou=0.927181 val_loss=0.357196 val_iou=0.592173 lr=0.00008831
2026-05-10 09:53:03,751 [Trainer] :: Updated latest checkpoint at epoch 67
2026-05-10 09:53:03,751 [Trainer] :: No validation IoU improvement for 49 epoch(s)
2026-05-10 09:53:03,751 [Trainer] :: Starting epoch 68
2026-05-10 09:58:34,883 [Trainer] :: Completed epoch 68: train_loss=0.076804 train_iou=0.927265 val_loss=0.374187 val_iou=0.594902 lr=0.00008797
2026-05-10 09:58:35,257 [Trainer] :: Updated latest checkpoint at epoch 68
2026-05-10 09:58:35,257 [Trainer] :: No validation IoU improvement for 50 epoch(s)
2026-05-10 09:58:35,257 [Trainer] :: Starting epoch 69
2026-05-10 10:04:19,241 [Trainer] :: Completed epoch 69: train_loss=0.076465 train_iou=0.927135 val_loss=0.450662 val_iou=0.543585 lr=0.00008763
2026-05-10 10:04:19,654 [Trainer] :: Updated latest checkpoint at epoch 69
2026-05-10 10:04:19,654 [Trainer] :: No validation IoU improvement for 51 epoch(s)
2026-05-10 10:04:19,654 [Trainer] :: Starting epoch 70
2026-05-10 10:10:01,974 [Trainer] :: Completed epoch 70: train_loss=0.076562 train_iou=0.927154 val_loss=0.362685 val_iou=0.583947 lr=0.00008729
2026-05-10 10:10:02,297 [Trainer] :: Updated latest checkpoint at epoch 70
2026-05-10 10:10:02,297 [Trainer] :: No validation IoU improvement for 52 epoch(s)
2026-05-10 10:10:02,297 [Trainer] :: Starting epoch 71
2026-05-10 10:15:51,075 [Trainer] :: Completed epoch 71: train_loss=0.074422 train_iou=0.929008 val_loss=0.369015 val_iou=0.615689 lr=0.00008694
2026-05-10 10:15:51,402 [Trainer] :: Updated latest checkpoint at epoch 71
2026-05-10 10:15:51,402 [Trainer] :: No validation IoU improvement for 53 epoch(s)
2026-05-10 10:15:51,402 [Trainer] :: Starting epoch 72
2026-05-10 10:21:29,092 [Trainer] :: Completed epoch 72: train_loss=0.075789 train_iou=0.927765 val_loss=0.358927 val_iou=0.601822 lr=0.00008658
2026-05-10 10:21:29,671 [Trainer] :: Updated latest checkpoint at epoch 72
2026-05-10 10:21:29,671 [Trainer] :: No validation IoU improvement for 54 epoch(s)
2026-05-10 10:21:29,671 [Trainer] :: Starting epoch 73
2026-05-10 10:27:05,090 [Trainer] :: Completed epoch 73: train_loss=0.072855 train_iou=0.930696 val_loss=0.382828 val_iou=0.605924 lr=0.00008623
2026-05-10 10:27:05,415 [Trainer] :: Updated latest checkpoint at epoch 73
2026-05-10 10:27:05,415 [Trainer] :: No validation IoU improvement for 55 epoch(s)
2026-05-10 10:27:05,415 [Trainer] :: Starting epoch 74
2026-05-10 10:32:46,959 [Trainer] :: Completed epoch 74: train_loss=0.073012 train_iou=0.930531 val_loss=0.435849 val_iou=0.556601 lr=0.00008587
2026-05-10 10:32:47,545 [Trainer] :: Updated latest checkpoint at epoch 74
2026-05-10 10:32:47,545 [Trainer] :: No validation IoU improvement for 56 epoch(s)
2026-05-10 10:32:47,545 [Trainer] :: Starting epoch 75
2026-05-10 10:38:30,003 [Trainer] :: Completed epoch 75: train_loss=0.072415 train_iou=0.930395 val_loss=0.381817 val_iou=0.592453 lr=0.00008550
2026-05-10 10:38:30,412 [Trainer] :: Updated latest checkpoint at epoch 75
2026-05-10 10:38:30,412 [Trainer] :: No validation IoU improvement for 57 epoch(s)
2026-05-10 10:38:30,412 [Trainer] :: Starting epoch 76
2026-05-10 10:44:18,435 [Trainer] :: Completed epoch 76: train_loss=0.071790 train_iou=0.930967 val_loss=0.369559 val_iou=0.609617 lr=0.00008513
2026-05-10 10:44:18,764 [Trainer] :: Updated latest checkpoint at epoch 76
2026-05-10 10:44:18,764 [Trainer] :: No validation IoU improvement for 58 epoch(s)
2026-05-10 10:44:18,764 [Trainer] :: Starting epoch 77
2026-05-10 10:50:03,773 [Trainer] :: Completed epoch 77: train_loss=0.074013 train_iou=0.930703 val_loss=0.387736 val_iou=0.608289 lr=0.00008476
2026-05-10 10:50:04,699 [Trainer] :: Updated latest checkpoint at epoch 77
2026-05-10 10:50:04,699 [Trainer] :: No validation IoU improvement for 59 epoch(s)
2026-05-10 10:50:04,699 [Trainer] :: Starting epoch 78
2026-05-10 10:55:38,023 [Trainer] :: Completed epoch 78: train_loss=0.074744 train_iou=0.928373 val_loss=0.363350 val_iou=0.606408 lr=0.00008439
2026-05-10 10:55:38,361 [Trainer] :: Updated latest checkpoint at epoch 78
2026-05-10 10:55:38,362 [Trainer] :: No validation IoU improvement for 60 epoch(s)
2026-05-10 10:55:38,362 [Trainer] :: Early stopping triggered after 60 epoch(s) without improvement
2026-05-10 10:59:09,322 [Trainer] :: Wrote training history to outputs/runs/rgb_real_msi_deeplabv3plus_resnet34_fuzzy_halo_seed43_20260510T001953Z/metrics/history.json
2026-05-10 10:59:09,369 [Trainer] :: Wrote test summary to outputs/runs/rgb_real_msi_deeplabv3plus_resnet34_fuzzy_halo_seed43_20260510T001953Z/metrics/test_summary.json
2026-05-10 10:59:09,369 [Trainer] :: Training completed
