2026-05-01 19:32:46,401 [Trainer] :: Training run initialized at /ceph/home/student.aau.dk/qd36zu/fuzzy-p10/tbd/masking/outputs/runs/rgb_segformer_b0_seed46_20260501T173246Z
2026-05-01 19:32:46,402 [Trainer] :: Loaded config from /ceph/home/student.aau.dk/qd36zu/fuzzy-p10/tbd/masking/configs/binary/rgb_segformer_b0.yaml
2026-05-01 19:32:46,402 [Trainer] :: Using seed=46 and device=None
2026-05-01 19:32:46,402 [Trainer] :: Using model architecture=Segformer encoder=mit_b0 encoder_weights=imagenet
2026-05-01 19:32:46,805 [Trainer] :: Resolved runtime device to cuda
2026-05-01 19:32:46,805 [Trainer] :: Prepared normalization from source=imagenet
2026-05-01 19:33:03,959 [Trainer] :: Built dataloaders with batch_size=16, num_workers=0
2026-05-01 19:33:03,960 [Trainer] :: Starting epoch 1
2026-05-01 19:35:41,017 [Trainer] :: Completed epoch 1: train_loss=0.370943 train_iou=0.670088 val_loss=0.333858 val_iou=0.512826 lr=0.00010000
2026-05-01 19:35:41,735 [Trainer] :: Updated latest checkpoint at epoch 1
2026-05-01 19:35:41,847 [Trainer] :: New best checkpoint saved with val_iou=0.512826
2026-05-01 19:35:41,847 [Trainer] :: Starting epoch 2
2026-05-01 19:37:54,036 [Trainer] :: Completed epoch 2: train_loss=0.284848 train_iou=0.747673 val_loss=0.463035 val_iou=0.473619 lr=0.00009999
2026-05-01 19:37:54,121 [Trainer] :: Updated latest checkpoint at epoch 2
2026-05-01 19:37:54,121 [Trainer] :: No validation IoU improvement for 1 epoch(s)
2026-05-01 19:37:54,121 [Trainer] :: Starting epoch 3
2026-05-01 19:40:22,928 [Trainer] :: Completed epoch 3: train_loss=0.282636 train_iou=0.742634 val_loss=0.367268 val_iou=0.526383 lr=0.00009998
2026-05-01 19:40:23,045 [Trainer] :: Updated latest checkpoint at epoch 3
2026-05-01 19:40:23,187 [Trainer] :: New best checkpoint saved with val_iou=0.526383
2026-05-01 19:40:23,187 [Trainer] :: Starting epoch 4
2026-05-01 19:42:47,084 [Trainer] :: Completed epoch 4: train_loss=0.253773 train_iou=0.773895 val_loss=0.279654 val_iou=0.604514 lr=0.00009996
2026-05-01 19:42:47,174 [Trainer] :: Updated latest checkpoint at epoch 4
2026-05-01 19:42:47,251 [Trainer] :: New best checkpoint saved with val_iou=0.604514
2026-05-01 19:42:47,251 [Trainer] :: Starting epoch 5
2026-05-01 19:45:04,082 [Trainer] :: Completed epoch 5: train_loss=0.243101 train_iou=0.781291 val_loss=0.279167 val_iou=0.610417 lr=0.00009993
2026-05-01 19:45:04,444 [Trainer] :: Updated latest checkpoint at epoch 5
2026-05-01 19:45:04,600 [Trainer] :: New best checkpoint saved with val_iou=0.610417
2026-05-01 19:45:04,600 [Trainer] :: Starting epoch 6
2026-05-01 19:47:21,292 [Trainer] :: Completed epoch 6: train_loss=0.232056 train_iou=0.791960 val_loss=0.297019 val_iou=0.559526 lr=0.00009990
2026-05-01 19:47:21,444 [Trainer] :: Updated latest checkpoint at epoch 6
2026-05-01 19:47:21,444 [Trainer] :: No validation IoU improvement for 1 epoch(s)
2026-05-01 19:47:21,445 [Trainer] :: Starting epoch 7
2026-05-01 19:49:28,501 [Trainer] :: Completed epoch 7: train_loss=0.232438 train_iou=0.791491 val_loss=0.282871 val_iou=0.580012 lr=0.00009987
2026-05-01 19:49:28,581 [Trainer] :: Updated latest checkpoint at epoch 7
2026-05-01 19:49:28,581 [Trainer] :: No validation IoU improvement for 2 epoch(s)
2026-05-01 19:49:28,582 [Trainer] :: Starting epoch 8
2026-05-01 19:51:34,355 [Trainer] :: Completed epoch 8: train_loss=0.214893 train_iou=0.807567 val_loss=0.254420 val_iou=0.635899 lr=0.00009983
2026-05-01 19:51:34,441 [Trainer] :: Updated latest checkpoint at epoch 8
2026-05-01 19:51:34,520 [Trainer] :: New best checkpoint saved with val_iou=0.635899
2026-05-01 19:51:34,520 [Trainer] :: Starting epoch 9
2026-05-01 19:53:40,912 [Trainer] :: Completed epoch 9: train_loss=0.216057 train_iou=0.804658 val_loss=0.275967 val_iou=0.589270 lr=0.00009978
2026-05-01 19:53:41,005 [Trainer] :: Updated latest checkpoint at epoch 9
2026-05-01 19:53:41,005 [Trainer] :: No validation IoU improvement for 1 epoch(s)
2026-05-01 19:53:41,005 [Trainer] :: Starting epoch 10
2026-05-01 19:55:49,003 [Trainer] :: Completed epoch 10: train_loss=0.211207 train_iou=0.810248 val_loss=0.269623 val_iou=0.608135 lr=0.00009973
2026-05-01 19:55:49,090 [Trainer] :: Updated latest checkpoint at epoch 10
2026-05-01 19:55:49,091 [Trainer] :: No validation IoU improvement for 2 epoch(s)
2026-05-01 19:55:49,091 [Trainer] :: Starting epoch 11
2026-05-01 19:58:14,997 [Trainer] :: Completed epoch 11: train_loss=0.204032 train_iou=0.813856 val_loss=0.271342 val_iou=0.630421 lr=0.00009967
2026-05-01 19:58:15,155 [Trainer] :: Updated latest checkpoint at epoch 11
2026-05-01 19:58:15,155 [Trainer] :: No validation IoU improvement for 3 epoch(s)
2026-05-01 19:58:15,155 [Trainer] :: Starting epoch 12
2026-05-01 20:00:29,886 [Trainer] :: Completed epoch 12: train_loss=0.203338 train_iou=0.809697 val_loss=0.286049 val_iou=0.619898 lr=0.00009961
2026-05-01 20:00:30,004 [Trainer] :: Updated latest checkpoint at epoch 12
2026-05-01 20:00:30,005 [Trainer] :: No validation IoU improvement for 4 epoch(s)
2026-05-01 20:00:30,005 [Trainer] :: Starting epoch 13
2026-05-01 20:02:40,596 [Trainer] :: Completed epoch 13: train_loss=0.193823 train_iou=0.816689 val_loss=0.273362 val_iou=0.614709 lr=0.00009954
2026-05-01 20:02:40,931 [Trainer] :: Updated latest checkpoint at epoch 13
2026-05-01 20:02:40,931 [Trainer] :: No validation IoU improvement for 5 epoch(s)
2026-05-01 20:02:40,931 [Trainer] :: Starting epoch 14
2026-05-01 20:04:39,256 [Trainer] :: Completed epoch 14: train_loss=0.190592 train_iou=0.818423 val_loss=0.246985 val_iou=0.644797 lr=0.00009947
2026-05-01 20:04:39,342 [Trainer] :: Updated latest checkpoint at epoch 14
2026-05-01 20:04:39,422 [Trainer] :: New best checkpoint saved with val_iou=0.644797
2026-05-01 20:04:39,422 [Trainer] :: Starting epoch 15
2026-05-01 20:06:37,096 [Trainer] :: Completed epoch 15: train_loss=0.185100 train_iou=0.821163 val_loss=0.254778 val_iou=0.624933 lr=0.00009939
2026-05-01 20:06:37,272 [Trainer] :: Updated latest checkpoint at epoch 15
2026-05-01 20:06:37,272 [Trainer] :: No validation IoU improvement for 1 epoch(s)
2026-05-01 20:06:37,272 [Trainer] :: Starting epoch 16
2026-05-01 20:08:35,950 [Trainer] :: Completed epoch 16: train_loss=0.184266 train_iou=0.818627 val_loss=0.248447 val_iou=0.652125 lr=0.00009931
2026-05-01 20:08:36,038 [Trainer] :: Updated latest checkpoint at epoch 16
2026-05-01 20:08:36,130 [Trainer] :: New best checkpoint saved with val_iou=0.652125
2026-05-01 20:08:36,130 [Trainer] :: Starting epoch 17
2026-05-01 20:10:36,991 [Trainer] :: Completed epoch 17: train_loss=0.176809 train_iou=0.831017 val_loss=0.252127 val_iou=0.648987 lr=0.00009922
2026-05-01 20:10:37,080 [Trainer] :: Updated latest checkpoint at epoch 17
2026-05-01 20:10:37,080 [Trainer] :: No validation IoU improvement for 1 epoch(s)
2026-05-01 20:10:37,080 [Trainer] :: Starting epoch 18
2026-05-01 20:12:43,276 [Trainer] :: Completed epoch 18: train_loss=0.173103 train_iou=0.830555 val_loss=0.259163 val_iou=0.618198 lr=0.00009912
2026-05-01 20:12:43,358 [Trainer] :: Updated latest checkpoint at epoch 18
2026-05-01 20:12:43,358 [Trainer] :: No validation IoU improvement for 2 epoch(s)
2026-05-01 20:12:43,358 [Trainer] :: Starting epoch 19
2026-05-01 20:14:47,310 [Trainer] :: Completed epoch 19: train_loss=0.175390 train_iou=0.826309 val_loss=0.256737 val_iou=0.622368 lr=0.00009902
2026-05-01 20:14:47,610 [Trainer] :: Updated latest checkpoint at epoch 19
2026-05-01 20:14:47,610 [Trainer] :: No validation IoU improvement for 3 epoch(s)
2026-05-01 20:14:47,610 [Trainer] :: Starting epoch 20
2026-05-01 20:16:47,298 [Trainer] :: Completed epoch 20: train_loss=0.166174 train_iou=0.836505 val_loss=0.261719 val_iou=0.630353 lr=0.00009892
2026-05-01 20:16:47,403 [Trainer] :: Updated latest checkpoint at epoch 20
2026-05-01 20:16:47,403 [Trainer] :: No validation IoU improvement for 4 epoch(s)
2026-05-01 20:16:47,403 [Trainer] :: Starting epoch 21
2026-05-01 20:18:47,340 [Trainer] :: Completed epoch 21: train_loss=0.166635 train_iou=0.835494 val_loss=0.289628 val_iou=0.616219 lr=0.00009881
2026-05-01 20:18:47,422 [Trainer] :: Updated latest checkpoint at epoch 21
2026-05-01 20:18:47,422 [Trainer] :: No validation IoU improvement for 5 epoch(s)
2026-05-01 20:18:47,422 [Trainer] :: Starting epoch 22
2026-05-01 20:20:44,779 [Trainer] :: Completed epoch 22: train_loss=0.163740 train_iou=0.838864 val_loss=0.273833 val_iou=0.597815 lr=0.00009869
2026-05-01 20:20:44,863 [Trainer] :: Updated latest checkpoint at epoch 22
2026-05-01 20:20:44,863 [Trainer] :: No validation IoU improvement for 6 epoch(s)
2026-05-01 20:20:44,863 [Trainer] :: Starting epoch 23
2026-05-01 20:22:50,841 [Trainer] :: Completed epoch 23: train_loss=0.159908 train_iou=0.840427 val_loss=0.275369 val_iou=0.607779 lr=0.00009857
2026-05-01 20:22:51,127 [Trainer] :: Updated latest checkpoint at epoch 23
2026-05-01 20:22:51,127 [Trainer] :: No validation IoU improvement for 7 epoch(s)
2026-05-01 20:22:51,127 [Trainer] :: Starting epoch 24
2026-05-01 20:24:48,638 [Trainer] :: Completed epoch 24: train_loss=0.161435 train_iou=0.838892 val_loss=0.259645 val_iou=0.640308 lr=0.00009844
2026-05-01 20:24:48,739 [Trainer] :: Updated latest checkpoint at epoch 24
2026-05-01 20:24:48,739 [Trainer] :: No validation IoU improvement for 8 epoch(s)
2026-05-01 20:24:48,739 [Trainer] :: Starting epoch 25
2026-05-01 20:26:48,255 [Trainer] :: Completed epoch 25: train_loss=0.159486 train_iou=0.840360 val_loss=0.259874 val_iou=0.648183 lr=0.00009831
2026-05-01 20:26:48,345 [Trainer] :: Updated latest checkpoint at epoch 25
2026-05-01 20:26:48,345 [Trainer] :: No validation IoU improvement for 9 epoch(s)
2026-05-01 20:26:48,345 [Trainer] :: Starting epoch 26
2026-05-01 20:28:49,957 [Trainer] :: Completed epoch 26: train_loss=0.154895 train_iou=0.843266 val_loss=0.268385 val_iou=0.616285 lr=0.00009818
2026-05-01 20:28:50,049 [Trainer] :: Updated latest checkpoint at epoch 26
2026-05-01 20:28:50,049 [Trainer] :: No validation IoU improvement for 10 epoch(s)
2026-05-01 20:28:50,049 [Trainer] :: Starting epoch 27
2026-05-01 20:31:01,865 [Trainer] :: Completed epoch 27: train_loss=0.153056 train_iou=0.848960 val_loss=0.254072 val_iou=0.646237 lr=0.00009803
2026-05-01 20:31:01,962 [Trainer] :: Updated latest checkpoint at epoch 27
2026-05-01 20:31:03,044 [Trainer] :: No validation IoU improvement for 11 epoch(s)
2026-05-01 20:31:03,045 [Trainer] :: Starting epoch 28
2026-05-01 20:33:10,586 [Trainer] :: Completed epoch 28: train_loss=0.149438 train_iou=0.852160 val_loss=0.259964 val_iou=0.649627 lr=0.00009789
2026-05-01 20:33:10,729 [Trainer] :: Updated latest checkpoint at epoch 28
2026-05-01 20:33:10,729 [Trainer] :: No validation IoU improvement for 12 epoch(s)
2026-05-01 20:33:10,729 [Trainer] :: Starting epoch 29
2026-05-01 20:35:14,160 [Trainer] :: Completed epoch 29: train_loss=0.148340 train_iou=0.851836 val_loss=0.265659 val_iou=0.637609 lr=0.00009773
2026-05-01 20:35:14,364 [Trainer] :: Updated latest checkpoint at epoch 29
2026-05-01 20:35:14,364 [Trainer] :: No validation IoU improvement for 13 epoch(s)
2026-05-01 20:35:14,364 [Trainer] :: Starting epoch 30
2026-05-01 20:37:12,366 [Trainer] :: Completed epoch 30: train_loss=0.150505 train_iou=0.850794 val_loss=0.314582 val_iou=0.569768 lr=0.00009758
2026-05-01 20:37:12,461 [Trainer] :: Updated latest checkpoint at epoch 30
2026-05-01 20:37:12,461 [Trainer] :: No validation IoU improvement for 14 epoch(s)
2026-05-01 20:37:12,461 [Trainer] :: Starting epoch 31
2026-05-01 20:39:09,967 [Trainer] :: Completed epoch 31: train_loss=0.149300 train_iou=0.848535 val_loss=0.271481 val_iou=0.636505 lr=0.00009741
2026-05-01 20:39:10,051 [Trainer] :: Updated latest checkpoint at epoch 31
2026-05-01 20:39:10,051 [Trainer] :: No validation IoU improvement for 15 epoch(s)
2026-05-01 20:39:10,051 [Trainer] :: Starting epoch 32
2026-05-01 20:41:11,954 [Trainer] :: Completed epoch 32: train_loss=0.142187 train_iou=0.855935 val_loss=0.252307 val_iou=0.644065 lr=0.00009725
2026-05-01 20:41:12,125 [Trainer] :: Updated latest checkpoint at epoch 32
2026-05-01 20:41:12,125 [Trainer] :: No validation IoU improvement for 16 epoch(s)
2026-05-01 20:41:12,125 [Trainer] :: Starting epoch 33
2026-05-01 20:43:19,850 [Trainer] :: Completed epoch 33: train_loss=0.140292 train_iou=0.858030 val_loss=0.272231 val_iou=0.611209 lr=0.00009707
2026-05-01 20:43:19,932 [Trainer] :: Updated latest checkpoint at epoch 33
2026-05-01 20:43:19,932 [Trainer] :: No validation IoU improvement for 17 epoch(s)
2026-05-01 20:43:19,932 [Trainer] :: Starting epoch 34
2026-05-01 20:45:30,217 [Trainer] :: Completed epoch 34: train_loss=0.136520 train_iou=0.858839 val_loss=0.265632 val_iou=0.637537 lr=0.00009690
2026-05-01 20:45:30,365 [Trainer] :: Updated latest checkpoint at epoch 34
2026-05-01 20:45:30,365 [Trainer] :: No validation IoU improvement for 18 epoch(s)
2026-05-01 20:45:30,365 [Trainer] :: Starting epoch 35
2026-05-01 20:47:41,239 [Trainer] :: Completed epoch 35: train_loss=0.137640 train_iou=0.859887 val_loss=0.266955 val_iou=0.622269 lr=0.00009671
2026-05-01 20:47:41,320 [Trainer] :: Updated latest checkpoint at epoch 35
2026-05-01 20:47:41,320 [Trainer] :: No validation IoU improvement for 19 epoch(s)
2026-05-01 20:47:41,320 [Trainer] :: Starting epoch 36
2026-05-01 20:49:51,198 [Trainer] :: Completed epoch 36: train_loss=0.134998 train_iou=0.860500 val_loss=0.271442 val_iou=0.617639 lr=0.00009652
2026-05-01 20:49:51,296 [Trainer] :: Updated latest checkpoint at epoch 36
2026-05-01 20:49:51,296 [Trainer] :: No validation IoU improvement for 20 epoch(s)
2026-05-01 20:49:51,296 [Trainer] :: Starting epoch 37
2026-05-01 20:52:17,695 [Trainer] :: Completed epoch 37: train_loss=0.133913 train_iou=0.862440 val_loss=0.252179 val_iou=0.649043 lr=0.00009633
2026-05-01 20:52:17,780 [Trainer] :: Updated latest checkpoint at epoch 37
2026-05-01 20:52:17,780 [Trainer] :: No validation IoU improvement for 21 epoch(s)
2026-05-01 20:52:17,780 [Trainer] :: Starting epoch 38
2026-05-01 20:54:35,531 [Trainer] :: Completed epoch 38: train_loss=0.131746 train_iou=0.866008 val_loss=0.273052 val_iou=0.627909 lr=0.00009613
2026-05-01 20:54:35,627 [Trainer] :: Updated latest checkpoint at epoch 38
2026-05-01 20:54:35,628 [Trainer] :: No validation IoU improvement for 22 epoch(s)
2026-05-01 20:54:35,628 [Trainer] :: Starting epoch 39
2026-05-01 20:56:38,607 [Trainer] :: Completed epoch 39: train_loss=0.131681 train_iou=0.863525 val_loss=0.267607 val_iou=0.645083 lr=0.00009593
2026-05-01 20:56:38,728 [Trainer] :: Updated latest checkpoint at epoch 39
2026-05-01 20:56:38,728 [Trainer] :: No validation IoU improvement for 23 epoch(s)
2026-05-01 20:56:38,728 [Trainer] :: Starting epoch 40
2026-05-01 20:59:06,259 [Trainer] :: Completed epoch 40: train_loss=0.129527 train_iou=0.866216 val_loss=0.251349 val_iou=0.657222 lr=0.00009572
2026-05-01 20:59:06,354 [Trainer] :: Updated latest checkpoint at epoch 40
2026-05-01 20:59:06,443 [Trainer] :: New best checkpoint saved with val_iou=0.657222
2026-05-01 20:59:06,443 [Trainer] :: Starting epoch 41
2026-05-01 21:01:36,433 [Trainer] :: Completed epoch 41: train_loss=0.131504 train_iou=0.865529 val_loss=0.301197 val_iou=0.593556 lr=0.00009551
2026-05-01 21:01:36,581 [Trainer] :: Updated latest checkpoint at epoch 41
2026-05-01 21:01:36,581 [Trainer] :: No validation IoU improvement for 1 epoch(s)
2026-05-01 21:01:36,581 [Trainer] :: Starting epoch 42
2026-05-01 21:03:57,472 [Trainer] :: Completed epoch 42: train_loss=0.126222 train_iou=0.868600 val_loss=0.278702 val_iou=0.610996 lr=0.00009529
2026-05-01 21:03:57,556 [Trainer] :: Updated latest checkpoint at epoch 42
2026-05-01 21:03:57,556 [Trainer] :: No validation IoU improvement for 2 epoch(s)
2026-05-01 21:03:57,556 [Trainer] :: Starting epoch 43
2026-05-01 21:06:17,313 [Trainer] :: Completed epoch 43: train_loss=0.126427 train_iou=0.868581 val_loss=0.249246 val_iou=0.651100 lr=0.00009507
2026-05-01 21:06:17,465 [Trainer] :: Updated latest checkpoint at epoch 43
2026-05-01 21:06:17,465 [Trainer] :: No validation IoU improvement for 3 epoch(s)
2026-05-01 21:06:17,465 [Trainer] :: Starting epoch 44
2026-05-01 21:08:26,884 [Trainer] :: Completed epoch 44: train_loss=0.121681 train_iou=0.874946 val_loss=0.275894 val_iou=0.630865 lr=0.00009484
2026-05-01 21:08:27,043 [Trainer] :: Updated latest checkpoint at epoch 44
2026-05-01 21:08:27,043 [Trainer] :: No validation IoU improvement for 4 epoch(s)
2026-05-01 21:08:27,043 [Trainer] :: Starting epoch 45
2026-05-01 21:10:52,228 [Trainer] :: Completed epoch 45: train_loss=0.122240 train_iou=0.874113 val_loss=0.266964 val_iou=0.634436 lr=0.00009460
2026-05-01 21:10:52,375 [Trainer] :: Updated latest checkpoint at epoch 45
2026-05-01 21:10:52,376 [Trainer] :: No validation IoU improvement for 5 epoch(s)
2026-05-01 21:10:52,376 [Trainer] :: Starting epoch 46
2026-05-01 21:12:58,220 [Trainer] :: Completed epoch 46: train_loss=0.119879 train_iou=0.875831 val_loss=0.274117 val_iou=0.636089 lr=0.00009437
2026-05-01 21:12:58,301 [Trainer] :: Updated latest checkpoint at epoch 46
2026-05-01 21:12:58,301 [Trainer] :: No validation IoU improvement for 6 epoch(s)
2026-05-01 21:12:58,301 [Trainer] :: Starting epoch 47
2026-05-01 21:15:01,809 [Trainer] :: Completed epoch 47: train_loss=0.121538 train_iou=0.874291 val_loss=0.260953 val_iou=0.644356 lr=0.00009412
2026-05-01 21:15:01,906 [Trainer] :: Updated latest checkpoint at epoch 47
2026-05-01 21:15:01,906 [Trainer] :: No validation IoU improvement for 7 epoch(s)
2026-05-01 21:15:01,906 [Trainer] :: Starting epoch 48
2026-05-01 21:17:21,215 [Trainer] :: Completed epoch 48: train_loss=0.119987 train_iou=0.877291 val_loss=0.271844 val_iou=0.648235 lr=0.00009388
2026-05-01 21:17:21,474 [Trainer] :: Updated latest checkpoint at epoch 48
2026-05-01 21:17:22,087 [Trainer] :: No validation IoU improvement for 8 epoch(s)
2026-05-01 21:17:22,087 [Trainer] :: Starting epoch 49
2026-05-01 21:19:31,505 [Trainer] :: Completed epoch 49: train_loss=0.119683 train_iou=0.876656 val_loss=0.294929 val_iou=0.606181 lr=0.00009363
2026-05-01 21:19:31,608 [Trainer] :: Updated latest checkpoint at epoch 49
2026-05-01 21:19:31,608 [Trainer] :: No validation IoU improvement for 9 epoch(s)
2026-05-01 21:19:31,608 [Trainer] :: Starting epoch 50
2026-05-01 21:21:37,940 [Trainer] :: Completed epoch 50: train_loss=0.120256 train_iou=0.874295 val_loss=0.274467 val_iou=0.642664 lr=0.00009337
2026-05-01 21:21:38,020 [Trainer] :: Updated latest checkpoint at epoch 50
2026-05-01 21:21:38,020 [Trainer] :: No validation IoU improvement for 10 epoch(s)
2026-05-01 21:21:38,021 [Trainer] :: Starting epoch 51
2026-05-01 21:23:39,342 [Trainer] :: Completed epoch 51: train_loss=0.117277 train_iou=0.878977 val_loss=0.287683 val_iou=0.637629 lr=0.00009311
2026-05-01 21:23:39,427 [Trainer] :: Updated latest checkpoint at epoch 51
2026-05-01 21:23:39,427 [Trainer] :: No validation IoU improvement for 11 epoch(s)
2026-05-01 21:23:39,427 [Trainer] :: Starting epoch 52
2026-05-01 21:25:35,655 [Trainer] :: Completed epoch 52: train_loss=0.117052 train_iou=0.878623 val_loss=0.296180 val_iou=0.613677 lr=0.00009284
2026-05-01 21:25:35,739 [Trainer] :: Updated latest checkpoint at epoch 52
2026-05-01 21:25:35,739 [Trainer] :: No validation IoU improvement for 12 epoch(s)
2026-05-01 21:25:35,739 [Trainer] :: Starting epoch 53
2026-05-01 21:27:32,270 [Trainer] :: Completed epoch 53: train_loss=0.111751 train_iou=0.882785 val_loss=0.292834 val_iou=0.627402 lr=0.00009257
2026-05-01 21:27:32,351 [Trainer] :: Updated latest checkpoint at epoch 53
2026-05-01 21:27:32,351 [Trainer] :: No validation IoU improvement for 13 epoch(s)
2026-05-01 21:27:32,351 [Trainer] :: Starting epoch 54
2026-05-01 21:29:28,536 [Trainer] :: Completed epoch 54: train_loss=0.113399 train_iou=0.880687 val_loss=0.286556 val_iou=0.628362 lr=0.00009229
2026-05-01 21:29:28,620 [Trainer] :: Updated latest checkpoint at epoch 54
2026-05-01 21:29:28,620 [Trainer] :: No validation IoU improvement for 14 epoch(s)
2026-05-01 21:29:28,620 [Trainer] :: Starting epoch 55
2026-05-01 21:31:24,651 [Trainer] :: Completed epoch 55: train_loss=0.112264 train_iou=0.883313 val_loss=0.271873 val_iou=0.642145 lr=0.00009201
2026-05-01 21:31:24,738 [Trainer] :: Updated latest checkpoint at epoch 55
2026-05-01 21:31:24,738 [Trainer] :: No validation IoU improvement for 15 epoch(s)
2026-05-01 21:31:24,738 [Trainer] :: Starting epoch 56
2026-05-01 21:33:29,017 [Trainer] :: Completed epoch 56: train_loss=0.109276 train_iou=0.885771 val_loss=0.275982 val_iou=0.626994 lr=0.00009173
2026-05-01 21:33:29,173 [Trainer] :: Updated latest checkpoint at epoch 56
2026-05-01 21:33:29,174 [Trainer] :: No validation IoU improvement for 16 epoch(s)
2026-05-01 21:33:29,174 [Trainer] :: Starting epoch 57
2026-05-01 21:36:02,905 [Trainer] :: Completed epoch 57: train_loss=0.110884 train_iou=0.884891 val_loss=0.282248 val_iou=0.639609 lr=0.00009144
2026-05-01 21:36:03,000 [Trainer] :: Updated latest checkpoint at epoch 57
2026-05-01 21:36:03,000 [Trainer] :: No validation IoU improvement for 17 epoch(s)
2026-05-01 21:36:03,000 [Trainer] :: Starting epoch 58
2026-05-01 21:38:00,960 [Trainer] :: Completed epoch 58: train_loss=0.112818 train_iou=0.881406 val_loss=0.281561 val_iou=0.634163 lr=0.00009115
2026-05-01 21:38:01,080 [Trainer] :: Updated latest checkpoint at epoch 58
2026-05-01 21:38:01,080 [Trainer] :: No validation IoU improvement for 18 epoch(s)
2026-05-01 21:38:01,080 [Trainer] :: Starting epoch 59
2026-05-01 21:39:57,760 [Trainer] :: Completed epoch 59: train_loss=0.110186 train_iou=0.882997 val_loss=0.275516 val_iou=0.643502 lr=0.00009085
2026-05-01 21:39:57,843 [Trainer] :: Updated latest checkpoint at epoch 59
2026-05-01 21:39:57,844 [Trainer] :: No validation IoU improvement for 19 epoch(s)
2026-05-01 21:39:57,844 [Trainer] :: Starting epoch 60
2026-05-01 21:42:01,864 [Trainer] :: Completed epoch 60: train_loss=0.109080 train_iou=0.885758 val_loss=0.280345 val_iou=0.638214 lr=0.00009055
2026-05-01 21:42:02,018 [Trainer] :: Updated latest checkpoint at epoch 60
2026-05-01 21:42:02,018 [Trainer] :: No validation IoU improvement for 20 epoch(s)
2026-05-01 21:42:02,018 [Trainer] :: Starting epoch 61
2026-05-01 21:43:59,106 [Trainer] :: Completed epoch 61: train_loss=0.104013 train_iou=0.890381 val_loss=0.279425 val_iou=0.635614 lr=0.00009024
2026-05-01 21:43:59,186 [Trainer] :: Updated latest checkpoint at epoch 61
2026-05-01 21:43:59,186 [Trainer] :: No validation IoU improvement for 21 epoch(s)
2026-05-01 21:43:59,186 [Trainer] :: Starting epoch 62
2026-05-01 21:45:58,216 [Trainer] :: Completed epoch 62: train_loss=0.104568 train_iou=0.890375 val_loss=0.279432 val_iou=0.634336 lr=0.00008993
2026-05-01 21:45:58,323 [Trainer] :: Updated latest checkpoint at epoch 62
2026-05-01 21:45:58,323 [Trainer] :: No validation IoU improvement for 22 epoch(s)
2026-05-01 21:45:58,323 [Trainer] :: Starting epoch 63
2026-05-01 21:47:52,632 [Trainer] :: Completed epoch 63: train_loss=0.105474 train_iou=0.889848 val_loss=0.300267 val_iou=0.608505 lr=0.00008961
2026-05-01 21:47:52,715 [Trainer] :: Updated latest checkpoint at epoch 63
2026-05-01 21:47:52,715 [Trainer] :: No validation IoU improvement for 23 epoch(s)
2026-05-01 21:47:52,715 [Trainer] :: Starting epoch 64
2026-05-01 21:49:48,200 [Trainer] :: Completed epoch 64: train_loss=0.104901 train_iou=0.888852 val_loss=0.274025 val_iou=0.641762 lr=0.00008929
2026-05-01 21:49:48,282 [Trainer] :: Updated latest checkpoint at epoch 64
2026-05-01 21:49:48,282 [Trainer] :: No validation IoU improvement for 24 epoch(s)
2026-05-01 21:49:48,282 [Trainer] :: Starting epoch 65
2026-05-01 21:51:42,905 [Trainer] :: Completed epoch 65: train_loss=0.104819 train_iou=0.889710 val_loss=0.285927 val_iou=0.620903 lr=0.00008897
2026-05-01 21:51:43,145 [Trainer] :: Updated latest checkpoint at epoch 65
2026-05-01 21:51:43,145 [Trainer] :: No validation IoU improvement for 25 epoch(s)
2026-05-01 21:51:43,145 [Trainer] :: Starting epoch 66
2026-05-01 21:53:37,498 [Trainer] :: Completed epoch 66: train_loss=0.100695 train_iou=0.894897 val_loss=0.289440 val_iou=0.614708 lr=0.00008864
2026-05-01 21:53:37,581 [Trainer] :: Updated latest checkpoint at epoch 66
2026-05-01 21:53:37,581 [Trainer] :: No validation IoU improvement for 26 epoch(s)
2026-05-01 21:53:37,581 [Trainer] :: Starting epoch 67
2026-05-01 21:55:36,276 [Trainer] :: Completed epoch 67: train_loss=0.104738 train_iou=0.890454 val_loss=0.270703 val_iou=0.650392 lr=0.00008831
2026-05-01 21:55:36,391 [Trainer] :: Updated latest checkpoint at epoch 67
2026-05-01 21:55:36,391 [Trainer] :: No validation IoU improvement for 27 epoch(s)
2026-05-01 21:55:36,391 [Trainer] :: Starting epoch 68
2026-05-01 21:57:43,174 [Trainer] :: Completed epoch 68: train_loss=0.098753 train_iou=0.896325 val_loss=0.276414 val_iou=0.643099 lr=0.00008797
2026-05-01 21:57:43,263 [Trainer] :: Updated latest checkpoint at epoch 68
2026-05-01 21:57:43,263 [Trainer] :: No validation IoU improvement for 28 epoch(s)
2026-05-01 21:57:43,263 [Trainer] :: Starting epoch 69
2026-05-01 21:59:38,763 [Trainer] :: Completed epoch 69: train_loss=0.101004 train_iou=0.893705 val_loss=0.285693 val_iou=0.637489 lr=0.00008763
2026-05-01 21:59:38,852 [Trainer] :: Updated latest checkpoint at epoch 69
2026-05-01 21:59:38,852 [Trainer] :: No validation IoU improvement for 29 epoch(s)
2026-05-01 21:59:38,852 [Trainer] :: Starting epoch 70
2026-05-01 22:01:41,558 [Trainer] :: Completed epoch 70: train_loss=0.098704 train_iou=0.896628 val_loss=0.279049 val_iou=0.639155 lr=0.00008729
2026-05-01 22:01:41,708 [Trainer] :: Updated latest checkpoint at epoch 70
2026-05-01 22:01:41,708 [Trainer] :: No validation IoU improvement for 30 epoch(s)
2026-05-01 22:01:41,708 [Trainer] :: Starting epoch 71
2026-05-01 22:03:57,793 [Trainer] :: Completed epoch 71: train_loss=0.097930 train_iou=0.898375 val_loss=0.287335 val_iou=0.627827 lr=0.00008694
2026-05-01 22:03:57,881 [Trainer] :: Updated latest checkpoint at epoch 71
2026-05-01 22:03:57,881 [Trainer] :: No validation IoU improvement for 31 epoch(s)
2026-05-01 22:03:57,881 [Trainer] :: Starting epoch 72
2026-05-01 22:05:59,064 [Trainer] :: Completed epoch 72: train_loss=0.099567 train_iou=0.894551 val_loss=0.282306 val_iou=0.633521 lr=0.00008658
2026-05-01 22:05:59,538 [Trainer] :: Updated latest checkpoint at epoch 72
2026-05-01 22:05:59,538 [Trainer] :: No validation IoU improvement for 32 epoch(s)
2026-05-01 22:05:59,538 [Trainer] :: Starting epoch 73
2026-05-01 22:08:00,813 [Trainer] :: Completed epoch 73: train_loss=0.098373 train_iou=0.896429 val_loss=0.276640 val_iou=0.642196 lr=0.00008623
2026-05-01 22:08:00,961 [Trainer] :: Updated latest checkpoint at epoch 73
2026-05-01 22:08:00,961 [Trainer] :: No validation IoU improvement for 33 epoch(s)
2026-05-01 22:08:00,961 [Trainer] :: Starting epoch 74
2026-05-01 22:10:22,688 [Trainer] :: Completed epoch 74: train_loss=0.097566 train_iou=0.897934 val_loss=0.284910 val_iou=0.643286 lr=0.00008587
2026-05-01 22:10:22,779 [Trainer] :: Updated latest checkpoint at epoch 74
2026-05-01 22:10:22,779 [Trainer] :: No validation IoU improvement for 34 epoch(s)
2026-05-01 22:10:22,779 [Trainer] :: Starting epoch 75
2026-05-01 22:12:20,012 [Trainer] :: Completed epoch 75: train_loss=0.095249 train_iou=0.900242 val_loss=0.290656 val_iou=0.626855 lr=0.00008550
2026-05-01 22:12:20,154 [Trainer] :: Updated latest checkpoint at epoch 75
2026-05-01 22:12:20,154 [Trainer] :: No validation IoU improvement for 35 epoch(s)
2026-05-01 22:12:20,154 [Trainer] :: Starting epoch 76
2026-05-01 22:14:15,409 [Trainer] :: Completed epoch 76: train_loss=0.096399 train_iou=0.898403 val_loss=0.282014 val_iou=0.640846 lr=0.00008513
2026-05-01 22:14:15,490 [Trainer] :: Updated latest checkpoint at epoch 76
2026-05-01 22:14:15,491 [Trainer] :: No validation IoU improvement for 36 epoch(s)
2026-05-01 22:14:15,491 [Trainer] :: Starting epoch 77
2026-05-01 22:16:11,464 [Trainer] :: Completed epoch 77: train_loss=0.094411 train_iou=0.901035 val_loss=0.289627 val_iou=0.632478 lr=0.00008476
2026-05-01 22:16:11,605 [Trainer] :: Updated latest checkpoint at epoch 77
2026-05-01 22:16:11,605 [Trainer] :: No validation IoU improvement for 37 epoch(s)
2026-05-01 22:16:11,605 [Trainer] :: Starting epoch 78
2026-05-01 22:18:28,543 [Trainer] :: Completed epoch 78: train_loss=0.097138 train_iou=0.897029 val_loss=0.288650 val_iou=0.637912 lr=0.00008439
2026-05-01 22:18:28,694 [Trainer] :: Updated latest checkpoint at epoch 78
2026-05-01 22:18:28,694 [Trainer] :: No validation IoU improvement for 38 epoch(s)
2026-05-01 22:18:28,694 [Trainer] :: Starting epoch 79
2026-05-01 22:20:30,975 [Trainer] :: Completed epoch 79: train_loss=0.099303 train_iou=0.896846 val_loss=0.273207 val_iou=0.643233 lr=0.00008401
2026-05-01 22:20:31,058 [Trainer] :: Updated latest checkpoint at epoch 79
2026-05-01 22:20:31,058 [Trainer] :: No validation IoU improvement for 39 epoch(s)
2026-05-01 22:20:31,058 [Trainer] :: Starting epoch 80
2026-05-01 22:22:32,873 [Trainer] :: Completed epoch 80: train_loss=0.091045 train_iou=0.903678 val_loss=0.287371 val_iou=0.631965 lr=0.00008362
2026-05-01 22:22:32,954 [Trainer] :: Updated latest checkpoint at epoch 80
2026-05-01 22:22:32,954 [Trainer] :: No validation IoU improvement for 40 epoch(s)
2026-05-01 22:22:32,954 [Trainer] :: Starting epoch 81
2026-05-01 22:24:31,150 [Trainer] :: Completed epoch 81: train_loss=0.092333 train_iou=0.903505 val_loss=0.281884 val_iou=0.644449 lr=0.00008323
2026-05-01 22:24:31,231 [Trainer] :: Updated latest checkpoint at epoch 81
2026-05-01 22:24:31,231 [Trainer] :: No validation IoU improvement for 41 epoch(s)
2026-05-01 22:24:31,231 [Trainer] :: Starting epoch 82
2026-05-01 22:26:28,092 [Trainer] :: Completed epoch 82: train_loss=0.092065 train_iou=0.903652 val_loss=0.295216 val_iou=0.629944 lr=0.00008284
2026-05-01 22:26:28,826 [Trainer] :: Updated latest checkpoint at epoch 82
2026-05-01 22:26:29,280 [Trainer] :: No validation IoU improvement for 42 epoch(s)
2026-05-01 22:26:29,280 [Trainer] :: Starting epoch 83
2026-05-01 22:28:38,800 [Trainer] :: Completed epoch 83: train_loss=0.089283 train_iou=0.905487 val_loss=0.294009 val_iou=0.630437 lr=0.00008245
2026-05-01 22:28:39,760 [Trainer] :: Updated latest checkpoint at epoch 83
2026-05-01 22:28:39,760 [Trainer] :: No validation IoU improvement for 43 epoch(s)
2026-05-01 22:28:39,760 [Trainer] :: Starting epoch 84
2026-05-01 22:30:39,934 [Trainer] :: Completed epoch 84: train_loss=0.090705 train_iou=0.904462 val_loss=0.295256 val_iou=0.619987 lr=0.00008205
2026-05-01 22:30:40,031 [Trainer] :: Updated latest checkpoint at epoch 84
2026-05-01 22:30:40,031 [Trainer] :: No validation IoU improvement for 44 epoch(s)
2026-05-01 22:30:40,031 [Trainer] :: Starting epoch 85
2026-05-01 22:32:44,613 [Trainer] :: Completed epoch 85: train_loss=0.089852 train_iou=0.905465 val_loss=0.276354 val_iou=0.646660 lr=0.00008165
2026-05-01 22:32:44,763 [Trainer] :: Updated latest checkpoint at epoch 85
2026-05-01 22:32:44,763 [Trainer] :: No validation IoU improvement for 45 epoch(s)
2026-05-01 22:32:44,763 [Trainer] :: Starting epoch 86
2026-05-01 22:35:09,409 [Trainer] :: Completed epoch 86: train_loss=0.088690 train_iou=0.906016 val_loss=0.283994 val_iou=0.647242 lr=0.00008125
2026-05-01 22:35:09,494 [Trainer] :: Updated latest checkpoint at epoch 86
2026-05-01 22:35:09,495 [Trainer] :: No validation IoU improvement for 46 epoch(s)
2026-05-01 22:35:09,495 [Trainer] :: Starting epoch 87
2026-05-01 22:37:28,823 [Trainer] :: Completed epoch 87: train_loss=0.087049 train_iou=0.907512 val_loss=0.286046 val_iou=0.643692 lr=0.00008084
2026-05-01 22:37:28,910 [Trainer] :: Updated latest checkpoint at epoch 87
2026-05-01 22:37:28,910 [Trainer] :: No validation IoU improvement for 47 epoch(s)
2026-05-01 22:37:28,910 [Trainer] :: Starting epoch 88
2026-05-01 22:39:37,177 [Trainer] :: Completed epoch 88: train_loss=0.088805 train_iou=0.906406 val_loss=0.286042 val_iou=0.642442 lr=0.00008043
2026-05-01 22:39:37,263 [Trainer] :: Updated latest checkpoint at epoch 88
2026-05-01 22:39:37,263 [Trainer] :: No validation IoU improvement for 48 epoch(s)
2026-05-01 22:39:37,263 [Trainer] :: Starting epoch 89
2026-05-01 22:41:34,463 [Trainer] :: Completed epoch 89: train_loss=0.086747 train_iou=0.909180 val_loss=0.304234 val_iou=0.625417 lr=0.00008001
2026-05-01 22:41:34,544 [Trainer] :: Updated latest checkpoint at epoch 89
2026-05-01 22:41:34,545 [Trainer] :: No validation IoU improvement for 49 epoch(s)
2026-05-01 22:41:34,545 [Trainer] :: Starting epoch 90
2026-05-01 22:43:36,099 [Trainer] :: Completed epoch 90: train_loss=0.086293 train_iou=0.908914 val_loss=0.288396 val_iou=0.639240 lr=0.00007960
2026-05-01 22:43:36,351 [Trainer] :: Updated latest checkpoint at epoch 90
2026-05-01 22:43:36,351 [Trainer] :: No validation IoU improvement for 50 epoch(s)
2026-05-01 22:43:36,351 [Trainer] :: Starting epoch 91
2026-05-01 22:45:36,082 [Trainer] :: Completed epoch 91: train_loss=0.084924 train_iou=0.910360 val_loss=0.293645 val_iou=0.632455 lr=0.00007917
2026-05-01 22:45:36,168 [Trainer] :: Updated latest checkpoint at epoch 91
2026-05-01 22:45:36,168 [Trainer] :: No validation IoU improvement for 51 epoch(s)
2026-05-01 22:45:36,168 [Trainer] :: Starting epoch 92
2026-05-01 22:47:38,064 [Trainer] :: Completed epoch 92: train_loss=0.087181 train_iou=0.908034 val_loss=0.292224 val_iou=0.634764 lr=0.00007875
2026-05-01 22:47:38,287 [Trainer] :: Updated latest checkpoint at epoch 92
2026-05-01 22:47:38,287 [Trainer] :: No validation IoU improvement for 52 epoch(s)
2026-05-01 22:47:38,287 [Trainer] :: Starting epoch 93
2026-05-01 22:49:44,653 [Trainer] :: Completed epoch 93: train_loss=0.084729 train_iou=0.909619 val_loss=0.290071 val_iou=0.641201 lr=0.00007832
2026-05-01 22:49:44,806 [Trainer] :: Updated latest checkpoint at epoch 93
2026-05-01 22:49:44,806 [Trainer] :: No validation IoU improvement for 53 epoch(s)
2026-05-01 22:49:44,806 [Trainer] :: Starting epoch 94
2026-05-01 22:51:56,822 [Trainer] :: Completed epoch 94: train_loss=0.083566 train_iou=0.911016 val_loss=0.289510 val_iou=0.645269 lr=0.00007789
2026-05-01 22:51:56,918 [Trainer] :: Updated latest checkpoint at epoch 94
2026-05-01 22:51:56,918 [Trainer] :: No validation IoU improvement for 54 epoch(s)
2026-05-01 22:51:56,918 [Trainer] :: Starting epoch 95
2026-05-01 22:54:00,088 [Trainer] :: Completed epoch 95: train_loss=0.085650 train_iou=0.909855 val_loss=0.294193 val_iou=0.631011 lr=0.00007746
2026-05-01 22:54:00,245 [Trainer] :: Updated latest checkpoint at epoch 95
2026-05-01 22:54:00,245 [Trainer] :: No validation IoU improvement for 55 epoch(s)
2026-05-01 22:54:00,245 [Trainer] :: Starting epoch 96
2026-05-01 22:56:00,929 [Trainer] :: Completed epoch 96: train_loss=0.083497 train_iou=0.911945 val_loss=0.293385 val_iou=0.640822 lr=0.00007702
2026-05-01 22:56:01,054 [Trainer] :: Updated latest checkpoint at epoch 96
2026-05-01 22:56:01,054 [Trainer] :: No validation IoU improvement for 56 epoch(s)
2026-05-01 22:56:01,054 [Trainer] :: Starting epoch 97
2026-05-01 22:57:59,692 [Trainer] :: Completed epoch 97: train_loss=0.083657 train_iou=0.911217 val_loss=0.294162 val_iou=0.640093 lr=0.00007658
2026-05-01 22:57:59,781 [Trainer] :: Updated latest checkpoint at epoch 97
2026-05-01 22:57:59,781 [Trainer] :: No validation IoU improvement for 57 epoch(s)
2026-05-01 22:57:59,781 [Trainer] :: Starting epoch 98
2026-05-01 22:59:57,635 [Trainer] :: Completed epoch 98: train_loss=0.083763 train_iou=0.910538 val_loss=0.285553 val_iou=0.639515 lr=0.00007614
2026-05-01 22:59:57,728 [Trainer] :: Updated latest checkpoint at epoch 98
2026-05-01 22:59:57,728 [Trainer] :: No validation IoU improvement for 58 epoch(s)
2026-05-01 22:59:57,728 [Trainer] :: Starting epoch 99
2026-05-01 23:01:53,894 [Trainer] :: Completed epoch 99: train_loss=0.083952 train_iou=0.910565 val_loss=0.312522 val_iou=0.622278 lr=0.00007570
2026-05-01 23:01:54,056 [Trainer] :: Updated latest checkpoint at epoch 99
2026-05-01 23:01:54,057 [Trainer] :: No validation IoU improvement for 59 epoch(s)
2026-05-01 23:01:54,057 [Trainer] :: Starting epoch 100
2026-05-01 23:03:53,267 [Trainer] :: Completed epoch 100: train_loss=0.083336 train_iou=0.911631 val_loss=0.291661 val_iou=0.639983 lr=0.00007525
2026-05-01 23:03:53,357 [Trainer] :: Updated latest checkpoint at epoch 100
2026-05-01 23:03:53,357 [Trainer] :: No validation IoU improvement for 60 epoch(s)
2026-05-01 23:03:53,357 [Trainer] :: Early stopping triggered after 60 epoch(s) without improvement
2026-05-01 23:06:34,012 [Trainer] :: Wrote training history to outputs/runs/rgb_segformer_b0_seed46_20260501T173246Z/metrics/history.json
2026-05-01 23:06:34,016 [Trainer] :: Wrote test summary to outputs/runs/rgb_segformer_b0_seed46_20260501T173246Z/metrics/test_summary.json
2026-05-01 23:06:34,016 [Trainer] :: Training completed
