2026-05-01 16:25:25,265 [Trainer] :: Training run initialized at /ceph/home/student.aau.dk/qd36zu/fuzzy-p10/tbd/masking/outputs/runs/rgb_deeplabv3plus_resnet50_seed48_20260501T142525Z
2026-05-01 16:25:25,265 [Trainer] :: Loaded config from /ceph/home/student.aau.dk/qd36zu/fuzzy-p10/tbd/masking/configs/binary/rgb_deeplabv3plus_resnet50.yaml
2026-05-01 16:25:25,265 [Trainer] :: Using seed=48 and device=None
2026-05-01 16:25:25,265 [Trainer] :: Using model architecture=DeepLabV3Plus encoder=resnet50 encoder_weights=imagenet
2026-05-01 16:25:25,532 [Trainer] :: Resolved runtime device to cuda
2026-05-01 16:25:25,532 [Trainer] :: Prepared normalization from source=imagenet
2026-05-01 16:25:40,476 [Trainer] :: Built dataloaders with batch_size=16, num_workers=0
2026-05-01 16:25:40,482 [Trainer] :: Starting epoch 1
2026-05-01 16:28:12,028 [Trainer] :: Completed epoch 1: train_loss=0.397105 train_iou=0.670408 val_loss=0.355105 val_iou=0.535582 lr=0.00010000
2026-05-01 16:28:12,407 [Trainer] :: Updated latest checkpoint at epoch 1
2026-05-01 16:28:13,207 [Trainer] :: New best checkpoint saved with val_iou=0.535582
2026-05-01 16:28:13,208 [Trainer] :: Starting epoch 2
2026-05-01 16:30:36,972 [Trainer] :: Completed epoch 2: train_loss=0.292805 train_iou=0.747010 val_loss=0.334432 val_iou=0.555982 lr=0.00009999
2026-05-01 16:30:37,360 [Trainer] :: Updated latest checkpoint at epoch 2
2026-05-01 16:30:37,742 [Trainer] :: New best checkpoint saved with val_iou=0.555982
2026-05-01 16:30:37,743 [Trainer] :: Starting epoch 3
2026-05-01 16:33:04,797 [Trainer] :: Completed epoch 3: train_loss=0.262708 train_iou=0.770007 val_loss=0.286663 val_iou=0.606616 lr=0.00009998
2026-05-01 16:33:05,454 [Trainer] :: Updated latest checkpoint at epoch 3
2026-05-01 16:33:05,886 [Trainer] :: New best checkpoint saved with val_iou=0.606616
2026-05-01 16:33:05,886 [Trainer] :: Starting epoch 4
2026-05-01 16:35:35,314 [Trainer] :: Completed epoch 4: train_loss=0.253488 train_iou=0.777117 val_loss=0.311337 val_iou=0.571477 lr=0.00009996
2026-05-01 16:35:35,918 [Trainer] :: Updated latest checkpoint at epoch 4
2026-05-01 16:35:35,919 [Trainer] :: No validation IoU improvement for 1 epoch(s)
2026-05-01 16:35:35,919 [Trainer] :: Starting epoch 5
2026-05-01 16:38:08,069 [Trainer] :: Completed epoch 5: train_loss=0.235698 train_iou=0.794074 val_loss=0.277762 val_iou=0.611566 lr=0.00009993
2026-05-01 16:38:08,737 [Trainer] :: Updated latest checkpoint at epoch 5
2026-05-01 16:38:09,215 [Trainer] :: New best checkpoint saved with val_iou=0.611566
2026-05-01 16:38:09,215 [Trainer] :: Starting epoch 6
2026-05-01 16:40:32,918 [Trainer] :: Completed epoch 6: train_loss=0.223581 train_iou=0.803204 val_loss=0.279578 val_iou=0.606159 lr=0.00009990
2026-05-01 16:40:33,547 [Trainer] :: Updated latest checkpoint at epoch 6
2026-05-01 16:40:33,547 [Trainer] :: No validation IoU improvement for 1 epoch(s)
2026-05-01 16:40:33,547 [Trainer] :: Starting epoch 7
2026-05-01 16:42:58,592 [Trainer] :: Completed epoch 7: train_loss=0.225026 train_iou=0.801656 val_loss=0.298784 val_iou=0.582142 lr=0.00009987
2026-05-01 16:42:59,114 [Trainer] :: Updated latest checkpoint at epoch 7
2026-05-01 16:42:59,114 [Trainer] :: No validation IoU improvement for 2 epoch(s)
2026-05-01 16:42:59,114 [Trainer] :: Starting epoch 8
2026-05-01 16:45:20,105 [Trainer] :: Completed epoch 8: train_loss=0.208542 train_iou=0.813679 val_loss=0.291945 val_iou=0.593952 lr=0.00009983
2026-05-01 16:45:20,543 [Trainer] :: Updated latest checkpoint at epoch 8
2026-05-01 16:45:20,543 [Trainer] :: No validation IoU improvement for 3 epoch(s)
2026-05-01 16:45:20,543 [Trainer] :: Starting epoch 9
2026-05-01 16:47:41,728 [Trainer] :: Completed epoch 9: train_loss=0.194200 train_iou=0.826785 val_loss=0.273374 val_iou=0.617790 lr=0.00009978
2026-05-01 16:47:42,137 [Trainer] :: Updated latest checkpoint at epoch 9
2026-05-01 16:47:42,671 [Trainer] :: New best checkpoint saved with val_iou=0.617790
2026-05-01 16:47:42,671 [Trainer] :: Starting epoch 10
2026-05-01 16:50:07,036 [Trainer] :: Completed epoch 10: train_loss=0.190104 train_iou=0.833467 val_loss=0.285772 val_iou=0.595656 lr=0.00009973
2026-05-01 16:50:07,566 [Trainer] :: Updated latest checkpoint at epoch 10
2026-05-01 16:50:07,567 [Trainer] :: No validation IoU improvement for 1 epoch(s)
2026-05-01 16:50:07,567 [Trainer] :: Starting epoch 11
2026-05-01 16:52:26,141 [Trainer] :: Completed epoch 11: train_loss=0.190326 train_iou=0.832040 val_loss=0.297951 val_iou=0.585932 lr=0.00009967
2026-05-01 16:52:26,505 [Trainer] :: Updated latest checkpoint at epoch 11
2026-05-01 16:52:26,505 [Trainer] :: No validation IoU improvement for 2 epoch(s)
2026-05-01 16:52:26,505 [Trainer] :: Starting epoch 12
2026-05-01 16:54:53,065 [Trainer] :: Completed epoch 12: train_loss=0.181714 train_iou=0.839553 val_loss=0.278732 val_iou=0.620221 lr=0.00009961
2026-05-01 16:54:53,671 [Trainer] :: Updated latest checkpoint at epoch 12
2026-05-01 16:54:54,086 [Trainer] :: New best checkpoint saved with val_iou=0.620221
2026-05-01 16:54:54,086 [Trainer] :: Starting epoch 13
2026-05-01 16:57:17,383 [Trainer] :: Completed epoch 13: train_loss=0.174209 train_iou=0.845050 val_loss=0.289841 val_iou=0.596245 lr=0.00009954
2026-05-01 16:57:17,934 [Trainer] :: Updated latest checkpoint at epoch 13
2026-05-01 16:57:17,934 [Trainer] :: No validation IoU improvement for 1 epoch(s)
2026-05-01 16:57:17,935 [Trainer] :: Starting epoch 14
2026-05-01 16:59:43,105 [Trainer] :: Completed epoch 14: train_loss=0.176973 train_iou=0.838797 val_loss=0.272058 val_iou=0.618285 lr=0.00009947
2026-05-01 16:59:43,455 [Trainer] :: Updated latest checkpoint at epoch 14
2026-05-01 16:59:43,455 [Trainer] :: No validation IoU improvement for 2 epoch(s)
2026-05-01 16:59:43,455 [Trainer] :: Starting epoch 15
2026-05-01 17:02:02,137 [Trainer] :: Completed epoch 15: train_loss=0.158922 train_iou=0.851211 val_loss=0.286589 val_iou=0.613924 lr=0.00009939
2026-05-01 17:02:02,591 [Trainer] :: Updated latest checkpoint at epoch 15
2026-05-01 17:02:02,591 [Trainer] :: No validation IoU improvement for 3 epoch(s)
2026-05-01 17:02:02,591 [Trainer] :: Starting epoch 16
2026-05-01 17:04:30,755 [Trainer] :: Completed epoch 16: train_loss=0.161575 train_iou=0.851967 val_loss=0.285050 val_iou=0.613449 lr=0.00009931
2026-05-01 17:04:31,148 [Trainer] :: Updated latest checkpoint at epoch 16
2026-05-01 17:04:31,148 [Trainer] :: No validation IoU improvement for 4 epoch(s)
2026-05-01 17:04:31,148 [Trainer] :: Starting epoch 17
2026-05-01 17:06:53,066 [Trainer] :: Completed epoch 17: train_loss=0.153105 train_iou=0.853730 val_loss=0.294210 val_iou=0.592460 lr=0.00009922
2026-05-01 17:06:53,595 [Trainer] :: Updated latest checkpoint at epoch 17
2026-05-01 17:06:53,596 [Trainer] :: No validation IoU improvement for 5 epoch(s)
2026-05-01 17:06:53,596 [Trainer] :: Starting epoch 18
2026-05-01 17:09:21,424 [Trainer] :: Completed epoch 18: train_loss=0.145919 train_iou=0.858556 val_loss=0.295798 val_iou=0.592564 lr=0.00009912
2026-05-01 17:09:21,964 [Trainer] :: Updated latest checkpoint at epoch 18
2026-05-01 17:09:21,964 [Trainer] :: No validation IoU improvement for 6 epoch(s)
2026-05-01 17:09:21,964 [Trainer] :: Starting epoch 19
2026-05-01 17:11:50,992 [Trainer] :: Completed epoch 19: train_loss=0.143459 train_iou=0.863003 val_loss=0.282907 val_iou=0.616748 lr=0.00009902
2026-05-01 17:11:51,517 [Trainer] :: Updated latest checkpoint at epoch 19
2026-05-01 17:11:51,517 [Trainer] :: No validation IoU improvement for 7 epoch(s)
2026-05-01 17:11:51,517 [Trainer] :: Starting epoch 20
2026-05-01 17:14:19,555 [Trainer] :: Completed epoch 20: train_loss=0.135512 train_iou=0.863868 val_loss=0.284463 val_iou=0.614644 lr=0.00009892
2026-05-01 17:14:20,103 [Trainer] :: Updated latest checkpoint at epoch 20
2026-05-01 17:14:20,104 [Trainer] :: No validation IoU improvement for 8 epoch(s)
2026-05-01 17:14:20,104 [Trainer] :: Starting epoch 21
2026-05-01 17:16:45,986 [Trainer] :: Completed epoch 21: train_loss=0.131671 train_iou=0.869254 val_loss=0.276270 val_iou=0.627786 lr=0.00009881
2026-05-01 17:16:46,822 [Trainer] :: Updated latest checkpoint at epoch 21
2026-05-01 17:16:47,459 [Trainer] :: New best checkpoint saved with val_iou=0.627786
2026-05-01 17:16:47,459 [Trainer] :: Starting epoch 22
2026-05-01 17:19:09,031 [Trainer] :: Completed epoch 22: train_loss=0.129118 train_iou=0.872497 val_loss=0.291588 val_iou=0.592447 lr=0.00009869
2026-05-01 17:19:09,768 [Trainer] :: Updated latest checkpoint at epoch 22
2026-05-01 17:19:09,768 [Trainer] :: No validation IoU improvement for 1 epoch(s)
2026-05-01 17:19:09,769 [Trainer] :: Starting epoch 23
2026-05-01 17:21:35,173 [Trainer] :: Completed epoch 23: train_loss=0.125633 train_iou=0.874309 val_loss=0.287638 val_iou=0.611373 lr=0.00009857
2026-05-01 17:21:35,684 [Trainer] :: Updated latest checkpoint at epoch 23
2026-05-01 17:21:35,685 [Trainer] :: No validation IoU improvement for 2 epoch(s)
2026-05-01 17:21:35,685 [Trainer] :: Starting epoch 24
2026-05-01 17:24:02,652 [Trainer] :: Completed epoch 24: train_loss=0.123072 train_iou=0.874157 val_loss=0.289717 val_iou=0.610033 lr=0.00009844
2026-05-01 17:24:03,318 [Trainer] :: Updated latest checkpoint at epoch 24
2026-05-01 17:24:03,319 [Trainer] :: No validation IoU improvement for 3 epoch(s)
2026-05-01 17:24:03,319 [Trainer] :: Starting epoch 25
2026-05-01 17:26:31,267 [Trainer] :: Completed epoch 25: train_loss=0.124164 train_iou=0.876229 val_loss=0.298812 val_iou=0.587095 lr=0.00009831
2026-05-01 17:26:31,724 [Trainer] :: Updated latest checkpoint at epoch 25
2026-05-01 17:26:31,725 [Trainer] :: No validation IoU improvement for 4 epoch(s)
2026-05-01 17:26:31,725 [Trainer] :: Starting epoch 26
2026-05-01 17:28:58,354 [Trainer] :: Completed epoch 26: train_loss=0.118312 train_iou=0.880080 val_loss=0.293222 val_iou=0.593667 lr=0.00009818
2026-05-01 17:28:59,192 [Trainer] :: Updated latest checkpoint at epoch 26
2026-05-01 17:28:59,193 [Trainer] :: No validation IoU improvement for 5 epoch(s)
2026-05-01 17:28:59,193 [Trainer] :: Starting epoch 27
2026-05-01 17:31:24,586 [Trainer] :: Completed epoch 27: train_loss=0.115408 train_iou=0.881829 val_loss=0.319783 val_iou=0.566148 lr=0.00009803
2026-05-01 17:31:25,476 [Trainer] :: Updated latest checkpoint at epoch 27
2026-05-01 17:31:25,476 [Trainer] :: No validation IoU improvement for 6 epoch(s)
2026-05-01 17:31:25,476 [Trainer] :: Starting epoch 28
2026-05-01 17:33:49,595 [Trainer] :: Completed epoch 28: train_loss=0.111321 train_iou=0.888353 val_loss=0.291560 val_iou=0.595593 lr=0.00009789
2026-05-01 17:33:50,827 [Trainer] :: Updated latest checkpoint at epoch 28
2026-05-01 17:33:50,827 [Trainer] :: No validation IoU improvement for 7 epoch(s)
2026-05-01 17:33:50,827 [Trainer] :: Starting epoch 29
2026-05-01 17:36:16,770 [Trainer] :: Completed epoch 29: train_loss=0.106305 train_iou=0.890342 val_loss=0.284442 val_iou=0.605232 lr=0.00009773
2026-05-01 17:36:17,337 [Trainer] :: Updated latest checkpoint at epoch 29
2026-05-01 17:36:17,337 [Trainer] :: No validation IoU improvement for 8 epoch(s)
2026-05-01 17:36:17,337 [Trainer] :: Starting epoch 30
2026-05-01 17:38:42,931 [Trainer] :: Completed epoch 30: train_loss=0.104080 train_iou=0.891936 val_loss=0.283627 val_iou=0.617845 lr=0.00009758
2026-05-01 17:38:43,674 [Trainer] :: Updated latest checkpoint at epoch 30
2026-05-01 17:38:43,674 [Trainer] :: No validation IoU improvement for 9 epoch(s)
2026-05-01 17:38:43,674 [Trainer] :: Starting epoch 31
2026-05-01 17:41:08,970 [Trainer] :: Completed epoch 31: train_loss=0.101873 train_iou=0.893524 val_loss=0.303866 val_iou=0.609513 lr=0.00009741
2026-05-01 17:41:09,341 [Trainer] :: Updated latest checkpoint at epoch 31
2026-05-01 17:41:09,341 [Trainer] :: No validation IoU improvement for 10 epoch(s)
2026-05-01 17:41:09,341 [Trainer] :: Starting epoch 32
2026-05-01 17:43:35,827 [Trainer] :: Completed epoch 32: train_loss=0.099810 train_iou=0.895628 val_loss=0.314890 val_iou=0.590289 lr=0.00009725
2026-05-01 17:43:36,226 [Trainer] :: Updated latest checkpoint at epoch 32
2026-05-01 17:43:36,226 [Trainer] :: No validation IoU improvement for 11 epoch(s)
2026-05-01 17:43:36,226 [Trainer] :: Starting epoch 33
2026-05-01 17:46:02,597 [Trainer] :: Completed epoch 33: train_loss=0.100618 train_iou=0.896148 val_loss=0.287428 val_iou=0.624123 lr=0.00009707
2026-05-01 17:46:03,778 [Trainer] :: Updated latest checkpoint at epoch 33
2026-05-01 17:46:03,778 [Trainer] :: No validation IoU improvement for 12 epoch(s)
2026-05-01 17:46:03,778 [Trainer] :: Starting epoch 34
2026-05-01 17:48:29,454 [Trainer] :: Completed epoch 34: train_loss=0.101036 train_iou=0.894667 val_loss=0.327131 val_iou=0.581413 lr=0.00009690
2026-05-01 17:48:30,090 [Trainer] :: Updated latest checkpoint at epoch 34
2026-05-01 17:48:30,090 [Trainer] :: No validation IoU improvement for 13 epoch(s)
2026-05-01 17:48:30,090 [Trainer] :: Starting epoch 35
2026-05-01 17:50:59,614 [Trainer] :: Completed epoch 35: train_loss=0.098307 train_iou=0.896657 val_loss=0.309969 val_iou=0.609788 lr=0.00009671
2026-05-01 17:51:00,133 [Trainer] :: Updated latest checkpoint at epoch 35
2026-05-01 17:51:00,133 [Trainer] :: No validation IoU improvement for 14 epoch(s)
2026-05-01 17:51:00,133 [Trainer] :: Starting epoch 36
2026-05-01 17:53:21,016 [Trainer] :: Completed epoch 36: train_loss=0.093804 train_iou=0.901910 val_loss=0.291502 val_iou=0.626287 lr=0.00009652
2026-05-01 17:53:21,377 [Trainer] :: Updated latest checkpoint at epoch 36
2026-05-01 17:53:21,377 [Trainer] :: No validation IoU improvement for 15 epoch(s)
2026-05-01 17:53:21,377 [Trainer] :: Starting epoch 37
2026-05-01 17:55:49,577 [Trainer] :: Completed epoch 37: train_loss=0.095243 train_iou=0.900580 val_loss=0.284212 val_iou=0.630945 lr=0.00009633
2026-05-01 17:55:49,943 [Trainer] :: Updated latest checkpoint at epoch 37
2026-05-01 17:55:50,291 [Trainer] :: New best checkpoint saved with val_iou=0.630945
2026-05-01 17:55:50,291 [Trainer] :: Starting epoch 38
2026-05-01 17:58:11,589 [Trainer] :: Completed epoch 38: train_loss=0.092114 train_iou=0.903796 val_loss=0.318923 val_iou=0.600215 lr=0.00009613
2026-05-01 17:58:11,925 [Trainer] :: Updated latest checkpoint at epoch 38
2026-05-01 17:58:11,926 [Trainer] :: No validation IoU improvement for 1 epoch(s)
2026-05-01 17:58:11,926 [Trainer] :: Starting epoch 39
2026-05-01 18:00:33,730 [Trainer] :: Completed epoch 39: train_loss=0.091224 train_iou=0.902544 val_loss=0.309457 val_iou=0.600414 lr=0.00009593
2026-05-01 18:00:34,418 [Trainer] :: Updated latest checkpoint at epoch 39
2026-05-01 18:00:34,418 [Trainer] :: No validation IoU improvement for 2 epoch(s)
2026-05-01 18:00:34,418 [Trainer] :: Starting epoch 40
2026-05-01 18:03:01,894 [Trainer] :: Completed epoch 40: train_loss=0.085751 train_iou=0.909593 val_loss=0.297899 val_iou=0.622882 lr=0.00009572
2026-05-01 18:03:02,303 [Trainer] :: Updated latest checkpoint at epoch 40
2026-05-01 18:03:02,303 [Trainer] :: No validation IoU improvement for 3 epoch(s)
2026-05-01 18:03:02,303 [Trainer] :: Starting epoch 41
2026-05-01 18:05:32,624 [Trainer] :: Completed epoch 41: train_loss=0.084750 train_iou=0.907672 val_loss=0.320174 val_iou=0.589331 lr=0.00009551
2026-05-01 18:05:33,047 [Trainer] :: Updated latest checkpoint at epoch 41
2026-05-01 18:05:33,047 [Trainer] :: No validation IoU improvement for 4 epoch(s)
2026-05-01 18:05:33,047 [Trainer] :: Starting epoch 42
2026-05-01 18:07:56,956 [Trainer] :: Completed epoch 42: train_loss=0.084949 train_iou=0.909660 val_loss=0.294944 val_iou=0.617234 lr=0.00009529
2026-05-01 18:07:57,395 [Trainer] :: Updated latest checkpoint at epoch 42
2026-05-01 18:07:57,395 [Trainer] :: No validation IoU improvement for 5 epoch(s)
2026-05-01 18:07:57,395 [Trainer] :: Starting epoch 43
2026-05-01 18:10:24,629 [Trainer] :: Completed epoch 43: train_loss=0.086595 train_iou=0.907516 val_loss=0.322064 val_iou=0.590365 lr=0.00009507
2026-05-01 18:10:25,175 [Trainer] :: Updated latest checkpoint at epoch 43
2026-05-01 18:10:25,175 [Trainer] :: No validation IoU improvement for 6 epoch(s)
2026-05-01 18:10:25,175 [Trainer] :: Starting epoch 44
2026-05-01 18:12:47,834 [Trainer] :: Completed epoch 44: train_loss=0.083896 train_iou=0.910745 val_loss=0.299594 val_iou=0.609127 lr=0.00009484
2026-05-01 18:12:48,346 [Trainer] :: Updated latest checkpoint at epoch 44
2026-05-01 18:12:48,346 [Trainer] :: No validation IoU improvement for 7 epoch(s)
2026-05-01 18:12:48,346 [Trainer] :: Starting epoch 45
2026-05-01 18:15:11,876 [Trainer] :: Completed epoch 45: train_loss=0.080787 train_iou=0.913841 val_loss=0.319627 val_iou=0.583550 lr=0.00009460
2026-05-01 18:15:12,408 [Trainer] :: Updated latest checkpoint at epoch 45
2026-05-01 18:15:12,408 [Trainer] :: No validation IoU improvement for 8 epoch(s)
2026-05-01 18:15:12,408 [Trainer] :: Starting epoch 46
2026-05-01 18:17:34,923 [Trainer] :: Completed epoch 46: train_loss=0.079436 train_iou=0.915211 val_loss=0.318522 val_iou=0.599735 lr=0.00009437
2026-05-01 18:17:35,414 [Trainer] :: Updated latest checkpoint at epoch 46
2026-05-01 18:17:35,415 [Trainer] :: No validation IoU improvement for 9 epoch(s)
2026-05-01 18:17:35,415 [Trainer] :: Starting epoch 47
2026-05-01 18:19:53,749 [Trainer] :: Completed epoch 47: train_loss=0.078355 train_iou=0.914910 val_loss=0.327191 val_iou=0.593443 lr=0.00009412
2026-05-01 18:19:54,332 [Trainer] :: Updated latest checkpoint at epoch 47
2026-05-01 18:19:54,332 [Trainer] :: No validation IoU improvement for 10 epoch(s)
2026-05-01 18:19:54,332 [Trainer] :: Starting epoch 48
2026-05-01 18:22:25,407 [Trainer] :: Completed epoch 48: train_loss=0.078659 train_iou=0.915012 val_loss=0.319111 val_iou=0.593665 lr=0.00009388
2026-05-01 18:22:25,895 [Trainer] :: Updated latest checkpoint at epoch 48
2026-05-01 18:22:25,895 [Trainer] :: No validation IoU improvement for 11 epoch(s)
2026-05-01 18:22:25,895 [Trainer] :: Starting epoch 49
2026-05-01 18:24:50,279 [Trainer] :: Completed epoch 49: train_loss=0.075123 train_iou=0.918660 val_loss=0.310512 val_iou=0.610743 lr=0.00009363
2026-05-01 18:24:50,941 [Trainer] :: Updated latest checkpoint at epoch 49
2026-05-01 18:24:50,941 [Trainer] :: No validation IoU improvement for 12 epoch(s)
2026-05-01 18:24:50,941 [Trainer] :: Starting epoch 50
2026-05-01 18:27:09,590 [Trainer] :: Completed epoch 50: train_loss=0.075444 train_iou=0.919157 val_loss=0.311127 val_iou=0.616799 lr=0.00009337
2026-05-01 18:27:10,150 [Trainer] :: Updated latest checkpoint at epoch 50
2026-05-01 18:27:10,151 [Trainer] :: No validation IoU improvement for 13 epoch(s)
2026-05-01 18:27:10,151 [Trainer] :: Starting epoch 51
2026-05-01 18:29:31,307 [Trainer] :: Completed epoch 51: train_loss=0.072019 train_iou=0.922048 val_loss=0.302873 val_iou=0.615804 lr=0.00009311
2026-05-01 18:29:31,701 [Trainer] :: Updated latest checkpoint at epoch 51
2026-05-01 18:29:31,701 [Trainer] :: No validation IoU improvement for 14 epoch(s)
2026-05-01 18:29:31,701 [Trainer] :: Starting epoch 52
2026-05-01 18:31:53,807 [Trainer] :: Completed epoch 52: train_loss=0.075661 train_iou=0.918964 val_loss=0.302316 val_iou=0.614328 lr=0.00009284
2026-05-01 18:31:55,053 [Trainer] :: Updated latest checkpoint at epoch 52
2026-05-01 18:31:55,053 [Trainer] :: No validation IoU improvement for 15 epoch(s)
2026-05-01 18:31:55,053 [Trainer] :: Starting epoch 53
2026-05-01 18:34:17,473 [Trainer] :: Completed epoch 53: train_loss=0.073940 train_iou=0.919602 val_loss=0.320865 val_iou=0.595576 lr=0.00009257
2026-05-01 18:34:17,934 [Trainer] :: Updated latest checkpoint at epoch 53
2026-05-01 18:34:17,934 [Trainer] :: No validation IoU improvement for 16 epoch(s)
2026-05-01 18:34:17,934 [Trainer] :: Starting epoch 54
2026-05-01 18:36:37,612 [Trainer] :: Completed epoch 54: train_loss=0.072137 train_iou=0.922334 val_loss=0.312978 val_iou=0.612366 lr=0.00009229
2026-05-01 18:36:38,023 [Trainer] :: Updated latest checkpoint at epoch 54
2026-05-01 18:36:38,023 [Trainer] :: No validation IoU improvement for 17 epoch(s)
2026-05-01 18:36:38,023 [Trainer] :: Starting epoch 55
2026-05-01 18:38:54,737 [Trainer] :: Completed epoch 55: train_loss=0.072687 train_iou=0.922083 val_loss=0.302349 val_iou=0.610448 lr=0.00009201
2026-05-01 18:38:55,099 [Trainer] :: Updated latest checkpoint at epoch 55
2026-05-01 18:38:55,099 [Trainer] :: No validation IoU improvement for 18 epoch(s)
2026-05-01 18:38:55,099 [Trainer] :: Starting epoch 56
2026-05-01 18:41:09,774 [Trainer] :: Completed epoch 56: train_loss=0.069060 train_iou=0.926217 val_loss=0.309695 val_iou=0.616626 lr=0.00009173
2026-05-01 18:41:10,218 [Trainer] :: Updated latest checkpoint at epoch 56
2026-05-01 18:41:10,218 [Trainer] :: No validation IoU improvement for 19 epoch(s)
2026-05-01 18:41:10,218 [Trainer] :: Starting epoch 57
2026-05-01 18:43:17,869 [Trainer] :: Completed epoch 57: train_loss=0.068958 train_iou=0.925162 val_loss=0.319769 val_iou=0.610602 lr=0.00009144
2026-05-01 18:43:18,227 [Trainer] :: Updated latest checkpoint at epoch 57
2026-05-01 18:43:18,227 [Trainer] :: No validation IoU improvement for 20 epoch(s)
2026-05-01 18:43:18,227 [Trainer] :: Starting epoch 58
2026-05-01 18:45:25,454 [Trainer] :: Completed epoch 58: train_loss=0.068700 train_iou=0.925852 val_loss=0.326209 val_iou=0.613793 lr=0.00009115
2026-05-01 18:45:25,809 [Trainer] :: Updated latest checkpoint at epoch 58
2026-05-01 18:45:25,810 [Trainer] :: No validation IoU improvement for 21 epoch(s)
2026-05-01 18:45:25,810 [Trainer] :: Starting epoch 59
2026-05-01 18:47:31,877 [Trainer] :: Completed epoch 59: train_loss=0.066055 train_iou=0.927825 val_loss=0.347731 val_iou=0.580073 lr=0.00009085
2026-05-01 18:47:32,230 [Trainer] :: Updated latest checkpoint at epoch 59
2026-05-01 18:47:32,230 [Trainer] :: No validation IoU improvement for 22 epoch(s)
2026-05-01 18:47:32,230 [Trainer] :: Starting epoch 60
2026-05-01 18:49:38,762 [Trainer] :: Completed epoch 60: train_loss=0.066436 train_iou=0.928369 val_loss=0.317766 val_iou=0.602845 lr=0.00009055
2026-05-01 18:49:39,115 [Trainer] :: Updated latest checkpoint at epoch 60
2026-05-01 18:49:39,115 [Trainer] :: No validation IoU improvement for 23 epoch(s)
2026-05-01 18:49:39,115 [Trainer] :: Starting epoch 61
2026-05-01 18:51:47,788 [Trainer] :: Completed epoch 61: train_loss=0.064750 train_iou=0.930312 val_loss=0.322998 val_iou=0.598300 lr=0.00009024
2026-05-01 18:51:48,136 [Trainer] :: Updated latest checkpoint at epoch 61
2026-05-01 18:51:48,137 [Trainer] :: No validation IoU improvement for 24 epoch(s)
2026-05-01 18:51:48,137 [Trainer] :: Starting epoch 62
2026-05-01 18:53:55,230 [Trainer] :: Completed epoch 62: train_loss=0.062764 train_iou=0.931294 val_loss=0.349451 val_iou=0.582007 lr=0.00008993
2026-05-01 18:53:55,583 [Trainer] :: Updated latest checkpoint at epoch 62
2026-05-01 18:53:55,583 [Trainer] :: No validation IoU improvement for 25 epoch(s)
2026-05-01 18:53:55,583 [Trainer] :: Starting epoch 63
2026-05-01 18:56:01,536 [Trainer] :: Completed epoch 63: train_loss=0.063032 train_iou=0.931484 val_loss=0.301261 val_iou=0.627200 lr=0.00008961
2026-05-01 18:56:01,893 [Trainer] :: Updated latest checkpoint at epoch 63
2026-05-01 18:56:01,893 [Trainer] :: No validation IoU improvement for 26 epoch(s)
2026-05-01 18:56:01,893 [Trainer] :: Starting epoch 64
2026-05-01 18:58:06,835 [Trainer] :: Completed epoch 64: train_loss=0.061095 train_iou=0.933038 val_loss=0.324565 val_iou=0.608239 lr=0.00008929
2026-05-01 18:58:07,183 [Trainer] :: Updated latest checkpoint at epoch 64
2026-05-01 18:58:07,183 [Trainer] :: No validation IoU improvement for 27 epoch(s)
2026-05-01 18:58:07,183 [Trainer] :: Starting epoch 65
2026-05-01 19:00:12,888 [Trainer] :: Completed epoch 65: train_loss=0.061778 train_iou=0.933758 val_loss=0.317510 val_iou=0.603168 lr=0.00008897
2026-05-01 19:00:13,271 [Trainer] :: Updated latest checkpoint at epoch 65
2026-05-01 19:00:13,271 [Trainer] :: No validation IoU improvement for 28 epoch(s)
2026-05-01 19:00:13,271 [Trainer] :: Starting epoch 66
2026-05-01 19:02:18,110 [Trainer] :: Completed epoch 66: train_loss=0.060305 train_iou=0.934677 val_loss=0.336253 val_iou=0.596518 lr=0.00008864
2026-05-01 19:02:18,460 [Trainer] :: Updated latest checkpoint at epoch 66
2026-05-01 19:02:18,460 [Trainer] :: No validation IoU improvement for 29 epoch(s)
2026-05-01 19:02:18,460 [Trainer] :: Starting epoch 67
2026-05-01 19:04:25,279 [Trainer] :: Completed epoch 67: train_loss=0.059311 train_iou=0.935419 val_loss=0.333593 val_iou=0.605767 lr=0.00008831
2026-05-01 19:04:25,629 [Trainer] :: Updated latest checkpoint at epoch 67
2026-05-01 19:04:25,630 [Trainer] :: No validation IoU improvement for 30 epoch(s)
2026-05-01 19:04:25,630 [Trainer] :: Starting epoch 68
2026-05-01 19:06:31,200 [Trainer] :: Completed epoch 68: train_loss=0.063346 train_iou=0.931668 val_loss=0.357395 val_iou=0.581565 lr=0.00008797
2026-05-01 19:06:31,568 [Trainer] :: Updated latest checkpoint at epoch 68
2026-05-01 19:06:31,568 [Trainer] :: No validation IoU improvement for 31 epoch(s)
2026-05-01 19:06:31,568 [Trainer] :: Starting epoch 69
2026-05-01 19:08:42,857 [Trainer] :: Completed epoch 69: train_loss=0.059884 train_iou=0.934386 val_loss=0.329565 val_iou=0.601903 lr=0.00008763
2026-05-01 19:08:43,266 [Trainer] :: Updated latest checkpoint at epoch 69
2026-05-01 19:08:43,266 [Trainer] :: No validation IoU improvement for 32 epoch(s)
2026-05-01 19:08:43,266 [Trainer] :: Starting epoch 70
2026-05-01 19:10:51,946 [Trainer] :: Completed epoch 70: train_loss=0.057879 train_iou=0.937128 val_loss=0.361114 val_iou=0.581130 lr=0.00008729
2026-05-01 19:10:52,334 [Trainer] :: Updated latest checkpoint at epoch 70
2026-05-01 19:10:52,334 [Trainer] :: No validation IoU improvement for 33 epoch(s)
2026-05-01 19:10:52,334 [Trainer] :: Starting epoch 71
2026-05-01 19:12:59,016 [Trainer] :: Completed epoch 71: train_loss=0.058293 train_iou=0.936731 val_loss=0.332276 val_iou=0.592130 lr=0.00008694
2026-05-01 19:12:59,374 [Trainer] :: Updated latest checkpoint at epoch 71
2026-05-01 19:12:59,374 [Trainer] :: No validation IoU improvement for 34 epoch(s)
2026-05-01 19:12:59,374 [Trainer] :: Starting epoch 72
2026-05-01 19:15:06,115 [Trainer] :: Completed epoch 72: train_loss=0.057922 train_iou=0.936620 val_loss=0.338834 val_iou=0.594332 lr=0.00008658
2026-05-01 19:15:06,472 [Trainer] :: Updated latest checkpoint at epoch 72
2026-05-01 19:15:06,473 [Trainer] :: No validation IoU improvement for 35 epoch(s)
2026-05-01 19:15:06,473 [Trainer] :: Starting epoch 73
2026-05-01 19:17:16,497 [Trainer] :: Completed epoch 73: train_loss=0.056969 train_iou=0.937831 val_loss=0.373935 val_iou=0.566692 lr=0.00008623
2026-05-01 19:17:16,858 [Trainer] :: Updated latest checkpoint at epoch 73
2026-05-01 19:17:16,858 [Trainer] :: No validation IoU improvement for 36 epoch(s)
2026-05-01 19:17:16,858 [Trainer] :: Starting epoch 74
2026-05-01 19:19:24,014 [Trainer] :: Completed epoch 74: train_loss=0.056495 train_iou=0.937929 val_loss=0.342027 val_iou=0.594787 lr=0.00008587
2026-05-01 19:19:24,436 [Trainer] :: Updated latest checkpoint at epoch 74
2026-05-01 19:19:24,436 [Trainer] :: No validation IoU improvement for 37 epoch(s)
2026-05-01 19:19:24,436 [Trainer] :: Starting epoch 75
2026-05-01 19:21:30,212 [Trainer] :: Completed epoch 75: train_loss=0.058919 train_iou=0.935714 val_loss=0.321253 val_iou=0.599700 lr=0.00008550
2026-05-01 19:21:30,608 [Trainer] :: Updated latest checkpoint at epoch 75
2026-05-01 19:21:30,608 [Trainer] :: No validation IoU improvement for 38 epoch(s)
2026-05-01 19:21:30,608 [Trainer] :: Starting epoch 76
2026-05-01 19:23:38,008 [Trainer] :: Completed epoch 76: train_loss=0.057106 train_iou=0.937879 val_loss=0.320570 val_iou=0.615888 lr=0.00008513
2026-05-01 19:23:38,376 [Trainer] :: Updated latest checkpoint at epoch 76
2026-05-01 19:23:38,376 [Trainer] :: No validation IoU improvement for 39 epoch(s)
2026-05-01 19:23:38,376 [Trainer] :: Starting epoch 77
2026-05-01 19:25:45,486 [Trainer] :: Completed epoch 77: train_loss=0.058398 train_iou=0.939406 val_loss=0.318968 val_iou=0.618098 lr=0.00008476
2026-05-01 19:25:45,882 [Trainer] :: Updated latest checkpoint at epoch 77
2026-05-01 19:25:45,882 [Trainer] :: No validation IoU improvement for 40 epoch(s)
2026-05-01 19:25:45,882 [Trainer] :: Starting epoch 78
2026-05-01 19:27:52,782 [Trainer] :: Completed epoch 78: train_loss=0.054351 train_iou=0.940907 val_loss=0.326015 val_iou=0.624212 lr=0.00008439
2026-05-01 19:27:53,150 [Trainer] :: Updated latest checkpoint at epoch 78
2026-05-01 19:27:53,150 [Trainer] :: No validation IoU improvement for 41 epoch(s)
2026-05-01 19:27:53,150 [Trainer] :: Starting epoch 79
2026-05-01 19:30:00,645 [Trainer] :: Completed epoch 79: train_loss=0.054611 train_iou=0.942307 val_loss=0.335621 val_iou=0.610167 lr=0.00008401
2026-05-01 19:30:01,003 [Trainer] :: Updated latest checkpoint at epoch 79
2026-05-01 19:30:01,003 [Trainer] :: No validation IoU improvement for 42 epoch(s)
2026-05-01 19:30:01,003 [Trainer] :: Starting epoch 80
2026-05-01 19:32:10,123 [Trainer] :: Completed epoch 80: train_loss=0.053260 train_iou=0.942635 val_loss=0.331462 val_iou=0.601310 lr=0.00008362
2026-05-01 19:32:10,638 [Trainer] :: Updated latest checkpoint at epoch 80
2026-05-01 19:32:10,638 [Trainer] :: No validation IoU improvement for 43 epoch(s)
2026-05-01 19:32:10,638 [Trainer] :: Starting epoch 81
2026-05-01 19:34:28,636 [Trainer] :: Completed epoch 81: train_loss=0.053108 train_iou=0.941743 val_loss=0.335240 val_iou=0.606477 lr=0.00008323
2026-05-01 19:34:29,342 [Trainer] :: Updated latest checkpoint at epoch 81
2026-05-01 19:34:29,342 [Trainer] :: No validation IoU improvement for 44 epoch(s)
2026-05-01 19:34:29,342 [Trainer] :: Starting epoch 82
2026-05-01 19:36:52,859 [Trainer] :: Completed epoch 82: train_loss=0.051976 train_iou=0.944372 val_loss=0.379043 val_iou=0.599841 lr=0.00008284
2026-05-01 19:36:53,268 [Trainer] :: Updated latest checkpoint at epoch 82
2026-05-01 19:36:53,268 [Trainer] :: No validation IoU improvement for 45 epoch(s)
2026-05-01 19:36:53,268 [Trainer] :: Starting epoch 83
2026-05-01 19:39:13,569 [Trainer] :: Completed epoch 83: train_loss=0.050602 train_iou=0.944628 val_loss=0.401395 val_iou=0.564491 lr=0.00008245
2026-05-01 19:39:14,251 [Trainer] :: Updated latest checkpoint at epoch 83
2026-05-01 19:39:14,251 [Trainer] :: No validation IoU improvement for 46 epoch(s)
2026-05-01 19:39:14,251 [Trainer] :: Starting epoch 84
2026-05-01 19:41:44,545 [Trainer] :: Completed epoch 84: train_loss=0.050007 train_iou=0.945357 val_loss=0.339159 val_iou=0.603166 lr=0.00008205
2026-05-01 19:41:45,188 [Trainer] :: Updated latest checkpoint at epoch 84
2026-05-01 19:41:45,188 [Trainer] :: No validation IoU improvement for 47 epoch(s)
2026-05-01 19:41:45,188 [Trainer] :: Starting epoch 85
2026-05-01 19:44:05,936 [Trainer] :: Completed epoch 85: train_loss=0.050920 train_iou=0.945005 val_loss=0.323949 val_iou=0.616883 lr=0.00008165
2026-05-01 19:44:06,487 [Trainer] :: Updated latest checkpoint at epoch 85
2026-05-01 19:44:06,487 [Trainer] :: No validation IoU improvement for 48 epoch(s)
2026-05-01 19:44:06,488 [Trainer] :: Starting epoch 86
2026-05-01 19:46:30,273 [Trainer] :: Completed epoch 86: train_loss=0.049517 train_iou=0.946378 val_loss=0.335291 val_iou=0.617315 lr=0.00008125
2026-05-01 19:46:30,949 [Trainer] :: Updated latest checkpoint at epoch 86
2026-05-01 19:46:30,950 [Trainer] :: No validation IoU improvement for 49 epoch(s)
2026-05-01 19:46:30,950 [Trainer] :: Starting epoch 87
2026-05-01 19:48:43,458 [Trainer] :: Completed epoch 87: train_loss=0.049619 train_iou=0.946543 val_loss=0.325704 val_iou=0.601602 lr=0.00008084
2026-05-01 19:48:43,806 [Trainer] :: Updated latest checkpoint at epoch 87
2026-05-01 19:48:43,806 [Trainer] :: No validation IoU improvement for 50 epoch(s)
2026-05-01 19:48:43,806 [Trainer] :: Starting epoch 88
2026-05-01 19:50:53,808 [Trainer] :: Completed epoch 88: train_loss=0.048864 train_iou=0.946453 val_loss=0.339131 val_iou=0.598101 lr=0.00008043
2026-05-01 19:50:54,186 [Trainer] :: Updated latest checkpoint at epoch 88
2026-05-01 19:50:54,186 [Trainer] :: No validation IoU improvement for 51 epoch(s)
2026-05-01 19:50:54,186 [Trainer] :: Starting epoch 89
2026-05-01 19:53:11,799 [Trainer] :: Completed epoch 89: train_loss=0.050490 train_iou=0.945207 val_loss=0.331202 val_iou=0.618757 lr=0.00008001
2026-05-01 19:53:12,203 [Trainer] :: Updated latest checkpoint at epoch 89
2026-05-01 19:53:12,203 [Trainer] :: No validation IoU improvement for 52 epoch(s)
2026-05-01 19:53:12,203 [Trainer] :: Starting epoch 90
2026-05-01 19:55:21,012 [Trainer] :: Completed epoch 90: train_loss=0.049232 train_iou=0.947129 val_loss=0.346611 val_iou=0.601141 lr=0.00007960
2026-05-01 19:55:21,371 [Trainer] :: Updated latest checkpoint at epoch 90
2026-05-01 19:55:21,371 [Trainer] :: No validation IoU improvement for 53 epoch(s)
2026-05-01 19:55:21,371 [Trainer] :: Starting epoch 91
2026-05-01 19:57:34,143 [Trainer] :: Completed epoch 91: train_loss=0.047132 train_iou=0.948710 val_loss=0.345681 val_iou=0.606798 lr=0.00007917
2026-05-01 19:57:34,649 [Trainer] :: Updated latest checkpoint at epoch 91
2026-05-01 19:57:34,650 [Trainer] :: No validation IoU improvement for 54 epoch(s)
2026-05-01 19:57:34,650 [Trainer] :: Starting epoch 92
2026-05-01 19:59:45,908 [Trainer] :: Completed epoch 92: train_loss=0.047008 train_iou=0.948086 val_loss=0.329877 val_iou=0.620506 lr=0.00007875
2026-05-01 19:59:46,398 [Trainer] :: Updated latest checkpoint at epoch 92
2026-05-01 19:59:46,398 [Trainer] :: No validation IoU improvement for 55 epoch(s)
2026-05-01 19:59:46,398 [Trainer] :: Starting epoch 93
2026-05-01 20:01:57,508 [Trainer] :: Completed epoch 93: train_loss=0.045772 train_iou=0.949765 val_loss=0.346032 val_iou=0.614630 lr=0.00007832
2026-05-01 20:01:58,104 [Trainer] :: Updated latest checkpoint at epoch 93
2026-05-01 20:01:58,104 [Trainer] :: No validation IoU improvement for 56 epoch(s)
2026-05-01 20:01:58,104 [Trainer] :: Starting epoch 94
2026-05-01 20:04:07,491 [Trainer] :: Completed epoch 94: train_loss=0.045480 train_iou=0.950256 val_loss=0.356039 val_iou=0.594035 lr=0.00007789
2026-05-01 20:04:08,176 [Trainer] :: Updated latest checkpoint at epoch 94
2026-05-01 20:04:08,176 [Trainer] :: No validation IoU improvement for 57 epoch(s)
2026-05-01 20:04:08,176 [Trainer] :: Starting epoch 95
2026-05-01 20:06:24,403 [Trainer] :: Completed epoch 95: train_loss=0.045303 train_iou=0.950339 val_loss=0.335899 val_iou=0.618512 lr=0.00007746
2026-05-01 20:06:24,863 [Trainer] :: Updated latest checkpoint at epoch 95
2026-05-01 20:06:24,863 [Trainer] :: No validation IoU improvement for 58 epoch(s)
2026-05-01 20:06:24,863 [Trainer] :: Starting epoch 96
2026-05-01 20:08:35,023 [Trainer] :: Completed epoch 96: train_loss=0.047247 train_iou=0.948592 val_loss=0.354559 val_iou=0.599008 lr=0.00007702
2026-05-01 20:08:36,000 [Trainer] :: Updated latest checkpoint at epoch 96
2026-05-01 20:08:36,000 [Trainer] :: No validation IoU improvement for 59 epoch(s)
2026-05-01 20:08:36,000 [Trainer] :: Starting epoch 97
2026-05-01 20:10:48,899 [Trainer] :: Completed epoch 97: train_loss=0.047170 train_iou=0.948059 val_loss=0.362564 val_iou=0.586056 lr=0.00007658
2026-05-01 20:10:49,484 [Trainer] :: Updated latest checkpoint at epoch 97
2026-05-01 20:10:49,484 [Trainer] :: No validation IoU improvement for 60 epoch(s)
2026-05-01 20:10:49,484 [Trainer] :: Early stopping triggered after 60 epoch(s) without improvement
2026-05-01 20:13:28,962 [Trainer] :: Wrote training history to outputs/runs/rgb_deeplabv3plus_resnet50_seed48_20260501T142525Z/metrics/history.json
2026-05-01 20:13:28,962 [Trainer] :: Wrote test summary to outputs/runs/rgb_deeplabv3plus_resnet50_seed48_20260501T142525Z/metrics/test_summary.json
2026-05-01 20:13:28,962 [Trainer] :: Training completed
