2026-05-15 17:37:18,818 [Trainer] :: Training run initialized at /ceph/home/student.aau.dk/qd36zu/fuzzy-p10/tbd/masking/outputs/runs/real_msi_deeplabv3plus_resnet34_seed47_20260515T153718Z
2026-05-15 17:37:18,818 [Trainer] :: Loaded config from /ceph/home/student.aau.dk/qd36zu/fuzzy-p10/tbd/masking/configs/binary/real_msi_deeplabv3plus_resnet34.yaml
2026-05-15 17:37:18,818 [Trainer] :: Using seed=47 and device=None
2026-05-15 17:37:18,818 [Trainer] :: Using model architecture=DeepLabV3Plus encoder=resnet34 encoder_weights=imagenet
2026-05-15 17:37:19,229 [Trainer] :: Resolved runtime device to cuda
2026-05-15 17:37:19,229 [Trainer] :: Prepared normalization from source=train_split_patch_stats
2026-05-15 17:37:43,420 [Trainer] :: Built dataloaders with batch_size=8, num_workers=0
2026-05-15 17:37:43,422 [Trainer] :: Starting epoch 1
2026-05-15 17:45:01,252 [Trainer] :: Completed epoch 1: train_loss=0.406168 train_iou=0.642833 val_loss=0.335433 val_iou=0.546196 lr=0.00010000
2026-05-15 17:45:01,634 [Trainer] :: Updated latest checkpoint at epoch 1
2026-05-15 17:45:01,983 [Trainer] :: New best checkpoint saved with val_iou=0.546196
2026-05-15 17:45:01,983 [Trainer] :: Starting epoch 2
2026-05-15 17:46:44,199 [Trainer] :: Completed epoch 2: train_loss=0.316794 train_iou=0.716442 val_loss=0.310963 val_iou=0.578778 lr=0.00009999
2026-05-15 17:46:44,571 [Trainer] :: Updated latest checkpoint at epoch 2
2026-05-15 17:46:44,914 [Trainer] :: New best checkpoint saved with val_iou=0.578778
2026-05-15 17:46:44,914 [Trainer] :: Starting epoch 3
2026-05-15 17:48:23,483 [Trainer] :: Completed epoch 3: train_loss=0.285048 train_iou=0.745000 val_loss=0.338606 val_iou=0.533838 lr=0.00009998
2026-05-15 17:48:23,792 [Trainer] :: Updated latest checkpoint at epoch 3
2026-05-15 17:48:23,793 [Trainer] :: No validation IoU improvement for 1 epoch(s)
2026-05-15 17:48:23,793 [Trainer] :: Starting epoch 4
2026-05-15 17:50:07,416 [Trainer] :: Completed epoch 4: train_loss=0.270247 train_iou=0.758047 val_loss=0.342703 val_iou=0.521198 lr=0.00009996
2026-05-15 17:50:07,889 [Trainer] :: Updated latest checkpoint at epoch 4
2026-05-15 17:50:07,889 [Trainer] :: No validation IoU improvement for 2 epoch(s)
2026-05-15 17:50:07,889 [Trainer] :: Starting epoch 5
2026-05-15 17:51:46,298 [Trainer] :: Completed epoch 5: train_loss=0.249649 train_iou=0.776242 val_loss=0.317750 val_iou=0.562146 lr=0.00009993
2026-05-15 17:51:46,835 [Trainer] :: Updated latest checkpoint at epoch 5
2026-05-15 17:51:46,835 [Trainer] :: No validation IoU improvement for 3 epoch(s)
2026-05-15 17:51:46,835 [Trainer] :: Starting epoch 6
2026-05-15 17:53:25,190 [Trainer] :: Completed epoch 6: train_loss=0.245792 train_iou=0.776470 val_loss=0.299341 val_iou=0.586552 lr=0.00009990
2026-05-15 17:53:25,511 [Trainer] :: Updated latest checkpoint at epoch 6
2026-05-15 17:53:25,762 [Trainer] :: New best checkpoint saved with val_iou=0.586552
2026-05-15 17:53:25,762 [Trainer] :: Starting epoch 7
2026-05-15 17:54:56,439 [Trainer] :: Completed epoch 7: train_loss=0.236109 train_iou=0.787910 val_loss=0.312445 val_iou=0.560948 lr=0.00009987
2026-05-15 17:54:56,719 [Trainer] :: Updated latest checkpoint at epoch 7
2026-05-15 17:54:56,719 [Trainer] :: No validation IoU improvement for 1 epoch(s)
2026-05-15 17:54:56,719 [Trainer] :: Starting epoch 8
2026-05-15 17:56:33,016 [Trainer] :: Completed epoch 8: train_loss=0.225505 train_iou=0.795496 val_loss=0.282242 val_iou=0.603957 lr=0.00009983
2026-05-15 17:56:33,549 [Trainer] :: Updated latest checkpoint at epoch 8
2026-05-15 17:56:34,029 [Trainer] :: New best checkpoint saved with val_iou=0.603957
2026-05-15 17:56:34,029 [Trainer] :: Starting epoch 9
2026-05-15 17:58:07,679 [Trainer] :: Completed epoch 9: train_loss=0.216824 train_iou=0.802500 val_loss=0.341409 val_iou=0.516228 lr=0.00009978
2026-05-15 17:58:07,957 [Trainer] :: Updated latest checkpoint at epoch 9
2026-05-15 17:58:07,957 [Trainer] :: No validation IoU improvement for 1 epoch(s)
2026-05-15 17:58:07,957 [Trainer] :: Starting epoch 10
2026-05-15 17:59:47,899 [Trainer] :: Completed epoch 10: train_loss=0.209064 train_iou=0.805614 val_loss=0.296967 val_iou=0.587448 lr=0.00009973
2026-05-15 17:59:48,351 [Trainer] :: Updated latest checkpoint at epoch 10
2026-05-15 17:59:48,351 [Trainer] :: No validation IoU improvement for 2 epoch(s)
2026-05-15 17:59:48,351 [Trainer] :: Starting epoch 11
2026-05-15 18:01:25,646 [Trainer] :: Completed epoch 11: train_loss=0.204785 train_iou=0.810548 val_loss=0.308954 val_iou=0.568511 lr=0.00009967
2026-05-15 18:01:25,931 [Trainer] :: Updated latest checkpoint at epoch 11
2026-05-15 18:01:25,932 [Trainer] :: No validation IoU improvement for 3 epoch(s)
2026-05-15 18:01:25,932 [Trainer] :: Starting epoch 12
2026-05-15 18:02:58,245 [Trainer] :: Completed epoch 12: train_loss=0.192150 train_iou=0.819486 val_loss=0.314594 val_iou=0.573417 lr=0.00009961
2026-05-15 18:02:58,539 [Trainer] :: Updated latest checkpoint at epoch 12
2026-05-15 18:02:58,539 [Trainer] :: No validation IoU improvement for 4 epoch(s)
2026-05-15 18:02:58,539 [Trainer] :: Starting epoch 13
2026-05-15 18:04:32,125 [Trainer] :: Completed epoch 13: train_loss=0.188849 train_iou=0.822183 val_loss=0.299782 val_iou=0.582203 lr=0.00009954
2026-05-15 18:04:32,594 [Trainer] :: Updated latest checkpoint at epoch 13
2026-05-15 18:04:32,594 [Trainer] :: No validation IoU improvement for 5 epoch(s)
2026-05-15 18:04:32,594 [Trainer] :: Starting epoch 14
2026-05-15 18:06:01,317 [Trainer] :: Completed epoch 14: train_loss=0.182566 train_iou=0.824960 val_loss=0.292343 val_iou=0.591211 lr=0.00009947
2026-05-15 18:06:01,635 [Trainer] :: Updated latest checkpoint at epoch 14
2026-05-15 18:06:01,635 [Trainer] :: No validation IoU improvement for 6 epoch(s)
2026-05-15 18:06:01,635 [Trainer] :: Starting epoch 15
2026-05-15 18:07:33,253 [Trainer] :: Completed epoch 15: train_loss=0.181148 train_iou=0.826734 val_loss=0.295537 val_iou=0.593002 lr=0.00009939
2026-05-15 18:07:33,548 [Trainer] :: Updated latest checkpoint at epoch 15
2026-05-15 18:07:33,548 [Trainer] :: No validation IoU improvement for 7 epoch(s)
2026-05-15 18:07:33,548 [Trainer] :: Starting epoch 16
2026-05-15 18:09:05,760 [Trainer] :: Completed epoch 16: train_loss=0.169935 train_iou=0.835849 val_loss=0.289555 val_iou=0.594314 lr=0.00009931
2026-05-15 18:09:06,051 [Trainer] :: Updated latest checkpoint at epoch 16
2026-05-15 18:09:06,051 [Trainer] :: No validation IoU improvement for 8 epoch(s)
2026-05-15 18:09:06,051 [Trainer] :: Starting epoch 17
2026-05-15 18:10:42,970 [Trainer] :: Completed epoch 17: train_loss=0.163009 train_iou=0.839490 val_loss=0.333218 val_iou=0.558423 lr=0.00009922
2026-05-15 18:10:43,263 [Trainer] :: Updated latest checkpoint at epoch 17
2026-05-15 18:10:43,263 [Trainer] :: No validation IoU improvement for 9 epoch(s)
2026-05-15 18:10:43,263 [Trainer] :: Starting epoch 18
2026-05-15 18:12:14,313 [Trainer] :: Completed epoch 18: train_loss=0.160046 train_iou=0.841245 val_loss=0.321331 val_iou=0.548419 lr=0.00009912
2026-05-15 18:12:14,644 [Trainer] :: Updated latest checkpoint at epoch 18
2026-05-15 18:12:14,644 [Trainer] :: No validation IoU improvement for 10 epoch(s)
2026-05-15 18:12:14,644 [Trainer] :: Starting epoch 19
2026-05-15 18:13:45,270 [Trainer] :: Completed epoch 19: train_loss=0.160031 train_iou=0.843591 val_loss=0.322205 val_iou=0.563913 lr=0.00009902
2026-05-15 18:13:45,796 [Trainer] :: Updated latest checkpoint at epoch 19
2026-05-15 18:13:45,796 [Trainer] :: No validation IoU improvement for 11 epoch(s)
2026-05-15 18:13:45,797 [Trainer] :: Starting epoch 20
2026-05-15 18:15:20,530 [Trainer] :: Completed epoch 20: train_loss=0.153927 train_iou=0.845048 val_loss=0.287006 val_iou=0.599688 lr=0.00009892
2026-05-15 18:15:21,179 [Trainer] :: Updated latest checkpoint at epoch 20
2026-05-15 18:15:21,180 [Trainer] :: No validation IoU improvement for 12 epoch(s)
2026-05-15 18:15:21,180 [Trainer] :: Starting epoch 21
2026-05-15 18:16:56,271 [Trainer] :: Completed epoch 21: train_loss=0.148273 train_iou=0.850630 val_loss=0.315363 val_iou=0.572790 lr=0.00009881
2026-05-15 18:16:56,721 [Trainer] :: Updated latest checkpoint at epoch 21
2026-05-15 18:16:56,721 [Trainer] :: No validation IoU improvement for 13 epoch(s)
2026-05-15 18:16:56,721 [Trainer] :: Starting epoch 22
2026-05-15 18:18:31,478 [Trainer] :: Completed epoch 22: train_loss=0.144376 train_iou=0.854742 val_loss=0.320593 val_iou=0.559716 lr=0.00009869
2026-05-15 18:18:32,665 [Trainer] :: Updated latest checkpoint at epoch 22
2026-05-15 18:18:32,666 [Trainer] :: No validation IoU improvement for 14 epoch(s)
2026-05-15 18:18:32,666 [Trainer] :: Starting epoch 23
2026-05-15 18:20:05,017 [Trainer] :: Completed epoch 23: train_loss=0.141210 train_iou=0.858026 val_loss=0.331365 val_iou=0.577252 lr=0.00009857
2026-05-15 18:20:05,492 [Trainer] :: Updated latest checkpoint at epoch 23
2026-05-15 18:20:05,492 [Trainer] :: No validation IoU improvement for 15 epoch(s)
2026-05-15 18:20:05,492 [Trainer] :: Starting epoch 24
2026-05-15 18:21:34,990 [Trainer] :: Completed epoch 24: train_loss=0.137364 train_iou=0.860005 val_loss=0.316304 val_iou=0.576346 lr=0.00009844
2026-05-15 18:21:35,308 [Trainer] :: Updated latest checkpoint at epoch 24
2026-05-15 18:21:35,308 [Trainer] :: No validation IoU improvement for 16 epoch(s)
2026-05-15 18:21:35,308 [Trainer] :: Starting epoch 25
2026-05-15 18:23:06,295 [Trainer] :: Completed epoch 25: train_loss=0.136935 train_iou=0.861912 val_loss=0.315011 val_iou=0.570601 lr=0.00009831
2026-05-15 18:23:06,619 [Trainer] :: Updated latest checkpoint at epoch 25
2026-05-15 18:23:06,619 [Trainer] :: No validation IoU improvement for 17 epoch(s)
2026-05-15 18:23:06,619 [Trainer] :: Starting epoch 26
2026-05-15 18:24:37,360 [Trainer] :: Completed epoch 26: train_loss=0.134596 train_iou=0.867324 val_loss=0.319812 val_iou=0.576827 lr=0.00009818
2026-05-15 18:24:37,889 [Trainer] :: Updated latest checkpoint at epoch 26
2026-05-15 18:24:37,889 [Trainer] :: No validation IoU improvement for 18 epoch(s)
2026-05-15 18:24:37,889 [Trainer] :: Starting epoch 27
2026-05-15 18:26:07,077 [Trainer] :: Completed epoch 27: train_loss=0.133584 train_iou=0.864412 val_loss=0.313784 val_iou=0.566916 lr=0.00009803
2026-05-15 18:26:07,396 [Trainer] :: Updated latest checkpoint at epoch 27
2026-05-15 18:26:07,396 [Trainer] :: No validation IoU improvement for 19 epoch(s)
2026-05-15 18:26:07,396 [Trainer] :: Starting epoch 28
2026-05-15 18:27:39,675 [Trainer] :: Completed epoch 28: train_loss=0.124400 train_iou=0.874157 val_loss=0.319278 val_iou=0.576492 lr=0.00009789
2026-05-15 18:27:40,103 [Trainer] :: Updated latest checkpoint at epoch 28
2026-05-15 18:27:40,103 [Trainer] :: No validation IoU improvement for 20 epoch(s)
2026-05-15 18:27:40,103 [Trainer] :: Starting epoch 29
2026-05-15 18:29:09,921 [Trainer] :: Completed epoch 29: train_loss=0.122169 train_iou=0.874051 val_loss=0.318165 val_iou=0.563584 lr=0.00009773
2026-05-15 18:29:10,383 [Trainer] :: Updated latest checkpoint at epoch 29
2026-05-15 18:29:10,383 [Trainer] :: No validation IoU improvement for 21 epoch(s)
2026-05-15 18:29:10,383 [Trainer] :: Starting epoch 30
2026-05-15 18:30:41,104 [Trainer] :: Completed epoch 30: train_loss=0.119719 train_iou=0.875905 val_loss=0.325003 val_iou=0.558574 lr=0.00009758
2026-05-15 18:30:42,387 [Trainer] :: Updated latest checkpoint at epoch 30
2026-05-15 18:30:42,387 [Trainer] :: No validation IoU improvement for 22 epoch(s)
2026-05-15 18:30:42,387 [Trainer] :: Starting epoch 31
2026-05-15 18:32:23,704 [Trainer] :: Completed epoch 31: train_loss=0.118801 train_iou=0.878946 val_loss=0.347878 val_iou=0.557387 lr=0.00009741
2026-05-15 18:32:24,005 [Trainer] :: Updated latest checkpoint at epoch 31
2026-05-15 18:32:24,006 [Trainer] :: No validation IoU improvement for 23 epoch(s)
2026-05-15 18:32:24,006 [Trainer] :: Starting epoch 32
2026-05-15 18:34:01,058 [Trainer] :: Completed epoch 32: train_loss=0.118718 train_iou=0.878092 val_loss=0.344496 val_iou=0.555661 lr=0.00009725
2026-05-15 18:34:01,703 [Trainer] :: Updated latest checkpoint at epoch 32
2026-05-15 18:34:01,703 [Trainer] :: No validation IoU improvement for 24 epoch(s)
2026-05-15 18:34:01,703 [Trainer] :: Starting epoch 33
2026-05-15 18:35:31,409 [Trainer] :: Completed epoch 33: train_loss=0.115625 train_iou=0.882072 val_loss=0.324077 val_iou=0.577507 lr=0.00009707
2026-05-15 18:35:32,088 [Trainer] :: Updated latest checkpoint at epoch 33
2026-05-15 18:35:32,088 [Trainer] :: No validation IoU improvement for 25 epoch(s)
2026-05-15 18:35:32,088 [Trainer] :: Starting epoch 34
2026-05-15 18:37:03,841 [Trainer] :: Completed epoch 34: train_loss=0.109867 train_iou=0.886522 val_loss=0.348502 val_iou=0.557911 lr=0.00009690
2026-05-15 18:37:04,156 [Trainer] :: Updated latest checkpoint at epoch 34
2026-05-15 18:37:04,156 [Trainer] :: No validation IoU improvement for 26 epoch(s)
2026-05-15 18:37:04,156 [Trainer] :: Starting epoch 35
2026-05-15 18:38:37,533 [Trainer] :: Completed epoch 35: train_loss=0.111852 train_iou=0.885885 val_loss=0.322635 val_iou=0.585293 lr=0.00009671
2026-05-15 18:38:37,821 [Trainer] :: Updated latest checkpoint at epoch 35
2026-05-15 18:38:37,822 [Trainer] :: No validation IoU improvement for 27 epoch(s)
2026-05-15 18:38:37,822 [Trainer] :: Starting epoch 36
2026-05-15 18:40:09,123 [Trainer] :: Completed epoch 36: train_loss=0.106840 train_iou=0.888752 val_loss=0.331663 val_iou=0.563327 lr=0.00009652
2026-05-15 18:40:09,578 [Trainer] :: Updated latest checkpoint at epoch 36
2026-05-15 18:40:09,578 [Trainer] :: No validation IoU improvement for 28 epoch(s)
2026-05-15 18:40:09,578 [Trainer] :: Starting epoch 37
2026-05-15 18:41:44,916 [Trainer] :: Completed epoch 37: train_loss=0.106458 train_iou=0.890642 val_loss=0.352957 val_iou=0.549682 lr=0.00009633
2026-05-15 18:41:45,367 [Trainer] :: Updated latest checkpoint at epoch 37
2026-05-15 18:41:45,368 [Trainer] :: No validation IoU improvement for 29 epoch(s)
2026-05-15 18:41:45,368 [Trainer] :: Starting epoch 38
2026-05-15 18:43:13,597 [Trainer] :: Completed epoch 38: train_loss=0.105395 train_iou=0.890883 val_loss=0.314797 val_iou=0.581176 lr=0.00009613
2026-05-15 18:43:13,887 [Trainer] :: Updated latest checkpoint at epoch 38
2026-05-15 18:43:13,887 [Trainer] :: No validation IoU improvement for 30 epoch(s)
2026-05-15 18:43:13,887 [Trainer] :: Starting epoch 39
2026-05-15 18:44:42,233 [Trainer] :: Completed epoch 39: train_loss=0.099782 train_iou=0.896754 val_loss=0.332912 val_iou=0.566925 lr=0.00009593
2026-05-15 18:44:42,553 [Trainer] :: Updated latest checkpoint at epoch 39
2026-05-15 18:44:42,553 [Trainer] :: No validation IoU improvement for 31 epoch(s)
2026-05-15 18:44:42,553 [Trainer] :: Starting epoch 40
2026-05-15 18:46:20,552 [Trainer] :: Completed epoch 40: train_loss=0.100038 train_iou=0.895695 val_loss=0.328639 val_iou=0.573158 lr=0.00009572
2026-05-15 18:46:20,914 [Trainer] :: Updated latest checkpoint at epoch 40
2026-05-15 18:46:20,915 [Trainer] :: No validation IoU improvement for 32 epoch(s)
2026-05-15 18:46:20,915 [Trainer] :: Starting epoch 41
2026-05-15 18:48:01,642 [Trainer] :: Completed epoch 41: train_loss=0.097367 train_iou=0.898909 val_loss=0.317531 val_iou=0.580556 lr=0.00009551
2026-05-15 18:48:02,156 [Trainer] :: Updated latest checkpoint at epoch 41
2026-05-15 18:48:02,156 [Trainer] :: No validation IoU improvement for 33 epoch(s)
2026-05-15 18:48:02,156 [Trainer] :: Starting epoch 42
2026-05-15 18:49:43,430 [Trainer] :: Completed epoch 42: train_loss=0.097255 train_iou=0.899183 val_loss=0.357061 val_iou=0.550419 lr=0.00009529
2026-05-15 18:49:43,743 [Trainer] :: Updated latest checkpoint at epoch 42
2026-05-15 18:49:43,743 [Trainer] :: No validation IoU improvement for 34 epoch(s)
2026-05-15 18:49:43,743 [Trainer] :: Starting epoch 43
2026-05-15 18:51:17,420 [Trainer] :: Completed epoch 43: train_loss=0.094638 train_iou=0.900495 val_loss=0.314129 val_iou=0.583270 lr=0.00009507
2026-05-15 18:51:17,841 [Trainer] :: Updated latest checkpoint at epoch 43
2026-05-15 18:51:17,841 [Trainer] :: No validation IoU improvement for 35 epoch(s)
2026-05-15 18:51:17,841 [Trainer] :: Starting epoch 44
2026-05-15 18:52:50,192 [Trainer] :: Completed epoch 44: train_loss=0.092304 train_iou=0.902663 val_loss=0.332458 val_iou=0.568485 lr=0.00009484
2026-05-15 18:52:50,508 [Trainer] :: Updated latest checkpoint at epoch 44
2026-05-15 18:52:50,508 [Trainer] :: No validation IoU improvement for 36 epoch(s)
2026-05-15 18:52:50,508 [Trainer] :: Starting epoch 45
2026-05-15 18:54:21,298 [Trainer] :: Completed epoch 45: train_loss=0.093376 train_iou=0.900909 val_loss=0.328326 val_iou=0.563300 lr=0.00009460
2026-05-15 18:54:22,381 [Trainer] :: Updated latest checkpoint at epoch 45
2026-05-15 18:54:22,381 [Trainer] :: No validation IoU improvement for 37 epoch(s)
2026-05-15 18:54:22,381 [Trainer] :: Starting epoch 46
2026-05-15 18:55:51,779 [Trainer] :: Completed epoch 46: train_loss=0.087643 train_iou=0.906863 val_loss=0.307696 val_iou=0.596882 lr=0.00009437
2026-05-15 18:55:52,097 [Trainer] :: Updated latest checkpoint at epoch 46
2026-05-15 18:55:52,097 [Trainer] :: No validation IoU improvement for 38 epoch(s)
2026-05-15 18:55:52,097 [Trainer] :: Starting epoch 47
2026-05-15 18:57:22,385 [Trainer] :: Completed epoch 47: train_loss=0.086465 train_iou=0.907982 val_loss=0.376637 val_iou=0.538166 lr=0.00009412
2026-05-15 18:57:22,862 [Trainer] :: Updated latest checkpoint at epoch 47
2026-05-15 18:57:22,862 [Trainer] :: No validation IoU improvement for 39 epoch(s)
2026-05-15 18:57:22,862 [Trainer] :: Starting epoch 48
2026-05-15 18:58:56,064 [Trainer] :: Completed epoch 48: train_loss=0.085263 train_iou=0.909160 val_loss=0.312319 val_iou=0.589517 lr=0.00009388
2026-05-15 18:58:56,391 [Trainer] :: Updated latest checkpoint at epoch 48
2026-05-15 18:58:56,391 [Trainer] :: No validation IoU improvement for 40 epoch(s)
2026-05-15 18:58:56,391 [Trainer] :: Starting epoch 49
2026-05-15 19:00:26,190 [Trainer] :: Completed epoch 49: train_loss=0.085924 train_iou=0.909052 val_loss=0.340075 val_iou=0.571066 lr=0.00009363
2026-05-15 19:00:26,495 [Trainer] :: Updated latest checkpoint at epoch 49
2026-05-15 19:00:26,495 [Trainer] :: No validation IoU improvement for 41 epoch(s)
2026-05-15 19:00:26,495 [Trainer] :: Starting epoch 50
2026-05-15 19:01:55,878 [Trainer] :: Completed epoch 50: train_loss=0.085506 train_iou=0.909991 val_loss=0.373278 val_iou=0.532646 lr=0.00009337
2026-05-15 19:01:56,190 [Trainer] :: Updated latest checkpoint at epoch 50
2026-05-15 19:01:56,190 [Trainer] :: No validation IoU improvement for 42 epoch(s)
2026-05-15 19:01:56,190 [Trainer] :: Starting epoch 51
2026-05-15 19:03:25,095 [Trainer] :: Completed epoch 51: train_loss=0.086183 train_iou=0.908561 val_loss=0.315166 val_iou=0.592774 lr=0.00009311
2026-05-15 19:03:25,502 [Trainer] :: Updated latest checkpoint at epoch 51
2026-05-15 19:03:25,502 [Trainer] :: No validation IoU improvement for 43 epoch(s)
2026-05-15 19:03:25,502 [Trainer] :: Starting epoch 52
2026-05-15 19:04:55,676 [Trainer] :: Completed epoch 52: train_loss=0.081659 train_iou=0.913049 val_loss=0.331333 val_iou=0.581335 lr=0.00009284
2026-05-15 19:04:55,982 [Trainer] :: Updated latest checkpoint at epoch 52
2026-05-15 19:04:55,982 [Trainer] :: No validation IoU improvement for 44 epoch(s)
2026-05-15 19:04:55,982 [Trainer] :: Starting epoch 53
2026-05-15 19:06:28,432 [Trainer] :: Completed epoch 53: train_loss=0.079214 train_iou=0.914420 val_loss=0.322709 val_iou=0.592827 lr=0.00009257
2026-05-15 19:06:28,778 [Trainer] :: Updated latest checkpoint at epoch 53
2026-05-15 19:06:28,778 [Trainer] :: No validation IoU improvement for 45 epoch(s)
2026-05-15 19:06:28,778 [Trainer] :: Starting epoch 54
2026-05-15 19:08:01,140 [Trainer] :: Completed epoch 54: train_loss=0.079351 train_iou=0.914738 val_loss=0.338578 val_iou=0.559794 lr=0.00009229
2026-05-15 19:08:01,441 [Trainer] :: Updated latest checkpoint at epoch 54
2026-05-15 19:08:01,442 [Trainer] :: No validation IoU improvement for 46 epoch(s)
2026-05-15 19:08:01,442 [Trainer] :: Starting epoch 55
2026-05-15 19:09:33,895 [Trainer] :: Completed epoch 55: train_loss=0.078351 train_iou=0.915702 val_loss=0.319227 val_iou=0.587539 lr=0.00009201
2026-05-15 19:09:34,481 [Trainer] :: Updated latest checkpoint at epoch 55
2026-05-15 19:09:34,481 [Trainer] :: No validation IoU improvement for 47 epoch(s)
2026-05-15 19:09:34,481 [Trainer] :: Starting epoch 56
2026-05-15 19:11:06,635 [Trainer] :: Completed epoch 56: train_loss=0.079158 train_iou=0.915855 val_loss=0.360551 val_iou=0.564586 lr=0.00009173
2026-05-15 19:11:06,939 [Trainer] :: Updated latest checkpoint at epoch 56
2026-05-15 19:11:06,939 [Trainer] :: No validation IoU improvement for 48 epoch(s)
2026-05-15 19:11:06,939 [Trainer] :: Starting epoch 57
2026-05-15 19:12:37,634 [Trainer] :: Completed epoch 57: train_loss=0.077865 train_iou=0.916862 val_loss=0.346640 val_iou=0.565282 lr=0.00009144
2026-05-15 19:12:37,967 [Trainer] :: Updated latest checkpoint at epoch 57
2026-05-15 19:12:37,967 [Trainer] :: No validation IoU improvement for 49 epoch(s)
2026-05-15 19:12:37,967 [Trainer] :: Starting epoch 58
2026-05-15 19:14:10,334 [Trainer] :: Completed epoch 58: train_loss=0.079106 train_iou=0.915380 val_loss=0.337888 val_iou=0.567431 lr=0.00009115
2026-05-15 19:14:10,776 [Trainer] :: Updated latest checkpoint at epoch 58
2026-05-15 19:14:10,776 [Trainer] :: No validation IoU improvement for 50 epoch(s)
2026-05-15 19:14:10,776 [Trainer] :: Starting epoch 59
2026-05-15 19:15:42,684 [Trainer] :: Completed epoch 59: train_loss=0.076236 train_iou=0.917921 val_loss=0.347308 val_iou=0.552617 lr=0.00009085
2026-05-15 19:15:43,107 [Trainer] :: Updated latest checkpoint at epoch 59
2026-05-15 19:15:43,107 [Trainer] :: No validation IoU improvement for 51 epoch(s)
2026-05-15 19:15:43,107 [Trainer] :: Starting epoch 60
2026-05-15 19:17:12,999 [Trainer] :: Completed epoch 60: train_loss=0.074737 train_iou=0.919721 val_loss=0.327177 val_iou=0.584793 lr=0.00009055
2026-05-15 19:17:13,338 [Trainer] :: Updated latest checkpoint at epoch 60
2026-05-15 19:17:13,338 [Trainer] :: No validation IoU improvement for 52 epoch(s)
2026-05-15 19:17:13,338 [Trainer] :: Starting epoch 61
2026-05-15 19:18:42,906 [Trainer] :: Completed epoch 61: train_loss=0.078211 train_iou=0.919477 val_loss=0.316098 val_iou=0.593528 lr=0.00009024
2026-05-15 19:18:43,774 [Trainer] :: Updated latest checkpoint at epoch 61
2026-05-15 19:18:43,774 [Trainer] :: No validation IoU improvement for 53 epoch(s)
2026-05-15 19:18:43,774 [Trainer] :: Starting epoch 62
2026-05-15 19:20:14,003 [Trainer] :: Completed epoch 62: train_loss=0.071815 train_iou=0.923519 val_loss=0.362973 val_iou=0.563311 lr=0.00008993
2026-05-15 19:20:14,978 [Trainer] :: Updated latest checkpoint at epoch 62
2026-05-15 19:20:14,978 [Trainer] :: No validation IoU improvement for 54 epoch(s)
2026-05-15 19:20:14,978 [Trainer] :: Starting epoch 63
2026-05-15 19:21:46,897 [Trainer] :: Completed epoch 63: train_loss=0.070337 train_iou=0.924169 val_loss=0.338144 val_iou=0.582901 lr=0.00008961
2026-05-15 19:21:47,793 [Trainer] :: Updated latest checkpoint at epoch 63
2026-05-15 19:21:47,793 [Trainer] :: No validation IoU improvement for 55 epoch(s)
2026-05-15 19:21:47,793 [Trainer] :: Starting epoch 64
2026-05-15 19:23:20,250 [Trainer] :: Completed epoch 64: train_loss=0.069242 train_iou=0.925962 val_loss=0.345170 val_iou=0.575494 lr=0.00008929
2026-05-15 19:23:20,550 [Trainer] :: Updated latest checkpoint at epoch 64
2026-05-15 19:23:20,550 [Trainer] :: No validation IoU improvement for 56 epoch(s)
2026-05-15 19:23:20,550 [Trainer] :: Starting epoch 65
2026-05-15 19:24:49,837 [Trainer] :: Completed epoch 65: train_loss=0.069339 train_iou=0.924986 val_loss=0.355893 val_iou=0.558557 lr=0.00008897
2026-05-15 19:24:50,144 [Trainer] :: Updated latest checkpoint at epoch 65
2026-05-15 19:24:50,144 [Trainer] :: No validation IoU improvement for 57 epoch(s)
2026-05-15 19:24:50,144 [Trainer] :: Starting epoch 66
2026-05-15 19:26:21,173 [Trainer] :: Completed epoch 66: train_loss=0.069341 train_iou=0.924589 val_loss=0.327439 val_iou=0.592803 lr=0.00008864
2026-05-15 19:26:21,478 [Trainer] :: Updated latest checkpoint at epoch 66
2026-05-15 19:26:21,478 [Trainer] :: No validation IoU improvement for 58 epoch(s)
2026-05-15 19:26:21,478 [Trainer] :: Starting epoch 67
2026-05-15 19:27:55,034 [Trainer] :: Completed epoch 67: train_loss=0.069347 train_iou=0.925616 val_loss=0.319894 val_iou=0.599622 lr=0.00008831
2026-05-15 19:27:55,413 [Trainer] :: Updated latest checkpoint at epoch 67
2026-05-15 19:27:55,413 [Trainer] :: No validation IoU improvement for 59 epoch(s)
2026-05-15 19:27:55,413 [Trainer] :: Starting epoch 68
2026-05-15 19:29:26,888 [Trainer] :: Completed epoch 68: train_loss=0.067013 train_iou=0.927870 val_loss=0.351189 val_iou=0.557914 lr=0.00008797
2026-05-15 19:29:27,197 [Trainer] :: Updated latest checkpoint at epoch 68
2026-05-15 19:29:27,198 [Trainer] :: No validation IoU improvement for 60 epoch(s)
2026-05-15 19:29:27,198 [Trainer] :: Early stopping triggered after 60 epoch(s) without improvement
2026-05-15 19:33:05,628 [Trainer] :: Wrote training history to outputs/runs/real_msi_deeplabv3plus_resnet34_seed47_20260515T153718Z/metrics/history.json
2026-05-15 19:33:05,633 [Trainer] :: Wrote test summary to outputs/runs/real_msi_deeplabv3plus_resnet34_seed47_20260515T153718Z/metrics/test_summary.json
2026-05-15 19:33:05,633 [Trainer] :: Training completed
