2026-05-05 16:58:48,507 [Trainer] :: Training run initialized at /ceph/home/student.aau.dk/qd36zu/fuzzy-p10/tbd/masking/outputs/runs/rgb_deeplabv3plus_resnet50_fuzzy_halo_seed49_20260505T145848Z
2026-05-05 16:58:48,507 [Trainer] :: Loaded config from /ceph/home/student.aau.dk/qd36zu/fuzzy-p10/tbd/masking/configs/fuzzy/rgb_deeplabv3plus_resnet50.yaml
2026-05-05 16:58:48,507 [Trainer] :: Using seed=49 and device=None
2026-05-05 16:58:48,507 [Trainer] :: Using model architecture=DeepLabV3Plus encoder=resnet50 encoder_weights=imagenet
2026-05-05 16:58:48,785 [Trainer] :: Resolved runtime device to cuda
2026-05-05 16:58:48,785 [Trainer] :: Prepared normalization from source=imagenet
2026-05-05 16:58:52,707 [Trainer] :: Built dataloaders with batch_size=16, num_workers=0
2026-05-05 16:58:52,708 [Trainer] :: Starting epoch 1
2026-05-05 17:03:54,990 [Trainer] :: Completed epoch 1: train_loss=0.379955 train_iou=0.702003 val_loss=0.346313 val_iou=0.581627 lr=0.00010000
2026-05-05 17:03:55,371 [Trainer] :: Updated latest checkpoint at epoch 1
2026-05-05 17:03:55,822 [Trainer] :: New best checkpoint saved with val_iou=0.581627
2026-05-05 17:03:55,822 [Trainer] :: Starting epoch 2
2026-05-05 17:07:57,216 [Trainer] :: Completed epoch 2: train_loss=0.279135 train_iou=0.778279 val_loss=0.337956 val_iou=0.604184 lr=0.00009999
2026-05-05 17:07:57,585 [Trainer] :: Updated latest checkpoint at epoch 2
2026-05-05 17:07:57,962 [Trainer] :: New best checkpoint saved with val_iou=0.604184
2026-05-05 17:07:57,962 [Trainer] :: Starting epoch 3
2026-05-05 17:11:58,165 [Trainer] :: Completed epoch 3: train_loss=0.271153 train_iou=0.779143 val_loss=0.393723 val_iou=0.541385 lr=0.00009998
2026-05-05 17:11:58,776 [Trainer] :: Updated latest checkpoint at epoch 3
2026-05-05 17:11:58,776 [Trainer] :: No validation IoU improvement for 1 epoch(s)
2026-05-05 17:11:58,776 [Trainer] :: Starting epoch 4
2026-05-05 17:15:56,608 [Trainer] :: Completed epoch 4: train_loss=0.245532 train_iou=0.805442 val_loss=0.337066 val_iou=0.591204 lr=0.00009996
2026-05-05 17:15:57,066 [Trainer] :: Updated latest checkpoint at epoch 4
2026-05-05 17:15:57,067 [Trainer] :: No validation IoU improvement for 2 epoch(s)
2026-05-05 17:15:57,067 [Trainer] :: Starting epoch 5
2026-05-05 17:19:51,672 [Trainer] :: Completed epoch 5: train_loss=0.238091 train_iou=0.807898 val_loss=0.315125 val_iou=0.625691 lr=0.00009993
2026-05-05 17:19:52,649 [Trainer] :: Updated latest checkpoint at epoch 5
2026-05-05 17:19:53,442 [Trainer] :: New best checkpoint saved with val_iou=0.625691
2026-05-05 17:19:53,442 [Trainer] :: Starting epoch 6
2026-05-05 17:25:28,318 [Trainer] :: Completed epoch 6: train_loss=0.224729 train_iou=0.820116 val_loss=0.279000 val_iou=0.626374 lr=0.00009990
2026-05-05 17:25:28,693 [Trainer] :: Updated latest checkpoint at epoch 6
2026-05-05 17:25:29,059 [Trainer] :: New best checkpoint saved with val_iou=0.626374
2026-05-05 17:25:29,059 [Trainer] :: Starting epoch 7
2026-05-05 17:29:44,585 [Trainer] :: Completed epoch 7: train_loss=0.208437 train_iou=0.832829 val_loss=0.313683 val_iou=0.585260 lr=0.00009987
2026-05-05 17:29:44,962 [Trainer] :: Updated latest checkpoint at epoch 7
2026-05-05 17:29:44,962 [Trainer] :: No validation IoU improvement for 1 epoch(s)
2026-05-05 17:29:44,962 [Trainer] :: Starting epoch 8
2026-05-05 17:34:06,946 [Trainer] :: Completed epoch 8: train_loss=0.202063 train_iou=0.835474 val_loss=0.294118 val_iou=0.630597 lr=0.00009983
2026-05-05 17:34:07,343 [Trainer] :: Updated latest checkpoint at epoch 8
2026-05-05 17:34:07,732 [Trainer] :: New best checkpoint saved with val_iou=0.630597
2026-05-05 17:34:07,732 [Trainer] :: Starting epoch 9
2026-05-05 17:38:48,287 [Trainer] :: Completed epoch 9: train_loss=0.195882 train_iou=0.841404 val_loss=0.319777 val_iou=0.616280 lr=0.00009978
2026-05-05 17:38:48,676 [Trainer] :: Updated latest checkpoint at epoch 9
2026-05-05 17:38:48,676 [Trainer] :: No validation IoU improvement for 1 epoch(s)
2026-05-05 17:38:48,676 [Trainer] :: Starting epoch 10
2026-05-05 17:43:11,669 [Trainer] :: Completed epoch 10: train_loss=0.195120 train_iou=0.840482 val_loss=0.288783 val_iou=0.636243 lr=0.00009973
2026-05-05 17:43:12,314 [Trainer] :: Updated latest checkpoint at epoch 10
2026-05-05 17:43:13,022 [Trainer] :: New best checkpoint saved with val_iou=0.636243
2026-05-05 17:43:13,022 [Trainer] :: Starting epoch 11
2026-05-05 17:47:37,389 [Trainer] :: Completed epoch 11: train_loss=0.185945 train_iou=0.849308 val_loss=0.296503 val_iou=0.613258 lr=0.00009967
2026-05-05 17:47:37,908 [Trainer] :: Updated latest checkpoint at epoch 11
2026-05-05 17:47:37,908 [Trainer] :: No validation IoU improvement for 1 epoch(s)
2026-05-05 17:47:37,908 [Trainer] :: Starting epoch 12
2026-05-05 17:52:54,952 [Trainer] :: Completed epoch 12: train_loss=0.177242 train_iou=0.855822 val_loss=0.315411 val_iou=0.590809 lr=0.00009961
2026-05-05 17:52:55,418 [Trainer] :: Updated latest checkpoint at epoch 12
2026-05-05 17:52:55,418 [Trainer] :: No validation IoU improvement for 2 epoch(s)
2026-05-05 17:52:55,418 [Trainer] :: Starting epoch 13
2026-05-05 17:56:56,651 [Trainer] :: Completed epoch 13: train_loss=0.178059 train_iou=0.851094 val_loss=0.330419 val_iou=0.569226 lr=0.00009954
2026-05-05 17:56:57,027 [Trainer] :: Updated latest checkpoint at epoch 13
2026-05-05 17:56:57,027 [Trainer] :: No validation IoU improvement for 3 epoch(s)
2026-05-05 17:56:57,027 [Trainer] :: Starting epoch 14
2026-05-05 18:00:52,564 [Trainer] :: Completed epoch 14: train_loss=0.170492 train_iou=0.856865 val_loss=0.309107 val_iou=0.597079 lr=0.00009947
2026-05-05 18:00:53,148 [Trainer] :: Updated latest checkpoint at epoch 14
2026-05-05 18:00:53,148 [Trainer] :: No validation IoU improvement for 4 epoch(s)
2026-05-05 18:00:53,148 [Trainer] :: Starting epoch 15
2026-05-05 18:04:49,908 [Trainer] :: Completed epoch 15: train_loss=0.169538 train_iou=0.854402 val_loss=0.308503 val_iou=0.584829 lr=0.00009939
2026-05-05 18:04:50,273 [Trainer] :: Updated latest checkpoint at epoch 15
2026-05-05 18:04:50,273 [Trainer] :: No validation IoU improvement for 5 epoch(s)
2026-05-05 18:04:50,273 [Trainer] :: Starting epoch 16
2026-05-05 18:08:42,970 [Trainer] :: Completed epoch 16: train_loss=0.159114 train_iou=0.861759 val_loss=0.311158 val_iou=0.592817 lr=0.00009931
2026-05-05 18:08:43,335 [Trainer] :: Updated latest checkpoint at epoch 16
2026-05-05 18:08:43,335 [Trainer] :: No validation IoU improvement for 6 epoch(s)
2026-05-05 18:08:43,335 [Trainer] :: Starting epoch 17
2026-05-05 18:12:35,743 [Trainer] :: Completed epoch 17: train_loss=0.156878 train_iou=0.863717 val_loss=0.297146 val_iou=0.616366 lr=0.00009922
2026-05-05 18:12:36,195 [Trainer] :: Updated latest checkpoint at epoch 17
2026-05-05 18:12:36,196 [Trainer] :: No validation IoU improvement for 7 epoch(s)
2026-05-05 18:12:36,196 [Trainer] :: Starting epoch 18
2026-05-05 18:17:12,527 [Trainer] :: Completed epoch 18: train_loss=0.142650 train_iou=0.871359 val_loss=0.318712 val_iou=0.606139 lr=0.00009912
2026-05-05 18:17:12,921 [Trainer] :: Updated latest checkpoint at epoch 18
2026-05-05 18:17:12,921 [Trainer] :: No validation IoU improvement for 8 epoch(s)
2026-05-05 18:17:12,921 [Trainer] :: Starting epoch 19
2026-05-05 18:22:02,803 [Trainer] :: Completed epoch 19: train_loss=0.142294 train_iou=0.869400 val_loss=0.325942 val_iou=0.602606 lr=0.00009902
2026-05-05 18:22:03,181 [Trainer] :: Updated latest checkpoint at epoch 19
2026-05-05 18:22:03,181 [Trainer] :: No validation IoU improvement for 9 epoch(s)
2026-05-05 18:22:03,181 [Trainer] :: Starting epoch 20
2026-05-05 18:26:47,294 [Trainer] :: Completed epoch 20: train_loss=0.141266 train_iou=0.872662 val_loss=0.332281 val_iou=0.587516 lr=0.00009892
2026-05-05 18:26:47,724 [Trainer] :: Updated latest checkpoint at epoch 20
2026-05-05 18:26:47,724 [Trainer] :: No validation IoU improvement for 10 epoch(s)
2026-05-05 18:26:47,724 [Trainer] :: Starting epoch 21
2026-05-05 18:30:59,839 [Trainer] :: Completed epoch 21: train_loss=0.141384 train_iou=0.877716 val_loss=0.309051 val_iou=0.598253 lr=0.00009881
2026-05-05 18:31:00,227 [Trainer] :: Updated latest checkpoint at epoch 21
2026-05-05 18:31:00,227 [Trainer] :: No validation IoU improvement for 11 epoch(s)
2026-05-05 18:31:00,227 [Trainer] :: Starting epoch 22
2026-05-05 18:35:17,474 [Trainer] :: Completed epoch 22: train_loss=0.133156 train_iou=0.880973 val_loss=0.316342 val_iou=0.607960 lr=0.00009869
2026-05-05 18:35:18,190 [Trainer] :: Updated latest checkpoint at epoch 22
2026-05-05 18:35:18,190 [Trainer] :: No validation IoU improvement for 12 epoch(s)
2026-05-05 18:35:18,190 [Trainer] :: Starting epoch 23
2026-05-05 18:39:23,988 [Trainer] :: Completed epoch 23: train_loss=0.129466 train_iou=0.881029 val_loss=0.301639 val_iou=0.607313 lr=0.00009857
2026-05-05 18:39:24,372 [Trainer] :: Updated latest checkpoint at epoch 23
2026-05-05 18:39:24,372 [Trainer] :: No validation IoU improvement for 13 epoch(s)
2026-05-05 18:39:24,372 [Trainer] :: Starting epoch 24
2026-05-05 18:43:23,031 [Trainer] :: Completed epoch 24: train_loss=0.124587 train_iou=0.882902 val_loss=0.314173 val_iou=0.598058 lr=0.00009844
2026-05-05 18:43:23,450 [Trainer] :: Updated latest checkpoint at epoch 24
2026-05-05 18:43:23,450 [Trainer] :: No validation IoU improvement for 14 epoch(s)
2026-05-05 18:43:23,450 [Trainer] :: Starting epoch 25
2026-05-05 18:47:42,780 [Trainer] :: Completed epoch 25: train_loss=0.126749 train_iou=0.886225 val_loss=0.305848 val_iou=0.600942 lr=0.00009831
2026-05-05 18:47:43,159 [Trainer] :: Updated latest checkpoint at epoch 25
2026-05-05 18:47:43,159 [Trainer] :: No validation IoU improvement for 15 epoch(s)
2026-05-05 18:47:43,159 [Trainer] :: Starting epoch 26
2026-05-05 18:51:39,876 [Trainer] :: Completed epoch 26: train_loss=0.119018 train_iou=0.889363 val_loss=0.307136 val_iou=0.633810 lr=0.00009818
2026-05-05 18:51:40,262 [Trainer] :: Updated latest checkpoint at epoch 26
2026-05-05 18:51:40,262 [Trainer] :: No validation IoU improvement for 16 epoch(s)
2026-05-05 18:51:40,262 [Trainer] :: Starting epoch 27
2026-05-05 18:55:32,172 [Trainer] :: Completed epoch 27: train_loss=0.120208 train_iou=0.889287 val_loss=0.317208 val_iou=0.600686 lr=0.00009803
2026-05-05 18:55:32,569 [Trainer] :: Updated latest checkpoint at epoch 27
2026-05-05 18:55:32,570 [Trainer] :: No validation IoU improvement for 17 epoch(s)
2026-05-05 18:55:32,570 [Trainer] :: Starting epoch 28
2026-05-05 18:59:44,989 [Trainer] :: Completed epoch 28: train_loss=0.114198 train_iou=0.892747 val_loss=0.311712 val_iou=0.628607 lr=0.00009789
2026-05-05 18:59:45,726 [Trainer] :: Updated latest checkpoint at epoch 28
2026-05-05 18:59:45,726 [Trainer] :: No validation IoU improvement for 18 epoch(s)
2026-05-05 18:59:45,726 [Trainer] :: Starting epoch 29
2026-05-05 19:04:23,497 [Trainer] :: Completed epoch 29: train_loss=0.114330 train_iou=0.893677 val_loss=0.298432 val_iou=0.642401 lr=0.00009773
2026-05-05 19:04:23,918 [Trainer] :: Updated latest checkpoint at epoch 29
2026-05-05 19:04:24,336 [Trainer] :: New best checkpoint saved with val_iou=0.642401
2026-05-05 19:04:24,336 [Trainer] :: Starting epoch 30
2026-05-05 19:09:00,848 [Trainer] :: Completed epoch 30: train_loss=0.111672 train_iou=0.896707 val_loss=0.319208 val_iou=0.611579 lr=0.00009758
2026-05-05 19:09:01,228 [Trainer] :: Updated latest checkpoint at epoch 30
2026-05-05 19:09:01,228 [Trainer] :: No validation IoU improvement for 1 epoch(s)
2026-05-05 19:09:01,228 [Trainer] :: Starting epoch 31
2026-05-05 19:13:00,033 [Trainer] :: Completed epoch 31: train_loss=0.106167 train_iou=0.900348 val_loss=0.376117 val_iou=0.586544 lr=0.00009741
2026-05-05 19:13:00,535 [Trainer] :: Updated latest checkpoint at epoch 31
2026-05-05 19:13:00,535 [Trainer] :: No validation IoU improvement for 2 epoch(s)
2026-05-05 19:13:00,535 [Trainer] :: Starting epoch 32
2026-05-05 19:17:00,253 [Trainer] :: Completed epoch 32: train_loss=0.109022 train_iou=0.896752 val_loss=0.312228 val_iou=0.625804 lr=0.00009725
2026-05-05 19:17:00,721 [Trainer] :: Updated latest checkpoint at epoch 32
2026-05-05 19:17:00,722 [Trainer] :: No validation IoU improvement for 3 epoch(s)
2026-05-05 19:17:00,722 [Trainer] :: Starting epoch 33
2026-05-05 19:20:52,329 [Trainer] :: Completed epoch 33: train_loss=0.105619 train_iou=0.902224 val_loss=0.346674 val_iou=0.595089 lr=0.00009707
2026-05-05 19:20:52,695 [Trainer] :: Updated latest checkpoint at epoch 33
2026-05-05 19:20:52,695 [Trainer] :: No validation IoU improvement for 4 epoch(s)
2026-05-05 19:20:52,695 [Trainer] :: Starting epoch 34
2026-05-05 19:24:49,929 [Trainer] :: Completed epoch 34: train_loss=0.105759 train_iou=0.900125 val_loss=0.350112 val_iou=0.591130 lr=0.00009690
2026-05-05 19:24:50,317 [Trainer] :: Updated latest checkpoint at epoch 34
2026-05-05 19:24:50,317 [Trainer] :: No validation IoU improvement for 5 epoch(s)
2026-05-05 19:24:50,317 [Trainer] :: Starting epoch 35
2026-05-05 19:28:45,737 [Trainer] :: Completed epoch 35: train_loss=0.103828 train_iou=0.901311 val_loss=0.388614 val_iou=0.563196 lr=0.00009671
2026-05-05 19:28:46,132 [Trainer] :: Updated latest checkpoint at epoch 35
2026-05-05 19:28:46,132 [Trainer] :: No validation IoU improvement for 6 epoch(s)
2026-05-05 19:28:46,132 [Trainer] :: Starting epoch 36
2026-05-05 19:32:43,484 [Trainer] :: Completed epoch 36: train_loss=0.099924 train_iou=0.905480 val_loss=0.336951 val_iou=0.598198 lr=0.00009652
2026-05-05 19:32:43,870 [Trainer] :: Updated latest checkpoint at epoch 36
2026-05-05 19:32:43,871 [Trainer] :: No validation IoU improvement for 7 epoch(s)
2026-05-05 19:32:43,871 [Trainer] :: Starting epoch 37
2026-05-05 19:36:42,859 [Trainer] :: Completed epoch 37: train_loss=0.101359 train_iou=0.904092 val_loss=0.334218 val_iou=0.608863 lr=0.00009633
2026-05-05 19:36:43,433 [Trainer] :: Updated latest checkpoint at epoch 37
2026-05-05 19:36:43,433 [Trainer] :: No validation IoU improvement for 8 epoch(s)
2026-05-05 19:36:43,433 [Trainer] :: Starting epoch 38
2026-05-05 19:40:38,388 [Trainer] :: Completed epoch 38: train_loss=0.097529 train_iou=0.907127 val_loss=0.343859 val_iou=0.606062 lr=0.00009613
2026-05-05 19:40:38,835 [Trainer] :: Updated latest checkpoint at epoch 38
2026-05-05 19:40:38,835 [Trainer] :: No validation IoU improvement for 9 epoch(s)
2026-05-05 19:40:38,835 [Trainer] :: Starting epoch 39
2026-05-05 19:44:38,795 [Trainer] :: Completed epoch 39: train_loss=0.096688 train_iou=0.907820 val_loss=0.330318 val_iou=0.636846 lr=0.00009593
2026-05-05 19:44:39,217 [Trainer] :: Updated latest checkpoint at epoch 39
2026-05-05 19:44:39,217 [Trainer] :: No validation IoU improvement for 10 epoch(s)
2026-05-05 19:44:39,218 [Trainer] :: Starting epoch 40
2026-05-05 19:48:30,678 [Trainer] :: Completed epoch 40: train_loss=0.096587 train_iou=0.907485 val_loss=0.338789 val_iou=0.629924 lr=0.00009572
2026-05-05 19:48:31,106 [Trainer] :: Updated latest checkpoint at epoch 40
2026-05-05 19:48:31,106 [Trainer] :: No validation IoU improvement for 11 epoch(s)
2026-05-05 19:48:31,106 [Trainer] :: Starting epoch 41
2026-05-05 19:52:22,208 [Trainer] :: Completed epoch 41: train_loss=0.095651 train_iou=0.909523 val_loss=0.340599 val_iou=0.606933 lr=0.00009551
2026-05-05 19:52:22,572 [Trainer] :: Updated latest checkpoint at epoch 41
2026-05-05 19:52:22,572 [Trainer] :: No validation IoU improvement for 12 epoch(s)
2026-05-05 19:52:22,572 [Trainer] :: Starting epoch 42
2026-05-05 19:56:36,270 [Trainer] :: Completed epoch 42: train_loss=0.090396 train_iou=0.913538 val_loss=0.354369 val_iou=0.595166 lr=0.00009529
2026-05-05 19:56:36,655 [Trainer] :: Updated latest checkpoint at epoch 42
2026-05-05 19:56:36,655 [Trainer] :: No validation IoU improvement for 13 epoch(s)
2026-05-05 19:56:36,655 [Trainer] :: Starting epoch 43
2026-05-05 20:00:56,512 [Trainer] :: Completed epoch 43: train_loss=0.091267 train_iou=0.914285 val_loss=0.364339 val_iou=0.588015 lr=0.00009507
2026-05-05 20:00:56,917 [Trainer] :: Updated latest checkpoint at epoch 43
2026-05-05 20:00:56,918 [Trainer] :: No validation IoU improvement for 14 epoch(s)
2026-05-05 20:00:56,918 [Trainer] :: Starting epoch 44
2026-05-05 20:05:13,427 [Trainer] :: Completed epoch 44: train_loss=0.088922 train_iou=0.915178 val_loss=0.319946 val_iou=0.631227 lr=0.00009484
2026-05-05 20:05:13,872 [Trainer] :: Updated latest checkpoint at epoch 44
2026-05-05 20:05:13,873 [Trainer] :: No validation IoU improvement for 15 epoch(s)
2026-05-05 20:05:13,873 [Trainer] :: Starting epoch 45
2026-05-05 20:09:26,423 [Trainer] :: Completed epoch 45: train_loss=0.088399 train_iou=0.915106 val_loss=0.342644 val_iou=0.637420 lr=0.00009460
2026-05-05 20:09:26,916 [Trainer] :: Updated latest checkpoint at epoch 45
2026-05-05 20:09:26,916 [Trainer] :: No validation IoU improvement for 16 epoch(s)
2026-05-05 20:09:26,916 [Trainer] :: Starting epoch 46
2026-05-05 20:13:39,765 [Trainer] :: Completed epoch 46: train_loss=0.087397 train_iou=0.917269 val_loss=0.352015 val_iou=0.592110 lr=0.00009437
2026-05-05 20:13:40,219 [Trainer] :: Updated latest checkpoint at epoch 46
2026-05-05 20:13:40,219 [Trainer] :: No validation IoU improvement for 17 epoch(s)
2026-05-05 20:13:40,219 [Trainer] :: Starting epoch 47
2026-05-05 20:17:38,782 [Trainer] :: Completed epoch 47: train_loss=0.087651 train_iou=0.914930 val_loss=0.319483 val_iou=0.613849 lr=0.00009412
2026-05-05 20:17:39,159 [Trainer] :: Updated latest checkpoint at epoch 47
2026-05-05 20:17:39,159 [Trainer] :: No validation IoU improvement for 18 epoch(s)
2026-05-05 20:17:39,159 [Trainer] :: Starting epoch 48
2026-05-05 20:21:54,564 [Trainer] :: Completed epoch 48: train_loss=0.084259 train_iou=0.919133 val_loss=0.362502 val_iou=0.606611 lr=0.00009388
2026-05-05 20:21:55,682 [Trainer] :: Updated latest checkpoint at epoch 48
2026-05-05 20:21:55,682 [Trainer] :: No validation IoU improvement for 19 epoch(s)
2026-05-05 20:21:55,682 [Trainer] :: Starting epoch 49
2026-05-05 20:26:02,283 [Trainer] :: Completed epoch 49: train_loss=0.085003 train_iou=0.918439 val_loss=0.351508 val_iou=0.593905 lr=0.00009363
2026-05-05 20:26:02,663 [Trainer] :: Updated latest checkpoint at epoch 49
2026-05-05 20:26:02,663 [Trainer] :: No validation IoU improvement for 20 epoch(s)
2026-05-05 20:26:02,663 [Trainer] :: Starting epoch 50
2026-05-05 20:30:07,146 [Trainer] :: Completed epoch 50: train_loss=0.084494 train_iou=0.919612 val_loss=0.335489 val_iou=0.611790 lr=0.00009337
2026-05-05 20:30:07,523 [Trainer] :: Updated latest checkpoint at epoch 50
2026-05-05 20:30:07,523 [Trainer] :: No validation IoU improvement for 21 epoch(s)
2026-05-05 20:30:07,523 [Trainer] :: Starting epoch 51
2026-05-05 20:34:06,103 [Trainer] :: Completed epoch 51: train_loss=0.082912 train_iou=0.920004 val_loss=0.329320 val_iou=0.609209 lr=0.00009311
2026-05-05 20:34:06,483 [Trainer] :: Updated latest checkpoint at epoch 51
2026-05-05 20:34:06,483 [Trainer] :: No validation IoU improvement for 22 epoch(s)
2026-05-05 20:34:06,483 [Trainer] :: Starting epoch 52
2026-05-05 20:38:24,700 [Trainer] :: Completed epoch 52: train_loss=0.082542 train_iou=0.921135 val_loss=0.339554 val_iou=0.612490 lr=0.00009284
2026-05-05 20:38:25,075 [Trainer] :: Updated latest checkpoint at epoch 52
2026-05-05 20:38:25,075 [Trainer] :: No validation IoU improvement for 23 epoch(s)
2026-05-05 20:38:25,075 [Trainer] :: Starting epoch 53
2026-05-05 20:42:23,927 [Trainer] :: Completed epoch 53: train_loss=0.086369 train_iou=0.918383 val_loss=0.368836 val_iou=0.590635 lr=0.00009257
2026-05-05 20:42:24,346 [Trainer] :: Updated latest checkpoint at epoch 53
2026-05-05 20:42:24,346 [Trainer] :: No validation IoU improvement for 24 epoch(s)
2026-05-05 20:42:24,347 [Trainer] :: Starting epoch 54
2026-05-05 20:46:48,963 [Trainer] :: Completed epoch 54: train_loss=0.080646 train_iou=0.923437 val_loss=0.352278 val_iou=0.597076 lr=0.00009229
2026-05-05 20:46:49,354 [Trainer] :: Updated latest checkpoint at epoch 54
2026-05-05 20:46:49,354 [Trainer] :: No validation IoU improvement for 25 epoch(s)
2026-05-05 20:46:49,354 [Trainer] :: Starting epoch 55
2026-05-05 20:51:07,679 [Trainer] :: Completed epoch 55: train_loss=0.080425 train_iou=0.923041 val_loss=0.366544 val_iou=0.598976 lr=0.00009201
2026-05-05 20:51:08,103 [Trainer] :: Updated latest checkpoint at epoch 55
2026-05-05 20:51:08,103 [Trainer] :: No validation IoU improvement for 26 epoch(s)
2026-05-05 20:51:08,103 [Trainer] :: Starting epoch 56
2026-05-05 20:55:14,202 [Trainer] :: Completed epoch 56: train_loss=0.079876 train_iou=0.924273 val_loss=0.362115 val_iou=0.586784 lr=0.00009173
2026-05-05 20:55:14,634 [Trainer] :: Updated latest checkpoint at epoch 56
2026-05-05 20:55:14,634 [Trainer] :: No validation IoU improvement for 27 epoch(s)
2026-05-05 20:55:14,634 [Trainer] :: Starting epoch 57
2026-05-05 20:59:10,203 [Trainer] :: Completed epoch 57: train_loss=0.077748 train_iou=0.926266 val_loss=0.339221 val_iou=0.614614 lr=0.00009144
2026-05-05 20:59:10,584 [Trainer] :: Updated latest checkpoint at epoch 57
2026-05-05 20:59:10,584 [Trainer] :: No validation IoU improvement for 28 epoch(s)
2026-05-05 20:59:10,584 [Trainer] :: Starting epoch 58
2026-05-05 21:03:17,213 [Trainer] :: Completed epoch 58: train_loss=0.078482 train_iou=0.925346 val_loss=0.348619 val_iou=0.623286 lr=0.00009115
2026-05-05 21:03:17,609 [Trainer] :: Updated latest checkpoint at epoch 58
2026-05-05 21:03:17,609 [Trainer] :: No validation IoU improvement for 29 epoch(s)
2026-05-05 21:03:17,609 [Trainer] :: Starting epoch 59
2026-05-05 21:07:17,870 [Trainer] :: Completed epoch 59: train_loss=0.077771 train_iou=0.925629 val_loss=0.379703 val_iou=0.581885 lr=0.00009085
2026-05-05 21:07:18,246 [Trainer] :: Updated latest checkpoint at epoch 59
2026-05-05 21:07:18,246 [Trainer] :: No validation IoU improvement for 30 epoch(s)
2026-05-05 21:07:18,246 [Trainer] :: Starting epoch 60
2026-05-05 21:11:12,462 [Trainer] :: Completed epoch 60: train_loss=0.077818 train_iou=0.925141 val_loss=0.367159 val_iou=0.586734 lr=0.00009055
2026-05-05 21:11:14,009 [Trainer] :: Updated latest checkpoint at epoch 60
2026-05-05 21:11:14,009 [Trainer] :: No validation IoU improvement for 31 epoch(s)
2026-05-05 21:11:14,009 [Trainer] :: Starting epoch 61
2026-05-05 21:15:09,611 [Trainer] :: Completed epoch 61: train_loss=0.076808 train_iou=0.926201 val_loss=0.347387 val_iou=0.607914 lr=0.00009024
2026-05-05 21:15:10,941 [Trainer] :: Updated latest checkpoint at epoch 61
2026-05-05 21:15:10,941 [Trainer] :: No validation IoU improvement for 32 epoch(s)
2026-05-05 21:15:10,941 [Trainer] :: Starting epoch 62
2026-05-05 21:19:19,057 [Trainer] :: Completed epoch 62: train_loss=0.076817 train_iou=0.926979 val_loss=0.352357 val_iou=0.595027 lr=0.00008993
2026-05-05 21:19:19,457 [Trainer] :: Updated latest checkpoint at epoch 62
2026-05-05 21:19:19,457 [Trainer] :: No validation IoU improvement for 33 epoch(s)
2026-05-05 21:19:19,457 [Trainer] :: Starting epoch 63
2026-05-05 21:23:12,438 [Trainer] :: Completed epoch 63: train_loss=0.078142 train_iou=0.925384 val_loss=0.354121 val_iou=0.607212 lr=0.00008961
2026-05-05 21:23:12,864 [Trainer] :: Updated latest checkpoint at epoch 63
2026-05-05 21:23:12,864 [Trainer] :: No validation IoU improvement for 34 epoch(s)
2026-05-05 21:23:12,864 [Trainer] :: Starting epoch 64
2026-05-05 21:27:08,079 [Trainer] :: Completed epoch 64: train_loss=0.076831 train_iou=0.926945 val_loss=0.425241 val_iou=0.561824 lr=0.00008929
2026-05-05 21:27:08,449 [Trainer] :: Updated latest checkpoint at epoch 64
2026-05-05 21:27:08,449 [Trainer] :: No validation IoU improvement for 35 epoch(s)
2026-05-05 21:27:08,449 [Trainer] :: Starting epoch 65
2026-05-05 21:31:19,873 [Trainer] :: Completed epoch 65: train_loss=0.075002 train_iou=0.929585 val_loss=0.355076 val_iou=0.609649 lr=0.00008897
2026-05-05 21:31:20,248 [Trainer] :: Updated latest checkpoint at epoch 65
2026-05-05 21:31:20,249 [Trainer] :: No validation IoU improvement for 36 epoch(s)
2026-05-05 21:31:20,249 [Trainer] :: Starting epoch 66
2026-05-05 21:36:13,279 [Trainer] :: Completed epoch 66: train_loss=0.076269 train_iou=0.928607 val_loss=0.347695 val_iou=0.629276 lr=0.00008864
2026-05-05 21:36:13,791 [Trainer] :: Updated latest checkpoint at epoch 66
2026-05-05 21:36:13,792 [Trainer] :: No validation IoU improvement for 37 epoch(s)
2026-05-05 21:36:13,792 [Trainer] :: Starting epoch 67
2026-05-05 21:40:11,837 [Trainer] :: Completed epoch 67: train_loss=0.072819 train_iou=0.930739 val_loss=0.363241 val_iou=0.619778 lr=0.00008831
2026-05-05 21:40:12,823 [Trainer] :: Updated latest checkpoint at epoch 67
2026-05-05 21:40:12,823 [Trainer] :: No validation IoU improvement for 38 epoch(s)
2026-05-05 21:40:12,823 [Trainer] :: Starting epoch 68
2026-05-05 21:44:20,011 [Trainer] :: Completed epoch 68: train_loss=0.074338 train_iou=0.930133 val_loss=0.368505 val_iou=0.605380 lr=0.00008797
2026-05-05 21:44:20,576 [Trainer] :: Updated latest checkpoint at epoch 68
2026-05-05 21:44:20,576 [Trainer] :: No validation IoU improvement for 39 epoch(s)
2026-05-05 21:44:20,576 [Trainer] :: Starting epoch 69
2026-05-05 21:48:50,877 [Trainer] :: Completed epoch 69: train_loss=0.072782 train_iou=0.930837 val_loss=0.373770 val_iou=0.605482 lr=0.00008763
2026-05-05 21:48:51,256 [Trainer] :: Updated latest checkpoint at epoch 69
2026-05-05 21:48:51,257 [Trainer] :: No validation IoU improvement for 40 epoch(s)
2026-05-05 21:48:51,257 [Trainer] :: Starting epoch 70
2026-05-05 21:52:45,105 [Trainer] :: Completed epoch 70: train_loss=0.073367 train_iou=0.929774 val_loss=0.348896 val_iou=0.604259 lr=0.00008729
2026-05-05 21:52:45,722 [Trainer] :: Updated latest checkpoint at epoch 70
2026-05-05 21:52:45,722 [Trainer] :: No validation IoU improvement for 41 epoch(s)
2026-05-05 21:52:45,722 [Trainer] :: Starting epoch 71
2026-05-05 21:57:42,203 [Trainer] :: Completed epoch 71: train_loss=0.073024 train_iou=0.930814 val_loss=0.345334 val_iou=0.613234 lr=0.00008694
2026-05-05 21:57:42,861 [Trainer] :: Updated latest checkpoint at epoch 71
2026-05-05 21:57:42,861 [Trainer] :: No validation IoU improvement for 42 epoch(s)
2026-05-05 21:57:42,861 [Trainer] :: Starting epoch 72
2026-05-05 22:02:43,021 [Trainer] :: Completed epoch 72: train_loss=0.070622 train_iou=0.932236 val_loss=0.366522 val_iou=0.608394 lr=0.00008658
2026-05-05 22:02:45,551 [Trainer] :: Updated latest checkpoint at epoch 72
2026-05-05 22:02:45,551 [Trainer] :: No validation IoU improvement for 43 epoch(s)
2026-05-05 22:02:45,551 [Trainer] :: Starting epoch 73
2026-05-05 22:06:43,961 [Trainer] :: Completed epoch 73: train_loss=0.072300 train_iou=0.929868 val_loss=0.373730 val_iou=0.619260 lr=0.00008623
2026-05-05 22:06:44,384 [Trainer] :: Updated latest checkpoint at epoch 73
2026-05-05 22:06:44,384 [Trainer] :: No validation IoU improvement for 44 epoch(s)
2026-05-05 22:06:44,384 [Trainer] :: Starting epoch 74
2026-05-05 22:11:57,379 [Trainer] :: Completed epoch 74: train_loss=0.071581 train_iou=0.931812 val_loss=0.388458 val_iou=0.605538 lr=0.00008587
2026-05-05 22:11:58,017 [Trainer] :: Updated latest checkpoint at epoch 74
2026-05-05 22:11:58,017 [Trainer] :: No validation IoU improvement for 45 epoch(s)
2026-05-05 22:11:58,017 [Trainer] :: Starting epoch 75
2026-05-05 22:16:07,879 [Trainer] :: Completed epoch 75: train_loss=0.069201 train_iou=0.934405 val_loss=0.383609 val_iou=0.604456 lr=0.00008550
2026-05-05 22:16:08,250 [Trainer] :: Updated latest checkpoint at epoch 75
2026-05-05 22:16:08,251 [Trainer] :: No validation IoU improvement for 46 epoch(s)
2026-05-05 22:16:08,251 [Trainer] :: Starting epoch 76
2026-05-05 22:20:20,753 [Trainer] :: Completed epoch 76: train_loss=0.069466 train_iou=0.933692 val_loss=0.407712 val_iou=0.586038 lr=0.00008513
2026-05-05 22:20:21,151 [Trainer] :: Updated latest checkpoint at epoch 76
2026-05-05 22:20:21,151 [Trainer] :: No validation IoU improvement for 47 epoch(s)
2026-05-05 22:20:21,151 [Trainer] :: Starting epoch 77
2026-05-05 22:24:25,790 [Trainer] :: Completed epoch 77: train_loss=0.076837 train_iou=0.934110 val_loss=0.429304 val_iou=0.577373 lr=0.00008476
2026-05-05 22:24:26,265 [Trainer] :: Updated latest checkpoint at epoch 77
2026-05-05 22:24:26,266 [Trainer] :: No validation IoU improvement for 48 epoch(s)
2026-05-05 22:24:26,266 [Trainer] :: Starting epoch 78
2026-05-05 22:28:33,752 [Trainer] :: Completed epoch 78: train_loss=0.068062 train_iou=0.935173 val_loss=0.411804 val_iou=0.593778 lr=0.00008439
2026-05-05 22:28:34,238 [Trainer] :: Updated latest checkpoint at epoch 78
2026-05-05 22:28:34,238 [Trainer] :: No validation IoU improvement for 49 epoch(s)
2026-05-05 22:28:34,238 [Trainer] :: Starting epoch 79
2026-05-05 22:32:42,747 [Trainer] :: Completed epoch 79: train_loss=0.067134 train_iou=0.935553 val_loss=0.363530 val_iou=0.606041 lr=0.00008401
2026-05-05 22:32:43,195 [Trainer] :: Updated latest checkpoint at epoch 79
2026-05-05 22:32:43,195 [Trainer] :: No validation IoU improvement for 50 epoch(s)
2026-05-05 22:32:43,195 [Trainer] :: Starting epoch 80
2026-05-05 22:36:52,045 [Trainer] :: Completed epoch 80: train_loss=0.066606 train_iou=0.936778 val_loss=0.403972 val_iou=0.608178 lr=0.00008362
2026-05-05 22:36:52,439 [Trainer] :: Updated latest checkpoint at epoch 80
2026-05-05 22:36:52,439 [Trainer] :: No validation IoU improvement for 51 epoch(s)
2026-05-05 22:36:52,439 [Trainer] :: Starting epoch 81
2026-05-05 22:40:59,379 [Trainer] :: Completed epoch 81: train_loss=0.066663 train_iou=0.936193 val_loss=0.387609 val_iou=0.608183 lr=0.00008323
2026-05-05 22:40:59,754 [Trainer] :: Updated latest checkpoint at epoch 81
2026-05-05 22:40:59,754 [Trainer] :: No validation IoU improvement for 52 epoch(s)
2026-05-05 22:40:59,754 [Trainer] :: Starting epoch 82
2026-05-05 22:45:13,808 [Trainer] :: Completed epoch 82: train_loss=0.068666 train_iou=0.934592 val_loss=0.379292 val_iou=0.615218 lr=0.00008284
2026-05-05 22:45:14,491 [Trainer] :: Updated latest checkpoint at epoch 82
2026-05-05 22:45:14,492 [Trainer] :: No validation IoU improvement for 53 epoch(s)
2026-05-05 22:45:14,492 [Trainer] :: Starting epoch 83
2026-05-05 22:49:21,685 [Trainer] :: Completed epoch 83: train_loss=0.067171 train_iou=0.935712 val_loss=0.370136 val_iou=0.627053 lr=0.00008245
2026-05-05 22:49:22,068 [Trainer] :: Updated latest checkpoint at epoch 83
2026-05-05 22:49:22,068 [Trainer] :: No validation IoU improvement for 54 epoch(s)
2026-05-05 22:49:22,068 [Trainer] :: Starting epoch 84
2026-05-05 22:53:41,990 [Trainer] :: Completed epoch 84: train_loss=0.066245 train_iou=0.936639 val_loss=0.444619 val_iou=0.591702 lr=0.00008205
2026-05-05 22:53:42,450 [Trainer] :: Updated latest checkpoint at epoch 84
2026-05-05 22:53:42,450 [Trainer] :: No validation IoU improvement for 55 epoch(s)
2026-05-05 22:53:42,450 [Trainer] :: Starting epoch 85
2026-05-05 22:57:57,157 [Trainer] :: Completed epoch 85: train_loss=0.068158 train_iou=0.935870 val_loss=0.483383 val_iou=0.557893 lr=0.00008165
2026-05-05 22:57:57,728 [Trainer] :: Updated latest checkpoint at epoch 85
2026-05-05 22:57:57,728 [Trainer] :: No validation IoU improvement for 56 epoch(s)
2026-05-05 22:57:57,728 [Trainer] :: Starting epoch 86
2026-05-05 23:02:22,461 [Trainer] :: Completed epoch 86: train_loss=0.066513 train_iou=0.936655 val_loss=0.441290 val_iou=0.600173 lr=0.00008125
2026-05-05 23:02:22,905 [Trainer] :: Updated latest checkpoint at epoch 86
2026-05-05 23:02:22,905 [Trainer] :: No validation IoU improvement for 57 epoch(s)
2026-05-05 23:02:22,905 [Trainer] :: Starting epoch 87
2026-05-05 23:06:33,060 [Trainer] :: Completed epoch 87: train_loss=0.067133 train_iou=0.936247 val_loss=0.472185 val_iou=0.560053 lr=0.00008084
2026-05-05 23:06:33,437 [Trainer] :: Updated latest checkpoint at epoch 87
2026-05-05 23:06:33,437 [Trainer] :: No validation IoU improvement for 58 epoch(s)
2026-05-05 23:06:33,437 [Trainer] :: Starting epoch 88
2026-05-05 23:10:31,892 [Trainer] :: Completed epoch 88: train_loss=0.065382 train_iou=0.937625 val_loss=0.401371 val_iou=0.602334 lr=0.00008043
2026-05-05 23:10:32,300 [Trainer] :: Updated latest checkpoint at epoch 88
2026-05-05 23:10:32,300 [Trainer] :: No validation IoU improvement for 59 epoch(s)
2026-05-05 23:10:32,300 [Trainer] :: Starting epoch 89
2026-05-05 23:14:38,110 [Trainer] :: Completed epoch 89: train_loss=0.065157 train_iou=0.937338 val_loss=0.424629 val_iou=0.592192 lr=0.00008001
2026-05-05 23:14:38,466 [Trainer] :: Updated latest checkpoint at epoch 89
2026-05-05 23:14:38,466 [Trainer] :: No validation IoU improvement for 60 epoch(s)
2026-05-05 23:14:38,466 [Trainer] :: Early stopping triggered after 60 epoch(s) without improvement
2026-05-05 23:18:48,111 [Trainer] :: Wrote training history to outputs/runs/rgb_deeplabv3plus_resnet50_fuzzy_halo_seed49_20260505T145848Z/metrics/history.json
2026-05-05 23:18:48,114 [Trainer] :: Wrote test summary to outputs/runs/rgb_deeplabv3plus_resnet50_fuzzy_halo_seed49_20260505T145848Z/metrics/test_summary.json
2026-05-05 23:18:48,115 [Trainer] :: Training completed
