2026-05-08 07:10:09,913 [Trainer] :: Training run initialized at /ceph/home/student.aau.dk/qd36zu/fuzzy-p10/tbd/masking/outputs/runs/real_msi_segformer_b1_fuzzy_halo_seed50_20260508T051009Z
2026-05-08 07:10:09,914 [Trainer] :: Loaded config from /ceph/home/student.aau.dk/qd36zu/fuzzy-p10/tbd/masking/configs/fuzzy/real_msi_segformer_b1.yaml
2026-05-08 07:10:09,914 [Trainer] :: Using seed=50 and device=None
2026-05-08 07:10:09,914 [Trainer] :: Using model architecture=Segformer encoder=mit_b1 encoder_weights=imagenet
2026-05-08 07:10:10,215 [Trainer] :: Resolved runtime device to cuda
2026-05-08 07:10:10,215 [Trainer] :: Prepared normalization from source=train_split_patch_stats
2026-05-08 07:10:22,006 [Trainer] :: Built dataloaders with batch_size=16, num_workers=0
2026-05-08 07:10:22,007 [Trainer] :: Starting epoch 1
2026-05-08 07:15:23,656 [Trainer] :: Completed epoch 1: train_loss=0.372628 train_iou=0.690950 val_loss=0.353202 val_iou=0.576098 lr=0.00010000
2026-05-08 07:15:23,915 [Trainer] :: Updated latest checkpoint at epoch 1
2026-05-08 07:15:24,514 [Trainer] :: New best checkpoint saved with val_iou=0.576098
2026-05-08 07:15:24,514 [Trainer] :: Starting epoch 2
2026-05-08 07:21:24,838 [Trainer] :: Completed epoch 2: train_loss=0.283365 train_iou=0.768684 val_loss=0.319678 val_iou=0.577451 lr=0.00009999
2026-05-08 07:21:25,030 [Trainer] :: Updated latest checkpoint at epoch 2
2026-05-08 07:21:25,214 [Trainer] :: New best checkpoint saved with val_iou=0.577451
2026-05-08 07:21:25,214 [Trainer] :: Starting epoch 3
2026-05-08 07:27:03,369 [Trainer] :: Completed epoch 3: train_loss=0.259397 train_iou=0.786288 val_loss=0.357890 val_iou=0.583006 lr=0.00009998
2026-05-08 07:27:03,559 [Trainer] :: Updated latest checkpoint at epoch 3
2026-05-08 07:27:03,742 [Trainer] :: New best checkpoint saved with val_iou=0.583006
2026-05-08 07:27:03,742 [Trainer] :: Starting epoch 4
2026-05-08 07:32:36,927 [Trainer] :: Completed epoch 4: train_loss=0.247239 train_iou=0.795145 val_loss=0.297292 val_iou=0.629892 lr=0.00009996
2026-05-08 07:32:37,131 [Trainer] :: Updated latest checkpoint at epoch 4
2026-05-08 07:32:37,323 [Trainer] :: New best checkpoint saved with val_iou=0.629892
2026-05-08 07:32:37,323 [Trainer] :: Starting epoch 5
2026-05-08 07:38:21,751 [Trainer] :: Completed epoch 5: train_loss=0.235857 train_iou=0.803044 val_loss=0.322623 val_iou=0.554559 lr=0.00009993
2026-05-08 07:38:22,141 [Trainer] :: Updated latest checkpoint at epoch 5
2026-05-08 07:38:22,142 [Trainer] :: No validation IoU improvement for 1 epoch(s)
2026-05-08 07:38:22,142 [Trainer] :: Starting epoch 6
2026-05-08 07:43:53,755 [Trainer] :: Completed epoch 6: train_loss=0.227652 train_iou=0.808687 val_loss=0.352316 val_iou=0.599255 lr=0.00009990
2026-05-08 07:43:54,163 [Trainer] :: Updated latest checkpoint at epoch 6
2026-05-08 07:43:54,163 [Trainer] :: No validation IoU improvement for 2 epoch(s)
2026-05-08 07:43:54,163 [Trainer] :: Starting epoch 7
2026-05-08 07:49:25,571 [Trainer] :: Completed epoch 7: train_loss=0.228721 train_iou=0.808101 val_loss=0.312124 val_iou=0.580871 lr=0.00009987
2026-05-08 07:49:25,842 [Trainer] :: Updated latest checkpoint at epoch 7
2026-05-08 07:49:25,843 [Trainer] :: No validation IoU improvement for 3 epoch(s)
2026-05-08 07:49:25,843 [Trainer] :: Starting epoch 8
2026-05-08 07:54:55,207 [Trainer] :: Completed epoch 8: train_loss=0.217151 train_iou=0.816684 val_loss=0.280110 val_iou=0.647130 lr=0.00009983
2026-05-08 07:54:55,568 [Trainer] :: Updated latest checkpoint at epoch 8
2026-05-08 07:54:55,851 [Trainer] :: New best checkpoint saved with val_iou=0.647130
2026-05-08 07:54:55,851 [Trainer] :: Starting epoch 9
2026-05-08 08:00:22,892 [Trainer] :: Completed epoch 9: train_loss=0.215275 train_iou=0.820748 val_loss=0.281897 val_iou=0.635060 lr=0.00009978
2026-05-08 08:00:23,332 [Trainer] :: Updated latest checkpoint at epoch 9
2026-05-08 08:00:23,332 [Trainer] :: No validation IoU improvement for 1 epoch(s)
2026-05-08 08:00:23,333 [Trainer] :: Starting epoch 10
2026-05-08 08:06:51,753 [Trainer] :: Completed epoch 10: train_loss=0.207612 train_iou=0.823402 val_loss=0.280006 val_iou=0.649084 lr=0.00009973
2026-05-08 08:06:52,090 [Trainer] :: Updated latest checkpoint at epoch 10
2026-05-08 08:06:52,497 [Trainer] :: New best checkpoint saved with val_iou=0.649084
2026-05-08 08:06:52,497 [Trainer] :: Starting epoch 11
2026-05-08 08:14:51,857 [Trainer] :: Completed epoch 11: train_loss=0.204789 train_iou=0.826659 val_loss=0.301840 val_iou=0.628250 lr=0.00009967
2026-05-08 08:14:52,267 [Trainer] :: Updated latest checkpoint at epoch 11
2026-05-08 08:14:52,268 [Trainer] :: No validation IoU improvement for 1 epoch(s)
2026-05-08 08:14:52,268 [Trainer] :: Starting epoch 12
2026-05-08 08:22:26,394 [Trainer] :: Completed epoch 12: train_loss=0.198616 train_iou=0.830503 val_loss=0.300268 val_iou=0.609704 lr=0.00009961
2026-05-08 08:22:26,610 [Trainer] :: Updated latest checkpoint at epoch 12
2026-05-08 08:22:26,610 [Trainer] :: No validation IoU improvement for 2 epoch(s)
2026-05-08 08:22:26,610 [Trainer] :: Starting epoch 13
2026-05-08 08:28:44,231 [Trainer] :: Completed epoch 13: train_loss=0.188921 train_iou=0.833396 val_loss=0.287088 val_iou=0.637492 lr=0.00009954
2026-05-08 08:28:44,542 [Trainer] :: Updated latest checkpoint at epoch 13
2026-05-08 08:28:44,542 [Trainer] :: No validation IoU improvement for 3 epoch(s)
2026-05-08 08:28:44,543 [Trainer] :: Starting epoch 14
2026-05-08 08:34:18,004 [Trainer] :: Completed epoch 14: train_loss=0.185857 train_iou=0.836822 val_loss=0.295334 val_iou=0.638484 lr=0.00009947
2026-05-08 08:34:18,271 [Trainer] :: Updated latest checkpoint at epoch 14
2026-05-08 08:34:18,272 [Trainer] :: No validation IoU improvement for 4 epoch(s)
2026-05-08 08:34:18,272 [Trainer] :: Starting epoch 15
2026-05-08 08:40:52,407 [Trainer] :: Completed epoch 15: train_loss=0.177227 train_iou=0.841001 val_loss=0.296197 val_iou=0.647364 lr=0.00009939
2026-05-08 08:40:52,811 [Trainer] :: Updated latest checkpoint at epoch 15
2026-05-08 08:40:52,811 [Trainer] :: No validation IoU improvement for 5 epoch(s)
2026-05-08 08:40:52,811 [Trainer] :: Starting epoch 16
2026-05-08 08:47:23,746 [Trainer] :: Completed epoch 16: train_loss=0.174640 train_iou=0.842447 val_loss=0.307687 val_iou=0.605306 lr=0.00009931
2026-05-08 08:47:24,999 [Trainer] :: Updated latest checkpoint at epoch 16
2026-05-08 08:47:24,999 [Trainer] :: No validation IoU improvement for 6 epoch(s)
2026-05-08 08:47:24,999 [Trainer] :: Starting epoch 17
2026-05-08 08:52:31,795 [Trainer] :: Completed epoch 17: train_loss=0.172538 train_iou=0.843879 val_loss=0.306718 val_iou=0.604792 lr=0.00009922
2026-05-08 08:52:32,143 [Trainer] :: Updated latest checkpoint at epoch 17
2026-05-08 08:52:32,143 [Trainer] :: No validation IoU improvement for 7 epoch(s)
2026-05-08 08:52:32,143 [Trainer] :: Starting epoch 18
2026-05-08 08:57:14,141 [Trainer] :: Completed epoch 18: train_loss=0.164877 train_iou=0.848791 val_loss=0.290998 val_iou=0.634776 lr=0.00009912
2026-05-08 08:57:14,558 [Trainer] :: Updated latest checkpoint at epoch 18
2026-05-08 08:57:14,558 [Trainer] :: No validation IoU improvement for 8 epoch(s)
2026-05-08 08:57:14,558 [Trainer] :: Starting epoch 19
2026-05-08 09:01:45,559 [Trainer] :: Completed epoch 19: train_loss=0.166346 train_iou=0.848939 val_loss=0.341327 val_iou=0.564141 lr=0.00009902
2026-05-08 09:01:45,946 [Trainer] :: Updated latest checkpoint at epoch 19
2026-05-08 09:01:45,946 [Trainer] :: No validation IoU improvement for 9 epoch(s)
2026-05-08 09:01:45,946 [Trainer] :: Starting epoch 20
2026-05-08 09:06:15,100 [Trainer] :: Completed epoch 20: train_loss=0.156433 train_iou=0.854653 val_loss=0.296877 val_iou=0.658464 lr=0.00009892
2026-05-08 09:06:15,444 [Trainer] :: Updated latest checkpoint at epoch 20
2026-05-08 09:06:15,637 [Trainer] :: New best checkpoint saved with val_iou=0.658464
2026-05-08 09:06:15,637 [Trainer] :: Starting epoch 21
2026-05-08 09:10:47,518 [Trainer] :: Completed epoch 21: train_loss=0.150241 train_iou=0.859540 val_loss=0.290791 val_iou=0.628824 lr=0.00009881
2026-05-08 09:10:48,004 [Trainer] :: Updated latest checkpoint at epoch 21
2026-05-08 09:10:48,004 [Trainer] :: No validation IoU improvement for 1 epoch(s)
2026-05-08 09:10:48,004 [Trainer] :: Starting epoch 22
2026-05-08 09:15:20,844 [Trainer] :: Completed epoch 22: train_loss=0.153358 train_iou=0.859307 val_loss=0.293560 val_iou=0.638903 lr=0.00009869
2026-05-08 09:15:21,564 [Trainer] :: Updated latest checkpoint at epoch 22
2026-05-08 09:15:21,564 [Trainer] :: No validation IoU improvement for 2 epoch(s)
2026-05-08 09:15:21,564 [Trainer] :: Starting epoch 23
2026-05-08 09:19:49,453 [Trainer] :: Completed epoch 23: train_loss=0.147969 train_iou=0.861116 val_loss=0.313344 val_iou=0.600940 lr=0.00009857
2026-05-08 09:19:49,858 [Trainer] :: Updated latest checkpoint at epoch 23
2026-05-08 09:19:49,858 [Trainer] :: No validation IoU improvement for 3 epoch(s)
2026-05-08 09:19:49,858 [Trainer] :: Starting epoch 24
2026-05-08 09:24:20,657 [Trainer] :: Completed epoch 24: train_loss=0.143166 train_iou=0.863892 val_loss=0.290957 val_iou=0.638974 lr=0.00009844
2026-05-08 09:24:20,865 [Trainer] :: Updated latest checkpoint at epoch 24
2026-05-08 09:24:20,865 [Trainer] :: No validation IoU improvement for 4 epoch(s)
2026-05-08 09:24:20,865 [Trainer] :: Starting epoch 25
2026-05-08 09:38:13,794 [Trainer] :: Completed epoch 25: train_loss=0.144832 train_iou=0.863492 val_loss=0.286759 val_iou=0.648079 lr=0.00009831
2026-05-08 09:38:14,233 [Trainer] :: Updated latest checkpoint at epoch 25
2026-05-08 09:38:14,233 [Trainer] :: No validation IoU improvement for 5 epoch(s)
2026-05-08 09:38:14,233 [Trainer] :: Starting epoch 26
2026-05-08 09:50:42,917 [Trainer] :: Completed epoch 26: train_loss=0.145333 train_iou=0.861440 val_loss=0.285998 val_iou=0.631502 lr=0.00009818
2026-05-08 09:50:43,489 [Trainer] :: Updated latest checkpoint at epoch 26
2026-05-08 09:50:43,489 [Trainer] :: No validation IoU improvement for 6 epoch(s)
2026-05-08 09:50:43,489 [Trainer] :: Starting epoch 27
2026-05-08 09:55:54,210 [Trainer] :: Completed epoch 27: train_loss=0.136945 train_iou=0.869816 val_loss=0.304785 val_iou=0.612712 lr=0.00009803
2026-05-08 09:55:54,838 [Trainer] :: Updated latest checkpoint at epoch 27
2026-05-08 09:55:54,838 [Trainer] :: No validation IoU improvement for 7 epoch(s)
2026-05-08 09:55:54,838 [Trainer] :: Starting epoch 28
2026-05-08 10:01:07,020 [Trainer] :: Completed epoch 28: train_loss=0.139437 train_iou=0.868179 val_loss=0.312002 val_iou=0.641430 lr=0.00009789
2026-05-08 10:01:07,282 [Trainer] :: Updated latest checkpoint at epoch 28
2026-05-08 10:01:07,282 [Trainer] :: No validation IoU improvement for 8 epoch(s)
2026-05-08 10:01:07,282 [Trainer] :: Starting epoch 29
2026-05-08 10:05:50,469 [Trainer] :: Completed epoch 29: train_loss=0.139311 train_iou=0.867930 val_loss=0.304918 val_iou=0.622273 lr=0.00009773
2026-05-08 10:05:50,848 [Trainer] :: Updated latest checkpoint at epoch 29
2026-05-08 10:05:50,848 [Trainer] :: No validation IoU improvement for 9 epoch(s)
2026-05-08 10:05:50,848 [Trainer] :: Starting epoch 30
2026-05-08 10:10:33,697 [Trainer] :: Completed epoch 30: train_loss=0.135435 train_iou=0.872468 val_loss=0.315606 val_iou=0.604243 lr=0.00009758
2026-05-08 10:10:34,013 [Trainer] :: Updated latest checkpoint at epoch 30
2026-05-08 10:10:34,013 [Trainer] :: No validation IoU improvement for 10 epoch(s)
2026-05-08 10:10:34,013 [Trainer] :: Starting epoch 31
2026-05-08 10:16:03,397 [Trainer] :: Completed epoch 31: train_loss=0.132034 train_iou=0.873923 val_loss=0.322516 val_iou=0.592253 lr=0.00009741
2026-05-08 10:16:03,822 [Trainer] :: Updated latest checkpoint at epoch 31
2026-05-08 10:16:03,822 [Trainer] :: No validation IoU improvement for 11 epoch(s)
2026-05-08 10:16:03,822 [Trainer] :: Starting epoch 32
2026-05-08 10:39:01,280 [Trainer] :: Completed epoch 32: train_loss=0.126789 train_iou=0.877074 val_loss=0.297885 val_iou=0.639156 lr=0.00009725
2026-05-08 10:39:02,016 [Trainer] :: Updated latest checkpoint at epoch 32
2026-05-08 10:39:02,016 [Trainer] :: No validation IoU improvement for 12 epoch(s)
2026-05-08 10:39:02,016 [Trainer] :: Starting epoch 33
2026-05-08 10:44:40,224 [Trainer] :: Completed epoch 33: train_loss=0.126590 train_iou=0.879365 val_loss=0.319681 val_iou=0.636249 lr=0.00009707
2026-05-08 10:44:41,007 [Trainer] :: Updated latest checkpoint at epoch 33
2026-05-08 10:44:41,008 [Trainer] :: No validation IoU improvement for 13 epoch(s)
2026-05-08 10:44:41,008 [Trainer] :: Starting epoch 34
2026-05-08 10:49:57,029 [Trainer] :: Completed epoch 34: train_loss=0.123146 train_iou=0.883973 val_loss=0.303826 val_iou=0.634274 lr=0.00009690
2026-05-08 10:49:57,278 [Trainer] :: Updated latest checkpoint at epoch 34
2026-05-08 10:49:57,278 [Trainer] :: No validation IoU improvement for 14 epoch(s)
2026-05-08 10:49:57,278 [Trainer] :: Starting epoch 35
2026-05-08 10:57:18,979 [Trainer] :: Completed epoch 35: train_loss=0.124747 train_iou=0.880367 val_loss=0.328253 val_iou=0.628859 lr=0.00009671
2026-05-08 10:57:19,240 [Trainer] :: Updated latest checkpoint at epoch 35
2026-05-08 10:57:19,240 [Trainer] :: No validation IoU improvement for 15 epoch(s)
2026-05-08 10:57:19,240 [Trainer] :: Starting epoch 36
2026-05-08 11:01:51,510 [Trainer] :: Completed epoch 36: train_loss=0.122841 train_iou=0.881186 val_loss=0.292494 val_iou=0.645810 lr=0.00009652
2026-05-08 11:01:52,665 [Trainer] :: Updated latest checkpoint at epoch 36
2026-05-08 11:01:52,666 [Trainer] :: No validation IoU improvement for 16 epoch(s)
2026-05-08 11:01:52,666 [Trainer] :: Starting epoch 37
2026-05-08 11:06:25,197 [Trainer] :: Completed epoch 37: train_loss=0.118558 train_iou=0.886722 val_loss=0.316639 val_iou=0.638045 lr=0.00009633
2026-05-08 11:06:25,533 [Trainer] :: Updated latest checkpoint at epoch 37
2026-05-08 11:06:25,533 [Trainer] :: No validation IoU improvement for 17 epoch(s)
2026-05-08 11:06:25,533 [Trainer] :: Starting epoch 38
2026-05-08 11:11:26,723 [Trainer] :: Completed epoch 38: train_loss=0.119831 train_iou=0.886560 val_loss=0.315710 val_iou=0.619870 lr=0.00009613
2026-05-08 11:11:27,067 [Trainer] :: Updated latest checkpoint at epoch 38
2026-05-08 11:11:27,067 [Trainer] :: No validation IoU improvement for 18 epoch(s)
2026-05-08 11:11:27,067 [Trainer] :: Starting epoch 39
2026-05-08 11:18:42,556 [Trainer] :: Completed epoch 39: train_loss=0.118463 train_iou=0.886246 val_loss=0.302165 val_iou=0.639783 lr=0.00009593
2026-05-08 11:18:43,037 [Trainer] :: Updated latest checkpoint at epoch 39
2026-05-08 11:18:43,037 [Trainer] :: No validation IoU improvement for 19 epoch(s)
2026-05-08 11:18:43,037 [Trainer] :: Starting epoch 40
2026-05-08 11:32:41,688 [Trainer] :: Completed epoch 40: train_loss=0.115496 train_iou=0.888624 val_loss=0.310951 val_iou=0.645856 lr=0.00009572
2026-05-08 11:32:41,907 [Trainer] :: Updated latest checkpoint at epoch 40
2026-05-08 11:32:41,907 [Trainer] :: No validation IoU improvement for 20 epoch(s)
2026-05-08 11:32:41,907 [Trainer] :: Starting epoch 41
2026-05-08 11:48:17,687 [Trainer] :: Completed epoch 41: train_loss=0.112858 train_iou=0.890604 val_loss=0.294402 val_iou=0.647058 lr=0.00009551
2026-05-08 11:48:18,159 [Trainer] :: Updated latest checkpoint at epoch 41
2026-05-08 11:48:18,159 [Trainer] :: No validation IoU improvement for 21 epoch(s)
2026-05-08 11:48:18,159 [Trainer] :: Starting epoch 42
2026-05-08 11:52:59,284 [Trainer] :: Completed epoch 42: train_loss=0.114333 train_iou=0.888657 val_loss=0.313983 val_iou=0.621987 lr=0.00009529
2026-05-08 11:52:59,499 [Trainer] :: Updated latest checkpoint at epoch 42
2026-05-08 11:52:59,499 [Trainer] :: No validation IoU improvement for 22 epoch(s)
2026-05-08 11:52:59,499 [Trainer] :: Starting epoch 43
2026-05-08 11:58:05,317 [Trainer] :: Completed epoch 43: train_loss=0.111597 train_iou=0.891701 val_loss=0.308207 val_iou=0.638504 lr=0.00009507
2026-05-08 11:58:05,699 [Trainer] :: Updated latest checkpoint at epoch 43
2026-05-08 11:58:05,699 [Trainer] :: No validation IoU improvement for 23 epoch(s)
2026-05-08 11:58:05,699 [Trainer] :: Starting epoch 44
2026-05-08 12:02:16,305 [Trainer] :: Completed epoch 44: train_loss=0.108070 train_iou=0.895636 val_loss=0.309968 val_iou=0.641629 lr=0.00009484
2026-05-08 12:02:16,987 [Trainer] :: Updated latest checkpoint at epoch 44
2026-05-08 12:02:16,987 [Trainer] :: No validation IoU improvement for 24 epoch(s)
2026-05-08 12:02:16,987 [Trainer] :: Starting epoch 45
2026-05-08 12:06:45,467 [Trainer] :: Completed epoch 45: train_loss=0.107791 train_iou=0.896000 val_loss=0.307682 val_iou=0.647285 lr=0.00009460
2026-05-08 12:06:45,695 [Trainer] :: Updated latest checkpoint at epoch 45
2026-05-08 12:06:45,696 [Trainer] :: No validation IoU improvement for 25 epoch(s)
2026-05-08 12:06:45,696 [Trainer] :: Starting epoch 46
2026-05-08 12:11:09,388 [Trainer] :: Completed epoch 46: train_loss=0.107183 train_iou=0.898026 val_loss=0.313968 val_iou=0.633147 lr=0.00009437
2026-05-08 12:11:09,636 [Trainer] :: Updated latest checkpoint at epoch 46
2026-05-08 12:11:09,636 [Trainer] :: No validation IoU improvement for 26 epoch(s)
2026-05-08 12:11:09,636 [Trainer] :: Starting epoch 47
2026-05-08 12:15:48,280 [Trainer] :: Completed epoch 47: train_loss=0.108704 train_iou=0.895812 val_loss=0.314249 val_iou=0.642228 lr=0.00009412
2026-05-08 12:15:48,631 [Trainer] :: Updated latest checkpoint at epoch 47
2026-05-08 12:15:48,631 [Trainer] :: No validation IoU improvement for 27 epoch(s)
2026-05-08 12:15:48,631 [Trainer] :: Starting epoch 48
2026-05-08 12:20:46,941 [Trainer] :: Completed epoch 48: train_loss=0.107346 train_iou=0.898146 val_loss=0.318220 val_iou=0.639110 lr=0.00009388
2026-05-08 12:20:47,156 [Trainer] :: Updated latest checkpoint at epoch 48
2026-05-08 12:20:47,156 [Trainer] :: No validation IoU improvement for 28 epoch(s)
2026-05-08 12:20:47,156 [Trainer] :: Starting epoch 49
2026-05-08 12:26:14,881 [Trainer] :: Completed epoch 49: train_loss=0.102851 train_iou=0.900694 val_loss=0.306672 val_iou=0.641347 lr=0.00009363
2026-05-08 12:26:15,229 [Trainer] :: Updated latest checkpoint at epoch 49
2026-05-08 12:26:15,229 [Trainer] :: No validation IoU improvement for 29 epoch(s)
2026-05-08 12:26:15,229 [Trainer] :: Starting epoch 50
2026-05-08 12:31:38,221 [Trainer] :: Completed epoch 50: train_loss=0.103662 train_iou=0.899027 val_loss=0.315808 val_iou=0.642320 lr=0.00009337
2026-05-08 12:31:38,797 [Trainer] :: Updated latest checkpoint at epoch 50
2026-05-08 12:31:38,797 [Trainer] :: No validation IoU improvement for 30 epoch(s)
2026-05-08 12:31:38,797 [Trainer] :: Starting epoch 51
2026-05-08 12:36:52,401 [Trainer] :: Completed epoch 51: train_loss=0.103712 train_iou=0.901441 val_loss=0.335199 val_iou=0.631917 lr=0.00009311
2026-05-08 12:36:53,306 [Trainer] :: Updated latest checkpoint at epoch 51
2026-05-08 12:36:53,306 [Trainer] :: No validation IoU improvement for 31 epoch(s)
2026-05-08 12:36:53,306 [Trainer] :: Starting epoch 52
2026-05-08 12:42:21,338 [Trainer] :: Completed epoch 52: train_loss=0.100510 train_iou=0.902910 val_loss=0.319990 val_iou=0.648166 lr=0.00009284
2026-05-08 12:42:21,885 [Trainer] :: Updated latest checkpoint at epoch 52
2026-05-08 12:42:21,885 [Trainer] :: No validation IoU improvement for 32 epoch(s)
2026-05-08 12:42:21,886 [Trainer] :: Starting epoch 53
2026-05-08 12:48:33,985 [Trainer] :: Completed epoch 53: train_loss=0.098752 train_iou=0.905075 val_loss=0.311713 val_iou=0.631957 lr=0.00009257
2026-05-08 12:48:34,495 [Trainer] :: Updated latest checkpoint at epoch 53
2026-05-08 12:48:34,495 [Trainer] :: No validation IoU improvement for 33 epoch(s)
2026-05-08 12:48:34,495 [Trainer] :: Starting epoch 54
2026-05-08 12:53:23,713 [Trainer] :: Completed epoch 54: train_loss=0.100969 train_iou=0.904208 val_loss=0.333042 val_iou=0.645810 lr=0.00009229
2026-05-08 12:53:24,109 [Trainer] :: Updated latest checkpoint at epoch 54
2026-05-08 12:53:24,109 [Trainer] :: No validation IoU improvement for 34 epoch(s)
2026-05-08 12:53:24,109 [Trainer] :: Starting epoch 55
2026-05-08 12:58:07,268 [Trainer] :: Completed epoch 55: train_loss=0.099773 train_iou=0.903990 val_loss=0.344910 val_iou=0.603104 lr=0.00009201
2026-05-08 12:58:07,850 [Trainer] :: Updated latest checkpoint at epoch 55
2026-05-08 12:58:07,850 [Trainer] :: No validation IoU improvement for 35 epoch(s)
2026-05-08 12:58:07,850 [Trainer] :: Starting epoch 56
2026-05-08 13:03:18,574 [Trainer] :: Completed epoch 56: train_loss=0.099711 train_iou=0.903836 val_loss=0.330449 val_iou=0.634572 lr=0.00009173
2026-05-08 13:03:19,154 [Trainer] :: Updated latest checkpoint at epoch 56
2026-05-08 13:03:19,154 [Trainer] :: No validation IoU improvement for 36 epoch(s)
2026-05-08 13:03:19,154 [Trainer] :: Starting epoch 57
2026-05-08 13:08:31,468 [Trainer] :: Completed epoch 57: train_loss=0.096930 train_iou=0.908339 val_loss=0.327492 val_iou=0.631486 lr=0.00009144
2026-05-08 13:08:32,212 [Trainer] :: Updated latest checkpoint at epoch 57
2026-05-08 13:08:32,212 [Trainer] :: No validation IoU improvement for 37 epoch(s)
2026-05-08 13:08:32,212 [Trainer] :: Starting epoch 58
2026-05-08 13:12:16,918 [Trainer] :: Completed epoch 58: train_loss=0.096558 train_iou=0.906868 val_loss=0.329773 val_iou=0.648827 lr=0.00009115
2026-05-08 13:12:17,636 [Trainer] :: Updated latest checkpoint at epoch 58
2026-05-08 13:12:17,636 [Trainer] :: No validation IoU improvement for 38 epoch(s)
2026-05-08 13:12:17,636 [Trainer] :: Starting epoch 59
2026-05-08 13:15:58,984 [Trainer] :: Completed epoch 59: train_loss=0.094145 train_iou=0.910726 val_loss=0.328509 val_iou=0.637037 lr=0.00009085
2026-05-08 13:16:00,509 [Trainer] :: Updated latest checkpoint at epoch 59
2026-05-08 13:16:00,509 [Trainer] :: No validation IoU improvement for 39 epoch(s)
2026-05-08 13:16:00,509 [Trainer] :: Starting epoch 60
2026-05-08 13:19:41,156 [Trainer] :: Completed epoch 60: train_loss=0.095128 train_iou=0.908372 val_loss=0.333771 val_iou=0.615374 lr=0.00009055
2026-05-08 13:19:41,521 [Trainer] :: Updated latest checkpoint at epoch 60
2026-05-08 13:19:41,521 [Trainer] :: No validation IoU improvement for 40 epoch(s)
2026-05-08 13:19:41,521 [Trainer] :: Starting epoch 61
2026-05-08 13:23:27,704 [Trainer] :: Completed epoch 61: train_loss=0.094437 train_iou=0.908468 val_loss=0.321987 val_iou=0.641961 lr=0.00009024
2026-05-08 13:23:28,152 [Trainer] :: Updated latest checkpoint at epoch 61
2026-05-08 13:23:28,152 [Trainer] :: No validation IoU improvement for 41 epoch(s)
2026-05-08 13:23:28,152 [Trainer] :: Starting epoch 62
2026-05-08 13:27:08,673 [Trainer] :: Completed epoch 62: train_loss=0.093210 train_iou=0.910426 val_loss=0.335282 val_iou=0.625134 lr=0.00008993
2026-05-08 13:27:09,315 [Trainer] :: Updated latest checkpoint at epoch 62
2026-05-08 13:27:09,316 [Trainer] :: No validation IoU improvement for 42 epoch(s)
2026-05-08 13:27:09,316 [Trainer] :: Starting epoch 63
2026-05-08 13:30:49,230 [Trainer] :: Completed epoch 63: train_loss=0.093932 train_iou=0.910021 val_loss=0.345423 val_iou=0.618534 lr=0.00008961
2026-05-08 13:30:49,582 [Trainer] :: Updated latest checkpoint at epoch 63
2026-05-08 13:30:49,582 [Trainer] :: No validation IoU improvement for 43 epoch(s)
2026-05-08 13:30:49,582 [Trainer] :: Starting epoch 64
2026-05-08 13:34:38,264 [Trainer] :: Completed epoch 64: train_loss=0.092388 train_iou=0.909554 val_loss=0.317266 val_iou=0.645728 lr=0.00008929
2026-05-08 13:34:38,957 [Trainer] :: Updated latest checkpoint at epoch 64
2026-05-08 13:34:38,957 [Trainer] :: No validation IoU improvement for 44 epoch(s)
2026-05-08 13:34:38,957 [Trainer] :: Starting epoch 65
2026-05-08 13:38:39,426 [Trainer] :: Completed epoch 65: train_loss=0.091308 train_iou=0.912924 val_loss=0.376600 val_iou=0.586736 lr=0.00008897
2026-05-08 13:38:39,711 [Trainer] :: Updated latest checkpoint at epoch 65
2026-05-08 13:38:39,711 [Trainer] :: No validation IoU improvement for 45 epoch(s)
2026-05-08 13:38:39,711 [Trainer] :: Starting epoch 66
2026-05-08 13:42:44,722 [Trainer] :: Completed epoch 66: train_loss=0.090890 train_iou=0.912893 val_loss=0.328739 val_iou=0.641666 lr=0.00008864
2026-05-08 13:42:45,238 [Trainer] :: Updated latest checkpoint at epoch 66
2026-05-08 13:42:45,238 [Trainer] :: No validation IoU improvement for 46 epoch(s)
2026-05-08 13:42:45,238 [Trainer] :: Starting epoch 67
2026-05-08 13:47:06,672 [Trainer] :: Completed epoch 67: train_loss=0.089963 train_iou=0.912837 val_loss=0.358003 val_iou=0.627444 lr=0.00008831
2026-05-08 13:47:06,916 [Trainer] :: Updated latest checkpoint at epoch 67
2026-05-08 13:47:06,916 [Trainer] :: No validation IoU improvement for 47 epoch(s)
2026-05-08 13:47:06,916 [Trainer] :: Starting epoch 68
2026-05-08 13:51:10,305 [Trainer] :: Completed epoch 68: train_loss=0.090944 train_iou=0.913795 val_loss=0.331963 val_iou=0.645564 lr=0.00008797
2026-05-08 13:51:10,947 [Trainer] :: Updated latest checkpoint at epoch 68
2026-05-08 13:51:10,948 [Trainer] :: No validation IoU improvement for 48 epoch(s)
2026-05-08 13:51:10,948 [Trainer] :: Starting epoch 69
2026-05-08 13:55:26,751 [Trainer] :: Completed epoch 69: train_loss=0.089148 train_iou=0.914922 val_loss=0.331317 val_iou=0.630533 lr=0.00008763
2026-05-08 13:55:27,022 [Trainer] :: Updated latest checkpoint at epoch 69
2026-05-08 13:55:27,022 [Trainer] :: No validation IoU improvement for 49 epoch(s)
2026-05-08 13:55:27,022 [Trainer] :: Starting epoch 70
2026-05-08 13:59:23,092 [Trainer] :: Completed epoch 70: train_loss=0.086288 train_iou=0.917181 val_loss=0.353045 val_iou=0.612966 lr=0.00008729
2026-05-08 13:59:23,577 [Trainer] :: Updated latest checkpoint at epoch 70
2026-05-08 13:59:23,577 [Trainer] :: No validation IoU improvement for 50 epoch(s)
2026-05-08 13:59:23,578 [Trainer] :: Starting epoch 71
2026-05-08 14:03:45,622 [Trainer] :: Completed epoch 71: train_loss=0.087469 train_iou=0.915403 val_loss=0.346840 val_iou=0.634508 lr=0.00008694
2026-05-08 14:03:45,936 [Trainer] :: Updated latest checkpoint at epoch 71
2026-05-08 14:03:45,936 [Trainer] :: No validation IoU improvement for 51 epoch(s)
2026-05-08 14:03:45,936 [Trainer] :: Starting epoch 72
2026-05-08 14:07:54,047 [Trainer] :: Completed epoch 72: train_loss=0.085550 train_iou=0.917573 val_loss=0.336724 val_iou=0.630315 lr=0.00008658
2026-05-08 14:07:54,496 [Trainer] :: Updated latest checkpoint at epoch 72
2026-05-08 14:07:54,496 [Trainer] :: No validation IoU improvement for 52 epoch(s)
2026-05-08 14:07:54,496 [Trainer] :: Starting epoch 73
2026-05-08 14:12:22,105 [Trainer] :: Completed epoch 73: train_loss=0.086375 train_iou=0.917017 val_loss=0.325679 val_iou=0.641359 lr=0.00008623
2026-05-08 14:12:22,374 [Trainer] :: Updated latest checkpoint at epoch 73
2026-05-08 14:12:22,374 [Trainer] :: No validation IoU improvement for 53 epoch(s)
2026-05-08 14:12:22,374 [Trainer] :: Starting epoch 74
2026-05-08 14:16:20,611 [Trainer] :: Completed epoch 74: train_loss=0.085318 train_iou=0.917461 val_loss=0.341714 val_iou=0.618303 lr=0.00008587
2026-05-08 14:16:21,104 [Trainer] :: Updated latest checkpoint at epoch 74
2026-05-08 14:16:21,104 [Trainer] :: No validation IoU improvement for 54 epoch(s)
2026-05-08 14:16:21,105 [Trainer] :: Starting epoch 75
2026-05-08 14:21:54,102 [Trainer] :: Completed epoch 75: train_loss=0.085640 train_iou=0.917216 val_loss=0.317408 val_iou=0.644364 lr=0.00008550
2026-05-08 14:21:54,860 [Trainer] :: Updated latest checkpoint at epoch 75
2026-05-08 14:21:54,861 [Trainer] :: No validation IoU improvement for 55 epoch(s)
2026-05-08 14:21:54,861 [Trainer] :: Starting epoch 76
2026-05-08 14:28:04,488 [Trainer] :: Completed epoch 76: train_loss=0.083562 train_iou=0.919430 val_loss=0.340976 val_iou=0.629749 lr=0.00008513
2026-05-08 14:28:04,796 [Trainer] :: Updated latest checkpoint at epoch 76
2026-05-08 14:28:04,796 [Trainer] :: No validation IoU improvement for 56 epoch(s)
2026-05-08 14:28:04,796 [Trainer] :: Starting epoch 77
2026-05-08 14:32:45,484 [Trainer] :: Completed epoch 77: train_loss=0.085037 train_iou=0.918551 val_loss=0.344541 val_iou=0.627390 lr=0.00008476
2026-05-08 14:32:45,859 [Trainer] :: Updated latest checkpoint at epoch 77
2026-05-08 14:32:45,860 [Trainer] :: No validation IoU improvement for 57 epoch(s)
2026-05-08 14:32:45,860 [Trainer] :: Starting epoch 78
2026-05-08 14:37:26,975 [Trainer] :: Completed epoch 78: train_loss=0.084621 train_iou=0.917533 val_loss=0.345266 val_iou=0.606472 lr=0.00008439
2026-05-08 14:37:27,479 [Trainer] :: Updated latest checkpoint at epoch 78
2026-05-08 14:37:27,479 [Trainer] :: No validation IoU improvement for 58 epoch(s)
2026-05-08 14:37:27,479 [Trainer] :: Starting epoch 79
2026-05-08 14:42:09,499 [Trainer] :: Completed epoch 79: train_loss=0.085555 train_iou=0.917815 val_loss=0.341279 val_iou=0.624457 lr=0.00008401
2026-05-08 14:42:09,862 [Trainer] :: Updated latest checkpoint at epoch 79
2026-05-08 14:42:09,862 [Trainer] :: No validation IoU improvement for 59 epoch(s)
2026-05-08 14:42:09,862 [Trainer] :: Starting epoch 80
2026-05-08 14:46:50,936 [Trainer] :: Completed epoch 80: train_loss=0.082828 train_iou=0.919886 val_loss=0.335952 val_iou=0.639557 lr=0.00008362
2026-05-08 14:46:51,554 [Trainer] :: Updated latest checkpoint at epoch 80
2026-05-08 14:46:51,554 [Trainer] :: No validation IoU improvement for 60 epoch(s)
2026-05-08 14:46:51,554 [Trainer] :: Early stopping triggered after 60 epoch(s) without improvement
2026-05-08 14:51:08,139 [Trainer] :: Wrote training history to outputs/runs/real_msi_segformer_b1_fuzzy_halo_seed50_20260508T051009Z/metrics/history.json
2026-05-08 14:51:08,157 [Trainer] :: Wrote test summary to outputs/runs/real_msi_segformer_b1_fuzzy_halo_seed50_20260508T051009Z/metrics/test_summary.json
2026-05-08 14:51:08,157 [Trainer] :: Training completed
