2026-05-07 07:01:32,079 [Trainer] :: Training run initialized at /ceph/home/student.aau.dk/qd36zu/fuzzy-p10/tbd/masking/outputs/runs/real_msi_unetplusplus_resnet34_fuzzy_halo_seed46_20260507T050131Z
2026-05-07 07:01:32,079 [Trainer] :: Loaded config from /ceph/home/student.aau.dk/qd36zu/fuzzy-p10/tbd/masking/configs/fuzzy/real_msi_unetpp_resnet34.yaml
2026-05-07 07:01:32,079 [Trainer] :: Using seed=46 and device=None
2026-05-07 07:01:32,079 [Trainer] :: Using model architecture=UnetPlusPlus encoder=resnet34 encoder_weights=imagenet
2026-05-07 07:01:32,400 [Trainer] :: Resolved runtime device to cuda
2026-05-07 07:01:32,400 [Trainer] :: Prepared normalization from source=train_split_patch_stats
2026-05-07 07:01:48,831 [Trainer] :: Built dataloaders with batch_size=16, num_workers=0
2026-05-07 07:01:48,832 [Trainer] :: Starting epoch 1
2026-05-07 07:11:19,147 [Trainer] :: Completed epoch 1: train_loss=0.404172 train_iou=0.664155 val_loss=0.433965 val_iou=0.453381 lr=0.00010000
2026-05-07 07:11:20,054 [Trainer] :: Updated latest checkpoint at epoch 1
2026-05-07 07:11:20,697 [Trainer] :: New best checkpoint saved with val_iou=0.453381
2026-05-07 07:11:20,697 [Trainer] :: Starting epoch 2
2026-05-07 07:15:49,608 [Trainer] :: Completed epoch 2: train_loss=0.311029 train_iou=0.750797 val_loss=0.344937 val_iou=0.566345 lr=0.00009999
2026-05-07 07:15:50,008 [Trainer] :: Updated latest checkpoint at epoch 2
2026-05-07 07:15:50,369 [Trainer] :: New best checkpoint saved with val_iou=0.566345
2026-05-07 07:15:50,369 [Trainer] :: Starting epoch 3
2026-05-07 07:20:21,054 [Trainer] :: Completed epoch 3: train_loss=0.285033 train_iou=0.773389 val_loss=0.339217 val_iou=0.586582 lr=0.00009998
2026-05-07 07:20:21,394 [Trainer] :: Updated latest checkpoint at epoch 3
2026-05-07 07:20:21,750 [Trainer] :: New best checkpoint saved with val_iou=0.586582
2026-05-07 07:20:21,750 [Trainer] :: Starting epoch 4
2026-05-07 07:24:49,965 [Trainer] :: Completed epoch 4: train_loss=0.266235 train_iou=0.786151 val_loss=0.339163 val_iou=0.583897 lr=0.00009996
2026-05-07 07:24:50,303 [Trainer] :: Updated latest checkpoint at epoch 4
2026-05-07 07:24:50,303 [Trainer] :: No validation IoU improvement for 1 epoch(s)
2026-05-07 07:24:50,303 [Trainer] :: Starting epoch 5
2026-05-07 07:29:19,095 [Trainer] :: Completed epoch 5: train_loss=0.254598 train_iou=0.794128 val_loss=0.342093 val_iou=0.544280 lr=0.00009993
2026-05-07 07:29:19,723 [Trainer] :: Updated latest checkpoint at epoch 5
2026-05-07 07:29:19,723 [Trainer] :: No validation IoU improvement for 2 epoch(s)
2026-05-07 07:29:19,723 [Trainer] :: Starting epoch 6
2026-05-07 07:33:48,105 [Trainer] :: Completed epoch 6: train_loss=0.250850 train_iou=0.794300 val_loss=0.309045 val_iou=0.601191 lr=0.00009990
2026-05-07 07:33:48,439 [Trainer] :: Updated latest checkpoint at epoch 6
2026-05-07 07:33:48,762 [Trainer] :: New best checkpoint saved with val_iou=0.601191
2026-05-07 07:33:48,762 [Trainer] :: Starting epoch 7
2026-05-07 07:38:16,781 [Trainer] :: Completed epoch 7: train_loss=0.241746 train_iou=0.802487 val_loss=0.365621 val_iou=0.489719 lr=0.00009987
2026-05-07 07:38:17,203 [Trainer] :: Updated latest checkpoint at epoch 7
2026-05-07 07:38:17,203 [Trainer] :: No validation IoU improvement for 1 epoch(s)
2026-05-07 07:38:17,203 [Trainer] :: Starting epoch 8
2026-05-07 07:42:45,138 [Trainer] :: Completed epoch 8: train_loss=0.226942 train_iou=0.818284 val_loss=0.360061 val_iou=0.580859 lr=0.00009983
2026-05-07 07:42:45,465 [Trainer] :: Updated latest checkpoint at epoch 8
2026-05-07 07:42:45,466 [Trainer] :: No validation IoU improvement for 2 epoch(s)
2026-05-07 07:42:45,466 [Trainer] :: Starting epoch 9
2026-05-07 07:47:13,605 [Trainer] :: Completed epoch 9: train_loss=0.219186 train_iou=0.821930 val_loss=0.350048 val_iou=0.530720 lr=0.00009978
2026-05-07 07:47:13,937 [Trainer] :: Updated latest checkpoint at epoch 9
2026-05-07 07:47:13,938 [Trainer] :: No validation IoU improvement for 3 epoch(s)
2026-05-07 07:47:13,938 [Trainer] :: Starting epoch 10
2026-05-07 07:51:41,684 [Trainer] :: Completed epoch 10: train_loss=0.220538 train_iou=0.819546 val_loss=0.349281 val_iou=0.537083 lr=0.00009973
2026-05-07 07:51:42,106 [Trainer] :: Updated latest checkpoint at epoch 10
2026-05-07 07:51:42,106 [Trainer] :: No validation IoU improvement for 4 epoch(s)
2026-05-07 07:51:42,106 [Trainer] :: Starting epoch 11
2026-05-07 07:56:10,619 [Trainer] :: Completed epoch 11: train_loss=0.205112 train_iou=0.833649 val_loss=0.331067 val_iou=0.576232 lr=0.00009967
2026-05-07 07:56:10,970 [Trainer] :: Updated latest checkpoint at epoch 11
2026-05-07 07:56:10,970 [Trainer] :: No validation IoU improvement for 5 epoch(s)
2026-05-07 07:56:10,970 [Trainer] :: Starting epoch 12
2026-05-07 08:00:41,403 [Trainer] :: Completed epoch 12: train_loss=0.195131 train_iou=0.843478 val_loss=0.330636 val_iou=0.571845 lr=0.00009961
2026-05-07 08:00:41,799 [Trainer] :: Updated latest checkpoint at epoch 12
2026-05-07 08:00:41,799 [Trainer] :: No validation IoU improvement for 6 epoch(s)
2026-05-07 08:00:41,799 [Trainer] :: Starting epoch 13
2026-05-07 08:05:10,086 [Trainer] :: Completed epoch 13: train_loss=0.197045 train_iou=0.843339 val_loss=0.343400 val_iou=0.582442 lr=0.00009954
2026-05-07 08:05:10,421 [Trainer] :: Updated latest checkpoint at epoch 13
2026-05-07 08:05:10,421 [Trainer] :: No validation IoU improvement for 7 epoch(s)
2026-05-07 08:05:10,421 [Trainer] :: Starting epoch 14
2026-05-07 08:09:39,666 [Trainer] :: Completed epoch 14: train_loss=0.189214 train_iou=0.848127 val_loss=0.342511 val_iou=0.548695 lr=0.00009947
2026-05-07 08:09:40,039 [Trainer] :: Updated latest checkpoint at epoch 14
2026-05-07 08:09:40,039 [Trainer] :: No validation IoU improvement for 8 epoch(s)
2026-05-07 08:09:40,039 [Trainer] :: Starting epoch 15
2026-05-07 08:14:07,698 [Trainer] :: Completed epoch 15: train_loss=0.181175 train_iou=0.855407 val_loss=0.352324 val_iou=0.545652 lr=0.00009939
2026-05-07 08:14:08,038 [Trainer] :: Updated latest checkpoint at epoch 15
2026-05-07 08:14:08,038 [Trainer] :: No validation IoU improvement for 9 epoch(s)
2026-05-07 08:14:08,038 [Trainer] :: Starting epoch 16
2026-05-07 08:18:35,169 [Trainer] :: Completed epoch 16: train_loss=0.174723 train_iou=0.860026 val_loss=0.332105 val_iou=0.559424 lr=0.00009931
2026-05-07 08:18:35,495 [Trainer] :: Updated latest checkpoint at epoch 16
2026-05-07 08:18:35,495 [Trainer] :: No validation IoU improvement for 10 epoch(s)
2026-05-07 08:18:35,495 [Trainer] :: Starting epoch 17
2026-05-07 08:23:53,867 [Trainer] :: Completed epoch 17: train_loss=0.172382 train_iou=0.863329 val_loss=0.335793 val_iou=0.609741 lr=0.00009922
2026-05-07 08:23:54,284 [Trainer] :: Updated latest checkpoint at epoch 17
2026-05-07 08:23:54,676 [Trainer] :: New best checkpoint saved with val_iou=0.609741
2026-05-07 08:23:54,677 [Trainer] :: Starting epoch 18
2026-05-07 08:29:18,282 [Trainer] :: Completed epoch 18: train_loss=0.167059 train_iou=0.867105 val_loss=0.344313 val_iou=0.553727 lr=0.00009912
2026-05-07 08:29:18,710 [Trainer] :: Updated latest checkpoint at epoch 18
2026-05-07 08:29:18,710 [Trainer] :: No validation IoU improvement for 1 epoch(s)
2026-05-07 08:29:18,710 [Trainer] :: Starting epoch 19
2026-05-07 08:34:44,170 [Trainer] :: Completed epoch 19: train_loss=0.161786 train_iou=0.870806 val_loss=0.325875 val_iou=0.593862 lr=0.00009902
2026-05-07 08:34:44,916 [Trainer] :: Updated latest checkpoint at epoch 19
2026-05-07 08:34:44,916 [Trainer] :: No validation IoU improvement for 2 epoch(s)
2026-05-07 08:34:44,916 [Trainer] :: Starting epoch 20
2026-05-07 08:40:09,621 [Trainer] :: Completed epoch 20: train_loss=0.163459 train_iou=0.869672 val_loss=0.309625 val_iou=0.599207 lr=0.00009892
2026-05-07 08:40:10,123 [Trainer] :: Updated latest checkpoint at epoch 20
2026-05-07 08:40:10,123 [Trainer] :: No validation IoU improvement for 3 epoch(s)
2026-05-07 08:40:10,123 [Trainer] :: Starting epoch 21
2026-05-07 08:45:34,573 [Trainer] :: Completed epoch 21: train_loss=0.160185 train_iou=0.873446 val_loss=0.344294 val_iou=0.610235 lr=0.00009881
2026-05-07 08:45:35,160 [Trainer] :: Updated latest checkpoint at epoch 21
2026-05-07 08:45:35,571 [Trainer] :: New best checkpoint saved with val_iou=0.610235
2026-05-07 08:45:35,571 [Trainer] :: Starting epoch 22
2026-05-07 08:50:59,622 [Trainer] :: Completed epoch 22: train_loss=0.156548 train_iou=0.876679 val_loss=0.355438 val_iou=0.532220 lr=0.00009869
2026-05-07 08:51:00,042 [Trainer] :: Updated latest checkpoint at epoch 22
2026-05-07 08:51:00,042 [Trainer] :: No validation IoU improvement for 1 epoch(s)
2026-05-07 08:51:00,042 [Trainer] :: Starting epoch 23
2026-05-07 08:56:23,829 [Trainer] :: Completed epoch 23: train_loss=0.152283 train_iou=0.876510 val_loss=0.319358 val_iou=0.573742 lr=0.00009857
2026-05-07 08:56:24,272 [Trainer] :: Updated latest checkpoint at epoch 23
2026-05-07 08:56:24,273 [Trainer] :: No validation IoU improvement for 2 epoch(s)
2026-05-07 08:56:24,273 [Trainer] :: Starting epoch 24
2026-05-07 09:02:45,003 [Trainer] :: Completed epoch 24: train_loss=0.147474 train_iou=0.881478 val_loss=0.325400 val_iou=0.585342 lr=0.00009844
2026-05-07 09:02:45,531 [Trainer] :: Updated latest checkpoint at epoch 24
2026-05-07 09:02:45,531 [Trainer] :: No validation IoU improvement for 3 epoch(s)
2026-05-07 09:02:45,531 [Trainer] :: Starting epoch 25
2026-05-07 09:13:06,199 [Trainer] :: Completed epoch 25: train_loss=0.141021 train_iou=0.886186 val_loss=0.320012 val_iou=0.595519 lr=0.00009831
2026-05-07 09:13:06,649 [Trainer] :: Updated latest checkpoint at epoch 25
2026-05-07 09:13:06,649 [Trainer] :: No validation IoU improvement for 4 epoch(s)
2026-05-07 09:13:06,650 [Trainer] :: Starting epoch 26
2026-05-07 09:18:51,639 [Trainer] :: Completed epoch 26: train_loss=0.144255 train_iou=0.883287 val_loss=0.329178 val_iou=0.586407 lr=0.00009818
2026-05-07 09:18:52,084 [Trainer] :: Updated latest checkpoint at epoch 26
2026-05-07 09:18:52,084 [Trainer] :: No validation IoU improvement for 5 epoch(s)
2026-05-07 09:18:52,084 [Trainer] :: Starting epoch 27
2026-05-07 09:25:24,834 [Trainer] :: Completed epoch 27: train_loss=0.137908 train_iou=0.885251 val_loss=0.330975 val_iou=0.579874 lr=0.00009803
2026-05-07 09:25:25,367 [Trainer] :: Updated latest checkpoint at epoch 27
2026-05-07 09:25:25,367 [Trainer] :: No validation IoU improvement for 6 epoch(s)
2026-05-07 09:25:25,367 [Trainer] :: Starting epoch 28
2026-05-07 09:31:18,767 [Trainer] :: Completed epoch 28: train_loss=0.132520 train_iou=0.886546 val_loss=0.357248 val_iou=0.583412 lr=0.00009789
2026-05-07 09:31:19,294 [Trainer] :: Updated latest checkpoint at epoch 28
2026-05-07 09:31:19,294 [Trainer] :: No validation IoU improvement for 7 epoch(s)
2026-05-07 09:31:19,294 [Trainer] :: Starting epoch 29
2026-05-07 09:38:51,747 [Trainer] :: Completed epoch 29: train_loss=0.133096 train_iou=0.886480 val_loss=0.345230 val_iou=0.582097 lr=0.00009773
2026-05-07 09:38:52,176 [Trainer] :: Updated latest checkpoint at epoch 29
2026-05-07 09:38:52,176 [Trainer] :: No validation IoU improvement for 8 epoch(s)
2026-05-07 09:38:52,176 [Trainer] :: Starting epoch 30
2026-05-07 09:45:30,218 [Trainer] :: Completed epoch 30: train_loss=0.130616 train_iou=0.886801 val_loss=0.357209 val_iou=0.550564 lr=0.00009758
2026-05-07 09:45:30,735 [Trainer] :: Updated latest checkpoint at epoch 30
2026-05-07 09:45:30,735 [Trainer] :: No validation IoU improvement for 9 epoch(s)
2026-05-07 09:45:30,735 [Trainer] :: Starting epoch 31
2026-05-07 09:51:09,056 [Trainer] :: Completed epoch 31: train_loss=0.122741 train_iou=0.890746 val_loss=0.340829 val_iou=0.568462 lr=0.00009741
2026-05-07 09:51:09,744 [Trainer] :: Updated latest checkpoint at epoch 31
2026-05-07 09:51:09,744 [Trainer] :: No validation IoU improvement for 10 epoch(s)
2026-05-07 09:51:09,744 [Trainer] :: Starting epoch 32
2026-05-07 09:57:05,473 [Trainer] :: Completed epoch 32: train_loss=0.124220 train_iou=0.891638 val_loss=0.337640 val_iou=0.614003 lr=0.00009725
2026-05-07 09:57:05,925 [Trainer] :: Updated latest checkpoint at epoch 32
2026-05-07 09:57:06,427 [Trainer] :: New best checkpoint saved with val_iou=0.614003
2026-05-07 09:57:06,427 [Trainer] :: Starting epoch 33
2026-05-07 10:02:57,166 [Trainer] :: Completed epoch 33: train_loss=0.115501 train_iou=0.897727 val_loss=0.383982 val_iou=0.559108 lr=0.00009707
2026-05-07 10:02:57,591 [Trainer] :: Updated latest checkpoint at epoch 33
2026-05-07 10:02:57,591 [Trainer] :: No validation IoU improvement for 1 epoch(s)
2026-05-07 10:02:57,591 [Trainer] :: Starting epoch 34
2026-05-07 10:08:53,712 [Trainer] :: Completed epoch 34: train_loss=0.115238 train_iou=0.898752 val_loss=0.332676 val_iou=0.590261 lr=0.00009690
2026-05-07 10:08:54,252 [Trainer] :: Updated latest checkpoint at epoch 34
2026-05-07 10:08:54,252 [Trainer] :: No validation IoU improvement for 2 epoch(s)
2026-05-07 10:08:54,252 [Trainer] :: Starting epoch 35
2026-05-07 10:14:33,336 [Trainer] :: Completed epoch 35: train_loss=0.114880 train_iou=0.901433 val_loss=0.352173 val_iou=0.602980 lr=0.00009671
2026-05-07 10:14:33,748 [Trainer] :: Updated latest checkpoint at epoch 35
2026-05-07 10:14:33,748 [Trainer] :: No validation IoU improvement for 3 epoch(s)
2026-05-07 10:14:33,748 [Trainer] :: Starting epoch 36
2026-05-07 10:20:11,641 [Trainer] :: Completed epoch 36: train_loss=0.117325 train_iou=0.892183 val_loss=0.339336 val_iou=0.605780 lr=0.00009652
2026-05-07 10:20:12,105 [Trainer] :: Updated latest checkpoint at epoch 36
2026-05-07 10:20:12,105 [Trainer] :: No validation IoU improvement for 4 epoch(s)
2026-05-07 10:20:12,105 [Trainer] :: Starting epoch 37
2026-05-07 10:25:52,001 [Trainer] :: Completed epoch 37: train_loss=0.109958 train_iou=0.902947 val_loss=0.352066 val_iou=0.595491 lr=0.00009633
2026-05-07 10:25:52,409 [Trainer] :: Updated latest checkpoint at epoch 37
2026-05-07 10:25:52,409 [Trainer] :: No validation IoU improvement for 5 epoch(s)
2026-05-07 10:25:52,409 [Trainer] :: Starting epoch 38
2026-05-07 10:31:38,063 [Trainer] :: Completed epoch 38: train_loss=0.107386 train_iou=0.904662 val_loss=0.330762 val_iou=0.592092 lr=0.00009613
2026-05-07 10:31:38,483 [Trainer] :: Updated latest checkpoint at epoch 38
2026-05-07 10:31:38,483 [Trainer] :: No validation IoU improvement for 6 epoch(s)
2026-05-07 10:31:38,483 [Trainer] :: Starting epoch 39
2026-05-07 10:37:34,990 [Trainer] :: Completed epoch 39: train_loss=0.104844 train_iou=0.905299 val_loss=0.384295 val_iou=0.518754 lr=0.00009593
2026-05-07 10:37:35,548 [Trainer] :: Updated latest checkpoint at epoch 39
2026-05-07 10:37:35,548 [Trainer] :: No validation IoU improvement for 7 epoch(s)
2026-05-07 10:37:35,548 [Trainer] :: Starting epoch 40
2026-05-07 10:43:30,706 [Trainer] :: Completed epoch 40: train_loss=0.106994 train_iou=0.904379 val_loss=0.383192 val_iou=0.543800 lr=0.00009572
2026-05-07 10:43:31,167 [Trainer] :: Updated latest checkpoint at epoch 40
2026-05-07 10:43:31,167 [Trainer] :: No validation IoU improvement for 8 epoch(s)
2026-05-07 10:43:31,167 [Trainer] :: Starting epoch 41
2026-05-07 10:49:40,510 [Trainer] :: Completed epoch 41: train_loss=0.103268 train_iou=0.908643 val_loss=0.385040 val_iou=0.552815 lr=0.00009551
2026-05-07 10:49:40,954 [Trainer] :: Updated latest checkpoint at epoch 41
2026-05-07 10:49:40,954 [Trainer] :: No validation IoU improvement for 9 epoch(s)
2026-05-07 10:49:40,954 [Trainer] :: Starting epoch 42
2026-05-07 10:55:30,999 [Trainer] :: Completed epoch 42: train_loss=0.100878 train_iou=0.908804 val_loss=0.368616 val_iou=0.582580 lr=0.00009529
2026-05-07 10:55:31,484 [Trainer] :: Updated latest checkpoint at epoch 42
2026-05-07 10:55:31,485 [Trainer] :: No validation IoU improvement for 10 epoch(s)
2026-05-07 10:55:31,485 [Trainer] :: Starting epoch 43
2026-05-07 11:01:11,325 [Trainer] :: Completed epoch 43: train_loss=0.100179 train_iou=0.909875 val_loss=0.366153 val_iou=0.582003 lr=0.00009507
2026-05-07 11:01:11,837 [Trainer] :: Updated latest checkpoint at epoch 43
2026-05-07 11:01:11,837 [Trainer] :: No validation IoU improvement for 11 epoch(s)
2026-05-07 11:01:11,837 [Trainer] :: Starting epoch 44
2026-05-07 11:08:19,197 [Trainer] :: Completed epoch 44: train_loss=0.095774 train_iou=0.912741 val_loss=0.364208 val_iou=0.571906 lr=0.00009484
2026-05-07 11:08:19,622 [Trainer] :: Updated latest checkpoint at epoch 44
2026-05-07 11:08:19,623 [Trainer] :: No validation IoU improvement for 12 epoch(s)
2026-05-07 11:08:19,623 [Trainer] :: Starting epoch 45
2026-05-07 11:15:30,605 [Trainer] :: Completed epoch 45: train_loss=0.096876 train_iou=0.910916 val_loss=0.358239 val_iou=0.584111 lr=0.00009460
2026-05-07 11:15:31,054 [Trainer] :: Updated latest checkpoint at epoch 45
2026-05-07 11:15:31,054 [Trainer] :: No validation IoU improvement for 13 epoch(s)
2026-05-07 11:15:31,055 [Trainer] :: Starting epoch 46
2026-05-07 11:21:46,378 [Trainer] :: Completed epoch 46: train_loss=0.094647 train_iou=0.914925 val_loss=0.369102 val_iou=0.589499 lr=0.00009437
2026-05-07 11:21:46,837 [Trainer] :: Updated latest checkpoint at epoch 46
2026-05-07 11:21:46,837 [Trainer] :: No validation IoU improvement for 14 epoch(s)
2026-05-07 11:21:46,837 [Trainer] :: Starting epoch 47
2026-05-07 11:27:41,144 [Trainer] :: Completed epoch 47: train_loss=0.093864 train_iou=0.914308 val_loss=0.349606 val_iou=0.600265 lr=0.00009412
2026-05-07 11:27:41,571 [Trainer] :: Updated latest checkpoint at epoch 47
2026-05-07 11:27:41,571 [Trainer] :: No validation IoU improvement for 15 epoch(s)
2026-05-07 11:27:41,571 [Trainer] :: Starting epoch 48
2026-05-07 11:33:47,219 [Trainer] :: Completed epoch 48: train_loss=0.096201 train_iou=0.912587 val_loss=0.348710 val_iou=0.589563 lr=0.00009388
2026-05-07 11:33:47,710 [Trainer] :: Updated latest checkpoint at epoch 48
2026-05-07 11:33:47,710 [Trainer] :: No validation IoU improvement for 16 epoch(s)
2026-05-07 11:33:47,710 [Trainer] :: Starting epoch 49
2026-05-07 11:40:03,736 [Trainer] :: Completed epoch 49: train_loss=0.093610 train_iou=0.915542 val_loss=0.446573 val_iou=0.512045 lr=0.00009363
2026-05-07 11:40:04,183 [Trainer] :: Updated latest checkpoint at epoch 49
2026-05-07 11:40:04,183 [Trainer] :: No validation IoU improvement for 17 epoch(s)
2026-05-07 11:40:04,183 [Trainer] :: Starting epoch 50
2026-05-07 11:46:07,089 [Trainer] :: Completed epoch 50: train_loss=0.092620 train_iou=0.916115 val_loss=0.365018 val_iou=0.579820 lr=0.00009337
2026-05-07 11:46:07,532 [Trainer] :: Updated latest checkpoint at epoch 50
2026-05-07 11:46:07,532 [Trainer] :: No validation IoU improvement for 18 epoch(s)
2026-05-07 11:46:07,532 [Trainer] :: Starting epoch 51
2026-05-07 11:52:07,479 [Trainer] :: Completed epoch 51: train_loss=0.092329 train_iou=0.915676 val_loss=0.355851 val_iou=0.586480 lr=0.00009311
2026-05-07 11:52:08,009 [Trainer] :: Updated latest checkpoint at epoch 51
2026-05-07 11:52:08,010 [Trainer] :: No validation IoU improvement for 19 epoch(s)
2026-05-07 11:52:08,010 [Trainer] :: Starting epoch 52
2026-05-07 11:57:38,089 [Trainer] :: Completed epoch 52: train_loss=0.089908 train_iou=0.918699 val_loss=0.341119 val_iou=0.595404 lr=0.00009284
2026-05-07 11:57:38,465 [Trainer] :: Updated latest checkpoint at epoch 52
2026-05-07 11:57:38,465 [Trainer] :: No validation IoU improvement for 20 epoch(s)
2026-05-07 11:57:38,465 [Trainer] :: Starting epoch 53
2026-05-07 12:02:49,847 [Trainer] :: Completed epoch 53: train_loss=0.088095 train_iou=0.919703 val_loss=0.334336 val_iou=0.612855 lr=0.00009257
2026-05-07 12:02:50,297 [Trainer] :: Updated latest checkpoint at epoch 53
2026-05-07 12:02:50,298 [Trainer] :: No validation IoU improvement for 21 epoch(s)
2026-05-07 12:02:50,298 [Trainer] :: Starting epoch 54
2026-05-07 12:07:28,476 [Trainer] :: Completed epoch 54: train_loss=0.086259 train_iou=0.921403 val_loss=0.381204 val_iou=0.578198 lr=0.00009229
2026-05-07 12:07:28,871 [Trainer] :: Updated latest checkpoint at epoch 54
2026-05-07 12:07:28,871 [Trainer] :: No validation IoU improvement for 22 epoch(s)
2026-05-07 12:07:28,871 [Trainer] :: Starting epoch 55
2026-05-07 12:12:53,121 [Trainer] :: Completed epoch 55: train_loss=0.089112 train_iou=0.919104 val_loss=0.410667 val_iou=0.557853 lr=0.00009201
2026-05-07 12:12:53,819 [Trainer] :: Updated latest checkpoint at epoch 55
2026-05-07 12:12:53,819 [Trainer] :: No validation IoU improvement for 23 epoch(s)
2026-05-07 12:12:53,819 [Trainer] :: Starting epoch 56
2026-05-07 12:18:10,118 [Trainer] :: Completed epoch 56: train_loss=0.088659 train_iou=0.919831 val_loss=0.379227 val_iou=0.566987 lr=0.00009173
2026-05-07 12:18:10,629 [Trainer] :: Updated latest checkpoint at epoch 56
2026-05-07 12:18:10,629 [Trainer] :: No validation IoU improvement for 24 epoch(s)
2026-05-07 12:18:10,629 [Trainer] :: Starting epoch 57
2026-05-07 12:23:32,216 [Trainer] :: Completed epoch 57: train_loss=0.088469 train_iou=0.919782 val_loss=0.348356 val_iou=0.598608 lr=0.00009144
2026-05-07 12:23:32,716 [Trainer] :: Updated latest checkpoint at epoch 57
2026-05-07 12:23:32,716 [Trainer] :: No validation IoU improvement for 25 epoch(s)
2026-05-07 12:23:32,716 [Trainer] :: Starting epoch 58
2026-05-07 12:29:11,338 [Trainer] :: Completed epoch 58: train_loss=0.085576 train_iou=0.921707 val_loss=0.403796 val_iou=0.547358 lr=0.00009115
2026-05-07 12:29:11,900 [Trainer] :: Updated latest checkpoint at epoch 58
2026-05-07 12:29:11,900 [Trainer] :: No validation IoU improvement for 26 epoch(s)
2026-05-07 12:29:11,900 [Trainer] :: Starting epoch 59
2026-05-07 12:37:33,447 [Trainer] :: Completed epoch 59: train_loss=0.085727 train_iou=0.923134 val_loss=0.381724 val_iou=0.596575 lr=0.00009085
2026-05-07 12:37:34,033 [Trainer] :: Updated latest checkpoint at epoch 59
2026-05-07 12:37:34,033 [Trainer] :: No validation IoU improvement for 27 epoch(s)
2026-05-07 12:37:34,033 [Trainer] :: Starting epoch 60
2026-05-07 12:44:05,685 [Trainer] :: Completed epoch 60: train_loss=0.083186 train_iou=0.924187 val_loss=0.402745 val_iou=0.564414 lr=0.00009055
2026-05-07 12:44:06,143 [Trainer] :: Updated latest checkpoint at epoch 60
2026-05-07 12:44:06,143 [Trainer] :: No validation IoU improvement for 28 epoch(s)
2026-05-07 12:44:06,143 [Trainer] :: Starting epoch 61
2026-05-07 12:49:54,637 [Trainer] :: Completed epoch 61: train_loss=0.082079 train_iou=0.924976 val_loss=0.395716 val_iou=0.554131 lr=0.00009024
2026-05-07 12:49:55,019 [Trainer] :: Updated latest checkpoint at epoch 61
2026-05-07 12:49:55,019 [Trainer] :: No validation IoU improvement for 29 epoch(s)
2026-05-07 12:49:55,019 [Trainer] :: Starting epoch 62
2026-05-07 12:55:18,544 [Trainer] :: Completed epoch 62: train_loss=0.080127 train_iou=0.926008 val_loss=0.401355 val_iou=0.554862 lr=0.00008993
2026-05-07 12:55:19,029 [Trainer] :: Updated latest checkpoint at epoch 62
2026-05-07 12:55:19,029 [Trainer] :: No validation IoU improvement for 30 epoch(s)
2026-05-07 12:55:19,029 [Trainer] :: Starting epoch 63
2026-05-07 13:00:51,545 [Trainer] :: Completed epoch 63: train_loss=0.079013 train_iou=0.927008 val_loss=0.393443 val_iou=0.558329 lr=0.00008961
2026-05-07 13:00:52,171 [Trainer] :: Updated latest checkpoint at epoch 63
2026-05-07 13:00:52,171 [Trainer] :: No validation IoU improvement for 31 epoch(s)
2026-05-07 13:00:52,171 [Trainer] :: Starting epoch 64
2026-05-07 13:05:54,052 [Trainer] :: Completed epoch 64: train_loss=0.078448 train_iou=0.927175 val_loss=0.401003 val_iou=0.577959 lr=0.00008929
2026-05-07 13:05:54,721 [Trainer] :: Updated latest checkpoint at epoch 64
2026-05-07 13:05:54,721 [Trainer] :: No validation IoU improvement for 32 epoch(s)
2026-05-07 13:05:54,721 [Trainer] :: Starting epoch 65
2026-05-07 13:11:33,548 [Trainer] :: Completed epoch 65: train_loss=0.079688 train_iou=0.926817 val_loss=0.390711 val_iou=0.563856 lr=0.00008897
2026-05-07 13:11:33,928 [Trainer] :: Updated latest checkpoint at epoch 65
2026-05-07 13:11:33,928 [Trainer] :: No validation IoU improvement for 33 epoch(s)
2026-05-07 13:11:33,928 [Trainer] :: Starting epoch 66
2026-05-07 13:16:51,168 [Trainer] :: Completed epoch 66: train_loss=0.083488 train_iou=0.921344 val_loss=0.404966 val_iou=0.584215 lr=0.00008864
2026-05-07 13:16:51,762 [Trainer] :: Updated latest checkpoint at epoch 66
2026-05-07 13:16:51,762 [Trainer] :: No validation IoU improvement for 34 epoch(s)
2026-05-07 13:16:51,762 [Trainer] :: Starting epoch 67
2026-05-07 13:22:57,052 [Trainer] :: Completed epoch 67: train_loss=0.081602 train_iou=0.924310 val_loss=0.375705 val_iou=0.598903 lr=0.00008831
2026-05-07 13:22:57,455 [Trainer] :: Updated latest checkpoint at epoch 67
2026-05-07 13:22:57,456 [Trainer] :: No validation IoU improvement for 35 epoch(s)
2026-05-07 13:22:57,456 [Trainer] :: Starting epoch 68
2026-05-07 13:28:24,603 [Trainer] :: Completed epoch 68: train_loss=0.080180 train_iou=0.926490 val_loss=0.407434 val_iou=0.582364 lr=0.00008797
2026-05-07 13:28:24,978 [Trainer] :: Updated latest checkpoint at epoch 68
2026-05-07 13:28:24,978 [Trainer] :: No validation IoU improvement for 36 epoch(s)
2026-05-07 13:28:24,978 [Trainer] :: Starting epoch 69
2026-05-07 13:34:08,994 [Trainer] :: Completed epoch 69: train_loss=0.077912 train_iou=0.927409 val_loss=0.387405 val_iou=0.584938 lr=0.00008763
2026-05-07 13:34:09,378 [Trainer] :: Updated latest checkpoint at epoch 69
2026-05-07 13:34:09,378 [Trainer] :: No validation IoU improvement for 37 epoch(s)
2026-05-07 13:34:09,378 [Trainer] :: Starting epoch 70
2026-05-07 13:39:26,778 [Trainer] :: Completed epoch 70: train_loss=0.078074 train_iou=0.928178 val_loss=0.419810 val_iou=0.575753 lr=0.00008729
2026-05-07 13:39:27,246 [Trainer] :: Updated latest checkpoint at epoch 70
2026-05-07 13:39:27,246 [Trainer] :: No validation IoU improvement for 38 epoch(s)
2026-05-07 13:39:27,246 [Trainer] :: Starting epoch 71
2026-05-07 13:45:19,422 [Trainer] :: Completed epoch 71: train_loss=0.077399 train_iou=0.928384 val_loss=0.374693 val_iou=0.595962 lr=0.00008694
2026-05-07 13:45:20,136 [Trainer] :: Updated latest checkpoint at epoch 71
2026-05-07 13:45:20,136 [Trainer] :: No validation IoU improvement for 39 epoch(s)
2026-05-07 13:45:20,136 [Trainer] :: Starting epoch 72
2026-05-07 13:51:15,262 [Trainer] :: Completed epoch 72: train_loss=0.075388 train_iou=0.930408 val_loss=0.395773 val_iou=0.584658 lr=0.00008658
2026-05-07 13:51:15,697 [Trainer] :: Updated latest checkpoint at epoch 72
2026-05-07 13:51:15,697 [Trainer] :: No validation IoU improvement for 40 epoch(s)
2026-05-07 13:51:15,697 [Trainer] :: Starting epoch 73
2026-05-07 13:56:57,858 [Trainer] :: Completed epoch 73: train_loss=0.074334 train_iou=0.931335 val_loss=0.388808 val_iou=0.595212 lr=0.00008623
2026-05-07 13:56:59,027 [Trainer] :: Updated latest checkpoint at epoch 73
2026-05-07 13:56:59,027 [Trainer] :: No validation IoU improvement for 41 epoch(s)
2026-05-07 13:56:59,027 [Trainer] :: Starting epoch 74
2026-05-07 14:02:21,774 [Trainer] :: Completed epoch 74: train_loss=0.077505 train_iou=0.930404 val_loss=0.387715 val_iou=0.589335 lr=0.00008587
2026-05-07 14:02:22,134 [Trainer] :: Updated latest checkpoint at epoch 74
2026-05-07 14:02:22,134 [Trainer] :: No validation IoU improvement for 42 epoch(s)
2026-05-07 14:02:22,134 [Trainer] :: Starting epoch 75
2026-05-07 14:07:59,515 [Trainer] :: Completed epoch 75: train_loss=0.071733 train_iou=0.933343 val_loss=0.394662 val_iou=0.590128 lr=0.00008550
2026-05-07 14:07:59,872 [Trainer] :: Updated latest checkpoint at epoch 75
2026-05-07 14:07:59,872 [Trainer] :: No validation IoU improvement for 43 epoch(s)
2026-05-07 14:07:59,873 [Trainer] :: Starting epoch 76
2026-05-07 14:13:41,543 [Trainer] :: Completed epoch 76: train_loss=0.071833 train_iou=0.934003 val_loss=0.387869 val_iou=0.584705 lr=0.00008513
2026-05-07 14:13:42,432 [Trainer] :: Updated latest checkpoint at epoch 76
2026-05-07 14:13:42,433 [Trainer] :: No validation IoU improvement for 44 epoch(s)
2026-05-07 14:13:42,433 [Trainer] :: Starting epoch 77
2026-05-07 14:20:15,631 [Trainer] :: Completed epoch 77: train_loss=0.071595 train_iou=0.933132 val_loss=0.405544 val_iou=0.583139 lr=0.00008476
2026-05-07 14:20:16,000 [Trainer] :: Updated latest checkpoint at epoch 77
2026-05-07 14:20:16,000 [Trainer] :: No validation IoU improvement for 45 epoch(s)
2026-05-07 14:20:16,000 [Trainer] :: Starting epoch 78
2026-05-07 14:28:15,951 [Trainer] :: Completed epoch 78: train_loss=0.070571 train_iou=0.934747 val_loss=0.403004 val_iou=0.574350 lr=0.00008439
2026-05-07 14:28:16,759 [Trainer] :: Updated latest checkpoint at epoch 78
2026-05-07 14:28:16,759 [Trainer] :: No validation IoU improvement for 46 epoch(s)
2026-05-07 14:28:16,759 [Trainer] :: Starting epoch 79
2026-05-07 14:33:39,395 [Trainer] :: Completed epoch 79: train_loss=0.073172 train_iou=0.932582 val_loss=0.455551 val_iou=0.566806 lr=0.00008401
2026-05-07 14:33:39,752 [Trainer] :: Updated latest checkpoint at epoch 79
2026-05-07 14:33:39,752 [Trainer] :: No validation IoU improvement for 47 epoch(s)
2026-05-07 14:33:39,752 [Trainer] :: Starting epoch 80
2026-05-07 14:38:59,963 [Trainer] :: Completed epoch 80: train_loss=0.071795 train_iou=0.933771 val_loss=0.374139 val_iou=0.597884 lr=0.00008362
2026-05-07 14:39:00,332 [Trainer] :: Updated latest checkpoint at epoch 80
2026-05-07 14:39:00,333 [Trainer] :: No validation IoU improvement for 48 epoch(s)
2026-05-07 14:39:00,333 [Trainer] :: Starting epoch 81
2026-05-07 14:45:50,848 [Trainer] :: Completed epoch 81: train_loss=0.071852 train_iou=0.932604 val_loss=0.393655 val_iou=0.593641 lr=0.00008323
2026-05-07 14:45:51,775 [Trainer] :: Updated latest checkpoint at epoch 81
2026-05-07 14:45:51,775 [Trainer] :: No validation IoU improvement for 49 epoch(s)
2026-05-07 14:45:51,776 [Trainer] :: Starting epoch 82
2026-05-07 14:52:04,155 [Trainer] :: Completed epoch 82: train_loss=0.071214 train_iou=0.933622 val_loss=0.424944 val_iou=0.576827 lr=0.00008284
2026-05-07 14:52:04,609 [Trainer] :: Updated latest checkpoint at epoch 82
2026-05-07 14:52:04,609 [Trainer] :: No validation IoU improvement for 50 epoch(s)
2026-05-07 14:52:04,609 [Trainer] :: Starting epoch 83
2026-05-07 14:58:29,708 [Trainer] :: Completed epoch 83: train_loss=0.070464 train_iou=0.934324 val_loss=0.381897 val_iou=0.597599 lr=0.00008245
2026-05-07 14:58:30,359 [Trainer] :: Updated latest checkpoint at epoch 83
2026-05-07 14:58:30,359 [Trainer] :: No validation IoU improvement for 51 epoch(s)
2026-05-07 14:58:30,359 [Trainer] :: Starting epoch 84
2026-05-07 15:04:51,691 [Trainer] :: Completed epoch 84: train_loss=0.075257 train_iou=0.930824 val_loss=0.377624 val_iou=0.596458 lr=0.00008205
2026-05-07 15:04:52,324 [Trainer] :: Updated latest checkpoint at epoch 84
2026-05-07 15:04:52,324 [Trainer] :: No validation IoU improvement for 52 epoch(s)
2026-05-07 15:04:52,324 [Trainer] :: Starting epoch 85
2026-05-07 15:10:39,193 [Trainer] :: Completed epoch 85: train_loss=0.075935 train_iou=0.930003 val_loss=0.383011 val_iou=0.565959 lr=0.00008165
2026-05-07 15:10:40,171 [Trainer] :: Updated latest checkpoint at epoch 85
2026-05-07 15:10:40,171 [Trainer] :: No validation IoU improvement for 53 epoch(s)
2026-05-07 15:10:40,171 [Trainer] :: Starting epoch 86
2026-05-07 15:16:39,396 [Trainer] :: Completed epoch 86: train_loss=0.072983 train_iou=0.931789 val_loss=0.450293 val_iou=0.544342 lr=0.00008125
2026-05-07 15:16:40,046 [Trainer] :: Updated latest checkpoint at epoch 86
2026-05-07 15:16:40,046 [Trainer] :: No validation IoU improvement for 54 epoch(s)
2026-05-07 15:16:40,047 [Trainer] :: Starting epoch 87
2026-05-07 15:22:45,971 [Trainer] :: Completed epoch 87: train_loss=0.069121 train_iou=0.936105 val_loss=0.428083 val_iou=0.570484 lr=0.00008084
2026-05-07 15:22:47,788 [Trainer] :: Updated latest checkpoint at epoch 87
2026-05-07 15:22:47,788 [Trainer] :: No validation IoU improvement for 55 epoch(s)
2026-05-07 15:22:47,788 [Trainer] :: Starting epoch 88
2026-05-07 15:31:09,756 [Trainer] :: Completed epoch 88: train_loss=0.068377 train_iou=0.935769 val_loss=0.414253 val_iou=0.553529 lr=0.00008043
2026-05-07 15:31:10,212 [Trainer] :: Updated latest checkpoint at epoch 88
2026-05-07 15:31:10,212 [Trainer] :: No validation IoU improvement for 56 epoch(s)
2026-05-07 15:31:10,212 [Trainer] :: Starting epoch 89
2026-05-07 15:36:45,415 [Trainer] :: Completed epoch 89: train_loss=0.069557 train_iou=0.935334 val_loss=0.398504 val_iou=0.589613 lr=0.00008001
2026-05-07 15:36:45,807 [Trainer] :: Updated latest checkpoint at epoch 89
2026-05-07 15:36:45,807 [Trainer] :: No validation IoU improvement for 57 epoch(s)
2026-05-07 15:36:45,807 [Trainer] :: Starting epoch 90
2026-05-07 15:41:22,313 [Trainer] :: Completed epoch 90: train_loss=0.068677 train_iou=0.936181 val_loss=0.467145 val_iou=0.565801 lr=0.00007960
2026-05-07 15:41:23,559 [Trainer] :: Updated latest checkpoint at epoch 90
2026-05-07 15:41:23,559 [Trainer] :: No validation IoU improvement for 58 epoch(s)
2026-05-07 15:41:23,560 [Trainer] :: Starting epoch 91
2026-05-07 15:45:52,564 [Trainer] :: Completed epoch 91: train_loss=0.071067 train_iou=0.936415 val_loss=0.480179 val_iou=0.550125 lr=0.00007917
2026-05-07 15:45:53,114 [Trainer] :: Updated latest checkpoint at epoch 91
2026-05-07 15:45:53,114 [Trainer] :: No validation IoU improvement for 59 epoch(s)
2026-05-07 15:45:53,114 [Trainer] :: Starting epoch 92
2026-05-07 15:50:38,592 [Trainer] :: Completed epoch 92: train_loss=0.067623 train_iou=0.937340 val_loss=0.406575 val_iou=0.596951 lr=0.00007875
2026-05-07 15:50:39,368 [Trainer] :: Updated latest checkpoint at epoch 92
2026-05-07 15:50:39,368 [Trainer] :: No validation IoU improvement for 60 epoch(s)
2026-05-07 15:50:39,369 [Trainer] :: Early stopping triggered after 60 epoch(s) without improvement
2026-05-07 15:56:31,733 [Trainer] :: Wrote training history to outputs/runs/real_msi_unetplusplus_resnet34_fuzzy_halo_seed46_20260507T050131Z/metrics/history.json
2026-05-07 15:56:31,739 [Trainer] :: Wrote test summary to outputs/runs/real_msi_unetplusplus_resnet34_fuzzy_halo_seed46_20260507T050131Z/metrics/test_summary.json
2026-05-07 15:56:31,739 [Trainer] :: Training completed
