2026-05-01 10:06:01,380 [Trainer] :: Training run initialized at /ceph/home/student.aau.dk/qd36zu/fuzzy-p10/tbd/masking/outputs/runs/rgb_unetplusplus_resnet50_seed47_20260501T080601Z
2026-05-01 10:06:01,380 [Trainer] :: Loaded config from /ceph/home/student.aau.dk/qd36zu/fuzzy-p10/tbd/masking/configs/binary/rgb_unetpp_resnet50.yaml
2026-05-01 10:06:01,381 [Trainer] :: Using seed=47 and device=None
2026-05-01 10:06:01,381 [Trainer] :: Using model architecture=UnetPlusPlus encoder=resnet50 encoder_weights=imagenet
2026-05-01 10:06:01,790 [Trainer] :: Resolved runtime device to cuda
2026-05-01 10:06:01,790 [Trainer] :: Prepared normalization from source=imagenet
2026-05-01 10:06:25,558 [Trainer] :: Built dataloaders with batch_size=16, num_workers=0
2026-05-01 10:06:25,563 [Trainer] :: Starting epoch 1
2026-05-01 10:12:20,514 [Trainer] :: Completed epoch 1: train_loss=0.413386 train_iou=0.655024 val_loss=0.344573 val_iou=0.600617 lr=0.00010000
2026-05-01 10:12:21,326 [Trainer] :: Updated latest checkpoint at epoch 1
2026-05-01 10:12:21,876 [Trainer] :: New best checkpoint saved with val_iou=0.600617
2026-05-01 10:12:21,876 [Trainer] :: Starting epoch 2
2026-05-01 10:16:33,858 [Trainer] :: Completed epoch 2: train_loss=0.319763 train_iou=0.735581 val_loss=0.345128 val_iou=0.529701 lr=0.00009999
2026-05-01 10:16:34,597 [Trainer] :: Updated latest checkpoint at epoch 2
2026-05-01 10:16:34,597 [Trainer] :: No validation IoU improvement for 1 epoch(s)
2026-05-01 10:16:34,597 [Trainer] :: Starting epoch 3
2026-05-01 10:20:45,706 [Trainer] :: Completed epoch 3: train_loss=0.285780 train_iou=0.760144 val_loss=0.326062 val_iou=0.575803 lr=0.00009998
2026-05-01 10:20:46,329 [Trainer] :: Updated latest checkpoint at epoch 3
2026-05-01 10:20:46,329 [Trainer] :: No validation IoU improvement for 2 epoch(s)
2026-05-01 10:20:46,329 [Trainer] :: Starting epoch 4
2026-05-01 10:24:54,032 [Trainer] :: Completed epoch 4: train_loss=0.267706 train_iou=0.770717 val_loss=0.300043 val_iou=0.600686 lr=0.00009996
2026-05-01 10:24:54,592 [Trainer] :: Updated latest checkpoint at epoch 4
2026-05-01 10:24:55,151 [Trainer] :: New best checkpoint saved with val_iou=0.600686
2026-05-01 10:24:55,151 [Trainer] :: Starting epoch 5
2026-05-01 10:28:58,831 [Trainer] :: Completed epoch 5: train_loss=0.253111 train_iou=0.779768 val_loss=0.319423 val_iou=0.571540 lr=0.00009993
2026-05-01 10:28:59,380 [Trainer] :: Updated latest checkpoint at epoch 5
2026-05-01 10:28:59,380 [Trainer] :: No validation IoU improvement for 1 epoch(s)
2026-05-01 10:28:59,380 [Trainer] :: Starting epoch 6
2026-05-01 10:33:04,998 [Trainer] :: Completed epoch 6: train_loss=0.232681 train_iou=0.798753 val_loss=0.284554 val_iou=0.603061 lr=0.00009990
2026-05-01 10:33:06,072 [Trainer] :: Updated latest checkpoint at epoch 6
2026-05-01 10:33:07,105 [Trainer] :: New best checkpoint saved with val_iou=0.603061
2026-05-01 10:33:07,105 [Trainer] :: Starting epoch 7
2026-05-01 10:37:10,667 [Trainer] :: Completed epoch 7: train_loss=0.226445 train_iou=0.801905 val_loss=0.285093 val_iou=0.603515 lr=0.00009987
2026-05-01 10:37:11,241 [Trainer] :: Updated latest checkpoint at epoch 7
2026-05-01 10:37:11,857 [Trainer] :: New best checkpoint saved with val_iou=0.603515
2026-05-01 10:37:11,857 [Trainer] :: Starting epoch 8
2026-05-01 10:41:19,472 [Trainer] :: Completed epoch 8: train_loss=0.216470 train_iou=0.812464 val_loss=0.295498 val_iou=0.573434 lr=0.00009983
2026-05-01 10:41:20,058 [Trainer] :: Updated latest checkpoint at epoch 8
2026-05-01 10:41:20,058 [Trainer] :: No validation IoU improvement for 1 epoch(s)
2026-05-01 10:41:20,058 [Trainer] :: Starting epoch 9
2026-05-01 10:45:28,645 [Trainer] :: Completed epoch 9: train_loss=0.213137 train_iou=0.811619 val_loss=0.286980 val_iou=0.580145 lr=0.00009978
2026-05-01 10:45:29,244 [Trainer] :: Updated latest checkpoint at epoch 9
2026-05-01 10:45:29,244 [Trainer] :: No validation IoU improvement for 2 epoch(s)
2026-05-01 10:45:29,244 [Trainer] :: Starting epoch 10
2026-05-01 10:49:37,931 [Trainer] :: Completed epoch 10: train_loss=0.200163 train_iou=0.824531 val_loss=0.300456 val_iou=0.571646 lr=0.00009973
2026-05-01 10:49:38,534 [Trainer] :: Updated latest checkpoint at epoch 10
2026-05-01 10:49:38,534 [Trainer] :: No validation IoU improvement for 3 epoch(s)
2026-05-01 10:49:38,534 [Trainer] :: Starting epoch 11
2026-05-01 10:53:46,233 [Trainer] :: Completed epoch 11: train_loss=0.191184 train_iou=0.833554 val_loss=0.386564 val_iou=0.444343 lr=0.00009967
2026-05-01 10:53:46,880 [Trainer] :: Updated latest checkpoint at epoch 11
2026-05-01 10:53:46,881 [Trainer] :: No validation IoU improvement for 4 epoch(s)
2026-05-01 10:53:46,881 [Trainer] :: Starting epoch 12
2026-05-01 10:57:54,520 [Trainer] :: Completed epoch 12: train_loss=0.189568 train_iou=0.832755 val_loss=0.304666 val_iou=0.571638 lr=0.00009961
2026-05-01 10:57:55,125 [Trainer] :: Updated latest checkpoint at epoch 12
2026-05-01 10:57:55,125 [Trainer] :: No validation IoU improvement for 5 epoch(s)
2026-05-01 10:57:55,125 [Trainer] :: Starting epoch 13
2026-05-01 11:01:59,911 [Trainer] :: Completed epoch 13: train_loss=0.184400 train_iou=0.838507 val_loss=0.294984 val_iou=0.576190 lr=0.00009954
2026-05-01 11:02:00,532 [Trainer] :: Updated latest checkpoint at epoch 13
2026-05-01 11:02:00,532 [Trainer] :: No validation IoU improvement for 6 epoch(s)
2026-05-01 11:02:00,532 [Trainer] :: Starting epoch 14
2026-05-01 11:06:07,889 [Trainer] :: Completed epoch 14: train_loss=0.176242 train_iou=0.845750 val_loss=0.318376 val_iou=0.539757 lr=0.00009947
2026-05-01 11:06:08,590 [Trainer] :: Updated latest checkpoint at epoch 14
2026-05-01 11:06:08,590 [Trainer] :: No validation IoU improvement for 7 epoch(s)
2026-05-01 11:06:08,590 [Trainer] :: Starting epoch 15
2026-05-01 11:10:14,904 [Trainer] :: Completed epoch 15: train_loss=0.174214 train_iou=0.849416 val_loss=0.289992 val_iou=0.592272 lr=0.00009939
2026-05-01 11:10:15,524 [Trainer] :: Updated latest checkpoint at epoch 15
2026-05-01 11:10:15,524 [Trainer] :: No validation IoU improvement for 8 epoch(s)
2026-05-01 11:10:15,524 [Trainer] :: Starting epoch 16
2026-05-01 11:14:22,757 [Trainer] :: Completed epoch 16: train_loss=0.168624 train_iou=0.852697 val_loss=0.296940 val_iou=0.572457 lr=0.00009931
2026-05-01 11:14:23,423 [Trainer] :: Updated latest checkpoint at epoch 16
2026-05-01 11:14:23,423 [Trainer] :: No validation IoU improvement for 9 epoch(s)
2026-05-01 11:14:23,423 [Trainer] :: Starting epoch 17
2026-05-01 11:18:39,989 [Trainer] :: Completed epoch 17: train_loss=0.160812 train_iou=0.861175 val_loss=0.290518 val_iou=0.589737 lr=0.00009922
2026-05-01 11:18:40,743 [Trainer] :: Updated latest checkpoint at epoch 17
2026-05-01 11:18:40,743 [Trainer] :: No validation IoU improvement for 10 epoch(s)
2026-05-01 11:18:40,744 [Trainer] :: Starting epoch 18
2026-05-01 11:22:53,259 [Trainer] :: Completed epoch 18: train_loss=0.159622 train_iou=0.861552 val_loss=0.308201 val_iou=0.561746 lr=0.00009912
2026-05-01 11:22:53,940 [Trainer] :: Updated latest checkpoint at epoch 18
2026-05-01 11:22:53,940 [Trainer] :: No validation IoU improvement for 11 epoch(s)
2026-05-01 11:22:53,940 [Trainer] :: Starting epoch 19
2026-05-01 11:27:09,992 [Trainer] :: Completed epoch 19: train_loss=0.155675 train_iou=0.864685 val_loss=0.307235 val_iou=0.575069 lr=0.00009902
2026-05-01 11:27:10,914 [Trainer] :: Updated latest checkpoint at epoch 19
2026-05-01 11:27:10,914 [Trainer] :: No validation IoU improvement for 12 epoch(s)
2026-05-01 11:27:10,914 [Trainer] :: Starting epoch 20
2026-05-01 11:31:25,605 [Trainer] :: Completed epoch 20: train_loss=0.150672 train_iou=0.873489 val_loss=0.290935 val_iou=0.598519 lr=0.00009892
2026-05-01 11:31:26,329 [Trainer] :: Updated latest checkpoint at epoch 20
2026-05-01 11:31:26,329 [Trainer] :: No validation IoU improvement for 13 epoch(s)
2026-05-01 11:31:26,329 [Trainer] :: Starting epoch 21
2026-05-01 11:35:37,448 [Trainer] :: Completed epoch 21: train_loss=0.144746 train_iou=0.875950 val_loss=0.305549 val_iou=0.575400 lr=0.00009881
2026-05-01 11:35:38,036 [Trainer] :: Updated latest checkpoint at epoch 21
2026-05-01 11:35:38,037 [Trainer] :: No validation IoU improvement for 14 epoch(s)
2026-05-01 11:35:38,037 [Trainer] :: Starting epoch 22
2026-05-01 11:39:43,987 [Trainer] :: Completed epoch 22: train_loss=0.143762 train_iou=0.876850 val_loss=0.298937 val_iou=0.580631 lr=0.00009869
2026-05-01 11:39:44,707 [Trainer] :: Updated latest checkpoint at epoch 22
2026-05-01 11:39:44,707 [Trainer] :: No validation IoU improvement for 15 epoch(s)
2026-05-01 11:39:44,707 [Trainer] :: Starting epoch 23
2026-05-01 11:43:57,845 [Trainer] :: Completed epoch 23: train_loss=0.140846 train_iou=0.880772 val_loss=0.311274 val_iou=0.570899 lr=0.00009857
2026-05-01 11:43:58,451 [Trainer] :: Updated latest checkpoint at epoch 23
2026-05-01 11:43:58,451 [Trainer] :: No validation IoU improvement for 16 epoch(s)
2026-05-01 11:43:58,451 [Trainer] :: Starting epoch 24
2026-05-01 11:48:09,727 [Trainer] :: Completed epoch 24: train_loss=0.140657 train_iou=0.878968 val_loss=0.294086 val_iou=0.579486 lr=0.00009844
2026-05-01 11:48:10,419 [Trainer] :: Updated latest checkpoint at epoch 24
2026-05-01 11:48:10,420 [Trainer] :: No validation IoU improvement for 17 epoch(s)
2026-05-01 11:48:10,420 [Trainer] :: Starting epoch 25
2026-05-01 11:52:20,217 [Trainer] :: Completed epoch 25: train_loss=0.133795 train_iou=0.883055 val_loss=0.327410 val_iou=0.530864 lr=0.00009831
2026-05-01 11:52:20,813 [Trainer] :: Updated latest checkpoint at epoch 25
2026-05-01 11:52:20,813 [Trainer] :: No validation IoU improvement for 18 epoch(s)
2026-05-01 11:52:20,813 [Trainer] :: Starting epoch 26
2026-05-01 11:56:38,150 [Trainer] :: Completed epoch 26: train_loss=0.127757 train_iou=0.889459 val_loss=0.313270 val_iou=0.568091 lr=0.00009818
2026-05-01 11:56:38,779 [Trainer] :: Updated latest checkpoint at epoch 26
2026-05-01 11:56:38,779 [Trainer] :: No validation IoU improvement for 19 epoch(s)
2026-05-01 11:56:38,779 [Trainer] :: Starting epoch 27
2026-05-01 12:00:46,752 [Trainer] :: Completed epoch 27: train_loss=0.124123 train_iou=0.889134 val_loss=0.353223 val_iou=0.519727 lr=0.00009803
2026-05-01 12:00:47,349 [Trainer] :: Updated latest checkpoint at epoch 27
2026-05-01 12:00:47,350 [Trainer] :: No validation IoU improvement for 20 epoch(s)
2026-05-01 12:00:47,350 [Trainer] :: Starting epoch 28
2026-05-01 12:05:09,659 [Trainer] :: Completed epoch 28: train_loss=0.126410 train_iou=0.886172 val_loss=0.277412 val_iou=0.623372 lr=0.00009789
2026-05-01 12:05:10,606 [Trainer] :: Updated latest checkpoint at epoch 28
2026-05-01 12:05:11,193 [Trainer] :: New best checkpoint saved with val_iou=0.623372
2026-05-01 12:05:11,193 [Trainer] :: Starting epoch 29
2026-05-01 12:09:25,545 [Trainer] :: Completed epoch 29: train_loss=0.119424 train_iou=0.890926 val_loss=0.366034 val_iou=0.489695 lr=0.00009773
2026-05-01 12:09:26,142 [Trainer] :: Updated latest checkpoint at epoch 29
2026-05-01 12:09:26,142 [Trainer] :: No validation IoU improvement for 1 epoch(s)
2026-05-01 12:09:26,142 [Trainer] :: Starting epoch 30
2026-05-01 12:13:40,173 [Trainer] :: Completed epoch 30: train_loss=0.114761 train_iou=0.894396 val_loss=0.304657 val_iou=0.583037 lr=0.00009758
2026-05-01 12:13:40,788 [Trainer] :: Updated latest checkpoint at epoch 30
2026-05-01 12:13:40,788 [Trainer] :: No validation IoU improvement for 2 epoch(s)
2026-05-01 12:13:40,788 [Trainer] :: Starting epoch 31
2026-05-01 12:17:58,135 [Trainer] :: Completed epoch 31: train_loss=0.111813 train_iou=0.895657 val_loss=0.325422 val_iou=0.553161 lr=0.00009741
2026-05-01 12:17:58,880 [Trainer] :: Updated latest checkpoint at epoch 31
2026-05-01 12:17:58,880 [Trainer] :: No validation IoU improvement for 3 epoch(s)
2026-05-01 12:17:58,880 [Trainer] :: Starting epoch 32
2026-05-01 12:22:29,790 [Trainer] :: Completed epoch 32: train_loss=0.110733 train_iou=0.893925 val_loss=0.312842 val_iou=0.565943 lr=0.00009725
2026-05-01 12:22:30,395 [Trainer] :: Updated latest checkpoint at epoch 32
2026-05-01 12:22:30,395 [Trainer] :: No validation IoU improvement for 4 epoch(s)
2026-05-01 12:22:30,395 [Trainer] :: Starting epoch 33
2026-05-01 12:26:56,327 [Trainer] :: Completed epoch 33: train_loss=0.109787 train_iou=0.894238 val_loss=0.326623 val_iou=0.563044 lr=0.00009707
2026-05-01 12:26:57,379 [Trainer] :: Updated latest checkpoint at epoch 33
2026-05-01 12:26:57,380 [Trainer] :: No validation IoU improvement for 5 epoch(s)
2026-05-01 12:26:57,380 [Trainer] :: Starting epoch 34
2026-05-01 12:31:40,645 [Trainer] :: Completed epoch 34: train_loss=0.103458 train_iou=0.899445 val_loss=0.324186 val_iou=0.561069 lr=0.00009690
2026-05-01 12:31:41,485 [Trainer] :: Updated latest checkpoint at epoch 34
2026-05-01 12:31:41,485 [Trainer] :: No validation IoU improvement for 6 epoch(s)
2026-05-01 12:31:41,486 [Trainer] :: Starting epoch 35
2026-05-01 12:36:22,991 [Trainer] :: Completed epoch 35: train_loss=0.104848 train_iou=0.897371 val_loss=0.328160 val_iou=0.556003 lr=0.00009671
2026-05-01 12:36:23,882 [Trainer] :: Updated latest checkpoint at epoch 35
2026-05-01 12:36:23,882 [Trainer] :: No validation IoU improvement for 7 epoch(s)
2026-05-01 12:36:23,882 [Trainer] :: Starting epoch 36
2026-05-01 12:41:06,590 [Trainer] :: Completed epoch 36: train_loss=0.105962 train_iou=0.901611 val_loss=0.349347 val_iou=0.526200 lr=0.00009652
2026-05-01 12:41:07,365 [Trainer] :: Updated latest checkpoint at epoch 36
2026-05-01 12:41:07,366 [Trainer] :: No validation IoU improvement for 8 epoch(s)
2026-05-01 12:41:07,366 [Trainer] :: Starting epoch 37
2026-05-01 12:45:39,912 [Trainer] :: Completed epoch 37: train_loss=0.102835 train_iou=0.897635 val_loss=0.371994 val_iou=0.526515 lr=0.00009633
2026-05-01 12:45:40,746 [Trainer] :: Updated latest checkpoint at epoch 37
2026-05-01 12:45:40,746 [Trainer] :: No validation IoU improvement for 9 epoch(s)
2026-05-01 12:45:40,746 [Trainer] :: Starting epoch 38
2026-05-01 12:50:05,778 [Trainer] :: Completed epoch 38: train_loss=0.094864 train_iou=0.903442 val_loss=0.292557 val_iou=0.607964 lr=0.00009613
2026-05-01 12:50:06,468 [Trainer] :: Updated latest checkpoint at epoch 38
2026-05-01 12:50:06,469 [Trainer] :: No validation IoU improvement for 10 epoch(s)
2026-05-01 12:50:06,469 [Trainer] :: Starting epoch 39
2026-05-01 12:54:30,979 [Trainer] :: Completed epoch 39: train_loss=0.093908 train_iou=0.905383 val_loss=0.354178 val_iou=0.541069 lr=0.00009593
2026-05-01 12:54:31,761 [Trainer] :: Updated latest checkpoint at epoch 39
2026-05-01 12:54:31,761 [Trainer] :: No validation IoU improvement for 11 epoch(s)
2026-05-01 12:54:31,761 [Trainer] :: Starting epoch 40
2026-05-01 12:58:55,526 [Trainer] :: Completed epoch 40: train_loss=0.089994 train_iou=0.907360 val_loss=0.362420 val_iou=0.544158 lr=0.00009572
2026-05-01 12:58:56,197 [Trainer] :: Updated latest checkpoint at epoch 40
2026-05-01 12:58:56,198 [Trainer] :: No validation IoU improvement for 12 epoch(s)
2026-05-01 12:58:56,198 [Trainer] :: Starting epoch 41
2026-05-01 13:03:18,491 [Trainer] :: Completed epoch 41: train_loss=0.091188 train_iou=0.909352 val_loss=0.302557 val_iou=0.597734 lr=0.00009551
2026-05-01 13:03:19,188 [Trainer] :: Updated latest checkpoint at epoch 41
2026-05-01 13:03:19,188 [Trainer] :: No validation IoU improvement for 13 epoch(s)
2026-05-01 13:03:19,188 [Trainer] :: Starting epoch 42
2026-05-01 13:07:41,639 [Trainer] :: Completed epoch 42: train_loss=0.084278 train_iou=0.913258 val_loss=0.304043 val_iou=0.597797 lr=0.00009529
2026-05-01 13:07:42,368 [Trainer] :: Updated latest checkpoint at epoch 42
2026-05-01 13:07:42,368 [Trainer] :: No validation IoU improvement for 14 epoch(s)
2026-05-01 13:07:42,368 [Trainer] :: Starting epoch 43
2026-05-01 13:12:07,167 [Trainer] :: Completed epoch 43: train_loss=0.081897 train_iou=0.914979 val_loss=0.331005 val_iou=0.583097 lr=0.00009507
2026-05-01 13:12:07,882 [Trainer] :: Updated latest checkpoint at epoch 43
2026-05-01 13:12:07,883 [Trainer] :: No validation IoU improvement for 15 epoch(s)
2026-05-01 13:12:07,883 [Trainer] :: Starting epoch 44
2026-05-01 13:16:31,534 [Trainer] :: Completed epoch 44: train_loss=0.084585 train_iou=0.913431 val_loss=0.376023 val_iou=0.516416 lr=0.00009484
2026-05-01 13:16:32,217 [Trainer] :: Updated latest checkpoint at epoch 44
2026-05-01 13:16:32,217 [Trainer] :: No validation IoU improvement for 16 epoch(s)
2026-05-01 13:16:32,217 [Trainer] :: Starting epoch 45
2026-05-01 13:20:55,378 [Trainer] :: Completed epoch 45: train_loss=0.087062 train_iou=0.909956 val_loss=0.356060 val_iou=0.538022 lr=0.00009460
2026-05-01 13:20:56,185 [Trainer] :: Updated latest checkpoint at epoch 45
2026-05-01 13:20:56,185 [Trainer] :: No validation IoU improvement for 17 epoch(s)
2026-05-01 13:20:56,185 [Trainer] :: Starting epoch 46
2026-05-01 13:25:21,315 [Trainer] :: Completed epoch 46: train_loss=0.080802 train_iou=0.916738 val_loss=0.329772 val_iou=0.562938 lr=0.00009437
2026-05-01 13:25:22,116 [Trainer] :: Updated latest checkpoint at epoch 46
2026-05-01 13:25:22,117 [Trainer] :: No validation IoU improvement for 18 epoch(s)
2026-05-01 13:25:22,117 [Trainer] :: Starting epoch 47
2026-05-01 13:29:44,572 [Trainer] :: Completed epoch 47: train_loss=0.076232 train_iou=0.919639 val_loss=0.347101 val_iou=0.550021 lr=0.00009412
2026-05-01 13:29:45,278 [Trainer] :: Updated latest checkpoint at epoch 47
2026-05-01 13:29:45,279 [Trainer] :: No validation IoU improvement for 19 epoch(s)
2026-05-01 13:29:45,279 [Trainer] :: Starting epoch 48
2026-05-01 13:34:08,171 [Trainer] :: Completed epoch 48: train_loss=0.077341 train_iou=0.918831 val_loss=0.318554 val_iou=0.581921 lr=0.00009388
2026-05-01 13:34:08,875 [Trainer] :: Updated latest checkpoint at epoch 48
2026-05-01 13:34:08,875 [Trainer] :: No validation IoU improvement for 20 epoch(s)
2026-05-01 13:34:08,875 [Trainer] :: Starting epoch 49
2026-05-01 13:38:30,775 [Trainer] :: Completed epoch 49: train_loss=0.077682 train_iou=0.920338 val_loss=0.340856 val_iou=0.558685 lr=0.00009363
2026-05-01 13:38:32,333 [Trainer] :: Updated latest checkpoint at epoch 49
2026-05-01 13:38:32,333 [Trainer] :: No validation IoU improvement for 21 epoch(s)
2026-05-01 13:38:32,333 [Trainer] :: Starting epoch 50
2026-05-01 13:42:56,382 [Trainer] :: Completed epoch 50: train_loss=0.078593 train_iou=0.917126 val_loss=0.327137 val_iou=0.565986 lr=0.00009337
2026-05-01 13:42:57,118 [Trainer] :: Updated latest checkpoint at epoch 50
2026-05-01 13:42:57,118 [Trainer] :: No validation IoU improvement for 22 epoch(s)
2026-05-01 13:42:57,118 [Trainer] :: Starting epoch 51
2026-05-01 13:47:19,453 [Trainer] :: Completed epoch 51: train_loss=0.076416 train_iou=0.919979 val_loss=0.388094 val_iou=0.524268 lr=0.00009311
2026-05-01 13:47:20,193 [Trainer] :: Updated latest checkpoint at epoch 51
2026-05-01 13:47:20,193 [Trainer] :: No validation IoU improvement for 23 epoch(s)
2026-05-01 13:47:20,193 [Trainer] :: Starting epoch 52
2026-05-01 13:51:44,482 [Trainer] :: Completed epoch 52: train_loss=0.074469 train_iou=0.921487 val_loss=0.333677 val_iou=0.576926 lr=0.00009284
2026-05-01 13:51:46,013 [Trainer] :: Updated latest checkpoint at epoch 52
2026-05-01 13:51:46,013 [Trainer] :: No validation IoU improvement for 24 epoch(s)
2026-05-01 13:51:46,013 [Trainer] :: Starting epoch 53
2026-05-01 13:56:09,114 [Trainer] :: Completed epoch 53: train_loss=0.073632 train_iou=0.922286 val_loss=0.326068 val_iou=0.573789 lr=0.00009257
2026-05-01 13:56:09,868 [Trainer] :: Updated latest checkpoint at epoch 53
2026-05-01 13:56:09,868 [Trainer] :: No validation IoU improvement for 25 epoch(s)
2026-05-01 13:56:09,868 [Trainer] :: Starting epoch 54
2026-05-01 14:00:31,566 [Trainer] :: Completed epoch 54: train_loss=0.072862 train_iou=0.923049 val_loss=0.326055 val_iou=0.580278 lr=0.00009229
2026-05-01 14:00:32,635 [Trainer] :: Updated latest checkpoint at epoch 54
2026-05-01 14:00:32,635 [Trainer] :: No validation IoU improvement for 26 epoch(s)
2026-05-01 14:00:32,635 [Trainer] :: Starting epoch 55
2026-05-01 14:04:56,238 [Trainer] :: Completed epoch 55: train_loss=0.070062 train_iou=0.925946 val_loss=0.327386 val_iou=0.572513 lr=0.00009201
2026-05-01 14:04:56,995 [Trainer] :: Updated latest checkpoint at epoch 55
2026-05-01 14:04:56,995 [Trainer] :: No validation IoU improvement for 27 epoch(s)
2026-05-01 14:04:56,995 [Trainer] :: Starting epoch 56
2026-05-01 14:09:20,696 [Trainer] :: Completed epoch 56: train_loss=0.068376 train_iou=0.927266 val_loss=0.363924 val_iou=0.530648 lr=0.00009173
2026-05-01 14:09:21,471 [Trainer] :: Updated latest checkpoint at epoch 56
2026-05-01 14:09:21,471 [Trainer] :: No validation IoU improvement for 28 epoch(s)
2026-05-01 14:09:21,471 [Trainer] :: Starting epoch 57
2026-05-01 14:13:43,874 [Trainer] :: Completed epoch 57: train_loss=0.070435 train_iou=0.925500 val_loss=0.364025 val_iou=0.555925 lr=0.00009144
2026-05-01 14:13:44,577 [Trainer] :: Updated latest checkpoint at epoch 57
2026-05-01 14:13:44,578 [Trainer] :: No validation IoU improvement for 29 epoch(s)
2026-05-01 14:13:44,578 [Trainer] :: Starting epoch 58
2026-05-01 14:18:06,019 [Trainer] :: Completed epoch 58: train_loss=0.069232 train_iou=0.928070 val_loss=0.319098 val_iou=0.582687 lr=0.00009115
2026-05-01 14:18:06,767 [Trainer] :: Updated latest checkpoint at epoch 58
2026-05-01 14:18:06,767 [Trainer] :: No validation IoU improvement for 30 epoch(s)
2026-05-01 14:18:06,767 [Trainer] :: Starting epoch 59
2026-05-01 14:22:29,054 [Trainer] :: Completed epoch 59: train_loss=0.066650 train_iou=0.928746 val_loss=0.340249 val_iou=0.563950 lr=0.00009085
2026-05-01 14:22:30,108 [Trainer] :: Updated latest checkpoint at epoch 59
2026-05-01 14:22:30,109 [Trainer] :: No validation IoU improvement for 31 epoch(s)
2026-05-01 14:22:30,109 [Trainer] :: Starting epoch 60
2026-05-01 14:26:53,087 [Trainer] :: Completed epoch 60: train_loss=0.068461 train_iou=0.928002 val_loss=0.323631 val_iou=0.581459 lr=0.00009055
2026-05-01 14:26:53,887 [Trainer] :: Updated latest checkpoint at epoch 60
2026-05-01 14:26:53,887 [Trainer] :: No validation IoU improvement for 32 epoch(s)
2026-05-01 14:26:53,887 [Trainer] :: Starting epoch 61
2026-05-01 14:31:16,334 [Trainer] :: Completed epoch 61: train_loss=0.064545 train_iou=0.930717 val_loss=0.359332 val_iou=0.570785 lr=0.00009024
2026-05-01 14:31:17,106 [Trainer] :: Updated latest checkpoint at epoch 61
2026-05-01 14:31:17,106 [Trainer] :: No validation IoU improvement for 33 epoch(s)
2026-05-01 14:31:17,106 [Trainer] :: Starting epoch 62
2026-05-01 14:35:39,321 [Trainer] :: Completed epoch 62: train_loss=0.064998 train_iou=0.930219 val_loss=0.358362 val_iou=0.563499 lr=0.00008993
2026-05-01 14:35:40,052 [Trainer] :: Updated latest checkpoint at epoch 62
2026-05-01 14:35:40,052 [Trainer] :: No validation IoU improvement for 34 epoch(s)
2026-05-01 14:35:40,052 [Trainer] :: Starting epoch 63
2026-05-01 14:40:02,205 [Trainer] :: Completed epoch 63: train_loss=0.063522 train_iou=0.931799 val_loss=0.397448 val_iou=0.522774 lr=0.00008961
2026-05-01 14:40:02,930 [Trainer] :: Updated latest checkpoint at epoch 63
2026-05-01 14:40:02,930 [Trainer] :: No validation IoU improvement for 35 epoch(s)
2026-05-01 14:40:02,930 [Trainer] :: Starting epoch 64
2026-05-01 14:44:24,909 [Trainer] :: Completed epoch 64: train_loss=0.062665 train_iou=0.931817 val_loss=0.377232 val_iou=0.544891 lr=0.00008929
2026-05-01 14:44:25,759 [Trainer] :: Updated latest checkpoint at epoch 64
2026-05-01 14:44:25,759 [Trainer] :: No validation IoU improvement for 36 epoch(s)
2026-05-01 14:44:25,759 [Trainer] :: Starting epoch 65
2026-05-01 14:48:50,017 [Trainer] :: Completed epoch 65: train_loss=0.060299 train_iou=0.934988 val_loss=0.353184 val_iou=0.575170 lr=0.00008897
2026-05-01 14:48:50,867 [Trainer] :: Updated latest checkpoint at epoch 65
2026-05-01 14:48:50,867 [Trainer] :: No validation IoU improvement for 37 epoch(s)
2026-05-01 14:48:50,867 [Trainer] :: Starting epoch 66
2026-05-01 14:53:18,334 [Trainer] :: Completed epoch 66: train_loss=0.063328 train_iou=0.934261 val_loss=0.352997 val_iou=0.583643 lr=0.00008864
2026-05-01 14:53:19,045 [Trainer] :: Updated latest checkpoint at epoch 66
2026-05-01 14:53:19,045 [Trainer] :: No validation IoU improvement for 38 epoch(s)
2026-05-01 14:53:19,045 [Trainer] :: Starting epoch 67
2026-05-01 14:57:40,912 [Trainer] :: Completed epoch 67: train_loss=0.059170 train_iou=0.935739 val_loss=0.345352 val_iou=0.577456 lr=0.00008831
2026-05-01 14:57:41,641 [Trainer] :: Updated latest checkpoint at epoch 67
2026-05-01 14:57:41,642 [Trainer] :: No validation IoU improvement for 39 epoch(s)
2026-05-01 14:57:41,642 [Trainer] :: Starting epoch 68
2026-05-01 15:02:03,325 [Trainer] :: Completed epoch 68: train_loss=0.059183 train_iou=0.937091 val_loss=0.352526 val_iou=0.571819 lr=0.00008797
2026-05-01 15:02:04,040 [Trainer] :: Updated latest checkpoint at epoch 68
2026-05-01 15:02:04,040 [Trainer] :: No validation IoU improvement for 40 epoch(s)
2026-05-01 15:02:04,040 [Trainer] :: Starting epoch 69
2026-05-01 15:06:26,572 [Trainer] :: Completed epoch 69: train_loss=0.057168 train_iou=0.937715 val_loss=0.357460 val_iou=0.575925 lr=0.00008763
2026-05-01 15:06:27,241 [Trainer] :: Updated latest checkpoint at epoch 69
2026-05-01 15:06:27,242 [Trainer] :: No validation IoU improvement for 41 epoch(s)
2026-05-01 15:06:27,242 [Trainer] :: Starting epoch 70
2026-05-01 15:10:52,752 [Trainer] :: Completed epoch 70: train_loss=0.058775 train_iou=0.937537 val_loss=0.351547 val_iou=0.569940 lr=0.00008729
2026-05-01 15:10:53,583 [Trainer] :: Updated latest checkpoint at epoch 70
2026-05-01 15:10:53,583 [Trainer] :: No validation IoU improvement for 42 epoch(s)
2026-05-01 15:10:53,583 [Trainer] :: Starting epoch 71
2026-05-01 15:15:26,379 [Trainer] :: Completed epoch 71: train_loss=0.055895 train_iou=0.939770 val_loss=0.354546 val_iou=0.578148 lr=0.00008694
2026-05-01 15:15:27,120 [Trainer] :: Updated latest checkpoint at epoch 71
2026-05-01 15:15:27,121 [Trainer] :: No validation IoU improvement for 43 epoch(s)
2026-05-01 15:15:27,121 [Trainer] :: Starting epoch 72
2026-05-01 15:19:57,350 [Trainer] :: Completed epoch 72: train_loss=0.057185 train_iou=0.938070 val_loss=0.402389 val_iou=0.529809 lr=0.00008658
2026-05-01 15:19:58,074 [Trainer] :: Updated latest checkpoint at epoch 72
2026-05-01 15:19:58,075 [Trainer] :: No validation IoU improvement for 44 epoch(s)
2026-05-01 15:19:58,075 [Trainer] :: Starting epoch 73
2026-05-01 15:24:26,506 [Trainer] :: Completed epoch 73: train_loss=0.056229 train_iou=0.939057 val_loss=0.388400 val_iou=0.543285 lr=0.00008623
2026-05-01 15:24:27,203 [Trainer] :: Updated latest checkpoint at epoch 73
2026-05-01 15:24:27,203 [Trainer] :: No validation IoU improvement for 45 epoch(s)
2026-05-01 15:24:27,203 [Trainer] :: Starting epoch 74
2026-05-01 15:28:57,368 [Trainer] :: Completed epoch 74: train_loss=0.055325 train_iou=0.939485 val_loss=0.350618 val_iou=0.560408 lr=0.00008587
2026-05-01 15:28:58,183 [Trainer] :: Updated latest checkpoint at epoch 74
2026-05-01 15:28:58,183 [Trainer] :: No validation IoU improvement for 46 epoch(s)
2026-05-01 15:28:58,183 [Trainer] :: Starting epoch 75
2026-05-01 15:33:22,454 [Trainer] :: Completed epoch 75: train_loss=0.055677 train_iou=0.939601 val_loss=0.362793 val_iou=0.555784 lr=0.00008550
2026-05-01 15:33:23,104 [Trainer] :: Updated latest checkpoint at epoch 75
2026-05-01 15:33:23,105 [Trainer] :: No validation IoU improvement for 47 epoch(s)
2026-05-01 15:33:23,105 [Trainer] :: Starting epoch 76
2026-05-01 15:37:50,615 [Trainer] :: Completed epoch 76: train_loss=0.054363 train_iou=0.940667 val_loss=0.344764 val_iou=0.572421 lr=0.00008513
2026-05-01 15:37:51,358 [Trainer] :: Updated latest checkpoint at epoch 76
2026-05-01 15:37:51,358 [Trainer] :: No validation IoU improvement for 48 epoch(s)
2026-05-01 15:37:51,358 [Trainer] :: Starting epoch 77
2026-05-01 15:42:27,612 [Trainer] :: Completed epoch 77: train_loss=0.054146 train_iou=0.941928 val_loss=0.388113 val_iou=0.548332 lr=0.00008476
2026-05-01 15:42:28,315 [Trainer] :: Updated latest checkpoint at epoch 77
2026-05-01 15:42:28,315 [Trainer] :: No validation IoU improvement for 49 epoch(s)
2026-05-01 15:42:28,315 [Trainer] :: Starting epoch 78
2026-05-01 15:46:59,255 [Trainer] :: Completed epoch 78: train_loss=0.052722 train_iou=0.942163 val_loss=0.374877 val_iou=0.549293 lr=0.00008439
2026-05-01 15:47:00,283 [Trainer] :: Updated latest checkpoint at epoch 78
2026-05-01 15:47:00,283 [Trainer] :: No validation IoU improvement for 50 epoch(s)
2026-05-01 15:47:00,283 [Trainer] :: Starting epoch 79
2026-05-01 15:51:32,276 [Trainer] :: Completed epoch 79: train_loss=0.052397 train_iou=0.943928 val_loss=0.365201 val_iou=0.562662 lr=0.00008401
2026-05-01 15:51:33,260 [Trainer] :: Updated latest checkpoint at epoch 79
2026-05-01 15:51:33,260 [Trainer] :: No validation IoU improvement for 51 epoch(s)
2026-05-01 15:51:33,260 [Trainer] :: Starting epoch 80
2026-05-01 15:56:10,603 [Trainer] :: Completed epoch 80: train_loss=0.054115 train_iou=0.942043 val_loss=0.381916 val_iou=0.546525 lr=0.00008362
2026-05-01 15:56:11,359 [Trainer] :: Updated latest checkpoint at epoch 80
2026-05-01 15:56:11,359 [Trainer] :: No validation IoU improvement for 52 epoch(s)
2026-05-01 15:56:11,359 [Trainer] :: Starting epoch 81
2026-05-01 16:00:42,760 [Trainer] :: Completed epoch 81: train_loss=0.050682 train_iou=0.944626 val_loss=0.413376 val_iou=0.529317 lr=0.00008323
2026-05-01 16:00:43,596 [Trainer] :: Updated latest checkpoint at epoch 81
2026-05-01 16:00:43,596 [Trainer] :: No validation IoU improvement for 53 epoch(s)
2026-05-01 16:00:43,596 [Trainer] :: Starting epoch 82
2026-05-01 16:05:21,155 [Trainer] :: Completed epoch 82: train_loss=0.051093 train_iou=0.945279 val_loss=0.415328 val_iou=0.531726 lr=0.00008284
2026-05-01 16:05:22,223 [Trainer] :: Updated latest checkpoint at epoch 82
2026-05-01 16:05:22,223 [Trainer] :: No validation IoU improvement for 54 epoch(s)
2026-05-01 16:05:22,223 [Trainer] :: Starting epoch 83
2026-05-01 16:09:59,131 [Trainer] :: Completed epoch 83: train_loss=0.050717 train_iou=0.944695 val_loss=0.356248 val_iou=0.561393 lr=0.00008245
2026-05-01 16:09:59,829 [Trainer] :: Updated latest checkpoint at epoch 83
2026-05-01 16:09:59,829 [Trainer] :: No validation IoU improvement for 55 epoch(s)
2026-05-01 16:09:59,829 [Trainer] :: Starting epoch 84
2026-05-01 16:14:38,699 [Trainer] :: Completed epoch 84: train_loss=0.050978 train_iou=0.943938 val_loss=0.391140 val_iou=0.550949 lr=0.00008205
2026-05-01 16:14:40,047 [Trainer] :: Updated latest checkpoint at epoch 84
2026-05-01 16:14:40,047 [Trainer] :: No validation IoU improvement for 56 epoch(s)
2026-05-01 16:14:40,047 [Trainer] :: Starting epoch 85
2026-05-01 16:19:14,614 [Trainer] :: Completed epoch 85: train_loss=0.048622 train_iou=0.947318 val_loss=0.355134 val_iou=0.579698 lr=0.00008165
2026-05-01 16:19:15,650 [Trainer] :: Updated latest checkpoint at epoch 85
2026-05-01 16:19:15,651 [Trainer] :: No validation IoU improvement for 57 epoch(s)
2026-05-01 16:19:15,651 [Trainer] :: Starting epoch 86
2026-05-01 16:23:38,540 [Trainer] :: Completed epoch 86: train_loss=0.048720 train_iou=0.946989 val_loss=0.434629 val_iou=0.521394 lr=0.00008125
2026-05-01 16:23:39,295 [Trainer] :: Updated latest checkpoint at epoch 86
2026-05-01 16:23:39,295 [Trainer] :: No validation IoU improvement for 58 epoch(s)
2026-05-01 16:23:39,295 [Trainer] :: Starting epoch 87
2026-05-01 16:28:09,931 [Trainer] :: Completed epoch 87: train_loss=0.047953 train_iou=0.947920 val_loss=0.354577 val_iou=0.574810 lr=0.00008084
2026-05-01 16:28:10,713 [Trainer] :: Updated latest checkpoint at epoch 87
2026-05-01 16:28:10,714 [Trainer] :: No validation IoU improvement for 59 epoch(s)
2026-05-01 16:28:10,714 [Trainer] :: Starting epoch 88
2026-05-01 16:32:34,239 [Trainer] :: Completed epoch 88: train_loss=0.048666 train_iou=0.946716 val_loss=0.378078 val_iou=0.562376 lr=0.00008043
2026-05-01 16:32:35,398 [Trainer] :: Updated latest checkpoint at epoch 88
2026-05-01 16:32:35,398 [Trainer] :: No validation IoU improvement for 60 epoch(s)
2026-05-01 16:32:35,398 [Trainer] :: Early stopping triggered after 60 epoch(s) without improvement
2026-05-01 16:36:27,574 [Trainer] :: Wrote training history to outputs/runs/rgb_unetplusplus_resnet50_seed47_20260501T080601Z/metrics/history.json
2026-05-01 16:36:27,574 [Trainer] :: Wrote test summary to outputs/runs/rgb_unetplusplus_resnet50_seed47_20260501T080601Z/metrics/test_summary.json
2026-05-01 16:36:27,574 [Trainer] :: Training completed
