2026-06-11T12:29:51Z [INFO] Controller started
2026-06-11T12:29:51Z [INFO] manifest=scripts/slurm/workloads/split/tsm2.json max_parallel=8 max_retries=3 sbatch_submit_retries=3 poll_seconds=10
2026-06-11T12:29:51Z [INFO] python=python singularity_image=/ceph/container/pytorch/pytorch_26.02.sif venv_activate=p10_venv/bin/activate
2026-06-11T12:29:51Z [INFO] status_dir=outputs/slurm/status/tsm2_20260611T122951Z summary_dir=outputs/metrics log_dir=logs/masking/slurm
2026-06-11T12:29:51Z [INFO] Acquired controller lock outputs/slurm/status/.masking_batch_controller.lock
2026-06-11T12:29:51Z [INFO] Loaded 18 task(s) from scripts/slurm/workloads/split/tsm2.json
2026-06-11T12:29:51Z [INFO] Status directory: outputs/slurm/status/tsm2_20260611T122951Z
2026-06-11T12:29:51Z [INFO] Submitting task 0 try 1/3: group=binary_train kind=train config=configs/binary/rgb_unetpp_resnet34.yaml split=test seed=69 resume_checkpoint=none attempt=1
2026-06-11T12:29:51Z [INFO] Submitted task 0 (binary_train, train, configs/binary/rgb_unetpp_resnet34.yaml, seed=69, resume_checkpoint=none) as job 869537, attempt 1
2026-06-11T12:29:51Z [INFO] Submitting task 1 try 1/3: group=binary_train kind=train config=configs/binary/rgb_unetpp_resnet50.yaml split=test seed=69 resume_checkpoint=none attempt=1
2026-06-11T12:29:51Z [INFO] Submitted task 1 (binary_train, train, configs/binary/rgb_unetpp_resnet50.yaml, seed=69, resume_checkpoint=none) as job 869538, attempt 1
2026-06-11T12:29:51Z [INFO] Submitting task 2 try 1/3: group=binary_train kind=train config=configs/binary/rgb_deeplabv3plus_resnet34.yaml split=test seed=69 resume_checkpoint=none attempt=1
2026-06-11T12:29:51Z [INFO] Submitted task 2 (binary_train, train, configs/binary/rgb_deeplabv3plus_resnet34.yaml, seed=69, resume_checkpoint=none) as job 869539, attempt 1
2026-06-11T12:29:51Z [INFO] Submitting task 3 try 1/3: group=binary_train kind=train config=configs/binary/rgb_deeplabv3plus_resnet50.yaml split=test seed=69 resume_checkpoint=none attempt=1
2026-06-11T12:29:51Z [INFO] Submitted task 3 (binary_train, train, configs/binary/rgb_deeplabv3plus_resnet50.yaml, seed=69, resume_checkpoint=none) as job 869540, attempt 1
2026-06-11T12:29:51Z [INFO] Submitting task 4 try 1/3: group=binary_train kind=train config=configs/binary/rgb_segformer_b0.yaml split=test seed=69 resume_checkpoint=none attempt=1
2026-06-11T12:29:51Z [INFO] Submitted task 4 (binary_train, train, configs/binary/rgb_segformer_b0.yaml, seed=69, resume_checkpoint=none) as job 869541, attempt 1
2026-06-11T12:29:51Z [INFO] Submitting task 5 try 1/3: group=binary_train kind=train config=configs/binary/rgb_segformer_b1.yaml split=test seed=69 resume_checkpoint=none attempt=1
2026-06-11T12:29:51Z [INFO] Submitted task 5 (binary_train, train, configs/binary/rgb_segformer_b1.yaml, seed=69, resume_checkpoint=none) as job 869542, attempt 1
2026-06-11T12:29:51Z [INFO] Submitting task 6 try 1/3: group=binary_train kind=train config=configs/binary/real_msi_unetpp_resnet34.yaml split=test seed=69 resume_checkpoint=none attempt=1
2026-06-11T12:29:51Z [INFO] Submitted task 6 (binary_train, train, configs/binary/real_msi_unetpp_resnet34.yaml, seed=69, resume_checkpoint=none) as job 869543, attempt 1
2026-06-11T12:29:51Z [INFO] Submitting task 7 try 1/3: group=binary_train kind=train config=configs/binary/real_msi_unetpp_resnet50.yaml split=test seed=69 resume_checkpoint=none attempt=1
2026-06-11T12:29:51Z [INFO] Submitted task 7 (binary_train, train, configs/binary/real_msi_unetpp_resnet50.yaml, seed=69, resume_checkpoint=none) as job 869544, attempt 1
