2026-05-16 05:11:21,618 [Trainer] :: Training run initialized at /ceph/home/student.aau.dk/qd36zu/fuzzy-p10/tbd/masking/outputs/runs/rgb_real_msi_segformer_b1_seed49_20260516T031121Z
2026-05-16 05:11:21,619 [Trainer] :: Loaded config from /ceph/home/student.aau.dk/qd36zu/fuzzy-p10/tbd/masking/configs/binary/rgb_real_msi_segformer_b1.yaml
2026-05-16 05:11:21,619 [Trainer] :: Using seed=49 and device=None
2026-05-16 05:11:21,619 [Trainer] :: Using model architecture=Segformer encoder=mit_b1 encoder_weights=imagenet
2026-05-16 05:11:21,971 [Trainer] :: Resolved runtime device to cuda
2026-05-16 05:11:21,972 [Trainer] :: Prepared normalization from source=train_split_patch_stats
2026-05-16 05:11:25,588 [Trainer] :: Built dataloaders with batch_size=8, num_workers=0
2026-05-16 05:11:25,589 [Trainer] :: Starting epoch 1
2026-05-16 05:15:37,895 [Trainer] :: Completed epoch 1: train_loss=0.344727 train_iou=0.693949 val_loss=0.305833 val_iou=0.571668 lr=0.00010000
2026-05-16 05:15:38,078 [Trainer] :: Updated latest checkpoint at epoch 1
2026-05-16 05:15:38,459 [Trainer] :: New best checkpoint saved with val_iou=0.571668
2026-05-16 05:15:38,459 [Trainer] :: Starting epoch 2
2026-05-16 05:19:39,888 [Trainer] :: Completed epoch 2: train_loss=0.270478 train_iou=0.757311 val_loss=0.310145 val_iou=0.536496 lr=0.00009999
2026-05-16 05:19:40,326 [Trainer] :: Updated latest checkpoint at epoch 2
2026-05-16 05:19:40,326 [Trainer] :: No validation IoU improvement for 1 epoch(s)
2026-05-16 05:19:40,326 [Trainer] :: Starting epoch 3
2026-05-16 05:23:39,107 [Trainer] :: Completed epoch 3: train_loss=0.262554 train_iou=0.762647 val_loss=0.279983 val_iou=0.580693 lr=0.00009998
2026-05-16 05:23:39,295 [Trainer] :: Updated latest checkpoint at epoch 3
2026-05-16 05:23:39,611 [Trainer] :: New best checkpoint saved with val_iou=0.580693
2026-05-16 05:23:39,611 [Trainer] :: Starting epoch 4
2026-05-16 05:27:45,683 [Trainer] :: Completed epoch 4: train_loss=0.236723 train_iou=0.789712 val_loss=0.270525 val_iou=0.629990 lr=0.00009996
2026-05-16 05:27:45,907 [Trainer] :: Updated latest checkpoint at epoch 4
2026-05-16 05:27:46,088 [Trainer] :: New best checkpoint saved with val_iou=0.629990
2026-05-16 05:27:46,088 [Trainer] :: Starting epoch 5
2026-05-16 05:31:47,591 [Trainer] :: Completed epoch 5: train_loss=0.228147 train_iou=0.794941 val_loss=0.311739 val_iou=0.578502 lr=0.00009993
2026-05-16 05:31:47,780 [Trainer] :: Updated latest checkpoint at epoch 5
2026-05-16 05:31:47,780 [Trainer] :: No validation IoU improvement for 1 epoch(s)
2026-05-16 05:31:47,780 [Trainer] :: Starting epoch 6
2026-05-16 05:35:40,462 [Trainer] :: Completed epoch 6: train_loss=0.216759 train_iou=0.804519 val_loss=0.245375 val_iou=0.652019 lr=0.00009990
2026-05-16 05:35:40,654 [Trainer] :: Updated latest checkpoint at epoch 6
2026-05-16 05:35:40,839 [Trainer] :: New best checkpoint saved with val_iou=0.652019
2026-05-16 05:35:40,839 [Trainer] :: Starting epoch 7
2026-05-16 05:39:37,114 [Trainer] :: Completed epoch 7: train_loss=0.205568 train_iou=0.809153 val_loss=0.244552 val_iou=0.656649 lr=0.00009987
2026-05-16 05:39:37,310 [Trainer] :: Updated latest checkpoint at epoch 7
2026-05-16 05:39:37,495 [Trainer] :: New best checkpoint saved with val_iou=0.656649
2026-05-16 05:39:37,495 [Trainer] :: Starting epoch 8
2026-05-16 05:43:38,529 [Trainer] :: Completed epoch 8: train_loss=0.198976 train_iou=0.816350 val_loss=0.253630 val_iou=0.647316 lr=0.00009983
2026-05-16 05:43:38,715 [Trainer] :: Updated latest checkpoint at epoch 8
2026-05-16 05:43:38,716 [Trainer] :: No validation IoU improvement for 1 epoch(s)
2026-05-16 05:43:38,716 [Trainer] :: Starting epoch 9
2026-05-16 05:47:43,036 [Trainer] :: Completed epoch 9: train_loss=0.192293 train_iou=0.819235 val_loss=0.263730 val_iou=0.598323 lr=0.00009978
2026-05-16 05:47:43,261 [Trainer] :: Updated latest checkpoint at epoch 9
2026-05-16 05:47:43,261 [Trainer] :: No validation IoU improvement for 2 epoch(s)
2026-05-16 05:47:43,261 [Trainer] :: Starting epoch 10
2026-05-16 05:51:40,377 [Trainer] :: Completed epoch 10: train_loss=0.186415 train_iou=0.825483 val_loss=0.246643 val_iou=0.655849 lr=0.00009973
2026-05-16 05:51:40,573 [Trainer] :: Updated latest checkpoint at epoch 10
2026-05-16 05:51:40,573 [Trainer] :: No validation IoU improvement for 3 epoch(s)
2026-05-16 05:51:40,573 [Trainer] :: Starting epoch 11
2026-05-16 05:58:57,555 [Trainer] :: Completed epoch 11: train_loss=0.183567 train_iou=0.827526 val_loss=0.226775 val_iou=0.684567 lr=0.00009967
2026-05-16 05:58:57,872 [Trainer] :: Updated latest checkpoint at epoch 11
2026-05-16 05:58:58,171 [Trainer] :: New best checkpoint saved with val_iou=0.684567
2026-05-16 05:58:58,172 [Trainer] :: Starting epoch 12
2026-05-16 06:03:06,759 [Trainer] :: Completed epoch 12: train_loss=0.176027 train_iou=0.833630 val_loss=0.249766 val_iou=0.636741 lr=0.00009961
2026-05-16 06:03:06,968 [Trainer] :: Updated latest checkpoint at epoch 12
2026-05-16 06:03:06,968 [Trainer] :: No validation IoU improvement for 1 epoch(s)
2026-05-16 06:03:06,968 [Trainer] :: Starting epoch 13
2026-05-16 06:07:27,767 [Trainer] :: Completed epoch 13: train_loss=0.174854 train_iou=0.832958 val_loss=0.254246 val_iou=0.641571 lr=0.00009954
2026-05-16 06:07:27,968 [Trainer] :: Updated latest checkpoint at epoch 13
2026-05-16 06:07:27,969 [Trainer] :: No validation IoU improvement for 2 epoch(s)
2026-05-16 06:07:27,969 [Trainer] :: Starting epoch 14
2026-05-16 06:11:31,957 [Trainer] :: Completed epoch 14: train_loss=0.167141 train_iou=0.838118 val_loss=0.254350 val_iou=0.642808 lr=0.00009947
2026-05-16 06:11:32,145 [Trainer] :: Updated latest checkpoint at epoch 14
2026-05-16 06:11:32,145 [Trainer] :: No validation IoU improvement for 3 epoch(s)
2026-05-16 06:11:32,145 [Trainer] :: Starting epoch 15
2026-05-16 06:15:51,244 [Trainer] :: Completed epoch 15: train_loss=0.168845 train_iou=0.834928 val_loss=0.298953 val_iou=0.582162 lr=0.00009939
2026-05-16 06:15:51,432 [Trainer] :: Updated latest checkpoint at epoch 15
2026-05-16 06:15:51,432 [Trainer] :: No validation IoU improvement for 4 epoch(s)
2026-05-16 06:15:51,432 [Trainer] :: Starting epoch 16
2026-05-16 06:19:56,229 [Trainer] :: Completed epoch 16: train_loss=0.158673 train_iou=0.846140 val_loss=0.246474 val_iou=0.656306 lr=0.00009931
2026-05-16 06:19:56,428 [Trainer] :: Updated latest checkpoint at epoch 16
2026-05-16 06:19:56,428 [Trainer] :: No validation IoU improvement for 5 epoch(s)
2026-05-16 06:19:56,428 [Trainer] :: Starting epoch 17
2026-05-16 06:24:19,005 [Trainer] :: Completed epoch 17: train_loss=0.159205 train_iou=0.846299 val_loss=0.354174 val_iou=0.551227 lr=0.00009922
2026-05-16 06:24:19,210 [Trainer] :: Updated latest checkpoint at epoch 17
2026-05-16 06:24:19,210 [Trainer] :: No validation IoU improvement for 6 epoch(s)
2026-05-16 06:24:19,210 [Trainer] :: Starting epoch 18
2026-05-16 06:28:41,227 [Trainer] :: Completed epoch 18: train_loss=0.155042 train_iou=0.848907 val_loss=0.253842 val_iou=0.652890 lr=0.00009912
2026-05-16 06:28:41,627 [Trainer] :: Updated latest checkpoint at epoch 18
2026-05-16 06:28:41,627 [Trainer] :: No validation IoU improvement for 7 epoch(s)
2026-05-16 06:28:41,627 [Trainer] :: Starting epoch 19
2026-05-16 06:33:03,163 [Trainer] :: Completed epoch 19: train_loss=0.154259 train_iou=0.849285 val_loss=0.246591 val_iou=0.650372 lr=0.00009902
2026-05-16 06:33:03,369 [Trainer] :: Updated latest checkpoint at epoch 19
2026-05-16 06:33:03,369 [Trainer] :: No validation IoU improvement for 8 epoch(s)
2026-05-16 06:33:03,369 [Trainer] :: Starting epoch 20
2026-05-16 06:37:23,584 [Trainer] :: Completed epoch 20: train_loss=0.143076 train_iou=0.856194 val_loss=0.270009 val_iou=0.624082 lr=0.00009892
2026-05-16 06:37:23,783 [Trainer] :: Updated latest checkpoint at epoch 20
2026-05-16 06:37:23,783 [Trainer] :: No validation IoU improvement for 9 epoch(s)
2026-05-16 06:37:23,783 [Trainer] :: Starting epoch 21
2026-05-16 06:41:42,624 [Trainer] :: Completed epoch 21: train_loss=0.142420 train_iou=0.856505 val_loss=0.338048 val_iou=0.542352 lr=0.00009881
2026-05-16 06:41:42,818 [Trainer] :: Updated latest checkpoint at epoch 21
2026-05-16 06:41:42,819 [Trainer] :: No validation IoU improvement for 10 epoch(s)
2026-05-16 06:41:42,819 [Trainer] :: Starting epoch 22
2026-05-16 06:46:06,805 [Trainer] :: Completed epoch 22: train_loss=0.137647 train_iou=0.860480 val_loss=0.239439 val_iou=0.666753 lr=0.00009869
2026-05-16 06:46:07,187 [Trainer] :: Updated latest checkpoint at epoch 22
2026-05-16 06:46:07,187 [Trainer] :: No validation IoU improvement for 11 epoch(s)
2026-05-16 06:46:07,187 [Trainer] :: Starting epoch 23
2026-05-16 06:50:30,360 [Trainer] :: Completed epoch 23: train_loss=0.137589 train_iou=0.860514 val_loss=0.269094 val_iou=0.623980 lr=0.00009857
2026-05-16 06:50:30,578 [Trainer] :: Updated latest checkpoint at epoch 23
2026-05-16 06:50:30,578 [Trainer] :: No validation IoU improvement for 12 epoch(s)
2026-05-16 06:50:30,578 [Trainer] :: Starting epoch 24
2026-05-16 06:54:51,887 [Trainer] :: Completed epoch 24: train_loss=0.135335 train_iou=0.863603 val_loss=0.258739 val_iou=0.637425 lr=0.00009844
2026-05-16 06:54:52,078 [Trainer] :: Updated latest checkpoint at epoch 24
2026-05-16 06:54:52,079 [Trainer] :: No validation IoU improvement for 13 epoch(s)
2026-05-16 06:54:52,079 [Trainer] :: Starting epoch 25
2026-05-16 06:59:22,151 [Trainer] :: Completed epoch 25: train_loss=0.131612 train_iou=0.866270 val_loss=0.243691 val_iou=0.663468 lr=0.00009831
2026-05-16 06:59:23,076 [Trainer] :: Updated latest checkpoint at epoch 25
2026-05-16 06:59:23,077 [Trainer] :: No validation IoU improvement for 14 epoch(s)
2026-05-16 06:59:23,077 [Trainer] :: Starting epoch 26
2026-05-16 07:03:47,763 [Trainer] :: Completed epoch 26: train_loss=0.129480 train_iou=0.865655 val_loss=0.281213 val_iou=0.622870 lr=0.00009818
2026-05-16 07:03:47,973 [Trainer] :: Updated latest checkpoint at epoch 26
2026-05-16 07:03:47,973 [Trainer] :: No validation IoU improvement for 15 epoch(s)
2026-05-16 07:03:47,973 [Trainer] :: Starting epoch 27
2026-05-16 07:08:10,955 [Trainer] :: Completed epoch 27: train_loss=0.125691 train_iou=0.871931 val_loss=0.247272 val_iou=0.661248 lr=0.00009803
2026-05-16 07:08:11,154 [Trainer] :: Updated latest checkpoint at epoch 27
2026-05-16 07:08:11,154 [Trainer] :: No validation IoU improvement for 16 epoch(s)
2026-05-16 07:08:11,154 [Trainer] :: Starting epoch 28
2026-05-16 07:12:36,195 [Trainer] :: Completed epoch 28: train_loss=0.120017 train_iou=0.875797 val_loss=0.262696 val_iou=0.636991 lr=0.00009789
2026-05-16 07:12:36,485 [Trainer] :: Updated latest checkpoint at epoch 28
2026-05-16 07:12:36,485 [Trainer] :: No validation IoU improvement for 17 epoch(s)
2026-05-16 07:12:36,485 [Trainer] :: Starting epoch 29
2026-05-16 07:16:38,694 [Trainer] :: Completed epoch 29: train_loss=0.121323 train_iou=0.874537 val_loss=0.267020 val_iou=0.660448 lr=0.00009773
2026-05-16 07:16:38,904 [Trainer] :: Updated latest checkpoint at epoch 29
2026-05-16 07:16:38,904 [Trainer] :: No validation IoU improvement for 18 epoch(s)
2026-05-16 07:16:38,904 [Trainer] :: Starting epoch 30
2026-05-16 07:20:36,329 [Trainer] :: Completed epoch 30: train_loss=0.117991 train_iou=0.878157 val_loss=0.245143 val_iou=0.672582 lr=0.00009758
2026-05-16 07:20:36,563 [Trainer] :: Updated latest checkpoint at epoch 30
2026-05-16 07:20:36,563 [Trainer] :: No validation IoU improvement for 19 epoch(s)
2026-05-16 07:20:36,563 [Trainer] :: Starting epoch 31
2026-05-16 07:24:37,379 [Trainer] :: Completed epoch 31: train_loss=0.119566 train_iou=0.878987 val_loss=0.245772 val_iou=0.664089 lr=0.00009741
2026-05-16 07:24:37,641 [Trainer] :: Updated latest checkpoint at epoch 31
2026-05-16 07:24:37,641 [Trainer] :: No validation IoU improvement for 20 epoch(s)
2026-05-16 07:24:37,641 [Trainer] :: Starting epoch 32
2026-05-16 07:28:44,653 [Trainer] :: Completed epoch 32: train_loss=0.116220 train_iou=0.880770 val_loss=0.257167 val_iou=0.648880 lr=0.00009725
2026-05-16 07:28:44,844 [Trainer] :: Updated latest checkpoint at epoch 32
2026-05-16 07:28:44,844 [Trainer] :: No validation IoU improvement for 21 epoch(s)
2026-05-16 07:28:44,844 [Trainer] :: Starting epoch 33
2026-05-16 07:32:44,745 [Trainer] :: Completed epoch 33: train_loss=0.110949 train_iou=0.886434 val_loss=0.257628 val_iou=0.647007 lr=0.00009707
2026-05-16 07:32:45,031 [Trainer] :: Updated latest checkpoint at epoch 33
2026-05-16 07:32:45,031 [Trainer] :: No validation IoU improvement for 22 epoch(s)
2026-05-16 07:32:45,031 [Trainer] :: Starting epoch 34
2026-05-16 07:36:42,218 [Trainer] :: Completed epoch 34: train_loss=0.110568 train_iou=0.884689 val_loss=0.259737 val_iou=0.656481 lr=0.00009690
2026-05-16 07:36:42,606 [Trainer] :: Updated latest checkpoint at epoch 34
2026-05-16 07:36:42,606 [Trainer] :: No validation IoU improvement for 23 epoch(s)
2026-05-16 07:36:42,606 [Trainer] :: Starting epoch 35
2026-05-16 07:40:48,277 [Trainer] :: Completed epoch 35: train_loss=0.107861 train_iou=0.889037 val_loss=0.263364 val_iou=0.638096 lr=0.00009671
2026-05-16 07:40:48,509 [Trainer] :: Updated latest checkpoint at epoch 35
2026-05-16 07:40:48,509 [Trainer] :: No validation IoU improvement for 24 epoch(s)
2026-05-16 07:40:48,509 [Trainer] :: Starting epoch 36
2026-05-16 07:44:47,649 [Trainer] :: Completed epoch 36: train_loss=0.105953 train_iou=0.889854 val_loss=0.254272 val_iou=0.658005 lr=0.00009652
2026-05-16 07:44:47,856 [Trainer] :: Updated latest checkpoint at epoch 36
2026-05-16 07:44:47,856 [Trainer] :: No validation IoU improvement for 25 epoch(s)
2026-05-16 07:44:47,856 [Trainer] :: Starting epoch 37
2026-05-16 07:48:46,917 [Trainer] :: Completed epoch 37: train_loss=0.104305 train_iou=0.891780 val_loss=0.269676 val_iou=0.633311 lr=0.00009633
2026-05-16 07:48:47,115 [Trainer] :: Updated latest checkpoint at epoch 37
2026-05-16 07:48:47,115 [Trainer] :: No validation IoU improvement for 26 epoch(s)
2026-05-16 07:48:47,115 [Trainer] :: Starting epoch 38
2026-05-16 07:52:47,872 [Trainer] :: Completed epoch 38: train_loss=0.101339 train_iou=0.894271 val_loss=0.272070 val_iou=0.636932 lr=0.00009613
2026-05-16 07:52:48,093 [Trainer] :: Updated latest checkpoint at epoch 38
2026-05-16 07:52:48,093 [Trainer] :: No validation IoU improvement for 27 epoch(s)
2026-05-16 07:52:48,093 [Trainer] :: Starting epoch 39
2026-05-16 07:56:45,349 [Trainer] :: Completed epoch 39: train_loss=0.100022 train_iou=0.895294 val_loss=0.309253 val_iou=0.604334 lr=0.00009593
2026-05-16 07:56:45,554 [Trainer] :: Updated latest checkpoint at epoch 39
2026-05-16 07:56:45,554 [Trainer] :: No validation IoU improvement for 28 epoch(s)
2026-05-16 07:56:45,554 [Trainer] :: Starting epoch 40
2026-05-16 08:00:48,009 [Trainer] :: Completed epoch 40: train_loss=0.100627 train_iou=0.895478 val_loss=0.252270 val_iou=0.663480 lr=0.00009572
2026-05-16 08:00:48,201 [Trainer] :: Updated latest checkpoint at epoch 40
2026-05-16 08:00:48,201 [Trainer] :: No validation IoU improvement for 29 epoch(s)
2026-05-16 08:00:48,201 [Trainer] :: Starting epoch 41
2026-05-16 08:04:47,448 [Trainer] :: Completed epoch 41: train_loss=0.099801 train_iou=0.897077 val_loss=0.271370 val_iou=0.640626 lr=0.00009551
2026-05-16 08:04:47,633 [Trainer] :: Updated latest checkpoint at epoch 41
2026-05-16 08:04:47,633 [Trainer] :: No validation IoU improvement for 30 epoch(s)
2026-05-16 08:04:47,633 [Trainer] :: Starting epoch 42
2026-05-16 08:08:45,226 [Trainer] :: Completed epoch 42: train_loss=0.097574 train_iou=0.897011 val_loss=0.284706 val_iou=0.621982 lr=0.00009529
2026-05-16 08:08:45,428 [Trainer] :: Updated latest checkpoint at epoch 42
2026-05-16 08:08:45,428 [Trainer] :: No validation IoU improvement for 31 epoch(s)
2026-05-16 08:08:45,428 [Trainer] :: Starting epoch 43
2026-05-16 08:12:45,521 [Trainer] :: Completed epoch 43: train_loss=0.094066 train_iou=0.900187 val_loss=0.278137 val_iou=0.632630 lr=0.00009507
2026-05-16 08:12:45,728 [Trainer] :: Updated latest checkpoint at epoch 43
2026-05-16 08:12:45,728 [Trainer] :: No validation IoU improvement for 32 epoch(s)
2026-05-16 08:12:45,728 [Trainer] :: Starting epoch 44
2026-05-16 08:16:46,708 [Trainer] :: Completed epoch 44: train_loss=0.094809 train_iou=0.901290 val_loss=0.280919 val_iou=0.632012 lr=0.00009484
2026-05-16 08:16:46,913 [Trainer] :: Updated latest checkpoint at epoch 44
2026-05-16 08:16:46,913 [Trainer] :: No validation IoU improvement for 33 epoch(s)
2026-05-16 08:16:46,913 [Trainer] :: Starting epoch 45
2026-05-16 08:20:50,215 [Trainer] :: Completed epoch 45: train_loss=0.091903 train_iou=0.903810 val_loss=0.283657 val_iou=0.643676 lr=0.00009460
2026-05-16 08:20:50,422 [Trainer] :: Updated latest checkpoint at epoch 45
2026-05-16 08:20:50,422 [Trainer] :: No validation IoU improvement for 34 epoch(s)
2026-05-16 08:20:50,422 [Trainer] :: Starting epoch 46
2026-05-16 08:24:46,382 [Trainer] :: Completed epoch 46: train_loss=0.092079 train_iou=0.902892 val_loss=0.286326 val_iou=0.637486 lr=0.00009437
2026-05-16 08:24:46,580 [Trainer] :: Updated latest checkpoint at epoch 46
2026-05-16 08:24:46,581 [Trainer] :: No validation IoU improvement for 35 epoch(s)
2026-05-16 08:24:46,581 [Trainer] :: Starting epoch 47
2026-05-16 08:28:47,190 [Trainer] :: Completed epoch 47: train_loss=0.092145 train_iou=0.904292 val_loss=0.319609 val_iou=0.604335 lr=0.00009412
2026-05-16 08:28:47,460 [Trainer] :: Updated latest checkpoint at epoch 47
2026-05-16 08:28:47,460 [Trainer] :: No validation IoU improvement for 36 epoch(s)
2026-05-16 08:28:47,461 [Trainer] :: Starting epoch 48
2026-05-16 08:32:50,235 [Trainer] :: Completed epoch 48: train_loss=0.088826 train_iou=0.905928 val_loss=0.259344 val_iou=0.659467 lr=0.00009388
2026-05-16 08:32:50,424 [Trainer] :: Updated latest checkpoint at epoch 48
2026-05-16 08:32:50,425 [Trainer] :: No validation IoU improvement for 37 epoch(s)
2026-05-16 08:32:50,425 [Trainer] :: Starting epoch 49
2026-05-16 08:36:49,642 [Trainer] :: Completed epoch 49: train_loss=0.088828 train_iou=0.906785 val_loss=0.271483 val_iou=0.656653 lr=0.00009363
2026-05-16 08:36:49,846 [Trainer] :: Updated latest checkpoint at epoch 49
2026-05-16 08:36:49,846 [Trainer] :: No validation IoU improvement for 38 epoch(s)
2026-05-16 08:36:49,846 [Trainer] :: Starting epoch 50
2026-05-16 08:40:50,903 [Trainer] :: Completed epoch 50: train_loss=0.087843 train_iou=0.906981 val_loss=0.268467 val_iou=0.652871 lr=0.00009337
2026-05-16 08:40:51,097 [Trainer] :: Updated latest checkpoint at epoch 50
2026-05-16 08:40:51,097 [Trainer] :: No validation IoU improvement for 39 epoch(s)
2026-05-16 08:40:51,097 [Trainer] :: Starting epoch 51
2026-05-16 08:44:53,134 [Trainer] :: Completed epoch 51: train_loss=0.088180 train_iou=0.906897 val_loss=0.293947 val_iou=0.626437 lr=0.00009311
2026-05-16 08:44:53,336 [Trainer] :: Updated latest checkpoint at epoch 51
2026-05-16 08:44:53,337 [Trainer] :: No validation IoU improvement for 40 epoch(s)
2026-05-16 08:44:53,337 [Trainer] :: Starting epoch 52
2026-05-16 08:48:51,178 [Trainer] :: Completed epoch 52: train_loss=0.085187 train_iou=0.909712 val_loss=0.272621 val_iou=0.646794 lr=0.00009284
2026-05-16 08:48:51,369 [Trainer] :: Updated latest checkpoint at epoch 52
2026-05-16 08:48:51,369 [Trainer] :: No validation IoU improvement for 41 epoch(s)
2026-05-16 08:48:51,369 [Trainer] :: Starting epoch 53
2026-05-16 08:52:49,639 [Trainer] :: Completed epoch 53: train_loss=0.082844 train_iou=0.911467 val_loss=0.272755 val_iou=0.653706 lr=0.00009257
2026-05-16 08:52:49,854 [Trainer] :: Updated latest checkpoint at epoch 53
2026-05-16 08:52:49,855 [Trainer] :: No validation IoU improvement for 42 epoch(s)
2026-05-16 08:52:49,855 [Trainer] :: Starting epoch 54
2026-05-16 08:56:52,525 [Trainer] :: Completed epoch 54: train_loss=0.083654 train_iou=0.911746 val_loss=0.278723 val_iou=0.657772 lr=0.00009229
2026-05-16 08:56:52,837 [Trainer] :: Updated latest checkpoint at epoch 54
2026-05-16 08:56:52,837 [Trainer] :: No validation IoU improvement for 43 epoch(s)
2026-05-16 08:56:52,837 [Trainer] :: Starting epoch 55
2026-05-16 09:00:55,082 [Trainer] :: Completed epoch 55: train_loss=0.080709 train_iou=0.915301 val_loss=0.303492 val_iou=0.623607 lr=0.00009201
2026-05-16 09:00:55,278 [Trainer] :: Updated latest checkpoint at epoch 55
2026-05-16 09:00:55,279 [Trainer] :: No validation IoU improvement for 44 epoch(s)
2026-05-16 09:00:55,279 [Trainer] :: Starting epoch 56
2026-05-16 09:04:54,094 [Trainer] :: Completed epoch 56: train_loss=0.079192 train_iou=0.916245 val_loss=0.289101 val_iou=0.634412 lr=0.00009173
2026-05-16 09:04:54,290 [Trainer] :: Updated latest checkpoint at epoch 56
2026-05-16 09:04:54,291 [Trainer] :: No validation IoU improvement for 45 epoch(s)
2026-05-16 09:04:54,291 [Trainer] :: Starting epoch 57
2026-05-16 09:08:55,589 [Trainer] :: Completed epoch 57: train_loss=0.081262 train_iou=0.912893 val_loss=0.311674 val_iou=0.622883 lr=0.00009144
2026-05-16 09:08:55,826 [Trainer] :: Updated latest checkpoint at epoch 57
2026-05-16 09:08:55,826 [Trainer] :: No validation IoU improvement for 46 epoch(s)
2026-05-16 09:08:55,826 [Trainer] :: Starting epoch 58
2026-05-16 09:12:53,064 [Trainer] :: Completed epoch 58: train_loss=0.078811 train_iou=0.916471 val_loss=0.287791 val_iou=0.636919 lr=0.00009115
2026-05-16 09:12:53,263 [Trainer] :: Updated latest checkpoint at epoch 58
2026-05-16 09:12:53,263 [Trainer] :: No validation IoU improvement for 47 epoch(s)
2026-05-16 09:12:53,263 [Trainer] :: Starting epoch 59
2026-05-16 09:16:44,665 [Trainer] :: Completed epoch 59: train_loss=0.078309 train_iou=0.917448 val_loss=0.296647 val_iou=0.637303 lr=0.00009085
2026-05-16 09:16:44,865 [Trainer] :: Updated latest checkpoint at epoch 59
2026-05-16 09:16:44,865 [Trainer] :: No validation IoU improvement for 48 epoch(s)
2026-05-16 09:16:44,866 [Trainer] :: Starting epoch 60
2026-05-16 09:20:43,710 [Trainer] :: Completed epoch 60: train_loss=0.078614 train_iou=0.915152 val_loss=0.309789 val_iou=0.618037 lr=0.00009055
2026-05-16 09:20:44,121 [Trainer] :: Updated latest checkpoint at epoch 60
2026-05-16 09:20:44,122 [Trainer] :: No validation IoU improvement for 49 epoch(s)
2026-05-16 09:20:44,122 [Trainer] :: Starting epoch 61
2026-05-16 09:24:38,500 [Trainer] :: Completed epoch 61: train_loss=0.075853 train_iou=0.918092 val_loss=0.281244 val_iou=0.646819 lr=0.00009024
2026-05-16 09:24:38,687 [Trainer] :: Updated latest checkpoint at epoch 61
2026-05-16 09:24:38,687 [Trainer] :: No validation IoU improvement for 50 epoch(s)
2026-05-16 09:24:38,687 [Trainer] :: Starting epoch 62
2026-05-16 09:28:29,335 [Trainer] :: Completed epoch 62: train_loss=0.075406 train_iou=0.920895 val_loss=0.326769 val_iou=0.599402 lr=0.00008993
2026-05-16 09:28:29,540 [Trainer] :: Updated latest checkpoint at epoch 62
2026-05-16 09:28:29,540 [Trainer] :: No validation IoU improvement for 51 epoch(s)
2026-05-16 09:28:29,540 [Trainer] :: Starting epoch 63
2026-05-16 09:32:27,422 [Trainer] :: Completed epoch 63: train_loss=0.073490 train_iou=0.921160 val_loss=0.298229 val_iou=0.637993 lr=0.00008961
2026-05-16 09:32:27,641 [Trainer] :: Updated latest checkpoint at epoch 63
2026-05-16 09:32:27,641 [Trainer] :: No validation IoU improvement for 52 epoch(s)
2026-05-16 09:32:27,641 [Trainer] :: Starting epoch 64
2026-05-16 09:36:33,470 [Trainer] :: Completed epoch 64: train_loss=0.074052 train_iou=0.921278 val_loss=0.293065 val_iou=0.638651 lr=0.00008929
2026-05-16 09:36:33,680 [Trainer] :: Updated latest checkpoint at epoch 64
2026-05-16 09:36:33,680 [Trainer] :: No validation IoU improvement for 53 epoch(s)
2026-05-16 09:36:33,680 [Trainer] :: Starting epoch 65
2026-05-16 09:40:56,084 [Trainer] :: Completed epoch 65: train_loss=0.073093 train_iou=0.921939 val_loss=0.320409 val_iou=0.618841 lr=0.00008897
2026-05-16 09:40:56,665 [Trainer] :: Updated latest checkpoint at epoch 65
2026-05-16 09:40:56,665 [Trainer] :: No validation IoU improvement for 54 epoch(s)
2026-05-16 09:40:56,665 [Trainer] :: Starting epoch 66
2026-05-16 09:45:05,075 [Trainer] :: Completed epoch 66: train_loss=0.071429 train_iou=0.923730 val_loss=0.284875 val_iou=0.648986 lr=0.00008864
2026-05-16 09:45:05,422 [Trainer] :: Updated latest checkpoint at epoch 66
2026-05-16 09:45:05,422 [Trainer] :: No validation IoU improvement for 55 epoch(s)
2026-05-16 09:45:05,422 [Trainer] :: Starting epoch 67
2026-05-16 09:49:29,970 [Trainer] :: Completed epoch 67: train_loss=0.070328 train_iou=0.924355 val_loss=0.281457 val_iou=0.652968 lr=0.00008831
2026-05-16 09:49:30,165 [Trainer] :: Updated latest checkpoint at epoch 67
2026-05-16 09:49:30,165 [Trainer] :: No validation IoU improvement for 56 epoch(s)
2026-05-16 09:49:30,165 [Trainer] :: Starting epoch 68
2026-05-16 09:53:27,417 [Trainer] :: Completed epoch 68: train_loss=0.071957 train_iou=0.922344 val_loss=0.288494 val_iou=0.645000 lr=0.00008797
2026-05-16 09:53:27,602 [Trainer] :: Updated latest checkpoint at epoch 68
2026-05-16 09:53:27,602 [Trainer] :: No validation IoU improvement for 57 epoch(s)
2026-05-16 09:53:27,602 [Trainer] :: Starting epoch 69
2026-05-16 09:57:22,397 [Trainer] :: Completed epoch 69: train_loss=0.071205 train_iou=0.924518 val_loss=0.290600 val_iou=0.648921 lr=0.00008763
2026-05-16 09:57:22,716 [Trainer] :: Updated latest checkpoint at epoch 69
2026-05-16 09:57:22,716 [Trainer] :: No validation IoU improvement for 58 epoch(s)
2026-05-16 09:57:22,717 [Trainer] :: Starting epoch 70
2026-05-16 10:01:21,175 [Trainer] :: Completed epoch 70: train_loss=0.069773 train_iou=0.924722 val_loss=0.292440 val_iou=0.641880 lr=0.00008729
2026-05-16 10:01:21,402 [Trainer] :: Updated latest checkpoint at epoch 70
2026-05-16 10:01:21,402 [Trainer] :: No validation IoU improvement for 59 epoch(s)
2026-05-16 10:01:21,402 [Trainer] :: Starting epoch 71
2026-05-16 10:05:19,927 [Trainer] :: Completed epoch 71: train_loss=0.070394 train_iou=0.925181 val_loss=0.303529 val_iou=0.635471 lr=0.00008694
2026-05-16 10:05:20,120 [Trainer] :: Updated latest checkpoint at epoch 71
2026-05-16 10:05:20,120 [Trainer] :: No validation IoU improvement for 60 epoch(s)
2026-05-16 10:05:20,120 [Trainer] :: Early stopping triggered after 60 epoch(s) without improvement
2026-05-16 10:10:19,519 [Trainer] :: Wrote training history to outputs/runs/rgb_real_msi_segformer_b1_seed49_20260516T031121Z/metrics/history.json
2026-05-16 10:10:19,552 [Trainer] :: Wrote test summary to outputs/runs/rgb_real_msi_segformer_b1_seed49_20260516T031121Z/metrics/test_summary.json
2026-05-16 10:10:19,552 [Trainer] :: Training completed
