2026-05-19 09:09:17,868 [Trainer] :: Training run initialized at /ceph/home/student.aau.dk/qd36zu/fuzzy-p10/tbd/masking/outputs/runs/rgb_unetplusplus_resnet50_fuzzy_halo_seed43_20260519T070917Z
2026-05-19 09:09:17,869 [Trainer] :: Loaded config from /ceph/home/student.aau.dk/qd36zu/fuzzy-p10/tbd/masking/configs/fuzzy/rgb_unetpp_resnet50.yaml
2026-05-19 09:09:17,869 [Trainer] :: Using seed=43 and device=None
2026-05-19 09:09:17,869 [Trainer] :: Using model architecture=UnetPlusPlus encoder=resnet50 encoder_weights=imagenet
2026-05-19 09:09:18,171 [Trainer] :: Resolved runtime device to cuda
2026-05-19 09:09:18,171 [Trainer] :: Prepared normalization from source=imagenet
2026-05-19 09:09:23,384 [Trainer] :: Built dataloaders with batch_size=8, num_workers=0
2026-05-19 09:09:23,385 [Trainer] :: Starting epoch 1
2026-05-19 09:16:08,998 [Trainer] :: Completed epoch 1: train_loss=0.457173 train_iou=0.646184 val_loss=0.434687 val_iou=0.557776 lr=0.00010000
2026-05-19 09:16:09,595 [Trainer] :: Updated latest checkpoint at epoch 1
2026-05-19 09:16:10,176 [Trainer] :: New best checkpoint saved with val_iou=0.557776
2026-05-19 09:16:10,176 [Trainer] :: Starting epoch 2
2026-05-19 09:22:22,422 [Trainer] :: Completed epoch 2: train_loss=0.357791 train_iou=0.740090 val_loss=0.448175 val_iou=0.477013 lr=0.00009999
2026-05-19 09:22:23,140 [Trainer] :: Updated latest checkpoint at epoch 2
2026-05-19 09:22:23,140 [Trainer] :: No validation IoU improvement for 1 epoch(s)
2026-05-19 09:22:23,140 [Trainer] :: Starting epoch 3
2026-05-19 09:28:37,131 [Trainer] :: Completed epoch 3: train_loss=0.307285 train_iou=0.775160 val_loss=0.347336 val_iou=0.597391 lr=0.00009998
2026-05-19 09:28:38,293 [Trainer] :: Updated latest checkpoint at epoch 3
2026-05-19 09:28:39,366 [Trainer] :: New best checkpoint saved with val_iou=0.597391
2026-05-19 09:28:39,366 [Trainer] :: Starting epoch 4
2026-05-19 09:34:43,852 [Trainer] :: Completed epoch 4: train_loss=0.279895 train_iou=0.793121 val_loss=0.373020 val_iou=0.597801 lr=0.00009996
2026-05-19 09:34:44,552 [Trainer] :: Updated latest checkpoint at epoch 4
2026-05-19 09:34:45,202 [Trainer] :: New best checkpoint saved with val_iou=0.597801
2026-05-19 09:34:45,202 [Trainer] :: Starting epoch 5
2026-05-19 09:40:58,286 [Trainer] :: Completed epoch 5: train_loss=0.258798 train_iou=0.805085 val_loss=0.318150 val_iou=0.585568 lr=0.00009993
2026-05-19 09:40:59,019 [Trainer] :: Updated latest checkpoint at epoch 5
2026-05-19 09:40:59,020 [Trainer] :: No validation IoU improvement for 1 epoch(s)
2026-05-19 09:40:59,020 [Trainer] :: Starting epoch 6
2026-05-19 09:47:34,140 [Trainer] :: Completed epoch 6: train_loss=0.250681 train_iou=0.806126 val_loss=0.324938 val_iou=0.553148 lr=0.00009990
2026-05-19 09:47:34,883 [Trainer] :: Updated latest checkpoint at epoch 6
2026-05-19 09:47:34,884 [Trainer] :: No validation IoU improvement for 2 epoch(s)
2026-05-19 09:47:34,884 [Trainer] :: Starting epoch 7
2026-05-19 09:53:46,186 [Trainer] :: Completed epoch 7: train_loss=0.236783 train_iou=0.812629 val_loss=0.305292 val_iou=0.612883 lr=0.00009987
2026-05-19 09:53:46,958 [Trainer] :: Updated latest checkpoint at epoch 7
2026-05-19 09:53:47,613 [Trainer] :: New best checkpoint saved with val_iou=0.612883
2026-05-19 09:53:47,613 [Trainer] :: Starting epoch 8
2026-05-19 09:59:53,447 [Trainer] :: Completed epoch 8: train_loss=0.223030 train_iou=0.825421 val_loss=0.339041 val_iou=0.540198 lr=0.00009983
2026-05-19 09:59:53,979 [Trainer] :: Updated latest checkpoint at epoch 8
2026-05-19 09:59:53,979 [Trainer] :: No validation IoU improvement for 1 epoch(s)
2026-05-19 09:59:53,979 [Trainer] :: Starting epoch 9
2026-05-19 10:05:54,128 [Trainer] :: Completed epoch 9: train_loss=0.218051 train_iou=0.828749 val_loss=0.292123 val_iou=0.615385 lr=0.00009978
2026-05-19 10:05:54,785 [Trainer] :: Updated latest checkpoint at epoch 9
2026-05-19 10:05:55,418 [Trainer] :: New best checkpoint saved with val_iou=0.615385
2026-05-19 10:05:55,418 [Trainer] :: Starting epoch 10
2026-05-19 10:11:52,697 [Trainer] :: Completed epoch 10: train_loss=0.206704 train_iou=0.834607 val_loss=0.318422 val_iou=0.592196 lr=0.00009973
2026-05-19 10:11:53,360 [Trainer] :: Updated latest checkpoint at epoch 10
2026-05-19 10:11:53,360 [Trainer] :: No validation IoU improvement for 1 epoch(s)
2026-05-19 10:11:53,360 [Trainer] :: Starting epoch 11
2026-05-19 10:17:51,553 [Trainer] :: Completed epoch 11: train_loss=0.203232 train_iou=0.837575 val_loss=0.315064 val_iou=0.568226 lr=0.00009967
2026-05-19 10:17:52,515 [Trainer] :: Updated latest checkpoint at epoch 11
2026-05-19 10:17:52,516 [Trainer] :: No validation IoU improvement for 2 epoch(s)
2026-05-19 10:17:52,516 [Trainer] :: Starting epoch 12
2026-05-19 10:23:50,761 [Trainer] :: Completed epoch 12: train_loss=0.193475 train_iou=0.846869 val_loss=0.343486 val_iou=0.557054 lr=0.00009961
2026-05-19 10:23:51,434 [Trainer] :: Updated latest checkpoint at epoch 12
2026-05-19 10:23:51,434 [Trainer] :: No validation IoU improvement for 3 epoch(s)
2026-05-19 10:23:51,434 [Trainer] :: Starting epoch 13
2026-05-19 10:29:51,296 [Trainer] :: Completed epoch 13: train_loss=0.188709 train_iou=0.849385 val_loss=0.321768 val_iou=0.578705 lr=0.00009954
2026-05-19 10:29:51,975 [Trainer] :: Updated latest checkpoint at epoch 13
2026-05-19 10:29:51,976 [Trainer] :: No validation IoU improvement for 4 epoch(s)
2026-05-19 10:29:51,976 [Trainer] :: Starting epoch 14
2026-05-19 10:35:53,623 [Trainer] :: Completed epoch 14: train_loss=0.181789 train_iou=0.855143 val_loss=0.310368 val_iou=0.593700 lr=0.00009947
2026-05-19 10:35:54,248 [Trainer] :: Updated latest checkpoint at epoch 14
2026-05-19 10:35:54,248 [Trainer] :: No validation IoU improvement for 5 epoch(s)
2026-05-19 10:35:54,248 [Trainer] :: Starting epoch 15
2026-05-19 10:41:56,496 [Trainer] :: Completed epoch 15: train_loss=0.177417 train_iou=0.859827 val_loss=0.341325 val_iou=0.523060 lr=0.00009939
2026-05-19 10:41:57,169 [Trainer] :: Updated latest checkpoint at epoch 15
2026-05-19 10:41:57,169 [Trainer] :: No validation IoU improvement for 6 epoch(s)
2026-05-19 10:41:57,169 [Trainer] :: Starting epoch 16
2026-05-19 10:47:56,314 [Trainer] :: Completed epoch 16: train_loss=0.176258 train_iou=0.858102 val_loss=0.320118 val_iou=0.562617 lr=0.00009931
2026-05-19 10:47:56,913 [Trainer] :: Updated latest checkpoint at epoch 16
2026-05-19 10:47:56,913 [Trainer] :: No validation IoU improvement for 7 epoch(s)
2026-05-19 10:47:56,913 [Trainer] :: Starting epoch 17
2026-05-19 10:54:00,545 [Trainer] :: Completed epoch 17: train_loss=0.172560 train_iou=0.861913 val_loss=0.310868 val_iou=0.567729 lr=0.00009922
2026-05-19 10:54:01,636 [Trainer] :: Updated latest checkpoint at epoch 17
2026-05-19 10:54:01,637 [Trainer] :: No validation IoU improvement for 8 epoch(s)
2026-05-19 10:54:01,637 [Trainer] :: Starting epoch 18
2026-05-19 11:00:00,892 [Trainer] :: Completed epoch 18: train_loss=0.167101 train_iou=0.868241 val_loss=0.330733 val_iou=0.547831 lr=0.00009912
2026-05-19 11:00:01,556 [Trainer] :: Updated latest checkpoint at epoch 18
2026-05-19 11:00:01,556 [Trainer] :: No validation IoU improvement for 9 epoch(s)
2026-05-19 11:00:01,556 [Trainer] :: Starting epoch 19
2026-05-19 11:06:06,548 [Trainer] :: Completed epoch 19: train_loss=0.165380 train_iou=0.868680 val_loss=0.328172 val_iou=0.574381 lr=0.00009902
2026-05-19 11:06:07,147 [Trainer] :: Updated latest checkpoint at epoch 19
2026-05-19 11:06:07,148 [Trainer] :: No validation IoU improvement for 10 epoch(s)
2026-05-19 11:06:07,148 [Trainer] :: Starting epoch 20
2026-05-19 11:12:12,407 [Trainer] :: Completed epoch 20: train_loss=0.158597 train_iou=0.873098 val_loss=0.295176 val_iou=0.631612 lr=0.00009892
2026-05-19 11:12:13,374 [Trainer] :: Updated latest checkpoint at epoch 20
2026-05-19 11:12:14,594 [Trainer] :: New best checkpoint saved with val_iou=0.631612
2026-05-19 11:12:14,594 [Trainer] :: Starting epoch 21
2026-05-19 11:18:41,636 [Trainer] :: Completed epoch 21: train_loss=0.155798 train_iou=0.877243 val_loss=0.323227 val_iou=0.598518 lr=0.00009881
2026-05-19 11:18:42,280 [Trainer] :: Updated latest checkpoint at epoch 21
2026-05-19 11:18:42,280 [Trainer] :: No validation IoU improvement for 1 epoch(s)
2026-05-19 11:18:42,280 [Trainer] :: Starting epoch 22
2026-05-19 11:24:58,050 [Trainer] :: Completed epoch 22: train_loss=0.152796 train_iou=0.880297 val_loss=0.327815 val_iou=0.573931 lr=0.00009869
2026-05-19 11:24:58,823 [Trainer] :: Updated latest checkpoint at epoch 22
2026-05-19 11:24:58,823 [Trainer] :: No validation IoU improvement for 2 epoch(s)
2026-05-19 11:24:58,823 [Trainer] :: Starting epoch 23
2026-05-19 11:31:14,968 [Trainer] :: Completed epoch 23: train_loss=0.148342 train_iou=0.884028 val_loss=0.413796 val_iou=0.487063 lr=0.00009857
2026-05-19 11:31:15,830 [Trainer] :: Updated latest checkpoint at epoch 23
2026-05-19 11:31:15,830 [Trainer] :: No validation IoU improvement for 3 epoch(s)
2026-05-19 11:31:15,830 [Trainer] :: Starting epoch 24
2026-05-19 11:37:56,822 [Trainer] :: Completed epoch 24: train_loss=0.149767 train_iou=0.883301 val_loss=0.366575 val_iou=0.522049 lr=0.00009844
2026-05-19 11:37:57,714 [Trainer] :: Updated latest checkpoint at epoch 24
2026-05-19 11:37:57,715 [Trainer] :: No validation IoU improvement for 4 epoch(s)
2026-05-19 11:37:57,715 [Trainer] :: Starting epoch 25
2026-05-19 11:44:26,947 [Trainer] :: Completed epoch 25: train_loss=0.140003 train_iou=0.889143 val_loss=0.327847 val_iou=0.566670 lr=0.00009831
2026-05-19 11:44:27,697 [Trainer] :: Updated latest checkpoint at epoch 25
2026-05-19 11:44:27,698 [Trainer] :: No validation IoU improvement for 5 epoch(s)
2026-05-19 11:44:27,698 [Trainer] :: Starting epoch 26
2026-05-19 11:50:55,687 [Trainer] :: Completed epoch 26: train_loss=0.134428 train_iou=0.890703 val_loss=0.417804 val_iou=0.445815 lr=0.00009818
2026-05-19 11:50:56,676 [Trainer] :: Updated latest checkpoint at epoch 26
2026-05-19 11:50:56,676 [Trainer] :: No validation IoU improvement for 6 epoch(s)
2026-05-19 11:50:56,676 [Trainer] :: Starting epoch 27
2026-05-19 11:58:28,879 [Trainer] :: Completed epoch 27: train_loss=0.136706 train_iou=0.890148 val_loss=0.386293 val_iou=0.514123 lr=0.00009803
2026-05-19 11:58:29,862 [Trainer] :: Updated latest checkpoint at epoch 27
2026-05-19 11:58:29,862 [Trainer] :: No validation IoU improvement for 7 epoch(s)
2026-05-19 11:58:29,862 [Trainer] :: Starting epoch 28
2026-05-19 12:05:00,556 [Trainer] :: Completed epoch 28: train_loss=0.132522 train_iou=0.888229 val_loss=0.354873 val_iou=0.565151 lr=0.00009789
2026-05-19 12:05:01,242 [Trainer] :: Updated latest checkpoint at epoch 28
2026-05-19 12:05:01,242 [Trainer] :: No validation IoU improvement for 8 epoch(s)
2026-05-19 12:05:01,242 [Trainer] :: Starting epoch 29
2026-05-19 12:11:14,395 [Trainer] :: Completed epoch 29: train_loss=0.126109 train_iou=0.892803 val_loss=0.363194 val_iou=0.550788 lr=0.00009773
2026-05-19 12:11:15,072 [Trainer] :: Updated latest checkpoint at epoch 29
2026-05-19 12:11:15,072 [Trainer] :: No validation IoU improvement for 9 epoch(s)
2026-05-19 12:11:15,072 [Trainer] :: Starting epoch 30
2026-05-19 12:17:33,969 [Trainer] :: Completed epoch 30: train_loss=0.131829 train_iou=0.887117 val_loss=0.318084 val_iou=0.587181 lr=0.00009758
2026-05-19 12:17:34,615 [Trainer] :: Updated latest checkpoint at epoch 30
2026-05-19 12:17:34,615 [Trainer] :: No validation IoU improvement for 10 epoch(s)
2026-05-19 12:17:34,615 [Trainer] :: Starting epoch 31
2026-05-19 12:23:53,796 [Trainer] :: Completed epoch 31: train_loss=0.125385 train_iou=0.893535 val_loss=0.334900 val_iou=0.595545 lr=0.00009741
2026-05-19 12:23:54,615 [Trainer] :: Updated latest checkpoint at epoch 31
2026-05-19 12:23:54,615 [Trainer] :: No validation IoU improvement for 11 epoch(s)
2026-05-19 12:23:54,615 [Trainer] :: Starting epoch 32
2026-05-19 12:30:09,245 [Trainer] :: Completed epoch 32: train_loss=0.120629 train_iou=0.895466 val_loss=0.408127 val_iou=0.482698 lr=0.00009725
2026-05-19 12:30:10,005 [Trainer] :: Updated latest checkpoint at epoch 32
2026-05-19 12:30:10,005 [Trainer] :: No validation IoU improvement for 12 epoch(s)
2026-05-19 12:30:10,005 [Trainer] :: Starting epoch 33
2026-05-19 12:36:29,589 [Trainer] :: Completed epoch 33: train_loss=0.118097 train_iou=0.898960 val_loss=0.334088 val_iou=0.581032 lr=0.00009707
2026-05-19 12:36:30,271 [Trainer] :: Updated latest checkpoint at epoch 33
2026-05-19 12:36:30,271 [Trainer] :: No validation IoU improvement for 13 epoch(s)
2026-05-19 12:36:30,271 [Trainer] :: Starting epoch 34
2026-05-19 12:42:36,775 [Trainer] :: Completed epoch 34: train_loss=0.113758 train_iou=0.898286 val_loss=0.333608 val_iou=0.581842 lr=0.00009690
2026-05-19 12:42:37,342 [Trainer] :: Updated latest checkpoint at epoch 34
2026-05-19 12:42:37,342 [Trainer] :: No validation IoU improvement for 14 epoch(s)
2026-05-19 12:42:37,342 [Trainer] :: Starting epoch 35
2026-05-19 12:48:57,995 [Trainer] :: Completed epoch 35: train_loss=0.111270 train_iou=0.901227 val_loss=0.395262 val_iou=0.548851 lr=0.00009671
2026-05-19 12:48:58,683 [Trainer] :: Updated latest checkpoint at epoch 35
2026-05-19 12:48:58,684 [Trainer] :: No validation IoU improvement for 15 epoch(s)
2026-05-19 12:48:58,684 [Trainer] :: Starting epoch 36
2026-05-19 12:55:23,877 [Trainer] :: Completed epoch 36: train_loss=0.110344 train_iou=0.902335 val_loss=0.333924 val_iou=0.590936 lr=0.00009652
2026-05-19 12:55:25,170 [Trainer] :: Updated latest checkpoint at epoch 36
2026-05-19 12:55:25,171 [Trainer] :: No validation IoU improvement for 16 epoch(s)
2026-05-19 12:55:25,171 [Trainer] :: Starting epoch 37
2026-05-19 13:01:57,607 [Trainer] :: Completed epoch 37: train_loss=0.109581 train_iou=0.902842 val_loss=0.360985 val_iou=0.560164 lr=0.00009633
2026-05-19 13:01:58,349 [Trainer] :: Updated latest checkpoint at epoch 37
2026-05-19 13:01:58,349 [Trainer] :: No validation IoU improvement for 17 epoch(s)
2026-05-19 13:01:58,349 [Trainer] :: Starting epoch 38
2026-05-19 13:08:25,660 [Trainer] :: Completed epoch 38: train_loss=0.104681 train_iou=0.905111 val_loss=0.390614 val_iou=0.544190 lr=0.00009613
2026-05-19 13:08:26,537 [Trainer] :: Updated latest checkpoint at epoch 38
2026-05-19 13:08:26,537 [Trainer] :: No validation IoU improvement for 18 epoch(s)
2026-05-19 13:08:26,537 [Trainer] :: Starting epoch 39
2026-05-19 13:15:03,018 [Trainer] :: Completed epoch 39: train_loss=0.102059 train_iou=0.906747 val_loss=0.363352 val_iou=0.556548 lr=0.00009593
2026-05-19 13:15:04,398 [Trainer] :: Updated latest checkpoint at epoch 39
2026-05-19 13:15:04,399 [Trainer] :: No validation IoU improvement for 19 epoch(s)
2026-05-19 13:15:04,399 [Trainer] :: Starting epoch 40
2026-05-19 13:21:35,394 [Trainer] :: Completed epoch 40: train_loss=0.100716 train_iou=0.906749 val_loss=0.349933 val_iou=0.573185 lr=0.00009572
2026-05-19 13:21:36,129 [Trainer] :: Updated latest checkpoint at epoch 40
2026-05-19 13:21:36,129 [Trainer] :: No validation IoU improvement for 20 epoch(s)
2026-05-19 13:21:36,129 [Trainer] :: Starting epoch 41
2026-05-19 13:28:18,089 [Trainer] :: Completed epoch 41: train_loss=0.099210 train_iou=0.909478 val_loss=0.403370 val_iou=0.516495 lr=0.00009551
2026-05-19 13:28:18,813 [Trainer] :: Updated latest checkpoint at epoch 41
2026-05-19 13:28:18,813 [Trainer] :: No validation IoU improvement for 21 epoch(s)
2026-05-19 13:28:18,813 [Trainer] :: Starting epoch 42
2026-05-19 13:35:11,391 [Trainer] :: Completed epoch 42: train_loss=0.100214 train_iou=0.908527 val_loss=0.355733 val_iou=0.586941 lr=0.00009529
2026-05-19 13:35:12,279 [Trainer] :: Updated latest checkpoint at epoch 42
2026-05-19 13:35:12,280 [Trainer] :: No validation IoU improvement for 22 epoch(s)
2026-05-19 13:35:12,280 [Trainer] :: Starting epoch 43
2026-05-19 13:42:14,908 [Trainer] :: Completed epoch 43: train_loss=0.095685 train_iou=0.911459 val_loss=0.381031 val_iou=0.560598 lr=0.00009507
2026-05-19 13:42:15,941 [Trainer] :: Updated latest checkpoint at epoch 43
2026-05-19 13:42:15,942 [Trainer] :: No validation IoU improvement for 23 epoch(s)
2026-05-19 13:42:15,942 [Trainer] :: Starting epoch 44
2026-05-19 13:49:06,444 [Trainer] :: Completed epoch 44: train_loss=0.097329 train_iou=0.911078 val_loss=0.374309 val_iou=0.562744 lr=0.00009484
2026-05-19 13:49:07,042 [Trainer] :: Updated latest checkpoint at epoch 44
2026-05-19 13:49:07,042 [Trainer] :: No validation IoU improvement for 24 epoch(s)
2026-05-19 13:49:07,042 [Trainer] :: Starting epoch 45
2026-05-19 13:56:07,041 [Trainer] :: Completed epoch 45: train_loss=0.095228 train_iou=0.911505 val_loss=0.401345 val_iou=0.553814 lr=0.00009460
2026-05-19 13:56:07,952 [Trainer] :: Updated latest checkpoint at epoch 45
2026-05-19 13:56:07,952 [Trainer] :: No validation IoU improvement for 25 epoch(s)
2026-05-19 13:56:07,952 [Trainer] :: Starting epoch 46
2026-05-19 14:03:12,203 [Trainer] :: Completed epoch 46: train_loss=0.096908 train_iou=0.911765 val_loss=0.353506 val_iou=0.558051 lr=0.00009437
2026-05-19 14:03:13,036 [Trainer] :: Updated latest checkpoint at epoch 46
2026-05-19 14:03:13,037 [Trainer] :: No validation IoU improvement for 26 epoch(s)
2026-05-19 14:03:13,037 [Trainer] :: Starting epoch 47
2026-05-19 14:10:30,675 [Trainer] :: Completed epoch 47: train_loss=0.090460 train_iou=0.916044 val_loss=0.379395 val_iou=0.553405 lr=0.00009412
2026-05-19 14:10:31,625 [Trainer] :: Updated latest checkpoint at epoch 47
2026-05-19 14:10:31,625 [Trainer] :: No validation IoU improvement for 27 epoch(s)
2026-05-19 14:10:31,625 [Trainer] :: Starting epoch 48
2026-05-19 14:17:38,283 [Trainer] :: Completed epoch 48: train_loss=0.090594 train_iou=0.914903 val_loss=0.340482 val_iou=0.586805 lr=0.00009388
2026-05-19 14:17:39,128 [Trainer] :: Updated latest checkpoint at epoch 48
2026-05-19 14:17:39,128 [Trainer] :: No validation IoU improvement for 28 epoch(s)
2026-05-19 14:17:39,128 [Trainer] :: Starting epoch 49
2026-05-19 14:24:46,545 [Trainer] :: Completed epoch 49: train_loss=0.090435 train_iou=0.916216 val_loss=0.363564 val_iou=0.567781 lr=0.00009363
2026-05-19 14:24:47,263 [Trainer] :: Updated latest checkpoint at epoch 49
2026-05-19 14:24:47,263 [Trainer] :: No validation IoU improvement for 29 epoch(s)
2026-05-19 14:24:47,263 [Trainer] :: Starting epoch 50
2026-05-19 14:31:54,470 [Trainer] :: Completed epoch 50: train_loss=0.089780 train_iou=0.918124 val_loss=0.409994 val_iou=0.527672 lr=0.00009337
2026-05-19 14:31:55,127 [Trainer] :: Updated latest checkpoint at epoch 50
2026-05-19 14:31:55,127 [Trainer] :: No validation IoU improvement for 30 epoch(s)
2026-05-19 14:31:55,127 [Trainer] :: Starting epoch 51
2026-05-19 14:38:45,173 [Trainer] :: Completed epoch 51: train_loss=0.088613 train_iou=0.916057 val_loss=0.329123 val_iou=0.613808 lr=0.00009311
2026-05-19 14:38:45,812 [Trainer] :: Updated latest checkpoint at epoch 51
2026-05-19 14:38:45,812 [Trainer] :: No validation IoU improvement for 31 epoch(s)
2026-05-19 14:38:45,812 [Trainer] :: Starting epoch 52
