2026-05-10 09:00:43,109 [Trainer] :: Training run initialized at /ceph/home/student.aau.dk/qd36zu/fuzzy-p10/tbd/masking/outputs/runs/rgb_real_msi_segformer_b0_fuzzy_halo_seed45_20260510T070042Z
2026-05-10 09:00:43,109 [Trainer] :: Loaded config from /ceph/home/student.aau.dk/qd36zu/fuzzy-p10/tbd/masking/configs/fuzzy/rgb_real_msi_segformer_b0.yaml
2026-05-10 09:00:43,109 [Trainer] :: Using seed=45 and device=None
2026-05-10 09:00:43,109 [Trainer] :: Using model architecture=Segformer encoder=mit_b0 encoder_weights=imagenet
2026-05-10 09:00:43,375 [Trainer] :: Resolved runtime device to cuda
2026-05-10 09:00:43,375 [Trainer] :: Prepared normalization from source=train_split_patch_stats
2026-05-10 09:00:46,900 [Trainer] :: Built dataloaders with batch_size=16, num_workers=0
2026-05-10 09:00:46,902 [Trainer] :: Starting epoch 1
2026-05-10 09:07:03,946 [Trainer] :: Completed epoch 1: train_loss=0.334711 train_iou=0.718758 val_loss=0.350330 val_iou=0.523467 lr=0.00010000
2026-05-10 09:07:04,068 [Trainer] :: Updated latest checkpoint at epoch 1
2026-05-10 09:07:04,147 [Trainer] :: New best checkpoint saved with val_iou=0.523467
2026-05-10 09:07:04,147 [Trainer] :: Starting epoch 2
2026-05-10 09:12:51,456 [Trainer] :: Completed epoch 2: train_loss=0.272149 train_iou=0.774309 val_loss=0.286916 val_iou=0.644471 lr=0.00009999
2026-05-10 09:12:51,694 [Trainer] :: Updated latest checkpoint at epoch 2
2026-05-10 09:12:51,793 [Trainer] :: New best checkpoint saved with val_iou=0.644471
2026-05-10 09:12:51,794 [Trainer] :: Starting epoch 3
2026-05-10 09:18:30,925 [Trainer] :: Completed epoch 3: train_loss=0.258917 train_iou=0.787187 val_loss=0.321612 val_iou=0.525467 lr=0.00009998
2026-05-10 09:18:31,013 [Trainer] :: Updated latest checkpoint at epoch 3
2026-05-10 09:18:31,013 [Trainer] :: No validation IoU improvement for 1 epoch(s)
2026-05-10 09:18:31,013 [Trainer] :: Starting epoch 4
2026-05-10 09:23:56,430 [Trainer] :: Completed epoch 4: train_loss=0.243283 train_iou=0.798742 val_loss=0.270836 val_iou=0.644809 lr=0.00009996
2026-05-10 09:23:56,527 [Trainer] :: Updated latest checkpoint at epoch 4
2026-05-10 09:23:56,607 [Trainer] :: New best checkpoint saved with val_iou=0.644809
2026-05-10 09:23:56,607 [Trainer] :: Starting epoch 5
2026-05-10 09:29:17,086 [Trainer] :: Completed epoch 5: train_loss=0.239665 train_iou=0.801700 val_loss=0.278675 val_iou=0.611613 lr=0.00009993
2026-05-10 09:29:17,247 [Trainer] :: Updated latest checkpoint at epoch 5
2026-05-10 09:29:17,247 [Trainer] :: No validation IoU improvement for 1 epoch(s)
2026-05-10 09:29:17,247 [Trainer] :: Starting epoch 6
2026-05-10 09:34:35,816 [Trainer] :: Completed epoch 6: train_loss=0.223259 train_iou=0.814181 val_loss=0.271368 val_iou=0.642264 lr=0.00009990
2026-05-10 09:34:35,906 [Trainer] :: Updated latest checkpoint at epoch 6
2026-05-10 09:34:35,906 [Trainer] :: No validation IoU improvement for 2 epoch(s)
2026-05-10 09:34:35,906 [Trainer] :: Starting epoch 7
2026-05-10 09:40:19,230 [Trainer] :: Completed epoch 7: train_loss=0.220059 train_iou=0.818815 val_loss=0.294401 val_iou=0.599389 lr=0.00009987
2026-05-10 09:40:20,479 [Trainer] :: Updated latest checkpoint at epoch 7
2026-05-10 09:40:20,479 [Trainer] :: No validation IoU improvement for 3 epoch(s)
2026-05-10 09:40:20,479 [Trainer] :: Starting epoch 8
2026-05-10 09:45:54,881 [Trainer] :: Completed epoch 8: train_loss=0.221644 train_iou=0.814401 val_loss=0.274247 val_iou=0.657845 lr=0.00009983
2026-05-10 09:45:55,042 [Trainer] :: Updated latest checkpoint at epoch 8
2026-05-10 09:45:55,185 [Trainer] :: New best checkpoint saved with val_iou=0.657845
2026-05-10 09:45:55,185 [Trainer] :: Starting epoch 9
2026-05-10 09:51:35,404 [Trainer] :: Completed epoch 9: train_loss=0.215422 train_iou=0.821488 val_loss=0.334957 val_iou=0.612472 lr=0.00009978
2026-05-10 09:51:35,499 [Trainer] :: Updated latest checkpoint at epoch 9
2026-05-10 09:51:35,499 [Trainer] :: No validation IoU improvement for 1 epoch(s)
2026-05-10 09:51:35,499 [Trainer] :: Starting epoch 10
2026-05-10 09:57:14,289 [Trainer] :: Completed epoch 10: train_loss=0.204231 train_iou=0.828754 val_loss=0.264606 val_iou=0.673645 lr=0.00009973
2026-05-10 09:57:14,376 [Trainer] :: Updated latest checkpoint at epoch 10
2026-05-10 09:57:14,478 [Trainer] :: New best checkpoint saved with val_iou=0.673645
2026-05-10 09:57:14,478 [Trainer] :: Starting epoch 11
2026-05-10 10:02:50,788 [Trainer] :: Completed epoch 11: train_loss=0.198032 train_iou=0.829740 val_loss=0.262381 val_iou=0.643291 lr=0.00009967
2026-05-10 10:02:50,882 [Trainer] :: Updated latest checkpoint at epoch 11
2026-05-10 10:02:50,882 [Trainer] :: No validation IoU improvement for 1 epoch(s)
2026-05-10 10:02:50,882 [Trainer] :: Starting epoch 12
2026-05-10 10:08:32,718 [Trainer] :: Completed epoch 12: train_loss=0.194212 train_iou=0.832031 val_loss=0.273597 val_iou=0.667173 lr=0.00009961
2026-05-10 10:08:32,869 [Trainer] :: Updated latest checkpoint at epoch 12
2026-05-10 10:08:32,869 [Trainer] :: No validation IoU improvement for 2 epoch(s)
2026-05-10 10:08:32,869 [Trainer] :: Starting epoch 13
2026-05-10 10:14:14,353 [Trainer] :: Completed epoch 13: train_loss=0.191212 train_iou=0.833502 val_loss=0.268958 val_iou=0.674359 lr=0.00009954
2026-05-10 10:14:14,443 [Trainer] :: Updated latest checkpoint at epoch 13
2026-05-10 10:14:14,523 [Trainer] :: New best checkpoint saved with val_iou=0.674359
2026-05-10 10:14:14,523 [Trainer] :: Starting epoch 14
2026-05-10 10:19:41,136 [Trainer] :: Completed epoch 14: train_loss=0.183526 train_iou=0.839143 val_loss=0.251568 val_iou=0.663041 lr=0.00009947
2026-05-10 10:19:41,225 [Trainer] :: Updated latest checkpoint at epoch 14
2026-05-10 10:19:41,225 [Trainer] :: No validation IoU improvement for 1 epoch(s)
2026-05-10 10:19:41,225 [Trainer] :: Starting epoch 15
2026-05-10 10:25:12,038 [Trainer] :: Completed epoch 15: train_loss=0.182782 train_iou=0.840120 val_loss=0.264614 val_iou=0.668905 lr=0.00009939
2026-05-10 10:25:12,129 [Trainer] :: Updated latest checkpoint at epoch 15
2026-05-10 10:25:12,129 [Trainer] :: No validation IoU improvement for 2 epoch(s)
2026-05-10 10:25:12,129 [Trainer] :: Starting epoch 16
2026-05-10 10:30:41,068 [Trainer] :: Completed epoch 16: train_loss=0.182330 train_iou=0.838327 val_loss=0.275708 val_iou=0.677847 lr=0.00009931
2026-05-10 10:30:41,165 [Trainer] :: Updated latest checkpoint at epoch 16
2026-05-10 10:30:41,249 [Trainer] :: New best checkpoint saved with val_iou=0.677847
2026-05-10 10:30:41,250 [Trainer] :: Starting epoch 17
2026-05-10 10:36:31,329 [Trainer] :: Completed epoch 17: train_loss=0.182880 train_iou=0.837141 val_loss=0.272077 val_iou=0.624282 lr=0.00009922
2026-05-10 10:36:31,424 [Trainer] :: Updated latest checkpoint at epoch 17
2026-05-10 10:36:31,424 [Trainer] :: No validation IoU improvement for 1 epoch(s)
2026-05-10 10:36:31,424 [Trainer] :: Starting epoch 18
2026-05-10 10:42:17,288 [Trainer] :: Completed epoch 18: train_loss=0.174846 train_iou=0.842544 val_loss=0.263240 val_iou=0.651195 lr=0.00009912
2026-05-10 10:42:17,394 [Trainer] :: Updated latest checkpoint at epoch 18
2026-05-10 10:42:17,394 [Trainer] :: No validation IoU improvement for 2 epoch(s)
2026-05-10 10:42:17,394 [Trainer] :: Starting epoch 19
2026-05-10 10:47:42,538 [Trainer] :: Completed epoch 19: train_loss=0.175277 train_iou=0.840472 val_loss=0.275159 val_iou=0.652468 lr=0.00009902
2026-05-10 10:47:42,635 [Trainer] :: Updated latest checkpoint at epoch 19
2026-05-10 10:47:42,635 [Trainer] :: No validation IoU improvement for 3 epoch(s)
2026-05-10 10:47:42,635 [Trainer] :: Starting epoch 20
2026-05-10 10:53:19,385 [Trainer] :: Completed epoch 20: train_loss=0.167872 train_iou=0.847328 val_loss=0.318842 val_iou=0.555241 lr=0.00009892
2026-05-10 10:53:19,468 [Trainer] :: Updated latest checkpoint at epoch 20
2026-05-10 10:53:19,468 [Trainer] :: No validation IoU improvement for 4 epoch(s)
2026-05-10 10:53:19,468 [Trainer] :: Starting epoch 21
2026-05-10 10:58:53,467 [Trainer] :: Completed epoch 21: train_loss=0.174418 train_iou=0.843444 val_loss=0.278071 val_iou=0.600761 lr=0.00009881
2026-05-10 10:58:53,628 [Trainer] :: Updated latest checkpoint at epoch 21
2026-05-10 10:58:53,628 [Trainer] :: No validation IoU improvement for 5 epoch(s)
2026-05-10 10:58:53,628 [Trainer] :: Starting epoch 22
2026-05-10 11:04:38,242 [Trainer] :: Completed epoch 22: train_loss=0.177131 train_iou=0.837615 val_loss=0.276131 val_iou=0.670653 lr=0.00009869
2026-05-10 11:04:38,336 [Trainer] :: Updated latest checkpoint at epoch 22
2026-05-10 11:04:38,336 [Trainer] :: No validation IoU improvement for 6 epoch(s)
2026-05-10 11:04:38,336 [Trainer] :: Starting epoch 23
2026-05-10 11:10:35,578 [Trainer] :: Completed epoch 23: train_loss=0.164936 train_iou=0.847962 val_loss=0.261230 val_iou=0.666296 lr=0.00009857
2026-05-10 11:10:35,706 [Trainer] :: Updated latest checkpoint at epoch 23
2026-05-10 11:10:35,706 [Trainer] :: No validation IoU improvement for 7 epoch(s)
2026-05-10 11:10:35,706 [Trainer] :: Starting epoch 24
2026-05-10 11:16:47,759 [Trainer] :: Completed epoch 24: train_loss=0.158351 train_iou=0.854647 val_loss=0.265192 val_iou=0.634711 lr=0.00009844
2026-05-10 11:16:47,942 [Trainer] :: Updated latest checkpoint at epoch 24
2026-05-10 11:16:47,942 [Trainer] :: No validation IoU improvement for 8 epoch(s)
2026-05-10 11:16:47,942 [Trainer] :: Starting epoch 25
2026-05-10 11:22:28,483 [Trainer] :: Completed epoch 25: train_loss=0.157083 train_iou=0.854128 val_loss=0.335328 val_iou=0.563446 lr=0.00009831
2026-05-10 11:22:28,643 [Trainer] :: Updated latest checkpoint at epoch 25
2026-05-10 11:22:28,643 [Trainer] :: No validation IoU improvement for 9 epoch(s)
2026-05-10 11:22:28,643 [Trainer] :: Starting epoch 26
2026-05-10 11:28:28,299 [Trainer] :: Completed epoch 26: train_loss=0.160473 train_iou=0.850697 val_loss=0.275093 val_iou=0.631089 lr=0.00009818
2026-05-10 11:28:28,434 [Trainer] :: Updated latest checkpoint at epoch 26
2026-05-10 11:28:28,434 [Trainer] :: No validation IoU improvement for 10 epoch(s)
2026-05-10 11:28:28,434 [Trainer] :: Starting epoch 27
2026-05-10 11:34:30,044 [Trainer] :: Completed epoch 27: train_loss=0.154354 train_iou=0.855744 val_loss=0.277126 val_iou=0.629243 lr=0.00009803
2026-05-10 11:34:30,142 [Trainer] :: Updated latest checkpoint at epoch 27
2026-05-10 11:34:30,142 [Trainer] :: No validation IoU improvement for 11 epoch(s)
2026-05-10 11:34:30,142 [Trainer] :: Starting epoch 28
2026-05-10 11:40:08,421 [Trainer] :: Completed epoch 28: train_loss=0.151050 train_iou=0.858429 val_loss=0.286686 val_iou=0.620420 lr=0.00009789
2026-05-10 11:40:08,587 [Trainer] :: Updated latest checkpoint at epoch 28
2026-05-10 11:40:08,587 [Trainer] :: No validation IoU improvement for 12 epoch(s)
2026-05-10 11:40:08,587 [Trainer] :: Starting epoch 29
2026-05-10 11:45:34,224 [Trainer] :: Completed epoch 29: train_loss=0.155143 train_iou=0.857166 val_loss=0.265786 val_iou=0.663170 lr=0.00009773
2026-05-10 11:45:34,339 [Trainer] :: Updated latest checkpoint at epoch 29
2026-05-10 11:45:34,340 [Trainer] :: No validation IoU improvement for 13 epoch(s)
2026-05-10 11:45:34,340 [Trainer] :: Starting epoch 30
2026-05-10 11:50:56,855 [Trainer] :: Completed epoch 30: train_loss=0.151717 train_iou=0.860451 val_loss=0.266575 val_iou=0.656083 lr=0.00009758
2026-05-10 11:50:56,944 [Trainer] :: Updated latest checkpoint at epoch 30
2026-05-10 11:50:56,944 [Trainer] :: No validation IoU improvement for 14 epoch(s)
2026-05-10 11:50:56,944 [Trainer] :: Starting epoch 31
2026-05-10 11:56:14,732 [Trainer] :: Completed epoch 31: train_loss=0.149371 train_iou=0.860956 val_loss=0.311625 val_iou=0.646825 lr=0.00009741
2026-05-10 11:56:14,826 [Trainer] :: Updated latest checkpoint at epoch 31
2026-05-10 11:56:14,826 [Trainer] :: No validation IoU improvement for 15 epoch(s)
2026-05-10 11:56:14,826 [Trainer] :: Starting epoch 32
2026-05-10 12:01:50,997 [Trainer] :: Completed epoch 32: train_loss=0.150881 train_iou=0.860919 val_loss=0.275805 val_iou=0.645547 lr=0.00009725
2026-05-10 12:01:51,081 [Trainer] :: Updated latest checkpoint at epoch 32
2026-05-10 12:01:51,081 [Trainer] :: No validation IoU improvement for 16 epoch(s)
2026-05-10 12:01:51,081 [Trainer] :: Starting epoch 33
2026-05-10 12:08:42,423 [Trainer] :: Completed epoch 33: train_loss=0.147445 train_iou=0.859003 val_loss=0.272817 val_iou=0.644963 lr=0.00009707
2026-05-10 12:08:42,566 [Trainer] :: Updated latest checkpoint at epoch 33
2026-05-10 12:08:42,566 [Trainer] :: No validation IoU improvement for 17 epoch(s)
2026-05-10 12:08:42,566 [Trainer] :: Starting epoch 34
2026-05-10 12:15:02,066 [Trainer] :: Completed epoch 34: train_loss=0.141768 train_iou=0.867068 val_loss=0.262204 val_iou=0.671651 lr=0.00009690
2026-05-10 12:15:02,170 [Trainer] :: Updated latest checkpoint at epoch 34
2026-05-10 12:15:02,170 [Trainer] :: No validation IoU improvement for 18 epoch(s)
2026-05-10 12:15:02,170 [Trainer] :: Starting epoch 35
2026-05-10 12:21:01,603 [Trainer] :: Completed epoch 35: train_loss=0.137891 train_iou=0.869614 val_loss=0.268623 val_iou=0.654981 lr=0.00009671
2026-05-10 12:21:01,690 [Trainer] :: Updated latest checkpoint at epoch 35
2026-05-10 12:21:01,691 [Trainer] :: No validation IoU improvement for 19 epoch(s)
2026-05-10 12:21:01,691 [Trainer] :: Starting epoch 36
2026-05-10 12:27:00,826 [Trainer] :: Completed epoch 36: train_loss=0.143543 train_iou=0.864894 val_loss=0.266772 val_iou=0.666582 lr=0.00009652
2026-05-10 12:27:00,920 [Trainer] :: Updated latest checkpoint at epoch 36
2026-05-10 12:27:00,920 [Trainer] :: No validation IoU improvement for 20 epoch(s)
2026-05-10 12:27:00,920 [Trainer] :: Starting epoch 37
2026-05-10 12:32:20,993 [Trainer] :: Completed epoch 37: train_loss=0.137507 train_iou=0.870651 val_loss=0.272088 val_iou=0.642363 lr=0.00009633
2026-05-10 12:32:21,139 [Trainer] :: Updated latest checkpoint at epoch 37
2026-05-10 12:32:21,139 [Trainer] :: No validation IoU improvement for 21 epoch(s)
2026-05-10 12:32:21,139 [Trainer] :: Starting epoch 38
2026-05-10 12:37:59,770 [Trainer] :: Completed epoch 38: train_loss=0.138582 train_iou=0.866587 val_loss=0.280681 val_iou=0.668886 lr=0.00009613
2026-05-10 12:37:59,894 [Trainer] :: Updated latest checkpoint at epoch 38
2026-05-10 12:37:59,894 [Trainer] :: No validation IoU improvement for 22 epoch(s)
2026-05-10 12:37:59,894 [Trainer] :: Starting epoch 39
2026-05-10 12:43:44,922 [Trainer] :: Completed epoch 39: train_loss=0.134857 train_iou=0.870950 val_loss=0.277085 val_iou=0.664789 lr=0.00009593
2026-05-10 12:43:45,009 [Trainer] :: Updated latest checkpoint at epoch 39
2026-05-10 12:43:45,009 [Trainer] :: No validation IoU improvement for 23 epoch(s)
2026-05-10 12:43:45,009 [Trainer] :: Starting epoch 40
2026-05-10 12:49:41,355 [Trainer] :: Completed epoch 40: train_loss=0.134572 train_iou=0.871795 val_loss=0.267576 val_iou=0.671036 lr=0.00009572
2026-05-10 12:49:41,653 [Trainer] :: Updated latest checkpoint at epoch 40
2026-05-10 12:49:41,653 [Trainer] :: No validation IoU improvement for 24 epoch(s)
2026-05-10 12:49:41,653 [Trainer] :: Starting epoch 41
2026-05-10 12:55:25,104 [Trainer] :: Completed epoch 41: train_loss=0.138375 train_iou=0.870110 val_loss=0.278359 val_iou=0.652915 lr=0.00009551
2026-05-10 12:55:25,328 [Trainer] :: Updated latest checkpoint at epoch 41
2026-05-10 12:55:25,328 [Trainer] :: No validation IoU improvement for 25 epoch(s)
2026-05-10 12:55:25,328 [Trainer] :: Starting epoch 42
2026-05-10 13:00:57,228 [Trainer] :: Completed epoch 42: train_loss=0.129940 train_iou=0.874230 val_loss=0.273282 val_iou=0.642205 lr=0.00009529
2026-05-10 13:00:57,400 [Trainer] :: Updated latest checkpoint at epoch 42
2026-05-10 13:00:57,401 [Trainer] :: No validation IoU improvement for 26 epoch(s)
2026-05-10 13:00:57,401 [Trainer] :: Starting epoch 43
2026-05-10 13:06:25,320 [Trainer] :: Completed epoch 43: train_loss=0.132055 train_iou=0.875784 val_loss=0.312067 val_iou=0.586745 lr=0.00009507
2026-05-10 13:06:25,650 [Trainer] :: Updated latest checkpoint at epoch 43
2026-05-10 13:06:25,650 [Trainer] :: No validation IoU improvement for 27 epoch(s)
2026-05-10 13:06:25,650 [Trainer] :: Starting epoch 44
2026-05-10 13:12:10,229 [Trainer] :: Completed epoch 44: train_loss=0.128804 train_iou=0.877784 val_loss=0.289206 val_iou=0.654938 lr=0.00009484
2026-05-10 13:12:10,311 [Trainer] :: Updated latest checkpoint at epoch 44
2026-05-10 13:12:10,311 [Trainer] :: No validation IoU improvement for 28 epoch(s)
2026-05-10 13:12:10,311 [Trainer] :: Starting epoch 45
2026-05-10 13:18:11,731 [Trainer] :: Completed epoch 45: train_loss=0.126187 train_iou=0.880028 val_loss=0.282885 val_iou=0.643205 lr=0.00009460
2026-05-10 13:18:11,830 [Trainer] :: Updated latest checkpoint at epoch 45
2026-05-10 13:18:11,830 [Trainer] :: No validation IoU improvement for 29 epoch(s)
2026-05-10 13:18:11,830 [Trainer] :: Starting epoch 46
2026-05-10 13:24:13,271 [Trainer] :: Completed epoch 46: train_loss=0.124628 train_iou=0.879095 val_loss=0.312641 val_iou=0.602264 lr=0.00009437
2026-05-10 13:24:13,418 [Trainer] :: Updated latest checkpoint at epoch 46
2026-05-10 13:24:13,418 [Trainer] :: No validation IoU improvement for 30 epoch(s)
2026-05-10 13:24:13,418 [Trainer] :: Starting epoch 47
2026-05-10 13:30:04,798 [Trainer] :: Completed epoch 47: train_loss=0.125769 train_iou=0.879241 val_loss=0.288534 val_iou=0.642524 lr=0.00009412
2026-05-10 13:30:05,008 [Trainer] :: Updated latest checkpoint at epoch 47
2026-05-10 13:30:05,008 [Trainer] :: No validation IoU improvement for 31 epoch(s)
2026-05-10 13:30:05,008 [Trainer] :: Starting epoch 48
2026-05-10 13:35:54,424 [Trainer] :: Completed epoch 48: train_loss=0.126903 train_iou=0.878379 val_loss=0.284378 val_iou=0.672447 lr=0.00009388
2026-05-10 13:35:54,517 [Trainer] :: Updated latest checkpoint at epoch 48
2026-05-10 13:35:54,517 [Trainer] :: No validation IoU improvement for 32 epoch(s)
2026-05-10 13:35:54,517 [Trainer] :: Starting epoch 49
2026-05-10 13:42:23,613 [Trainer] :: Completed epoch 49: train_loss=0.124447 train_iou=0.881439 val_loss=0.271174 val_iou=0.672935 lr=0.00009363
2026-05-10 13:42:23,864 [Trainer] :: Updated latest checkpoint at epoch 49
2026-05-10 13:42:23,864 [Trainer] :: No validation IoU improvement for 33 epoch(s)
2026-05-10 13:42:23,864 [Trainer] :: Starting epoch 50
2026-05-10 13:48:48,069 [Trainer] :: Completed epoch 50: train_loss=0.122001 train_iou=0.883809 val_loss=0.296876 val_iou=0.613180 lr=0.00009337
2026-05-10 13:48:48,159 [Trainer] :: Updated latest checkpoint at epoch 50
2026-05-10 13:48:48,159 [Trainer] :: No validation IoU improvement for 34 epoch(s)
2026-05-10 13:48:48,160 [Trainer] :: Starting epoch 51
2026-05-10 13:54:32,577 [Trainer] :: Completed epoch 51: train_loss=0.120815 train_iou=0.884078 val_loss=0.283848 val_iou=0.655793 lr=0.00009311
2026-05-10 13:54:32,736 [Trainer] :: Updated latest checkpoint at epoch 51
2026-05-10 13:54:32,736 [Trainer] :: No validation IoU improvement for 35 epoch(s)
2026-05-10 13:54:32,736 [Trainer] :: Starting epoch 52
2026-05-10 14:00:16,977 [Trainer] :: Completed epoch 52: train_loss=0.122821 train_iou=0.884287 val_loss=0.290609 val_iou=0.655629 lr=0.00009284
2026-05-10 14:00:17,067 [Trainer] :: Updated latest checkpoint at epoch 52
2026-05-10 14:00:17,067 [Trainer] :: No validation IoU improvement for 36 epoch(s)
2026-05-10 14:00:17,067 [Trainer] :: Starting epoch 53
2026-05-10 14:05:41,210 [Trainer] :: Completed epoch 53: train_loss=0.118763 train_iou=0.886209 val_loss=0.285297 val_iou=0.647363 lr=0.00009257
2026-05-10 14:05:41,306 [Trainer] :: Updated latest checkpoint at epoch 53
2026-05-10 14:05:41,306 [Trainer] :: No validation IoU improvement for 37 epoch(s)
2026-05-10 14:05:41,306 [Trainer] :: Starting epoch 54
2026-05-10 14:10:59,611 [Trainer] :: Completed epoch 54: train_loss=0.117707 train_iou=0.887099 val_loss=0.287904 val_iou=0.659647 lr=0.00009229
2026-05-10 14:10:59,693 [Trainer] :: Updated latest checkpoint at epoch 54
2026-05-10 14:10:59,693 [Trainer] :: No validation IoU improvement for 38 epoch(s)
2026-05-10 14:10:59,693 [Trainer] :: Starting epoch 55
2026-05-10 14:16:17,040 [Trainer] :: Completed epoch 55: train_loss=0.116648 train_iou=0.888181 val_loss=0.293158 val_iou=0.623055 lr=0.00009201
2026-05-10 14:16:17,129 [Trainer] :: Updated latest checkpoint at epoch 55
2026-05-10 14:16:17,129 [Trainer] :: No validation IoU improvement for 39 epoch(s)
2026-05-10 14:16:17,129 [Trainer] :: Starting epoch 56
2026-05-10 14:21:35,792 [Trainer] :: Completed epoch 56: train_loss=0.119045 train_iou=0.886863 val_loss=0.268949 val_iou=0.653931 lr=0.00009173
2026-05-10 14:21:35,924 [Trainer] :: Updated latest checkpoint at epoch 56
2026-05-10 14:21:35,924 [Trainer] :: No validation IoU improvement for 40 epoch(s)
2026-05-10 14:21:35,924 [Trainer] :: Starting epoch 57
2026-05-10 14:26:52,048 [Trainer] :: Completed epoch 57: train_loss=0.114886 train_iou=0.890846 val_loss=0.288315 val_iou=0.643820 lr=0.00009144
2026-05-10 14:26:52,146 [Trainer] :: Updated latest checkpoint at epoch 57
2026-05-10 14:26:52,146 [Trainer] :: No validation IoU improvement for 41 epoch(s)
2026-05-10 14:26:52,146 [Trainer] :: Starting epoch 58
2026-05-10 14:32:06,914 [Trainer] :: Completed epoch 58: train_loss=0.113524 train_iou=0.889639 val_loss=0.293114 val_iou=0.622597 lr=0.00009115
2026-05-10 14:32:07,014 [Trainer] :: Updated latest checkpoint at epoch 58
2026-05-10 14:32:07,014 [Trainer] :: No validation IoU improvement for 42 epoch(s)
2026-05-10 14:32:07,014 [Trainer] :: Starting epoch 59
2026-05-10 14:37:24,379 [Trainer] :: Completed epoch 59: train_loss=0.113076 train_iou=0.891260 val_loss=0.281885 val_iou=0.652897 lr=0.00009085
2026-05-10 14:37:24,470 [Trainer] :: Updated latest checkpoint at epoch 59
2026-05-10 14:37:24,470 [Trainer] :: No validation IoU improvement for 43 epoch(s)
2026-05-10 14:37:24,470 [Trainer] :: Starting epoch 60
2026-05-10 14:42:39,057 [Trainer] :: Completed epoch 60: train_loss=0.113186 train_iou=0.891399 val_loss=0.286619 val_iou=0.640283 lr=0.00009055
2026-05-10 14:42:39,676 [Trainer] :: Updated latest checkpoint at epoch 60
2026-05-10 14:42:39,677 [Trainer] :: No validation IoU improvement for 44 epoch(s)
2026-05-10 14:42:39,677 [Trainer] :: Starting epoch 61
2026-05-10 14:48:01,045 [Trainer] :: Completed epoch 61: train_loss=0.116731 train_iou=0.887276 val_loss=0.295860 val_iou=0.637746 lr=0.00009024
2026-05-10 14:48:01,132 [Trainer] :: Updated latest checkpoint at epoch 61
2026-05-10 14:48:01,132 [Trainer] :: No validation IoU improvement for 45 epoch(s)
2026-05-10 14:48:01,132 [Trainer] :: Starting epoch 62
2026-05-10 14:53:21,647 [Trainer] :: Completed epoch 62: train_loss=0.112143 train_iou=0.891807 val_loss=0.286900 val_iou=0.640820 lr=0.00008993
2026-05-10 14:53:21,730 [Trainer] :: Updated latest checkpoint at epoch 62
2026-05-10 14:53:21,730 [Trainer] :: No validation IoU improvement for 46 epoch(s)
2026-05-10 14:53:21,730 [Trainer] :: Starting epoch 63
2026-05-10 14:58:59,200 [Trainer] :: Completed epoch 63: train_loss=0.109879 train_iou=0.894173 val_loss=0.281538 val_iou=0.656045 lr=0.00008961
2026-05-10 14:58:59,290 [Trainer] :: Updated latest checkpoint at epoch 63
2026-05-10 14:58:59,290 [Trainer] :: No validation IoU improvement for 47 epoch(s)
2026-05-10 14:58:59,290 [Trainer] :: Starting epoch 64
2026-05-10 15:04:14,961 [Trainer] :: Completed epoch 64: train_loss=0.109799 train_iou=0.894789 val_loss=0.281370 val_iou=0.659591 lr=0.00008929
2026-05-10 15:04:15,130 [Trainer] :: Updated latest checkpoint at epoch 64
2026-05-10 15:04:15,130 [Trainer] :: No validation IoU improvement for 48 epoch(s)
2026-05-10 15:04:15,131 [Trainer] :: Starting epoch 65
2026-05-10 15:09:33,585 [Trainer] :: Completed epoch 65: train_loss=0.110070 train_iou=0.895765 val_loss=0.309885 val_iou=0.620228 lr=0.00008897
2026-05-10 15:09:33,784 [Trainer] :: Updated latest checkpoint at epoch 65
2026-05-10 15:09:33,784 [Trainer] :: No validation IoU improvement for 49 epoch(s)
2026-05-10 15:09:33,784 [Trainer] :: Starting epoch 66
2026-05-10 15:15:00,419 [Trainer] :: Completed epoch 66: train_loss=0.109259 train_iou=0.895042 val_loss=0.300311 val_iou=0.638027 lr=0.00008864
2026-05-10 15:15:00,576 [Trainer] :: Updated latest checkpoint at epoch 66
2026-05-10 15:15:00,576 [Trainer] :: No validation IoU improvement for 50 epoch(s)
2026-05-10 15:15:00,576 [Trainer] :: Starting epoch 67
2026-05-10 15:20:41,630 [Trainer] :: Completed epoch 67: train_loss=0.108078 train_iou=0.897081 val_loss=0.286882 val_iou=0.638925 lr=0.00008831
2026-05-10 15:20:41,789 [Trainer] :: Updated latest checkpoint at epoch 67
2026-05-10 15:20:41,789 [Trainer] :: No validation IoU improvement for 51 epoch(s)
2026-05-10 15:20:41,789 [Trainer] :: Starting epoch 68
2026-05-10 15:26:12,740 [Trainer] :: Completed epoch 68: train_loss=0.106232 train_iou=0.896951 val_loss=0.277998 val_iou=0.668773 lr=0.00008797
2026-05-10 15:26:12,829 [Trainer] :: Updated latest checkpoint at epoch 68
2026-05-10 15:26:12,829 [Trainer] :: No validation IoU improvement for 52 epoch(s)
2026-05-10 15:26:12,829 [Trainer] :: Starting epoch 69
2026-05-10 15:31:55,582 [Trainer] :: Completed epoch 69: train_loss=0.110243 train_iou=0.894223 val_loss=0.296990 val_iou=0.643256 lr=0.00008763
2026-05-10 15:31:56,091 [Trainer] :: Updated latest checkpoint at epoch 69
2026-05-10 15:31:56,092 [Trainer] :: No validation IoU improvement for 53 epoch(s)
2026-05-10 15:31:56,092 [Trainer] :: Starting epoch 70
2026-05-10 15:38:34,723 [Trainer] :: Completed epoch 70: train_loss=0.106559 train_iou=0.897332 val_loss=0.288767 val_iou=0.650297 lr=0.00008729
2026-05-10 15:38:34,859 [Trainer] :: Updated latest checkpoint at epoch 70
2026-05-10 15:38:34,859 [Trainer] :: No validation IoU improvement for 54 epoch(s)
2026-05-10 15:38:34,859 [Trainer] :: Starting epoch 71
2026-05-10 15:45:14,829 [Trainer] :: Completed epoch 71: train_loss=0.106509 train_iou=0.897248 val_loss=0.286355 val_iou=0.657417 lr=0.00008694
2026-05-10 15:45:14,938 [Trainer] :: Updated latest checkpoint at epoch 71
2026-05-10 15:45:14,939 [Trainer] :: No validation IoU improvement for 55 epoch(s)
2026-05-10 15:45:14,939 [Trainer] :: Starting epoch 72
2026-05-10 15:52:31,797 [Trainer] :: Completed epoch 72: train_loss=0.105964 train_iou=0.898557 val_loss=0.291296 val_iou=0.650244 lr=0.00008658
2026-05-10 15:52:31,909 [Trainer] :: Updated latest checkpoint at epoch 72
2026-05-10 15:52:31,909 [Trainer] :: No validation IoU improvement for 56 epoch(s)
2026-05-10 15:52:31,909 [Trainer] :: Starting epoch 73
2026-05-10 15:59:25,407 [Trainer] :: Completed epoch 73: train_loss=0.102846 train_iou=0.901500 val_loss=0.289486 val_iou=0.660722 lr=0.00008623
2026-05-10 15:59:25,510 [Trainer] :: Updated latest checkpoint at epoch 73
2026-05-10 15:59:25,510 [Trainer] :: No validation IoU improvement for 57 epoch(s)
2026-05-10 15:59:25,510 [Trainer] :: Starting epoch 74
2026-05-10 16:06:07,401 [Trainer] :: Completed epoch 74: train_loss=0.107507 train_iou=0.896189 val_loss=0.295857 val_iou=0.649916 lr=0.00008587
2026-05-10 16:06:07,504 [Trainer] :: Updated latest checkpoint at epoch 74
2026-05-10 16:06:07,504 [Trainer] :: No validation IoU improvement for 58 epoch(s)
2026-05-10 16:06:07,504 [Trainer] :: Starting epoch 75
2026-05-10 16:12:45,772 [Trainer] :: Completed epoch 75: train_loss=0.103296 train_iou=0.900116 val_loss=0.292611 val_iou=0.640690 lr=0.00008550
2026-05-10 16:12:45,885 [Trainer] :: Updated latest checkpoint at epoch 75
2026-05-10 16:12:45,885 [Trainer] :: No validation IoU improvement for 59 epoch(s)
2026-05-10 16:12:45,885 [Trainer] :: Starting epoch 76
2026-05-10 16:19:27,269 [Trainer] :: Completed epoch 76: train_loss=0.101463 train_iou=0.903158 val_loss=0.298445 val_iou=0.646124 lr=0.00008513
2026-05-10 16:19:27,374 [Trainer] :: Updated latest checkpoint at epoch 76
2026-05-10 16:19:27,375 [Trainer] :: No validation IoU improvement for 60 epoch(s)
2026-05-10 16:19:27,375 [Trainer] :: Early stopping triggered after 60 epoch(s) without improvement
2026-05-10 16:25:24,884 [Trainer] :: Wrote training history to outputs/runs/rgb_real_msi_segformer_b0_fuzzy_halo_seed45_20260510T070042Z/metrics/history.json
2026-05-10 16:25:24,995 [Trainer] :: Wrote test summary to outputs/runs/rgb_real_msi_segformer_b0_fuzzy_halo_seed45_20260510T070042Z/metrics/test_summary.json
2026-05-10 16:25:24,995 [Trainer] :: Training completed
