2026-05-01 08:45:06,820 [Trainer] :: Training run initialized at /ceph/home/student.aau.dk/qd36zu/fuzzy-p10/tbd/masking/outputs/runs/rgb_unetplusplus_resnet50_seed46_20260501T064506Z
2026-05-01 08:45:06,820 [Trainer] :: Loaded config from /ceph/home/student.aau.dk/qd36zu/fuzzy-p10/tbd/masking/configs/binary/rgb_unetpp_resnet50.yaml
2026-05-01 08:45:06,820 [Trainer] :: Using seed=46 and device=None
2026-05-01 08:45:06,820 [Trainer] :: Using model architecture=UnetPlusPlus encoder=resnet50 encoder_weights=imagenet
2026-05-01 08:45:07,113 [Trainer] :: Resolved runtime device to cuda
2026-05-01 08:45:07,114 [Trainer] :: Prepared normalization from source=imagenet
2026-05-01 08:45:14,053 [Trainer] :: Built dataloaders with batch_size=16, num_workers=0
2026-05-01 08:45:14,055 [Trainer] :: Starting epoch 1
2026-05-01 08:49:26,612 [Trainer] :: Completed epoch 1: train_loss=0.406407 train_iou=0.665308 val_loss=0.357846 val_iou=0.578762 lr=0.00010000
2026-05-01 08:49:27,158 [Trainer] :: Updated latest checkpoint at epoch 1
2026-05-01 08:49:27,695 [Trainer] :: New best checkpoint saved with val_iou=0.578762
2026-05-01 08:49:27,695 [Trainer] :: Starting epoch 2
2026-05-01 08:53:35,621 [Trainer] :: Completed epoch 2: train_loss=0.311173 train_iou=0.748097 val_loss=0.337238 val_iou=0.524332 lr=0.00009999
2026-05-01 08:53:36,231 [Trainer] :: Updated latest checkpoint at epoch 2
2026-05-01 08:53:36,231 [Trainer] :: No validation IoU improvement for 1 epoch(s)
2026-05-01 08:53:36,231 [Trainer] :: Starting epoch 3
2026-05-01 08:57:46,061 [Trainer] :: Completed epoch 3: train_loss=0.290506 train_iou=0.753135 val_loss=0.317423 val_iou=0.587604 lr=0.00009998
2026-05-01 08:57:46,649 [Trainer] :: Updated latest checkpoint at epoch 3
2026-05-01 08:57:47,218 [Trainer] :: New best checkpoint saved with val_iou=0.587604
2026-05-01 08:57:47,218 [Trainer] :: Starting epoch 4
2026-05-01 09:01:54,863 [Trainer] :: Completed epoch 4: train_loss=0.263901 train_iou=0.773724 val_loss=0.308677 val_iou=0.587730 lr=0.00009996
2026-05-01 09:01:55,512 [Trainer] :: Updated latest checkpoint at epoch 4
2026-05-01 09:01:56,084 [Trainer] :: New best checkpoint saved with val_iou=0.587730
2026-05-01 09:01:56,084 [Trainer] :: Starting epoch 5
2026-05-01 09:06:04,760 [Trainer] :: Completed epoch 5: train_loss=0.249202 train_iou=0.784347 val_loss=0.323694 val_iou=0.554968 lr=0.00009993
2026-05-01 09:06:05,365 [Trainer] :: Updated latest checkpoint at epoch 5
2026-05-01 09:06:05,365 [Trainer] :: No validation IoU improvement for 1 epoch(s)
2026-05-01 09:06:05,365 [Trainer] :: Starting epoch 6
2026-05-01 09:10:15,033 [Trainer] :: Completed epoch 6: train_loss=0.241466 train_iou=0.790750 val_loss=0.308343 val_iou=0.576766 lr=0.00009990
2026-05-01 09:10:15,685 [Trainer] :: Updated latest checkpoint at epoch 6
2026-05-01 09:10:15,685 [Trainer] :: No validation IoU improvement for 2 epoch(s)
2026-05-01 09:10:15,685 [Trainer] :: Starting epoch 7
2026-05-01 09:14:30,258 [Trainer] :: Completed epoch 7: train_loss=0.228888 train_iou=0.800780 val_loss=0.282888 val_iou=0.612818 lr=0.00009987
2026-05-01 09:14:30,769 [Trainer] :: Updated latest checkpoint at epoch 7
2026-05-01 09:14:31,284 [Trainer] :: New best checkpoint saved with val_iou=0.612818
2026-05-01 09:14:31,284 [Trainer] :: Starting epoch 8
2026-05-01 09:18:53,588 [Trainer] :: Completed epoch 8: train_loss=0.219412 train_iou=0.807438 val_loss=0.295721 val_iou=0.580639 lr=0.00009983
2026-05-01 09:18:54,183 [Trainer] :: Updated latest checkpoint at epoch 8
2026-05-01 09:18:54,183 [Trainer] :: No validation IoU improvement for 1 epoch(s)
2026-05-01 09:18:54,183 [Trainer] :: Starting epoch 9
2026-05-01 09:23:15,463 [Trainer] :: Completed epoch 9: train_loss=0.205511 train_iou=0.823278 val_loss=0.320809 val_iou=0.547706 lr=0.00009978
2026-05-01 09:23:16,246 [Trainer] :: Updated latest checkpoint at epoch 9
2026-05-01 09:23:16,246 [Trainer] :: No validation IoU improvement for 2 epoch(s)
2026-05-01 09:23:16,246 [Trainer] :: Starting epoch 10
2026-05-01 09:27:27,339 [Trainer] :: Completed epoch 10: train_loss=0.200191 train_iou=0.827939 val_loss=0.284796 val_iou=0.605280 lr=0.00009973
2026-05-01 09:27:27,907 [Trainer] :: Updated latest checkpoint at epoch 10
2026-05-01 09:27:27,907 [Trainer] :: No validation IoU improvement for 3 epoch(s)
2026-05-01 09:27:27,907 [Trainer] :: Starting epoch 11
2026-05-01 09:31:35,098 [Trainer] :: Completed epoch 11: train_loss=0.195121 train_iou=0.830714 val_loss=0.294915 val_iou=0.594778 lr=0.00009967
2026-05-01 09:31:35,684 [Trainer] :: Updated latest checkpoint at epoch 11
2026-05-01 09:31:35,684 [Trainer] :: No validation IoU improvement for 4 epoch(s)
2026-05-01 09:31:35,684 [Trainer] :: Starting epoch 12
2026-05-01 09:35:45,839 [Trainer] :: Completed epoch 12: train_loss=0.193111 train_iou=0.831706 val_loss=0.295543 val_iou=0.593341 lr=0.00009961
2026-05-01 09:35:46,447 [Trainer] :: Updated latest checkpoint at epoch 12
2026-05-01 09:35:46,447 [Trainer] :: No validation IoU improvement for 5 epoch(s)
2026-05-01 09:35:46,447 [Trainer] :: Starting epoch 13
2026-05-01 09:39:55,524 [Trainer] :: Completed epoch 13: train_loss=0.185378 train_iou=0.837381 val_loss=0.318065 val_iou=0.535346 lr=0.00009954
2026-05-01 09:39:56,151 [Trainer] :: Updated latest checkpoint at epoch 13
2026-05-01 09:39:56,152 [Trainer] :: No validation IoU improvement for 6 epoch(s)
2026-05-01 09:39:56,152 [Trainer] :: Starting epoch 14
2026-05-01 09:44:03,590 [Trainer] :: Completed epoch 14: train_loss=0.177385 train_iou=0.847789 val_loss=0.317452 val_iou=0.527752 lr=0.00009947
2026-05-01 09:44:04,588 [Trainer] :: Updated latest checkpoint at epoch 14
2026-05-01 09:44:04,588 [Trainer] :: No validation IoU improvement for 7 epoch(s)
2026-05-01 09:44:04,588 [Trainer] :: Starting epoch 15
2026-05-01 09:48:30,532 [Trainer] :: Completed epoch 15: train_loss=0.175268 train_iou=0.849435 val_loss=0.280538 val_iou=0.610294 lr=0.00009939
2026-05-01 09:48:32,024 [Trainer] :: Updated latest checkpoint at epoch 15
2026-05-01 09:48:32,025 [Trainer] :: No validation IoU improvement for 8 epoch(s)
2026-05-01 09:48:32,025 [Trainer] :: Starting epoch 16
2026-05-01 09:54:18,772 [Trainer] :: Completed epoch 16: train_loss=0.170361 train_iou=0.852327 val_loss=0.314214 val_iou=0.555339 lr=0.00009931
2026-05-01 09:54:19,861 [Trainer] :: Updated latest checkpoint at epoch 16
2026-05-01 09:54:19,861 [Trainer] :: No validation IoU improvement for 9 epoch(s)
2026-05-01 09:54:19,861 [Trainer] :: Starting epoch 17
2026-05-01 09:58:39,937 [Trainer] :: Completed epoch 17: train_loss=0.162557 train_iou=0.860101 val_loss=0.338372 val_iou=0.529069 lr=0.00009922
2026-05-01 09:58:40,949 [Trainer] :: Updated latest checkpoint at epoch 17
2026-05-01 09:58:40,949 [Trainer] :: No validation IoU improvement for 10 epoch(s)
2026-05-01 09:58:40,949 [Trainer] :: Starting epoch 18
2026-05-01 10:03:03,149 [Trainer] :: Completed epoch 18: train_loss=0.158486 train_iou=0.864827 val_loss=0.301452 val_iou=0.581018 lr=0.00009912
2026-05-01 10:03:03,886 [Trainer] :: Updated latest checkpoint at epoch 18
2026-05-01 10:03:03,886 [Trainer] :: No validation IoU improvement for 11 epoch(s)
2026-05-01 10:03:03,886 [Trainer] :: Starting epoch 19
2026-05-01 10:07:15,862 [Trainer] :: Completed epoch 19: train_loss=0.153271 train_iou=0.867477 val_loss=0.321117 val_iou=0.556119 lr=0.00009902
2026-05-01 10:07:16,917 [Trainer] :: Updated latest checkpoint at epoch 19
2026-05-01 10:07:16,918 [Trainer] :: No validation IoU improvement for 12 epoch(s)
2026-05-01 10:07:16,918 [Trainer] :: Starting epoch 20
2026-05-01 10:11:45,846 [Trainer] :: Completed epoch 20: train_loss=0.147813 train_iou=0.874368 val_loss=0.295810 val_iou=0.590153 lr=0.00009892
2026-05-01 10:11:46,702 [Trainer] :: Updated latest checkpoint at epoch 20
2026-05-01 10:11:46,703 [Trainer] :: No validation IoU improvement for 13 epoch(s)
2026-05-01 10:11:46,703 [Trainer] :: Starting epoch 21
2026-05-01 10:16:05,227 [Trainer] :: Completed epoch 21: train_loss=0.146396 train_iou=0.876928 val_loss=0.331367 val_iou=0.538194 lr=0.00009881
2026-05-01 10:16:05,946 [Trainer] :: Updated latest checkpoint at epoch 21
2026-05-01 10:16:05,946 [Trainer] :: No validation IoU improvement for 14 epoch(s)
2026-05-01 10:16:05,946 [Trainer] :: Starting epoch 22
2026-05-01 10:20:25,614 [Trainer] :: Completed epoch 22: train_loss=0.150896 train_iou=0.868807 val_loss=0.300893 val_iou=0.586910 lr=0.00009869
2026-05-01 10:20:26,285 [Trainer] :: Updated latest checkpoint at epoch 22
2026-05-01 10:20:26,285 [Trainer] :: No validation IoU improvement for 15 epoch(s)
2026-05-01 10:20:26,285 [Trainer] :: Starting epoch 23
2026-05-01 10:24:46,728 [Trainer] :: Completed epoch 23: train_loss=0.141462 train_iou=0.878240 val_loss=0.313214 val_iou=0.567676 lr=0.00009857
2026-05-01 10:24:48,599 [Trainer] :: Updated latest checkpoint at epoch 23
2026-05-01 10:24:48,599 [Trainer] :: No validation IoU improvement for 16 epoch(s)
2026-05-01 10:24:48,599 [Trainer] :: Starting epoch 24
2026-05-01 10:29:14,028 [Trainer] :: Completed epoch 24: train_loss=0.135624 train_iou=0.884827 val_loss=0.291693 val_iou=0.600461 lr=0.00009844
2026-05-01 10:29:15,184 [Trainer] :: Updated latest checkpoint at epoch 24
2026-05-01 10:29:15,184 [Trainer] :: No validation IoU improvement for 17 epoch(s)
2026-05-01 10:29:15,184 [Trainer] :: Starting epoch 25
2026-05-01 10:33:38,037 [Trainer] :: Completed epoch 25: train_loss=0.133187 train_iou=0.884628 val_loss=0.286984 val_iou=0.607648 lr=0.00009831
2026-05-01 10:33:38,898 [Trainer] :: Updated latest checkpoint at epoch 25
2026-05-01 10:33:38,899 [Trainer] :: No validation IoU improvement for 18 epoch(s)
2026-05-01 10:33:38,899 [Trainer] :: Starting epoch 26
2026-05-01 10:38:04,969 [Trainer] :: Completed epoch 26: train_loss=0.132649 train_iou=0.883109 val_loss=0.298863 val_iou=0.593432 lr=0.00009818
2026-05-01 10:38:05,826 [Trainer] :: Updated latest checkpoint at epoch 26
2026-05-01 10:38:05,826 [Trainer] :: No validation IoU improvement for 19 epoch(s)
2026-05-01 10:38:05,826 [Trainer] :: Starting epoch 27
2026-05-01 10:42:30,491 [Trainer] :: Completed epoch 27: train_loss=0.123918 train_iou=0.889788 val_loss=0.289542 val_iou=0.600747 lr=0.00009803
2026-05-01 10:42:31,269 [Trainer] :: Updated latest checkpoint at epoch 27
2026-05-01 10:42:31,269 [Trainer] :: No validation IoU improvement for 20 epoch(s)
2026-05-01 10:42:31,269 [Trainer] :: Starting epoch 28
2026-05-01 10:46:56,491 [Trainer] :: Completed epoch 28: train_loss=0.120683 train_iou=0.892266 val_loss=0.297455 val_iou=0.589935 lr=0.00009789
2026-05-01 10:46:57,715 [Trainer] :: Updated latest checkpoint at epoch 28
2026-05-01 10:46:57,715 [Trainer] :: No validation IoU improvement for 21 epoch(s)
2026-05-01 10:46:57,715 [Trainer] :: Starting epoch 29
2026-05-01 10:51:25,779 [Trainer] :: Completed epoch 29: train_loss=0.116870 train_iou=0.894427 val_loss=0.306125 val_iou=0.582944 lr=0.00009773
2026-05-01 10:51:26,834 [Trainer] :: Updated latest checkpoint at epoch 29
2026-05-01 10:51:26,835 [Trainer] :: No validation IoU improvement for 22 epoch(s)
2026-05-01 10:51:26,835 [Trainer] :: Starting epoch 30
2026-05-01 10:55:53,901 [Trainer] :: Completed epoch 30: train_loss=0.114893 train_iou=0.895689 val_loss=0.324559 val_iou=0.564719 lr=0.00009758
2026-05-01 10:55:54,601 [Trainer] :: Updated latest checkpoint at epoch 30
2026-05-01 10:55:54,601 [Trainer] :: No validation IoU improvement for 23 epoch(s)
2026-05-01 10:55:54,601 [Trainer] :: Starting epoch 31
2026-05-01 11:00:24,302 [Trainer] :: Completed epoch 31: train_loss=0.113211 train_iou=0.895779 val_loss=0.316687 val_iou=0.585788 lr=0.00009741
2026-05-01 11:00:25,029 [Trainer] :: Updated latest checkpoint at epoch 31
2026-05-01 11:00:25,029 [Trainer] :: No validation IoU improvement for 24 epoch(s)
2026-05-01 11:00:25,029 [Trainer] :: Starting epoch 32
2026-05-01 11:04:57,550 [Trainer] :: Completed epoch 32: train_loss=0.113177 train_iou=0.893795 val_loss=0.319970 val_iou=0.560143 lr=0.00009725
2026-05-01 11:04:58,335 [Trainer] :: Updated latest checkpoint at epoch 32
2026-05-01 11:04:58,335 [Trainer] :: No validation IoU improvement for 25 epoch(s)
2026-05-01 11:04:58,335 [Trainer] :: Starting epoch 33
2026-05-01 11:09:30,428 [Trainer] :: Completed epoch 33: train_loss=0.106297 train_iou=0.899150 val_loss=0.319377 val_iou=0.573921 lr=0.00009707
2026-05-01 11:09:31,439 [Trainer] :: Updated latest checkpoint at epoch 33
2026-05-01 11:09:31,440 [Trainer] :: No validation IoU improvement for 26 epoch(s)
2026-05-01 11:09:31,440 [Trainer] :: Starting epoch 34
2026-05-01 11:13:52,717 [Trainer] :: Completed epoch 34: train_loss=0.107909 train_iou=0.898897 val_loss=0.331554 val_iou=0.551776 lr=0.00009690
2026-05-01 11:13:53,522 [Trainer] :: Updated latest checkpoint at epoch 34
2026-05-01 11:13:53,523 [Trainer] :: No validation IoU improvement for 27 epoch(s)
2026-05-01 11:13:53,523 [Trainer] :: Starting epoch 35
2026-05-01 11:18:21,156 [Trainer] :: Completed epoch 35: train_loss=0.103873 train_iou=0.900098 val_loss=0.308991 val_iou=0.589201 lr=0.00009671
2026-05-01 11:18:22,092 [Trainer] :: Updated latest checkpoint at epoch 35
2026-05-01 11:18:22,092 [Trainer] :: No validation IoU improvement for 28 epoch(s)
2026-05-01 11:18:22,092 [Trainer] :: Starting epoch 36
2026-05-01 11:22:34,404 [Trainer] :: Completed epoch 36: train_loss=0.102946 train_iou=0.900336 val_loss=0.345780 val_iou=0.525239 lr=0.00009652
2026-05-01 11:22:35,008 [Trainer] :: Updated latest checkpoint at epoch 36
2026-05-01 11:22:35,008 [Trainer] :: No validation IoU improvement for 29 epoch(s)
2026-05-01 11:22:35,008 [Trainer] :: Starting epoch 37
2026-05-01 11:26:44,320 [Trainer] :: Completed epoch 37: train_loss=0.099563 train_iou=0.900223 val_loss=0.319322 val_iou=0.569764 lr=0.00009633
2026-05-01 11:26:44,975 [Trainer] :: Updated latest checkpoint at epoch 37
2026-05-01 11:26:44,975 [Trainer] :: No validation IoU improvement for 30 epoch(s)
2026-05-01 11:26:44,975 [Trainer] :: Starting epoch 38
2026-05-01 11:30:52,599 [Trainer] :: Completed epoch 38: train_loss=0.094071 train_iou=0.906394 val_loss=0.335425 val_iou=0.553906 lr=0.00009613
2026-05-01 11:30:53,338 [Trainer] :: Updated latest checkpoint at epoch 38
2026-05-01 11:30:53,338 [Trainer] :: No validation IoU improvement for 31 epoch(s)
2026-05-01 11:30:53,338 [Trainer] :: Starting epoch 39
2026-05-01 11:35:04,470 [Trainer] :: Completed epoch 39: train_loss=0.090513 train_iou=0.909162 val_loss=0.341179 val_iou=0.553463 lr=0.00009593
2026-05-01 11:35:05,100 [Trainer] :: Updated latest checkpoint at epoch 39
2026-05-01 11:35:05,100 [Trainer] :: No validation IoU improvement for 32 epoch(s)
2026-05-01 11:35:05,100 [Trainer] :: Starting epoch 40
2026-05-01 11:39:13,234 [Trainer] :: Completed epoch 40: train_loss=0.090434 train_iou=0.907815 val_loss=0.343414 val_iou=0.537172 lr=0.00009572
2026-05-01 11:39:13,848 [Trainer] :: Updated latest checkpoint at epoch 40
2026-05-01 11:39:13,848 [Trainer] :: No validation IoU improvement for 33 epoch(s)
2026-05-01 11:39:13,848 [Trainer] :: Starting epoch 41
2026-05-01 11:43:21,788 [Trainer] :: Completed epoch 41: train_loss=0.090813 train_iou=0.906119 val_loss=0.316896 val_iou=0.571896 lr=0.00009551
2026-05-01 11:43:22,441 [Trainer] :: Updated latest checkpoint at epoch 41
2026-05-01 11:43:22,441 [Trainer] :: No validation IoU improvement for 34 epoch(s)
2026-05-01 11:43:22,441 [Trainer] :: Starting epoch 42
2026-05-01 11:47:30,084 [Trainer] :: Completed epoch 42: train_loss=0.088464 train_iou=0.911346 val_loss=0.356886 val_iou=0.540698 lr=0.00009529
2026-05-01 11:47:30,704 [Trainer] :: Updated latest checkpoint at epoch 42
2026-05-01 11:47:30,704 [Trainer] :: No validation IoU improvement for 35 epoch(s)
2026-05-01 11:47:30,704 [Trainer] :: Starting epoch 43
2026-05-01 11:51:40,900 [Trainer] :: Completed epoch 43: train_loss=0.085982 train_iou=0.913973 val_loss=0.352508 val_iou=0.555257 lr=0.00009507
2026-05-01 11:51:41,542 [Trainer] :: Updated latest checkpoint at epoch 43
2026-05-01 11:51:41,542 [Trainer] :: No validation IoU improvement for 36 epoch(s)
2026-05-01 11:51:41,542 [Trainer] :: Starting epoch 44
2026-05-01 11:55:54,250 [Trainer] :: Completed epoch 44: train_loss=0.083891 train_iou=0.915550 val_loss=0.326333 val_iou=0.572741 lr=0.00009484
2026-05-01 11:55:54,879 [Trainer] :: Updated latest checkpoint at epoch 44
2026-05-01 11:55:54,880 [Trainer] :: No validation IoU improvement for 37 epoch(s)
2026-05-01 11:55:54,880 [Trainer] :: Starting epoch 45
2026-05-01 12:00:07,417 [Trainer] :: Completed epoch 45: train_loss=0.084013 train_iou=0.914341 val_loss=0.323796 val_iou=0.577962 lr=0.00009460
2026-05-01 12:00:08,468 [Trainer] :: Updated latest checkpoint at epoch 45
2026-05-01 12:00:08,468 [Trainer] :: No validation IoU improvement for 38 epoch(s)
2026-05-01 12:00:08,468 [Trainer] :: Starting epoch 46
2026-05-01 12:04:25,502 [Trainer] :: Completed epoch 46: train_loss=0.081348 train_iou=0.916887 val_loss=0.338490 val_iou=0.568745 lr=0.00009437
2026-05-01 12:04:26,086 [Trainer] :: Updated latest checkpoint at epoch 46
2026-05-01 12:04:26,086 [Trainer] :: No validation IoU improvement for 39 epoch(s)
2026-05-01 12:04:26,086 [Trainer] :: Starting epoch 47
2026-05-01 12:08:38,355 [Trainer] :: Completed epoch 47: train_loss=0.079386 train_iou=0.919879 val_loss=0.314434 val_iou=0.594501 lr=0.00009412
2026-05-01 12:08:38,937 [Trainer] :: Updated latest checkpoint at epoch 47
2026-05-01 12:08:38,937 [Trainer] :: No validation IoU improvement for 40 epoch(s)
2026-05-01 12:08:38,937 [Trainer] :: Starting epoch 48
2026-05-01 12:12:48,939 [Trainer] :: Completed epoch 48: train_loss=0.079127 train_iou=0.918193 val_loss=0.327020 val_iou=0.583776 lr=0.00009388
2026-05-01 12:12:49,609 [Trainer] :: Updated latest checkpoint at epoch 48
2026-05-01 12:12:49,610 [Trainer] :: No validation IoU improvement for 41 epoch(s)
2026-05-01 12:12:49,610 [Trainer] :: Starting epoch 49
2026-05-01 12:17:03,581 [Trainer] :: Completed epoch 49: train_loss=0.080251 train_iou=0.917577 val_loss=0.313757 val_iou=0.603346 lr=0.00009363
2026-05-01 12:17:04,211 [Trainer] :: Updated latest checkpoint at epoch 49
2026-05-01 12:17:04,211 [Trainer] :: No validation IoU improvement for 42 epoch(s)
2026-05-01 12:17:04,211 [Trainer] :: Starting epoch 50
2026-05-01 12:21:13,821 [Trainer] :: Completed epoch 50: train_loss=0.076256 train_iou=0.919791 val_loss=0.326286 val_iou=0.581320 lr=0.00009337
2026-05-01 12:21:14,386 [Trainer] :: Updated latest checkpoint at epoch 50
2026-05-01 12:21:14,386 [Trainer] :: No validation IoU improvement for 43 epoch(s)
2026-05-01 12:21:14,386 [Trainer] :: Starting epoch 51
2026-05-01 12:25:22,870 [Trainer] :: Completed epoch 51: train_loss=0.075207 train_iou=0.922058 val_loss=0.352704 val_iou=0.559739 lr=0.00009311
2026-05-01 12:25:23,455 [Trainer] :: Updated latest checkpoint at epoch 51
2026-05-01 12:25:23,455 [Trainer] :: No validation IoU improvement for 44 epoch(s)
2026-05-01 12:25:23,455 [Trainer] :: Starting epoch 52
2026-05-01 12:29:32,071 [Trainer] :: Completed epoch 52: train_loss=0.073719 train_iou=0.924376 val_loss=0.321368 val_iou=0.578751 lr=0.00009284
2026-05-01 12:29:32,857 [Trainer] :: Updated latest checkpoint at epoch 52
2026-05-01 12:29:32,857 [Trainer] :: No validation IoU improvement for 45 epoch(s)
2026-05-01 12:29:32,857 [Trainer] :: Starting epoch 53
2026-05-01 12:33:41,308 [Trainer] :: Completed epoch 53: train_loss=0.074059 train_iou=0.921193 val_loss=0.374365 val_iou=0.537108 lr=0.00009257
2026-05-01 12:33:41,979 [Trainer] :: Updated latest checkpoint at epoch 53
2026-05-01 12:33:41,979 [Trainer] :: No validation IoU improvement for 46 epoch(s)
2026-05-01 12:33:41,979 [Trainer] :: Starting epoch 54
2026-05-01 12:37:54,843 [Trainer] :: Completed epoch 54: train_loss=0.072639 train_iou=0.925704 val_loss=0.329558 val_iou=0.581656 lr=0.00009229
2026-05-01 12:37:55,685 [Trainer] :: Updated latest checkpoint at epoch 54
2026-05-01 12:37:55,685 [Trainer] :: No validation IoU improvement for 47 epoch(s)
2026-05-01 12:37:55,685 [Trainer] :: Starting epoch 55
2026-05-01 12:42:13,358 [Trainer] :: Completed epoch 55: train_loss=0.075581 train_iou=0.922034 val_loss=0.381261 val_iou=0.518947 lr=0.00009201
2026-05-01 12:42:14,026 [Trainer] :: Updated latest checkpoint at epoch 55
2026-05-01 12:42:14,026 [Trainer] :: No validation IoU improvement for 48 epoch(s)
2026-05-01 12:42:14,026 [Trainer] :: Starting epoch 56
2026-05-01 12:46:24,543 [Trainer] :: Completed epoch 56: train_loss=0.072120 train_iou=0.924573 val_loss=0.335591 val_iou=0.573612 lr=0.00009173
2026-05-01 12:46:25,139 [Trainer] :: Updated latest checkpoint at epoch 56
2026-05-01 12:46:25,140 [Trainer] :: No validation IoU improvement for 49 epoch(s)
2026-05-01 12:46:25,140 [Trainer] :: Starting epoch 57
2026-05-01 12:50:38,323 [Trainer] :: Completed epoch 57: train_loss=0.072152 train_iou=0.924845 val_loss=0.323436 val_iou=0.580502 lr=0.00009144
2026-05-01 12:50:39,012 [Trainer] :: Updated latest checkpoint at epoch 57
2026-05-01 12:50:39,012 [Trainer] :: No validation IoU improvement for 50 epoch(s)
2026-05-01 12:50:39,012 [Trainer] :: Starting epoch 58
2026-05-01 12:54:48,639 [Trainer] :: Completed epoch 58: train_loss=0.069907 train_iou=0.926449 val_loss=0.327160 val_iou=0.592249 lr=0.00009115
2026-05-01 12:54:49,260 [Trainer] :: Updated latest checkpoint at epoch 58
2026-05-01 12:54:49,260 [Trainer] :: No validation IoU improvement for 51 epoch(s)
2026-05-01 12:54:49,260 [Trainer] :: Starting epoch 59
2026-05-01 12:58:59,729 [Trainer] :: Completed epoch 59: train_loss=0.069353 train_iou=0.925508 val_loss=0.321278 val_iou=0.599273 lr=0.00009085
2026-05-01 12:59:00,390 [Trainer] :: Updated latest checkpoint at epoch 59
2026-05-01 12:59:00,390 [Trainer] :: No validation IoU improvement for 52 epoch(s)
2026-05-01 12:59:00,391 [Trainer] :: Starting epoch 60
2026-05-01 13:03:08,538 [Trainer] :: Completed epoch 60: train_loss=0.067552 train_iou=0.929203 val_loss=0.330394 val_iou=0.576530 lr=0.00009055
2026-05-01 13:03:09,561 [Trainer] :: Updated latest checkpoint at epoch 60
2026-05-01 13:03:09,562 [Trainer] :: No validation IoU improvement for 53 epoch(s)
2026-05-01 13:03:09,562 [Trainer] :: Starting epoch 61
2026-05-01 13:07:23,536 [Trainer] :: Completed epoch 61: train_loss=0.065905 train_iou=0.930385 val_loss=0.338587 val_iou=0.565478 lr=0.00009024
2026-05-01 13:07:28,161 [Trainer] :: Updated latest checkpoint at epoch 61
2026-05-01 13:07:28,161 [Trainer] :: No validation IoU improvement for 54 epoch(s)
2026-05-01 13:07:28,161 [Trainer] :: Starting epoch 62
2026-05-01 13:11:38,941 [Trainer] :: Completed epoch 62: train_loss=0.065244 train_iou=0.931133 val_loss=0.339947 val_iou=0.594484 lr=0.00008993
2026-05-01 13:11:39,646 [Trainer] :: Updated latest checkpoint at epoch 62
2026-05-01 13:11:39,646 [Trainer] :: No validation IoU improvement for 55 epoch(s)
2026-05-01 13:11:39,646 [Trainer] :: Starting epoch 63
2026-05-01 13:15:48,620 [Trainer] :: Completed epoch 63: train_loss=0.065314 train_iou=0.929900 val_loss=0.340874 val_iou=0.581352 lr=0.00008961
2026-05-01 13:15:49,530 [Trainer] :: Updated latest checkpoint at epoch 63
2026-05-01 13:15:49,530 [Trainer] :: No validation IoU improvement for 56 epoch(s)
2026-05-01 13:15:49,530 [Trainer] :: Starting epoch 64
2026-05-01 13:19:57,830 [Trainer] :: Completed epoch 64: train_loss=0.063044 train_iou=0.932019 val_loss=0.350447 val_iou=0.567883 lr=0.00008929
2026-05-01 13:19:58,477 [Trainer] :: Updated latest checkpoint at epoch 64
2026-05-01 13:19:58,477 [Trainer] :: No validation IoU improvement for 57 epoch(s)
2026-05-01 13:19:58,477 [Trainer] :: Starting epoch 65
2026-05-01 13:24:07,368 [Trainer] :: Completed epoch 65: train_loss=0.061013 train_iou=0.934265 val_loss=0.333844 val_iou=0.592908 lr=0.00008897
2026-05-01 13:24:08,036 [Trainer] :: Updated latest checkpoint at epoch 65
2026-05-01 13:24:08,036 [Trainer] :: No validation IoU improvement for 58 epoch(s)
2026-05-01 13:24:08,036 [Trainer] :: Starting epoch 66
2026-05-01 13:28:18,759 [Trainer] :: Completed epoch 66: train_loss=0.061924 train_iou=0.933971 val_loss=0.358560 val_iou=0.568812 lr=0.00008864
2026-05-01 13:28:19,369 [Trainer] :: Updated latest checkpoint at epoch 66
2026-05-01 13:28:19,370 [Trainer] :: No validation IoU improvement for 59 epoch(s)
2026-05-01 13:28:19,370 [Trainer] :: Starting epoch 67
2026-05-01 13:32:27,156 [Trainer] :: Completed epoch 67: train_loss=0.061546 train_iou=0.934878 val_loss=0.341226 val_iou=0.579416 lr=0.00008831
2026-05-01 13:32:27,800 [Trainer] :: Updated latest checkpoint at epoch 67
2026-05-01 13:32:27,800 [Trainer] :: No validation IoU improvement for 60 epoch(s)
2026-05-01 13:32:27,800 [Trainer] :: Early stopping triggered after 60 epoch(s) without improvement
2026-05-01 13:35:26,297 [Trainer] :: Wrote training history to outputs/runs/rgb_unetplusplus_resnet50_seed46_20260501T064506Z/metrics/history.json
2026-05-01 13:35:26,298 [Trainer] :: Wrote test summary to outputs/runs/rgb_unetplusplus_resnet50_seed46_20260501T064506Z/metrics/test_summary.json
2026-05-01 13:35:26,298 [Trainer] :: Training completed
