2026-05-16 02:42:07,984 [Trainer] :: Training run initialized at /ceph/home/student.aau.dk/qd36zu/fuzzy-p10/tbd/masking/outputs/runs/real_msi_deeplabv3plus_resnet50_seed49_20260516T004207Z
2026-05-16 02:42:07,985 [Trainer] :: Loaded config from /ceph/home/student.aau.dk/qd36zu/fuzzy-p10/tbd/masking/configs/binary/real_msi_deeplabv3plus_resnet50.yaml
2026-05-16 02:42:07,985 [Trainer] :: Using seed=49 and device=None
2026-05-16 02:42:07,985 [Trainer] :: Using model architecture=DeepLabV3Plus encoder=resnet50 encoder_weights=imagenet
2026-05-16 02:42:08,249 [Trainer] :: Resolved runtime device to cuda
2026-05-16 02:42:08,249 [Trainer] :: Prepared normalization from source=train_split_patch_stats
2026-05-16 02:42:25,691 [Trainer] :: Built dataloaders with batch_size=8, num_workers=0
2026-05-16 02:42:25,694 [Trainer] :: Starting epoch 1
2026-05-16 02:47:53,461 [Trainer] :: Completed epoch 1: train_loss=0.397713 train_iou=0.649916 val_loss=0.403037 val_iou=0.492600 lr=0.00010000
2026-05-16 02:47:54,056 [Trainer] :: Updated latest checkpoint at epoch 1
2026-05-16 02:47:54,569 [Trainer] :: New best checkpoint saved with val_iou=0.492600
2026-05-16 02:47:54,569 [Trainer] :: Starting epoch 2
2026-05-16 02:49:58,632 [Trainer] :: Completed epoch 2: train_loss=0.307536 train_iou=0.722884 val_loss=0.367543 val_iou=0.520019 lr=0.00009999
2026-05-16 02:49:59,309 [Trainer] :: Updated latest checkpoint at epoch 2
2026-05-16 02:49:59,719 [Trainer] :: New best checkpoint saved with val_iou=0.520019
2026-05-16 02:49:59,719 [Trainer] :: Starting epoch 3
2026-05-16 02:51:59,250 [Trainer] :: Completed epoch 3: train_loss=0.287338 train_iou=0.740034 val_loss=0.323559 val_iou=0.598530 lr=0.00009998
2026-05-16 02:51:59,741 [Trainer] :: Updated latest checkpoint at epoch 3
2026-05-16 02:52:00,659 [Trainer] :: New best checkpoint saved with val_iou=0.598530
2026-05-16 02:52:00,660 [Trainer] :: Starting epoch 4
2026-05-16 02:54:01,154 [Trainer] :: Completed epoch 4: train_loss=0.265060 train_iou=0.762038 val_loss=0.302514 val_iou=0.574077 lr=0.00009996
2026-05-16 02:54:01,564 [Trainer] :: Updated latest checkpoint at epoch 4
2026-05-16 02:54:01,564 [Trainer] :: No validation IoU improvement for 1 epoch(s)
2026-05-16 02:54:01,564 [Trainer] :: Starting epoch 5
2026-05-16 02:56:05,676 [Trainer] :: Completed epoch 5: train_loss=0.251207 train_iou=0.773830 val_loss=0.319677 val_iou=0.559876 lr=0.00009993
2026-05-16 02:56:06,155 [Trainer] :: Updated latest checkpoint at epoch 5
2026-05-16 02:56:06,155 [Trainer] :: No validation IoU improvement for 2 epoch(s)
2026-05-16 02:56:06,155 [Trainer] :: Starting epoch 6
2026-05-16 02:58:08,264 [Trainer] :: Completed epoch 6: train_loss=0.239219 train_iou=0.783471 val_loss=0.329353 val_iou=0.543455 lr=0.00009990
2026-05-16 02:58:08,732 [Trainer] :: Updated latest checkpoint at epoch 6
2026-05-16 02:58:08,732 [Trainer] :: No validation IoU improvement for 3 epoch(s)
2026-05-16 02:58:08,732 [Trainer] :: Starting epoch 7
2026-05-16 03:00:11,235 [Trainer] :: Completed epoch 7: train_loss=0.225131 train_iou=0.796967 val_loss=0.278149 val_iou=0.611700 lr=0.00009987
2026-05-16 03:00:11,820 [Trainer] :: Updated latest checkpoint at epoch 7
2026-05-16 03:00:12,346 [Trainer] :: New best checkpoint saved with val_iou=0.611700
2026-05-16 03:00:12,346 [Trainer] :: Starting epoch 8
2026-05-16 03:02:14,384 [Trainer] :: Completed epoch 8: train_loss=0.218687 train_iou=0.801103 val_loss=0.301472 val_iou=0.575513 lr=0.00009983
2026-05-16 03:02:14,879 [Trainer] :: Updated latest checkpoint at epoch 8
2026-05-16 03:02:14,879 [Trainer] :: No validation IoU improvement for 1 epoch(s)
2026-05-16 03:02:14,879 [Trainer] :: Starting epoch 9
2026-05-16 03:04:16,332 [Trainer] :: Completed epoch 9: train_loss=0.211397 train_iou=0.808390 val_loss=0.295332 val_iou=0.580300 lr=0.00009978
2026-05-16 03:04:17,031 [Trainer] :: Updated latest checkpoint at epoch 9
2026-05-16 03:04:17,031 [Trainer] :: No validation IoU improvement for 2 epoch(s)
2026-05-16 03:04:17,031 [Trainer] :: Starting epoch 10
2026-05-16 03:06:20,083 [Trainer] :: Completed epoch 10: train_loss=0.213560 train_iou=0.803279 val_loss=0.300158 val_iou=0.581852 lr=0.00009973
2026-05-16 03:06:20,613 [Trainer] :: Updated latest checkpoint at epoch 10
2026-05-16 03:06:20,613 [Trainer] :: No validation IoU improvement for 3 epoch(s)
2026-05-16 03:06:20,613 [Trainer] :: Starting epoch 11
2026-05-16 03:08:22,651 [Trainer] :: Completed epoch 11: train_loss=0.202048 train_iou=0.811477 val_loss=0.308383 val_iou=0.575015 lr=0.00009967
2026-05-16 03:08:23,210 [Trainer] :: Updated latest checkpoint at epoch 11
2026-05-16 03:08:23,210 [Trainer] :: No validation IoU improvement for 4 epoch(s)
2026-05-16 03:08:23,210 [Trainer] :: Starting epoch 12
2026-05-16 03:10:25,417 [Trainer] :: Completed epoch 12: train_loss=0.187027 train_iou=0.821436 val_loss=0.309405 val_iou=0.567783 lr=0.00009961
2026-05-16 03:10:25,927 [Trainer] :: Updated latest checkpoint at epoch 12
2026-05-16 03:10:25,927 [Trainer] :: No validation IoU improvement for 5 epoch(s)
2026-05-16 03:10:25,927 [Trainer] :: Starting epoch 13
2026-05-16 03:12:28,632 [Trainer] :: Completed epoch 13: train_loss=0.181353 train_iou=0.826105 val_loss=0.303425 val_iou=0.588732 lr=0.00009954
2026-05-16 03:12:29,142 [Trainer] :: Updated latest checkpoint at epoch 13
2026-05-16 03:12:29,142 [Trainer] :: No validation IoU improvement for 6 epoch(s)
2026-05-16 03:12:29,142 [Trainer] :: Starting epoch 14
2026-05-16 03:14:32,578 [Trainer] :: Completed epoch 14: train_loss=0.177295 train_iou=0.828251 val_loss=0.334307 val_iou=0.556542 lr=0.00009947
2026-05-16 03:14:33,084 [Trainer] :: Updated latest checkpoint at epoch 14
2026-05-16 03:14:33,084 [Trainer] :: No validation IoU improvement for 7 epoch(s)
2026-05-16 03:14:33,084 [Trainer] :: Starting epoch 15
2026-05-16 03:16:37,290 [Trainer] :: Completed epoch 15: train_loss=0.170836 train_iou=0.833701 val_loss=0.316669 val_iou=0.601549 lr=0.00009939
2026-05-16 03:16:37,833 [Trainer] :: Updated latest checkpoint at epoch 15
2026-05-16 03:16:37,833 [Trainer] :: No validation IoU improvement for 8 epoch(s)
2026-05-16 03:16:37,833 [Trainer] :: Starting epoch 16
2026-05-16 03:18:39,948 [Trainer] :: Completed epoch 16: train_loss=0.163471 train_iou=0.839818 val_loss=0.329768 val_iou=0.574274 lr=0.00009931
2026-05-16 03:18:40,448 [Trainer] :: Updated latest checkpoint at epoch 16
2026-05-16 03:18:40,448 [Trainer] :: No validation IoU improvement for 9 epoch(s)
2026-05-16 03:18:40,448 [Trainer] :: Starting epoch 17
2026-05-16 03:20:43,027 [Trainer] :: Completed epoch 17: train_loss=0.165049 train_iou=0.833287 val_loss=0.297292 val_iou=0.595258 lr=0.00009922
2026-05-16 03:20:43,495 [Trainer] :: Updated latest checkpoint at epoch 17
2026-05-16 03:20:43,495 [Trainer] :: No validation IoU improvement for 10 epoch(s)
2026-05-16 03:20:43,495 [Trainer] :: Starting epoch 18
2026-05-16 03:22:47,060 [Trainer] :: Completed epoch 18: train_loss=0.151749 train_iou=0.844481 val_loss=0.307003 val_iou=0.575674 lr=0.00009912
2026-05-16 03:22:47,646 [Trainer] :: Updated latest checkpoint at epoch 18
2026-05-16 03:22:47,646 [Trainer] :: No validation IoU improvement for 11 epoch(s)
2026-05-16 03:22:47,647 [Trainer] :: Starting epoch 19
2026-05-16 03:24:50,724 [Trainer] :: Completed epoch 19: train_loss=0.150403 train_iou=0.847409 val_loss=0.295435 val_iou=0.597334 lr=0.00009902
2026-05-16 03:24:51,383 [Trainer] :: Updated latest checkpoint at epoch 19
2026-05-16 03:24:51,384 [Trainer] :: No validation IoU improvement for 12 epoch(s)
2026-05-16 03:24:51,384 [Trainer] :: Starting epoch 20
2026-05-16 03:26:53,101 [Trainer] :: Completed epoch 20: train_loss=0.149565 train_iou=0.850233 val_loss=0.290757 val_iou=0.606696 lr=0.00009892
2026-05-16 03:26:53,547 [Trainer] :: Updated latest checkpoint at epoch 20
2026-05-16 03:26:53,547 [Trainer] :: No validation IoU improvement for 13 epoch(s)
2026-05-16 03:26:53,547 [Trainer] :: Starting epoch 21
2026-05-16 03:28:56,251 [Trainer] :: Completed epoch 21: train_loss=0.144211 train_iou=0.854698 val_loss=0.298904 val_iou=0.587045 lr=0.00009881
2026-05-16 03:28:56,868 [Trainer] :: Updated latest checkpoint at epoch 21
2026-05-16 03:28:56,869 [Trainer] :: No validation IoU improvement for 14 epoch(s)
2026-05-16 03:28:56,869 [Trainer] :: Starting epoch 22
2026-05-16 03:31:00,124 [Trainer] :: Completed epoch 22: train_loss=0.135548 train_iou=0.860730 val_loss=0.303580 val_iou=0.585488 lr=0.00009869
2026-05-16 03:31:00,885 [Trainer] :: Updated latest checkpoint at epoch 22
2026-05-16 03:31:00,885 [Trainer] :: No validation IoU improvement for 15 epoch(s)
2026-05-16 03:31:00,885 [Trainer] :: Starting epoch 23
2026-05-16 03:33:03,422 [Trainer] :: Completed epoch 23: train_loss=0.138733 train_iou=0.857060 val_loss=0.295274 val_iou=0.584247 lr=0.00009857
2026-05-16 03:33:04,126 [Trainer] :: Updated latest checkpoint at epoch 23
2026-05-16 03:33:04,126 [Trainer] :: No validation IoU improvement for 16 epoch(s)
2026-05-16 03:33:04,126 [Trainer] :: Starting epoch 24
2026-05-16 03:35:05,169 [Trainer] :: Completed epoch 24: train_loss=0.130980 train_iou=0.866219 val_loss=0.298874 val_iou=0.575129 lr=0.00009844
2026-05-16 03:35:05,978 [Trainer] :: Updated latest checkpoint at epoch 24
2026-05-16 03:35:05,978 [Trainer] :: No validation IoU improvement for 17 epoch(s)
2026-05-16 03:35:05,978 [Trainer] :: Starting epoch 25
2026-05-16 03:37:07,023 [Trainer] :: Completed epoch 25: train_loss=0.124656 train_iou=0.871436 val_loss=0.338384 val_iou=0.562936 lr=0.00009831
2026-05-16 03:37:07,630 [Trainer] :: Updated latest checkpoint at epoch 25
2026-05-16 03:37:07,631 [Trainer] :: No validation IoU improvement for 18 epoch(s)
2026-05-16 03:37:07,631 [Trainer] :: Starting epoch 26
2026-05-16 03:39:10,088 [Trainer] :: Completed epoch 26: train_loss=0.123187 train_iou=0.873362 val_loss=0.308709 val_iou=0.570652 lr=0.00009818
2026-05-16 03:39:10,673 [Trainer] :: Updated latest checkpoint at epoch 26
2026-05-16 03:39:10,673 [Trainer] :: No validation IoU improvement for 19 epoch(s)
2026-05-16 03:39:10,673 [Trainer] :: Starting epoch 27
2026-05-16 03:41:20,251 [Trainer] :: Completed epoch 27: train_loss=0.122716 train_iou=0.873109 val_loss=0.287421 val_iou=0.606545 lr=0.00009803
2026-05-16 03:41:20,718 [Trainer] :: Updated latest checkpoint at epoch 27
2026-05-16 03:41:20,718 [Trainer] :: No validation IoU improvement for 20 epoch(s)
2026-05-16 03:41:20,718 [Trainer] :: Starting epoch 28
2026-05-16 03:43:22,094 [Trainer] :: Completed epoch 28: train_loss=0.122054 train_iou=0.871708 val_loss=0.311246 val_iou=0.579557 lr=0.00009789
2026-05-16 03:43:22,755 [Trainer] :: Updated latest checkpoint at epoch 28
2026-05-16 03:43:22,755 [Trainer] :: No validation IoU improvement for 21 epoch(s)
2026-05-16 03:43:22,755 [Trainer] :: Starting epoch 29
2026-05-16 03:45:21,300 [Trainer] :: Completed epoch 29: train_loss=0.116577 train_iou=0.876836 val_loss=0.321860 val_iou=0.564225 lr=0.00009773
2026-05-16 03:45:22,041 [Trainer] :: Updated latest checkpoint at epoch 29
2026-05-16 03:45:22,041 [Trainer] :: No validation IoU improvement for 22 epoch(s)
2026-05-16 03:45:22,041 [Trainer] :: Starting epoch 30
2026-05-16 03:47:22,429 [Trainer] :: Completed epoch 30: train_loss=0.115765 train_iou=0.876939 val_loss=0.304959 val_iou=0.592639 lr=0.00009758
2026-05-16 03:47:23,090 [Trainer] :: Updated latest checkpoint at epoch 30
2026-05-16 03:47:23,090 [Trainer] :: No validation IoU improvement for 23 epoch(s)
2026-05-16 03:47:23,090 [Trainer] :: Starting epoch 31
2026-05-16 03:49:23,028 [Trainer] :: Completed epoch 31: train_loss=0.110067 train_iou=0.884151 val_loss=0.314509 val_iou=0.573125 lr=0.00009741
2026-05-16 03:49:23,497 [Trainer] :: Updated latest checkpoint at epoch 31
2026-05-16 03:49:23,497 [Trainer] :: No validation IoU improvement for 24 epoch(s)
2026-05-16 03:49:23,497 [Trainer] :: Starting epoch 32
2026-05-16 03:51:22,310 [Trainer] :: Completed epoch 32: train_loss=0.110761 train_iou=0.885630 val_loss=0.306589 val_iou=0.583509 lr=0.00009725
2026-05-16 03:51:22,881 [Trainer] :: Updated latest checkpoint at epoch 32
2026-05-16 03:51:22,881 [Trainer] :: No validation IoU improvement for 25 epoch(s)
2026-05-16 03:51:22,881 [Trainer] :: Starting epoch 33
2026-05-16 03:53:23,332 [Trainer] :: Completed epoch 33: train_loss=0.104629 train_iou=0.888679 val_loss=0.324156 val_iou=0.572971 lr=0.00009707
2026-05-16 03:53:23,960 [Trainer] :: Updated latest checkpoint at epoch 33
2026-05-16 03:53:23,961 [Trainer] :: No validation IoU improvement for 26 epoch(s)
2026-05-16 03:53:23,961 [Trainer] :: Starting epoch 34
2026-05-16 03:55:24,249 [Trainer] :: Completed epoch 34: train_loss=0.101635 train_iou=0.893545 val_loss=0.319259 val_iou=0.578817 lr=0.00009690
2026-05-16 03:55:24,699 [Trainer] :: Updated latest checkpoint at epoch 34
2026-05-16 03:55:24,699 [Trainer] :: No validation IoU improvement for 27 epoch(s)
2026-05-16 03:55:24,699 [Trainer] :: Starting epoch 35
2026-05-16 03:57:23,572 [Trainer] :: Completed epoch 35: train_loss=0.100473 train_iou=0.892395 val_loss=0.303084 val_iou=0.592779 lr=0.00009671
2026-05-16 03:57:24,110 [Trainer] :: Updated latest checkpoint at epoch 35
2026-05-16 03:57:24,110 [Trainer] :: No validation IoU improvement for 28 epoch(s)
2026-05-16 03:57:24,110 [Trainer] :: Starting epoch 36
2026-05-16 03:59:27,408 [Trainer] :: Completed epoch 36: train_loss=0.100429 train_iou=0.894107 val_loss=0.326979 val_iou=0.562255 lr=0.00009652
2026-05-16 03:59:27,944 [Trainer] :: Updated latest checkpoint at epoch 36
2026-05-16 03:59:27,944 [Trainer] :: No validation IoU improvement for 29 epoch(s)
2026-05-16 03:59:27,944 [Trainer] :: Starting epoch 37
2026-05-16 04:01:31,098 [Trainer] :: Completed epoch 37: train_loss=0.095931 train_iou=0.897876 val_loss=0.319124 val_iou=0.578882 lr=0.00009633
2026-05-16 04:01:31,558 [Trainer] :: Updated latest checkpoint at epoch 37
2026-05-16 04:01:31,558 [Trainer] :: No validation IoU improvement for 30 epoch(s)
2026-05-16 04:01:31,558 [Trainer] :: Starting epoch 38
2026-05-16 04:03:37,373 [Trainer] :: Completed epoch 38: train_loss=0.097142 train_iou=0.897530 val_loss=0.299473 val_iou=0.589576 lr=0.00009613
2026-05-16 04:03:37,843 [Trainer] :: Updated latest checkpoint at epoch 38
2026-05-16 04:03:37,843 [Trainer] :: No validation IoU improvement for 31 epoch(s)
2026-05-16 04:03:37,843 [Trainer] :: Starting epoch 39
2026-05-16 04:05:42,446 [Trainer] :: Completed epoch 39: train_loss=0.096182 train_iou=0.897808 val_loss=0.316548 val_iou=0.585663 lr=0.00009593
2026-05-16 04:05:43,138 [Trainer] :: Updated latest checkpoint at epoch 39
2026-05-16 04:05:43,138 [Trainer] :: No validation IoU improvement for 32 epoch(s)
2026-05-16 04:05:43,138 [Trainer] :: Starting epoch 40
2026-05-16 04:07:47,955 [Trainer] :: Completed epoch 40: train_loss=0.092182 train_iou=0.902672 val_loss=0.320454 val_iou=0.600617 lr=0.00009572
2026-05-16 04:07:48,620 [Trainer] :: Updated latest checkpoint at epoch 40
2026-05-16 04:07:48,620 [Trainer] :: No validation IoU improvement for 33 epoch(s)
2026-05-16 04:07:48,620 [Trainer] :: Starting epoch 41
2026-05-16 04:09:50,301 [Trainer] :: Completed epoch 41: train_loss=0.090241 train_iou=0.903081 val_loss=0.319379 val_iou=0.602771 lr=0.00009551
2026-05-16 04:09:51,066 [Trainer] :: Updated latest checkpoint at epoch 41
2026-05-16 04:09:51,066 [Trainer] :: No validation IoU improvement for 34 epoch(s)
2026-05-16 04:09:51,066 [Trainer] :: Starting epoch 42
2026-05-16 04:11:55,965 [Trainer] :: Completed epoch 42: train_loss=0.092829 train_iou=0.900308 val_loss=0.319415 val_iou=0.584356 lr=0.00009529
2026-05-16 04:11:57,036 [Trainer] :: Updated latest checkpoint at epoch 42
2026-05-16 04:11:57,036 [Trainer] :: No validation IoU improvement for 35 epoch(s)
2026-05-16 04:11:57,036 [Trainer] :: Starting epoch 43
2026-05-16 04:14:02,807 [Trainer] :: Completed epoch 43: train_loss=0.089438 train_iou=0.904713 val_loss=0.335879 val_iou=0.546567 lr=0.00009507
2026-05-16 04:14:03,583 [Trainer] :: Updated latest checkpoint at epoch 43
2026-05-16 04:14:03,583 [Trainer] :: No validation IoU improvement for 36 epoch(s)
2026-05-16 04:14:03,583 [Trainer] :: Starting epoch 44
2026-05-16 04:16:06,580 [Trainer] :: Completed epoch 44: train_loss=0.088843 train_iou=0.904167 val_loss=0.327586 val_iou=0.580348 lr=0.00009484
2026-05-16 04:16:07,057 [Trainer] :: Updated latest checkpoint at epoch 44
2026-05-16 04:16:07,057 [Trainer] :: No validation IoU improvement for 37 epoch(s)
2026-05-16 04:16:07,057 [Trainer] :: Starting epoch 45
2026-05-16 04:18:08,647 [Trainer] :: Completed epoch 45: train_loss=0.084884 train_iou=0.908380 val_loss=0.353192 val_iou=0.553536 lr=0.00009460
2026-05-16 04:18:09,177 [Trainer] :: Updated latest checkpoint at epoch 45
2026-05-16 04:18:09,178 [Trainer] :: No validation IoU improvement for 38 epoch(s)
2026-05-16 04:18:09,178 [Trainer] :: Starting epoch 46
2026-05-16 04:20:11,965 [Trainer] :: Completed epoch 46: train_loss=0.086034 train_iou=0.908527 val_loss=0.314962 val_iou=0.583952 lr=0.00009437
2026-05-16 04:20:13,047 [Trainer] :: Updated latest checkpoint at epoch 46
2026-05-16 04:20:13,047 [Trainer] :: No validation IoU improvement for 39 epoch(s)
2026-05-16 04:20:13,047 [Trainer] :: Starting epoch 47
2026-05-16 04:22:15,449 [Trainer] :: Completed epoch 47: train_loss=0.084208 train_iou=0.908397 val_loss=0.315406 val_iou=0.596209 lr=0.00009412
2026-05-16 04:22:15,924 [Trainer] :: Updated latest checkpoint at epoch 47
2026-05-16 04:22:15,924 [Trainer] :: No validation IoU improvement for 40 epoch(s)
2026-05-16 04:22:15,924 [Trainer] :: Starting epoch 48
2026-05-16 04:24:17,856 [Trainer] :: Completed epoch 48: train_loss=0.081181 train_iou=0.913513 val_loss=0.318617 val_iou=0.592401 lr=0.00009388
2026-05-16 04:24:18,364 [Trainer] :: Updated latest checkpoint at epoch 48
2026-05-16 04:24:18,364 [Trainer] :: No validation IoU improvement for 41 epoch(s)
2026-05-16 04:24:18,364 [Trainer] :: Starting epoch 49
2026-05-16 04:26:20,135 [Trainer] :: Completed epoch 49: train_loss=0.080555 train_iou=0.913021 val_loss=0.324885 val_iou=0.574799 lr=0.00009363
2026-05-16 04:26:20,766 [Trainer] :: Updated latest checkpoint at epoch 49
2026-05-16 04:26:20,766 [Trainer] :: No validation IoU improvement for 42 epoch(s)
2026-05-16 04:26:20,766 [Trainer] :: Starting epoch 50
2026-05-16 04:28:23,838 [Trainer] :: Completed epoch 50: train_loss=0.078029 train_iou=0.914788 val_loss=0.316737 val_iou=0.588784 lr=0.00009337
2026-05-16 04:28:24,666 [Trainer] :: Updated latest checkpoint at epoch 50
2026-05-16 04:28:24,666 [Trainer] :: No validation IoU improvement for 43 epoch(s)
2026-05-16 04:28:24,666 [Trainer] :: Starting epoch 51
2026-05-16 04:30:25,485 [Trainer] :: Completed epoch 51: train_loss=0.079199 train_iou=0.914771 val_loss=0.328435 val_iou=0.587430 lr=0.00009311
2026-05-16 04:30:25,989 [Trainer] :: Updated latest checkpoint at epoch 51
2026-05-16 04:30:25,990 [Trainer] :: No validation IoU improvement for 44 epoch(s)
2026-05-16 04:30:25,990 [Trainer] :: Starting epoch 52
2026-05-16 04:32:27,866 [Trainer] :: Completed epoch 52: train_loss=0.078320 train_iou=0.915542 val_loss=0.317558 val_iou=0.600410 lr=0.00009284
2026-05-16 04:32:28,370 [Trainer] :: Updated latest checkpoint at epoch 52
2026-05-16 04:32:28,370 [Trainer] :: No validation IoU improvement for 45 epoch(s)
2026-05-16 04:32:28,370 [Trainer] :: Starting epoch 53
2026-05-16 04:34:29,261 [Trainer] :: Completed epoch 53: train_loss=0.074715 train_iou=0.919623 val_loss=0.331179 val_iou=0.585208 lr=0.00009257
2026-05-16 04:34:29,784 [Trainer] :: Updated latest checkpoint at epoch 53
2026-05-16 04:34:29,784 [Trainer] :: No validation IoU improvement for 46 epoch(s)
2026-05-16 04:34:29,784 [Trainer] :: Starting epoch 54
2026-05-16 04:36:31,195 [Trainer] :: Completed epoch 54: train_loss=0.073926 train_iou=0.919581 val_loss=0.321041 val_iou=0.588775 lr=0.00009229
2026-05-16 04:36:31,741 [Trainer] :: Updated latest checkpoint at epoch 54
2026-05-16 04:36:31,741 [Trainer] :: No validation IoU improvement for 47 epoch(s)
2026-05-16 04:36:31,741 [Trainer] :: Starting epoch 55
2026-05-16 04:38:34,161 [Trainer] :: Completed epoch 55: train_loss=0.073187 train_iou=0.920095 val_loss=0.318659 val_iou=0.585560 lr=0.00009201
2026-05-16 04:38:34,631 [Trainer] :: Updated latest checkpoint at epoch 55
2026-05-16 04:38:34,631 [Trainer] :: No validation IoU improvement for 48 epoch(s)
2026-05-16 04:38:34,631 [Trainer] :: Starting epoch 56
2026-05-16 04:40:36,282 [Trainer] :: Completed epoch 56: train_loss=0.071519 train_iou=0.921832 val_loss=0.326911 val_iou=0.574947 lr=0.00009173
2026-05-16 04:40:36,994 [Trainer] :: Updated latest checkpoint at epoch 56
2026-05-16 04:40:36,994 [Trainer] :: No validation IoU improvement for 49 epoch(s)
2026-05-16 04:40:36,994 [Trainer] :: Starting epoch 57
2026-05-16 04:42:38,727 [Trainer] :: Completed epoch 57: train_loss=0.073364 train_iou=0.921689 val_loss=0.331075 val_iou=0.577991 lr=0.00009144
2026-05-16 04:42:39,207 [Trainer] :: Updated latest checkpoint at epoch 57
2026-05-16 04:42:39,207 [Trainer] :: No validation IoU improvement for 50 epoch(s)
2026-05-16 04:42:39,207 [Trainer] :: Starting epoch 58
2026-05-16 04:44:41,143 [Trainer] :: Completed epoch 58: train_loss=0.069512 train_iou=0.924862 val_loss=0.346320 val_iou=0.568910 lr=0.00009115
2026-05-16 04:44:41,666 [Trainer] :: Updated latest checkpoint at epoch 58
2026-05-16 04:44:41,666 [Trainer] :: No validation IoU improvement for 51 epoch(s)
2026-05-16 04:44:41,666 [Trainer] :: Starting epoch 59
2026-05-16 04:46:43,363 [Trainer] :: Completed epoch 59: train_loss=0.072346 train_iou=0.921469 val_loss=0.350098 val_iou=0.567630 lr=0.00009085
2026-05-16 04:46:43,872 [Trainer] :: Updated latest checkpoint at epoch 59
2026-05-16 04:46:43,872 [Trainer] :: No validation IoU improvement for 52 epoch(s)
2026-05-16 04:46:43,872 [Trainer] :: Starting epoch 60
2026-05-16 04:48:45,354 [Trainer] :: Completed epoch 60: train_loss=0.071496 train_iou=0.921636 val_loss=0.332272 val_iou=0.590946 lr=0.00009055
2026-05-16 04:48:45,840 [Trainer] :: Updated latest checkpoint at epoch 60
2026-05-16 04:48:45,840 [Trainer] :: No validation IoU improvement for 53 epoch(s)
2026-05-16 04:48:45,840 [Trainer] :: Starting epoch 61
2026-05-16 04:50:50,733 [Trainer] :: Completed epoch 61: train_loss=0.071175 train_iou=0.922381 val_loss=0.325556 val_iou=0.579739 lr=0.00009024
2026-05-16 04:50:51,188 [Trainer] :: Updated latest checkpoint at epoch 61
2026-05-16 04:50:51,188 [Trainer] :: No validation IoU improvement for 54 epoch(s)
2026-05-16 04:50:51,188 [Trainer] :: Starting epoch 62
2026-05-16 04:52:56,544 [Trainer] :: Completed epoch 62: train_loss=0.068578 train_iou=0.924560 val_loss=0.326816 val_iou=0.582889 lr=0.00008993
2026-05-16 04:52:57,151 [Trainer] :: Updated latest checkpoint at epoch 62
2026-05-16 04:52:57,151 [Trainer] :: No validation IoU improvement for 55 epoch(s)
2026-05-16 04:52:57,152 [Trainer] :: Starting epoch 63
2026-05-16 04:55:00,540 [Trainer] :: Completed epoch 63: train_loss=0.067423 train_iou=0.925768 val_loss=0.350804 val_iou=0.565260 lr=0.00008961
2026-05-16 04:55:01,245 [Trainer] :: Updated latest checkpoint at epoch 63
2026-05-16 04:55:01,246 [Trainer] :: No validation IoU improvement for 56 epoch(s)
2026-05-16 04:55:01,246 [Trainer] :: Starting epoch 64
2026-05-16 04:57:01,859 [Trainer] :: Completed epoch 64: train_loss=0.066654 train_iou=0.928104 val_loss=0.334070 val_iou=0.576477 lr=0.00008929
2026-05-16 04:57:02,487 [Trainer] :: Updated latest checkpoint at epoch 64
2026-05-16 04:57:02,487 [Trainer] :: No validation IoU improvement for 57 epoch(s)
2026-05-16 04:57:02,487 [Trainer] :: Starting epoch 65
2026-05-16 04:59:01,805 [Trainer] :: Completed epoch 65: train_loss=0.064440 train_iou=0.929794 val_loss=0.348244 val_iou=0.573522 lr=0.00008897
2026-05-16 04:59:02,329 [Trainer] :: Updated latest checkpoint at epoch 65
2026-05-16 04:59:02,329 [Trainer] :: No validation IoU improvement for 58 epoch(s)
2026-05-16 04:59:02,329 [Trainer] :: Starting epoch 66
2026-05-16 05:01:04,367 [Trainer] :: Completed epoch 66: train_loss=0.064609 train_iou=0.929548 val_loss=0.322332 val_iou=0.594498 lr=0.00008864
2026-05-16 05:01:04,861 [Trainer] :: Updated latest checkpoint at epoch 66
2026-05-16 05:01:04,861 [Trainer] :: No validation IoU improvement for 59 epoch(s)
2026-05-16 05:01:04,861 [Trainer] :: Starting epoch 67
2026-05-16 05:03:06,647 [Trainer] :: Completed epoch 67: train_loss=0.063311 train_iou=0.930774 val_loss=0.334311 val_iou=0.582430 lr=0.00008831
2026-05-16 05:03:07,094 [Trainer] :: Updated latest checkpoint at epoch 67
2026-05-16 05:03:07,094 [Trainer] :: No validation IoU improvement for 60 epoch(s)
2026-05-16 05:03:07,094 [Trainer] :: Early stopping triggered after 60 epoch(s) without improvement
2026-05-16 05:07:22,630 [Trainer] :: Wrote training history to outputs/runs/real_msi_deeplabv3plus_resnet50_seed49_20260516T004207Z/metrics/history.json
2026-05-16 05:07:22,637 [Trainer] :: Wrote test summary to outputs/runs/real_msi_deeplabv3plus_resnet50_seed49_20260516T004207Z/metrics/test_summary.json
2026-05-16 05:07:22,637 [Trainer] :: Training completed
