2026-05-06 07:29:56,956 [Trainer] :: Training run initialized at /ceph/home/student.aau.dk/qd36zu/fuzzy-p10/tbd/masking/outputs/runs/rgb_segformer_b0_fuzzy_halo_seed46_20260506T052956Z
2026-05-06 07:29:56,957 [Trainer] :: Loaded config from /ceph/home/student.aau.dk/qd36zu/fuzzy-p10/tbd/masking/configs/fuzzy/rgb_segformer_b0.yaml
2026-05-06 07:29:56,957 [Trainer] :: Using seed=46 and device=None
2026-05-06 07:29:56,957 [Trainer] :: Using model architecture=Segformer encoder=mit_b0 encoder_weights=imagenet
2026-05-06 07:29:57,718 [Trainer] :: Resolved runtime device to cuda
2026-05-06 07:29:57,719 [Trainer] :: Prepared normalization from source=imagenet
2026-05-06 07:30:11,463 [Trainer] :: Built dataloaders with batch_size=16, num_workers=0
2026-05-06 07:30:11,478 [Trainer] :: Starting epoch 1
2026-05-06 07:49:59,548 [Trainer] :: Completed epoch 1: train_loss=0.359262 train_iou=0.698970 val_loss=0.340192 val_iou=0.571068 lr=0.00010000
2026-05-06 07:49:59,913 [Trainer] :: Updated latest checkpoint at epoch 1
2026-05-06 07:50:00,225 [Trainer] :: New best checkpoint saved with val_iou=0.571068
2026-05-06 07:50:00,225 [Trainer] :: Starting epoch 2
2026-05-06 08:09:09,634 [Trainer] :: Completed epoch 2: train_loss=0.275112 train_iou=0.773970 val_loss=0.412730 val_iou=0.584402 lr=0.00009999
2026-05-06 08:09:10,035 [Trainer] :: Updated latest checkpoint at epoch 2
2026-05-06 08:09:10,419 [Trainer] :: New best checkpoint saved with val_iou=0.584402
2026-05-06 08:09:10,419 [Trainer] :: Starting epoch 3
2026-05-06 08:28:54,843 [Trainer] :: Completed epoch 3: train_loss=0.275575 train_iou=0.765410 val_loss=0.454374 val_iou=0.531855 lr=0.00009998
2026-05-06 08:28:55,096 [Trainer] :: Updated latest checkpoint at epoch 3
2026-05-06 08:28:55,096 [Trainer] :: No validation IoU improvement for 1 epoch(s)
2026-05-06 08:28:55,096 [Trainer] :: Starting epoch 4
2026-05-06 08:37:41,222 [Trainer] :: Completed epoch 4: train_loss=0.251998 train_iou=0.791329 val_loss=0.293100 val_iou=0.613867 lr=0.00009996
2026-05-06 08:37:41,349 [Trainer] :: Updated latest checkpoint at epoch 4
2026-05-06 08:37:41,459 [Trainer] :: New best checkpoint saved with val_iou=0.613867
2026-05-06 08:37:41,460 [Trainer] :: Starting epoch 5
2026-05-06 08:42:32,988 [Trainer] :: Completed epoch 5: train_loss=0.243441 train_iou=0.796361 val_loss=0.283700 val_iou=0.613296 lr=0.00009993
2026-05-06 08:42:33,095 [Trainer] :: Updated latest checkpoint at epoch 5
2026-05-06 08:42:33,095 [Trainer] :: No validation IoU improvement for 1 epoch(s)
2026-05-06 08:42:33,095 [Trainer] :: Starting epoch 6
2026-05-06 08:47:25,762 [Trainer] :: Completed epoch 6: train_loss=0.235727 train_iou=0.802883 val_loss=0.322917 val_iou=0.531052 lr=0.00009990
2026-05-06 08:47:25,873 [Trainer] :: Updated latest checkpoint at epoch 6
2026-05-06 08:47:25,874 [Trainer] :: No validation IoU improvement for 2 epoch(s)
2026-05-06 08:47:25,874 [Trainer] :: Starting epoch 7
2026-05-06 08:52:19,714 [Trainer] :: Completed epoch 7: train_loss=0.232678 train_iou=0.807291 val_loss=0.327079 val_iou=0.532972 lr=0.00009987
2026-05-06 08:52:19,819 [Trainer] :: Updated latest checkpoint at epoch 7
2026-05-06 08:52:19,819 [Trainer] :: No validation IoU improvement for 3 epoch(s)
2026-05-06 08:52:19,819 [Trainer] :: Starting epoch 8
2026-05-06 08:57:12,449 [Trainer] :: Completed epoch 8: train_loss=0.216374 train_iou=0.821128 val_loss=0.262931 val_iou=0.650613 lr=0.00009983
2026-05-06 08:57:12,562 [Trainer] :: Updated latest checkpoint at epoch 8
2026-05-06 08:57:12,662 [Trainer] :: New best checkpoint saved with val_iou=0.650613
2026-05-06 08:57:12,662 [Trainer] :: Starting epoch 9
2026-05-06 09:02:01,441 [Trainer] :: Completed epoch 9: train_loss=0.216596 train_iou=0.819498 val_loss=0.296768 val_iou=0.576481 lr=0.00009978
2026-05-06 09:02:01,564 [Trainer] :: Updated latest checkpoint at epoch 9
2026-05-06 09:02:01,565 [Trainer] :: No validation IoU improvement for 1 epoch(s)
2026-05-06 09:02:01,565 [Trainer] :: Starting epoch 10
2026-05-06 09:06:54,685 [Trainer] :: Completed epoch 10: train_loss=0.213256 train_iou=0.821989 val_loss=0.273165 val_iou=0.632898 lr=0.00009973
2026-05-06 09:06:54,794 [Trainer] :: Updated latest checkpoint at epoch 10
2026-05-06 09:06:54,794 [Trainer] :: No validation IoU improvement for 2 epoch(s)
2026-05-06 09:06:54,794 [Trainer] :: Starting epoch 11
2026-05-06 09:11:45,373 [Trainer] :: Completed epoch 11: train_loss=0.208417 train_iou=0.824919 val_loss=0.281289 val_iou=0.643879 lr=0.00009967
2026-05-06 09:11:45,512 [Trainer] :: Updated latest checkpoint at epoch 11
2026-05-06 09:11:45,513 [Trainer] :: No validation IoU improvement for 3 epoch(s)
2026-05-06 09:11:45,513 [Trainer] :: Starting epoch 12
2026-05-06 09:16:36,317 [Trainer] :: Completed epoch 12: train_loss=0.205709 train_iou=0.829522 val_loss=0.271379 val_iou=0.648932 lr=0.00009961
2026-05-06 09:16:36,427 [Trainer] :: Updated latest checkpoint at epoch 12
2026-05-06 09:16:36,427 [Trainer] :: No validation IoU improvement for 4 epoch(s)
2026-05-06 09:16:36,427 [Trainer] :: Starting epoch 13
2026-05-06 09:21:27,226 [Trainer] :: Completed epoch 13: train_loss=0.200632 train_iou=0.827189 val_loss=0.284554 val_iou=0.648406 lr=0.00009954
2026-05-06 09:21:27,334 [Trainer] :: Updated latest checkpoint at epoch 13
2026-05-06 09:21:27,334 [Trainer] :: No validation IoU improvement for 5 epoch(s)
2026-05-06 09:21:27,334 [Trainer] :: Starting epoch 14
2026-05-06 09:26:23,295 [Trainer] :: Completed epoch 14: train_loss=0.196327 train_iou=0.829847 val_loss=0.296731 val_iou=0.648178 lr=0.00009947
2026-05-06 09:26:23,473 [Trainer] :: Updated latest checkpoint at epoch 14
2026-05-06 09:26:23,474 [Trainer] :: No validation IoU improvement for 6 epoch(s)
2026-05-06 09:26:23,474 [Trainer] :: Starting epoch 15
2026-05-06 09:31:16,810 [Trainer] :: Completed epoch 15: train_loss=0.189779 train_iou=0.829338 val_loss=0.261267 val_iou=0.649275 lr=0.00009939
2026-05-06 09:31:17,217 [Trainer] :: Updated latest checkpoint at epoch 15
2026-05-06 09:31:17,218 [Trainer] :: No validation IoU improvement for 7 epoch(s)
2026-05-06 09:31:17,218 [Trainer] :: Starting epoch 16
2026-05-06 09:36:21,178 [Trainer] :: Completed epoch 16: train_loss=0.184345 train_iou=0.835743 val_loss=0.275656 val_iou=0.652194 lr=0.00009931
2026-05-06 09:36:21,371 [Trainer] :: Updated latest checkpoint at epoch 16
2026-05-06 09:36:21,484 [Trainer] :: New best checkpoint saved with val_iou=0.652194
2026-05-06 09:36:21,485 [Trainer] :: Starting epoch 17
2026-05-06 09:41:15,806 [Trainer] :: Completed epoch 17: train_loss=0.178319 train_iou=0.838967 val_loss=0.263914 val_iou=0.675386 lr=0.00009922
2026-05-06 09:41:15,924 [Trainer] :: Updated latest checkpoint at epoch 17
2026-05-06 09:41:16,028 [Trainer] :: New best checkpoint saved with val_iou=0.675386
2026-05-06 09:41:16,028 [Trainer] :: Starting epoch 18
2026-05-06 09:46:07,022 [Trainer] :: Completed epoch 18: train_loss=0.172316 train_iou=0.843470 val_loss=0.270931 val_iou=0.639465 lr=0.00009912
2026-05-06 09:46:07,354 [Trainer] :: Updated latest checkpoint at epoch 18
2026-05-06 09:46:07,354 [Trainer] :: No validation IoU improvement for 1 epoch(s)
2026-05-06 09:46:07,354 [Trainer] :: Starting epoch 19
2026-05-06 09:50:57,316 [Trainer] :: Completed epoch 19: train_loss=0.179724 train_iou=0.837235 val_loss=0.280764 val_iou=0.622460 lr=0.00009902
2026-05-06 09:50:57,430 [Trainer] :: Updated latest checkpoint at epoch 19
2026-05-06 09:50:57,430 [Trainer] :: No validation IoU improvement for 2 epoch(s)
2026-05-06 09:50:57,430 [Trainer] :: Starting epoch 20
2026-05-06 09:55:58,550 [Trainer] :: Completed epoch 20: train_loss=0.167433 train_iou=0.847983 val_loss=0.305599 val_iou=0.576347 lr=0.00009892
2026-05-06 09:55:58,712 [Trainer] :: Updated latest checkpoint at epoch 20
2026-05-06 09:55:58,712 [Trainer] :: No validation IoU improvement for 3 epoch(s)
2026-05-06 09:55:58,712 [Trainer] :: Starting epoch 21
2026-05-06 10:01:14,810 [Trainer] :: Completed epoch 21: train_loss=0.169752 train_iou=0.845834 val_loss=0.275559 val_iou=0.662475 lr=0.00009881
2026-05-06 10:01:14,926 [Trainer] :: Updated latest checkpoint at epoch 21
2026-05-06 10:01:14,926 [Trainer] :: No validation IoU improvement for 4 epoch(s)
2026-05-06 10:01:14,926 [Trainer] :: Starting epoch 22
2026-05-06 10:06:10,078 [Trainer] :: Completed epoch 22: train_loss=0.170166 train_iou=0.844761 val_loss=0.274089 val_iou=0.627180 lr=0.00009869
2026-05-06 10:06:10,193 [Trainer] :: Updated latest checkpoint at epoch 22
2026-05-06 10:06:10,193 [Trainer] :: No validation IoU improvement for 5 epoch(s)
2026-05-06 10:06:10,193 [Trainer] :: Starting epoch 23
2026-05-06 10:11:04,483 [Trainer] :: Completed epoch 23: train_loss=0.164029 train_iou=0.849499 val_loss=0.294093 val_iou=0.608539 lr=0.00009857
2026-05-06 10:11:04,640 [Trainer] :: Updated latest checkpoint at epoch 23
2026-05-06 10:11:04,640 [Trainer] :: No validation IoU improvement for 6 epoch(s)
2026-05-06 10:11:04,640 [Trainer] :: Starting epoch 24
2026-05-06 10:15:56,790 [Trainer] :: Completed epoch 24: train_loss=0.163579 train_iou=0.848003 val_loss=0.275079 val_iou=0.663729 lr=0.00009844
2026-05-06 10:15:56,924 [Trainer] :: Updated latest checkpoint at epoch 24
2026-05-06 10:15:56,924 [Trainer] :: No validation IoU improvement for 7 epoch(s)
2026-05-06 10:15:56,924 [Trainer] :: Starting epoch 25
2026-05-06 10:20:46,665 [Trainer] :: Completed epoch 25: train_loss=0.158458 train_iou=0.853778 val_loss=0.288261 val_iou=0.665071 lr=0.00009831
2026-05-06 10:20:46,772 [Trainer] :: Updated latest checkpoint at epoch 25
2026-05-06 10:20:46,773 [Trainer] :: No validation IoU improvement for 8 epoch(s)
2026-05-06 10:20:46,773 [Trainer] :: Starting epoch 26
2026-05-06 10:25:40,252 [Trainer] :: Completed epoch 26: train_loss=0.159419 train_iou=0.854442 val_loss=0.302142 val_iou=0.590675 lr=0.00009818
2026-05-06 10:25:40,364 [Trainer] :: Updated latest checkpoint at epoch 26
2026-05-06 10:25:40,364 [Trainer] :: No validation IoU improvement for 9 epoch(s)
2026-05-06 10:25:40,364 [Trainer] :: Starting epoch 27
2026-05-06 10:30:27,053 [Trainer] :: Completed epoch 27: train_loss=0.157090 train_iou=0.857548 val_loss=0.269173 val_iou=0.668192 lr=0.00009803
2026-05-06 10:30:27,283 [Trainer] :: Updated latest checkpoint at epoch 27
2026-05-06 10:30:27,283 [Trainer] :: No validation IoU improvement for 10 epoch(s)
2026-05-06 10:30:27,283 [Trainer] :: Starting epoch 28
2026-05-06 10:35:18,995 [Trainer] :: Completed epoch 28: train_loss=0.156517 train_iou=0.856790 val_loss=0.271658 val_iou=0.648882 lr=0.00009789
2026-05-06 10:35:19,159 [Trainer] :: Updated latest checkpoint at epoch 28
2026-05-06 10:35:19,160 [Trainer] :: No validation IoU improvement for 11 epoch(s)
2026-05-06 10:35:19,160 [Trainer] :: Starting epoch 29
2026-05-06 10:40:12,089 [Trainer] :: Completed epoch 29: train_loss=0.152362 train_iou=0.859790 val_loss=0.277621 val_iou=0.659120 lr=0.00009773
2026-05-06 10:40:12,365 [Trainer] :: Updated latest checkpoint at epoch 29
2026-05-06 10:40:12,365 [Trainer] :: No validation IoU improvement for 12 epoch(s)
2026-05-06 10:40:12,365 [Trainer] :: Starting epoch 30
2026-05-06 10:45:08,950 [Trainer] :: Completed epoch 30: train_loss=0.152572 train_iou=0.859272 val_loss=0.277260 val_iou=0.635363 lr=0.00009758
2026-05-06 10:45:09,169 [Trainer] :: Updated latest checkpoint at epoch 30
2026-05-06 10:45:09,169 [Trainer] :: No validation IoU improvement for 13 epoch(s)
2026-05-06 10:45:09,169 [Trainer] :: Starting epoch 31
2026-05-06 10:50:04,523 [Trainer] :: Completed epoch 31: train_loss=0.149822 train_iou=0.860055 val_loss=0.282087 val_iou=0.667938 lr=0.00009741
2026-05-06 10:50:04,632 [Trainer] :: Updated latest checkpoint at epoch 31
2026-05-06 10:50:04,632 [Trainer] :: No validation IoU improvement for 14 epoch(s)
2026-05-06 10:50:04,632 [Trainer] :: Starting epoch 32
2026-05-06 10:54:59,246 [Trainer] :: Completed epoch 32: train_loss=0.141881 train_iou=0.867803 val_loss=0.287378 val_iou=0.667062 lr=0.00009725
2026-05-06 10:54:59,355 [Trainer] :: Updated latest checkpoint at epoch 32
2026-05-06 10:54:59,355 [Trainer] :: No validation IoU improvement for 15 epoch(s)
2026-05-06 10:54:59,355 [Trainer] :: Starting epoch 33
2026-05-06 10:59:53,645 [Trainer] :: Completed epoch 33: train_loss=0.150555 train_iou=0.860526 val_loss=0.335740 val_iou=0.549554 lr=0.00009707
2026-05-06 10:59:53,798 [Trainer] :: Updated latest checkpoint at epoch 33
2026-05-06 10:59:53,798 [Trainer] :: No validation IoU improvement for 16 epoch(s)
2026-05-06 10:59:53,798 [Trainer] :: Starting epoch 34
2026-05-06 11:04:49,626 [Trainer] :: Completed epoch 34: train_loss=0.144883 train_iou=0.863383 val_loss=0.280674 val_iou=0.654214 lr=0.00009690
2026-05-06 11:04:49,734 [Trainer] :: Updated latest checkpoint at epoch 34
2026-05-06 11:04:49,734 [Trainer] :: No validation IoU improvement for 17 epoch(s)
2026-05-06 11:04:49,734 [Trainer] :: Starting epoch 35
2026-05-06 11:09:45,339 [Trainer] :: Completed epoch 35: train_loss=0.142150 train_iou=0.867145 val_loss=0.276139 val_iou=0.639236 lr=0.00009671
2026-05-06 11:09:45,449 [Trainer] :: Updated latest checkpoint at epoch 35
2026-05-06 11:09:45,449 [Trainer] :: No validation IoU improvement for 18 epoch(s)
2026-05-06 11:09:45,449 [Trainer] :: Starting epoch 36
2026-05-06 11:14:32,733 [Trainer] :: Completed epoch 36: train_loss=0.140002 train_iou=0.867133 val_loss=0.287251 val_iou=0.628825 lr=0.00009652
2026-05-06 11:14:32,827 [Trainer] :: Updated latest checkpoint at epoch 36
2026-05-06 11:14:32,827 [Trainer] :: No validation IoU improvement for 19 epoch(s)
2026-05-06 11:14:32,827 [Trainer] :: Starting epoch 37
2026-05-06 11:18:21,062 [Trainer] :: Completed epoch 37: train_loss=0.136754 train_iou=0.870476 val_loss=0.280560 val_iou=0.666904 lr=0.00009633
2026-05-06 11:18:21,162 [Trainer] :: Updated latest checkpoint at epoch 37
2026-05-06 11:18:21,162 [Trainer] :: No validation IoU improvement for 20 epoch(s)
2026-05-06 11:18:21,162 [Trainer] :: Starting epoch 38
2026-05-06 11:22:07,236 [Trainer] :: Completed epoch 38: train_loss=0.133422 train_iou=0.873183 val_loss=0.295530 val_iou=0.646286 lr=0.00009613
2026-05-06 11:22:07,502 [Trainer] :: Updated latest checkpoint at epoch 38
2026-05-06 11:22:07,502 [Trainer] :: No validation IoU improvement for 21 epoch(s)
2026-05-06 11:22:07,502 [Trainer] :: Starting epoch 39
2026-05-06 11:25:54,205 [Trainer] :: Completed epoch 39: train_loss=0.132751 train_iou=0.874155 val_loss=0.272933 val_iou=0.667987 lr=0.00009593
2026-05-06 11:25:54,297 [Trainer] :: Updated latest checkpoint at epoch 39
2026-05-06 11:25:54,297 [Trainer] :: No validation IoU improvement for 22 epoch(s)
2026-05-06 11:25:54,297 [Trainer] :: Starting epoch 40
2026-05-06 11:29:41,225 [Trainer] :: Completed epoch 40: train_loss=0.135911 train_iou=0.871974 val_loss=0.295098 val_iou=0.606596 lr=0.00009572
2026-05-06 11:29:41,318 [Trainer] :: Updated latest checkpoint at epoch 40
2026-05-06 11:29:41,319 [Trainer] :: No validation IoU improvement for 23 epoch(s)
2026-05-06 11:29:41,319 [Trainer] :: Starting epoch 41
2026-05-06 11:33:30,276 [Trainer] :: Completed epoch 41: train_loss=0.132285 train_iou=0.875311 val_loss=0.306765 val_iou=0.606555 lr=0.00009551
2026-05-06 11:33:30,426 [Trainer] :: Updated latest checkpoint at epoch 41
2026-05-06 11:33:30,426 [Trainer] :: No validation IoU improvement for 24 epoch(s)
2026-05-06 11:33:30,426 [Trainer] :: Starting epoch 42
2026-05-06 11:37:16,693 [Trainer] :: Completed epoch 42: train_loss=0.131220 train_iou=0.877210 val_loss=0.281769 val_iou=0.648315 lr=0.00009529
2026-05-06 11:37:16,794 [Trainer] :: Updated latest checkpoint at epoch 42
2026-05-06 11:37:16,794 [Trainer] :: No validation IoU improvement for 25 epoch(s)
2026-05-06 11:37:16,794 [Trainer] :: Starting epoch 43
2026-05-06 11:41:03,995 [Trainer] :: Completed epoch 43: train_loss=0.127152 train_iou=0.878751 val_loss=0.291335 val_iou=0.627155 lr=0.00009507
2026-05-06 11:41:04,088 [Trainer] :: Updated latest checkpoint at epoch 43
2026-05-06 11:41:04,088 [Trainer] :: No validation IoU improvement for 26 epoch(s)
2026-05-06 11:41:04,089 [Trainer] :: Starting epoch 44
2026-05-06 11:44:51,154 [Trainer] :: Completed epoch 44: train_loss=0.128594 train_iou=0.877636 val_loss=0.284309 val_iou=0.631892 lr=0.00009484
2026-05-06 11:44:51,246 [Trainer] :: Updated latest checkpoint at epoch 44
2026-05-06 11:44:51,246 [Trainer] :: No validation IoU improvement for 27 epoch(s)
2026-05-06 11:44:51,246 [Trainer] :: Starting epoch 45
2026-05-06 11:48:38,262 [Trainer] :: Completed epoch 45: train_loss=0.131175 train_iou=0.878277 val_loss=0.282429 val_iou=0.672128 lr=0.00009460
2026-05-06 11:48:38,364 [Trainer] :: Updated latest checkpoint at epoch 45
2026-05-06 11:48:38,364 [Trainer] :: No validation IoU improvement for 28 epoch(s)
2026-05-06 11:48:38,364 [Trainer] :: Starting epoch 46
2026-05-06 11:52:26,122 [Trainer] :: Completed epoch 46: train_loss=0.124469 train_iou=0.879924 val_loss=0.278897 val_iou=0.667372 lr=0.00009437
2026-05-06 11:52:26,220 [Trainer] :: Updated latest checkpoint at epoch 46
2026-05-06 11:52:26,220 [Trainer] :: No validation IoU improvement for 29 epoch(s)
2026-05-06 11:52:26,220 [Trainer] :: Starting epoch 47
2026-05-06 11:56:12,242 [Trainer] :: Completed epoch 47: train_loss=0.127618 train_iou=0.879366 val_loss=0.281638 val_iou=0.667797 lr=0.00009412
2026-05-06 11:56:12,336 [Trainer] :: Updated latest checkpoint at epoch 47
2026-05-06 11:56:12,336 [Trainer] :: No validation IoU improvement for 30 epoch(s)
2026-05-06 11:56:12,336 [Trainer] :: Starting epoch 48
2026-05-06 11:59:58,372 [Trainer] :: Completed epoch 48: train_loss=0.126212 train_iou=0.880158 val_loss=0.277047 val_iou=0.663120 lr=0.00009388
2026-05-06 11:59:58,469 [Trainer] :: Updated latest checkpoint at epoch 48
2026-05-06 11:59:58,469 [Trainer] :: No validation IoU improvement for 31 epoch(s)
2026-05-06 11:59:58,469 [Trainer] :: Starting epoch 49
2026-05-06 12:03:45,062 [Trainer] :: Completed epoch 49: train_loss=0.123315 train_iou=0.884494 val_loss=0.293987 val_iou=0.632558 lr=0.00009363
2026-05-06 12:03:45,162 [Trainer] :: Updated latest checkpoint at epoch 49
2026-05-06 12:03:45,162 [Trainer] :: No validation IoU improvement for 32 epoch(s)
2026-05-06 12:03:45,162 [Trainer] :: Starting epoch 50
2026-05-06 12:07:30,890 [Trainer] :: Completed epoch 50: train_loss=0.120853 train_iou=0.884714 val_loss=0.321326 val_iou=0.594458 lr=0.00009337
2026-05-06 12:07:30,983 [Trainer] :: Updated latest checkpoint at epoch 50
2026-05-06 12:07:30,983 [Trainer] :: No validation IoU improvement for 33 epoch(s)
2026-05-06 12:07:30,983 [Trainer] :: Starting epoch 51
2026-05-06 12:11:16,629 [Trainer] :: Completed epoch 51: train_loss=0.120975 train_iou=0.884055 val_loss=0.303853 val_iou=0.652691 lr=0.00009311
2026-05-06 12:11:16,756 [Trainer] :: Updated latest checkpoint at epoch 51
2026-05-06 12:11:16,756 [Trainer] :: No validation IoU improvement for 34 epoch(s)
2026-05-06 12:11:16,756 [Trainer] :: Starting epoch 52
2026-05-06 12:15:05,211 [Trainer] :: Completed epoch 52: train_loss=0.120691 train_iou=0.883520 val_loss=0.301984 val_iou=0.648924 lr=0.00009284
2026-05-06 12:15:05,305 [Trainer] :: Updated latest checkpoint at epoch 52
2026-05-06 12:15:05,305 [Trainer] :: No validation IoU improvement for 35 epoch(s)
2026-05-06 12:15:05,305 [Trainer] :: Starting epoch 53
2026-05-06 12:18:52,101 [Trainer] :: Completed epoch 53: train_loss=0.116646 train_iou=0.888384 val_loss=0.283527 val_iou=0.661004 lr=0.00009257
2026-05-06 12:18:52,192 [Trainer] :: Updated latest checkpoint at epoch 53
2026-05-06 12:18:52,192 [Trainer] :: No validation IoU improvement for 36 epoch(s)
2026-05-06 12:18:52,192 [Trainer] :: Starting epoch 54
2026-05-06 12:22:38,659 [Trainer] :: Completed epoch 54: train_loss=0.119793 train_iou=0.886476 val_loss=0.308154 val_iou=0.612760 lr=0.00009229
2026-05-06 12:22:38,839 [Trainer] :: Updated latest checkpoint at epoch 54
2026-05-06 12:22:38,839 [Trainer] :: No validation IoU improvement for 37 epoch(s)
2026-05-06 12:22:38,839 [Trainer] :: Starting epoch 55
2026-05-06 12:26:24,233 [Trainer] :: Completed epoch 55: train_loss=0.117596 train_iou=0.887410 val_loss=0.292538 val_iou=0.654680 lr=0.00009201
2026-05-06 12:26:24,330 [Trainer] :: Updated latest checkpoint at epoch 55
2026-05-06 12:26:24,330 [Trainer] :: No validation IoU improvement for 38 epoch(s)
2026-05-06 12:26:24,330 [Trainer] :: Starting epoch 56
2026-05-06 12:30:10,505 [Trainer] :: Completed epoch 56: train_loss=0.114599 train_iou=0.890961 val_loss=0.290812 val_iou=0.629284 lr=0.00009173
2026-05-06 12:30:10,599 [Trainer] :: Updated latest checkpoint at epoch 56
2026-05-06 12:30:10,599 [Trainer] :: No validation IoU improvement for 39 epoch(s)
2026-05-06 12:30:10,599 [Trainer] :: Starting epoch 57
2026-05-06 12:33:57,522 [Trainer] :: Completed epoch 57: train_loss=0.118753 train_iou=0.886130 val_loss=0.297467 val_iou=0.665313 lr=0.00009144
2026-05-06 12:33:57,622 [Trainer] :: Updated latest checkpoint at epoch 57
2026-05-06 12:33:57,622 [Trainer] :: No validation IoU improvement for 40 epoch(s)
2026-05-06 12:33:57,622 [Trainer] :: Starting epoch 58
2026-05-06 12:37:50,100 [Trainer] :: Completed epoch 58: train_loss=0.113639 train_iou=0.891710 val_loss=0.309101 val_iou=0.629084 lr=0.00009115
2026-05-06 12:37:50,193 [Trainer] :: Updated latest checkpoint at epoch 58
2026-05-06 12:37:50,193 [Trainer] :: No validation IoU improvement for 41 epoch(s)
2026-05-06 12:37:50,193 [Trainer] :: Starting epoch 59
2026-05-06 12:41:41,560 [Trainer] :: Completed epoch 59: train_loss=0.114791 train_iou=0.889644 val_loss=0.295849 val_iou=0.663021 lr=0.00009085
2026-05-06 12:41:41,658 [Trainer] :: Updated latest checkpoint at epoch 59
2026-05-06 12:41:41,658 [Trainer] :: No validation IoU improvement for 42 epoch(s)
2026-05-06 12:41:41,658 [Trainer] :: Starting epoch 60
2026-05-06 12:45:31,143 [Trainer] :: Completed epoch 60: train_loss=0.113363 train_iou=0.889557 val_loss=0.317569 val_iou=0.616853 lr=0.00009055
2026-05-06 12:45:31,251 [Trainer] :: Updated latest checkpoint at epoch 60
2026-05-06 12:45:31,251 [Trainer] :: No validation IoU improvement for 43 epoch(s)
2026-05-06 12:45:31,251 [Trainer] :: Starting epoch 61
2026-05-06 12:49:20,910 [Trainer] :: Completed epoch 61: train_loss=0.112115 train_iou=0.892194 val_loss=0.294718 val_iou=0.640245 lr=0.00009024
2026-05-06 12:49:21,270 [Trainer] :: Updated latest checkpoint at epoch 61
2026-05-06 12:49:21,271 [Trainer] :: No validation IoU improvement for 44 epoch(s)
2026-05-06 12:49:21,271 [Trainer] :: Starting epoch 62
2026-05-06 12:53:10,021 [Trainer] :: Completed epoch 62: train_loss=0.113066 train_iou=0.893375 val_loss=0.305558 val_iou=0.630277 lr=0.00008993
2026-05-06 12:53:10,116 [Trainer] :: Updated latest checkpoint at epoch 62
2026-05-06 12:53:10,116 [Trainer] :: No validation IoU improvement for 45 epoch(s)
2026-05-06 12:53:10,116 [Trainer] :: Starting epoch 63
2026-05-06 12:56:58,869 [Trainer] :: Completed epoch 63: train_loss=0.110831 train_iou=0.893501 val_loss=0.316945 val_iou=0.622267 lr=0.00008961
2026-05-06 12:56:58,967 [Trainer] :: Updated latest checkpoint at epoch 63
2026-05-06 12:56:58,967 [Trainer] :: No validation IoU improvement for 46 epoch(s)
2026-05-06 12:56:58,967 [Trainer] :: Starting epoch 64
2026-05-06 13:00:49,083 [Trainer] :: Completed epoch 64: train_loss=0.108787 train_iou=0.895570 val_loss=0.330493 val_iou=0.650644 lr=0.00008929
2026-05-06 13:00:49,182 [Trainer] :: Updated latest checkpoint at epoch 64
2026-05-06 13:00:49,182 [Trainer] :: No validation IoU improvement for 47 epoch(s)
2026-05-06 13:00:49,182 [Trainer] :: Starting epoch 65
2026-05-06 13:04:37,326 [Trainer] :: Completed epoch 65: train_loss=0.109081 train_iou=0.894741 val_loss=0.300233 val_iou=0.631103 lr=0.00008897
2026-05-06 13:04:37,425 [Trainer] :: Updated latest checkpoint at epoch 65
2026-05-06 13:04:37,425 [Trainer] :: No validation IoU improvement for 48 epoch(s)
2026-05-06 13:04:37,425 [Trainer] :: Starting epoch 66
2026-05-06 13:08:25,793 [Trainer] :: Completed epoch 66: train_loss=0.106542 train_iou=0.897667 val_loss=0.323265 val_iou=0.618541 lr=0.00008864
2026-05-06 13:08:25,889 [Trainer] :: Updated latest checkpoint at epoch 66
2026-05-06 13:08:25,889 [Trainer] :: No validation IoU improvement for 49 epoch(s)
2026-05-06 13:08:25,889 [Trainer] :: Starting epoch 67
2026-05-06 13:12:16,005 [Trainer] :: Completed epoch 67: train_loss=0.107988 train_iou=0.896417 val_loss=0.303168 val_iou=0.643648 lr=0.00008831
2026-05-06 13:12:16,101 [Trainer] :: Updated latest checkpoint at epoch 67
2026-05-06 13:12:16,102 [Trainer] :: No validation IoU improvement for 50 epoch(s)
2026-05-06 13:12:16,102 [Trainer] :: Starting epoch 68
2026-05-06 13:16:04,718 [Trainer] :: Completed epoch 68: train_loss=0.105436 train_iou=0.898259 val_loss=0.299165 val_iou=0.640836 lr=0.00008797
2026-05-06 13:16:04,811 [Trainer] :: Updated latest checkpoint at epoch 68
2026-05-06 13:16:04,811 [Trainer] :: No validation IoU improvement for 51 epoch(s)
2026-05-06 13:16:04,811 [Trainer] :: Starting epoch 69
2026-05-06 13:19:54,531 [Trainer] :: Completed epoch 69: train_loss=0.107003 train_iou=0.898250 val_loss=0.308867 val_iou=0.627462 lr=0.00008763
2026-05-06 13:19:54,859 [Trainer] :: Updated latest checkpoint at epoch 69
2026-05-06 13:19:54,859 [Trainer] :: No validation IoU improvement for 52 epoch(s)
2026-05-06 13:19:54,859 [Trainer] :: Starting epoch 70
2026-05-06 13:23:44,167 [Trainer] :: Completed epoch 70: train_loss=0.103823 train_iou=0.900860 val_loss=0.299113 val_iou=0.640314 lr=0.00008729
2026-05-06 13:23:44,261 [Trainer] :: Updated latest checkpoint at epoch 70
2026-05-06 13:23:44,262 [Trainer] :: No validation IoU improvement for 53 epoch(s)
2026-05-06 13:23:44,262 [Trainer] :: Starting epoch 71
2026-05-06 13:27:33,371 [Trainer] :: Completed epoch 71: train_loss=0.103384 train_iou=0.899784 val_loss=0.311705 val_iou=0.640828 lr=0.00008694
2026-05-06 13:27:33,475 [Trainer] :: Updated latest checkpoint at epoch 71
2026-05-06 13:27:33,475 [Trainer] :: No validation IoU improvement for 54 epoch(s)
2026-05-06 13:27:33,475 [Trainer] :: Starting epoch 72
2026-05-06 13:31:22,977 [Trainer] :: Completed epoch 72: train_loss=0.105751 train_iou=0.897259 val_loss=0.301063 val_iou=0.650118 lr=0.00008658
2026-05-06 13:31:23,120 [Trainer] :: Updated latest checkpoint at epoch 72
2026-05-06 13:31:23,120 [Trainer] :: No validation IoU improvement for 55 epoch(s)
2026-05-06 13:31:23,120 [Trainer] :: Starting epoch 73
2026-05-06 13:35:12,615 [Trainer] :: Completed epoch 73: train_loss=0.105031 train_iou=0.898712 val_loss=0.302217 val_iou=0.648492 lr=0.00008623
2026-05-06 13:35:12,721 [Trainer] :: Updated latest checkpoint at epoch 73
2026-05-06 13:35:12,721 [Trainer] :: No validation IoU improvement for 56 epoch(s)
2026-05-06 13:35:12,721 [Trainer] :: Starting epoch 74
2026-05-06 13:39:01,849 [Trainer] :: Completed epoch 74: train_loss=0.101948 train_iou=0.902013 val_loss=0.312839 val_iou=0.639577 lr=0.00008587
2026-05-06 13:39:01,944 [Trainer] :: Updated latest checkpoint at epoch 74
2026-05-06 13:39:01,945 [Trainer] :: No validation IoU improvement for 57 epoch(s)
2026-05-06 13:39:01,945 [Trainer] :: Starting epoch 75
2026-05-06 13:42:50,870 [Trainer] :: Completed epoch 75: train_loss=0.103439 train_iou=0.901704 val_loss=0.309007 val_iou=0.643877 lr=0.00008550
2026-05-06 13:42:50,970 [Trainer] :: Updated latest checkpoint at epoch 75
2026-05-06 13:42:50,970 [Trainer] :: No validation IoU improvement for 58 epoch(s)
2026-05-06 13:42:50,970 [Trainer] :: Starting epoch 76
2026-05-06 13:46:40,184 [Trainer] :: Completed epoch 76: train_loss=0.102169 train_iou=0.901235 val_loss=0.301868 val_iou=0.653818 lr=0.00008513
2026-05-06 13:46:40,282 [Trainer] :: Updated latest checkpoint at epoch 76
2026-05-06 13:46:40,282 [Trainer] :: No validation IoU improvement for 59 epoch(s)
2026-05-06 13:46:40,282 [Trainer] :: Starting epoch 77
2026-05-06 13:50:29,400 [Trainer] :: Completed epoch 77: train_loss=0.103044 train_iou=0.900347 val_loss=0.300166 val_iou=0.646524 lr=0.00008476
2026-05-06 13:50:29,564 [Trainer] :: Updated latest checkpoint at epoch 77
2026-05-06 13:50:29,564 [Trainer] :: No validation IoU improvement for 60 epoch(s)
2026-05-06 13:50:29,564 [Trainer] :: Early stopping triggered after 60 epoch(s) without improvement
2026-05-06 13:53:56,031 [Trainer] :: Wrote training history to outputs/runs/rgb_segformer_b0_fuzzy_halo_seed46_20260506T052956Z/metrics/history.json
2026-05-06 13:53:56,036 [Trainer] :: Wrote test summary to outputs/runs/rgb_segformer_b0_fuzzy_halo_seed46_20260506T052956Z/metrics/test_summary.json
2026-05-06 13:53:56,036 [Trainer] :: Training completed
