2026-05-01 00:46:02,030 [Trainer] :: Training run initialized at /ceph/home/student.aau.dk/qd36zu/fuzzy-p10/tbd/masking/outputs/runs/rgb_unetplusplus_resnet34_seed50_20260430T224601Z
2026-05-01 00:46:02,030 [Trainer] :: Loaded config from /ceph/home/student.aau.dk/qd36zu/fuzzy-p10/tbd/masking/configs/binary/rgb_unetpp_resnet34.yaml
2026-05-01 00:46:02,030 [Trainer] :: Using seed=50 and device=None
2026-05-01 00:46:02,030 [Trainer] :: Using model architecture=UnetPlusPlus encoder=resnet34 encoder_weights=imagenet
2026-05-01 00:46:02,254 [Trainer] :: Resolved runtime device to cuda
2026-05-01 00:46:02,255 [Trainer] :: Prepared normalization from source=imagenet
2026-05-01 00:46:14,085 [Trainer] :: Built dataloaders with batch_size=16, num_workers=0
2026-05-01 00:46:14,086 [Trainer] :: Starting epoch 1
2026-05-01 00:50:05,237 [Trainer] :: Completed epoch 1: train_loss=0.463612 train_iou=0.618171 val_loss=0.467503 val_iou=0.495126 lr=0.00010000
2026-05-01 00:50:05,616 [Trainer] :: Updated latest checkpoint at epoch 1
2026-05-01 00:50:06,249 [Trainer] :: New best checkpoint saved with val_iou=0.495126
2026-05-01 00:50:06,249 [Trainer] :: Starting epoch 2
2026-05-01 00:53:48,275 [Trainer] :: Completed epoch 2: train_loss=0.350958 train_iou=0.738955 val_loss=0.381105 val_iou=0.547953 lr=0.00009999
2026-05-01 00:53:48,744 [Trainer] :: Updated latest checkpoint at epoch 2
2026-05-01 00:53:49,120 [Trainer] :: New best checkpoint saved with val_iou=0.547953
2026-05-01 00:53:49,120 [Trainer] :: Starting epoch 3
2026-05-01 00:57:41,496 [Trainer] :: Completed epoch 3: train_loss=0.320293 train_iou=0.751319 val_loss=0.352618 val_iou=0.565792 lr=0.00009998
2026-05-01 00:57:41,946 [Trainer] :: Updated latest checkpoint at epoch 3
2026-05-01 00:57:42,940 [Trainer] :: New best checkpoint saved with val_iou=0.565792
2026-05-01 00:57:42,940 [Trainer] :: Starting epoch 4
2026-05-01 01:01:26,194 [Trainer] :: Completed epoch 4: train_loss=0.291318 train_iou=0.770378 val_loss=0.362561 val_iou=0.550400 lr=0.00009996
2026-05-01 01:01:26,565 [Trainer] :: Updated latest checkpoint at epoch 4
2026-05-01 01:01:26,565 [Trainer] :: No validation IoU improvement for 1 epoch(s)
2026-05-01 01:01:26,565 [Trainer] :: Starting epoch 5
2026-05-01 01:05:07,567 [Trainer] :: Completed epoch 5: train_loss=0.272829 train_iou=0.780166 val_loss=0.318271 val_iou=0.582471 lr=0.00009993
2026-05-01 01:05:07,958 [Trainer] :: Updated latest checkpoint at epoch 5
2026-05-01 01:05:08,360 [Trainer] :: New best checkpoint saved with val_iou=0.582471
2026-05-01 01:05:08,361 [Trainer] :: Starting epoch 6
2026-05-01 01:08:48,653 [Trainer] :: Completed epoch 6: train_loss=0.253188 train_iou=0.792474 val_loss=0.322222 val_iou=0.558984 lr=0.00009990
2026-05-01 01:08:49,087 [Trainer] :: Updated latest checkpoint at epoch 6
2026-05-01 01:08:49,087 [Trainer] :: No validation IoU improvement for 1 epoch(s)
2026-05-01 01:08:49,087 [Trainer] :: Starting epoch 7
2026-05-01 01:12:30,162 [Trainer] :: Completed epoch 7: train_loss=0.242584 train_iou=0.799668 val_loss=0.357482 val_iou=0.489092 lr=0.00009987
2026-05-01 01:12:30,552 [Trainer] :: Updated latest checkpoint at epoch 7
2026-05-01 01:12:30,552 [Trainer] :: No validation IoU improvement for 2 epoch(s)
2026-05-01 01:12:30,552 [Trainer] :: Starting epoch 8
2026-05-01 01:16:14,861 [Trainer] :: Completed epoch 8: train_loss=0.229133 train_iou=0.810095 val_loss=0.320219 val_iou=0.554619 lr=0.00009983
2026-05-01 01:16:15,220 [Trainer] :: Updated latest checkpoint at epoch 8
2026-05-01 01:16:15,220 [Trainer] :: No validation IoU improvement for 3 epoch(s)
2026-05-01 01:16:15,220 [Trainer] :: Starting epoch 9
2026-05-01 01:19:59,562 [Trainer] :: Completed epoch 9: train_loss=0.225717 train_iou=0.811555 val_loss=0.305782 val_iou=0.578544 lr=0.00009978
2026-05-01 01:19:59,969 [Trainer] :: Updated latest checkpoint at epoch 9
2026-05-01 01:19:59,969 [Trainer] :: No validation IoU improvement for 4 epoch(s)
2026-05-01 01:19:59,969 [Trainer] :: Starting epoch 10
2026-05-01 01:24:01,977 [Trainer] :: Completed epoch 10: train_loss=0.213421 train_iou=0.819822 val_loss=0.324038 val_iou=0.527716 lr=0.00009973
2026-05-01 01:24:02,347 [Trainer] :: Updated latest checkpoint at epoch 10
2026-05-01 01:24:02,347 [Trainer] :: No validation IoU improvement for 5 epoch(s)
2026-05-01 01:24:02,347 [Trainer] :: Starting epoch 11
2026-05-01 01:27:59,063 [Trainer] :: Completed epoch 11: train_loss=0.212348 train_iou=0.822889 val_loss=0.275838 val_iou=0.613465 lr=0.00009967
2026-05-01 01:27:59,691 [Trainer] :: Updated latest checkpoint at epoch 11
2026-05-01 01:28:00,305 [Trainer] :: New best checkpoint saved with val_iou=0.613465
2026-05-01 01:28:00,305 [Trainer] :: Starting epoch 12
2026-05-01 01:31:49,840 [Trainer] :: Completed epoch 12: train_loss=0.203789 train_iou=0.824255 val_loss=0.304398 val_iou=0.564595 lr=0.00009961
2026-05-01 01:31:50,266 [Trainer] :: Updated latest checkpoint at epoch 12
2026-05-01 01:31:50,266 [Trainer] :: No validation IoU improvement for 1 epoch(s)
2026-05-01 01:31:50,266 [Trainer] :: Starting epoch 13
2026-05-01 01:35:27,015 [Trainer] :: Completed epoch 13: train_loss=0.195114 train_iou=0.833849 val_loss=0.281399 val_iou=0.612263 lr=0.00009954
2026-05-01 01:35:27,379 [Trainer] :: Updated latest checkpoint at epoch 13
2026-05-01 01:35:27,380 [Trainer] :: No validation IoU improvement for 2 epoch(s)
2026-05-01 01:35:27,380 [Trainer] :: Starting epoch 14
2026-05-01 01:39:17,939 [Trainer] :: Completed epoch 14: train_loss=0.183570 train_iou=0.846926 val_loss=0.305658 val_iou=0.562378 lr=0.00009947
2026-05-01 01:39:18,298 [Trainer] :: Updated latest checkpoint at epoch 14
2026-05-01 01:39:18,299 [Trainer] :: No validation IoU improvement for 3 epoch(s)
2026-05-01 01:39:18,299 [Trainer] :: Starting epoch 15
2026-05-01 01:42:58,271 [Trainer] :: Completed epoch 15: train_loss=0.179108 train_iou=0.847393 val_loss=0.270856 val_iou=0.626263 lr=0.00009939
2026-05-01 01:42:58,647 [Trainer] :: Updated latest checkpoint at epoch 15
2026-05-01 01:42:59,045 [Trainer] :: New best checkpoint saved with val_iou=0.626263
2026-05-01 01:42:59,045 [Trainer] :: Starting epoch 16
2026-05-01 01:46:36,444 [Trainer] :: Completed epoch 16: train_loss=0.178218 train_iou=0.847952 val_loss=0.295143 val_iou=0.582532 lr=0.00009931
2026-05-01 01:46:36,810 [Trainer] :: Updated latest checkpoint at epoch 16
2026-05-01 01:46:36,810 [Trainer] :: No validation IoU improvement for 1 epoch(s)
2026-05-01 01:46:36,810 [Trainer] :: Starting epoch 17
2026-05-01 01:50:54,215 [Trainer] :: Completed epoch 17: train_loss=0.173041 train_iou=0.850599 val_loss=0.378720 val_iou=0.472971 lr=0.00009922
2026-05-01 01:50:54,568 [Trainer] :: Updated latest checkpoint at epoch 17
2026-05-01 01:50:54,569 [Trainer] :: No validation IoU improvement for 2 epoch(s)
2026-05-01 01:50:54,569 [Trainer] :: Starting epoch 18
2026-05-01 01:54:41,088 [Trainer] :: Completed epoch 18: train_loss=0.165921 train_iou=0.858690 val_loss=0.271373 val_iou=0.624366 lr=0.00009912
2026-05-01 01:54:41,492 [Trainer] :: Updated latest checkpoint at epoch 18
2026-05-01 01:54:41,493 [Trainer] :: No validation IoU improvement for 3 epoch(s)
2026-05-01 01:54:41,493 [Trainer] :: Starting epoch 19
2026-05-01 01:58:21,591 [Trainer] :: Completed epoch 19: train_loss=0.163040 train_iou=0.863424 val_loss=0.313319 val_iou=0.549854 lr=0.00009902
2026-05-01 01:58:21,963 [Trainer] :: Updated latest checkpoint at epoch 19
2026-05-01 01:58:21,963 [Trainer] :: No validation IoU improvement for 4 epoch(s)
2026-05-01 01:58:21,963 [Trainer] :: Starting epoch 20
2026-05-01 02:02:03,595 [Trainer] :: Completed epoch 20: train_loss=0.157897 train_iou=0.867421 val_loss=0.304446 val_iou=0.561910 lr=0.00009892
2026-05-01 02:02:03,953 [Trainer] :: Updated latest checkpoint at epoch 20
2026-05-01 02:02:03,953 [Trainer] :: No validation IoU improvement for 5 epoch(s)
2026-05-01 02:02:03,953 [Trainer] :: Starting epoch 21
2026-05-01 02:05:41,941 [Trainer] :: Completed epoch 21: train_loss=0.154264 train_iou=0.869810 val_loss=0.300540 val_iou=0.585655 lr=0.00009881
2026-05-01 02:05:42,302 [Trainer] :: Updated latest checkpoint at epoch 21
2026-05-01 02:05:42,302 [Trainer] :: No validation IoU improvement for 6 epoch(s)
2026-05-01 02:05:42,302 [Trainer] :: Starting epoch 22
2026-05-01 02:09:23,261 [Trainer] :: Completed epoch 22: train_loss=0.150302 train_iou=0.872284 val_loss=0.376329 val_iou=0.489554 lr=0.00009869
2026-05-01 02:09:23,612 [Trainer] :: Updated latest checkpoint at epoch 22
2026-05-01 02:09:23,612 [Trainer] :: No validation IoU improvement for 7 epoch(s)
2026-05-01 02:09:23,612 [Trainer] :: Starting epoch 23
2026-05-01 02:13:02,957 [Trainer] :: Completed epoch 23: train_loss=0.150223 train_iou=0.872752 val_loss=0.290844 val_iou=0.596987 lr=0.00009857
2026-05-01 02:13:03,360 [Trainer] :: Updated latest checkpoint at epoch 23
2026-05-01 02:13:03,360 [Trainer] :: No validation IoU improvement for 8 epoch(s)
2026-05-01 02:13:03,360 [Trainer] :: Starting epoch 24
2026-05-01 02:16:40,342 [Trainer] :: Completed epoch 24: train_loss=0.144083 train_iou=0.879550 val_loss=0.308880 val_iou=0.582962 lr=0.00009844
2026-05-01 02:16:40,701 [Trainer] :: Updated latest checkpoint at epoch 24
2026-05-01 02:16:40,701 [Trainer] :: No validation IoU improvement for 9 epoch(s)
2026-05-01 02:16:40,701 [Trainer] :: Starting epoch 25
2026-05-01 02:20:28,713 [Trainer] :: Completed epoch 25: train_loss=0.141932 train_iou=0.881901 val_loss=0.310932 val_iou=0.564196 lr=0.00009831
2026-05-01 02:20:29,183 [Trainer] :: Updated latest checkpoint at epoch 25
2026-05-01 02:20:29,183 [Trainer] :: No validation IoU improvement for 10 epoch(s)
2026-05-01 02:20:29,183 [Trainer] :: Starting epoch 26
2026-05-01 02:24:04,746 [Trainer] :: Completed epoch 26: train_loss=0.143123 train_iou=0.879355 val_loss=0.288224 val_iou=0.596588 lr=0.00009818
2026-05-01 02:24:05,272 [Trainer] :: Updated latest checkpoint at epoch 26
2026-05-01 02:24:05,272 [Trainer] :: No validation IoU improvement for 11 epoch(s)
2026-05-01 02:24:05,272 [Trainer] :: Starting epoch 27
2026-05-01 02:27:45,804 [Trainer] :: Completed epoch 27: train_loss=0.137195 train_iou=0.884369 val_loss=0.289517 val_iou=0.598461 lr=0.00009803
2026-05-01 02:27:46,156 [Trainer] :: Updated latest checkpoint at epoch 27
2026-05-01 02:27:46,157 [Trainer] :: No validation IoU improvement for 12 epoch(s)
2026-05-01 02:27:46,157 [Trainer] :: Starting epoch 28
2026-05-01 02:31:21,866 [Trainer] :: Completed epoch 28: train_loss=0.131778 train_iou=0.892015 val_loss=0.301210 val_iou=0.574086 lr=0.00009789
2026-05-01 02:31:22,217 [Trainer] :: Updated latest checkpoint at epoch 28
2026-05-01 02:31:22,217 [Trainer] :: No validation IoU improvement for 13 epoch(s)
2026-05-01 02:31:22,217 [Trainer] :: Starting epoch 29
2026-05-01 02:35:01,643 [Trainer] :: Completed epoch 29: train_loss=0.137010 train_iou=0.886109 val_loss=0.289233 val_iou=0.601728 lr=0.00009773
2026-05-01 02:35:02,010 [Trainer] :: Updated latest checkpoint at epoch 29
2026-05-01 02:35:02,010 [Trainer] :: No validation IoU improvement for 14 epoch(s)
2026-05-01 02:35:02,010 [Trainer] :: Starting epoch 30
2026-05-01 02:38:42,345 [Trainer] :: Completed epoch 30: train_loss=0.129150 train_iou=0.888810 val_loss=0.281414 val_iou=0.614589 lr=0.00009758
2026-05-01 02:38:42,704 [Trainer] :: Updated latest checkpoint at epoch 30
2026-05-01 02:38:42,704 [Trainer] :: No validation IoU improvement for 15 epoch(s)
2026-05-01 02:38:42,704 [Trainer] :: Starting epoch 31
2026-05-01 02:42:28,188 [Trainer] :: Completed epoch 31: train_loss=0.123295 train_iou=0.894040 val_loss=0.321661 val_iou=0.556630 lr=0.00009741
2026-05-01 02:42:28,596 [Trainer] :: Updated latest checkpoint at epoch 31
2026-05-01 02:42:28,596 [Trainer] :: No validation IoU improvement for 16 epoch(s)
2026-05-01 02:42:28,596 [Trainer] :: Starting epoch 32
2026-05-01 02:46:06,016 [Trainer] :: Completed epoch 32: train_loss=0.123716 train_iou=0.893115 val_loss=0.290921 val_iou=0.603302 lr=0.00009725
2026-05-01 02:46:06,375 [Trainer] :: Updated latest checkpoint at epoch 32
2026-05-01 02:46:06,375 [Trainer] :: No validation IoU improvement for 17 epoch(s)
2026-05-01 02:46:06,375 [Trainer] :: Starting epoch 33
2026-05-01 02:49:53,209 [Trainer] :: Completed epoch 33: train_loss=0.121803 train_iou=0.890020 val_loss=0.289162 val_iou=0.599891 lr=0.00009707
2026-05-01 02:49:53,578 [Trainer] :: Updated latest checkpoint at epoch 33
2026-05-01 02:49:53,579 [Trainer] :: No validation IoU improvement for 18 epoch(s)
2026-05-01 02:49:53,579 [Trainer] :: Starting epoch 34
2026-05-01 02:54:10,177 [Trainer] :: Completed epoch 34: train_loss=0.116774 train_iou=0.895202 val_loss=0.297415 val_iou=0.591446 lr=0.00009690
2026-05-01 02:54:10,568 [Trainer] :: Updated latest checkpoint at epoch 34
2026-05-01 02:54:10,568 [Trainer] :: No validation IoU improvement for 19 epoch(s)
2026-05-01 02:54:10,568 [Trainer] :: Starting epoch 35
2026-05-01 02:57:51,446 [Trainer] :: Completed epoch 35: train_loss=0.115522 train_iou=0.898007 val_loss=0.330355 val_iou=0.557311 lr=0.00009671
2026-05-01 02:57:51,801 [Trainer] :: Updated latest checkpoint at epoch 35
2026-05-01 02:57:51,801 [Trainer] :: No validation IoU improvement for 20 epoch(s)
2026-05-01 02:57:51,801 [Trainer] :: Starting epoch 36
2026-05-01 03:01:31,726 [Trainer] :: Completed epoch 36: train_loss=0.111584 train_iou=0.897987 val_loss=0.304358 val_iou=0.582372 lr=0.00009652
2026-05-01 03:01:32,345 [Trainer] :: Updated latest checkpoint at epoch 36
2026-05-01 03:01:32,345 [Trainer] :: No validation IoU improvement for 21 epoch(s)
2026-05-01 03:01:32,345 [Trainer] :: Starting epoch 37
2026-05-01 03:05:11,648 [Trainer] :: Completed epoch 37: train_loss=0.106164 train_iou=0.899425 val_loss=0.305467 val_iou=0.593562 lr=0.00009633
2026-05-01 03:05:11,998 [Trainer] :: Updated latest checkpoint at epoch 37
2026-05-01 03:05:11,998 [Trainer] :: No validation IoU improvement for 22 epoch(s)
2026-05-01 03:05:11,998 [Trainer] :: Starting epoch 38
2026-05-01 03:08:58,036 [Trainer] :: Completed epoch 38: train_loss=0.107583 train_iou=0.899083 val_loss=0.305607 val_iou=0.577062 lr=0.00009613
2026-05-01 03:08:58,428 [Trainer] :: Updated latest checkpoint at epoch 38
2026-05-01 03:08:58,429 [Trainer] :: No validation IoU improvement for 23 epoch(s)
2026-05-01 03:08:58,429 [Trainer] :: Starting epoch 39
2026-05-01 03:12:38,071 [Trainer] :: Completed epoch 39: train_loss=0.102982 train_iou=0.902291 val_loss=0.285003 val_iou=0.612142 lr=0.00009593
2026-05-01 03:12:38,415 [Trainer] :: Updated latest checkpoint at epoch 39
2026-05-01 03:12:38,416 [Trainer] :: No validation IoU improvement for 24 epoch(s)
2026-05-01 03:12:38,416 [Trainer] :: Starting epoch 40
2026-05-01 03:16:18,626 [Trainer] :: Completed epoch 40: train_loss=0.102708 train_iou=0.903447 val_loss=0.286742 val_iou=0.613538 lr=0.00009572
2026-05-01 03:16:18,971 [Trainer] :: Updated latest checkpoint at epoch 40
2026-05-01 03:16:18,971 [Trainer] :: No validation IoU improvement for 25 epoch(s)
2026-05-01 03:16:18,971 [Trainer] :: Starting epoch 41
2026-05-01 03:19:57,026 [Trainer] :: Completed epoch 41: train_loss=0.098722 train_iou=0.903448 val_loss=0.302850 val_iou=0.599535 lr=0.00009551
2026-05-01 03:19:57,437 [Trainer] :: Updated latest checkpoint at epoch 41
2026-05-01 03:19:57,437 [Trainer] :: No validation IoU improvement for 26 epoch(s)
2026-05-01 03:19:57,437 [Trainer] :: Starting epoch 42
2026-05-01 03:23:36,846 [Trainer] :: Completed epoch 42: train_loss=0.093126 train_iou=0.907698 val_loss=0.340595 val_iou=0.547792 lr=0.00009529
2026-05-01 03:23:37,368 [Trainer] :: Updated latest checkpoint at epoch 42
2026-05-01 03:23:37,368 [Trainer] :: No validation IoU improvement for 27 epoch(s)
2026-05-01 03:23:37,368 [Trainer] :: Starting epoch 43
2026-05-01 03:27:16,516 [Trainer] :: Completed epoch 43: train_loss=0.094077 train_iou=0.907098 val_loss=0.278923 val_iou=0.621166 lr=0.00009507
2026-05-01 03:27:16,873 [Trainer] :: Updated latest checkpoint at epoch 43
2026-05-01 03:27:16,874 [Trainer] :: No validation IoU improvement for 28 epoch(s)
2026-05-01 03:27:16,874 [Trainer] :: Starting epoch 44
2026-05-01 03:30:52,555 [Trainer] :: Completed epoch 44: train_loss=0.092431 train_iou=0.908829 val_loss=0.323421 val_iou=0.581511 lr=0.00009484
2026-05-01 03:30:52,945 [Trainer] :: Updated latest checkpoint at epoch 44
2026-05-01 03:30:52,946 [Trainer] :: No validation IoU improvement for 29 epoch(s)
2026-05-01 03:30:52,946 [Trainer] :: Starting epoch 45
2026-05-01 03:34:31,336 [Trainer] :: Completed epoch 45: train_loss=0.091520 train_iou=0.908445 val_loss=0.336941 val_iou=0.573194 lr=0.00009460
2026-05-01 03:34:31,693 [Trainer] :: Updated latest checkpoint at epoch 45
2026-05-01 03:34:31,693 [Trainer] :: No validation IoU improvement for 30 epoch(s)
2026-05-01 03:34:31,693 [Trainer] :: Starting epoch 46
2026-05-01 03:38:06,680 [Trainer] :: Completed epoch 46: train_loss=0.092048 train_iou=0.907238 val_loss=0.295384 val_iou=0.603838 lr=0.00009437
2026-05-01 03:38:07,027 [Trainer] :: Updated latest checkpoint at epoch 46
2026-05-01 03:38:07,027 [Trainer] :: No validation IoU improvement for 31 epoch(s)
2026-05-01 03:38:07,027 [Trainer] :: Starting epoch 47
2026-05-01 03:41:48,882 [Trainer] :: Completed epoch 47: train_loss=0.088122 train_iou=0.912814 val_loss=0.345593 val_iou=0.561855 lr=0.00009412
2026-05-01 03:41:49,289 [Trainer] :: Updated latest checkpoint at epoch 47
2026-05-01 03:41:49,290 [Trainer] :: No validation IoU improvement for 32 epoch(s)
2026-05-01 03:41:49,290 [Trainer] :: Starting epoch 48
2026-05-01 03:45:26,538 [Trainer] :: Completed epoch 48: train_loss=0.085443 train_iou=0.914191 val_loss=0.343940 val_iou=0.581147 lr=0.00009388
2026-05-01 03:45:26,936 [Trainer] :: Updated latest checkpoint at epoch 48
2026-05-01 03:45:26,936 [Trainer] :: No validation IoU improvement for 33 epoch(s)
2026-05-01 03:45:26,936 [Trainer] :: Starting epoch 49
2026-05-01 03:49:08,276 [Trainer] :: Completed epoch 49: train_loss=0.086262 train_iou=0.913336 val_loss=0.295970 val_iou=0.604017 lr=0.00009363
2026-05-01 03:49:08,765 [Trainer] :: Updated latest checkpoint at epoch 49
2026-05-01 03:49:08,765 [Trainer] :: No validation IoU improvement for 34 epoch(s)
2026-05-01 03:49:08,765 [Trainer] :: Starting epoch 50
2026-05-01 03:52:46,580 [Trainer] :: Completed epoch 50: train_loss=0.081903 train_iou=0.916328 val_loss=0.311478 val_iou=0.591133 lr=0.00009337
2026-05-01 03:52:46,940 [Trainer] :: Updated latest checkpoint at epoch 50
2026-05-01 03:52:46,941 [Trainer] :: No validation IoU improvement for 35 epoch(s)
2026-05-01 03:52:46,941 [Trainer] :: Starting epoch 51
2026-05-01 03:56:23,420 [Trainer] :: Completed epoch 51: train_loss=0.084601 train_iou=0.915261 val_loss=0.291002 val_iou=0.618446 lr=0.00009311
2026-05-01 03:56:23,758 [Trainer] :: Updated latest checkpoint at epoch 51
2026-05-01 03:56:23,758 [Trainer] :: No validation IoU improvement for 36 epoch(s)
2026-05-01 03:56:23,758 [Trainer] :: Starting epoch 52
2026-05-01 03:59:56,306 [Trainer] :: Completed epoch 52: train_loss=0.079120 train_iou=0.916136 val_loss=0.306494 val_iou=0.599589 lr=0.00009284
2026-05-01 03:59:56,677 [Trainer] :: Updated latest checkpoint at epoch 52
2026-05-01 03:59:56,677 [Trainer] :: No validation IoU improvement for 37 epoch(s)
2026-05-01 03:59:56,677 [Trainer] :: Starting epoch 53
2026-05-01 04:03:29,831 [Trainer] :: Completed epoch 53: train_loss=0.079296 train_iou=0.919562 val_loss=0.282927 val_iou=0.619679 lr=0.00009257
2026-05-01 04:03:30,212 [Trainer] :: Updated latest checkpoint at epoch 53
2026-05-01 04:03:30,212 [Trainer] :: No validation IoU improvement for 38 epoch(s)
2026-05-01 04:03:30,212 [Trainer] :: Starting epoch 54
2026-05-01 04:07:07,150 [Trainer] :: Completed epoch 54: train_loss=0.078653 train_iou=0.919931 val_loss=0.316277 val_iou=0.600549 lr=0.00009229
2026-05-01 04:07:07,496 [Trainer] :: Updated latest checkpoint at epoch 54
2026-05-01 04:07:07,496 [Trainer] :: No validation IoU improvement for 39 epoch(s)
2026-05-01 04:07:07,496 [Trainer] :: Starting epoch 55
2026-05-01 04:10:47,696 [Trainer] :: Completed epoch 55: train_loss=0.079022 train_iou=0.918598 val_loss=0.312585 val_iou=0.591841 lr=0.00009201
2026-05-01 04:10:48,398 [Trainer] :: Updated latest checkpoint at epoch 55
2026-05-01 04:10:48,398 [Trainer] :: No validation IoU improvement for 40 epoch(s)
2026-05-01 04:10:48,399 [Trainer] :: Starting epoch 56
2026-05-01 04:14:34,901 [Trainer] :: Completed epoch 56: train_loss=0.076007 train_iou=0.921291 val_loss=0.325575 val_iou=0.601022 lr=0.00009173
2026-05-01 04:14:35,307 [Trainer] :: Updated latest checkpoint at epoch 56
2026-05-01 04:14:35,308 [Trainer] :: No validation IoU improvement for 41 epoch(s)
2026-05-01 04:14:35,308 [Trainer] :: Starting epoch 57
2026-05-01 04:18:12,945 [Trainer] :: Completed epoch 57: train_loss=0.076274 train_iou=0.921306 val_loss=0.314182 val_iou=0.593121 lr=0.00009144
2026-05-01 04:18:13,356 [Trainer] :: Updated latest checkpoint at epoch 57
2026-05-01 04:18:13,356 [Trainer] :: No validation IoU improvement for 42 epoch(s)
2026-05-01 04:18:13,356 [Trainer] :: Starting epoch 58
2026-05-01 04:21:58,395 [Trainer] :: Completed epoch 58: train_loss=0.074344 train_iou=0.922486 val_loss=0.384401 val_iou=0.560747 lr=0.00009115
2026-05-01 04:21:58,796 [Trainer] :: Updated latest checkpoint at epoch 58
2026-05-01 04:21:58,796 [Trainer] :: No validation IoU improvement for 43 epoch(s)
2026-05-01 04:21:58,796 [Trainer] :: Starting epoch 59
2026-05-01 04:25:38,196 [Trainer] :: Completed epoch 59: train_loss=0.070458 train_iou=0.926020 val_loss=0.297328 val_iou=0.618546 lr=0.00009085
2026-05-01 04:25:38,678 [Trainer] :: Updated latest checkpoint at epoch 59
2026-05-01 04:25:38,678 [Trainer] :: No validation IoU improvement for 44 epoch(s)
2026-05-01 04:25:38,678 [Trainer] :: Starting epoch 60
2026-05-01 04:29:19,470 [Trainer] :: Completed epoch 60: train_loss=0.072560 train_iou=0.925659 val_loss=0.302900 val_iou=0.605504 lr=0.00009055
2026-05-01 04:29:19,870 [Trainer] :: Updated latest checkpoint at epoch 60
2026-05-01 04:29:19,870 [Trainer] :: No validation IoU improvement for 45 epoch(s)
2026-05-01 04:29:19,870 [Trainer] :: Starting epoch 61
2026-05-01 04:32:53,458 [Trainer] :: Completed epoch 61: train_loss=0.072845 train_iou=0.924537 val_loss=0.326746 val_iou=0.610013 lr=0.00009024
2026-05-01 04:32:53,817 [Trainer] :: Updated latest checkpoint at epoch 61
2026-05-01 04:32:53,817 [Trainer] :: No validation IoU improvement for 46 epoch(s)
2026-05-01 04:32:53,817 [Trainer] :: Starting epoch 62
2026-05-01 04:36:29,317 [Trainer] :: Completed epoch 62: train_loss=0.069980 train_iou=0.926706 val_loss=0.321072 val_iou=0.597246 lr=0.00008993
2026-05-01 04:36:29,709 [Trainer] :: Updated latest checkpoint at epoch 62
2026-05-01 04:36:29,710 [Trainer] :: No validation IoU improvement for 47 epoch(s)
2026-05-01 04:36:29,710 [Trainer] :: Starting epoch 63
2026-05-01 04:40:08,730 [Trainer] :: Completed epoch 63: train_loss=0.070752 train_iou=0.925599 val_loss=0.301017 val_iou=0.606720 lr=0.00008961
2026-05-01 04:40:09,354 [Trainer] :: Updated latest checkpoint at epoch 63
2026-05-01 04:40:09,354 [Trainer] :: No validation IoU improvement for 48 epoch(s)
2026-05-01 04:40:09,354 [Trainer] :: Starting epoch 64
2026-05-01 04:43:45,334 [Trainer] :: Completed epoch 64: train_loss=0.067451 train_iou=0.928591 val_loss=0.332870 val_iou=0.595894 lr=0.00008929
2026-05-01 04:43:45,697 [Trainer] :: Updated latest checkpoint at epoch 64
2026-05-01 04:43:45,698 [Trainer] :: No validation IoU improvement for 49 epoch(s)
2026-05-01 04:43:45,698 [Trainer] :: Starting epoch 65
2026-05-01 04:47:24,281 [Trainer] :: Completed epoch 65: train_loss=0.069631 train_iou=0.926065 val_loss=0.336420 val_iou=0.580060 lr=0.00008897
2026-05-01 04:47:24,839 [Trainer] :: Updated latest checkpoint at epoch 65
2026-05-01 04:47:24,839 [Trainer] :: No validation IoU improvement for 50 epoch(s)
2026-05-01 04:47:24,839 [Trainer] :: Starting epoch 66
2026-05-01 04:50:58,114 [Trainer] :: Completed epoch 66: train_loss=0.068908 train_iou=0.927845 val_loss=0.300229 val_iou=0.622316 lr=0.00008864
2026-05-01 04:50:58,473 [Trainer] :: Updated latest checkpoint at epoch 66
2026-05-01 04:50:58,473 [Trainer] :: No validation IoU improvement for 51 epoch(s)
2026-05-01 04:50:58,473 [Trainer] :: Starting epoch 67
2026-05-01 04:54:33,825 [Trainer] :: Completed epoch 67: train_loss=0.067475 train_iou=0.927816 val_loss=0.321724 val_iou=0.595190 lr=0.00008831
2026-05-01 04:54:34,180 [Trainer] :: Updated latest checkpoint at epoch 67
2026-05-01 04:54:34,180 [Trainer] :: No validation IoU improvement for 52 epoch(s)
2026-05-01 04:54:34,180 [Trainer] :: Starting epoch 68
2026-05-01 04:58:06,966 [Trainer] :: Completed epoch 68: train_loss=0.065947 train_iou=0.929592 val_loss=0.370990 val_iou=0.586138 lr=0.00008797
2026-05-01 04:58:07,370 [Trainer] :: Updated latest checkpoint at epoch 68
2026-05-01 04:58:07,370 [Trainer] :: No validation IoU improvement for 53 epoch(s)
2026-05-01 04:58:07,370 [Trainer] :: Starting epoch 69
2026-05-01 05:01:48,758 [Trainer] :: Completed epoch 69: train_loss=0.064197 train_iou=0.931966 val_loss=0.324201 val_iou=0.607276 lr=0.00008763
2026-05-01 05:01:49,112 [Trainer] :: Updated latest checkpoint at epoch 69
2026-05-01 05:01:49,112 [Trainer] :: No validation IoU improvement for 54 epoch(s)
2026-05-01 05:01:49,112 [Trainer] :: Starting epoch 70
2026-05-01 05:05:26,416 [Trainer] :: Completed epoch 70: train_loss=0.064416 train_iou=0.933814 val_loss=0.325364 val_iou=0.585537 lr=0.00008729
2026-05-01 05:05:26,765 [Trainer] :: Updated latest checkpoint at epoch 70
2026-05-01 05:05:26,765 [Trainer] :: No validation IoU improvement for 55 epoch(s)
2026-05-01 05:05:26,765 [Trainer] :: Starting epoch 71
2026-05-01 05:09:10,529 [Trainer] :: Completed epoch 71: train_loss=0.061429 train_iou=0.934013 val_loss=0.341023 val_iou=0.577408 lr=0.00008694
2026-05-01 05:09:10,936 [Trainer] :: Updated latest checkpoint at epoch 71
2026-05-01 05:09:10,936 [Trainer] :: No validation IoU improvement for 56 epoch(s)
2026-05-01 05:09:10,936 [Trainer] :: Starting epoch 72
2026-05-01 05:12:52,687 [Trainer] :: Completed epoch 72: train_loss=0.060708 train_iou=0.935353 val_loss=0.299652 val_iou=0.622971 lr=0.00008658
2026-05-01 05:12:53,308 [Trainer] :: Updated latest checkpoint at epoch 72
2026-05-01 05:12:53,308 [Trainer] :: No validation IoU improvement for 57 epoch(s)
2026-05-01 05:12:53,308 [Trainer] :: Starting epoch 73
2026-05-01 05:16:34,012 [Trainer] :: Completed epoch 73: train_loss=0.062341 train_iou=0.933332 val_loss=0.324882 val_iou=0.587811 lr=0.00008623
2026-05-01 05:16:34,422 [Trainer] :: Updated latest checkpoint at epoch 73
2026-05-01 05:16:34,422 [Trainer] :: No validation IoU improvement for 58 epoch(s)
2026-05-01 05:16:34,422 [Trainer] :: Starting epoch 74
2026-05-01 05:20:12,065 [Trainer] :: Completed epoch 74: train_loss=0.069583 train_iou=0.931495 val_loss=0.329023 val_iou=0.601354 lr=0.00008587
2026-05-01 05:20:12,427 [Trainer] :: Updated latest checkpoint at epoch 74
2026-05-01 05:20:12,427 [Trainer] :: No validation IoU improvement for 59 epoch(s)
2026-05-01 05:20:12,427 [Trainer] :: Starting epoch 75
2026-05-01 05:23:47,256 [Trainer] :: Completed epoch 75: train_loss=0.063520 train_iou=0.931871 val_loss=0.371045 val_iou=0.576842 lr=0.00008550
2026-05-01 05:23:47,787 [Trainer] :: Updated latest checkpoint at epoch 75
2026-05-01 05:23:47,787 [Trainer] :: No validation IoU improvement for 60 epoch(s)
2026-05-01 05:23:47,787 [Trainer] :: Early stopping triggered after 60 epoch(s) without improvement
2026-05-01 05:26:47,955 [Trainer] :: Wrote training history to outputs/runs/rgb_unetplusplus_resnet34_seed50_20260430T224601Z/metrics/history.json
2026-05-01 05:26:47,960 [Trainer] :: Wrote test summary to outputs/runs/rgb_unetplusplus_resnet34_seed50_20260430T224601Z/metrics/test_summary.json
2026-05-01 05:26:47,961 [Trainer] :: Training completed
