2026-05-06 04:33:10,967 [Trainer] :: Training run initialized at /ceph/home/student.aau.dk/qd36zu/fuzzy-p10/tbd/masking/outputs/runs/rgb_segformer_b1_fuzzy_halo_seed45_20260506T023310Z
2026-05-06 04:33:10,967 [Trainer] :: Loaded config from /ceph/home/student.aau.dk/qd36zu/fuzzy-p10/tbd/masking/configs/fuzzy/rgb_segformer_b1.yaml
2026-05-06 04:33:10,967 [Trainer] :: Using seed=45 and device=None
2026-05-06 04:33:10,968 [Trainer] :: Using model architecture=Segformer encoder=mit_b1 encoder_weights=imagenet
2026-05-06 04:33:11,354 [Trainer] :: Resolved runtime device to cuda
2026-05-06 04:33:11,355 [Trainer] :: Prepared normalization from source=imagenet
2026-05-06 04:33:25,214 [Trainer] :: Built dataloaders with batch_size=16, num_workers=0
2026-05-06 04:33:25,215 [Trainer] :: Starting epoch 1
2026-05-06 04:38:54,299 [Trainer] :: Completed epoch 1: train_loss=0.341245 train_iou=0.714737 val_loss=0.332969 val_iou=0.566845 lr=0.00010000
2026-05-06 04:38:54,469 [Trainer] :: Updated latest checkpoint at epoch 1
2026-05-06 04:38:54,663 [Trainer] :: New best checkpoint saved with val_iou=0.566845
2026-05-06 04:38:54,663 [Trainer] :: Starting epoch 2
2026-05-06 04:43:00,625 [Trainer] :: Completed epoch 2: train_loss=0.270902 train_iou=0.772343 val_loss=0.347600 val_iou=0.590440 lr=0.00009999
2026-05-06 04:43:00,842 [Trainer] :: Updated latest checkpoint at epoch 2
2026-05-06 04:43:01,063 [Trainer] :: New best checkpoint saved with val_iou=0.590440
2026-05-06 04:43:01,063 [Trainer] :: Starting epoch 3
2026-05-06 04:49:40,386 [Trainer] :: Completed epoch 3: train_loss=0.255783 train_iou=0.786564 val_loss=0.313304 val_iou=0.617216 lr=0.00009998
2026-05-06 04:49:40,586 [Trainer] :: Updated latest checkpoint at epoch 3
2026-05-06 04:49:40,836 [Trainer] :: New best checkpoint saved with val_iou=0.617216
2026-05-06 04:49:40,836 [Trainer] :: Starting epoch 4
2026-05-06 04:57:43,497 [Trainer] :: Completed epoch 4: train_loss=0.248571 train_iou=0.794515 val_loss=0.271657 val_iou=0.656699 lr=0.00009996
2026-05-06 04:57:43,694 [Trainer] :: Updated latest checkpoint at epoch 4
2026-05-06 04:57:43,886 [Trainer] :: New best checkpoint saved with val_iou=0.656699
2026-05-06 04:57:43,887 [Trainer] :: Starting epoch 5
2026-05-06 05:01:54,048 [Trainer] :: Completed epoch 5: train_loss=0.230308 train_iou=0.810412 val_loss=0.311816 val_iou=0.536016 lr=0.00009993
2026-05-06 05:01:54,335 [Trainer] :: Updated latest checkpoint at epoch 5
2026-05-06 05:01:54,335 [Trainer] :: No validation IoU improvement for 1 epoch(s)
2026-05-06 05:01:54,335 [Trainer] :: Starting epoch 6
2026-05-06 05:06:26,437 [Trainer] :: Completed epoch 6: train_loss=0.219639 train_iou=0.818626 val_loss=0.274106 val_iou=0.600529 lr=0.00009990
2026-05-06 05:06:26,735 [Trainer] :: Updated latest checkpoint at epoch 6
2026-05-06 05:06:26,735 [Trainer] :: No validation IoU improvement for 2 epoch(s)
2026-05-06 05:06:26,736 [Trainer] :: Starting epoch 7
2026-05-06 05:10:58,076 [Trainer] :: Completed epoch 7: train_loss=0.213144 train_iou=0.822987 val_loss=0.272266 val_iou=0.645297 lr=0.00009987
2026-05-06 05:10:58,289 [Trainer] :: Updated latest checkpoint at epoch 7
2026-05-06 05:10:58,289 [Trainer] :: No validation IoU improvement for 3 epoch(s)
2026-05-06 05:10:58,289 [Trainer] :: Starting epoch 8
2026-05-06 05:16:57,626 [Trainer] :: Completed epoch 8: train_loss=0.203314 train_iou=0.831129 val_loss=0.267941 val_iou=0.641847 lr=0.00009983
2026-05-06 05:16:57,818 [Trainer] :: Updated latest checkpoint at epoch 8
2026-05-06 05:16:57,818 [Trainer] :: No validation IoU improvement for 4 epoch(s)
2026-05-06 05:16:57,818 [Trainer] :: Starting epoch 9
2026-05-06 05:22:12,381 [Trainer] :: Completed epoch 9: train_loss=0.204348 train_iou=0.832226 val_loss=0.292395 val_iou=0.643115 lr=0.00009978
2026-05-06 05:22:12,601 [Trainer] :: Updated latest checkpoint at epoch 9
2026-05-06 05:22:12,601 [Trainer] :: No validation IoU improvement for 5 epoch(s)
2026-05-06 05:22:12,601 [Trainer] :: Starting epoch 10
2026-05-06 05:26:31,134 [Trainer] :: Completed epoch 10: train_loss=0.199092 train_iou=0.833427 val_loss=0.290941 val_iou=0.641332 lr=0.00009973
2026-05-06 05:26:31,343 [Trainer] :: Updated latest checkpoint at epoch 10
2026-05-06 05:26:31,343 [Trainer] :: No validation IoU improvement for 6 epoch(s)
2026-05-06 05:26:31,343 [Trainer] :: Starting epoch 11
2026-05-06 05:30:33,315 [Trainer] :: Completed epoch 11: train_loss=0.186099 train_iou=0.839367 val_loss=0.285444 val_iou=0.592798 lr=0.00009967
2026-05-06 05:30:33,503 [Trainer] :: Updated latest checkpoint at epoch 11
2026-05-06 05:30:33,503 [Trainer] :: No validation IoU improvement for 7 epoch(s)
2026-05-06 05:30:33,504 [Trainer] :: Starting epoch 12
2026-05-06 05:37:00,835 [Trainer] :: Completed epoch 12: train_loss=0.180845 train_iou=0.839400 val_loss=0.286960 val_iou=0.605462 lr=0.00009961
2026-05-06 05:37:01,134 [Trainer] :: Updated latest checkpoint at epoch 12
2026-05-06 05:37:01,134 [Trainer] :: No validation IoU improvement for 8 epoch(s)
2026-05-06 05:37:01,134 [Trainer] :: Starting epoch 13
2026-05-06 05:41:21,011 [Trainer] :: Completed epoch 13: train_loss=0.179101 train_iou=0.839207 val_loss=0.306819 val_iou=0.561451 lr=0.00009954
2026-05-06 05:41:21,254 [Trainer] :: Updated latest checkpoint at epoch 13
2026-05-06 05:41:21,255 [Trainer] :: No validation IoU improvement for 9 epoch(s)
2026-05-06 05:41:21,255 [Trainer] :: Starting epoch 14
2026-05-06 05:46:24,281 [Trainer] :: Completed epoch 14: train_loss=0.175401 train_iou=0.839150 val_loss=0.284053 val_iou=0.658594 lr=0.00009947
2026-05-06 05:46:24,531 [Trainer] :: Updated latest checkpoint at epoch 14
2026-05-06 05:46:24,747 [Trainer] :: New best checkpoint saved with val_iou=0.658594
2026-05-06 05:46:24,747 [Trainer] :: Starting epoch 15
2026-05-06 05:50:29,037 [Trainer] :: Completed epoch 15: train_loss=0.173888 train_iou=0.843206 val_loss=0.290492 val_iou=0.606898 lr=0.00009939
2026-05-06 05:50:29,240 [Trainer] :: Updated latest checkpoint at epoch 15
2026-05-06 05:50:29,240 [Trainer] :: No validation IoU improvement for 1 epoch(s)
2026-05-06 05:50:29,240 [Trainer] :: Starting epoch 16
2026-05-06 05:54:29,371 [Trainer] :: Completed epoch 16: train_loss=0.167094 train_iou=0.849761 val_loss=0.291320 val_iou=0.595778 lr=0.00009931
2026-05-06 05:54:29,562 [Trainer] :: Updated latest checkpoint at epoch 16
2026-05-06 05:54:29,570 [Trainer] :: No validation IoU improvement for 2 epoch(s)
2026-05-06 05:54:29,570 [Trainer] :: Starting epoch 17
2026-05-06 06:01:22,070 [Trainer] :: Completed epoch 17: train_loss=0.164315 train_iou=0.851230 val_loss=0.303957 val_iou=0.588736 lr=0.00009922
2026-05-06 06:01:22,414 [Trainer] :: Updated latest checkpoint at epoch 17
2026-05-06 06:01:22,415 [Trainer] :: No validation IoU improvement for 3 epoch(s)
2026-05-06 06:01:22,415 [Trainer] :: Starting epoch 18
2026-05-06 06:08:12,930 [Trainer] :: Completed epoch 18: train_loss=0.157885 train_iou=0.856423 val_loss=0.287939 val_iou=0.607612 lr=0.00009912
2026-05-06 06:08:13,575 [Trainer] :: Updated latest checkpoint at epoch 18
2026-05-06 06:08:13,575 [Trainer] :: No validation IoU improvement for 4 epoch(s)
2026-05-06 06:08:13,575 [Trainer] :: Starting epoch 19
2026-05-06 06:13:35,720 [Trainer] :: Completed epoch 19: train_loss=0.155379 train_iou=0.859455 val_loss=0.279639 val_iou=0.612732 lr=0.00009902
2026-05-06 06:13:35,926 [Trainer] :: Updated latest checkpoint at epoch 19
2026-05-06 06:13:35,927 [Trainer] :: No validation IoU improvement for 5 epoch(s)
2026-05-06 06:13:35,927 [Trainer] :: Starting epoch 20
2026-05-06 06:18:01,426 [Trainer] :: Completed epoch 20: train_loss=0.156014 train_iou=0.856027 val_loss=0.347052 val_iou=0.547421 lr=0.00009892
2026-05-06 06:18:01,627 [Trainer] :: Updated latest checkpoint at epoch 20
2026-05-06 06:18:01,627 [Trainer] :: No validation IoU improvement for 6 epoch(s)
2026-05-06 06:18:01,627 [Trainer] :: Starting epoch 21
2026-05-06 06:22:24,202 [Trainer] :: Completed epoch 21: train_loss=0.152379 train_iou=0.855945 val_loss=0.288959 val_iou=0.658617 lr=0.00009881
2026-05-06 06:22:24,396 [Trainer] :: Updated latest checkpoint at epoch 21
2026-05-06 06:22:24,585 [Trainer] :: New best checkpoint saved with val_iou=0.658617
2026-05-06 06:22:24,585 [Trainer] :: Starting epoch 22
2026-05-06 06:26:35,922 [Trainer] :: Completed epoch 22: train_loss=0.144935 train_iou=0.864790 val_loss=0.265916 val_iou=0.652423 lr=0.00009869
2026-05-06 06:26:36,174 [Trainer] :: Updated latest checkpoint at epoch 22
2026-05-06 06:26:36,174 [Trainer] :: No validation IoU improvement for 1 epoch(s)
2026-05-06 06:26:36,174 [Trainer] :: Starting epoch 23
2026-05-06 06:30:41,641 [Trainer] :: Completed epoch 23: train_loss=0.142693 train_iou=0.865942 val_loss=0.275750 val_iou=0.650340 lr=0.00009857
2026-05-06 06:30:42,025 [Trainer] :: Updated latest checkpoint at epoch 23
2026-05-06 06:30:42,025 [Trainer] :: No validation IoU improvement for 2 epoch(s)
2026-05-06 06:30:42,025 [Trainer] :: Starting epoch 24
2026-05-06 06:34:52,792 [Trainer] :: Completed epoch 24: train_loss=0.138645 train_iou=0.870197 val_loss=0.299546 val_iou=0.609336 lr=0.00009844
2026-05-06 06:34:52,988 [Trainer] :: Updated latest checkpoint at epoch 24
2026-05-06 06:34:52,989 [Trainer] :: No validation IoU improvement for 3 epoch(s)
2026-05-06 06:34:52,989 [Trainer] :: Starting epoch 25
2026-05-06 06:44:58,304 [Trainer] :: Completed epoch 25: train_loss=0.135156 train_iou=0.873817 val_loss=0.281269 val_iou=0.653368 lr=0.00009831
2026-05-06 06:44:58,683 [Trainer] :: Updated latest checkpoint at epoch 25
2026-05-06 06:44:58,683 [Trainer] :: No validation IoU improvement for 4 epoch(s)
2026-05-06 06:44:58,683 [Trainer] :: Starting epoch 26
2026-05-06 06:49:46,857 [Trainer] :: Completed epoch 26: train_loss=0.134425 train_iou=0.873072 val_loss=0.290518 val_iou=0.617715 lr=0.00009818
2026-05-06 06:49:47,163 [Trainer] :: Updated latest checkpoint at epoch 26
2026-05-06 06:49:47,163 [Trainer] :: No validation IoU improvement for 5 epoch(s)
2026-05-06 06:49:47,163 [Trainer] :: Starting epoch 27
2026-05-06 06:54:09,142 [Trainer] :: Completed epoch 27: train_loss=0.134731 train_iou=0.873884 val_loss=0.288442 val_iou=0.628770 lr=0.00009803
2026-05-06 06:54:09,343 [Trainer] :: Updated latest checkpoint at epoch 27
2026-05-06 06:54:09,343 [Trainer] :: No validation IoU improvement for 6 epoch(s)
2026-05-06 06:54:09,343 [Trainer] :: Starting epoch 28
2026-05-06 07:00:03,629 [Trainer] :: Completed epoch 28: train_loss=0.128672 train_iou=0.876088 val_loss=0.297866 val_iou=0.612728 lr=0.00009789
2026-05-06 07:00:03,857 [Trainer] :: Updated latest checkpoint at epoch 28
2026-05-06 07:00:03,857 [Trainer] :: No validation IoU improvement for 7 epoch(s)
2026-05-06 07:00:03,857 [Trainer] :: Starting epoch 29
2026-05-06 07:05:12,656 [Trainer] :: Completed epoch 29: train_loss=0.128499 train_iou=0.876042 val_loss=0.306035 val_iou=0.653251 lr=0.00009773
2026-05-06 07:05:13,506 [Trainer] :: Updated latest checkpoint at epoch 29
2026-05-06 07:05:13,507 [Trainer] :: No validation IoU improvement for 8 epoch(s)
2026-05-06 07:05:13,507 [Trainer] :: Starting epoch 30
2026-05-06 07:12:38,047 [Trainer] :: Completed epoch 30: train_loss=0.125651 train_iou=0.880633 val_loss=0.299273 val_iou=0.626024 lr=0.00009758
2026-05-06 07:12:38,283 [Trainer] :: Updated latest checkpoint at epoch 30
2026-05-06 07:12:38,283 [Trainer] :: No validation IoU improvement for 9 epoch(s)
2026-05-06 07:12:38,283 [Trainer] :: Starting epoch 31
2026-05-06 07:17:10,074 [Trainer] :: Completed epoch 31: train_loss=0.123128 train_iou=0.881954 val_loss=0.276439 val_iou=0.655777 lr=0.00009741
2026-05-06 07:17:10,291 [Trainer] :: Updated latest checkpoint at epoch 31
2026-05-06 07:17:10,291 [Trainer] :: No validation IoU improvement for 10 epoch(s)
2026-05-06 07:17:10,291 [Trainer] :: Starting epoch 32
2026-05-06 07:21:10,614 [Trainer] :: Completed epoch 32: train_loss=0.121280 train_iou=0.883685 val_loss=0.267506 val_iou=0.665724 lr=0.00009725
2026-05-06 07:21:10,818 [Trainer] :: Updated latest checkpoint at epoch 32
2026-05-06 07:21:11,045 [Trainer] :: New best checkpoint saved with val_iou=0.665724
2026-05-06 07:21:11,045 [Trainer] :: Starting epoch 33
2026-05-06 07:27:08,249 [Trainer] :: Completed epoch 33: train_loss=0.116275 train_iou=0.889048 val_loss=0.286268 val_iou=0.666458 lr=0.00009707
2026-05-06 07:27:08,478 [Trainer] :: Updated latest checkpoint at epoch 33
2026-05-06 07:27:08,704 [Trainer] :: New best checkpoint saved with val_iou=0.666458
2026-05-06 07:27:08,704 [Trainer] :: Starting epoch 34
2026-05-06 07:31:12,696 [Trainer] :: Completed epoch 34: train_loss=0.116596 train_iou=0.888191 val_loss=0.288400 val_iou=0.643202 lr=0.00009690
2026-05-06 07:31:12,968 [Trainer] :: Updated latest checkpoint at epoch 34
2026-05-06 07:31:12,968 [Trainer] :: No validation IoU improvement for 1 epoch(s)
2026-05-06 07:31:12,968 [Trainer] :: Starting epoch 35
2026-05-06 07:35:11,744 [Trainer] :: Completed epoch 35: train_loss=0.116281 train_iou=0.889602 val_loss=0.277101 val_iou=0.666551 lr=0.00009671
2026-05-06 07:35:11,986 [Trainer] :: Updated latest checkpoint at epoch 35
2026-05-06 07:35:12,228 [Trainer] :: New best checkpoint saved with val_iou=0.666551
2026-05-06 07:35:12,228 [Trainer] :: Starting epoch 36
2026-05-06 07:42:41,221 [Trainer] :: Completed epoch 36: train_loss=0.116680 train_iou=0.886846 val_loss=0.292163 val_iou=0.618458 lr=0.00009652
2026-05-06 07:42:41,437 [Trainer] :: Updated latest checkpoint at epoch 36
2026-05-06 07:42:41,438 [Trainer] :: No validation IoU improvement for 1 epoch(s)
2026-05-06 07:42:41,438 [Trainer] :: Starting epoch 37
2026-05-06 07:46:44,936 [Trainer] :: Completed epoch 37: train_loss=0.113309 train_iou=0.891331 val_loss=0.292261 val_iou=0.651717 lr=0.00009633
2026-05-06 07:46:45,186 [Trainer] :: Updated latest checkpoint at epoch 37
2026-05-06 07:46:45,187 [Trainer] :: No validation IoU improvement for 2 epoch(s)
2026-05-06 07:46:45,187 [Trainer] :: Starting epoch 38
2026-05-06 07:50:44,975 [Trainer] :: Completed epoch 38: train_loss=0.112788 train_iou=0.891412 val_loss=0.293445 val_iou=0.631888 lr=0.00009613
2026-05-06 07:50:45,321 [Trainer] :: Updated latest checkpoint at epoch 38
2026-05-06 07:50:45,322 [Trainer] :: No validation IoU improvement for 3 epoch(s)
2026-05-06 07:50:45,322 [Trainer] :: Starting epoch 39
2026-05-06 07:59:50,408 [Trainer] :: Completed epoch 39: train_loss=0.112907 train_iou=0.891329 val_loss=0.294524 val_iou=0.645106 lr=0.00009593
2026-05-06 07:59:50,635 [Trainer] :: Updated latest checkpoint at epoch 39
2026-05-06 07:59:50,635 [Trainer] :: No validation IoU improvement for 4 epoch(s)
2026-05-06 07:59:50,635 [Trainer] :: Starting epoch 40
2026-05-06 08:04:07,169 [Trainer] :: Completed epoch 40: train_loss=0.111477 train_iou=0.893782 val_loss=0.288274 val_iou=0.642179 lr=0.00009572
2026-05-06 08:04:07,372 [Trainer] :: Updated latest checkpoint at epoch 40
2026-05-06 08:04:07,372 [Trainer] :: No validation IoU improvement for 5 epoch(s)
2026-05-06 08:04:07,372 [Trainer] :: Starting epoch 41
2026-05-06 08:08:34,636 [Trainer] :: Completed epoch 41: train_loss=0.109765 train_iou=0.897028 val_loss=0.293089 val_iou=0.667995 lr=0.00009551
2026-05-06 08:08:34,859 [Trainer] :: Updated latest checkpoint at epoch 41
2026-05-06 08:08:35,076 [Trainer] :: New best checkpoint saved with val_iou=0.667995
2026-05-06 08:08:35,076 [Trainer] :: Starting epoch 42
2026-05-06 08:12:36,150 [Trainer] :: Completed epoch 42: train_loss=0.105150 train_iou=0.899114 val_loss=0.339923 val_iou=0.597435 lr=0.00009529
2026-05-06 08:12:36,386 [Trainer] :: Updated latest checkpoint at epoch 42
2026-05-06 08:12:36,387 [Trainer] :: No validation IoU improvement for 1 epoch(s)
2026-05-06 08:12:36,387 [Trainer] :: Starting epoch 43
2026-05-06 08:16:31,415 [Trainer] :: Completed epoch 43: train_loss=0.106168 train_iou=0.896362 val_loss=0.283661 val_iou=0.647720 lr=0.00009507
2026-05-06 08:16:31,615 [Trainer] :: Updated latest checkpoint at epoch 43
2026-05-06 08:16:31,615 [Trainer] :: No validation IoU improvement for 2 epoch(s)
2026-05-06 08:16:31,615 [Trainer] :: Starting epoch 44
2026-05-06 08:20:27,586 [Trainer] :: Completed epoch 44: train_loss=0.103872 train_iou=0.898927 val_loss=0.287563 val_iou=0.649137 lr=0.00009484
2026-05-06 08:20:27,790 [Trainer] :: Updated latest checkpoint at epoch 44
2026-05-06 08:20:27,790 [Trainer] :: No validation IoU improvement for 3 epoch(s)
2026-05-06 08:20:27,790 [Trainer] :: Starting epoch 45
2026-05-06 08:24:36,538 [Trainer] :: Completed epoch 45: train_loss=0.105505 train_iou=0.898299 val_loss=0.297704 val_iou=0.650431 lr=0.00009460
2026-05-06 08:24:36,741 [Trainer] :: Updated latest checkpoint at epoch 45
2026-05-06 08:24:36,741 [Trainer] :: No validation IoU improvement for 4 epoch(s)
2026-05-06 08:24:36,741 [Trainer] :: Starting epoch 46
2026-05-06 08:28:37,503 [Trainer] :: Completed epoch 46: train_loss=0.102145 train_iou=0.901967 val_loss=0.293060 val_iou=0.652228 lr=0.00009437
2026-05-06 08:28:37,746 [Trainer] :: Updated latest checkpoint at epoch 46
2026-05-06 08:28:37,746 [Trainer] :: No validation IoU improvement for 5 epoch(s)
2026-05-06 08:28:37,746 [Trainer] :: Starting epoch 47
2026-05-06 08:32:53,683 [Trainer] :: Completed epoch 47: train_loss=0.102073 train_iou=0.901707 val_loss=0.333172 val_iou=0.595151 lr=0.00009412
2026-05-06 08:32:53,890 [Trainer] :: Updated latest checkpoint at epoch 47
2026-05-06 08:32:53,890 [Trainer] :: No validation IoU improvement for 6 epoch(s)
2026-05-06 08:32:53,890 [Trainer] :: Starting epoch 48
2026-05-06 08:38:05,863 [Trainer] :: Completed epoch 48: train_loss=0.098922 train_iou=0.905027 val_loss=0.317736 val_iou=0.610510 lr=0.00009388
2026-05-06 08:38:06,088 [Trainer] :: Updated latest checkpoint at epoch 48
2026-05-06 08:38:06,088 [Trainer] :: No validation IoU improvement for 7 epoch(s)
2026-05-06 08:38:06,088 [Trainer] :: Starting epoch 49
2026-05-06 08:42:20,487 [Trainer] :: Completed epoch 49: train_loss=0.098669 train_iou=0.905360 val_loss=0.309449 val_iou=0.633837 lr=0.00009363
2026-05-06 08:42:20,713 [Trainer] :: Updated latest checkpoint at epoch 49
2026-05-06 08:42:20,713 [Trainer] :: No validation IoU improvement for 8 epoch(s)
2026-05-06 08:42:20,713 [Trainer] :: Starting epoch 50
2026-05-06 08:46:40,026 [Trainer] :: Completed epoch 50: train_loss=0.098228 train_iou=0.905885 val_loss=0.289402 val_iou=0.650129 lr=0.00009337
2026-05-06 08:46:40,251 [Trainer] :: Updated latest checkpoint at epoch 50
2026-05-06 08:46:40,252 [Trainer] :: No validation IoU improvement for 9 epoch(s)
2026-05-06 08:46:40,252 [Trainer] :: Starting epoch 51
2026-05-06 08:51:17,791 [Trainer] :: Completed epoch 51: train_loss=0.098653 train_iou=0.906098 val_loss=0.306776 val_iou=0.651423 lr=0.00009311
2026-05-06 08:51:18,005 [Trainer] :: Updated latest checkpoint at epoch 51
2026-05-06 08:51:18,005 [Trainer] :: No validation IoU improvement for 10 epoch(s)
2026-05-06 08:51:18,005 [Trainer] :: Starting epoch 52
2026-05-06 08:55:20,374 [Trainer] :: Completed epoch 52: train_loss=0.099494 train_iou=0.902968 val_loss=0.332149 val_iou=0.650440 lr=0.00009284
2026-05-06 08:55:20,731 [Trainer] :: Updated latest checkpoint at epoch 52
2026-05-06 08:55:20,731 [Trainer] :: No validation IoU improvement for 11 epoch(s)
2026-05-06 08:55:20,731 [Trainer] :: Starting epoch 53
2026-05-06 08:59:22,046 [Trainer] :: Completed epoch 53: train_loss=0.096168 train_iou=0.907983 val_loss=0.296824 val_iou=0.646911 lr=0.00009257
2026-05-06 08:59:22,274 [Trainer] :: Updated latest checkpoint at epoch 53
2026-05-06 08:59:22,274 [Trainer] :: No validation IoU improvement for 12 epoch(s)
2026-05-06 08:59:22,274 [Trainer] :: Starting epoch 54
2026-05-06 09:03:52,805 [Trainer] :: Completed epoch 54: train_loss=0.094160 train_iou=0.910303 val_loss=0.291273 val_iou=0.652344 lr=0.00009229
2026-05-06 09:03:53,157 [Trainer] :: Updated latest checkpoint at epoch 54
2026-05-06 09:03:53,157 [Trainer] :: No validation IoU improvement for 13 epoch(s)
2026-05-06 09:03:53,157 [Trainer] :: Starting epoch 55
2026-05-06 09:10:59,849 [Trainer] :: Completed epoch 55: train_loss=0.113437 train_iou=0.903242 val_loss=0.303790 val_iou=0.650995 lr=0.00009201
2026-05-06 09:11:00,488 [Trainer] :: Updated latest checkpoint at epoch 55
2026-05-06 09:11:00,489 [Trainer] :: No validation IoU improvement for 14 epoch(s)
2026-05-06 09:11:00,489 [Trainer] :: Starting epoch 56
2026-05-06 09:15:36,933 [Trainer] :: Completed epoch 56: train_loss=0.094300 train_iou=0.909770 val_loss=0.315473 val_iou=0.640944 lr=0.00009173
2026-05-06 09:15:37,286 [Trainer] :: Updated latest checkpoint at epoch 56
2026-05-06 09:15:37,286 [Trainer] :: No validation IoU improvement for 15 epoch(s)
2026-05-06 09:15:37,286 [Trainer] :: Starting epoch 57
2026-05-06 09:19:44,377 [Trainer] :: Completed epoch 57: train_loss=0.092520 train_iou=0.910625 val_loss=0.316636 val_iou=0.656084 lr=0.00009144
2026-05-06 09:19:44,574 [Trainer] :: Updated latest checkpoint at epoch 57
2026-05-06 09:19:44,574 [Trainer] :: No validation IoU improvement for 16 epoch(s)
2026-05-06 09:19:44,574 [Trainer] :: Starting epoch 58
2026-05-06 09:23:58,785 [Trainer] :: Completed epoch 58: train_loss=0.093708 train_iou=0.910835 val_loss=0.319044 val_iou=0.622068 lr=0.00009115
2026-05-06 09:23:58,987 [Trainer] :: Updated latest checkpoint at epoch 58
2026-05-06 09:23:58,987 [Trainer] :: No validation IoU improvement for 17 epoch(s)
2026-05-06 09:23:58,987 [Trainer] :: Starting epoch 59
2026-05-06 09:28:09,073 [Trainer] :: Completed epoch 59: train_loss=0.092279 train_iou=0.911705 val_loss=0.346855 val_iou=0.576698 lr=0.00009085
2026-05-06 09:28:09,428 [Trainer] :: Updated latest checkpoint at epoch 59
2026-05-06 09:28:09,428 [Trainer] :: No validation IoU improvement for 18 epoch(s)
2026-05-06 09:28:09,428 [Trainer] :: Starting epoch 60
2026-05-06 09:32:24,402 [Trainer] :: Completed epoch 60: train_loss=0.092770 train_iou=0.912577 val_loss=0.317710 val_iou=0.617944 lr=0.00009055
2026-05-06 09:32:24,610 [Trainer] :: Updated latest checkpoint at epoch 60
2026-05-06 09:32:24,610 [Trainer] :: No validation IoU improvement for 19 epoch(s)
2026-05-06 09:32:24,610 [Trainer] :: Starting epoch 61
2026-05-06 09:36:33,834 [Trainer] :: Completed epoch 61: train_loss=0.090794 train_iou=0.913461 val_loss=0.321853 val_iou=0.622529 lr=0.00009024
2026-05-06 09:36:34,053 [Trainer] :: Updated latest checkpoint at epoch 61
2026-05-06 09:36:34,053 [Trainer] :: No validation IoU improvement for 20 epoch(s)
2026-05-06 09:36:34,053 [Trainer] :: Starting epoch 62
2026-05-06 09:41:02,290 [Trainer] :: Completed epoch 62: train_loss=0.090866 train_iou=0.912911 val_loss=0.308099 val_iou=0.648286 lr=0.00008993
2026-05-06 09:41:02,489 [Trainer] :: Updated latest checkpoint at epoch 62
2026-05-06 09:41:02,489 [Trainer] :: No validation IoU improvement for 21 epoch(s)
2026-05-06 09:41:02,489 [Trainer] :: Starting epoch 63
2026-05-06 09:45:12,391 [Trainer] :: Completed epoch 63: train_loss=0.088888 train_iou=0.913835 val_loss=0.318349 val_iou=0.629813 lr=0.00008961
2026-05-06 09:45:13,522 [Trainer] :: Updated latest checkpoint at epoch 63
2026-05-06 09:45:13,523 [Trainer] :: No validation IoU improvement for 22 epoch(s)
2026-05-06 09:45:13,523 [Trainer] :: Starting epoch 64
2026-05-06 09:49:15,673 [Trainer] :: Completed epoch 64: train_loss=0.089895 train_iou=0.915024 val_loss=0.311858 val_iou=0.642916 lr=0.00008929
2026-05-06 09:49:16,086 [Trainer] :: Updated latest checkpoint at epoch 64
2026-05-06 09:49:16,087 [Trainer] :: No validation IoU improvement for 23 epoch(s)
2026-05-06 09:49:16,087 [Trainer] :: Starting epoch 65
2026-05-06 09:54:05,219 [Trainer] :: Completed epoch 65: train_loss=0.088244 train_iou=0.915316 val_loss=0.312207 val_iou=0.638510 lr=0.00008897
2026-05-06 09:54:05,457 [Trainer] :: Updated latest checkpoint at epoch 65
2026-05-06 09:54:05,457 [Trainer] :: No validation IoU improvement for 24 epoch(s)
2026-05-06 09:54:05,457 [Trainer] :: Starting epoch 66
2026-05-06 09:58:08,572 [Trainer] :: Completed epoch 66: train_loss=0.087629 train_iou=0.916765 val_loss=0.359868 val_iou=0.587785 lr=0.00008864
2026-05-06 09:58:08,791 [Trainer] :: Updated latest checkpoint at epoch 66
2026-05-06 09:58:08,791 [Trainer] :: No validation IoU improvement for 25 epoch(s)
2026-05-06 09:58:08,791 [Trainer] :: Starting epoch 67
2026-05-06 10:02:18,617 [Trainer] :: Completed epoch 67: train_loss=0.086642 train_iou=0.915263 val_loss=0.309278 val_iou=0.651570 lr=0.00008831
2026-05-06 10:02:18,803 [Trainer] :: Updated latest checkpoint at epoch 67
2026-05-06 10:02:18,803 [Trainer] :: No validation IoU improvement for 26 epoch(s)
2026-05-06 10:02:18,803 [Trainer] :: Starting epoch 68
2026-05-06 10:10:03,695 [Trainer] :: Completed epoch 68: train_loss=0.085839 train_iou=0.916945 val_loss=0.304977 val_iou=0.653427 lr=0.00008797
2026-05-06 10:10:04,152 [Trainer] :: Updated latest checkpoint at epoch 68
2026-05-06 10:10:04,152 [Trainer] :: No validation IoU improvement for 27 epoch(s)
2026-05-06 10:10:04,152 [Trainer] :: Starting epoch 69
2026-05-06 10:14:30,655 [Trainer] :: Completed epoch 69: train_loss=0.087904 train_iou=0.916158 val_loss=0.302538 val_iou=0.646943 lr=0.00008763
2026-05-06 10:14:30,879 [Trainer] :: Updated latest checkpoint at epoch 69
2026-05-06 10:14:30,880 [Trainer] :: No validation IoU improvement for 28 epoch(s)
2026-05-06 10:14:30,880 [Trainer] :: Starting epoch 70
2026-05-06 10:19:05,947 [Trainer] :: Completed epoch 70: train_loss=0.085417 train_iou=0.917948 val_loss=0.322075 val_iou=0.643291 lr=0.00008729
2026-05-06 10:19:06,336 [Trainer] :: Updated latest checkpoint at epoch 70
2026-05-06 10:19:06,337 [Trainer] :: No validation IoU improvement for 29 epoch(s)
2026-05-06 10:19:06,337 [Trainer] :: Starting epoch 71
2026-05-06 10:23:48,142 [Trainer] :: Completed epoch 71: train_loss=0.084738 train_iou=0.919349 val_loss=0.322289 val_iou=0.635218 lr=0.00008694
2026-05-06 10:23:48,408 [Trainer] :: Updated latest checkpoint at epoch 71
2026-05-06 10:23:48,408 [Trainer] :: No validation IoU improvement for 30 epoch(s)
2026-05-06 10:23:48,408 [Trainer] :: Starting epoch 72
2026-05-06 10:28:40,374 [Trainer] :: Completed epoch 72: train_loss=0.083708 train_iou=0.918024 val_loss=0.321905 val_iou=0.617102 lr=0.00008658
2026-05-06 10:28:40,674 [Trainer] :: Updated latest checkpoint at epoch 72
2026-05-06 10:28:40,675 [Trainer] :: No validation IoU improvement for 31 epoch(s)
2026-05-06 10:28:40,675 [Trainer] :: Starting epoch 73
2026-05-06 10:33:15,480 [Trainer] :: Completed epoch 73: train_loss=0.083834 train_iou=0.920458 val_loss=0.317880 val_iou=0.640778 lr=0.00008623
2026-05-06 10:33:15,822 [Trainer] :: Updated latest checkpoint at epoch 73
2026-05-06 10:33:15,822 [Trainer] :: No validation IoU improvement for 32 epoch(s)
2026-05-06 10:33:15,822 [Trainer] :: Starting epoch 74
2026-05-06 10:38:11,800 [Trainer] :: Completed epoch 74: train_loss=0.081863 train_iou=0.921110 val_loss=0.314890 val_iou=0.644759 lr=0.00008587
2026-05-06 10:38:12,002 [Trainer] :: Updated latest checkpoint at epoch 74
2026-05-06 10:38:12,003 [Trainer] :: No validation IoU improvement for 33 epoch(s)
2026-05-06 10:38:12,003 [Trainer] :: Starting epoch 75
2026-05-06 10:43:03,923 [Trainer] :: Completed epoch 75: train_loss=0.083888 train_iou=0.920268 val_loss=0.322682 val_iou=0.649255 lr=0.00008550
2026-05-06 10:43:04,312 [Trainer] :: Updated latest checkpoint at epoch 75
2026-05-06 10:43:04,313 [Trainer] :: No validation IoU improvement for 34 epoch(s)
2026-05-06 10:43:04,313 [Trainer] :: Starting epoch 76
2026-05-06 10:47:17,019 [Trainer] :: Completed epoch 76: train_loss=0.080291 train_iou=0.921146 val_loss=0.325881 val_iou=0.643165 lr=0.00008513
2026-05-06 10:47:17,410 [Trainer] :: Updated latest checkpoint at epoch 76
2026-05-06 10:47:17,410 [Trainer] :: No validation IoU improvement for 35 epoch(s)
2026-05-06 10:47:17,410 [Trainer] :: Starting epoch 77
2026-05-06 10:51:40,505 [Trainer] :: Completed epoch 77: train_loss=0.082644 train_iou=0.921772 val_loss=0.314539 val_iou=0.640224 lr=0.00008476
2026-05-06 10:51:40,900 [Trainer] :: Updated latest checkpoint at epoch 77
2026-05-06 10:51:40,900 [Trainer] :: No validation IoU improvement for 36 epoch(s)
2026-05-06 10:51:40,900 [Trainer] :: Starting epoch 78
2026-05-06 10:55:59,275 [Trainer] :: Completed epoch 78: train_loss=0.082418 train_iou=0.921453 val_loss=0.321133 val_iou=0.639371 lr=0.00008439
2026-05-06 10:55:59,500 [Trainer] :: Updated latest checkpoint at epoch 78
2026-05-06 10:55:59,500 [Trainer] :: No validation IoU improvement for 37 epoch(s)
2026-05-06 10:55:59,500 [Trainer] :: Starting epoch 79
2026-05-06 11:00:10,287 [Trainer] :: Completed epoch 79: train_loss=0.082483 train_iou=0.920474 val_loss=0.366471 val_iou=0.599876 lr=0.00008401
2026-05-06 11:00:10,799 [Trainer] :: Updated latest checkpoint at epoch 79
2026-05-06 11:00:10,799 [Trainer] :: No validation IoU improvement for 38 epoch(s)
2026-05-06 11:00:10,799 [Trainer] :: Starting epoch 80
2026-05-06 11:06:03,695 [Trainer] :: Completed epoch 80: train_loss=0.081236 train_iou=0.921652 val_loss=0.338353 val_iou=0.631070 lr=0.00008362
2026-05-06 11:06:03,931 [Trainer] :: Updated latest checkpoint at epoch 80
2026-05-06 11:06:03,932 [Trainer] :: No validation IoU improvement for 39 epoch(s)
2026-05-06 11:06:03,932 [Trainer] :: Starting epoch 81
2026-05-06 11:12:00,292 [Trainer] :: Completed epoch 81: train_loss=0.080993 train_iou=0.921951 val_loss=0.332513 val_iou=0.612099 lr=0.00008323
2026-05-06 11:12:00,518 [Trainer] :: Updated latest checkpoint at epoch 81
2026-05-06 11:12:00,519 [Trainer] :: No validation IoU improvement for 40 epoch(s)
2026-05-06 11:12:00,519 [Trainer] :: Starting epoch 82
2026-05-06 11:16:34,387 [Trainer] :: Completed epoch 82: train_loss=0.080197 train_iou=0.921576 val_loss=0.321695 val_iou=0.650277 lr=0.00008284
2026-05-06 11:16:34,591 [Trainer] :: Updated latest checkpoint at epoch 82
2026-05-06 11:16:34,591 [Trainer] :: No validation IoU improvement for 41 epoch(s)
2026-05-06 11:16:34,591 [Trainer] :: Starting epoch 83
2026-05-06 11:22:57,643 [Trainer] :: Completed epoch 83: train_loss=0.080285 train_iou=0.923448 val_loss=0.364991 val_iou=0.596874 lr=0.00008245
2026-05-06 11:22:57,864 [Trainer] :: Updated latest checkpoint at epoch 83
2026-05-06 11:22:57,864 [Trainer] :: No validation IoU improvement for 42 epoch(s)
2026-05-06 11:22:57,864 [Trainer] :: Starting epoch 84
2026-05-06 11:29:28,178 [Trainer] :: Completed epoch 84: train_loss=0.078106 train_iou=0.924201 val_loss=0.319279 val_iou=0.660226 lr=0.00008205
2026-05-06 11:29:28,491 [Trainer] :: Updated latest checkpoint at epoch 84
2026-05-06 11:29:28,491 [Trainer] :: No validation IoU improvement for 43 epoch(s)
2026-05-06 11:29:28,491 [Trainer] :: Starting epoch 85
2026-05-06 11:35:10,103 [Trainer] :: Completed epoch 85: train_loss=0.079504 train_iou=0.922944 val_loss=0.311062 val_iou=0.655309 lr=0.00008165
2026-05-06 11:35:10,354 [Trainer] :: Updated latest checkpoint at epoch 85
2026-05-06 11:35:10,354 [Trainer] :: No validation IoU improvement for 44 epoch(s)
2026-05-06 11:35:10,354 [Trainer] :: Starting epoch 86
2026-05-06 11:41:07,778 [Trainer] :: Completed epoch 86: train_loss=0.077754 train_iou=0.924335 val_loss=0.330080 val_iou=0.644533 lr=0.00008125
2026-05-06 11:41:08,041 [Trainer] :: Updated latest checkpoint at epoch 86
2026-05-06 11:41:08,041 [Trainer] :: No validation IoU improvement for 45 epoch(s)
2026-05-06 11:41:08,041 [Trainer] :: Starting epoch 87
2026-05-06 11:46:25,003 [Trainer] :: Completed epoch 87: train_loss=0.077362 train_iou=0.924700 val_loss=0.322081 val_iou=0.653916 lr=0.00008084
2026-05-06 11:46:25,267 [Trainer] :: Updated latest checkpoint at epoch 87
2026-05-06 11:46:25,267 [Trainer] :: No validation IoU improvement for 46 epoch(s)
2026-05-06 11:46:25,267 [Trainer] :: Starting epoch 88
2026-05-06 11:51:37,667 [Trainer] :: Completed epoch 88: train_loss=0.078316 train_iou=0.923646 val_loss=0.323462 val_iou=0.650180 lr=0.00008043
2026-05-06 11:51:38,016 [Trainer] :: Updated latest checkpoint at epoch 88
2026-05-06 11:51:38,016 [Trainer] :: No validation IoU improvement for 47 epoch(s)
2026-05-06 11:51:38,016 [Trainer] :: Starting epoch 89
2026-05-06 11:56:48,476 [Trainer] :: Completed epoch 89: train_loss=0.078988 train_iou=0.924650 val_loss=0.336270 val_iou=0.629522 lr=0.00008001
2026-05-06 11:56:48,776 [Trainer] :: Updated latest checkpoint at epoch 89
2026-05-06 11:56:48,776 [Trainer] :: No validation IoU improvement for 48 epoch(s)
2026-05-06 11:56:48,776 [Trainer] :: Starting epoch 90
2026-05-06 12:05:01,121 [Trainer] :: Completed epoch 90: train_loss=0.077296 train_iou=0.925415 val_loss=0.322174 val_iou=0.637997 lr=0.00007960
2026-05-06 12:05:01,368 [Trainer] :: Updated latest checkpoint at epoch 90
2026-05-06 12:05:01,368 [Trainer] :: No validation IoU improvement for 49 epoch(s)
2026-05-06 12:05:01,368 [Trainer] :: Starting epoch 91
2026-05-06 12:09:27,032 [Trainer] :: Completed epoch 91: train_loss=0.076515 train_iou=0.925744 val_loss=0.310339 val_iou=0.660790 lr=0.00007917
2026-05-06 12:09:27,240 [Trainer] :: Updated latest checkpoint at epoch 91
2026-05-06 12:09:27,240 [Trainer] :: No validation IoU improvement for 50 epoch(s)
2026-05-06 12:09:27,240 [Trainer] :: Starting epoch 92
2026-05-06 12:13:37,109 [Trainer] :: Completed epoch 92: train_loss=0.074564 train_iou=0.927780 val_loss=0.321415 val_iou=0.650111 lr=0.00007875
2026-05-06 12:13:37,352 [Trainer] :: Updated latest checkpoint at epoch 92
2026-05-06 12:13:37,353 [Trainer] :: No validation IoU improvement for 51 epoch(s)
2026-05-06 12:13:37,353 [Trainer] :: Starting epoch 93
2026-05-06 12:17:50,257 [Trainer] :: Completed epoch 93: train_loss=0.076802 train_iou=0.925911 val_loss=0.338408 val_iou=0.627551 lr=0.00007832
2026-05-06 12:17:50,463 [Trainer] :: Updated latest checkpoint at epoch 93
2026-05-06 12:17:50,463 [Trainer] :: No validation IoU improvement for 52 epoch(s)
2026-05-06 12:17:50,463 [Trainer] :: Starting epoch 94
2026-05-06 12:22:47,365 [Trainer] :: Completed epoch 94: train_loss=0.075309 train_iou=0.927442 val_loss=0.332400 val_iou=0.640282 lr=0.00007789
2026-05-06 12:22:47,596 [Trainer] :: Updated latest checkpoint at epoch 94
2026-05-06 12:22:47,596 [Trainer] :: No validation IoU improvement for 53 epoch(s)
2026-05-06 12:22:47,596 [Trainer] :: Starting epoch 95
2026-05-06 12:28:32,787 [Trainer] :: Completed epoch 95: train_loss=0.075864 train_iou=0.926767 val_loss=0.341592 val_iou=0.632556 lr=0.00007746
2026-05-06 12:28:33,236 [Trainer] :: Updated latest checkpoint at epoch 95
2026-05-06 12:28:33,237 [Trainer] :: No validation IoU improvement for 54 epoch(s)
2026-05-06 12:28:33,237 [Trainer] :: Starting epoch 96
2026-05-06 12:33:55,362 [Trainer] :: Completed epoch 96: train_loss=0.077827 train_iou=0.924250 val_loss=0.319518 val_iou=0.649946 lr=0.00007702
2026-05-06 12:33:55,597 [Trainer] :: Updated latest checkpoint at epoch 96
2026-05-06 12:33:55,597 [Trainer] :: No validation IoU improvement for 55 epoch(s)
2026-05-06 12:33:55,597 [Trainer] :: Starting epoch 97
2026-05-06 12:39:18,467 [Trainer] :: Completed epoch 97: train_loss=0.076350 train_iou=0.926048 val_loss=0.324474 val_iou=0.652056 lr=0.00007658
2026-05-06 12:39:18,989 [Trainer] :: Updated latest checkpoint at epoch 97
2026-05-06 12:39:18,990 [Trainer] :: No validation IoU improvement for 56 epoch(s)
2026-05-06 12:39:18,990 [Trainer] :: Starting epoch 98
2026-05-06 12:44:45,049 [Trainer] :: Completed epoch 98: train_loss=0.074565 train_iou=0.927734 val_loss=0.327681 val_iou=0.655740 lr=0.00007614
2026-05-06 12:44:45,331 [Trainer] :: Updated latest checkpoint at epoch 98
2026-05-06 12:44:45,331 [Trainer] :: No validation IoU improvement for 57 epoch(s)
2026-05-06 12:44:45,332 [Trainer] :: Starting epoch 99
2026-05-06 12:49:28,754 [Trainer] :: Completed epoch 99: train_loss=0.075120 train_iou=0.927595 val_loss=0.347561 val_iou=0.630400 lr=0.00007570
2026-05-06 12:49:28,970 [Trainer] :: Updated latest checkpoint at epoch 99
2026-05-06 12:49:28,970 [Trainer] :: No validation IoU improvement for 58 epoch(s)
2026-05-06 12:49:28,970 [Trainer] :: Starting epoch 100
2026-05-06 12:53:29,909 [Trainer] :: Completed epoch 100: train_loss=0.074005 train_iou=0.928542 val_loss=0.325604 val_iou=0.640383 lr=0.00007525
2026-05-06 12:53:30,108 [Trainer] :: Updated latest checkpoint at epoch 100
2026-05-06 12:53:30,108 [Trainer] :: No validation IoU improvement for 59 epoch(s)
2026-05-06 12:53:30,108 [Trainer] :: Starting epoch 101
2026-05-06 12:57:26,034 [Trainer] :: Completed epoch 101: train_loss=0.073725 train_iou=0.928506 val_loss=0.333686 val_iou=0.644114 lr=0.00007480
2026-05-06 12:57:26,232 [Trainer] :: Updated latest checkpoint at epoch 101
2026-05-06 12:57:26,232 [Trainer] :: No validation IoU improvement for 60 epoch(s)
2026-05-06 12:57:26,232 [Trainer] :: Early stopping triggered after 60 epoch(s) without improvement
2026-05-06 13:01:21,880 [Trainer] :: Wrote training history to outputs/runs/rgb_segformer_b1_fuzzy_halo_seed45_20260506T023310Z/metrics/history.json
2026-05-06 13:01:21,915 [Trainer] :: Wrote test summary to outputs/runs/rgb_segformer_b1_fuzzy_halo_seed45_20260506T023310Z/metrics/test_summary.json
2026-05-06 13:01:21,915 [Trainer] :: Training completed
