2026-05-05 17:27:19,802 [Trainer] :: Training run initialized at /ceph/home/student.aau.dk/qd36zu/fuzzy-p10/tbd/masking/outputs/runs/rgb_deeplabv3plus_resnet50_fuzzy_halo_seed51_20260505T152719Z
2026-05-05 17:27:19,802 [Trainer] :: Loaded config from /ceph/home/student.aau.dk/qd36zu/fuzzy-p10/tbd/masking/configs/fuzzy/rgb_deeplabv3plus_resnet50.yaml
2026-05-05 17:27:19,802 [Trainer] :: Using seed=51 and device=None
2026-05-05 17:27:19,802 [Trainer] :: Using model architecture=DeepLabV3Plus encoder=resnet50 encoder_weights=imagenet
2026-05-05 17:27:20,421 [Trainer] :: Resolved runtime device to cuda
2026-05-05 17:27:20,422 [Trainer] :: Prepared normalization from source=imagenet
2026-05-05 17:27:25,574 [Trainer] :: Built dataloaders with batch_size=16, num_workers=0
2026-05-05 17:27:25,575 [Trainer] :: Starting epoch 1
2026-05-05 17:32:19,485 [Trainer] :: Completed epoch 1: train_loss=0.366107 train_iou=0.711355 val_loss=0.329838 val_iou=0.588130 lr=0.00010000
2026-05-05 17:32:20,106 [Trainer] :: Updated latest checkpoint at epoch 1
2026-05-05 17:32:20,666 [Trainer] :: New best checkpoint saved with val_iou=0.588130
2026-05-05 17:32:20,666 [Trainer] :: Starting epoch 2
2026-05-05 17:37:00,299 [Trainer] :: Completed epoch 2: train_loss=0.282985 train_iou=0.770656 val_loss=0.312259 val_iou=0.600972 lr=0.00009999
2026-05-05 17:37:00,670 [Trainer] :: Updated latest checkpoint at epoch 2
2026-05-05 17:37:01,011 [Trainer] :: New best checkpoint saved with val_iou=0.600972
2026-05-05 17:37:01,012 [Trainer] :: Starting epoch 3
2026-05-05 17:41:38,614 [Trainer] :: Completed epoch 3: train_loss=0.265231 train_iou=0.784689 val_loss=0.316526 val_iou=0.576141 lr=0.00009998
2026-05-05 17:41:39,221 [Trainer] :: Updated latest checkpoint at epoch 3
2026-05-05 17:41:39,221 [Trainer] :: No validation IoU improvement for 1 epoch(s)
2026-05-05 17:41:39,222 [Trainer] :: Starting epoch 4
2026-05-05 17:46:38,356 [Trainer] :: Completed epoch 4: train_loss=0.247507 train_iou=0.799575 val_loss=0.311232 val_iou=0.619234 lr=0.00009996
2026-05-05 17:46:38,965 [Trainer] :: Updated latest checkpoint at epoch 4
2026-05-05 17:46:39,654 [Trainer] :: New best checkpoint saved with val_iou=0.619234
2026-05-05 17:46:39,654 [Trainer] :: Starting epoch 5
2026-05-05 17:51:42,781 [Trainer] :: Completed epoch 5: train_loss=0.231999 train_iou=0.812674 val_loss=0.316249 val_iou=0.562113 lr=0.00009993
2026-05-05 17:51:43,409 [Trainer] :: Updated latest checkpoint at epoch 5
2026-05-05 17:51:43,409 [Trainer] :: No validation IoU improvement for 1 epoch(s)
2026-05-05 17:51:43,409 [Trainer] :: Starting epoch 6
2026-05-05 17:56:40,771 [Trainer] :: Completed epoch 6: train_loss=0.227081 train_iou=0.819425 val_loss=0.324836 val_iou=0.556606 lr=0.00009990
2026-05-05 17:56:41,130 [Trainer] :: Updated latest checkpoint at epoch 6
2026-05-05 17:56:41,130 [Trainer] :: No validation IoU improvement for 2 epoch(s)
2026-05-05 17:56:41,130 [Trainer] :: Starting epoch 7
2026-05-05 18:02:22,359 [Trainer] :: Completed epoch 7: train_loss=0.208828 train_iou=0.834439 val_loss=0.303775 val_iou=0.596211 lr=0.00009987
2026-05-05 18:02:22,734 [Trainer] :: Updated latest checkpoint at epoch 7
2026-05-05 18:02:22,734 [Trainer] :: No validation IoU improvement for 3 epoch(s)
2026-05-05 18:02:22,734 [Trainer] :: Starting epoch 8
2026-05-05 18:07:04,133 [Trainer] :: Completed epoch 8: train_loss=0.210925 train_iou=0.827905 val_loss=0.296125 val_iou=0.604150 lr=0.00009983
2026-05-05 18:07:04,505 [Trainer] :: Updated latest checkpoint at epoch 8
2026-05-05 18:07:04,505 [Trainer] :: No validation IoU improvement for 4 epoch(s)
2026-05-05 18:07:04,505 [Trainer] :: Starting epoch 9
2026-05-05 18:12:07,722 [Trainer] :: Completed epoch 9: train_loss=0.202318 train_iou=0.834286 val_loss=0.314459 val_iou=0.571957 lr=0.00009978
2026-05-05 18:12:08,117 [Trainer] :: Updated latest checkpoint at epoch 9
2026-05-05 18:12:08,117 [Trainer] :: No validation IoU improvement for 5 epoch(s)
2026-05-05 18:12:08,117 [Trainer] :: Starting epoch 10
2026-05-05 18:17:26,704 [Trainer] :: Completed epoch 10: train_loss=0.198409 train_iou=0.837728 val_loss=0.300765 val_iou=0.611988 lr=0.00009973
2026-05-05 18:17:27,257 [Trainer] :: Updated latest checkpoint at epoch 10
2026-05-05 18:17:27,257 [Trainer] :: No validation IoU improvement for 6 epoch(s)
2026-05-05 18:17:27,257 [Trainer] :: Starting epoch 11
2026-05-05 18:22:26,611 [Trainer] :: Completed epoch 11: train_loss=0.190646 train_iou=0.845399 val_loss=0.339834 val_iou=0.552049 lr=0.00009967
2026-05-05 18:22:26,949 [Trainer] :: Updated latest checkpoint at epoch 11
2026-05-05 18:22:26,949 [Trainer] :: No validation IoU improvement for 7 epoch(s)
2026-05-05 18:22:26,949 [Trainer] :: Starting epoch 12
2026-05-05 18:27:45,141 [Trainer] :: Completed epoch 12: train_loss=0.181966 train_iou=0.848447 val_loss=0.318010 val_iou=0.574728 lr=0.00009961
2026-05-05 18:27:45,503 [Trainer] :: Updated latest checkpoint at epoch 12
2026-05-05 18:27:45,503 [Trainer] :: No validation IoU improvement for 8 epoch(s)
2026-05-05 18:27:45,503 [Trainer] :: Starting epoch 13
2026-05-05 18:32:18,010 [Trainer] :: Completed epoch 13: train_loss=0.170082 train_iou=0.856298 val_loss=0.307584 val_iou=0.602191 lr=0.00009954
2026-05-05 18:32:18,378 [Trainer] :: Updated latest checkpoint at epoch 13
2026-05-05 18:32:18,378 [Trainer] :: No validation IoU improvement for 9 epoch(s)
2026-05-05 18:32:18,378 [Trainer] :: Starting epoch 14
2026-05-05 18:37:00,019 [Trainer] :: Completed epoch 14: train_loss=0.173050 train_iou=0.851788 val_loss=0.336020 val_iou=0.555336 lr=0.00009947
2026-05-05 18:37:00,634 [Trainer] :: Updated latest checkpoint at epoch 14
2026-05-05 18:37:00,769 [Trainer] :: No validation IoU improvement for 10 epoch(s)
2026-05-05 18:37:00,769 [Trainer] :: Starting epoch 15
2026-05-05 18:41:29,881 [Trainer] :: Completed epoch 15: train_loss=0.160391 train_iou=0.860566 val_loss=0.358939 val_iou=0.546150 lr=0.00009939
2026-05-05 18:41:30,301 [Trainer] :: Updated latest checkpoint at epoch 15
2026-05-05 18:41:30,301 [Trainer] :: No validation IoU improvement for 11 epoch(s)
2026-05-05 18:41:30,301 [Trainer] :: Starting epoch 16
2026-05-05 18:46:08,159 [Trainer] :: Completed epoch 16: train_loss=0.160436 train_iou=0.859287 val_loss=0.301721 val_iou=0.620540 lr=0.00009931
2026-05-05 18:46:08,523 [Trainer] :: Updated latest checkpoint at epoch 16
2026-05-05 18:46:08,882 [Trainer] :: New best checkpoint saved with val_iou=0.620540
2026-05-05 18:46:08,882 [Trainer] :: Starting epoch 17
2026-05-05 18:50:42,365 [Trainer] :: Completed epoch 17: train_loss=0.158197 train_iou=0.860806 val_loss=0.307804 val_iou=0.638335 lr=0.00009922
2026-05-05 18:50:43,045 [Trainer] :: Updated latest checkpoint at epoch 17
2026-05-05 18:50:43,690 [Trainer] :: New best checkpoint saved with val_iou=0.638335
2026-05-05 18:50:43,690 [Trainer] :: Starting epoch 18
2026-05-05 18:55:53,272 [Trainer] :: Completed epoch 18: train_loss=0.145931 train_iou=0.869099 val_loss=0.300773 val_iou=0.615195 lr=0.00009912
2026-05-05 18:55:53,837 [Trainer] :: Updated latest checkpoint at epoch 18
2026-05-05 18:55:53,837 [Trainer] :: No validation IoU improvement for 1 epoch(s)
2026-05-05 18:55:53,837 [Trainer] :: Starting epoch 19
2026-05-05 19:00:24,880 [Trainer] :: Completed epoch 19: train_loss=0.147977 train_iou=0.868097 val_loss=0.343290 val_iou=0.554886 lr=0.00009902
2026-05-05 19:00:25,256 [Trainer] :: Updated latest checkpoint at epoch 19
2026-05-05 19:00:25,256 [Trainer] :: No validation IoU improvement for 2 epoch(s)
2026-05-05 19:00:25,256 [Trainer] :: Starting epoch 20
2026-05-05 19:05:12,258 [Trainer] :: Completed epoch 20: train_loss=0.138973 train_iou=0.876239 val_loss=0.302237 val_iou=0.608517 lr=0.00009892
2026-05-05 19:05:12,718 [Trainer] :: Updated latest checkpoint at epoch 20
2026-05-05 19:05:12,718 [Trainer] :: No validation IoU improvement for 3 epoch(s)
2026-05-05 19:05:12,718 [Trainer] :: Starting epoch 21
2026-05-05 19:09:53,225 [Trainer] :: Completed epoch 21: train_loss=0.138366 train_iou=0.873592 val_loss=0.330577 val_iou=0.582242 lr=0.00009881
2026-05-05 19:09:53,598 [Trainer] :: Updated latest checkpoint at epoch 21
2026-05-05 19:09:53,599 [Trainer] :: No validation IoU improvement for 4 epoch(s)
2026-05-05 19:09:53,599 [Trainer] :: Starting epoch 22
2026-05-05 19:14:31,442 [Trainer] :: Completed epoch 22: train_loss=0.131255 train_iou=0.881053 val_loss=0.313841 val_iou=0.616665 lr=0.00009869
2026-05-05 19:14:31,851 [Trainer] :: Updated latest checkpoint at epoch 22
2026-05-05 19:14:31,851 [Trainer] :: No validation IoU improvement for 5 epoch(s)
2026-05-05 19:14:31,851 [Trainer] :: Starting epoch 23
2026-05-05 19:19:05,610 [Trainer] :: Completed epoch 23: train_loss=0.126826 train_iou=0.882945 val_loss=0.307352 val_iou=0.622614 lr=0.00009857
2026-05-05 19:19:05,961 [Trainer] :: Updated latest checkpoint at epoch 23
2026-05-05 19:19:05,961 [Trainer] :: No validation IoU improvement for 6 epoch(s)
2026-05-05 19:19:05,961 [Trainer] :: Starting epoch 24
2026-05-05 19:23:48,865 [Trainer] :: Completed epoch 24: train_loss=0.126986 train_iou=0.882012 val_loss=0.337636 val_iou=0.568066 lr=0.00009844
2026-05-05 19:23:49,199 [Trainer] :: Updated latest checkpoint at epoch 24
2026-05-05 19:23:49,199 [Trainer] :: No validation IoU improvement for 7 epoch(s)
2026-05-05 19:23:49,199 [Trainer] :: Starting epoch 25
2026-05-05 19:28:29,182 [Trainer] :: Completed epoch 25: train_loss=0.121736 train_iou=0.885430 val_loss=0.343974 val_iou=0.571871 lr=0.00009831
2026-05-05 19:28:29,539 [Trainer] :: Updated latest checkpoint at epoch 25
2026-05-05 19:28:29,539 [Trainer] :: No validation IoU improvement for 8 epoch(s)
2026-05-05 19:28:29,539 [Trainer] :: Starting epoch 26
2026-05-05 19:32:59,733 [Trainer] :: Completed epoch 26: train_loss=0.120803 train_iou=0.887401 val_loss=0.330585 val_iou=0.583399 lr=0.00009818
2026-05-05 19:33:00,364 [Trainer] :: Updated latest checkpoint at epoch 26
2026-05-05 19:33:00,364 [Trainer] :: No validation IoU improvement for 9 epoch(s)
2026-05-05 19:33:00,364 [Trainer] :: Starting epoch 27
2026-05-05 19:37:33,114 [Trainer] :: Completed epoch 27: train_loss=0.118019 train_iou=0.889455 val_loss=0.372364 val_iou=0.548101 lr=0.00009803
2026-05-05 19:37:33,481 [Trainer] :: Updated latest checkpoint at epoch 27
2026-05-05 19:37:33,481 [Trainer] :: No validation IoU improvement for 10 epoch(s)
2026-05-05 19:37:33,481 [Trainer] :: Starting epoch 28
2026-05-05 19:42:08,503 [Trainer] :: Completed epoch 28: train_loss=0.116490 train_iou=0.891533 val_loss=0.333367 val_iou=0.602492 lr=0.00009789
2026-05-05 19:42:09,323 [Trainer] :: Updated latest checkpoint at epoch 28
2026-05-05 19:42:09,324 [Trainer] :: No validation IoU improvement for 11 epoch(s)
2026-05-05 19:42:09,324 [Trainer] :: Starting epoch 29
2026-05-05 19:46:42,430 [Trainer] :: Completed epoch 29: train_loss=0.112451 train_iou=0.896566 val_loss=0.327067 val_iou=0.600016 lr=0.00009773
2026-05-05 19:46:43,238 [Trainer] :: Updated latest checkpoint at epoch 29
2026-05-05 19:46:43,239 [Trainer] :: No validation IoU improvement for 12 epoch(s)
2026-05-05 19:46:43,239 [Trainer] :: Starting epoch 30
2026-05-05 19:51:22,483 [Trainer] :: Completed epoch 30: train_loss=0.109060 train_iou=0.897264 val_loss=0.316806 val_iou=0.614936 lr=0.00009758
2026-05-05 19:51:22,869 [Trainer] :: Updated latest checkpoint at epoch 30
2026-05-05 19:51:22,869 [Trainer] :: No validation IoU improvement for 13 epoch(s)
2026-05-05 19:51:22,869 [Trainer] :: Starting epoch 31
2026-05-05 19:56:09,789 [Trainer] :: Completed epoch 31: train_loss=0.109134 train_iou=0.897909 val_loss=0.325485 val_iou=0.602721 lr=0.00009741
2026-05-05 19:56:10,334 [Trainer] :: Updated latest checkpoint at epoch 31
2026-05-05 19:56:10,335 [Trainer] :: No validation IoU improvement for 14 epoch(s)
2026-05-05 19:56:10,335 [Trainer] :: Starting epoch 32
2026-05-05 20:00:47,462 [Trainer] :: Completed epoch 32: train_loss=0.107122 train_iou=0.898325 val_loss=0.344775 val_iou=0.572537 lr=0.00009725
2026-05-05 20:00:48,076 [Trainer] :: Updated latest checkpoint at epoch 32
2026-05-05 20:00:48,076 [Trainer] :: No validation IoU improvement for 15 epoch(s)
2026-05-05 20:00:48,076 [Trainer] :: Starting epoch 33
2026-05-05 20:05:35,698 [Trainer] :: Completed epoch 33: train_loss=0.104507 train_iou=0.901301 val_loss=0.325645 val_iou=0.596189 lr=0.00009707
2026-05-05 20:05:37,066 [Trainer] :: Updated latest checkpoint at epoch 33
2026-05-05 20:05:37,066 [Trainer] :: No validation IoU improvement for 16 epoch(s)
2026-05-05 20:05:37,066 [Trainer] :: Starting epoch 34
2026-05-05 20:10:19,729 [Trainer] :: Completed epoch 34: train_loss=0.105496 train_iou=0.900598 val_loss=0.329782 val_iou=0.594600 lr=0.00009690
2026-05-05 20:10:20,079 [Trainer] :: Updated latest checkpoint at epoch 34
2026-05-05 20:10:20,079 [Trainer] :: No validation IoU improvement for 17 epoch(s)
2026-05-05 20:10:20,079 [Trainer] :: Starting epoch 35
2026-05-05 20:14:49,612 [Trainer] :: Completed epoch 35: train_loss=0.105154 train_iou=0.900803 val_loss=0.344289 val_iou=0.600688 lr=0.00009671
2026-05-05 20:14:49,949 [Trainer] :: Updated latest checkpoint at epoch 35
2026-05-05 20:14:49,949 [Trainer] :: No validation IoU improvement for 18 epoch(s)
2026-05-05 20:14:49,949 [Trainer] :: Starting epoch 36
2026-05-05 20:19:23,117 [Trainer] :: Completed epoch 36: train_loss=0.100278 train_iou=0.903584 val_loss=0.351925 val_iou=0.584594 lr=0.00009652
2026-05-05 20:19:23,484 [Trainer] :: Updated latest checkpoint at epoch 36
2026-05-05 20:19:23,484 [Trainer] :: No validation IoU improvement for 19 epoch(s)
2026-05-05 20:19:23,484 [Trainer] :: Starting epoch 37
2026-05-05 20:23:50,941 [Trainer] :: Completed epoch 37: train_loss=0.101237 train_iou=0.905700 val_loss=0.350600 val_iou=0.610188 lr=0.00009633
2026-05-05 20:23:51,619 [Trainer] :: Updated latest checkpoint at epoch 37
2026-05-05 20:23:51,619 [Trainer] :: No validation IoU improvement for 20 epoch(s)
2026-05-05 20:23:51,619 [Trainer] :: Starting epoch 38
2026-05-05 20:28:25,779 [Trainer] :: Completed epoch 38: train_loss=0.097298 train_iou=0.907532 val_loss=0.342222 val_iou=0.595284 lr=0.00009613
2026-05-05 20:28:26,114 [Trainer] :: Updated latest checkpoint at epoch 38
2026-05-05 20:28:26,114 [Trainer] :: No validation IoU improvement for 21 epoch(s)
2026-05-05 20:28:26,114 [Trainer] :: Starting epoch 39
2026-05-05 20:32:59,335 [Trainer] :: Completed epoch 39: train_loss=0.094237 train_iou=0.910738 val_loss=0.331664 val_iou=0.605707 lr=0.00009593
2026-05-05 20:32:59,721 [Trainer] :: Updated latest checkpoint at epoch 39
2026-05-05 20:32:59,721 [Trainer] :: No validation IoU improvement for 22 epoch(s)
2026-05-05 20:32:59,721 [Trainer] :: Starting epoch 40
2026-05-05 20:37:22,530 [Trainer] :: Completed epoch 40: train_loss=0.095427 train_iou=0.908529 val_loss=0.320128 val_iou=0.631021 lr=0.00009572
2026-05-05 20:37:23,138 [Trainer] :: Updated latest checkpoint at epoch 40
2026-05-05 20:37:23,139 [Trainer] :: No validation IoU improvement for 23 epoch(s)
2026-05-05 20:37:23,139 [Trainer] :: Starting epoch 41
2026-05-05 20:42:22,878 [Trainer] :: Completed epoch 41: train_loss=0.094949 train_iou=0.909963 val_loss=0.346830 val_iou=0.595402 lr=0.00009551
2026-05-05 20:42:23,218 [Trainer] :: Updated latest checkpoint at epoch 41
2026-05-05 20:42:23,218 [Trainer] :: No validation IoU improvement for 24 epoch(s)
2026-05-05 20:42:23,218 [Trainer] :: Starting epoch 42
2026-05-05 20:47:09,952 [Trainer] :: Completed epoch 42: train_loss=0.093212 train_iou=0.911439 val_loss=0.362964 val_iou=0.571723 lr=0.00009529
2026-05-05 20:47:10,358 [Trainer] :: Updated latest checkpoint at epoch 42
2026-05-05 20:47:10,358 [Trainer] :: No validation IoU improvement for 25 epoch(s)
2026-05-05 20:47:10,358 [Trainer] :: Starting epoch 43
2026-05-05 20:51:50,606 [Trainer] :: Completed epoch 43: train_loss=0.091519 train_iou=0.912965 val_loss=0.331440 val_iou=0.597224 lr=0.00009507
2026-05-05 20:51:50,954 [Trainer] :: Updated latest checkpoint at epoch 43
2026-05-05 20:51:50,954 [Trainer] :: No validation IoU improvement for 26 epoch(s)
2026-05-05 20:51:50,955 [Trainer] :: Starting epoch 44
2026-05-05 20:56:29,727 [Trainer] :: Completed epoch 44: train_loss=0.092011 train_iou=0.910658 val_loss=0.344146 val_iou=0.614998 lr=0.00009484
2026-05-05 20:56:30,331 [Trainer] :: Updated latest checkpoint at epoch 44
2026-05-05 20:56:30,331 [Trainer] :: No validation IoU improvement for 27 epoch(s)
2026-05-05 20:56:30,331 [Trainer] :: Starting epoch 45
2026-05-05 21:01:15,719 [Trainer] :: Completed epoch 45: train_loss=0.089910 train_iou=0.913628 val_loss=0.354327 val_iou=0.585557 lr=0.00009460
2026-05-05 21:01:16,373 [Trainer] :: Updated latest checkpoint at epoch 45
2026-05-05 21:01:16,374 [Trainer] :: No validation IoU improvement for 28 epoch(s)
2026-05-05 21:01:16,374 [Trainer] :: Starting epoch 46
2026-05-05 21:05:52,848 [Trainer] :: Completed epoch 46: train_loss=0.088145 train_iou=0.916592 val_loss=0.321143 val_iou=0.637908 lr=0.00009437
2026-05-05 21:05:53,205 [Trainer] :: Updated latest checkpoint at epoch 46
2026-05-05 21:05:53,205 [Trainer] :: No validation IoU improvement for 29 epoch(s)
2026-05-05 21:05:53,205 [Trainer] :: Starting epoch 47
2026-05-05 21:10:49,818 [Trainer] :: Completed epoch 47: train_loss=0.087815 train_iou=0.916390 val_loss=0.340014 val_iou=0.605720 lr=0.00009412
2026-05-05 21:10:50,181 [Trainer] :: Updated latest checkpoint at epoch 47
2026-05-05 21:10:50,181 [Trainer] :: No validation IoU improvement for 30 epoch(s)
2026-05-05 21:10:50,181 [Trainer] :: Starting epoch 48
2026-05-05 21:15:32,766 [Trainer] :: Completed epoch 48: train_loss=0.085769 train_iou=0.918528 val_loss=0.358273 val_iou=0.610682 lr=0.00009388
2026-05-05 21:15:33,120 [Trainer] :: Updated latest checkpoint at epoch 48
2026-05-05 21:15:33,145 [Trainer] :: No validation IoU improvement for 31 epoch(s)
2026-05-05 21:15:33,145 [Trainer] :: Starting epoch 49
2026-05-05 21:20:09,143 [Trainer] :: Completed epoch 49: train_loss=0.082954 train_iou=0.920442 val_loss=0.336756 val_iou=0.617155 lr=0.00009363
2026-05-05 21:20:10,073 [Trainer] :: Updated latest checkpoint at epoch 49
2026-05-05 21:20:10,073 [Trainer] :: No validation IoU improvement for 32 epoch(s)
2026-05-05 21:20:10,073 [Trainer] :: Starting epoch 50
2026-05-05 21:24:47,122 [Trainer] :: Completed epoch 50: train_loss=0.083581 train_iou=0.920854 val_loss=0.348159 val_iou=0.592971 lr=0.00009337
2026-05-05 21:24:47,476 [Trainer] :: Updated latest checkpoint at epoch 50
2026-05-05 21:24:47,476 [Trainer] :: No validation IoU improvement for 33 epoch(s)
2026-05-05 21:24:47,476 [Trainer] :: Starting epoch 51
2026-05-05 21:28:52,436 [Trainer] :: Completed epoch 51: train_loss=0.084997 train_iou=0.919053 val_loss=0.363295 val_iou=0.599226 lr=0.00009311
2026-05-05 21:28:53,089 [Trainer] :: Updated latest checkpoint at epoch 51
2026-05-05 21:28:53,089 [Trainer] :: No validation IoU improvement for 34 epoch(s)
2026-05-05 21:28:53,089 [Trainer] :: Starting epoch 52
2026-05-05 21:33:36,243 [Trainer] :: Completed epoch 52: train_loss=0.081241 train_iou=0.921946 val_loss=0.382170 val_iou=0.575193 lr=0.00009284
2026-05-05 21:33:36,597 [Trainer] :: Updated latest checkpoint at epoch 52
2026-05-05 21:33:36,597 [Trainer] :: No validation IoU improvement for 35 epoch(s)
2026-05-05 21:33:36,597 [Trainer] :: Starting epoch 53
2026-05-05 21:38:17,148 [Trainer] :: Completed epoch 53: train_loss=0.082981 train_iou=0.920339 val_loss=0.352046 val_iou=0.598672 lr=0.00009257
2026-05-05 21:38:17,716 [Trainer] :: Updated latest checkpoint at epoch 53
2026-05-05 21:38:17,716 [Trainer] :: No validation IoU improvement for 36 epoch(s)
2026-05-05 21:38:17,716 [Trainer] :: Starting epoch 54
2026-05-05 21:43:01,231 [Trainer] :: Completed epoch 54: train_loss=0.086667 train_iou=0.916006 val_loss=0.367066 val_iou=0.594532 lr=0.00009229
2026-05-05 21:43:01,590 [Trainer] :: Updated latest checkpoint at epoch 54
2026-05-05 21:43:01,590 [Trainer] :: No validation IoU improvement for 37 epoch(s)
2026-05-05 21:43:01,590 [Trainer] :: Starting epoch 55
2026-05-05 21:47:50,781 [Trainer] :: Completed epoch 55: train_loss=0.084118 train_iou=0.919031 val_loss=0.387268 val_iou=0.604753 lr=0.00009201
2026-05-05 21:47:52,022 [Trainer] :: Updated latest checkpoint at epoch 55
2026-05-05 21:47:52,022 [Trainer] :: No validation IoU improvement for 38 epoch(s)
2026-05-05 21:47:52,022 [Trainer] :: Starting epoch 56
2026-05-05 21:52:44,242 [Trainer] :: Completed epoch 56: train_loss=0.080589 train_iou=0.922092 val_loss=0.357447 val_iou=0.595838 lr=0.00009173
2026-05-05 21:52:44,586 [Trainer] :: Updated latest checkpoint at epoch 56
2026-05-05 21:52:44,586 [Trainer] :: No validation IoU improvement for 39 epoch(s)
2026-05-05 21:52:44,587 [Trainer] :: Starting epoch 57
2026-05-05 21:57:15,199 [Trainer] :: Completed epoch 57: train_loss=0.079223 train_iou=0.923926 val_loss=0.343995 val_iou=0.602175 lr=0.00009144
2026-05-05 21:57:15,569 [Trainer] :: Updated latest checkpoint at epoch 57
2026-05-05 21:57:15,569 [Trainer] :: No validation IoU improvement for 40 epoch(s)
2026-05-05 21:57:15,569 [Trainer] :: Starting epoch 58
2026-05-05 22:01:38,049 [Trainer] :: Completed epoch 58: train_loss=0.079771 train_iou=0.924709 val_loss=0.385459 val_iou=0.593521 lr=0.00009115
2026-05-05 22:01:38,465 [Trainer] :: Updated latest checkpoint at epoch 58
2026-05-05 22:01:38,466 [Trainer] :: No validation IoU improvement for 41 epoch(s)
2026-05-05 22:01:38,466 [Trainer] :: Starting epoch 59
2026-05-05 22:06:02,538 [Trainer] :: Completed epoch 59: train_loss=0.078862 train_iou=0.924797 val_loss=0.346007 val_iou=0.612581 lr=0.00009085
2026-05-05 22:06:02,980 [Trainer] :: Updated latest checkpoint at epoch 59
2026-05-05 22:06:02,981 [Trainer] :: No validation IoU improvement for 42 epoch(s)
2026-05-05 22:06:02,981 [Trainer] :: Starting epoch 60
2026-05-05 22:11:03,308 [Trainer] :: Completed epoch 60: train_loss=0.076367 train_iou=0.927550 val_loss=0.353944 val_iou=0.601391 lr=0.00009055
2026-05-05 22:11:03,646 [Trainer] :: Updated latest checkpoint at epoch 60
2026-05-05 22:11:03,646 [Trainer] :: No validation IoU improvement for 43 epoch(s)
2026-05-05 22:11:03,646 [Trainer] :: Starting epoch 61
2026-05-05 22:15:45,823 [Trainer] :: Completed epoch 61: train_loss=0.075277 train_iou=0.927132 val_loss=0.371301 val_iou=0.603360 lr=0.00009024
2026-05-05 22:15:46,185 [Trainer] :: Updated latest checkpoint at epoch 61
2026-05-05 22:15:46,185 [Trainer] :: No validation IoU improvement for 44 epoch(s)
2026-05-05 22:15:46,185 [Trainer] :: Starting epoch 62
2026-05-05 22:20:17,743 [Trainer] :: Completed epoch 62: train_loss=0.076519 train_iou=0.927371 val_loss=0.371010 val_iou=0.615321 lr=0.00008993
2026-05-05 22:20:20,682 [Trainer] :: Updated latest checkpoint at epoch 62
2026-05-05 22:20:20,682 [Trainer] :: No validation IoU improvement for 45 epoch(s)
2026-05-05 22:20:20,682 [Trainer] :: Starting epoch 63
2026-05-05 22:25:00,568 [Trainer] :: Completed epoch 63: train_loss=0.076280 train_iou=0.927191 val_loss=0.417090 val_iou=0.592033 lr=0.00008961
2026-05-05 22:25:01,081 [Trainer] :: Updated latest checkpoint at epoch 63
2026-05-05 22:25:01,081 [Trainer] :: No validation IoU improvement for 46 epoch(s)
2026-05-05 22:25:01,081 [Trainer] :: Starting epoch 64
2026-05-05 22:29:06,470 [Trainer] :: Completed epoch 64: train_loss=0.076136 train_iou=0.928724 val_loss=0.368801 val_iou=0.606073 lr=0.00008929
2026-05-05 22:29:06,889 [Trainer] :: Updated latest checkpoint at epoch 64
2026-05-05 22:29:06,889 [Trainer] :: No validation IoU improvement for 47 epoch(s)
2026-05-05 22:29:06,889 [Trainer] :: Starting epoch 65
2026-05-05 22:33:48,868 [Trainer] :: Completed epoch 65: train_loss=0.075253 train_iou=0.928555 val_loss=0.392479 val_iou=0.584701 lr=0.00008897
2026-05-05 22:33:49,290 [Trainer] :: Updated latest checkpoint at epoch 65
2026-05-05 22:33:49,290 [Trainer] :: No validation IoU improvement for 48 epoch(s)
2026-05-05 22:33:49,290 [Trainer] :: Starting epoch 66
2026-05-05 22:39:03,963 [Trainer] :: Completed epoch 66: train_loss=0.074566 train_iou=0.928869 val_loss=0.356605 val_iou=0.607056 lr=0.00008864
2026-05-05 22:39:04,361 [Trainer] :: Updated latest checkpoint at epoch 66
2026-05-05 22:39:04,361 [Trainer] :: No validation IoU improvement for 49 epoch(s)
2026-05-05 22:39:04,361 [Trainer] :: Starting epoch 67
2026-05-05 22:43:50,972 [Trainer] :: Completed epoch 67: train_loss=0.073711 train_iou=0.929788 val_loss=0.383209 val_iou=0.582795 lr=0.00008831
2026-05-05 22:43:51,323 [Trainer] :: Updated latest checkpoint at epoch 67
2026-05-05 22:43:51,323 [Trainer] :: No validation IoU improvement for 50 epoch(s)
2026-05-05 22:43:51,323 [Trainer] :: Starting epoch 68
2026-05-05 22:48:17,742 [Trainer] :: Completed epoch 68: train_loss=0.073400 train_iou=0.929285 val_loss=0.447538 val_iou=0.550254 lr=0.00008797
2026-05-05 22:48:18,410 [Trainer] :: Updated latest checkpoint at epoch 68
2026-05-05 22:48:18,410 [Trainer] :: No validation IoU improvement for 51 epoch(s)
2026-05-05 22:48:18,410 [Trainer] :: Starting epoch 69
2026-05-05 22:52:54,494 [Trainer] :: Completed epoch 69: train_loss=0.075401 train_iou=0.929731 val_loss=0.392411 val_iou=0.582644 lr=0.00008763
2026-05-05 22:52:54,921 [Trainer] :: Updated latest checkpoint at epoch 69
2026-05-05 22:52:54,921 [Trainer] :: No validation IoU improvement for 52 epoch(s)
2026-05-05 22:52:54,921 [Trainer] :: Starting epoch 70
2026-05-05 22:57:02,622 [Trainer] :: Completed epoch 70: train_loss=0.072354 train_iou=0.931124 val_loss=0.337290 val_iou=0.630459 lr=0.00008729
2026-05-05 22:57:03,857 [Trainer] :: Updated latest checkpoint at epoch 70
2026-05-05 22:57:03,858 [Trainer] :: No validation IoU improvement for 53 epoch(s)
2026-05-05 22:57:03,858 [Trainer] :: Starting epoch 71
2026-05-05 23:01:41,721 [Trainer] :: Completed epoch 71: train_loss=0.072346 train_iou=0.931301 val_loss=0.423381 val_iou=0.566487 lr=0.00008694
2026-05-05 23:01:42,177 [Trainer] :: Updated latest checkpoint at epoch 71
2026-05-05 23:01:42,178 [Trainer] :: No validation IoU improvement for 54 epoch(s)
2026-05-05 23:01:42,178 [Trainer] :: Starting epoch 72
2026-05-05 23:06:06,833 [Trainer] :: Completed epoch 72: train_loss=0.073791 train_iou=0.931616 val_loss=0.378304 val_iou=0.585530 lr=0.00008658
2026-05-05 23:06:07,223 [Trainer] :: Updated latest checkpoint at epoch 72
2026-05-05 23:06:07,223 [Trainer] :: No validation IoU improvement for 55 epoch(s)
2026-05-05 23:06:07,223 [Trainer] :: Starting epoch 73
2026-05-05 23:11:00,582 [Trainer] :: Completed epoch 73: train_loss=0.069918 train_iou=0.932718 val_loss=0.381462 val_iou=0.613017 lr=0.00008623
2026-05-05 23:11:00,929 [Trainer] :: Updated latest checkpoint at epoch 73
2026-05-05 23:11:00,929 [Trainer] :: No validation IoU improvement for 56 epoch(s)
2026-05-05 23:11:00,929 [Trainer] :: Starting epoch 74
2026-05-05 23:15:54,541 [Trainer] :: Completed epoch 74: train_loss=0.071449 train_iou=0.933784 val_loss=0.377251 val_iou=0.599218 lr=0.00008587
2026-05-05 23:15:54,891 [Trainer] :: Updated latest checkpoint at epoch 74
2026-05-05 23:15:54,892 [Trainer] :: No validation IoU improvement for 57 epoch(s)
2026-05-05 23:15:54,892 [Trainer] :: Starting epoch 75
2026-05-05 23:20:27,785 [Trainer] :: Completed epoch 75: train_loss=0.072028 train_iou=0.930799 val_loss=0.360583 val_iou=0.605532 lr=0.00008550
2026-05-05 23:20:28,430 [Trainer] :: Updated latest checkpoint at epoch 75
2026-05-05 23:20:28,430 [Trainer] :: No validation IoU improvement for 58 epoch(s)
2026-05-05 23:20:28,430 [Trainer] :: Starting epoch 76
2026-05-05 23:25:22,224 [Trainer] :: Completed epoch 76: train_loss=0.071303 train_iou=0.931762 val_loss=0.362505 val_iou=0.604524 lr=0.00008513
2026-05-05 23:25:22,615 [Trainer] :: Updated latest checkpoint at epoch 76
2026-05-05 23:25:22,615 [Trainer] :: No validation IoU improvement for 59 epoch(s)
2026-05-05 23:25:22,615 [Trainer] :: Starting epoch 77
2026-05-05 23:29:40,327 [Trainer] :: Completed epoch 77: train_loss=0.071086 train_iou=0.932277 val_loss=0.392313 val_iou=0.591541 lr=0.00008476
2026-05-05 23:29:40,706 [Trainer] :: Updated latest checkpoint at epoch 77
2026-05-05 23:29:40,706 [Trainer] :: No validation IoU improvement for 60 epoch(s)
2026-05-05 23:29:40,706 [Trainer] :: Early stopping triggered after 60 epoch(s) without improvement
2026-05-05 23:34:00,212 [Trainer] :: Wrote training history to outputs/runs/rgb_deeplabv3plus_resnet50_fuzzy_halo_seed51_20260505T152719Z/metrics/history.json
2026-05-05 23:34:00,245 [Trainer] :: Wrote test summary to outputs/runs/rgb_deeplabv3plus_resnet50_fuzzy_halo_seed51_20260505T152719Z/metrics/test_summary.json
2026-05-05 23:34:00,245 [Trainer] :: Training completed
